[2025-12-11T04:42:39.382+0000] {local_task_job_runner.py:120} INFO - ::group::Pre task execution logs
[2025-12-11T04:42:39.498+0000] {taskinstance.py:2076} INFO - Dependencies all met for dep_context=non-requeueable deps ti=<TaskInstance: ETL_toll_data.extract_data_from_csv manual__2025-12-11T04:42:30+00:00 [queued]>
[2025-12-11T04:42:39.557+0000] {taskinstance.py:2076} INFO - Dependencies all met for dep_context=requeueable deps ti=<TaskInstance: ETL_toll_data.extract_data_from_csv manual__2025-12-11T04:42:30+00:00 [queued]>
[2025-12-11T04:42:39.558+0000] {taskinstance.py:2306} INFO - Starting attempt 1 of 2
[2025-12-11T04:42:39.597+0000] {taskinstance.py:2330} INFO - Executing <Task(BashOperator): extract_data_from_csv> on 2025-12-11 04:42:30+00:00
[2025-12-11T04:42:39.625+0000] {standard_task_runner.py:63} INFO - Started process 875 to run task
[2025-12-11T04:42:39.637+0000] {standard_task_runner.py:90} INFO - Running: ['***', 'tasks', 'run', 'ETL_toll_data', 'extract_data_from_csv', 'manual__2025-12-11T04:42:30+00:00', '--job-id', '3', '--raw', '--subdir', 'DAGS_FOLDER/ETL_toll_data.py', '--cfg-path', '/tmp/tmp8bmmxj50']
[2025-12-11T04:42:39.641+0000] {standard_task_runner.py:91} INFO - Job 3: Subtask extract_data_from_csv
[2025-12-11T04:42:39.681+0000] {warnings.py:109} WARNING - /home/***/.local/lib/python3.9/site-packages/***/settings.py:195: DeprecationWarning: The sql_alchemy_conn option in [core] has been moved to the sql_alchemy_conn option in [database] - the old setting has been used, but please update your config.
  SQL_ALCHEMY_CONN = conf.get("database", "SQL_ALCHEMY_CONN")

[2025-12-11T04:42:39.788+0000] {task_command.py:426} INFO - Running <TaskInstance: ETL_toll_data.extract_data_from_csv manual__2025-12-11T04:42:30+00:00 [running]> on host 28ba122408b4
[2025-12-11T04:42:39.958+0000] {taskinstance.py:2648} INFO - Exporting env vars: AIRFLOW_CTX_DAG_EMAIL='hire.willie.conway@gmail.com' AIRFLOW_CTX_DAG_OWNER='willie conway' AIRFLOW_CTX_DAG_ID='ETL_toll_data' AIRFLOW_CTX_TASK_ID='extract_data_from_csv' AIRFLOW_CTX_EXECUTION_DATE='2025-12-11T04:42:30+00:00' AIRFLOW_CTX_TRY_NUMBER='1' AIRFLOW_CTX_DAG_RUN_ID='manual__2025-12-11T04:42:30+00:00'
[2025-12-11T04:42:39.961+0000] {taskinstance.py:430} INFO - ::endgroup::
[2025-12-11T04:42:39.963+0000] {subprocess.py:63} INFO - Tmp dir root location: /tmp
[2025-12-11T04:42:39.966+0000] {subprocess.py:75} INFO - Running command: ['/usr/bin/bash', '-c', '\n    cd /home/project/***/dags/finalassignment &&\n    cut -d"," -f1,2,3,4 vehicle-data.csv > csv_data.csv\n    ']
[2025-12-11T04:42:39.997+0000] {subprocess.py:86} INFO - Output:
[2025-12-11T04:42:40.009+0000] {subprocess.py:97} INFO - Command exited with return code 0
[2025-12-11T04:42:40.010+0000] {taskinstance.py:441} INFO - ::group::Post task execution logs
[2025-12-11T04:42:40.061+0000] {taskinstance.py:1206} INFO - Marking task as SUCCESS. dag_id=ETL_toll_data, task_id=extract_data_from_csv, run_id=manual__2025-12-11T04:42:30+00:00, execution_date=20251211T044230, start_date=20251211T044239, end_date=20251211T044240
[2025-12-11T04:42:40.134+0000] {local_task_job_runner.py:240} INFO - Task exited with return code 0
[2025-12-11T04:42:40.183+0000] {taskinstance.py:3498} INFO - 1 downstream tasks scheduled from follow-on schedule check
[2025-12-11T04:42:40.186+0000] {local_task_job_runner.py:222} INFO - ::endgroup::
