[2025-12-11T04:42:46.428+0000] {local_task_job_runner.py:120} INFO - ::group::Pre task execution logs
[2025-12-11T04:42:46.467+0000] {taskinstance.py:2076} INFO - Dependencies all met for dep_context=non-requeueable deps ti=<TaskInstance: ETL_toll_data.extract_data_from_fixed_width manual__2025-12-11T04:42:30+00:00 [queued]>
[2025-12-11T04:42:46.483+0000] {taskinstance.py:2076} INFO - Dependencies all met for dep_context=requeueable deps ti=<TaskInstance: ETL_toll_data.extract_data_from_fixed_width manual__2025-12-11T04:42:30+00:00 [queued]>
[2025-12-11T04:42:46.483+0000] {taskinstance.py:2306} INFO - Starting attempt 1 of 2
[2025-12-11T04:42:46.499+0000] {taskinstance.py:2330} INFO - Executing <Task(BashOperator): extract_data_from_fixed_width> on 2025-12-11 04:42:30+00:00
[2025-12-11T04:42:46.514+0000] {standard_task_runner.py:63} INFO - Started process 885 to run task
[2025-12-11T04:42:46.521+0000] {standard_task_runner.py:90} INFO - Running: ['***', 'tasks', 'run', 'ETL_toll_data', 'extract_data_from_fixed_width', 'manual__2025-12-11T04:42:30+00:00', '--job-id', '5', '--raw', '--subdir', 'DAGS_FOLDER/ETL_toll_data.py', '--cfg-path', '/tmp/tmp7z_w211t']
[2025-12-11T04:42:46.526+0000] {standard_task_runner.py:91} INFO - Job 5: Subtask extract_data_from_fixed_width
[2025-12-11T04:42:46.549+0000] {warnings.py:109} WARNING - /home/***/.local/lib/python3.9/site-packages/***/settings.py:195: DeprecationWarning: The sql_alchemy_conn option in [core] has been moved to the sql_alchemy_conn option in [database] - the old setting has been used, but please update your config.
  SQL_ALCHEMY_CONN = conf.get("database", "SQL_ALCHEMY_CONN")

[2025-12-11T04:42:46.613+0000] {task_command.py:426} INFO - Running <TaskInstance: ETL_toll_data.extract_data_from_fixed_width manual__2025-12-11T04:42:30+00:00 [running]> on host 28ba122408b4
[2025-12-11T04:42:46.753+0000] {taskinstance.py:2648} INFO - Exporting env vars: AIRFLOW_CTX_DAG_EMAIL='hire.willie.conway@gmail.com' AIRFLOW_CTX_DAG_OWNER='willie conway' AIRFLOW_CTX_DAG_ID='ETL_toll_data' AIRFLOW_CTX_TASK_ID='extract_data_from_fixed_width' AIRFLOW_CTX_EXECUTION_DATE='2025-12-11T04:42:30+00:00' AIRFLOW_CTX_TRY_NUMBER='1' AIRFLOW_CTX_DAG_RUN_ID='manual__2025-12-11T04:42:30+00:00'
[2025-12-11T04:42:46.756+0000] {taskinstance.py:430} INFO - ::endgroup::
[2025-12-11T04:42:46.757+0000] {subprocess.py:63} INFO - Tmp dir root location: /tmp
[2025-12-11T04:42:46.758+0000] {subprocess.py:75} INFO - Running command: ['/usr/bin/bash', '-c', "\n    cd /home/project/***/dags/finalassignment &&\n    awk '{print substr($0,1,6), substr($0,7,10)}' payment-data.txt > fixed_width_data.csv\n    "]
[2025-12-11T04:42:46.787+0000] {subprocess.py:86} INFO - Output:
[2025-12-11T04:42:46.800+0000] {subprocess.py:97} INFO - Command exited with return code 0
[2025-12-11T04:42:46.801+0000] {taskinstance.py:441} INFO - ::group::Post task execution logs
[2025-12-11T04:42:46.854+0000] {taskinstance.py:1206} INFO - Marking task as SUCCESS. dag_id=ETL_toll_data, task_id=extract_data_from_fixed_width, run_id=manual__2025-12-11T04:42:30+00:00, execution_date=20251211T044230, start_date=20251211T044246, end_date=20251211T044246
[2025-12-11T04:42:46.933+0000] {local_task_job_runner.py:240} INFO - Task exited with return code 0
[2025-12-11T04:42:47.038+0000] {taskinstance.py:3498} INFO - 0 downstream tasks scheduled from follow-on schedule check
[2025-12-11T04:42:47.050+0000] {local_task_job_runner.py:222} INFO - ::endgroup::
