[2025-12-11T04:19:12.638+0000] {processor.py:161} INFO - Started process (PID=152) to work on /home/airflow/.local/lib/python3.9/site-packages/airflow/example_dags/subdags/subdag.py
[2025-12-11T04:19:12.786+0000] {processor.py:830} INFO - Processing file /home/airflow/.local/lib/python3.9/site-packages/airflow/example_dags/subdags/subdag.py for tasks to queue
[2025-12-11T04:19:12.790+0000] {logging_mixin.py:188} INFO - [2025-12-11T04:19:12.790+0000] {dagbag.py:545} INFO - Filling up the DagBag from /home/airflow/.local/lib/python3.9/site-packages/airflow/example_dags/subdags/subdag.py
[2025-12-11T04:19:12.802+0000] {processor.py:842} WARNING - No viable dags retrieved from /home/airflow/.local/lib/python3.9/site-packages/airflow/example_dags/subdags/subdag.py
[2025-12-11T04:19:12.860+0000] {processor.py:183} INFO - Processing /home/airflow/.local/lib/python3.9/site-packages/airflow/example_dags/subdags/subdag.py took 0.242 seconds
[2025-12-11T04:19:43.063+0000] {processor.py:161} INFO - Started process (PID=216) to work on /home/airflow/.local/lib/python3.9/site-packages/airflow/example_dags/subdags/subdag.py
[2025-12-11T04:19:43.159+0000] {processor.py:830} INFO - Processing file /home/airflow/.local/lib/python3.9/site-packages/airflow/example_dags/subdags/subdag.py for tasks to queue
[2025-12-11T04:19:43.181+0000] {logging_mixin.py:188} INFO - [2025-12-11T04:19:43.181+0000] {dagbag.py:545} INFO - Filling up the DagBag from /home/airflow/.local/lib/python3.9/site-packages/airflow/example_dags/subdags/subdag.py
[2025-12-11T04:19:43.220+0000] {processor.py:842} WARNING - No viable dags retrieved from /home/airflow/.local/lib/python3.9/site-packages/airflow/example_dags/subdags/subdag.py
[2025-12-11T04:19:43.302+0000] {processor.py:183} INFO - Processing /home/airflow/.local/lib/python3.9/site-packages/airflow/example_dags/subdags/subdag.py took 0.280 seconds
[2025-12-11T04:20:13.628+0000] {processor.py:161} INFO - Started process (PID=275) to work on /home/airflow/.local/lib/python3.9/site-packages/airflow/example_dags/subdags/subdag.py
[2025-12-11T04:20:13.629+0000] {processor.py:830} INFO - Processing file /home/airflow/.local/lib/python3.9/site-packages/airflow/example_dags/subdags/subdag.py for tasks to queue
[2025-12-11T04:20:13.631+0000] {logging_mixin.py:188} INFO - [2025-12-11T04:20:13.631+0000] {dagbag.py:545} INFO - Filling up the DagBag from /home/airflow/.local/lib/python3.9/site-packages/airflow/example_dags/subdags/subdag.py
[2025-12-11T04:20:13.635+0000] {processor.py:842} WARNING - No viable dags retrieved from /home/airflow/.local/lib/python3.9/site-packages/airflow/example_dags/subdags/subdag.py
[2025-12-11T04:20:13.677+0000] {processor.py:183} INFO - Processing /home/airflow/.local/lib/python3.9/site-packages/airflow/example_dags/subdags/subdag.py took 0.050 seconds
[2025-12-11T04:20:43.945+0000] {processor.py:161} INFO - Started process (PID=341) to work on /home/airflow/.local/lib/python3.9/site-packages/airflow/example_dags/subdags/subdag.py
[2025-12-11T04:20:43.946+0000] {processor.py:830} INFO - Processing file /home/airflow/.local/lib/python3.9/site-packages/airflow/example_dags/subdags/subdag.py for tasks to queue
[2025-12-11T04:20:43.949+0000] {logging_mixin.py:188} INFO - [2025-12-11T04:20:43.949+0000] {dagbag.py:545} INFO - Filling up the DagBag from /home/airflow/.local/lib/python3.9/site-packages/airflow/example_dags/subdags/subdag.py
[2025-12-11T04:20:43.953+0000] {processor.py:842} WARNING - No viable dags retrieved from /home/airflow/.local/lib/python3.9/site-packages/airflow/example_dags/subdags/subdag.py
[2025-12-11T04:20:43.982+0000] {processor.py:183} INFO - Processing /home/airflow/.local/lib/python3.9/site-packages/airflow/example_dags/subdags/subdag.py took 0.047 seconds
[2025-12-11T04:21:14.830+0000] {processor.py:161} INFO - Started process (PID=407) to work on /home/airflow/.local/lib/python3.9/site-packages/airflow/example_dags/subdags/subdag.py
[2025-12-11T04:21:14.832+0000] {processor.py:830} INFO - Processing file /home/airflow/.local/lib/python3.9/site-packages/airflow/example_dags/subdags/subdag.py for tasks to queue
[2025-12-11T04:21:14.835+0000] {logging_mixin.py:188} INFO - [2025-12-11T04:21:14.835+0000] {dagbag.py:545} INFO - Filling up the DagBag from /home/airflow/.local/lib/python3.9/site-packages/airflow/example_dags/subdags/subdag.py
[2025-12-11T04:21:14.839+0000] {processor.py:842} WARNING - No viable dags retrieved from /home/airflow/.local/lib/python3.9/site-packages/airflow/example_dags/subdags/subdag.py
[2025-12-11T04:21:14.866+0000] {processor.py:183} INFO - Processing /home/airflow/.local/lib/python3.9/site-packages/airflow/example_dags/subdags/subdag.py took 0.046 seconds
[2025-12-11T04:21:45.545+0000] {processor.py:161} INFO - Started process (PID=472) to work on /home/airflow/.local/lib/python3.9/site-packages/airflow/example_dags/subdags/subdag.py
[2025-12-11T04:21:45.547+0000] {processor.py:830} INFO - Processing file /home/airflow/.local/lib/python3.9/site-packages/airflow/example_dags/subdags/subdag.py for tasks to queue
[2025-12-11T04:21:45.550+0000] {logging_mixin.py:188} INFO - [2025-12-11T04:21:45.550+0000] {dagbag.py:545} INFO - Filling up the DagBag from /home/airflow/.local/lib/python3.9/site-packages/airflow/example_dags/subdags/subdag.py
[2025-12-11T04:21:45.559+0000] {processor.py:842} WARNING - No viable dags retrieved from /home/airflow/.local/lib/python3.9/site-packages/airflow/example_dags/subdags/subdag.py
[2025-12-11T04:21:45.590+0000] {processor.py:183} INFO - Processing /home/airflow/.local/lib/python3.9/site-packages/airflow/example_dags/subdags/subdag.py took 0.061 seconds
[2025-12-11T04:22:16.043+0000] {processor.py:161} INFO - Started process (PID=538) to work on /home/airflow/.local/lib/python3.9/site-packages/airflow/example_dags/subdags/subdag.py
[2025-12-11T04:22:16.044+0000] {processor.py:830} INFO - Processing file /home/airflow/.local/lib/python3.9/site-packages/airflow/example_dags/subdags/subdag.py for tasks to queue
[2025-12-11T04:22:16.047+0000] {logging_mixin.py:188} INFO - [2025-12-11T04:22:16.047+0000] {dagbag.py:545} INFO - Filling up the DagBag from /home/airflow/.local/lib/python3.9/site-packages/airflow/example_dags/subdags/subdag.py
[2025-12-11T04:22:16.061+0000] {processor.py:842} WARNING - No viable dags retrieved from /home/airflow/.local/lib/python3.9/site-packages/airflow/example_dags/subdags/subdag.py
[2025-12-11T04:22:16.099+0000] {processor.py:183} INFO - Processing /home/airflow/.local/lib/python3.9/site-packages/airflow/example_dags/subdags/subdag.py took 0.073 seconds
[2025-12-11T04:22:46.844+0000] {processor.py:161} INFO - Started process (PID=604) to work on /home/airflow/.local/lib/python3.9/site-packages/airflow/example_dags/subdags/subdag.py
[2025-12-11T04:22:46.846+0000] {processor.py:830} INFO - Processing file /home/airflow/.local/lib/python3.9/site-packages/airflow/example_dags/subdags/subdag.py for tasks to queue
[2025-12-11T04:22:46.848+0000] {logging_mixin.py:188} INFO - [2025-12-11T04:22:46.848+0000] {dagbag.py:545} INFO - Filling up the DagBag from /home/airflow/.local/lib/python3.9/site-packages/airflow/example_dags/subdags/subdag.py
[2025-12-11T04:22:46.858+0000] {processor.py:842} WARNING - No viable dags retrieved from /home/airflow/.local/lib/python3.9/site-packages/airflow/example_dags/subdags/subdag.py
[2025-12-11T04:22:46.926+0000] {processor.py:183} INFO - Processing /home/airflow/.local/lib/python3.9/site-packages/airflow/example_dags/subdags/subdag.py took 0.102 seconds
[2025-12-11T04:23:18.597+0000] {processor.py:161} INFO - Started process (PID=672) to work on /home/airflow/.local/lib/python3.9/site-packages/airflow/example_dags/subdags/subdag.py
[2025-12-11T04:23:18.603+0000] {processor.py:830} INFO - Processing file /home/airflow/.local/lib/python3.9/site-packages/airflow/example_dags/subdags/subdag.py for tasks to queue
[2025-12-11T04:23:18.606+0000] {logging_mixin.py:188} INFO - [2025-12-11T04:23:18.605+0000] {dagbag.py:545} INFO - Filling up the DagBag from /home/airflow/.local/lib/python3.9/site-packages/airflow/example_dags/subdags/subdag.py
[2025-12-11T04:23:18.619+0000] {processor.py:842} WARNING - No viable dags retrieved from /home/airflow/.local/lib/python3.9/site-packages/airflow/example_dags/subdags/subdag.py
[2025-12-11T04:23:18.680+0000] {processor.py:183} INFO - Processing /home/airflow/.local/lib/python3.9/site-packages/airflow/example_dags/subdags/subdag.py took 0.102 seconds
[2025-12-11T04:23:49.371+0000] {processor.py:161} INFO - Started process (PID=738) to work on /home/airflow/.local/lib/python3.9/site-packages/airflow/example_dags/subdags/subdag.py
[2025-12-11T04:23:49.380+0000] {processor.py:830} INFO - Processing file /home/airflow/.local/lib/python3.9/site-packages/airflow/example_dags/subdags/subdag.py for tasks to queue
[2025-12-11T04:23:49.383+0000] {logging_mixin.py:188} INFO - [2025-12-11T04:23:49.382+0000] {dagbag.py:545} INFO - Filling up the DagBag from /home/airflow/.local/lib/python3.9/site-packages/airflow/example_dags/subdags/subdag.py
[2025-12-11T04:23:49.386+0000] {processor.py:842} WARNING - No viable dags retrieved from /home/airflow/.local/lib/python3.9/site-packages/airflow/example_dags/subdags/subdag.py
[2025-12-11T04:23:49.410+0000] {processor.py:183} INFO - Processing /home/airflow/.local/lib/python3.9/site-packages/airflow/example_dags/subdags/subdag.py took 0.051 seconds
[2025-12-11T04:24:19.961+0000] {processor.py:161} INFO - Started process (PID=811) to work on /home/airflow/.local/lib/python3.9/site-packages/airflow/example_dags/subdags/subdag.py
[2025-12-11T04:24:20.069+0000] {processor.py:830} INFO - Processing file /home/airflow/.local/lib/python3.9/site-packages/airflow/example_dags/subdags/subdag.py for tasks to queue
[2025-12-11T04:24:20.072+0000] {logging_mixin.py:188} INFO - [2025-12-11T04:24:20.072+0000] {dagbag.py:545} INFO - Filling up the DagBag from /home/airflow/.local/lib/python3.9/site-packages/airflow/example_dags/subdags/subdag.py
[2025-12-11T04:24:20.077+0000] {processor.py:842} WARNING - No viable dags retrieved from /home/airflow/.local/lib/python3.9/site-packages/airflow/example_dags/subdags/subdag.py
[2025-12-11T04:24:20.107+0000] {processor.py:183} INFO - Processing /home/airflow/.local/lib/python3.9/site-packages/airflow/example_dags/subdags/subdag.py took 0.164 seconds
[2025-12-11T04:24:53.103+0000] {processor.py:161} INFO - Started process (PID=879) to work on /home/airflow/.local/lib/python3.9/site-packages/airflow/example_dags/subdags/subdag.py
[2025-12-11T04:24:53.166+0000] {processor.py:830} INFO - Processing file /home/airflow/.local/lib/python3.9/site-packages/airflow/example_dags/subdags/subdag.py for tasks to queue
[2025-12-11T04:24:53.170+0000] {logging_mixin.py:188} INFO - [2025-12-11T04:24:53.169+0000] {dagbag.py:545} INFO - Filling up the DagBag from /home/airflow/.local/lib/python3.9/site-packages/airflow/example_dags/subdags/subdag.py
[2025-12-11T04:24:53.174+0000] {processor.py:842} WARNING - No viable dags retrieved from /home/airflow/.local/lib/python3.9/site-packages/airflow/example_dags/subdags/subdag.py
[2025-12-11T04:24:53.243+0000] {processor.py:183} INFO - Processing /home/airflow/.local/lib/python3.9/site-packages/airflow/example_dags/subdags/subdag.py took 0.160 seconds
[2025-12-11T04:25:23.699+0000] {processor.py:161} INFO - Started process (PID=944) to work on /home/airflow/.local/lib/python3.9/site-packages/airflow/example_dags/subdags/subdag.py
[2025-12-11T04:25:23.708+0000] {processor.py:830} INFO - Processing file /home/airflow/.local/lib/python3.9/site-packages/airflow/example_dags/subdags/subdag.py for tasks to queue
[2025-12-11T04:25:23.711+0000] {logging_mixin.py:188} INFO - [2025-12-11T04:25:23.710+0000] {dagbag.py:545} INFO - Filling up the DagBag from /home/airflow/.local/lib/python3.9/site-packages/airflow/example_dags/subdags/subdag.py
[2025-12-11T04:25:23.714+0000] {processor.py:842} WARNING - No viable dags retrieved from /home/airflow/.local/lib/python3.9/site-packages/airflow/example_dags/subdags/subdag.py
[2025-12-11T04:25:23.738+0000] {processor.py:183} INFO - Processing /home/airflow/.local/lib/python3.9/site-packages/airflow/example_dags/subdags/subdag.py took 0.057 seconds
[2025-12-11T04:25:54.457+0000] {processor.py:161} INFO - Started process (PID=1010) to work on /home/airflow/.local/lib/python3.9/site-packages/airflow/example_dags/subdags/subdag.py
[2025-12-11T04:25:54.465+0000] {processor.py:830} INFO - Processing file /home/airflow/.local/lib/python3.9/site-packages/airflow/example_dags/subdags/subdag.py for tasks to queue
[2025-12-11T04:25:54.469+0000] {logging_mixin.py:188} INFO - [2025-12-11T04:25:54.468+0000] {dagbag.py:545} INFO - Filling up the DagBag from /home/airflow/.local/lib/python3.9/site-packages/airflow/example_dags/subdags/subdag.py
[2025-12-11T04:25:54.477+0000] {processor.py:842} WARNING - No viable dags retrieved from /home/airflow/.local/lib/python3.9/site-packages/airflow/example_dags/subdags/subdag.py
[2025-12-11T04:25:54.505+0000] {processor.py:183} INFO - Processing /home/airflow/.local/lib/python3.9/site-packages/airflow/example_dags/subdags/subdag.py took 0.073 seconds
[2025-12-11T04:26:25.042+0000] {processor.py:161} INFO - Started process (PID=1076) to work on /home/airflow/.local/lib/python3.9/site-packages/airflow/example_dags/subdags/subdag.py
[2025-12-11T04:26:25.051+0000] {processor.py:830} INFO - Processing file /home/airflow/.local/lib/python3.9/site-packages/airflow/example_dags/subdags/subdag.py for tasks to queue
[2025-12-11T04:26:25.055+0000] {logging_mixin.py:188} INFO - [2025-12-11T04:26:25.055+0000] {dagbag.py:545} INFO - Filling up the DagBag from /home/airflow/.local/lib/python3.9/site-packages/airflow/example_dags/subdags/subdag.py
[2025-12-11T04:26:25.060+0000] {processor.py:842} WARNING - No viable dags retrieved from /home/airflow/.local/lib/python3.9/site-packages/airflow/example_dags/subdags/subdag.py
[2025-12-11T04:26:25.089+0000] {processor.py:183} INFO - Processing /home/airflow/.local/lib/python3.9/site-packages/airflow/example_dags/subdags/subdag.py took 0.064 seconds
[2025-12-11T04:26:55.895+0000] {processor.py:161} INFO - Started process (PID=1142) to work on /home/airflow/.local/lib/python3.9/site-packages/airflow/example_dags/subdags/subdag.py
[2025-12-11T04:26:55.978+0000] {processor.py:830} INFO - Processing file /home/airflow/.local/lib/python3.9/site-packages/airflow/example_dags/subdags/subdag.py for tasks to queue
[2025-12-11T04:26:55.982+0000] {logging_mixin.py:188} INFO - [2025-12-11T04:26:55.981+0000] {dagbag.py:545} INFO - Filling up the DagBag from /home/airflow/.local/lib/python3.9/site-packages/airflow/example_dags/subdags/subdag.py
[2025-12-11T04:26:55.986+0000] {processor.py:842} WARNING - No viable dags retrieved from /home/airflow/.local/lib/python3.9/site-packages/airflow/example_dags/subdags/subdag.py
[2025-12-11T04:26:56.016+0000] {processor.py:183} INFO - Processing /home/airflow/.local/lib/python3.9/site-packages/airflow/example_dags/subdags/subdag.py took 0.130 seconds
[2025-12-11T04:27:26.572+0000] {processor.py:161} INFO - Started process (PID=1208) to work on /home/airflow/.local/lib/python3.9/site-packages/airflow/example_dags/subdags/subdag.py
[2025-12-11T04:27:26.574+0000] {processor.py:830} INFO - Processing file /home/airflow/.local/lib/python3.9/site-packages/airflow/example_dags/subdags/subdag.py for tasks to queue
[2025-12-11T04:27:26.576+0000] {logging_mixin.py:188} INFO - [2025-12-11T04:27:26.576+0000] {dagbag.py:545} INFO - Filling up the DagBag from /home/airflow/.local/lib/python3.9/site-packages/airflow/example_dags/subdags/subdag.py
[2025-12-11T04:27:26.579+0000] {processor.py:842} WARNING - No viable dags retrieved from /home/airflow/.local/lib/python3.9/site-packages/airflow/example_dags/subdags/subdag.py
[2025-12-11T04:27:26.603+0000] {processor.py:183} INFO - Processing /home/airflow/.local/lib/python3.9/site-packages/airflow/example_dags/subdags/subdag.py took 0.039 seconds
[2025-12-11T04:27:57.047+0000] {processor.py:161} INFO - Started process (PID=1274) to work on /home/airflow/.local/lib/python3.9/site-packages/airflow/example_dags/subdags/subdag.py
[2025-12-11T04:27:57.049+0000] {processor.py:830} INFO - Processing file /home/airflow/.local/lib/python3.9/site-packages/airflow/example_dags/subdags/subdag.py for tasks to queue
[2025-12-11T04:27:57.060+0000] {logging_mixin.py:188} INFO - [2025-12-11T04:27:57.059+0000] {dagbag.py:545} INFO - Filling up the DagBag from /home/airflow/.local/lib/python3.9/site-packages/airflow/example_dags/subdags/subdag.py
[2025-12-11T04:27:57.064+0000] {processor.py:842} WARNING - No viable dags retrieved from /home/airflow/.local/lib/python3.9/site-packages/airflow/example_dags/subdags/subdag.py
[2025-12-11T04:27:57.097+0000] {processor.py:183} INFO - Processing /home/airflow/.local/lib/python3.9/site-packages/airflow/example_dags/subdags/subdag.py took 0.060 seconds
[2025-12-11T04:28:27.913+0000] {processor.py:161} INFO - Started process (PID=1340) to work on /home/airflow/.local/lib/python3.9/site-packages/airflow/example_dags/subdags/subdag.py
[2025-12-11T04:28:27.915+0000] {processor.py:830} INFO - Processing file /home/airflow/.local/lib/python3.9/site-packages/airflow/example_dags/subdags/subdag.py for tasks to queue
[2025-12-11T04:28:27.918+0000] {logging_mixin.py:188} INFO - [2025-12-11T04:28:27.917+0000] {dagbag.py:545} INFO - Filling up the DagBag from /home/airflow/.local/lib/python3.9/site-packages/airflow/example_dags/subdags/subdag.py
[2025-12-11T04:28:27.922+0000] {processor.py:842} WARNING - No viable dags retrieved from /home/airflow/.local/lib/python3.9/site-packages/airflow/example_dags/subdags/subdag.py
[2025-12-11T04:28:27.953+0000] {processor.py:183} INFO - Processing /home/airflow/.local/lib/python3.9/site-packages/airflow/example_dags/subdags/subdag.py took 0.052 seconds
[2025-12-11T04:28:58.606+0000] {processor.py:161} INFO - Started process (PID=1406) to work on /home/airflow/.local/lib/python3.9/site-packages/airflow/example_dags/subdags/subdag.py
[2025-12-11T04:28:58.608+0000] {processor.py:830} INFO - Processing file /home/airflow/.local/lib/python3.9/site-packages/airflow/example_dags/subdags/subdag.py for tasks to queue
[2025-12-11T04:28:58.611+0000] {logging_mixin.py:188} INFO - [2025-12-11T04:28:58.610+0000] {dagbag.py:545} INFO - Filling up the DagBag from /home/airflow/.local/lib/python3.9/site-packages/airflow/example_dags/subdags/subdag.py
[2025-12-11T04:28:58.614+0000] {processor.py:842} WARNING - No viable dags retrieved from /home/airflow/.local/lib/python3.9/site-packages/airflow/example_dags/subdags/subdag.py
[2025-12-11T04:28:58.636+0000] {processor.py:183} INFO - Processing /home/airflow/.local/lib/python3.9/site-packages/airflow/example_dags/subdags/subdag.py took 0.040 seconds
[2025-12-11T04:29:29.579+0000] {processor.py:161} INFO - Started process (PID=1472) to work on /home/airflow/.local/lib/python3.9/site-packages/airflow/example_dags/subdags/subdag.py
[2025-12-11T04:29:29.581+0000] {processor.py:830} INFO - Processing file /home/airflow/.local/lib/python3.9/site-packages/airflow/example_dags/subdags/subdag.py for tasks to queue
[2025-12-11T04:29:29.584+0000] {logging_mixin.py:188} INFO - [2025-12-11T04:29:29.583+0000] {dagbag.py:545} INFO - Filling up the DagBag from /home/airflow/.local/lib/python3.9/site-packages/airflow/example_dags/subdags/subdag.py
[2025-12-11T04:29:29.587+0000] {processor.py:842} WARNING - No viable dags retrieved from /home/airflow/.local/lib/python3.9/site-packages/airflow/example_dags/subdags/subdag.py
[2025-12-11T04:29:29.609+0000] {processor.py:183} INFO - Processing /home/airflow/.local/lib/python3.9/site-packages/airflow/example_dags/subdags/subdag.py took 0.041 seconds
[2025-12-11T04:29:59.786+0000] {processor.py:161} INFO - Started process (PID=1538) to work on /home/airflow/.local/lib/python3.9/site-packages/airflow/example_dags/subdags/subdag.py
[2025-12-11T04:29:59.793+0000] {processor.py:830} INFO - Processing file /home/airflow/.local/lib/python3.9/site-packages/airflow/example_dags/subdags/subdag.py for tasks to queue
[2025-12-11T04:29:59.795+0000] {logging_mixin.py:188} INFO - [2025-12-11T04:29:59.795+0000] {dagbag.py:545} INFO - Filling up the DagBag from /home/airflow/.local/lib/python3.9/site-packages/airflow/example_dags/subdags/subdag.py
[2025-12-11T04:29:59.798+0000] {processor.py:842} WARNING - No viable dags retrieved from /home/airflow/.local/lib/python3.9/site-packages/airflow/example_dags/subdags/subdag.py
[2025-12-11T04:29:59.824+0000] {processor.py:183} INFO - Processing /home/airflow/.local/lib/python3.9/site-packages/airflow/example_dags/subdags/subdag.py took 0.049 seconds
[2025-12-11T04:30:30.306+0000] {processor.py:161} INFO - Started process (PID=1604) to work on /home/airflow/.local/lib/python3.9/site-packages/airflow/example_dags/subdags/subdag.py
[2025-12-11T04:30:30.314+0000] {processor.py:830} INFO - Processing file /home/airflow/.local/lib/python3.9/site-packages/airflow/example_dags/subdags/subdag.py for tasks to queue
[2025-12-11T04:30:30.317+0000] {logging_mixin.py:188} INFO - [2025-12-11T04:30:30.317+0000] {dagbag.py:545} INFO - Filling up the DagBag from /home/airflow/.local/lib/python3.9/site-packages/airflow/example_dags/subdags/subdag.py
[2025-12-11T04:30:30.320+0000] {processor.py:842} WARNING - No viable dags retrieved from /home/airflow/.local/lib/python3.9/site-packages/airflow/example_dags/subdags/subdag.py
[2025-12-11T04:30:30.356+0000] {processor.py:183} INFO - Processing /home/airflow/.local/lib/python3.9/site-packages/airflow/example_dags/subdags/subdag.py took 0.059 seconds
[2025-12-11T04:31:01.192+0000] {processor.py:161} INFO - Started process (PID=1669) to work on /home/airflow/.local/lib/python3.9/site-packages/airflow/example_dags/subdags/subdag.py
[2025-12-11T04:31:01.193+0000] {processor.py:830} INFO - Processing file /home/airflow/.local/lib/python3.9/site-packages/airflow/example_dags/subdags/subdag.py for tasks to queue
[2025-12-11T04:31:01.196+0000] {logging_mixin.py:188} INFO - [2025-12-11T04:31:01.196+0000] {dagbag.py:545} INFO - Filling up the DagBag from /home/airflow/.local/lib/python3.9/site-packages/airflow/example_dags/subdags/subdag.py
[2025-12-11T04:31:01.199+0000] {processor.py:842} WARNING - No viable dags retrieved from /home/airflow/.local/lib/python3.9/site-packages/airflow/example_dags/subdags/subdag.py
[2025-12-11T04:31:01.223+0000] {processor.py:183} INFO - Processing /home/airflow/.local/lib/python3.9/site-packages/airflow/example_dags/subdags/subdag.py took 0.041 seconds
[2025-12-11T04:31:32.017+0000] {processor.py:161} INFO - Started process (PID=1735) to work on /home/airflow/.local/lib/python3.9/site-packages/airflow/example_dags/subdags/subdag.py
[2025-12-11T04:31:32.019+0000] {processor.py:830} INFO - Processing file /home/airflow/.local/lib/python3.9/site-packages/airflow/example_dags/subdags/subdag.py for tasks to queue
[2025-12-11T04:31:32.021+0000] {logging_mixin.py:188} INFO - [2025-12-11T04:31:32.021+0000] {dagbag.py:545} INFO - Filling up the DagBag from /home/airflow/.local/lib/python3.9/site-packages/airflow/example_dags/subdags/subdag.py
[2025-12-11T04:31:32.024+0000] {processor.py:842} WARNING - No viable dags retrieved from /home/airflow/.local/lib/python3.9/site-packages/airflow/example_dags/subdags/subdag.py
[2025-12-11T04:31:32.056+0000] {processor.py:183} INFO - Processing /home/airflow/.local/lib/python3.9/site-packages/airflow/example_dags/subdags/subdag.py took 0.050 seconds
[2025-12-11T04:32:02.912+0000] {processor.py:161} INFO - Started process (PID=1801) to work on /home/airflow/.local/lib/python3.9/site-packages/airflow/example_dags/subdags/subdag.py
[2025-12-11T04:32:02.913+0000] {processor.py:830} INFO - Processing file /home/airflow/.local/lib/python3.9/site-packages/airflow/example_dags/subdags/subdag.py for tasks to queue
[2025-12-11T04:32:02.916+0000] {logging_mixin.py:188} INFO - [2025-12-11T04:32:02.915+0000] {dagbag.py:545} INFO - Filling up the DagBag from /home/airflow/.local/lib/python3.9/site-packages/airflow/example_dags/subdags/subdag.py
[2025-12-11T04:32:02.920+0000] {processor.py:842} WARNING - No viable dags retrieved from /home/airflow/.local/lib/python3.9/site-packages/airflow/example_dags/subdags/subdag.py
[2025-12-11T04:32:02.981+0000] {processor.py:183} INFO - Processing /home/airflow/.local/lib/python3.9/site-packages/airflow/example_dags/subdags/subdag.py took 0.081 seconds
[2025-12-11T04:32:33.185+0000] {processor.py:161} INFO - Started process (PID=1867) to work on /home/airflow/.local/lib/python3.9/site-packages/airflow/example_dags/subdags/subdag.py
[2025-12-11T04:32:33.187+0000] {processor.py:830} INFO - Processing file /home/airflow/.local/lib/python3.9/site-packages/airflow/example_dags/subdags/subdag.py for tasks to queue
[2025-12-11T04:32:33.189+0000] {logging_mixin.py:188} INFO - [2025-12-11T04:32:33.189+0000] {dagbag.py:545} INFO - Filling up the DagBag from /home/airflow/.local/lib/python3.9/site-packages/airflow/example_dags/subdags/subdag.py
[2025-12-11T04:32:33.193+0000] {processor.py:842} WARNING - No viable dags retrieved from /home/airflow/.local/lib/python3.9/site-packages/airflow/example_dags/subdags/subdag.py
[2025-12-11T04:32:33.219+0000] {processor.py:183} INFO - Processing /home/airflow/.local/lib/python3.9/site-packages/airflow/example_dags/subdags/subdag.py took 0.046 seconds
[2025-12-11T04:33:03.837+0000] {processor.py:161} INFO - Started process (PID=1933) to work on /home/airflow/.local/lib/python3.9/site-packages/airflow/example_dags/subdags/subdag.py
[2025-12-11T04:33:03.838+0000] {processor.py:830} INFO - Processing file /home/airflow/.local/lib/python3.9/site-packages/airflow/example_dags/subdags/subdag.py for tasks to queue
[2025-12-11T04:33:03.841+0000] {logging_mixin.py:188} INFO - [2025-12-11T04:33:03.840+0000] {dagbag.py:545} INFO - Filling up the DagBag from /home/airflow/.local/lib/python3.9/site-packages/airflow/example_dags/subdags/subdag.py
[2025-12-11T04:33:03.844+0000] {processor.py:842} WARNING - No viable dags retrieved from /home/airflow/.local/lib/python3.9/site-packages/airflow/example_dags/subdags/subdag.py
[2025-12-11T04:33:03.868+0000] {processor.py:183} INFO - Processing /home/airflow/.local/lib/python3.9/site-packages/airflow/example_dags/subdags/subdag.py took 0.046 seconds
[2025-12-11T04:33:34.589+0000] {processor.py:161} INFO - Started process (PID=2000) to work on /home/airflow/.local/lib/python3.9/site-packages/airflow/example_dags/subdags/subdag.py
[2025-12-11T04:33:34.591+0000] {processor.py:830} INFO - Processing file /home/airflow/.local/lib/python3.9/site-packages/airflow/example_dags/subdags/subdag.py for tasks to queue
[2025-12-11T04:33:34.594+0000] {logging_mixin.py:188} INFO - [2025-12-11T04:33:34.593+0000] {dagbag.py:545} INFO - Filling up the DagBag from /home/airflow/.local/lib/python3.9/site-packages/airflow/example_dags/subdags/subdag.py
[2025-12-11T04:33:34.597+0000] {processor.py:842} WARNING - No viable dags retrieved from /home/airflow/.local/lib/python3.9/site-packages/airflow/example_dags/subdags/subdag.py
[2025-12-11T04:33:34.621+0000] {processor.py:183} INFO - Processing /home/airflow/.local/lib/python3.9/site-packages/airflow/example_dags/subdags/subdag.py took 0.043 seconds
[2025-12-11T04:34:05.163+0000] {processor.py:161} INFO - Started process (PID=2075) to work on /home/airflow/.local/lib/python3.9/site-packages/airflow/example_dags/subdags/subdag.py
[2025-12-11T04:34:05.165+0000] {processor.py:830} INFO - Processing file /home/airflow/.local/lib/python3.9/site-packages/airflow/example_dags/subdags/subdag.py for tasks to queue
[2025-12-11T04:34:05.177+0000] {logging_mixin.py:188} INFO - [2025-12-11T04:34:05.168+0000] {dagbag.py:545} INFO - Filling up the DagBag from /home/airflow/.local/lib/python3.9/site-packages/airflow/example_dags/subdags/subdag.py
[2025-12-11T04:34:05.181+0000] {processor.py:842} WARNING - No viable dags retrieved from /home/airflow/.local/lib/python3.9/site-packages/airflow/example_dags/subdags/subdag.py
[2025-12-11T04:34:05.228+0000] {processor.py:183} INFO - Processing /home/airflow/.local/lib/python3.9/site-packages/airflow/example_dags/subdags/subdag.py took 0.088 seconds
[2025-12-11T04:34:36.242+0000] {processor.py:161} INFO - Started process (PID=2142) to work on /home/airflow/.local/lib/python3.9/site-packages/airflow/example_dags/subdags/subdag.py
[2025-12-11T04:34:36.245+0000] {processor.py:830} INFO - Processing file /home/airflow/.local/lib/python3.9/site-packages/airflow/example_dags/subdags/subdag.py for tasks to queue
[2025-12-11T04:34:36.247+0000] {logging_mixin.py:188} INFO - [2025-12-11T04:34:36.247+0000] {dagbag.py:545} INFO - Filling up the DagBag from /home/airflow/.local/lib/python3.9/site-packages/airflow/example_dags/subdags/subdag.py
[2025-12-11T04:34:36.250+0000] {processor.py:842} WARNING - No viable dags retrieved from /home/airflow/.local/lib/python3.9/site-packages/airflow/example_dags/subdags/subdag.py
[2025-12-11T04:34:36.274+0000] {processor.py:183} INFO - Processing /home/airflow/.local/lib/python3.9/site-packages/airflow/example_dags/subdags/subdag.py took 0.043 seconds
[2025-12-11T04:35:06.750+0000] {processor.py:161} INFO - Started process (PID=2209) to work on /home/airflow/.local/lib/python3.9/site-packages/airflow/example_dags/subdags/subdag.py
[2025-12-11T04:35:06.753+0000] {processor.py:830} INFO - Processing file /home/airflow/.local/lib/python3.9/site-packages/airflow/example_dags/subdags/subdag.py for tasks to queue
[2025-12-11T04:35:06.758+0000] {logging_mixin.py:188} INFO - [2025-12-11T04:35:06.757+0000] {dagbag.py:545} INFO - Filling up the DagBag from /home/airflow/.local/lib/python3.9/site-packages/airflow/example_dags/subdags/subdag.py
[2025-12-11T04:35:06.761+0000] {processor.py:842} WARNING - No viable dags retrieved from /home/airflow/.local/lib/python3.9/site-packages/airflow/example_dags/subdags/subdag.py
[2025-12-11T04:35:06.787+0000] {processor.py:183} INFO - Processing /home/airflow/.local/lib/python3.9/site-packages/airflow/example_dags/subdags/subdag.py took 0.046 seconds
[2025-12-11T04:35:36.943+0000] {processor.py:161} INFO - Started process (PID=2277) to work on /home/airflow/.local/lib/python3.9/site-packages/airflow/example_dags/subdags/subdag.py
[2025-12-11T04:35:36.944+0000] {processor.py:830} INFO - Processing file /home/airflow/.local/lib/python3.9/site-packages/airflow/example_dags/subdags/subdag.py for tasks to queue
[2025-12-11T04:35:36.947+0000] {logging_mixin.py:188} INFO - [2025-12-11T04:35:36.946+0000] {dagbag.py:545} INFO - Filling up the DagBag from /home/airflow/.local/lib/python3.9/site-packages/airflow/example_dags/subdags/subdag.py
[2025-12-11T04:35:36.950+0000] {processor.py:842} WARNING - No viable dags retrieved from /home/airflow/.local/lib/python3.9/site-packages/airflow/example_dags/subdags/subdag.py
[2025-12-11T04:35:36.980+0000] {processor.py:183} INFO - Processing /home/airflow/.local/lib/python3.9/site-packages/airflow/example_dags/subdags/subdag.py took 0.054 seconds
[2025-12-11T04:36:08.118+0000] {processor.py:161} INFO - Started process (PID=2344) to work on /home/airflow/.local/lib/python3.9/site-packages/airflow/example_dags/subdags/subdag.py
[2025-12-11T04:36:08.120+0000] {processor.py:830} INFO - Processing file /home/airflow/.local/lib/python3.9/site-packages/airflow/example_dags/subdags/subdag.py for tasks to queue
[2025-12-11T04:36:08.124+0000] {logging_mixin.py:188} INFO - [2025-12-11T04:36:08.123+0000] {dagbag.py:545} INFO - Filling up the DagBag from /home/airflow/.local/lib/python3.9/site-packages/airflow/example_dags/subdags/subdag.py
[2025-12-11T04:36:08.138+0000] {processor.py:842} WARNING - No viable dags retrieved from /home/airflow/.local/lib/python3.9/site-packages/airflow/example_dags/subdags/subdag.py
[2025-12-11T04:36:08.202+0000] {processor.py:183} INFO - Processing /home/airflow/.local/lib/python3.9/site-packages/airflow/example_dags/subdags/subdag.py took 0.123 seconds
[2025-12-11T04:36:39.206+0000] {processor.py:161} INFO - Started process (PID=2411) to work on /home/airflow/.local/lib/python3.9/site-packages/airflow/example_dags/subdags/subdag.py
[2025-12-11T04:36:39.217+0000] {processor.py:830} INFO - Processing file /home/airflow/.local/lib/python3.9/site-packages/airflow/example_dags/subdags/subdag.py for tasks to queue
[2025-12-11T04:36:39.221+0000] {logging_mixin.py:188} INFO - [2025-12-11T04:36:39.220+0000] {dagbag.py:545} INFO - Filling up the DagBag from /home/airflow/.local/lib/python3.9/site-packages/airflow/example_dags/subdags/subdag.py
[2025-12-11T04:36:39.225+0000] {processor.py:842} WARNING - No viable dags retrieved from /home/airflow/.local/lib/python3.9/site-packages/airflow/example_dags/subdags/subdag.py
[2025-12-11T04:36:39.261+0000] {processor.py:183} INFO - Processing /home/airflow/.local/lib/python3.9/site-packages/airflow/example_dags/subdags/subdag.py took 0.073 seconds
[2025-12-11T04:37:10.339+0000] {processor.py:161} INFO - Started process (PID=2478) to work on /home/airflow/.local/lib/python3.9/site-packages/airflow/example_dags/subdags/subdag.py
[2025-12-11T04:37:10.345+0000] {processor.py:830} INFO - Processing file /home/airflow/.local/lib/python3.9/site-packages/airflow/example_dags/subdags/subdag.py for tasks to queue
[2025-12-11T04:37:10.349+0000] {logging_mixin.py:188} INFO - [2025-12-11T04:37:10.348+0000] {dagbag.py:545} INFO - Filling up the DagBag from /home/airflow/.local/lib/python3.9/site-packages/airflow/example_dags/subdags/subdag.py
[2025-12-11T04:37:10.358+0000] {processor.py:842} WARNING - No viable dags retrieved from /home/airflow/.local/lib/python3.9/site-packages/airflow/example_dags/subdags/subdag.py
[2025-12-11T04:37:10.404+0000] {processor.py:183} INFO - Processing /home/airflow/.local/lib/python3.9/site-packages/airflow/example_dags/subdags/subdag.py took 0.086 seconds
[2025-12-11T04:37:41.161+0000] {processor.py:161} INFO - Started process (PID=2545) to work on /home/airflow/.local/lib/python3.9/site-packages/airflow/example_dags/subdags/subdag.py
[2025-12-11T04:37:41.163+0000] {processor.py:830} INFO - Processing file /home/airflow/.local/lib/python3.9/site-packages/airflow/example_dags/subdags/subdag.py for tasks to queue
[2025-12-11T04:37:41.180+0000] {logging_mixin.py:188} INFO - [2025-12-11T04:37:41.179+0000] {dagbag.py:545} INFO - Filling up the DagBag from /home/airflow/.local/lib/python3.9/site-packages/airflow/example_dags/subdags/subdag.py
[2025-12-11T04:37:41.184+0000] {processor.py:842} WARNING - No viable dags retrieved from /home/airflow/.local/lib/python3.9/site-packages/airflow/example_dags/subdags/subdag.py
[2025-12-11T04:37:41.226+0000] {processor.py:183} INFO - Processing /home/airflow/.local/lib/python3.9/site-packages/airflow/example_dags/subdags/subdag.py took 0.099 seconds
[2025-12-11T04:38:11.466+0000] {processor.py:161} INFO - Started process (PID=2612) to work on /home/airflow/.local/lib/python3.9/site-packages/airflow/example_dags/subdags/subdag.py
[2025-12-11T04:38:11.476+0000] {processor.py:830} INFO - Processing file /home/airflow/.local/lib/python3.9/site-packages/airflow/example_dags/subdags/subdag.py for tasks to queue
[2025-12-11T04:38:11.480+0000] {logging_mixin.py:188} INFO - [2025-12-11T04:38:11.479+0000] {dagbag.py:545} INFO - Filling up the DagBag from /home/airflow/.local/lib/python3.9/site-packages/airflow/example_dags/subdags/subdag.py
[2025-12-11T04:38:11.497+0000] {processor.py:842} WARNING - No viable dags retrieved from /home/airflow/.local/lib/python3.9/site-packages/airflow/example_dags/subdags/subdag.py
[2025-12-11T04:38:11.577+0000] {processor.py:183} INFO - Processing /home/airflow/.local/lib/python3.9/site-packages/airflow/example_dags/subdags/subdag.py took 0.136 seconds
[2025-12-11T04:38:42.260+0000] {processor.py:161} INFO - Started process (PID=2679) to work on /home/airflow/.local/lib/python3.9/site-packages/airflow/example_dags/subdags/subdag.py
[2025-12-11T04:38:42.262+0000] {processor.py:830} INFO - Processing file /home/airflow/.local/lib/python3.9/site-packages/airflow/example_dags/subdags/subdag.py for tasks to queue
[2025-12-11T04:38:42.265+0000] {logging_mixin.py:188} INFO - [2025-12-11T04:38:42.264+0000] {dagbag.py:545} INFO - Filling up the DagBag from /home/airflow/.local/lib/python3.9/site-packages/airflow/example_dags/subdags/subdag.py
[2025-12-11T04:38:42.268+0000] {processor.py:842} WARNING - No viable dags retrieved from /home/airflow/.local/lib/python3.9/site-packages/airflow/example_dags/subdags/subdag.py
[2025-12-11T04:38:42.308+0000] {processor.py:183} INFO - Processing /home/airflow/.local/lib/python3.9/site-packages/airflow/example_dags/subdags/subdag.py took 0.066 seconds
[2025-12-11T04:39:13.000+0000] {processor.py:161} INFO - Started process (PID=2746) to work on /home/airflow/.local/lib/python3.9/site-packages/airflow/example_dags/subdags/subdag.py
[2025-12-11T04:39:13.002+0000] {processor.py:830} INFO - Processing file /home/airflow/.local/lib/python3.9/site-packages/airflow/example_dags/subdags/subdag.py for tasks to queue
[2025-12-11T04:39:13.005+0000] {logging_mixin.py:188} INFO - [2025-12-11T04:39:13.004+0000] {dagbag.py:545} INFO - Filling up the DagBag from /home/airflow/.local/lib/python3.9/site-packages/airflow/example_dags/subdags/subdag.py
[2025-12-11T04:39:13.008+0000] {processor.py:842} WARNING - No viable dags retrieved from /home/airflow/.local/lib/python3.9/site-packages/airflow/example_dags/subdags/subdag.py
[2025-12-11T04:39:13.051+0000] {processor.py:183} INFO - Processing /home/airflow/.local/lib/python3.9/site-packages/airflow/example_dags/subdags/subdag.py took 0.065 seconds
[2025-12-11T04:39:44.388+0000] {processor.py:161} INFO - Started process (PID=2810) to work on /home/airflow/.local/lib/python3.9/site-packages/airflow/example_dags/subdags/subdag.py
[2025-12-11T04:39:44.398+0000] {processor.py:830} INFO - Processing file /home/airflow/.local/lib/python3.9/site-packages/airflow/example_dags/subdags/subdag.py for tasks to queue
[2025-12-11T04:39:44.402+0000] {logging_mixin.py:188} INFO - [2025-12-11T04:39:44.401+0000] {dagbag.py:545} INFO - Filling up the DagBag from /home/airflow/.local/lib/python3.9/site-packages/airflow/example_dags/subdags/subdag.py
[2025-12-11T04:39:44.419+0000] {processor.py:842} WARNING - No viable dags retrieved from /home/airflow/.local/lib/python3.9/site-packages/airflow/example_dags/subdags/subdag.py
[2025-12-11T04:39:44.482+0000] {processor.py:183} INFO - Processing /home/airflow/.local/lib/python3.9/site-packages/airflow/example_dags/subdags/subdag.py took 0.105 seconds
[2025-12-11T04:40:14.735+0000] {processor.py:161} INFO - Started process (PID=2870) to work on /home/airflow/.local/lib/python3.9/site-packages/airflow/example_dags/subdags/subdag.py
[2025-12-11T04:40:14.736+0000] {processor.py:830} INFO - Processing file /home/airflow/.local/lib/python3.9/site-packages/airflow/example_dags/subdags/subdag.py for tasks to queue
[2025-12-11T04:40:14.739+0000] {logging_mixin.py:188} INFO - [2025-12-11T04:40:14.739+0000] {dagbag.py:545} INFO - Filling up the DagBag from /home/airflow/.local/lib/python3.9/site-packages/airflow/example_dags/subdags/subdag.py
[2025-12-11T04:40:14.743+0000] {processor.py:842} WARNING - No viable dags retrieved from /home/airflow/.local/lib/python3.9/site-packages/airflow/example_dags/subdags/subdag.py
[2025-12-11T04:40:14.770+0000] {processor.py:183} INFO - Processing /home/airflow/.local/lib/python3.9/site-packages/airflow/example_dags/subdags/subdag.py took 0.045 seconds
[2025-12-11T04:40:46.264+0000] {processor.py:161} INFO - Started process (PID=2944) to work on /home/airflow/.local/lib/python3.9/site-packages/airflow/example_dags/subdags/subdag.py
[2025-12-11T04:40:46.266+0000] {processor.py:830} INFO - Processing file /home/airflow/.local/lib/python3.9/site-packages/airflow/example_dags/subdags/subdag.py for tasks to queue
[2025-12-11T04:40:46.269+0000] {logging_mixin.py:188} INFO - [2025-12-11T04:40:46.268+0000] {dagbag.py:545} INFO - Filling up the DagBag from /home/airflow/.local/lib/python3.9/site-packages/airflow/example_dags/subdags/subdag.py
[2025-12-11T04:40:46.277+0000] {processor.py:842} WARNING - No viable dags retrieved from /home/airflow/.local/lib/python3.9/site-packages/airflow/example_dags/subdags/subdag.py
[2025-12-11T04:40:46.319+0000] {processor.py:183} INFO - Processing /home/airflow/.local/lib/python3.9/site-packages/airflow/example_dags/subdags/subdag.py took 0.077 seconds
[2025-12-11T04:41:17.786+0000] {processor.py:161} INFO - Started process (PID=3012) to work on /home/airflow/.local/lib/python3.9/site-packages/airflow/example_dags/subdags/subdag.py
[2025-12-11T04:41:17.797+0000] {processor.py:830} INFO - Processing file /home/airflow/.local/lib/python3.9/site-packages/airflow/example_dags/subdags/subdag.py for tasks to queue
[2025-12-11T04:41:17.802+0000] {logging_mixin.py:188} INFO - [2025-12-11T04:41:17.801+0000] {dagbag.py:545} INFO - Filling up the DagBag from /home/airflow/.local/lib/python3.9/site-packages/airflow/example_dags/subdags/subdag.py
[2025-12-11T04:41:17.806+0000] {processor.py:842} WARNING - No viable dags retrieved from /home/airflow/.local/lib/python3.9/site-packages/airflow/example_dags/subdags/subdag.py
[2025-12-11T04:41:17.868+0000] {processor.py:183} INFO - Processing /home/airflow/.local/lib/python3.9/site-packages/airflow/example_dags/subdags/subdag.py took 0.123 seconds
[2025-12-11T04:41:48.184+0000] {processor.py:161} INFO - Started process (PID=3071) to work on /home/airflow/.local/lib/python3.9/site-packages/airflow/example_dags/subdags/subdag.py
[2025-12-11T04:41:48.186+0000] {processor.py:830} INFO - Processing file /home/airflow/.local/lib/python3.9/site-packages/airflow/example_dags/subdags/subdag.py for tasks to queue
[2025-12-11T04:41:48.189+0000] {logging_mixin.py:188} INFO - [2025-12-11T04:41:48.188+0000] {dagbag.py:545} INFO - Filling up the DagBag from /home/airflow/.local/lib/python3.9/site-packages/airflow/example_dags/subdags/subdag.py
[2025-12-11T04:41:48.192+0000] {processor.py:842} WARNING - No viable dags retrieved from /home/airflow/.local/lib/python3.9/site-packages/airflow/example_dags/subdags/subdag.py
[2025-12-11T04:41:48.221+0000] {processor.py:183} INFO - Processing /home/airflow/.local/lib/python3.9/site-packages/airflow/example_dags/subdags/subdag.py took 0.045 seconds
[2025-12-11T04:42:18.462+0000] {processor.py:161} INFO - Started process (PID=3139) to work on /home/airflow/.local/lib/python3.9/site-packages/airflow/example_dags/subdags/subdag.py
[2025-12-11T04:42:18.467+0000] {processor.py:830} INFO - Processing file /home/airflow/.local/lib/python3.9/site-packages/airflow/example_dags/subdags/subdag.py for tasks to queue
[2025-12-11T04:42:18.470+0000] {logging_mixin.py:188} INFO - [2025-12-11T04:42:18.469+0000] {dagbag.py:545} INFO - Filling up the DagBag from /home/airflow/.local/lib/python3.9/site-packages/airflow/example_dags/subdags/subdag.py
[2025-12-11T04:42:18.477+0000] {processor.py:842} WARNING - No viable dags retrieved from /home/airflow/.local/lib/python3.9/site-packages/airflow/example_dags/subdags/subdag.py
[2025-12-11T04:42:18.505+0000] {processor.py:183} INFO - Processing /home/airflow/.local/lib/python3.9/site-packages/airflow/example_dags/subdags/subdag.py took 0.059 seconds
[2025-12-11T04:42:49.438+0000] {processor.py:161} INFO - Started process (PID=3206) to work on /home/airflow/.local/lib/python3.9/site-packages/airflow/example_dags/subdags/subdag.py
[2025-12-11T04:42:49.439+0000] {processor.py:830} INFO - Processing file /home/airflow/.local/lib/python3.9/site-packages/airflow/example_dags/subdags/subdag.py for tasks to queue
[2025-12-11T04:42:49.443+0000] {logging_mixin.py:188} INFO - [2025-12-11T04:42:49.442+0000] {dagbag.py:545} INFO - Filling up the DagBag from /home/airflow/.local/lib/python3.9/site-packages/airflow/example_dags/subdags/subdag.py
[2025-12-11T04:42:49.458+0000] {processor.py:842} WARNING - No viable dags retrieved from /home/airflow/.local/lib/python3.9/site-packages/airflow/example_dags/subdags/subdag.py
[2025-12-11T04:42:49.538+0000] {processor.py:183} INFO - Processing /home/airflow/.local/lib/python3.9/site-packages/airflow/example_dags/subdags/subdag.py took 0.121 seconds
[2025-12-11T04:43:20.450+0000] {processor.py:161} INFO - Started process (PID=3273) to work on /home/airflow/.local/lib/python3.9/site-packages/airflow/example_dags/subdags/subdag.py
[2025-12-11T04:43:20.487+0000] {processor.py:830} INFO - Processing file /home/airflow/.local/lib/python3.9/site-packages/airflow/example_dags/subdags/subdag.py for tasks to queue
[2025-12-11T04:43:20.490+0000] {logging_mixin.py:188} INFO - [2025-12-11T04:43:20.490+0000] {dagbag.py:545} INFO - Filling up the DagBag from /home/airflow/.local/lib/python3.9/site-packages/airflow/example_dags/subdags/subdag.py
[2025-12-11T04:43:20.494+0000] {processor.py:842} WARNING - No viable dags retrieved from /home/airflow/.local/lib/python3.9/site-packages/airflow/example_dags/subdags/subdag.py
[2025-12-11T04:43:20.527+0000] {processor.py:183} INFO - Processing /home/airflow/.local/lib/python3.9/site-packages/airflow/example_dags/subdags/subdag.py took 0.088 seconds
[2025-12-11T04:43:50.747+0000] {processor.py:161} INFO - Started process (PID=3340) to work on /home/airflow/.local/lib/python3.9/site-packages/airflow/example_dags/subdags/subdag.py
[2025-12-11T04:43:50.748+0000] {processor.py:830} INFO - Processing file /home/airflow/.local/lib/python3.9/site-packages/airflow/example_dags/subdags/subdag.py for tasks to queue
[2025-12-11T04:43:50.759+0000] {logging_mixin.py:188} INFO - [2025-12-11T04:43:50.758+0000] {dagbag.py:545} INFO - Filling up the DagBag from /home/airflow/.local/lib/python3.9/site-packages/airflow/example_dags/subdags/subdag.py
[2025-12-11T04:43:50.763+0000] {processor.py:842} WARNING - No viable dags retrieved from /home/airflow/.local/lib/python3.9/site-packages/airflow/example_dags/subdags/subdag.py
[2025-12-11T04:43:50.805+0000] {processor.py:183} INFO - Processing /home/airflow/.local/lib/python3.9/site-packages/airflow/example_dags/subdags/subdag.py took 0.078 seconds
[2025-12-11T04:44:21.444+0000] {processor.py:161} INFO - Started process (PID=3414) to work on /home/airflow/.local/lib/python3.9/site-packages/airflow/example_dags/subdags/subdag.py
[2025-12-11T04:44:21.567+0000] {processor.py:830} INFO - Processing file /home/airflow/.local/lib/python3.9/site-packages/airflow/example_dags/subdags/subdag.py for tasks to queue
[2025-12-11T04:44:21.571+0000] {logging_mixin.py:188} INFO - [2025-12-11T04:44:21.570+0000] {dagbag.py:545} INFO - Filling up the DagBag from /home/airflow/.local/lib/python3.9/site-packages/airflow/example_dags/subdags/subdag.py
[2025-12-11T04:44:21.575+0000] {processor.py:842} WARNING - No viable dags retrieved from /home/airflow/.local/lib/python3.9/site-packages/airflow/example_dags/subdags/subdag.py
[2025-12-11T04:44:21.618+0000] {processor.py:183} INFO - Processing /home/airflow/.local/lib/python3.9/site-packages/airflow/example_dags/subdags/subdag.py took 0.192 seconds
[2025-12-11T04:44:52.225+0000] {processor.py:161} INFO - Started process (PID=3482) to work on /home/airflow/.local/lib/python3.9/site-packages/airflow/example_dags/subdags/subdag.py
[2025-12-11T04:44:52.348+0000] {processor.py:830} INFO - Processing file /home/airflow/.local/lib/python3.9/site-packages/airflow/example_dags/subdags/subdag.py for tasks to queue
[2025-12-11T04:44:52.352+0000] {logging_mixin.py:188} INFO - [2025-12-11T04:44:52.351+0000] {dagbag.py:545} INFO - Filling up the DagBag from /home/airflow/.local/lib/python3.9/site-packages/airflow/example_dags/subdags/subdag.py
[2025-12-11T04:44:52.357+0000] {processor.py:842} WARNING - No viable dags retrieved from /home/airflow/.local/lib/python3.9/site-packages/airflow/example_dags/subdags/subdag.py
[2025-12-11T04:44:52.408+0000] {processor.py:183} INFO - Processing /home/airflow/.local/lib/python3.9/site-packages/airflow/example_dags/subdags/subdag.py took 0.204 seconds
[2025-12-11T04:45:22.873+0000] {processor.py:161} INFO - Started process (PID=3549) to work on /home/airflow/.local/lib/python3.9/site-packages/airflow/example_dags/subdags/subdag.py
[2025-12-11T04:45:22.879+0000] {processor.py:830} INFO - Processing file /home/airflow/.local/lib/python3.9/site-packages/airflow/example_dags/subdags/subdag.py for tasks to queue
[2025-12-11T04:45:22.883+0000] {logging_mixin.py:188} INFO - [2025-12-11T04:45:22.882+0000] {dagbag.py:545} INFO - Filling up the DagBag from /home/airflow/.local/lib/python3.9/site-packages/airflow/example_dags/subdags/subdag.py
[2025-12-11T04:45:22.888+0000] {processor.py:842} WARNING - No viable dags retrieved from /home/airflow/.local/lib/python3.9/site-packages/airflow/example_dags/subdags/subdag.py
[2025-12-11T04:45:22.945+0000] {processor.py:183} INFO - Processing /home/airflow/.local/lib/python3.9/site-packages/airflow/example_dags/subdags/subdag.py took 0.094 seconds
[2025-12-11T04:45:53.772+0000] {processor.py:161} INFO - Started process (PID=3617) to work on /home/airflow/.local/lib/python3.9/site-packages/airflow/example_dags/subdags/subdag.py
[2025-12-11T04:45:53.779+0000] {processor.py:830} INFO - Processing file /home/airflow/.local/lib/python3.9/site-packages/airflow/example_dags/subdags/subdag.py for tasks to queue
[2025-12-11T04:45:53.783+0000] {logging_mixin.py:188} INFO - [2025-12-11T04:45:53.782+0000] {dagbag.py:545} INFO - Filling up the DagBag from /home/airflow/.local/lib/python3.9/site-packages/airflow/example_dags/subdags/subdag.py
[2025-12-11T04:45:53.788+0000] {processor.py:842} WARNING - No viable dags retrieved from /home/airflow/.local/lib/python3.9/site-packages/airflow/example_dags/subdags/subdag.py
[2025-12-11T04:45:53.826+0000] {processor.py:183} INFO - Processing /home/airflow/.local/lib/python3.9/site-packages/airflow/example_dags/subdags/subdag.py took 0.068 seconds
[2025-12-11T04:46:24.612+0000] {processor.py:161} INFO - Started process (PID=3684) to work on /home/airflow/.local/lib/python3.9/site-packages/airflow/example_dags/subdags/subdag.py
[2025-12-11T04:46:24.617+0000] {processor.py:830} INFO - Processing file /home/airflow/.local/lib/python3.9/site-packages/airflow/example_dags/subdags/subdag.py for tasks to queue
[2025-12-11T04:46:24.620+0000] {logging_mixin.py:188} INFO - [2025-12-11T04:46:24.619+0000] {dagbag.py:545} INFO - Filling up the DagBag from /home/airflow/.local/lib/python3.9/site-packages/airflow/example_dags/subdags/subdag.py
[2025-12-11T04:46:24.624+0000] {processor.py:842} WARNING - No viable dags retrieved from /home/airflow/.local/lib/python3.9/site-packages/airflow/example_dags/subdags/subdag.py
[2025-12-11T04:46:24.697+0000] {processor.py:183} INFO - Processing /home/airflow/.local/lib/python3.9/site-packages/airflow/example_dags/subdags/subdag.py took 0.098 seconds
[2025-12-11T04:46:55.674+0000] {processor.py:161} INFO - Started process (PID=3751) to work on /home/airflow/.local/lib/python3.9/site-packages/airflow/example_dags/subdags/subdag.py
[2025-12-11T04:46:55.676+0000] {processor.py:830} INFO - Processing file /home/airflow/.local/lib/python3.9/site-packages/airflow/example_dags/subdags/subdag.py for tasks to queue
[2025-12-11T04:46:55.679+0000] {logging_mixin.py:188} INFO - [2025-12-11T04:46:55.678+0000] {dagbag.py:545} INFO - Filling up the DagBag from /home/airflow/.local/lib/python3.9/site-packages/airflow/example_dags/subdags/subdag.py
[2025-12-11T04:46:55.682+0000] {processor.py:842} WARNING - No viable dags retrieved from /home/airflow/.local/lib/python3.9/site-packages/airflow/example_dags/subdags/subdag.py
[2025-12-11T04:46:55.712+0000] {processor.py:183} INFO - Processing /home/airflow/.local/lib/python3.9/site-packages/airflow/example_dags/subdags/subdag.py took 0.048 seconds
[2025-12-11T04:47:26.328+0000] {processor.py:161} INFO - Started process (PID=3818) to work on /home/airflow/.local/lib/python3.9/site-packages/airflow/example_dags/subdags/subdag.py
[2025-12-11T04:47:26.387+0000] {processor.py:830} INFO - Processing file /home/airflow/.local/lib/python3.9/site-packages/airflow/example_dags/subdags/subdag.py for tasks to queue
[2025-12-11T04:47:26.401+0000] {logging_mixin.py:188} INFO - [2025-12-11T04:47:26.400+0000] {dagbag.py:545} INFO - Filling up the DagBag from /home/airflow/.local/lib/python3.9/site-packages/airflow/example_dags/subdags/subdag.py
[2025-12-11T04:47:26.406+0000] {processor.py:842} WARNING - No viable dags retrieved from /home/airflow/.local/lib/python3.9/site-packages/airflow/example_dags/subdags/subdag.py
[2025-12-11T04:47:26.438+0000] {processor.py:183} INFO - Processing /home/airflow/.local/lib/python3.9/site-packages/airflow/example_dags/subdags/subdag.py took 0.121 seconds
[2025-12-11T04:47:56.821+0000] {processor.py:161} INFO - Started process (PID=3885) to work on /home/airflow/.local/lib/python3.9/site-packages/airflow/example_dags/subdags/subdag.py
[2025-12-11T04:47:56.827+0000] {processor.py:830} INFO - Processing file /home/airflow/.local/lib/python3.9/site-packages/airflow/example_dags/subdags/subdag.py for tasks to queue
[2025-12-11T04:47:56.830+0000] {logging_mixin.py:188} INFO - [2025-12-11T04:47:56.829+0000] {dagbag.py:545} INFO - Filling up the DagBag from /home/airflow/.local/lib/python3.9/site-packages/airflow/example_dags/subdags/subdag.py
[2025-12-11T04:47:56.835+0000] {processor.py:842} WARNING - No viable dags retrieved from /home/airflow/.local/lib/python3.9/site-packages/airflow/example_dags/subdags/subdag.py
[2025-12-11T04:47:56.877+0000] {processor.py:183} INFO - Processing /home/airflow/.local/lib/python3.9/site-packages/airflow/example_dags/subdags/subdag.py took 0.074 seconds
[2025-12-11T04:48:26.951+0000] {processor.py:161} INFO - Started process (PID=3952) to work on /home/airflow/.local/lib/python3.9/site-packages/airflow/example_dags/subdags/subdag.py
[2025-12-11T04:48:26.953+0000] {processor.py:830} INFO - Processing file /home/airflow/.local/lib/python3.9/site-packages/airflow/example_dags/subdags/subdag.py for tasks to queue
[2025-12-11T04:48:26.955+0000] {logging_mixin.py:188} INFO - [2025-12-11T04:48:26.955+0000] {dagbag.py:545} INFO - Filling up the DagBag from /home/airflow/.local/lib/python3.9/site-packages/airflow/example_dags/subdags/subdag.py
[2025-12-11T04:48:26.958+0000] {processor.py:842} WARNING - No viable dags retrieved from /home/airflow/.local/lib/python3.9/site-packages/airflow/example_dags/subdags/subdag.py
[2025-12-11T04:48:26.998+0000] {processor.py:183} INFO - Processing /home/airflow/.local/lib/python3.9/site-packages/airflow/example_dags/subdags/subdag.py took 0.057 seconds
[2025-12-11T04:48:57.291+0000] {processor.py:161} INFO - Started process (PID=4019) to work on /home/airflow/.local/lib/python3.9/site-packages/airflow/example_dags/subdags/subdag.py
[2025-12-11T04:48:57.293+0000] {processor.py:830} INFO - Processing file /home/airflow/.local/lib/python3.9/site-packages/airflow/example_dags/subdags/subdag.py for tasks to queue
[2025-12-11T04:48:57.298+0000] {logging_mixin.py:188} INFO - [2025-12-11T04:48:57.298+0000] {dagbag.py:545} INFO - Filling up the DagBag from /home/airflow/.local/lib/python3.9/site-packages/airflow/example_dags/subdags/subdag.py
[2025-12-11T04:48:57.301+0000] {processor.py:842} WARNING - No viable dags retrieved from /home/airflow/.local/lib/python3.9/site-packages/airflow/example_dags/subdags/subdag.py
[2025-12-11T04:48:57.337+0000] {processor.py:183} INFO - Processing /home/airflow/.local/lib/python3.9/site-packages/airflow/example_dags/subdags/subdag.py took 0.056 seconds
[2025-12-11T04:49:28.106+0000] {processor.py:161} INFO - Started process (PID=4093) to work on /home/airflow/.local/lib/python3.9/site-packages/airflow/example_dags/subdags/subdag.py
[2025-12-11T04:49:28.109+0000] {processor.py:830} INFO - Processing file /home/airflow/.local/lib/python3.9/site-packages/airflow/example_dags/subdags/subdag.py for tasks to queue
[2025-12-11T04:49:28.124+0000] {logging_mixin.py:188} INFO - [2025-12-11T04:49:28.124+0000] {dagbag.py:545} INFO - Filling up the DagBag from /home/airflow/.local/lib/python3.9/site-packages/airflow/example_dags/subdags/subdag.py
[2025-12-11T04:49:28.128+0000] {processor.py:842} WARNING - No viable dags retrieved from /home/airflow/.local/lib/python3.9/site-packages/airflow/example_dags/subdags/subdag.py
[2025-12-11T04:49:28.179+0000] {processor.py:183} INFO - Processing /home/airflow/.local/lib/python3.9/site-packages/airflow/example_dags/subdags/subdag.py took 0.092 seconds
[2025-12-11T04:49:59.041+0000] {processor.py:161} INFO - Started process (PID=4158) to work on /home/airflow/.local/lib/python3.9/site-packages/airflow/example_dags/subdags/subdag.py
[2025-12-11T04:49:59.043+0000] {processor.py:830} INFO - Processing file /home/airflow/.local/lib/python3.9/site-packages/airflow/example_dags/subdags/subdag.py for tasks to queue
[2025-12-11T04:49:59.046+0000] {logging_mixin.py:188} INFO - [2025-12-11T04:49:59.045+0000] {dagbag.py:545} INFO - Filling up the DagBag from /home/airflow/.local/lib/python3.9/site-packages/airflow/example_dags/subdags/subdag.py
[2025-12-11T04:49:59.049+0000] {processor.py:842} WARNING - No viable dags retrieved from /home/airflow/.local/lib/python3.9/site-packages/airflow/example_dags/subdags/subdag.py
[2025-12-11T04:49:59.081+0000] {processor.py:183} INFO - Processing /home/airflow/.local/lib/python3.9/site-packages/airflow/example_dags/subdags/subdag.py took 0.058 seconds
[2025-12-11T04:50:30.002+0000] {processor.py:161} INFO - Started process (PID=4225) to work on /home/airflow/.local/lib/python3.9/site-packages/airflow/example_dags/subdags/subdag.py
[2025-12-11T04:50:30.004+0000] {processor.py:830} INFO - Processing file /home/airflow/.local/lib/python3.9/site-packages/airflow/example_dags/subdags/subdag.py for tasks to queue
[2025-12-11T04:50:30.006+0000] {logging_mixin.py:188} INFO - [2025-12-11T04:50:30.006+0000] {dagbag.py:545} INFO - Filling up the DagBag from /home/airflow/.local/lib/python3.9/site-packages/airflow/example_dags/subdags/subdag.py
[2025-12-11T04:50:30.010+0000] {processor.py:842} WARNING - No viable dags retrieved from /home/airflow/.local/lib/python3.9/site-packages/airflow/example_dags/subdags/subdag.py
[2025-12-11T04:50:30.060+0000] {processor.py:183} INFO - Processing /home/airflow/.local/lib/python3.9/site-packages/airflow/example_dags/subdags/subdag.py took 0.077 seconds
[2025-12-11T04:51:00.963+0000] {processor.py:161} INFO - Started process (PID=4292) to work on /home/airflow/.local/lib/python3.9/site-packages/airflow/example_dags/subdags/subdag.py
[2025-12-11T04:51:00.972+0000] {processor.py:830} INFO - Processing file /home/airflow/.local/lib/python3.9/site-packages/airflow/example_dags/subdags/subdag.py for tasks to queue
[2025-12-11T04:51:00.975+0000] {logging_mixin.py:188} INFO - [2025-12-11T04:51:00.975+0000] {dagbag.py:545} INFO - Filling up the DagBag from /home/airflow/.local/lib/python3.9/site-packages/airflow/example_dags/subdags/subdag.py
[2025-12-11T04:51:00.979+0000] {processor.py:842} WARNING - No viable dags retrieved from /home/airflow/.local/lib/python3.9/site-packages/airflow/example_dags/subdags/subdag.py
[2025-12-11T04:51:01.043+0000] {processor.py:183} INFO - Processing /home/airflow/.local/lib/python3.9/site-packages/airflow/example_dags/subdags/subdag.py took 0.100 seconds
[2025-12-11T04:51:31.446+0000] {processor.py:161} INFO - Started process (PID=4359) to work on /home/airflow/.local/lib/python3.9/site-packages/airflow/example_dags/subdags/subdag.py
[2025-12-11T04:51:31.448+0000] {processor.py:830} INFO - Processing file /home/airflow/.local/lib/python3.9/site-packages/airflow/example_dags/subdags/subdag.py for tasks to queue
[2025-12-11T04:51:31.450+0000] {logging_mixin.py:188} INFO - [2025-12-11T04:51:31.450+0000] {dagbag.py:545} INFO - Filling up the DagBag from /home/airflow/.local/lib/python3.9/site-packages/airflow/example_dags/subdags/subdag.py
[2025-12-11T04:51:31.454+0000] {processor.py:842} WARNING - No viable dags retrieved from /home/airflow/.local/lib/python3.9/site-packages/airflow/example_dags/subdags/subdag.py
[2025-12-11T04:51:31.485+0000] {processor.py:183} INFO - Processing /home/airflow/.local/lib/python3.9/site-packages/airflow/example_dags/subdags/subdag.py took 0.059 seconds
[2025-12-11T04:52:02.389+0000] {processor.py:161} INFO - Started process (PID=4426) to work on /home/airflow/.local/lib/python3.9/site-packages/airflow/example_dags/subdags/subdag.py
[2025-12-11T04:52:02.398+0000] {processor.py:830} INFO - Processing file /home/airflow/.local/lib/python3.9/site-packages/airflow/example_dags/subdags/subdag.py for tasks to queue
[2025-12-11T04:52:02.401+0000] {logging_mixin.py:188} INFO - [2025-12-11T04:52:02.401+0000] {dagbag.py:545} INFO - Filling up the DagBag from /home/airflow/.local/lib/python3.9/site-packages/airflow/example_dags/subdags/subdag.py
[2025-12-11T04:52:02.405+0000] {processor.py:842} WARNING - No viable dags retrieved from /home/airflow/.local/lib/python3.9/site-packages/airflow/example_dags/subdags/subdag.py
[2025-12-11T04:52:02.450+0000] {processor.py:183} INFO - Processing /home/airflow/.local/lib/python3.9/site-packages/airflow/example_dags/subdags/subdag.py took 0.081 seconds
[2025-12-11T04:52:33.378+0000] {processor.py:161} INFO - Started process (PID=4493) to work on /home/airflow/.local/lib/python3.9/site-packages/airflow/example_dags/subdags/subdag.py
[2025-12-11T04:52:33.441+0000] {processor.py:830} INFO - Processing file /home/airflow/.local/lib/python3.9/site-packages/airflow/example_dags/subdags/subdag.py for tasks to queue
[2025-12-11T04:52:33.445+0000] {logging_mixin.py:188} INFO - [2025-12-11T04:52:33.444+0000] {dagbag.py:545} INFO - Filling up the DagBag from /home/airflow/.local/lib/python3.9/site-packages/airflow/example_dags/subdags/subdag.py
[2025-12-11T04:52:33.449+0000] {processor.py:842} WARNING - No viable dags retrieved from /home/airflow/.local/lib/python3.9/site-packages/airflow/example_dags/subdags/subdag.py
[2025-12-11T04:52:33.479+0000] {processor.py:183} INFO - Processing /home/airflow/.local/lib/python3.9/site-packages/airflow/example_dags/subdags/subdag.py took 0.135 seconds
[2025-12-11T04:53:03.924+0000] {processor.py:161} INFO - Started process (PID=4560) to work on /home/airflow/.local/lib/python3.9/site-packages/airflow/example_dags/subdags/subdag.py
[2025-12-11T04:53:03.932+0000] {processor.py:830} INFO - Processing file /home/airflow/.local/lib/python3.9/site-packages/airflow/example_dags/subdags/subdag.py for tasks to queue
[2025-12-11T04:53:03.938+0000] {logging_mixin.py:188} INFO - [2025-12-11T04:53:03.938+0000] {dagbag.py:545} INFO - Filling up the DagBag from /home/airflow/.local/lib/python3.9/site-packages/airflow/example_dags/subdags/subdag.py
[2025-12-11T04:53:03.942+0000] {processor.py:842} WARNING - No viable dags retrieved from /home/airflow/.local/lib/python3.9/site-packages/airflow/example_dags/subdags/subdag.py
[2025-12-11T04:53:03.984+0000] {processor.py:183} INFO - Processing /home/airflow/.local/lib/python3.9/site-packages/airflow/example_dags/subdags/subdag.py took 0.081 seconds
