[2025-12-11T23:26:22.661+0000] {local_task_job_runner.py:120} INFO - ::group::Pre task execution logs
[2025-12-11T23:26:22.732+0000] {taskinstance.py:2076} INFO - Dependencies all met for dep_context=non-requeueable deps ti=<TaskInstance: ETL_toll_data.extract_data_from_tsv manual__2025-12-11T23:26:07+00:00 [queued]>
[2025-12-11T23:26:22.749+0000] {taskinstance.py:2076} INFO - Dependencies all met for dep_context=requeueable deps ti=<TaskInstance: ETL_toll_data.extract_data_from_tsv manual__2025-12-11T23:26:07+00:00 [queued]>
[2025-12-11T23:26:22.750+0000] {taskinstance.py:2306} INFO - Starting attempt 1 of 2
[2025-12-11T23:26:22.773+0000] {taskinstance.py:2330} INFO - Executing <Task(PythonOperator): extract_data_from_tsv> on 2025-12-11 23:26:07+00:00
[2025-12-11T23:26:22.795+0000] {standard_task_runner.py:63} INFO - Started process 1177 to run task
[2025-12-11T23:26:22.801+0000] {standard_task_runner.py:90} INFO - Running: ['***', 'tasks', 'run', 'ETL_toll_data', 'extract_data_from_tsv', 'manual__2025-12-11T23:26:07+00:00', '--job-id', '4', '--raw', '--subdir', 'DAGS_FOLDER/ETL_toll_data.py', '--cfg-path', '/tmp/tmpc4hm04ge']
[2025-12-11T23:26:22.811+0000] {standard_task_runner.py:91} INFO - Job 4: Subtask extract_data_from_tsv
[2025-12-11T23:26:22.838+0000] {warnings.py:109} WARNING - /home/***/.local/lib/python3.9/site-packages/***/settings.py:195: DeprecationWarning: The sql_alchemy_conn option in [core] has been moved to the sql_alchemy_conn option in [database] - the old setting has been used, but please update your config.
  SQL_ALCHEMY_CONN = conf.get("database", "SQL_ALCHEMY_CONN")

[2025-12-11T23:26:23.014+0000] {task_command.py:426} INFO - Running <TaskInstance: ETL_toll_data.extract_data_from_tsv manual__2025-12-11T23:26:07+00:00 [running]> on host f96f3016bc2c
[2025-12-11T23:26:23.612+0000] {taskinstance.py:2648} INFO - Exporting env vars: AIRFLOW_CTX_DAG_EMAIL='hire.willie.conway@example.com' AIRFLOW_CTX_DAG_OWNER='willie conway' AIRFLOW_CTX_DAG_ID='ETL_toll_data' AIRFLOW_CTX_TASK_ID='extract_data_from_tsv' AIRFLOW_CTX_EXECUTION_DATE='2025-12-11T23:26:07+00:00' AIRFLOW_CTX_TRY_NUMBER='1' AIRFLOW_CTX_DAG_RUN_ID='manual__2025-12-11T23:26:07+00:00'
[2025-12-11T23:26:23.615+0000] {taskinstance.py:430} INFO - ::endgroup::
[2025-12-11T23:26:23.674+0000] {logging_mixin.py:188} INFO - TSV extraction complete.
[2025-12-11T23:26:23.689+0000] {python.py:237} INFO - Done. Returned value was: None
[2025-12-11T23:26:23.691+0000] {taskinstance.py:441} INFO - ::group::Post task execution logs
[2025-12-11T23:26:23.736+0000] {taskinstance.py:1206} INFO - Marking task as SUCCESS. dag_id=ETL_toll_data, task_id=extract_data_from_tsv, run_id=manual__2025-12-11T23:26:07+00:00, execution_date=20251211T232607, start_date=20251211T232622, end_date=20251211T232623
[2025-12-11T23:26:23.873+0000] {local_task_job_runner.py:240} INFO - Task exited with return code 0
[2025-12-11T23:26:24.033+0000] {taskinstance.py:3498} INFO - 0 downstream tasks scheduled from follow-on schedule check
[2025-12-11T23:26:24.035+0000] {local_task_job_runner.py:222} INFO - ::endgroup::
