[2025-12-11T04:19:11.239+0000] {processor.py:161} INFO - Started process (PID=149) to work on /home/airflow/.local/lib/python3.9/site-packages/airflow/example_dags/plugins/event_listener.py
[2025-12-11T04:19:11.243+0000] {processor.py:830} INFO - Processing file /home/airflow/.local/lib/python3.9/site-packages/airflow/example_dags/plugins/event_listener.py for tasks to queue
[2025-12-11T04:19:11.273+0000] {logging_mixin.py:188} INFO - [2025-12-11T04:19:11.272+0000] {dagbag.py:545} INFO - Filling up the DagBag from /home/airflow/.local/lib/python3.9/site-packages/airflow/example_dags/plugins/event_listener.py
[2025-12-11T04:19:11.297+0000] {processor.py:842} WARNING - No viable dags retrieved from /home/airflow/.local/lib/python3.9/site-packages/airflow/example_dags/plugins/event_listener.py
[2025-12-11T04:19:11.381+0000] {processor.py:183} INFO - Processing /home/airflow/.local/lib/python3.9/site-packages/airflow/example_dags/plugins/event_listener.py took 0.164 seconds
[2025-12-11T04:19:41.820+0000] {processor.py:161} INFO - Started process (PID=214) to work on /home/airflow/.local/lib/python3.9/site-packages/airflow/example_dags/plugins/event_listener.py
[2025-12-11T04:19:41.827+0000] {processor.py:830} INFO - Processing file /home/airflow/.local/lib/python3.9/site-packages/airflow/example_dags/plugins/event_listener.py for tasks to queue
[2025-12-11T04:19:41.838+0000] {logging_mixin.py:188} INFO - [2025-12-11T04:19:41.838+0000] {dagbag.py:545} INFO - Filling up the DagBag from /home/airflow/.local/lib/python3.9/site-packages/airflow/example_dags/plugins/event_listener.py
[2025-12-11T04:19:41.842+0000] {processor.py:842} WARNING - No viable dags retrieved from /home/airflow/.local/lib/python3.9/site-packages/airflow/example_dags/plugins/event_listener.py
[2025-12-11T04:19:41.922+0000] {processor.py:183} INFO - Processing /home/airflow/.local/lib/python3.9/site-packages/airflow/example_dags/plugins/event_listener.py took 0.125 seconds
[2025-12-11T04:20:12.548+0000] {processor.py:161} INFO - Started process (PID=273) to work on /home/airflow/.local/lib/python3.9/site-packages/airflow/example_dags/plugins/event_listener.py
[2025-12-11T04:20:12.550+0000] {processor.py:830} INFO - Processing file /home/airflow/.local/lib/python3.9/site-packages/airflow/example_dags/plugins/event_listener.py for tasks to queue
[2025-12-11T04:20:12.553+0000] {logging_mixin.py:188} INFO - [2025-12-11T04:20:12.552+0000] {dagbag.py:545} INFO - Filling up the DagBag from /home/airflow/.local/lib/python3.9/site-packages/airflow/example_dags/plugins/event_listener.py
[2025-12-11T04:20:12.556+0000] {processor.py:842} WARNING - No viable dags retrieved from /home/airflow/.local/lib/python3.9/site-packages/airflow/example_dags/plugins/event_listener.py
[2025-12-11T04:20:12.583+0000] {processor.py:183} INFO - Processing /home/airflow/.local/lib/python3.9/site-packages/airflow/example_dags/plugins/event_listener.py took 0.045 seconds
[2025-12-11T04:20:42.859+0000] {processor.py:161} INFO - Started process (PID=339) to work on /home/airflow/.local/lib/python3.9/site-packages/airflow/example_dags/plugins/event_listener.py
[2025-12-11T04:20:42.861+0000] {processor.py:830} INFO - Processing file /home/airflow/.local/lib/python3.9/site-packages/airflow/example_dags/plugins/event_listener.py for tasks to queue
[2025-12-11T04:20:42.865+0000] {logging_mixin.py:188} INFO - [2025-12-11T04:20:42.864+0000] {dagbag.py:545} INFO - Filling up the DagBag from /home/airflow/.local/lib/python3.9/site-packages/airflow/example_dags/plugins/event_listener.py
[2025-12-11T04:20:42.868+0000] {processor.py:842} WARNING - No viable dags retrieved from /home/airflow/.local/lib/python3.9/site-packages/airflow/example_dags/plugins/event_listener.py
[2025-12-11T04:20:42.895+0000] {processor.py:183} INFO - Processing /home/airflow/.local/lib/python3.9/site-packages/airflow/example_dags/plugins/event_listener.py took 0.051 seconds
[2025-12-11T04:21:13.802+0000] {processor.py:161} INFO - Started process (PID=405) to work on /home/airflow/.local/lib/python3.9/site-packages/airflow/example_dags/plugins/event_listener.py
[2025-12-11T04:21:13.804+0000] {processor.py:830} INFO - Processing file /home/airflow/.local/lib/python3.9/site-packages/airflow/example_dags/plugins/event_listener.py for tasks to queue
[2025-12-11T04:21:13.807+0000] {logging_mixin.py:188} INFO - [2025-12-11T04:21:13.806+0000] {dagbag.py:545} INFO - Filling up the DagBag from /home/airflow/.local/lib/python3.9/site-packages/airflow/example_dags/plugins/event_listener.py
[2025-12-11T04:21:13.811+0000] {processor.py:842} WARNING - No viable dags retrieved from /home/airflow/.local/lib/python3.9/site-packages/airflow/example_dags/plugins/event_listener.py
[2025-12-11T04:21:13.835+0000] {processor.py:183} INFO - Processing /home/airflow/.local/lib/python3.9/site-packages/airflow/example_dags/plugins/event_listener.py took 0.043 seconds
[2025-12-11T04:21:44.466+0000] {processor.py:161} INFO - Started process (PID=470) to work on /home/airflow/.local/lib/python3.9/site-packages/airflow/example_dags/plugins/event_listener.py
[2025-12-11T04:21:44.477+0000] {processor.py:830} INFO - Processing file /home/airflow/.local/lib/python3.9/site-packages/airflow/example_dags/plugins/event_listener.py for tasks to queue
[2025-12-11T04:21:44.481+0000] {logging_mixin.py:188} INFO - [2025-12-11T04:21:44.480+0000] {dagbag.py:545} INFO - Filling up the DagBag from /home/airflow/.local/lib/python3.9/site-packages/airflow/example_dags/plugins/event_listener.py
[2025-12-11T04:21:44.485+0000] {processor.py:842} WARNING - No viable dags retrieved from /home/airflow/.local/lib/python3.9/site-packages/airflow/example_dags/plugins/event_listener.py
[2025-12-11T04:21:44.526+0000] {processor.py:183} INFO - Processing /home/airflow/.local/lib/python3.9/site-packages/airflow/example_dags/plugins/event_listener.py took 0.080 seconds
[2025-12-11T04:22:14.929+0000] {processor.py:161} INFO - Started process (PID=536) to work on /home/airflow/.local/lib/python3.9/site-packages/airflow/example_dags/plugins/event_listener.py
[2025-12-11T04:22:14.931+0000] {processor.py:830} INFO - Processing file /home/airflow/.local/lib/python3.9/site-packages/airflow/example_dags/plugins/event_listener.py for tasks to queue
[2025-12-11T04:22:14.934+0000] {logging_mixin.py:188} INFO - [2025-12-11T04:22:14.934+0000] {dagbag.py:545} INFO - Filling up the DagBag from /home/airflow/.local/lib/python3.9/site-packages/airflow/example_dags/plugins/event_listener.py
[2025-12-11T04:22:14.938+0000] {processor.py:842} WARNING - No viable dags retrieved from /home/airflow/.local/lib/python3.9/site-packages/airflow/example_dags/plugins/event_listener.py
[2025-12-11T04:22:14.966+0000] {processor.py:183} INFO - Processing /home/airflow/.local/lib/python3.9/site-packages/airflow/example_dags/plugins/event_listener.py took 0.048 seconds
[2025-12-11T04:22:45.800+0000] {processor.py:161} INFO - Started process (PID=602) to work on /home/airflow/.local/lib/python3.9/site-packages/airflow/example_dags/plugins/event_listener.py
[2025-12-11T04:22:45.802+0000] {processor.py:830} INFO - Processing file /home/airflow/.local/lib/python3.9/site-packages/airflow/example_dags/plugins/event_listener.py for tasks to queue
[2025-12-11T04:22:45.805+0000] {logging_mixin.py:188} INFO - [2025-12-11T04:22:45.804+0000] {dagbag.py:545} INFO - Filling up the DagBag from /home/airflow/.local/lib/python3.9/site-packages/airflow/example_dags/plugins/event_listener.py
[2025-12-11T04:22:45.808+0000] {processor.py:842} WARNING - No viable dags retrieved from /home/airflow/.local/lib/python3.9/site-packages/airflow/example_dags/plugins/event_listener.py
[2025-12-11T04:22:45.860+0000] {processor.py:183} INFO - Processing /home/airflow/.local/lib/python3.9/site-packages/airflow/example_dags/plugins/event_listener.py took 0.075 seconds
[2025-12-11T04:23:18.129+0000] {processor.py:161} INFO - Started process (PID=668) to work on /home/airflow/.local/lib/python3.9/site-packages/airflow/example_dags/plugins/event_listener.py
[2025-12-11T04:23:18.148+0000] {processor.py:830} INFO - Processing file /home/airflow/.local/lib/python3.9/site-packages/airflow/example_dags/plugins/event_listener.py for tasks to queue
[2025-12-11T04:23:18.150+0000] {logging_mixin.py:188} INFO - [2025-12-11T04:23:18.150+0000] {dagbag.py:545} INFO - Filling up the DagBag from /home/airflow/.local/lib/python3.9/site-packages/airflow/example_dags/plugins/event_listener.py
[2025-12-11T04:23:18.154+0000] {processor.py:842} WARNING - No viable dags retrieved from /home/airflow/.local/lib/python3.9/site-packages/airflow/example_dags/plugins/event_listener.py
[2025-12-11T04:23:18.191+0000] {processor.py:183} INFO - Processing /home/airflow/.local/lib/python3.9/site-packages/airflow/example_dags/plugins/event_listener.py took 0.081 seconds
[2025-12-11T04:23:49.213+0000] {processor.py:161} INFO - Started process (PID=736) to work on /home/airflow/.local/lib/python3.9/site-packages/airflow/example_dags/plugins/event_listener.py
[2025-12-11T04:23:49.217+0000] {processor.py:830} INFO - Processing file /home/airflow/.local/lib/python3.9/site-packages/airflow/example_dags/plugins/event_listener.py for tasks to queue
[2025-12-11T04:23:49.220+0000] {logging_mixin.py:188} INFO - [2025-12-11T04:23:49.220+0000] {dagbag.py:545} INFO - Filling up the DagBag from /home/airflow/.local/lib/python3.9/site-packages/airflow/example_dags/plugins/event_listener.py
[2025-12-11T04:23:49.225+0000] {processor.py:842} WARNING - No viable dags retrieved from /home/airflow/.local/lib/python3.9/site-packages/airflow/example_dags/plugins/event_listener.py
[2025-12-11T04:23:49.257+0000] {processor.py:183} INFO - Processing /home/airflow/.local/lib/python3.9/site-packages/airflow/example_dags/plugins/event_listener.py took 0.057 seconds
[2025-12-11T04:24:19.741+0000] {processor.py:161} INFO - Started process (PID=809) to work on /home/airflow/.local/lib/python3.9/site-packages/airflow/example_dags/plugins/event_listener.py
[2025-12-11T04:24:19.743+0000] {processor.py:830} INFO - Processing file /home/airflow/.local/lib/python3.9/site-packages/airflow/example_dags/plugins/event_listener.py for tasks to queue
[2025-12-11T04:24:19.746+0000] {logging_mixin.py:188} INFO - [2025-12-11T04:24:19.745+0000] {dagbag.py:545} INFO - Filling up the DagBag from /home/airflow/.local/lib/python3.9/site-packages/airflow/example_dags/plugins/event_listener.py
[2025-12-11T04:24:19.749+0000] {processor.py:842} WARNING - No viable dags retrieved from /home/airflow/.local/lib/python3.9/site-packages/airflow/example_dags/plugins/event_listener.py
[2025-12-11T04:24:19.806+0000] {processor.py:183} INFO - Processing /home/airflow/.local/lib/python3.9/site-packages/airflow/example_dags/plugins/event_listener.py took 0.080 seconds
[2025-12-11T04:24:51.660+0000] {processor.py:161} INFO - Started process (PID=875) to work on /home/airflow/.local/lib/python3.9/site-packages/airflow/example_dags/plugins/event_listener.py
[2025-12-11T04:24:51.753+0000] {processor.py:830} INFO - Processing file /home/airflow/.local/lib/python3.9/site-packages/airflow/example_dags/plugins/event_listener.py for tasks to queue
[2025-12-11T04:24:51.756+0000] {logging_mixin.py:188} INFO - [2025-12-11T04:24:51.756+0000] {dagbag.py:545} INFO - Filling up the DagBag from /home/airflow/.local/lib/python3.9/site-packages/airflow/example_dags/plugins/event_listener.py
[2025-12-11T04:24:51.761+0000] {processor.py:842} WARNING - No viable dags retrieved from /home/airflow/.local/lib/python3.9/site-packages/airflow/example_dags/plugins/event_listener.py
[2025-12-11T04:24:51.806+0000] {processor.py:183} INFO - Processing /home/airflow/.local/lib/python3.9/site-packages/airflow/example_dags/plugins/event_listener.py took 0.179 seconds
[2025-12-11T04:25:22.167+0000] {processor.py:161} INFO - Started process (PID=940) to work on /home/airflow/.local/lib/python3.9/site-packages/airflow/example_dags/plugins/event_listener.py
[2025-12-11T04:25:22.184+0000] {processor.py:830} INFO - Processing file /home/airflow/.local/lib/python3.9/site-packages/airflow/example_dags/plugins/event_listener.py for tasks to queue
[2025-12-11T04:25:22.186+0000] {logging_mixin.py:188} INFO - [2025-12-11T04:25:22.186+0000] {dagbag.py:545} INFO - Filling up the DagBag from /home/airflow/.local/lib/python3.9/site-packages/airflow/example_dags/plugins/event_listener.py
[2025-12-11T04:25:22.199+0000] {processor.py:842} WARNING - No viable dags retrieved from /home/airflow/.local/lib/python3.9/site-packages/airflow/example_dags/plugins/event_listener.py
[2025-12-11T04:25:22.264+0000] {processor.py:183} INFO - Processing /home/airflow/.local/lib/python3.9/site-packages/airflow/example_dags/plugins/event_listener.py took 0.119 seconds
[2025-12-11T04:25:53.026+0000] {processor.py:161} INFO - Started process (PID=1006) to work on /home/airflow/.local/lib/python3.9/site-packages/airflow/example_dags/plugins/event_listener.py
[2025-12-11T04:25:53.118+0000] {processor.py:830} INFO - Processing file /home/airflow/.local/lib/python3.9/site-packages/airflow/example_dags/plugins/event_listener.py for tasks to queue
[2025-12-11T04:25:53.124+0000] {logging_mixin.py:188} INFO - [2025-12-11T04:25:53.123+0000] {dagbag.py:545} INFO - Filling up the DagBag from /home/airflow/.local/lib/python3.9/site-packages/airflow/example_dags/plugins/event_listener.py
[2025-12-11T04:25:53.128+0000] {processor.py:842} WARNING - No viable dags retrieved from /home/airflow/.local/lib/python3.9/site-packages/airflow/example_dags/plugins/event_listener.py
[2025-12-11T04:25:53.155+0000] {processor.py:183} INFO - Processing /home/airflow/.local/lib/python3.9/site-packages/airflow/example_dags/plugins/event_listener.py took 0.154 seconds
[2025-12-11T04:26:23.629+0000] {processor.py:161} INFO - Started process (PID=1072) to work on /home/airflow/.local/lib/python3.9/site-packages/airflow/example_dags/plugins/event_listener.py
[2025-12-11T04:26:23.730+0000] {processor.py:830} INFO - Processing file /home/airflow/.local/lib/python3.9/site-packages/airflow/example_dags/plugins/event_listener.py for tasks to queue
[2025-12-11T04:26:23.733+0000] {logging_mixin.py:188} INFO - [2025-12-11T04:26:23.733+0000] {dagbag.py:545} INFO - Filling up the DagBag from /home/airflow/.local/lib/python3.9/site-packages/airflow/example_dags/plugins/event_listener.py
[2025-12-11T04:26:23.737+0000] {processor.py:842} WARNING - No viable dags retrieved from /home/airflow/.local/lib/python3.9/site-packages/airflow/example_dags/plugins/event_listener.py
[2025-12-11T04:26:23.764+0000] {processor.py:183} INFO - Processing /home/airflow/.local/lib/python3.9/site-packages/airflow/example_dags/plugins/event_listener.py took 0.145 seconds
[2025-12-11T04:26:54.286+0000] {processor.py:161} INFO - Started process (PID=1138) to work on /home/airflow/.local/lib/python3.9/site-packages/airflow/example_dags/plugins/event_listener.py
[2025-12-11T04:26:54.332+0000] {processor.py:830} INFO - Processing file /home/airflow/.local/lib/python3.9/site-packages/airflow/example_dags/plugins/event_listener.py for tasks to queue
[2025-12-11T04:26:54.335+0000] {logging_mixin.py:188} INFO - [2025-12-11T04:26:54.335+0000] {dagbag.py:545} INFO - Filling up the DagBag from /home/airflow/.local/lib/python3.9/site-packages/airflow/example_dags/plugins/event_listener.py
[2025-12-11T04:26:54.339+0000] {processor.py:842} WARNING - No viable dags retrieved from /home/airflow/.local/lib/python3.9/site-packages/airflow/example_dags/plugins/event_listener.py
[2025-12-11T04:26:54.372+0000] {processor.py:183} INFO - Processing /home/airflow/.local/lib/python3.9/site-packages/airflow/example_dags/plugins/event_listener.py took 0.096 seconds
[2025-12-11T04:27:25.338+0000] {processor.py:161} INFO - Started process (PID=1204) to work on /home/airflow/.local/lib/python3.9/site-packages/airflow/example_dags/plugins/event_listener.py
[2025-12-11T04:27:25.340+0000] {processor.py:830} INFO - Processing file /home/airflow/.local/lib/python3.9/site-packages/airflow/example_dags/plugins/event_listener.py for tasks to queue
[2025-12-11T04:27:25.343+0000] {logging_mixin.py:188} INFO - [2025-12-11T04:27:25.342+0000] {dagbag.py:545} INFO - Filling up the DagBag from /home/airflow/.local/lib/python3.9/site-packages/airflow/example_dags/plugins/event_listener.py
[2025-12-11T04:27:25.346+0000] {processor.py:842} WARNING - No viable dags retrieved from /home/airflow/.local/lib/python3.9/site-packages/airflow/example_dags/plugins/event_listener.py
[2025-12-11T04:27:25.379+0000] {processor.py:183} INFO - Processing /home/airflow/.local/lib/python3.9/site-packages/airflow/example_dags/plugins/event_listener.py took 0.053 seconds
[2025-12-11T04:27:55.761+0000] {processor.py:161} INFO - Started process (PID=1270) to work on /home/airflow/.local/lib/python3.9/site-packages/airflow/example_dags/plugins/event_listener.py
[2025-12-11T04:27:55.763+0000] {processor.py:830} INFO - Processing file /home/airflow/.local/lib/python3.9/site-packages/airflow/example_dags/plugins/event_listener.py for tasks to queue
[2025-12-11T04:27:55.765+0000] {logging_mixin.py:188} INFO - [2025-12-11T04:27:55.765+0000] {dagbag.py:545} INFO - Filling up the DagBag from /home/airflow/.local/lib/python3.9/site-packages/airflow/example_dags/plugins/event_listener.py
[2025-12-11T04:27:55.769+0000] {processor.py:842} WARNING - No viable dags retrieved from /home/airflow/.local/lib/python3.9/site-packages/airflow/example_dags/plugins/event_listener.py
[2025-12-11T04:27:55.799+0000] {processor.py:183} INFO - Processing /home/airflow/.local/lib/python3.9/site-packages/airflow/example_dags/plugins/event_listener.py took 0.052 seconds
[2025-12-11T04:28:26.552+0000] {processor.py:161} INFO - Started process (PID=1336) to work on /home/airflow/.local/lib/python3.9/site-packages/airflow/example_dags/plugins/event_listener.py
[2025-12-11T04:28:26.554+0000] {processor.py:830} INFO - Processing file /home/airflow/.local/lib/python3.9/site-packages/airflow/example_dags/plugins/event_listener.py for tasks to queue
[2025-12-11T04:28:26.556+0000] {logging_mixin.py:188} INFO - [2025-12-11T04:28:26.556+0000] {dagbag.py:545} INFO - Filling up the DagBag from /home/airflow/.local/lib/python3.9/site-packages/airflow/example_dags/plugins/event_listener.py
[2025-12-11T04:28:26.560+0000] {processor.py:842} WARNING - No viable dags retrieved from /home/airflow/.local/lib/python3.9/site-packages/airflow/example_dags/plugins/event_listener.py
[2025-12-11T04:28:26.584+0000] {processor.py:183} INFO - Processing /home/airflow/.local/lib/python3.9/site-packages/airflow/example_dags/plugins/event_listener.py took 0.042 seconds
[2025-12-11T04:28:57.365+0000] {processor.py:161} INFO - Started process (PID=1402) to work on /home/airflow/.local/lib/python3.9/site-packages/airflow/example_dags/plugins/event_listener.py
[2025-12-11T04:28:57.367+0000] {processor.py:830} INFO - Processing file /home/airflow/.local/lib/python3.9/site-packages/airflow/example_dags/plugins/event_listener.py for tasks to queue
[2025-12-11T04:28:57.370+0000] {logging_mixin.py:188} INFO - [2025-12-11T04:28:57.369+0000] {dagbag.py:545} INFO - Filling up the DagBag from /home/airflow/.local/lib/python3.9/site-packages/airflow/example_dags/plugins/event_listener.py
[2025-12-11T04:28:57.373+0000] {processor.py:842} WARNING - No viable dags retrieved from /home/airflow/.local/lib/python3.9/site-packages/airflow/example_dags/plugins/event_listener.py
[2025-12-11T04:28:57.400+0000] {processor.py:183} INFO - Processing /home/airflow/.local/lib/python3.9/site-packages/airflow/example_dags/plugins/event_listener.py took 0.045 seconds
[2025-12-11T04:29:28.336+0000] {processor.py:161} INFO - Started process (PID=1468) to work on /home/airflow/.local/lib/python3.9/site-packages/airflow/example_dags/plugins/event_listener.py
[2025-12-11T04:29:28.339+0000] {processor.py:830} INFO - Processing file /home/airflow/.local/lib/python3.9/site-packages/airflow/example_dags/plugins/event_listener.py for tasks to queue
[2025-12-11T04:29:28.342+0000] {logging_mixin.py:188} INFO - [2025-12-11T04:29:28.341+0000] {dagbag.py:545} INFO - Filling up the DagBag from /home/airflow/.local/lib/python3.9/site-packages/airflow/example_dags/plugins/event_listener.py
[2025-12-11T04:29:28.345+0000] {processor.py:842} WARNING - No viable dags retrieved from /home/airflow/.local/lib/python3.9/site-packages/airflow/example_dags/plugins/event_listener.py
[2025-12-11T04:29:28.373+0000] {processor.py:183} INFO - Processing /home/airflow/.local/lib/python3.9/site-packages/airflow/example_dags/plugins/event_listener.py took 0.047 seconds
[2025-12-11T04:29:59.322+0000] {processor.py:161} INFO - Started process (PID=1534) to work on /home/airflow/.local/lib/python3.9/site-packages/airflow/example_dags/plugins/event_listener.py
[2025-12-11T04:29:59.420+0000] {processor.py:830} INFO - Processing file /home/airflow/.local/lib/python3.9/site-packages/airflow/example_dags/plugins/event_listener.py for tasks to queue
[2025-12-11T04:29:59.423+0000] {logging_mixin.py:188} INFO - [2025-12-11T04:29:59.422+0000] {dagbag.py:545} INFO - Filling up the DagBag from /home/airflow/.local/lib/python3.9/site-packages/airflow/example_dags/plugins/event_listener.py
[2025-12-11T04:29:59.426+0000] {processor.py:842} WARNING - No viable dags retrieved from /home/airflow/.local/lib/python3.9/site-packages/airflow/example_dags/plugins/event_listener.py
[2025-12-11T04:29:59.450+0000] {processor.py:183} INFO - Processing /home/airflow/.local/lib/python3.9/site-packages/airflow/example_dags/plugins/event_listener.py took 0.138 seconds
[2025-12-11T04:30:30.145+0000] {processor.py:161} INFO - Started process (PID=1601) to work on /home/airflow/.local/lib/python3.9/site-packages/airflow/example_dags/plugins/event_listener.py
[2025-12-11T04:30:30.154+0000] {processor.py:830} INFO - Processing file /home/airflow/.local/lib/python3.9/site-packages/airflow/example_dags/plugins/event_listener.py for tasks to queue
[2025-12-11T04:30:30.157+0000] {logging_mixin.py:188} INFO - [2025-12-11T04:30:30.156+0000] {dagbag.py:545} INFO - Filling up the DagBag from /home/airflow/.local/lib/python3.9/site-packages/airflow/example_dags/plugins/event_listener.py
[2025-12-11T04:30:30.160+0000] {processor.py:842} WARNING - No viable dags retrieved from /home/airflow/.local/lib/python3.9/site-packages/airflow/example_dags/plugins/event_listener.py
[2025-12-11T04:30:30.189+0000] {processor.py:183} INFO - Processing /home/airflow/.local/lib/python3.9/site-packages/airflow/example_dags/plugins/event_listener.py took 0.055 seconds
[2025-12-11T04:31:01.106+0000] {processor.py:161} INFO - Started process (PID=1667) to work on /home/airflow/.local/lib/python3.9/site-packages/airflow/example_dags/plugins/event_listener.py
[2025-12-11T04:31:01.107+0000] {processor.py:830} INFO - Processing file /home/airflow/.local/lib/python3.9/site-packages/airflow/example_dags/plugins/event_listener.py for tasks to queue
[2025-12-11T04:31:01.110+0000] {logging_mixin.py:188} INFO - [2025-12-11T04:31:01.110+0000] {dagbag.py:545} INFO - Filling up the DagBag from /home/airflow/.local/lib/python3.9/site-packages/airflow/example_dags/plugins/event_listener.py
[2025-12-11T04:31:01.114+0000] {processor.py:842} WARNING - No viable dags retrieved from /home/airflow/.local/lib/python3.9/site-packages/airflow/example_dags/plugins/event_listener.py
[2025-12-11T04:31:01.138+0000] {processor.py:183} INFO - Processing /home/airflow/.local/lib/python3.9/site-packages/airflow/example_dags/plugins/event_listener.py took 0.042 seconds
[2025-12-11T04:31:31.933+0000] {processor.py:161} INFO - Started process (PID=1733) to work on /home/airflow/.local/lib/python3.9/site-packages/airflow/example_dags/plugins/event_listener.py
[2025-12-11T04:31:31.934+0000] {processor.py:830} INFO - Processing file /home/airflow/.local/lib/python3.9/site-packages/airflow/example_dags/plugins/event_listener.py for tasks to queue
[2025-12-11T04:31:31.939+0000] {logging_mixin.py:188} INFO - [2025-12-11T04:31:31.938+0000] {dagbag.py:545} INFO - Filling up the DagBag from /home/airflow/.local/lib/python3.9/site-packages/airflow/example_dags/plugins/event_listener.py
[2025-12-11T04:31:31.942+0000] {processor.py:842} WARNING - No viable dags retrieved from /home/airflow/.local/lib/python3.9/site-packages/airflow/example_dags/plugins/event_listener.py
[2025-12-11T04:31:31.967+0000] {processor.py:183} INFO - Processing /home/airflow/.local/lib/python3.9/site-packages/airflow/example_dags/plugins/event_listener.py took 0.045 seconds
[2025-12-11T04:32:02.764+0000] {processor.py:161} INFO - Started process (PID=1799) to work on /home/airflow/.local/lib/python3.9/site-packages/airflow/example_dags/plugins/event_listener.py
[2025-12-11T04:32:02.768+0000] {processor.py:830} INFO - Processing file /home/airflow/.local/lib/python3.9/site-packages/airflow/example_dags/plugins/event_listener.py for tasks to queue
[2025-12-11T04:32:02.772+0000] {logging_mixin.py:188} INFO - [2025-12-11T04:32:02.771+0000] {dagbag.py:545} INFO - Filling up the DagBag from /home/airflow/.local/lib/python3.9/site-packages/airflow/example_dags/plugins/event_listener.py
[2025-12-11T04:32:02.777+0000] {processor.py:842} WARNING - No viable dags retrieved from /home/airflow/.local/lib/python3.9/site-packages/airflow/example_dags/plugins/event_listener.py
[2025-12-11T04:32:02.804+0000] {processor.py:183} INFO - Processing /home/airflow/.local/lib/python3.9/site-packages/airflow/example_dags/plugins/event_listener.py took 0.053 seconds
[2025-12-11T04:32:32.981+0000] {processor.py:161} INFO - Started process (PID=1865) to work on /home/airflow/.local/lib/python3.9/site-packages/airflow/example_dags/plugins/event_listener.py
[2025-12-11T04:32:32.983+0000] {processor.py:830} INFO - Processing file /home/airflow/.local/lib/python3.9/site-packages/airflow/example_dags/plugins/event_listener.py for tasks to queue
[2025-12-11T04:32:32.985+0000] {logging_mixin.py:188} INFO - [2025-12-11T04:32:32.985+0000] {dagbag.py:545} INFO - Filling up the DagBag from /home/airflow/.local/lib/python3.9/site-packages/airflow/example_dags/plugins/event_listener.py
[2025-12-11T04:32:32.997+0000] {processor.py:842} WARNING - No viable dags retrieved from /home/airflow/.local/lib/python3.9/site-packages/airflow/example_dags/plugins/event_listener.py
[2025-12-11T04:32:33.044+0000] {processor.py:183} INFO - Processing /home/airflow/.local/lib/python3.9/site-packages/airflow/example_dags/plugins/event_listener.py took 0.082 seconds
[2025-12-11T04:33:03.751+0000] {processor.py:161} INFO - Started process (PID=1931) to work on /home/airflow/.local/lib/python3.9/site-packages/airflow/example_dags/plugins/event_listener.py
[2025-12-11T04:33:03.753+0000] {processor.py:830} INFO - Processing file /home/airflow/.local/lib/python3.9/site-packages/airflow/example_dags/plugins/event_listener.py for tasks to queue
[2025-12-11T04:33:03.757+0000] {logging_mixin.py:188} INFO - [2025-12-11T04:33:03.757+0000] {dagbag.py:545} INFO - Filling up the DagBag from /home/airflow/.local/lib/python3.9/site-packages/airflow/example_dags/plugins/event_listener.py
[2025-12-11T04:33:03.761+0000] {processor.py:842} WARNING - No viable dags retrieved from /home/airflow/.local/lib/python3.9/site-packages/airflow/example_dags/plugins/event_listener.py
[2025-12-11T04:33:03.786+0000] {processor.py:183} INFO - Processing /home/airflow/.local/lib/python3.9/site-packages/airflow/example_dags/plugins/event_listener.py took 0.045 seconds
[2025-12-11T04:33:34.482+0000] {processor.py:161} INFO - Started process (PID=1998) to work on /home/airflow/.local/lib/python3.9/site-packages/airflow/example_dags/plugins/event_listener.py
[2025-12-11T04:33:34.484+0000] {processor.py:830} INFO - Processing file /home/airflow/.local/lib/python3.9/site-packages/airflow/example_dags/plugins/event_listener.py for tasks to queue
[2025-12-11T04:33:34.487+0000] {logging_mixin.py:188} INFO - [2025-12-11T04:33:34.486+0000] {dagbag.py:545} INFO - Filling up the DagBag from /home/airflow/.local/lib/python3.9/site-packages/airflow/example_dags/plugins/event_listener.py
[2025-12-11T04:33:34.497+0000] {processor.py:842} WARNING - No viable dags retrieved from /home/airflow/.local/lib/python3.9/site-packages/airflow/example_dags/plugins/event_listener.py
[2025-12-11T04:33:34.541+0000] {processor.py:183} INFO - Processing /home/airflow/.local/lib/python3.9/site-packages/airflow/example_dags/plugins/event_listener.py took 0.079 seconds
[2025-12-11T04:34:04.946+0000] {processor.py:161} INFO - Started process (PID=2073) to work on /home/airflow/.local/lib/python3.9/site-packages/airflow/example_dags/plugins/event_listener.py
[2025-12-11T04:34:04.948+0000] {processor.py:830} INFO - Processing file /home/airflow/.local/lib/python3.9/site-packages/airflow/example_dags/plugins/event_listener.py for tasks to queue
[2025-12-11T04:34:04.958+0000] {logging_mixin.py:188} INFO - [2025-12-11T04:34:04.958+0000] {dagbag.py:545} INFO - Filling up the DagBag from /home/airflow/.local/lib/python3.9/site-packages/airflow/example_dags/plugins/event_listener.py
[2025-12-11T04:34:04.977+0000] {processor.py:842} WARNING - No viable dags retrieved from /home/airflow/.local/lib/python3.9/site-packages/airflow/example_dags/plugins/event_listener.py
[2025-12-11T04:34:05.040+0000] {processor.py:183} INFO - Processing /home/airflow/.local/lib/python3.9/site-packages/airflow/example_dags/plugins/event_listener.py took 0.120 seconds
[2025-12-11T04:34:36.018+0000] {processor.py:161} INFO - Started process (PID=2140) to work on /home/airflow/.local/lib/python3.9/site-packages/airflow/example_dags/plugins/event_listener.py
[2025-12-11T04:34:36.028+0000] {processor.py:830} INFO - Processing file /home/airflow/.local/lib/python3.9/site-packages/airflow/example_dags/plugins/event_listener.py for tasks to queue
[2025-12-11T04:34:36.031+0000] {logging_mixin.py:188} INFO - [2025-12-11T04:34:36.030+0000] {dagbag.py:545} INFO - Filling up the DagBag from /home/airflow/.local/lib/python3.9/site-packages/airflow/example_dags/plugins/event_listener.py
[2025-12-11T04:34:36.040+0000] {processor.py:842} WARNING - No viable dags retrieved from /home/airflow/.local/lib/python3.9/site-packages/airflow/example_dags/plugins/event_listener.py
[2025-12-11T04:34:36.097+0000] {processor.py:183} INFO - Processing /home/airflow/.local/lib/python3.9/site-packages/airflow/example_dags/plugins/event_listener.py took 0.097 seconds
[2025-12-11T04:35:06.560+0000] {processor.py:161} INFO - Started process (PID=2207) to work on /home/airflow/.local/lib/python3.9/site-packages/airflow/example_dags/plugins/event_listener.py
[2025-12-11T04:35:06.562+0000] {processor.py:830} INFO - Processing file /home/airflow/.local/lib/python3.9/site-packages/airflow/example_dags/plugins/event_listener.py for tasks to queue
[2025-12-11T04:35:06.564+0000] {logging_mixin.py:188} INFO - [2025-12-11T04:35:06.564+0000] {dagbag.py:545} INFO - Filling up the DagBag from /home/airflow/.local/lib/python3.9/site-packages/airflow/example_dags/plugins/event_listener.py
[2025-12-11T04:35:06.568+0000] {processor.py:842} WARNING - No viable dags retrieved from /home/airflow/.local/lib/python3.9/site-packages/airflow/example_dags/plugins/event_listener.py
[2025-12-11T04:35:06.618+0000] {processor.py:183} INFO - Processing /home/airflow/.local/lib/python3.9/site-packages/airflow/example_dags/plugins/event_listener.py took 0.075 seconds
[2025-12-11T04:35:36.735+0000] {processor.py:161} INFO - Started process (PID=2275) to work on /home/airflow/.local/lib/python3.9/site-packages/airflow/example_dags/plugins/event_listener.py
[2025-12-11T04:35:36.737+0000] {processor.py:830} INFO - Processing file /home/airflow/.local/lib/python3.9/site-packages/airflow/example_dags/plugins/event_listener.py for tasks to queue
[2025-12-11T04:35:36.740+0000] {logging_mixin.py:188} INFO - [2025-12-11T04:35:36.740+0000] {dagbag.py:545} INFO - Filling up the DagBag from /home/airflow/.local/lib/python3.9/site-packages/airflow/example_dags/plugins/event_listener.py
[2025-12-11T04:35:36.743+0000] {processor.py:842} WARNING - No viable dags retrieved from /home/airflow/.local/lib/python3.9/site-packages/airflow/example_dags/plugins/event_listener.py
[2025-12-11T04:35:36.776+0000] {processor.py:183} INFO - Processing /home/airflow/.local/lib/python3.9/site-packages/airflow/example_dags/plugins/event_listener.py took 0.050 seconds
[2025-12-11T04:36:07.624+0000] {processor.py:161} INFO - Started process (PID=2341) to work on /home/airflow/.local/lib/python3.9/site-packages/airflow/example_dags/plugins/event_listener.py
[2025-12-11T04:36:07.626+0000] {processor.py:830} INFO - Processing file /home/airflow/.local/lib/python3.9/site-packages/airflow/example_dags/plugins/event_listener.py for tasks to queue
[2025-12-11T04:36:07.638+0000] {logging_mixin.py:188} INFO - [2025-12-11T04:36:07.637+0000] {dagbag.py:545} INFO - Filling up the DagBag from /home/airflow/.local/lib/python3.9/site-packages/airflow/example_dags/plugins/event_listener.py
[2025-12-11T04:36:07.642+0000] {processor.py:842} WARNING - No viable dags retrieved from /home/airflow/.local/lib/python3.9/site-packages/airflow/example_dags/plugins/event_listener.py
[2025-12-11T04:36:07.721+0000] {processor.py:183} INFO - Processing /home/airflow/.local/lib/python3.9/site-packages/airflow/example_dags/plugins/event_listener.py took 0.123 seconds
[2025-12-11T04:36:38.743+0000] {processor.py:161} INFO - Started process (PID=2409) to work on /home/airflow/.local/lib/python3.9/site-packages/airflow/example_dags/plugins/event_listener.py
[2025-12-11T04:36:38.864+0000] {processor.py:830} INFO - Processing file /home/airflow/.local/lib/python3.9/site-packages/airflow/example_dags/plugins/event_listener.py for tasks to queue
[2025-12-11T04:36:38.868+0000] {logging_mixin.py:188} INFO - [2025-12-11T04:36:38.867+0000] {dagbag.py:545} INFO - Filling up the DagBag from /home/airflow/.local/lib/python3.9/site-packages/airflow/example_dags/plugins/event_listener.py
[2025-12-11T04:36:38.881+0000] {processor.py:842} WARNING - No viable dags retrieved from /home/airflow/.local/lib/python3.9/site-packages/airflow/example_dags/plugins/event_listener.py
[2025-12-11T04:36:38.963+0000] {processor.py:183} INFO - Processing /home/airflow/.local/lib/python3.9/site-packages/airflow/example_dags/plugins/event_listener.py took 0.246 seconds
[2025-12-11T04:37:09.961+0000] {processor.py:161} INFO - Started process (PID=2476) to work on /home/airflow/.local/lib/python3.9/site-packages/airflow/example_dags/plugins/event_listener.py
[2025-12-11T04:37:09.983+0000] {processor.py:830} INFO - Processing file /home/airflow/.local/lib/python3.9/site-packages/airflow/example_dags/plugins/event_listener.py for tasks to queue
[2025-12-11T04:37:09.986+0000] {logging_mixin.py:188} INFO - [2025-12-11T04:37:09.985+0000] {dagbag.py:545} INFO - Filling up the DagBag from /home/airflow/.local/lib/python3.9/site-packages/airflow/example_dags/plugins/event_listener.py
[2025-12-11T04:37:09.998+0000] {processor.py:842} WARNING - No viable dags retrieved from /home/airflow/.local/lib/python3.9/site-packages/airflow/example_dags/plugins/event_listener.py
[2025-12-11T04:37:10.058+0000] {processor.py:183} INFO - Processing /home/airflow/.local/lib/python3.9/site-packages/airflow/example_dags/plugins/event_listener.py took 0.115 seconds
[2025-12-11T04:37:40.699+0000] {processor.py:161} INFO - Started process (PID=2543) to work on /home/airflow/.local/lib/python3.9/site-packages/airflow/example_dags/plugins/event_listener.py
[2025-12-11T04:37:40.728+0000] {processor.py:830} INFO - Processing file /home/airflow/.local/lib/python3.9/site-packages/airflow/example_dags/plugins/event_listener.py for tasks to queue
[2025-12-11T04:37:40.731+0000] {logging_mixin.py:188} INFO - [2025-12-11T04:37:40.731+0000] {dagbag.py:545} INFO - Filling up the DagBag from /home/airflow/.local/lib/python3.9/site-packages/airflow/example_dags/plugins/event_listener.py
[2025-12-11T04:37:40.735+0000] {processor.py:842} WARNING - No viable dags retrieved from /home/airflow/.local/lib/python3.9/site-packages/airflow/example_dags/plugins/event_listener.py
[2025-12-11T04:37:40.785+0000] {processor.py:183} INFO - Processing /home/airflow/.local/lib/python3.9/site-packages/airflow/example_dags/plugins/event_listener.py took 0.104 seconds
[2025-12-11T04:38:10.959+0000] {processor.py:161} INFO - Started process (PID=2609) to work on /home/airflow/.local/lib/python3.9/site-packages/airflow/example_dags/plugins/event_listener.py
[2025-12-11T04:38:10.961+0000] {processor.py:830} INFO - Processing file /home/airflow/.local/lib/python3.9/site-packages/airflow/example_dags/plugins/event_listener.py for tasks to queue
[2025-12-11T04:38:10.979+0000] {logging_mixin.py:188} INFO - [2025-12-11T04:38:10.979+0000] {dagbag.py:545} INFO - Filling up the DagBag from /home/airflow/.local/lib/python3.9/site-packages/airflow/example_dags/plugins/event_listener.py
[2025-12-11T04:38:10.983+0000] {processor.py:842} WARNING - No viable dags retrieved from /home/airflow/.local/lib/python3.9/site-packages/airflow/example_dags/plugins/event_listener.py
[2025-12-11T04:38:11.042+0000] {processor.py:183} INFO - Processing /home/airflow/.local/lib/python3.9/site-packages/airflow/example_dags/plugins/event_listener.py took 0.138 seconds
[2025-12-11T04:38:41.501+0000] {processor.py:161} INFO - Started process (PID=2669) to work on /home/airflow/.local/lib/python3.9/site-packages/airflow/example_dags/plugins/event_listener.py
[2025-12-11T04:38:41.503+0000] {processor.py:830} INFO - Processing file /home/airflow/.local/lib/python3.9/site-packages/airflow/example_dags/plugins/event_listener.py for tasks to queue
[2025-12-11T04:38:41.505+0000] {logging_mixin.py:188} INFO - [2025-12-11T04:38:41.505+0000] {dagbag.py:545} INFO - Filling up the DagBag from /home/airflow/.local/lib/python3.9/site-packages/airflow/example_dags/plugins/event_listener.py
[2025-12-11T04:38:41.517+0000] {processor.py:842} WARNING - No viable dags retrieved from /home/airflow/.local/lib/python3.9/site-packages/airflow/example_dags/plugins/event_listener.py
[2025-12-11T04:38:41.552+0000] {processor.py:183} INFO - Processing /home/airflow/.local/lib/python3.9/site-packages/airflow/example_dags/plugins/event_listener.py took 0.070 seconds
[2025-12-11T04:39:12.746+0000] {processor.py:161} INFO - Started process (PID=2743) to work on /home/airflow/.local/lib/python3.9/site-packages/airflow/example_dags/plugins/event_listener.py
[2025-12-11T04:39:12.748+0000] {processor.py:830} INFO - Processing file /home/airflow/.local/lib/python3.9/site-packages/airflow/example_dags/plugins/event_listener.py for tasks to queue
[2025-12-11T04:39:12.758+0000] {logging_mixin.py:188} INFO - [2025-12-11T04:39:12.758+0000] {dagbag.py:545} INFO - Filling up the DagBag from /home/airflow/.local/lib/python3.9/site-packages/airflow/example_dags/plugins/event_listener.py
[2025-12-11T04:39:12.761+0000] {processor.py:842} WARNING - No viable dags retrieved from /home/airflow/.local/lib/python3.9/site-packages/airflow/example_dags/plugins/event_listener.py
[2025-12-11T04:39:12.803+0000] {processor.py:183} INFO - Processing /home/airflow/.local/lib/python3.9/site-packages/airflow/example_dags/plugins/event_listener.py took 0.066 seconds
[2025-12-11T04:39:43.918+0000] {processor.py:161} INFO - Started process (PID=2807) to work on /home/airflow/.local/lib/python3.9/site-packages/airflow/example_dags/plugins/event_listener.py
[2025-12-11T04:39:43.921+0000] {processor.py:830} INFO - Processing file /home/airflow/.local/lib/python3.9/site-packages/airflow/example_dags/plugins/event_listener.py for tasks to queue
[2025-12-11T04:39:43.924+0000] {logging_mixin.py:188} INFO - [2025-12-11T04:39:43.924+0000] {dagbag.py:545} INFO - Filling up the DagBag from /home/airflow/.local/lib/python3.9/site-packages/airflow/example_dags/plugins/event_listener.py
[2025-12-11T04:39:43.938+0000] {processor.py:842} WARNING - No viable dags retrieved from /home/airflow/.local/lib/python3.9/site-packages/airflow/example_dags/plugins/event_listener.py
[2025-12-11T04:39:44.006+0000] {processor.py:183} INFO - Processing /home/airflow/.local/lib/python3.9/site-packages/airflow/example_dags/plugins/event_listener.py took 0.123 seconds
[2025-12-11T04:40:14.344+0000] {processor.py:161} INFO - Started process (PID=2867) to work on /home/airflow/.local/lib/python3.9/site-packages/airflow/example_dags/plugins/event_listener.py
[2025-12-11T04:40:14.345+0000] {processor.py:830} INFO - Processing file /home/airflow/.local/lib/python3.9/site-packages/airflow/example_dags/plugins/event_listener.py for tasks to queue
[2025-12-11T04:40:14.348+0000] {logging_mixin.py:188} INFO - [2025-12-11T04:40:14.347+0000] {dagbag.py:545} INFO - Filling up the DagBag from /home/airflow/.local/lib/python3.9/site-packages/airflow/example_dags/plugins/event_listener.py
[2025-12-11T04:40:14.358+0000] {processor.py:842} WARNING - No viable dags retrieved from /home/airflow/.local/lib/python3.9/site-packages/airflow/example_dags/plugins/event_listener.py
[2025-12-11T04:40:14.398+0000] {processor.py:183} INFO - Processing /home/airflow/.local/lib/python3.9/site-packages/airflow/example_dags/plugins/event_listener.py took 0.072 seconds
[2025-12-11T04:40:45.906+0000] {processor.py:161} INFO - Started process (PID=2942) to work on /home/airflow/.local/lib/python3.9/site-packages/airflow/example_dags/plugins/event_listener.py
[2025-12-11T04:40:45.918+0000] {processor.py:830} INFO - Processing file /home/airflow/.local/lib/python3.9/site-packages/airflow/example_dags/plugins/event_listener.py for tasks to queue
[2025-12-11T04:40:45.921+0000] {logging_mixin.py:188} INFO - [2025-12-11T04:40:45.920+0000] {dagbag.py:545} INFO - Filling up the DagBag from /home/airflow/.local/lib/python3.9/site-packages/airflow/example_dags/plugins/event_listener.py
[2025-12-11T04:40:45.925+0000] {processor.py:842} WARNING - No viable dags retrieved from /home/airflow/.local/lib/python3.9/site-packages/airflow/example_dags/plugins/event_listener.py
[2025-12-11T04:40:46.004+0000] {processor.py:183} INFO - Processing /home/airflow/.local/lib/python3.9/site-packages/airflow/example_dags/plugins/event_listener.py took 0.122 seconds
[2025-12-11T04:41:17.486+0000] {processor.py:161} INFO - Started process (PID=3009) to work on /home/airflow/.local/lib/python3.9/site-packages/airflow/example_dags/plugins/event_listener.py
[2025-12-11T04:41:17.488+0000] {processor.py:830} INFO - Processing file /home/airflow/.local/lib/python3.9/site-packages/airflow/example_dags/plugins/event_listener.py for tasks to queue
[2025-12-11T04:41:17.498+0000] {logging_mixin.py:188} INFO - [2025-12-11T04:41:17.498+0000] {dagbag.py:545} INFO - Filling up the DagBag from /home/airflow/.local/lib/python3.9/site-packages/airflow/example_dags/plugins/event_listener.py
[2025-12-11T04:41:17.503+0000] {processor.py:842} WARNING - No viable dags retrieved from /home/airflow/.local/lib/python3.9/site-packages/airflow/example_dags/plugins/event_listener.py
[2025-12-11T04:41:17.540+0000] {processor.py:183} INFO - Processing /home/airflow/.local/lib/python3.9/site-packages/airflow/example_dags/plugins/event_listener.py took 0.071 seconds
[2025-12-11T04:41:48.018+0000] {processor.py:161} INFO - Started process (PID=3069) to work on /home/airflow/.local/lib/python3.9/site-packages/airflow/example_dags/plugins/event_listener.py
[2025-12-11T04:41:48.020+0000] {processor.py:830} INFO - Processing file /home/airflow/.local/lib/python3.9/site-packages/airflow/example_dags/plugins/event_listener.py for tasks to queue
[2025-12-11T04:41:48.024+0000] {logging_mixin.py:188} INFO - [2025-12-11T04:41:48.023+0000] {dagbag.py:545} INFO - Filling up the DagBag from /home/airflow/.local/lib/python3.9/site-packages/airflow/example_dags/plugins/event_listener.py
[2025-12-11T04:41:48.029+0000] {processor.py:842} WARNING - No viable dags retrieved from /home/airflow/.local/lib/python3.9/site-packages/airflow/example_dags/plugins/event_listener.py
[2025-12-11T04:41:48.060+0000] {processor.py:183} INFO - Processing /home/airflow/.local/lib/python3.9/site-packages/airflow/example_dags/plugins/event_listener.py took 0.076 seconds
[2025-12-11T04:42:18.348+0000] {processor.py:161} INFO - Started process (PID=3137) to work on /home/airflow/.local/lib/python3.9/site-packages/airflow/example_dags/plugins/event_listener.py
[2025-12-11T04:42:18.356+0000] {processor.py:830} INFO - Processing file /home/airflow/.local/lib/python3.9/site-packages/airflow/example_dags/plugins/event_listener.py for tasks to queue
[2025-12-11T04:42:18.359+0000] {logging_mixin.py:188} INFO - [2025-12-11T04:42:18.359+0000] {dagbag.py:545} INFO - Filling up the DagBag from /home/airflow/.local/lib/python3.9/site-packages/airflow/example_dags/plugins/event_listener.py
[2025-12-11T04:42:18.363+0000] {processor.py:842} WARNING - No viable dags retrieved from /home/airflow/.local/lib/python3.9/site-packages/airflow/example_dags/plugins/event_listener.py
[2025-12-11T04:42:18.391+0000] {processor.py:183} INFO - Processing /home/airflow/.local/lib/python3.9/site-packages/airflow/example_dags/plugins/event_listener.py took 0.055 seconds
[2025-12-11T04:42:49.266+0000] {processor.py:161} INFO - Started process (PID=3204) to work on /home/airflow/.local/lib/python3.9/site-packages/airflow/example_dags/plugins/event_listener.py
[2025-12-11T04:42:49.268+0000] {processor.py:830} INFO - Processing file /home/airflow/.local/lib/python3.9/site-packages/airflow/example_dags/plugins/event_listener.py for tasks to queue
[2025-12-11T04:42:49.278+0000] {logging_mixin.py:188} INFO - [2025-12-11T04:42:49.278+0000] {dagbag.py:545} INFO - Filling up the DagBag from /home/airflow/.local/lib/python3.9/site-packages/airflow/example_dags/plugins/event_listener.py
[2025-12-11T04:42:49.282+0000] {processor.py:842} WARNING - No viable dags retrieved from /home/airflow/.local/lib/python3.9/site-packages/airflow/example_dags/plugins/event_listener.py
[2025-12-11T04:42:49.319+0000] {processor.py:183} INFO - Processing /home/airflow/.local/lib/python3.9/site-packages/airflow/example_dags/plugins/event_listener.py took 0.070 seconds
[2025-12-11T04:43:20.313+0000] {processor.py:161} INFO - Started process (PID=3271) to work on /home/airflow/.local/lib/python3.9/site-packages/airflow/example_dags/plugins/event_listener.py
[2025-12-11T04:43:20.357+0000] {processor.py:830} INFO - Processing file /home/airflow/.local/lib/python3.9/site-packages/airflow/example_dags/plugins/event_listener.py for tasks to queue
[2025-12-11T04:43:20.360+0000] {logging_mixin.py:188} INFO - [2025-12-11T04:43:20.360+0000] {dagbag.py:545} INFO - Filling up the DagBag from /home/airflow/.local/lib/python3.9/site-packages/airflow/example_dags/plugins/event_listener.py
[2025-12-11T04:43:20.364+0000] {processor.py:842} WARNING - No viable dags retrieved from /home/airflow/.local/lib/python3.9/site-packages/airflow/example_dags/plugins/event_listener.py
[2025-12-11T04:43:20.392+0000] {processor.py:183} INFO - Processing /home/airflow/.local/lib/python3.9/site-packages/airflow/example_dags/plugins/event_listener.py took 0.089 seconds
[2025-12-11T04:43:50.653+0000] {processor.py:161} INFO - Started process (PID=3338) to work on /home/airflow/.local/lib/python3.9/site-packages/airflow/example_dags/plugins/event_listener.py
[2025-12-11T04:43:50.657+0000] {processor.py:830} INFO - Processing file /home/airflow/.local/lib/python3.9/site-packages/airflow/example_dags/plugins/event_listener.py for tasks to queue
[2025-12-11T04:43:50.659+0000] {logging_mixin.py:188} INFO - [2025-12-11T04:43:50.659+0000] {dagbag.py:545} INFO - Filling up the DagBag from /home/airflow/.local/lib/python3.9/site-packages/airflow/example_dags/plugins/event_listener.py
[2025-12-11T04:43:50.663+0000] {processor.py:842} WARNING - No viable dags retrieved from /home/airflow/.local/lib/python3.9/site-packages/airflow/example_dags/plugins/event_listener.py
[2025-12-11T04:43:50.689+0000] {processor.py:183} INFO - Processing /home/airflow/.local/lib/python3.9/site-packages/airflow/example_dags/plugins/event_listener.py took 0.046 seconds
[2025-12-11T04:44:21.332+0000] {processor.py:161} INFO - Started process (PID=3412) to work on /home/airflow/.local/lib/python3.9/site-packages/airflow/example_dags/plugins/event_listener.py
[2025-12-11T04:44:21.338+0000] {processor.py:830} INFO - Processing file /home/airflow/.local/lib/python3.9/site-packages/airflow/example_dags/plugins/event_listener.py for tasks to queue
[2025-12-11T04:44:21.341+0000] {logging_mixin.py:188} INFO - [2025-12-11T04:44:21.341+0000] {dagbag.py:545} INFO - Filling up the DagBag from /home/airflow/.local/lib/python3.9/site-packages/airflow/example_dags/plugins/event_listener.py
[2025-12-11T04:44:21.346+0000] {processor.py:842} WARNING - No viable dags retrieved from /home/airflow/.local/lib/python3.9/site-packages/airflow/example_dags/plugins/event_listener.py
[2025-12-11T04:44:21.379+0000] {processor.py:183} INFO - Processing /home/airflow/.local/lib/python3.9/site-packages/airflow/example_dags/plugins/event_listener.py took 0.060 seconds
[2025-12-11T04:44:52.041+0000] {processor.py:161} INFO - Started process (PID=3480) to work on /home/airflow/.local/lib/python3.9/site-packages/airflow/example_dags/plugins/event_listener.py
[2025-12-11T04:44:52.051+0000] {processor.py:830} INFO - Processing file /home/airflow/.local/lib/python3.9/site-packages/airflow/example_dags/plugins/event_listener.py for tasks to queue
[2025-12-11T04:44:52.055+0000] {logging_mixin.py:188} INFO - [2025-12-11T04:44:52.054+0000] {dagbag.py:545} INFO - Filling up the DagBag from /home/airflow/.local/lib/python3.9/site-packages/airflow/example_dags/plugins/event_listener.py
[2025-12-11T04:44:52.060+0000] {processor.py:842} WARNING - No viable dags retrieved from /home/airflow/.local/lib/python3.9/site-packages/airflow/example_dags/plugins/event_listener.py
[2025-12-11T04:44:52.120+0000] {processor.py:183} INFO - Processing /home/airflow/.local/lib/python3.9/site-packages/airflow/example_dags/plugins/event_listener.py took 0.096 seconds
[2025-12-11T04:45:22.738+0000] {processor.py:161} INFO - Started process (PID=3547) to work on /home/airflow/.local/lib/python3.9/site-packages/airflow/example_dags/plugins/event_listener.py
[2025-12-11T04:45:22.742+0000] {processor.py:830} INFO - Processing file /home/airflow/.local/lib/python3.9/site-packages/airflow/example_dags/plugins/event_listener.py for tasks to queue
[2025-12-11T04:45:22.745+0000] {logging_mixin.py:188} INFO - [2025-12-11T04:45:22.745+0000] {dagbag.py:545} INFO - Filling up the DagBag from /home/airflow/.local/lib/python3.9/site-packages/airflow/example_dags/plugins/event_listener.py
[2025-12-11T04:45:22.749+0000] {processor.py:842} WARNING - No viable dags retrieved from /home/airflow/.local/lib/python3.9/site-packages/airflow/example_dags/plugins/event_listener.py
[2025-12-11T04:45:22.780+0000] {processor.py:183} INFO - Processing /home/airflow/.local/lib/python3.9/site-packages/airflow/example_dags/plugins/event_listener.py took 0.056 seconds
[2025-12-11T04:45:53.669+0000] {processor.py:161} INFO - Started process (PID=3615) to work on /home/airflow/.local/lib/python3.9/site-packages/airflow/example_dags/plugins/event_listener.py
[2025-12-11T04:45:53.676+0000] {processor.py:830} INFO - Processing file /home/airflow/.local/lib/python3.9/site-packages/airflow/example_dags/plugins/event_listener.py for tasks to queue
[2025-12-11T04:45:53.679+0000] {logging_mixin.py:188} INFO - [2025-12-11T04:45:53.678+0000] {dagbag.py:545} INFO - Filling up the DagBag from /home/airflow/.local/lib/python3.9/site-packages/airflow/example_dags/plugins/event_listener.py
[2025-12-11T04:45:53.682+0000] {processor.py:842} WARNING - No viable dags retrieved from /home/airflow/.local/lib/python3.9/site-packages/airflow/example_dags/plugins/event_listener.py
[2025-12-11T04:45:53.708+0000] {processor.py:183} INFO - Processing /home/airflow/.local/lib/python3.9/site-packages/airflow/example_dags/plugins/event_listener.py took 0.048 seconds
[2025-12-11T04:46:24.452+0000] {processor.py:161} INFO - Started process (PID=3682) to work on /home/airflow/.local/lib/python3.9/site-packages/airflow/example_dags/plugins/event_listener.py
[2025-12-11T04:46:24.463+0000] {processor.py:830} INFO - Processing file /home/airflow/.local/lib/python3.9/site-packages/airflow/example_dags/plugins/event_listener.py for tasks to queue
[2025-12-11T04:46:24.470+0000] {logging_mixin.py:188} INFO - [2025-12-11T04:46:24.465+0000] {dagbag.py:545} INFO - Filling up the DagBag from /home/airflow/.local/lib/python3.9/site-packages/airflow/example_dags/plugins/event_listener.py
[2025-12-11T04:46:24.474+0000] {processor.py:842} WARNING - No viable dags retrieved from /home/airflow/.local/lib/python3.9/site-packages/airflow/example_dags/plugins/event_listener.py
[2025-12-11T04:46:24.516+0000] {processor.py:183} INFO - Processing /home/airflow/.local/lib/python3.9/site-packages/airflow/example_dags/plugins/event_listener.py took 0.077 seconds
[2025-12-11T04:46:54.647+0000] {processor.py:161} INFO - Started process (PID=3749) to work on /home/airflow/.local/lib/python3.9/site-packages/airflow/example_dags/plugins/event_listener.py
[2025-12-11T04:46:54.648+0000] {processor.py:830} INFO - Processing file /home/airflow/.local/lib/python3.9/site-packages/airflow/example_dags/plugins/event_listener.py for tasks to queue
[2025-12-11T04:46:54.651+0000] {logging_mixin.py:188} INFO - [2025-12-11T04:46:54.650+0000] {dagbag.py:545} INFO - Filling up the DagBag from /home/airflow/.local/lib/python3.9/site-packages/airflow/example_dags/plugins/event_listener.py
[2025-12-11T04:46:54.654+0000] {processor.py:842} WARNING - No viable dags retrieved from /home/airflow/.local/lib/python3.9/site-packages/airflow/example_dags/plugins/event_listener.py
[2025-12-11T04:46:54.679+0000] {processor.py:183} INFO - Processing /home/airflow/.local/lib/python3.9/site-packages/airflow/example_dags/plugins/event_listener.py took 0.042 seconds
[2025-12-11T04:47:25.262+0000] {processor.py:161} INFO - Started process (PID=3816) to work on /home/airflow/.local/lib/python3.9/site-packages/airflow/example_dags/plugins/event_listener.py
[2025-12-11T04:47:25.264+0000] {processor.py:830} INFO - Processing file /home/airflow/.local/lib/python3.9/site-packages/airflow/example_dags/plugins/event_listener.py for tasks to queue
[2025-12-11T04:47:25.268+0000] {logging_mixin.py:188} INFO - [2025-12-11T04:47:25.267+0000] {dagbag.py:545} INFO - Filling up the DagBag from /home/airflow/.local/lib/python3.9/site-packages/airflow/example_dags/plugins/event_listener.py
[2025-12-11T04:47:25.281+0000] {processor.py:842} WARNING - No viable dags retrieved from /home/airflow/.local/lib/python3.9/site-packages/airflow/example_dags/plugins/event_listener.py
[2025-12-11T04:47:25.330+0000] {processor.py:183} INFO - Processing /home/airflow/.local/lib/python3.9/site-packages/airflow/example_dags/plugins/event_listener.py took 0.089 seconds
[2025-12-11T04:47:55.779+0000] {processor.py:161} INFO - Started process (PID=3883) to work on /home/airflow/.local/lib/python3.9/site-packages/airflow/example_dags/plugins/event_listener.py
[2025-12-11T04:47:55.781+0000] {processor.py:830} INFO - Processing file /home/airflow/.local/lib/python3.9/site-packages/airflow/example_dags/plugins/event_listener.py for tasks to queue
[2025-12-11T04:47:55.783+0000] {logging_mixin.py:188} INFO - [2025-12-11T04:47:55.783+0000] {dagbag.py:545} INFO - Filling up the DagBag from /home/airflow/.local/lib/python3.9/site-packages/airflow/example_dags/plugins/event_listener.py
[2025-12-11T04:47:55.787+0000] {processor.py:842} WARNING - No viable dags retrieved from /home/airflow/.local/lib/python3.9/site-packages/airflow/example_dags/plugins/event_listener.py
[2025-12-11T04:47:55.814+0000] {processor.py:183} INFO - Processing /home/airflow/.local/lib/python3.9/site-packages/airflow/example_dags/plugins/event_listener.py took 0.046 seconds
[2025-12-11T04:48:26.866+0000] {processor.py:161} INFO - Started process (PID=3950) to work on /home/airflow/.local/lib/python3.9/site-packages/airflow/example_dags/plugins/event_listener.py
[2025-12-11T04:48:26.867+0000] {processor.py:830} INFO - Processing file /home/airflow/.local/lib/python3.9/site-packages/airflow/example_dags/plugins/event_listener.py for tasks to queue
[2025-12-11T04:48:26.869+0000] {logging_mixin.py:188} INFO - [2025-12-11T04:48:26.869+0000] {dagbag.py:545} INFO - Filling up the DagBag from /home/airflow/.local/lib/python3.9/site-packages/airflow/example_dags/plugins/event_listener.py
[2025-12-11T04:48:26.873+0000] {processor.py:842} WARNING - No viable dags retrieved from /home/airflow/.local/lib/python3.9/site-packages/airflow/example_dags/plugins/event_listener.py
[2025-12-11T04:48:26.898+0000] {processor.py:183} INFO - Processing /home/airflow/.local/lib/python3.9/site-packages/airflow/example_dags/plugins/event_listener.py took 0.043 seconds
[2025-12-11T04:48:57.209+0000] {processor.py:161} INFO - Started process (PID=4017) to work on /home/airflow/.local/lib/python3.9/site-packages/airflow/example_dags/plugins/event_listener.py
[2025-12-11T04:48:57.211+0000] {processor.py:830} INFO - Processing file /home/airflow/.local/lib/python3.9/site-packages/airflow/example_dags/plugins/event_listener.py for tasks to queue
[2025-12-11T04:48:57.214+0000] {logging_mixin.py:188} INFO - [2025-12-11T04:48:57.214+0000] {dagbag.py:545} INFO - Filling up the DagBag from /home/airflow/.local/lib/python3.9/site-packages/airflow/example_dags/plugins/event_listener.py
[2025-12-11T04:48:57.219+0000] {processor.py:842} WARNING - No viable dags retrieved from /home/airflow/.local/lib/python3.9/site-packages/airflow/example_dags/plugins/event_listener.py
[2025-12-11T04:48:57.244+0000] {processor.py:183} INFO - Processing /home/airflow/.local/lib/python3.9/site-packages/airflow/example_dags/plugins/event_listener.py took 0.047 seconds
[2025-12-11T04:49:27.926+0000] {processor.py:161} INFO - Started process (PID=4084) to work on /home/airflow/.local/lib/python3.9/site-packages/airflow/example_dags/plugins/event_listener.py
[2025-12-11T04:49:27.928+0000] {processor.py:830} INFO - Processing file /home/airflow/.local/lib/python3.9/site-packages/airflow/example_dags/plugins/event_listener.py for tasks to queue
[2025-12-11T04:49:27.939+0000] {logging_mixin.py:188} INFO - [2025-12-11T04:49:27.939+0000] {dagbag.py:545} INFO - Filling up the DagBag from /home/airflow/.local/lib/python3.9/site-packages/airflow/example_dags/plugins/event_listener.py
[2025-12-11T04:49:27.943+0000] {processor.py:842} WARNING - No viable dags retrieved from /home/airflow/.local/lib/python3.9/site-packages/airflow/example_dags/plugins/event_listener.py
[2025-12-11T04:49:28.002+0000] {processor.py:183} INFO - Processing /home/airflow/.local/lib/python3.9/site-packages/airflow/example_dags/plugins/event_listener.py took 0.093 seconds
[2025-12-11T04:49:58.908+0000] {processor.py:161} INFO - Started process (PID=4156) to work on /home/airflow/.local/lib/python3.9/site-packages/airflow/example_dags/plugins/event_listener.py
[2025-12-11T04:49:58.917+0000] {processor.py:830} INFO - Processing file /home/airflow/.local/lib/python3.9/site-packages/airflow/example_dags/plugins/event_listener.py for tasks to queue
[2025-12-11T04:49:58.920+0000] {logging_mixin.py:188} INFO - [2025-12-11T04:49:58.920+0000] {dagbag.py:545} INFO - Filling up the DagBag from /home/airflow/.local/lib/python3.9/site-packages/airflow/example_dags/plugins/event_listener.py
[2025-12-11T04:49:58.924+0000] {processor.py:842} WARNING - No viable dags retrieved from /home/airflow/.local/lib/python3.9/site-packages/airflow/example_dags/plugins/event_listener.py
[2025-12-11T04:49:58.966+0000] {processor.py:183} INFO - Processing /home/airflow/.local/lib/python3.9/site-packages/airflow/example_dags/plugins/event_listener.py took 0.068 seconds
[2025-12-11T04:50:29.909+0000] {processor.py:161} INFO - Started process (PID=4223) to work on /home/airflow/.local/lib/python3.9/site-packages/airflow/example_dags/plugins/event_listener.py
[2025-12-11T04:50:29.911+0000] {processor.py:830} INFO - Processing file /home/airflow/.local/lib/python3.9/site-packages/airflow/example_dags/plugins/event_listener.py for tasks to queue
[2025-12-11T04:50:29.913+0000] {logging_mixin.py:188} INFO - [2025-12-11T04:50:29.913+0000] {dagbag.py:545} INFO - Filling up the DagBag from /home/airflow/.local/lib/python3.9/site-packages/airflow/example_dags/plugins/event_listener.py
[2025-12-11T04:50:29.917+0000] {processor.py:842} WARNING - No viable dags retrieved from /home/airflow/.local/lib/python3.9/site-packages/airflow/example_dags/plugins/event_listener.py
[2025-12-11T04:50:29.941+0000] {processor.py:183} INFO - Processing /home/airflow/.local/lib/python3.9/site-packages/airflow/example_dags/plugins/event_listener.py took 0.042 seconds
[2025-12-11T04:51:00.851+0000] {processor.py:161} INFO - Started process (PID=4290) to work on /home/airflow/.local/lib/python3.9/site-packages/airflow/example_dags/plugins/event_listener.py
[2025-12-11T04:51:00.859+0000] {processor.py:830} INFO - Processing file /home/airflow/.local/lib/python3.9/site-packages/airflow/example_dags/plugins/event_listener.py for tasks to queue
[2025-12-11T04:51:00.862+0000] {logging_mixin.py:188} INFO - [2025-12-11T04:51:00.862+0000] {dagbag.py:545} INFO - Filling up the DagBag from /home/airflow/.local/lib/python3.9/site-packages/airflow/example_dags/plugins/event_listener.py
[2025-12-11T04:51:00.865+0000] {processor.py:842} WARNING - No viable dags retrieved from /home/airflow/.local/lib/python3.9/site-packages/airflow/example_dags/plugins/event_listener.py
[2025-12-11T04:51:00.892+0000] {processor.py:183} INFO - Processing /home/airflow/.local/lib/python3.9/site-packages/airflow/example_dags/plugins/event_listener.py took 0.051 seconds
[2025-12-11T04:51:31.221+0000] {processor.py:161} INFO - Started process (PID=4357) to work on /home/airflow/.local/lib/python3.9/site-packages/airflow/example_dags/plugins/event_listener.py
[2025-12-11T04:51:31.223+0000] {processor.py:830} INFO - Processing file /home/airflow/.local/lib/python3.9/site-packages/airflow/example_dags/plugins/event_listener.py for tasks to queue
[2025-12-11T04:51:31.226+0000] {logging_mixin.py:188} INFO - [2025-12-11T04:51:31.225+0000] {dagbag.py:545} INFO - Filling up the DagBag from /home/airflow/.local/lib/python3.9/site-packages/airflow/example_dags/plugins/event_listener.py
[2025-12-11T04:51:31.229+0000] {processor.py:842} WARNING - No viable dags retrieved from /home/airflow/.local/lib/python3.9/site-packages/airflow/example_dags/plugins/event_listener.py
[2025-12-11T04:51:31.268+0000] {processor.py:183} INFO - Processing /home/airflow/.local/lib/python3.9/site-packages/airflow/example_dags/plugins/event_listener.py took 0.066 seconds
[2025-12-11T04:52:02.199+0000] {processor.py:161} INFO - Started process (PID=4424) to work on /home/airflow/.local/lib/python3.9/site-packages/airflow/example_dags/plugins/event_listener.py
[2025-12-11T04:52:02.201+0000] {processor.py:830} INFO - Processing file /home/airflow/.local/lib/python3.9/site-packages/airflow/example_dags/plugins/event_listener.py for tasks to queue
[2025-12-11T04:52:02.204+0000] {logging_mixin.py:188} INFO - [2025-12-11T04:52:02.204+0000] {dagbag.py:545} INFO - Filling up the DagBag from /home/airflow/.local/lib/python3.9/site-packages/airflow/example_dags/plugins/event_listener.py
[2025-12-11T04:52:02.218+0000] {processor.py:842} WARNING - No viable dags retrieved from /home/airflow/.local/lib/python3.9/site-packages/airflow/example_dags/plugins/event_listener.py
[2025-12-11T04:52:02.282+0000] {processor.py:183} INFO - Processing /home/airflow/.local/lib/python3.9/site-packages/airflow/example_dags/plugins/event_listener.py took 0.105 seconds
[2025-12-11T04:52:33.158+0000] {processor.py:161} INFO - Started process (PID=4491) to work on /home/airflow/.local/lib/python3.9/site-packages/airflow/example_dags/plugins/event_listener.py
[2025-12-11T04:52:33.167+0000] {processor.py:830} INFO - Processing file /home/airflow/.local/lib/python3.9/site-packages/airflow/example_dags/plugins/event_listener.py for tasks to queue
[2025-12-11T04:52:33.179+0000] {logging_mixin.py:188} INFO - [2025-12-11T04:52:33.178+0000] {dagbag.py:545} INFO - Filling up the DagBag from /home/airflow/.local/lib/python3.9/site-packages/airflow/example_dags/plugins/event_listener.py
[2025-12-11T04:52:33.183+0000] {processor.py:842} WARNING - No viable dags retrieved from /home/airflow/.local/lib/python3.9/site-packages/airflow/example_dags/plugins/event_listener.py
[2025-12-11T04:52:33.243+0000] {processor.py:183} INFO - Processing /home/airflow/.local/lib/python3.9/site-packages/airflow/example_dags/plugins/event_listener.py took 0.115 seconds
[2025-12-11T04:53:03.737+0000] {processor.py:161} INFO - Started process (PID=4558) to work on /home/airflow/.local/lib/python3.9/site-packages/airflow/example_dags/plugins/event_listener.py
[2025-12-11T04:53:03.746+0000] {processor.py:830} INFO - Processing file /home/airflow/.local/lib/python3.9/site-packages/airflow/example_dags/plugins/event_listener.py for tasks to queue
[2025-12-11T04:53:03.758+0000] {logging_mixin.py:188} INFO - [2025-12-11T04:53:03.757+0000] {dagbag.py:545} INFO - Filling up the DagBag from /home/airflow/.local/lib/python3.9/site-packages/airflow/example_dags/plugins/event_listener.py
[2025-12-11T04:53:03.763+0000] {processor.py:842} WARNING - No viable dags retrieved from /home/airflow/.local/lib/python3.9/site-packages/airflow/example_dags/plugins/event_listener.py
[2025-12-11T04:53:03.827+0000] {processor.py:183} INFO - Processing /home/airflow/.local/lib/python3.9/site-packages/airflow/example_dags/plugins/event_listener.py took 0.110 seconds
