[2025-12-11T04:42:53.398+0000] {local_task_job_runner.py:120} INFO - ::group::Pre task execution logs
[2025-12-11T04:42:53.498+0000] {taskinstance.py:2076} INFO - Dependencies all met for dep_context=non-requeueable deps ti=<TaskInstance: ETL_toll_data.transform_data manual__2025-12-11T04:42:30+00:00 [queued]>
[2025-12-11T04:42:53.539+0000] {taskinstance.py:2076} INFO - Dependencies all met for dep_context=requeueable deps ti=<TaskInstance: ETL_toll_data.transform_data manual__2025-12-11T04:42:30+00:00 [queued]>
[2025-12-11T04:42:53.540+0000] {taskinstance.py:2306} INFO - Starting attempt 1 of 2
[2025-12-11T04:42:53.600+0000] {taskinstance.py:2330} INFO - Executing <Task(BashOperator): transform_data> on 2025-12-11 04:42:30+00:00
[2025-12-11T04:42:53.663+0000] {standard_task_runner.py:63} INFO - Started process 902 to run task
[2025-12-11T04:42:53.683+0000] {standard_task_runner.py:90} INFO - Running: ['***', 'tasks', 'run', 'ETL_toll_data', 'transform_data', 'manual__2025-12-11T04:42:30+00:00', '--job-id', '7', '--raw', '--subdir', 'DAGS_FOLDER/ETL_toll_data.py', '--cfg-path', '/tmp/tmpb5dh78a8']
[2025-12-11T04:42:53.699+0000] {standard_task_runner.py:91} INFO - Job 7: Subtask transform_data
[2025-12-11T04:42:53.801+0000] {warnings.py:109} WARNING - /home/***/.local/lib/python3.9/site-packages/***/settings.py:195: DeprecationWarning: The sql_alchemy_conn option in [core] has been moved to the sql_alchemy_conn option in [database] - the old setting has been used, but please update your config.
  SQL_ALCHEMY_CONN = conf.get("database", "SQL_ALCHEMY_CONN")

[2025-12-11T04:42:53.964+0000] {task_command.py:426} INFO - Running <TaskInstance: ETL_toll_data.transform_data manual__2025-12-11T04:42:30+00:00 [running]> on host 28ba122408b4
[2025-12-11T04:42:54.243+0000] {taskinstance.py:2648} INFO - Exporting env vars: AIRFLOW_CTX_DAG_EMAIL='hire.willie.conway@gmail.com' AIRFLOW_CTX_DAG_OWNER='willie conway' AIRFLOW_CTX_DAG_ID='ETL_toll_data' AIRFLOW_CTX_TASK_ID='transform_data' AIRFLOW_CTX_EXECUTION_DATE='2025-12-11T04:42:30+00:00' AIRFLOW_CTX_TRY_NUMBER='1' AIRFLOW_CTX_DAG_RUN_ID='manual__2025-12-11T04:42:30+00:00'
[2025-12-11T04:42:54.246+0000] {taskinstance.py:430} INFO - ::endgroup::
[2025-12-11T04:42:54.247+0000] {subprocess.py:63} INFO - Tmp dir root location: /tmp
[2025-12-11T04:42:54.248+0000] {subprocess.py:75} INFO - Running command: ['/usr/bin/bash', '-c', '\n    cd /home/project/***/dags/finalassignment &&\n    awk -F\',\' \'BEGIN{OFS=","} {$4=toupper($4)}1\' extracted_data.csv     > staging/transformed_data.csv\n    ']
[2025-12-11T04:42:54.288+0000] {subprocess.py:86} INFO - Output:
[2025-12-11T04:42:54.307+0000] {subprocess.py:97} INFO - Command exited with return code 0
[2025-12-11T04:42:54.308+0000] {taskinstance.py:441} INFO - ::group::Post task execution logs
[2025-12-11T04:42:54.385+0000] {taskinstance.py:1206} INFO - Marking task as SUCCESS. dag_id=ETL_toll_data, task_id=transform_data, run_id=manual__2025-12-11T04:42:30+00:00, execution_date=20251211T044230, start_date=20251211T044253, end_date=20251211T044254
[2025-12-11T04:42:54.440+0000] {local_task_job_runner.py:240} INFO - Task exited with return code 0
[2025-12-11T04:42:54.483+0000] {taskinstance.py:3498} INFO - 0 downstream tasks scheduled from follow-on schedule check
[2025-12-11T04:42:54.485+0000] {local_task_job_runner.py:222} INFO - ::endgroup::
