[2025-12-11T04:18:44.558+0000] {processor.py:161} INFO - Started process (PID=100) to work on /home/airflow/.local/lib/python3.9/site-packages/airflow/example_dags/example_sensor_decorator.py
[2025-12-11T04:18:44.560+0000] {processor.py:830} INFO - Processing file /home/airflow/.local/lib/python3.9/site-packages/airflow/example_dags/example_sensor_decorator.py for tasks to queue
[2025-12-11T04:18:44.563+0000] {logging_mixin.py:188} INFO - [2025-12-11T04:18:44.563+0000] {dagbag.py:545} INFO - Filling up the DagBag from /home/airflow/.local/lib/python3.9/site-packages/airflow/example_dags/example_sensor_decorator.py
[2025-12-11T04:18:44.917+0000] {processor.py:840} INFO - DAG(s) 'example_sensor_decorator' retrieved from /home/airflow/.local/lib/python3.9/site-packages/airflow/example_dags/example_sensor_decorator.py
[2025-12-11T04:18:45.460+0000] {logging_mixin.py:188} INFO - [2025-12-11T04:18:45.459+0000] {dag.py:3096} INFO - Sync 1 DAGs
[2025-12-11T04:18:45.499+0000] {logging_mixin.py:188} INFO - [2025-12-11T04:18:45.499+0000] {dag.py:3954} INFO - Setting next_dagrun for example_sensor_decorator to None, run_after=None
[2025-12-11T04:18:46.885+0000] {processor.py:183} INFO - Processing /home/airflow/.local/lib/python3.9/site-packages/airflow/example_dags/example_sensor_decorator.py took 2.342 seconds
[2025-12-11T04:19:19.244+0000] {processor.py:161} INFO - Started process (PID=166) to work on /home/airflow/.local/lib/python3.9/site-packages/airflow/example_dags/example_sensor_decorator.py
[2025-12-11T04:19:19.251+0000] {processor.py:830} INFO - Processing file /home/airflow/.local/lib/python3.9/site-packages/airflow/example_dags/example_sensor_decorator.py for tasks to queue
[2025-12-11T04:19:19.255+0000] {logging_mixin.py:188} INFO - [2025-12-11T04:19:19.254+0000] {dagbag.py:545} INFO - Filling up the DagBag from /home/airflow/.local/lib/python3.9/site-packages/airflow/example_dags/example_sensor_decorator.py
[2025-12-11T04:19:19.267+0000] {processor.py:840} INFO - DAG(s) 'example_sensor_decorator' retrieved from /home/airflow/.local/lib/python3.9/site-packages/airflow/example_dags/example_sensor_decorator.py
[2025-12-11T04:19:19.339+0000] {logging_mixin.py:188} INFO - [2025-12-11T04:19:19.338+0000] {dag.py:3096} INFO - Sync 1 DAGs
[2025-12-11T04:19:19.365+0000] {logging_mixin.py:188} INFO - [2025-12-11T04:19:19.364+0000] {dag.py:3954} INFO - Setting next_dagrun for example_sensor_decorator to None, run_after=None
[2025-12-11T04:19:19.562+0000] {processor.py:183} INFO - Processing /home/airflow/.local/lib/python3.9/site-packages/airflow/example_dags/example_sensor_decorator.py took 0.330 seconds
[2025-12-11T04:19:49.998+0000] {processor.py:161} INFO - Started process (PID=230) to work on /home/airflow/.local/lib/python3.9/site-packages/airflow/example_dags/example_sensor_decorator.py
[2025-12-11T04:19:50.070+0000] {processor.py:830} INFO - Processing file /home/airflow/.local/lib/python3.9/site-packages/airflow/example_dags/example_sensor_decorator.py for tasks to queue
[2025-12-11T04:19:50.079+0000] {logging_mixin.py:188} INFO - [2025-12-11T04:19:50.079+0000] {dagbag.py:545} INFO - Filling up the DagBag from /home/airflow/.local/lib/python3.9/site-packages/airflow/example_dags/example_sensor_decorator.py
[2025-12-11T04:19:50.097+0000] {processor.py:840} INFO - DAG(s) 'example_sensor_decorator' retrieved from /home/airflow/.local/lib/python3.9/site-packages/airflow/example_dags/example_sensor_decorator.py
[2025-12-11T04:19:50.183+0000] {logging_mixin.py:188} INFO - [2025-12-11T04:19:50.182+0000] {dag.py:3096} INFO - Sync 1 DAGs
[2025-12-11T04:19:50.220+0000] {logging_mixin.py:188} INFO - [2025-12-11T04:19:50.220+0000] {dag.py:3954} INFO - Setting next_dagrun for example_sensor_decorator to None, run_after=None
[2025-12-11T04:19:50.283+0000] {processor.py:183} INFO - Processing /home/airflow/.local/lib/python3.9/site-packages/airflow/example_dags/example_sensor_decorator.py took 0.322 seconds
[2025-12-11T04:20:20.968+0000] {processor.py:161} INFO - Started process (PID=296) to work on /home/airflow/.local/lib/python3.9/site-packages/airflow/example_dags/example_sensor_decorator.py
[2025-12-11T04:20:20.982+0000] {processor.py:830} INFO - Processing file /home/airflow/.local/lib/python3.9/site-packages/airflow/example_dags/example_sensor_decorator.py for tasks to queue
[2025-12-11T04:20:20.985+0000] {logging_mixin.py:188} INFO - [2025-12-11T04:20:20.985+0000] {dagbag.py:545} INFO - Filling up the DagBag from /home/airflow/.local/lib/python3.9/site-packages/airflow/example_dags/example_sensor_decorator.py
[2025-12-11T04:20:21.004+0000] {processor.py:840} INFO - DAG(s) 'example_sensor_decorator' retrieved from /home/airflow/.local/lib/python3.9/site-packages/airflow/example_dags/example_sensor_decorator.py
[2025-12-11T04:20:21.099+0000] {logging_mixin.py:188} INFO - [2025-12-11T04:20:21.098+0000] {dag.py:3096} INFO - Sync 1 DAGs
[2025-12-11T04:20:21.159+0000] {logging_mixin.py:188} INFO - [2025-12-11T04:20:21.158+0000] {dag.py:3954} INFO - Setting next_dagrun for example_sensor_decorator to None, run_after=None
[2025-12-11T04:20:21.225+0000] {processor.py:183} INFO - Processing /home/airflow/.local/lib/python3.9/site-packages/airflow/example_dags/example_sensor_decorator.py took 0.277 seconds
[2025-12-11T04:20:52.319+0000] {processor.py:161} INFO - Started process (PID=362) to work on /home/airflow/.local/lib/python3.9/site-packages/airflow/example_dags/example_sensor_decorator.py
[2025-12-11T04:20:52.322+0000] {processor.py:830} INFO - Processing file /home/airflow/.local/lib/python3.9/site-packages/airflow/example_dags/example_sensor_decorator.py for tasks to queue
[2025-12-11T04:20:52.325+0000] {logging_mixin.py:188} INFO - [2025-12-11T04:20:52.325+0000] {dagbag.py:545} INFO - Filling up the DagBag from /home/airflow/.local/lib/python3.9/site-packages/airflow/example_dags/example_sensor_decorator.py
[2025-12-11T04:20:52.347+0000] {processor.py:840} INFO - DAG(s) 'example_sensor_decorator' retrieved from /home/airflow/.local/lib/python3.9/site-packages/airflow/example_dags/example_sensor_decorator.py
[2025-12-11T04:20:52.477+0000] {logging_mixin.py:188} INFO - [2025-12-11T04:20:52.462+0000] {dag.py:3096} INFO - Sync 1 DAGs
[2025-12-11T04:20:52.544+0000] {logging_mixin.py:188} INFO - [2025-12-11T04:20:52.544+0000] {dag.py:3954} INFO - Setting next_dagrun for example_sensor_decorator to None, run_after=None
[2025-12-11T04:20:52.639+0000] {processor.py:183} INFO - Processing /home/airflow/.local/lib/python3.9/site-packages/airflow/example_dags/example_sensor_decorator.py took 0.353 seconds
[2025-12-11T04:21:23.668+0000] {processor.py:161} INFO - Started process (PID=427) to work on /home/airflow/.local/lib/python3.9/site-packages/airflow/example_dags/example_sensor_decorator.py
[2025-12-11T04:21:23.678+0000] {processor.py:830} INFO - Processing file /home/airflow/.local/lib/python3.9/site-packages/airflow/example_dags/example_sensor_decorator.py for tasks to queue
[2025-12-11T04:21:23.681+0000] {logging_mixin.py:188} INFO - [2025-12-11T04:21:23.680+0000] {dagbag.py:545} INFO - Filling up the DagBag from /home/airflow/.local/lib/python3.9/site-packages/airflow/example_dags/example_sensor_decorator.py
[2025-12-11T04:21:23.702+0000] {processor.py:840} INFO - DAG(s) 'example_sensor_decorator' retrieved from /home/airflow/.local/lib/python3.9/site-packages/airflow/example_dags/example_sensor_decorator.py
[2025-12-11T04:21:23.783+0000] {logging_mixin.py:188} INFO - [2025-12-11T04:21:23.782+0000] {dag.py:3096} INFO - Sync 1 DAGs
[2025-12-11T04:21:23.840+0000] {logging_mixin.py:188} INFO - [2025-12-11T04:21:23.839+0000] {dag.py:3954} INFO - Setting next_dagrun for example_sensor_decorator to None, run_after=None
[2025-12-11T04:21:23.903+0000] {processor.py:183} INFO - Processing /home/airflow/.local/lib/python3.9/site-packages/airflow/example_dags/example_sensor_decorator.py took 0.246 seconds
[2025-12-11T04:21:54.161+0000] {processor.py:161} INFO - Started process (PID=493) to work on /home/airflow/.local/lib/python3.9/site-packages/airflow/example_dags/example_sensor_decorator.py
[2025-12-11T04:21:54.194+0000] {processor.py:830} INFO - Processing file /home/airflow/.local/lib/python3.9/site-packages/airflow/example_dags/example_sensor_decorator.py for tasks to queue
[2025-12-11T04:21:54.199+0000] {logging_mixin.py:188} INFO - [2025-12-11T04:21:54.199+0000] {dagbag.py:545} INFO - Filling up the DagBag from /home/airflow/.local/lib/python3.9/site-packages/airflow/example_dags/example_sensor_decorator.py
[2025-12-11T04:21:54.210+0000] {processor.py:840} INFO - DAG(s) 'example_sensor_decorator' retrieved from /home/airflow/.local/lib/python3.9/site-packages/airflow/example_dags/example_sensor_decorator.py
[2025-12-11T04:21:54.271+0000] {logging_mixin.py:188} INFO - [2025-12-11T04:21:54.271+0000] {dag.py:3096} INFO - Sync 1 DAGs
[2025-12-11T04:21:54.318+0000] {logging_mixin.py:188} INFO - [2025-12-11T04:21:54.317+0000] {dag.py:3954} INFO - Setting next_dagrun for example_sensor_decorator to None, run_after=None
[2025-12-11T04:21:54.457+0000] {processor.py:183} INFO - Processing /home/airflow/.local/lib/python3.9/site-packages/airflow/example_dags/example_sensor_decorator.py took 0.316 seconds
[2025-12-11T04:22:24.859+0000] {processor.py:161} INFO - Started process (PID=559) to work on /home/airflow/.local/lib/python3.9/site-packages/airflow/example_dags/example_sensor_decorator.py
[2025-12-11T04:22:24.861+0000] {processor.py:830} INFO - Processing file /home/airflow/.local/lib/python3.9/site-packages/airflow/example_dags/example_sensor_decorator.py for tasks to queue
[2025-12-11T04:22:24.863+0000] {logging_mixin.py:188} INFO - [2025-12-11T04:22:24.863+0000] {dagbag.py:545} INFO - Filling up the DagBag from /home/airflow/.local/lib/python3.9/site-packages/airflow/example_dags/example_sensor_decorator.py
[2025-12-11T04:22:24.882+0000] {processor.py:840} INFO - DAG(s) 'example_sensor_decorator' retrieved from /home/airflow/.local/lib/python3.9/site-packages/airflow/example_dags/example_sensor_decorator.py
[2025-12-11T04:22:24.957+0000] {logging_mixin.py:188} INFO - [2025-12-11T04:22:24.957+0000] {dag.py:3096} INFO - Sync 1 DAGs
[2025-12-11T04:22:24.999+0000] {logging_mixin.py:188} INFO - [2025-12-11T04:22:24.998+0000] {dag.py:3954} INFO - Setting next_dagrun for example_sensor_decorator to None, run_after=None
[2025-12-11T04:22:25.077+0000] {processor.py:183} INFO - Processing /home/airflow/.local/lib/python3.9/site-packages/airflow/example_dags/example_sensor_decorator.py took 0.248 seconds
[2025-12-11T04:22:55.625+0000] {processor.py:161} INFO - Started process (PID=625) to work on /home/airflow/.local/lib/python3.9/site-packages/airflow/example_dags/example_sensor_decorator.py
[2025-12-11T04:22:55.628+0000] {processor.py:830} INFO - Processing file /home/airflow/.local/lib/python3.9/site-packages/airflow/example_dags/example_sensor_decorator.py for tasks to queue
[2025-12-11T04:22:55.641+0000] {logging_mixin.py:188} INFO - [2025-12-11T04:22:55.641+0000] {dagbag.py:545} INFO - Filling up the DagBag from /home/airflow/.local/lib/python3.9/site-packages/airflow/example_dags/example_sensor_decorator.py
[2025-12-11T04:22:55.660+0000] {processor.py:840} INFO - DAG(s) 'example_sensor_decorator' retrieved from /home/airflow/.local/lib/python3.9/site-packages/airflow/example_dags/example_sensor_decorator.py
[2025-12-11T04:22:55.732+0000] {logging_mixin.py:188} INFO - [2025-12-11T04:22:55.731+0000] {dag.py:3096} INFO - Sync 1 DAGs
[2025-12-11T04:22:55.787+0000] {logging_mixin.py:188} INFO - [2025-12-11T04:22:55.787+0000] {dag.py:3954} INFO - Setting next_dagrun for example_sensor_decorator to None, run_after=None
[2025-12-11T04:22:55.899+0000] {processor.py:183} INFO - Processing /home/airflow/.local/lib/python3.9/site-packages/airflow/example_dags/example_sensor_decorator.py took 0.291 seconds
[2025-12-11T04:23:26.152+0000] {processor.py:161} INFO - Started process (PID=691) to work on /home/airflow/.local/lib/python3.9/site-packages/airflow/example_dags/example_sensor_decorator.py
[2025-12-11T04:23:26.163+0000] {processor.py:830} INFO - Processing file /home/airflow/.local/lib/python3.9/site-packages/airflow/example_dags/example_sensor_decorator.py for tasks to queue
[2025-12-11T04:23:26.166+0000] {logging_mixin.py:188} INFO - [2025-12-11T04:23:26.166+0000] {dagbag.py:545} INFO - Filling up the DagBag from /home/airflow/.local/lib/python3.9/site-packages/airflow/example_dags/example_sensor_decorator.py
[2025-12-11T04:23:26.183+0000] {processor.py:840} INFO - DAG(s) 'example_sensor_decorator' retrieved from /home/airflow/.local/lib/python3.9/site-packages/airflow/example_dags/example_sensor_decorator.py
[2025-12-11T04:23:26.223+0000] {logging_mixin.py:188} INFO - [2025-12-11T04:23:26.223+0000] {dag.py:3096} INFO - Sync 1 DAGs
[2025-12-11T04:23:26.246+0000] {logging_mixin.py:188} INFO - [2025-12-11T04:23:26.246+0000] {dag.py:3954} INFO - Setting next_dagrun for example_sensor_decorator to None, run_after=None
[2025-12-11T04:23:26.279+0000] {processor.py:183} INFO - Processing /home/airflow/.local/lib/python3.9/site-packages/airflow/example_dags/example_sensor_decorator.py took 0.137 seconds
[2025-12-11T04:23:56.821+0000] {processor.py:161} INFO - Started process (PID=757) to work on /home/airflow/.local/lib/python3.9/site-packages/airflow/example_dags/example_sensor_decorator.py
[2025-12-11T04:23:56.823+0000] {processor.py:830} INFO - Processing file /home/airflow/.local/lib/python3.9/site-packages/airflow/example_dags/example_sensor_decorator.py for tasks to queue
[2025-12-11T04:23:56.825+0000] {logging_mixin.py:188} INFO - [2025-12-11T04:23:56.825+0000] {dagbag.py:545} INFO - Filling up the DagBag from /home/airflow/.local/lib/python3.9/site-packages/airflow/example_dags/example_sensor_decorator.py
[2025-12-11T04:23:56.843+0000] {processor.py:840} INFO - DAG(s) 'example_sensor_decorator' retrieved from /home/airflow/.local/lib/python3.9/site-packages/airflow/example_dags/example_sensor_decorator.py
[2025-12-11T04:23:56.889+0000] {logging_mixin.py:188} INFO - [2025-12-11T04:23:56.888+0000] {dag.py:3096} INFO - Sync 1 DAGs
[2025-12-11T04:23:56.925+0000] {logging_mixin.py:188} INFO - [2025-12-11T04:23:56.924+0000] {dag.py:3954} INFO - Setting next_dagrun for example_sensor_decorator to None, run_after=None
[2025-12-11T04:23:56.980+0000] {processor.py:183} INFO - Processing /home/airflow/.local/lib/python3.9/site-packages/airflow/example_dags/example_sensor_decorator.py took 0.178 seconds
[2025-12-11T04:24:27.363+0000] {processor.py:161} INFO - Started process (PID=823) to work on /home/airflow/.local/lib/python3.9/site-packages/airflow/example_dags/example_sensor_decorator.py
[2025-12-11T04:24:27.371+0000] {processor.py:830} INFO - Processing file /home/airflow/.local/lib/python3.9/site-packages/airflow/example_dags/example_sensor_decorator.py for tasks to queue
[2025-12-11T04:24:27.379+0000] {logging_mixin.py:188} INFO - [2025-12-11T04:24:27.379+0000] {dagbag.py:545} INFO - Filling up the DagBag from /home/airflow/.local/lib/python3.9/site-packages/airflow/example_dags/example_sensor_decorator.py
[2025-12-11T04:24:27.397+0000] {processor.py:840} INFO - DAG(s) 'example_sensor_decorator' retrieved from /home/airflow/.local/lib/python3.9/site-packages/airflow/example_dags/example_sensor_decorator.py
[2025-12-11T04:24:27.457+0000] {logging_mixin.py:188} INFO - [2025-12-11T04:24:27.448+0000] {dag.py:3096} INFO - Sync 1 DAGs
[2025-12-11T04:24:27.483+0000] {logging_mixin.py:188} INFO - [2025-12-11T04:24:27.482+0000] {dag.py:3954} INFO - Setting next_dagrun for example_sensor_decorator to None, run_after=None
[2025-12-11T04:24:27.529+0000] {processor.py:183} INFO - Processing /home/airflow/.local/lib/python3.9/site-packages/airflow/example_dags/example_sensor_decorator.py took 0.183 seconds
[2025-12-11T04:24:58.347+0000] {processor.py:161} INFO - Started process (PID=889) to work on /home/airflow/.local/lib/python3.9/site-packages/airflow/example_dags/example_sensor_decorator.py
[2025-12-11T04:24:58.349+0000] {processor.py:830} INFO - Processing file /home/airflow/.local/lib/python3.9/site-packages/airflow/example_dags/example_sensor_decorator.py for tasks to queue
[2025-12-11T04:24:58.352+0000] {logging_mixin.py:188} INFO - [2025-12-11T04:24:58.352+0000] {dagbag.py:545} INFO - Filling up the DagBag from /home/airflow/.local/lib/python3.9/site-packages/airflow/example_dags/example_sensor_decorator.py
[2025-12-11T04:24:58.364+0000] {processor.py:840} INFO - DAG(s) 'example_sensor_decorator' retrieved from /home/airflow/.local/lib/python3.9/site-packages/airflow/example_dags/example_sensor_decorator.py
[2025-12-11T04:24:58.407+0000] {logging_mixin.py:188} INFO - [2025-12-11T04:24:58.407+0000] {dag.py:3096} INFO - Sync 1 DAGs
[2025-12-11T04:24:58.429+0000] {logging_mixin.py:188} INFO - [2025-12-11T04:24:58.429+0000] {dag.py:3954} INFO - Setting next_dagrun for example_sensor_decorator to None, run_after=None
[2025-12-11T04:24:58.470+0000] {processor.py:183} INFO - Processing /home/airflow/.local/lib/python3.9/site-packages/airflow/example_dags/example_sensor_decorator.py took 0.146 seconds
[2025-12-11T04:25:28.640+0000] {processor.py:161} INFO - Started process (PID=954) to work on /home/airflow/.local/lib/python3.9/site-packages/airflow/example_dags/example_sensor_decorator.py
[2025-12-11T04:25:28.649+0000] {processor.py:830} INFO - Processing file /home/airflow/.local/lib/python3.9/site-packages/airflow/example_dags/example_sensor_decorator.py for tasks to queue
[2025-12-11T04:25:28.651+0000] {logging_mixin.py:188} INFO - [2025-12-11T04:25:28.651+0000] {dagbag.py:545} INFO - Filling up the DagBag from /home/airflow/.local/lib/python3.9/site-packages/airflow/example_dags/example_sensor_decorator.py
[2025-12-11T04:25:28.662+0000] {processor.py:840} INFO - DAG(s) 'example_sensor_decorator' retrieved from /home/airflow/.local/lib/python3.9/site-packages/airflow/example_dags/example_sensor_decorator.py
[2025-12-11T04:25:28.697+0000] {logging_mixin.py:188} INFO - [2025-12-11T04:25:28.697+0000] {dag.py:3096} INFO - Sync 1 DAGs
[2025-12-11T04:25:28.716+0000] {logging_mixin.py:188} INFO - [2025-12-11T04:25:28.715+0000] {dag.py:3954} INFO - Setting next_dagrun for example_sensor_decorator to None, run_after=None
[2025-12-11T04:25:28.747+0000] {processor.py:183} INFO - Processing /home/airflow/.local/lib/python3.9/site-packages/airflow/example_dags/example_sensor_decorator.py took 0.119 seconds
[2025-12-11T04:25:58.863+0000] {processor.py:161} INFO - Started process (PID=1020) to work on /home/airflow/.local/lib/python3.9/site-packages/airflow/example_dags/example_sensor_decorator.py
[2025-12-11T04:25:58.873+0000] {processor.py:830} INFO - Processing file /home/airflow/.local/lib/python3.9/site-packages/airflow/example_dags/example_sensor_decorator.py for tasks to queue
[2025-12-11T04:25:58.876+0000] {logging_mixin.py:188} INFO - [2025-12-11T04:25:58.875+0000] {dagbag.py:545} INFO - Filling up the DagBag from /home/airflow/.local/lib/python3.9/site-packages/airflow/example_dags/example_sensor_decorator.py
[2025-12-11T04:25:58.887+0000] {processor.py:840} INFO - DAG(s) 'example_sensor_decorator' retrieved from /home/airflow/.local/lib/python3.9/site-packages/airflow/example_dags/example_sensor_decorator.py
[2025-12-11T04:25:58.923+0000] {logging_mixin.py:188} INFO - [2025-12-11T04:25:58.923+0000] {dag.py:3096} INFO - Sync 1 DAGs
[2025-12-11T04:25:58.944+0000] {logging_mixin.py:188} INFO - [2025-12-11T04:25:58.943+0000] {dag.py:3954} INFO - Setting next_dagrun for example_sensor_decorator to None, run_after=None
[2025-12-11T04:25:58.975+0000] {processor.py:183} INFO - Processing /home/airflow/.local/lib/python3.9/site-packages/airflow/example_dags/example_sensor_decorator.py took 0.123 seconds
[2025-12-11T04:26:29.648+0000] {processor.py:161} INFO - Started process (PID=1086) to work on /home/airflow/.local/lib/python3.9/site-packages/airflow/example_dags/example_sensor_decorator.py
[2025-12-11T04:26:29.654+0000] {processor.py:830} INFO - Processing file /home/airflow/.local/lib/python3.9/site-packages/airflow/example_dags/example_sensor_decorator.py for tasks to queue
[2025-12-11T04:26:29.657+0000] {logging_mixin.py:188} INFO - [2025-12-11T04:26:29.656+0000] {dagbag.py:545} INFO - Filling up the DagBag from /home/airflow/.local/lib/python3.9/site-packages/airflow/example_dags/example_sensor_decorator.py
[2025-12-11T04:26:29.667+0000] {processor.py:840} INFO - DAG(s) 'example_sensor_decorator' retrieved from /home/airflow/.local/lib/python3.9/site-packages/airflow/example_dags/example_sensor_decorator.py
[2025-12-11T04:26:29.703+0000] {logging_mixin.py:188} INFO - [2025-12-11T04:26:29.703+0000] {dag.py:3096} INFO - Sync 1 DAGs
[2025-12-11T04:26:29.724+0000] {logging_mixin.py:188} INFO - [2025-12-11T04:26:29.724+0000] {dag.py:3954} INFO - Setting next_dagrun for example_sensor_decorator to None, run_after=None
[2025-12-11T04:26:29.753+0000] {processor.py:183} INFO - Processing /home/airflow/.local/lib/python3.9/site-packages/airflow/example_dags/example_sensor_decorator.py took 0.116 seconds
[2025-12-11T04:27:01.149+0000] {processor.py:161} INFO - Started process (PID=1159) to work on /home/airflow/.local/lib/python3.9/site-packages/airflow/example_dags/example_sensor_decorator.py
[2025-12-11T04:27:01.211+0000] {processor.py:830} INFO - Processing file /home/airflow/.local/lib/python3.9/site-packages/airflow/example_dags/example_sensor_decorator.py for tasks to queue
[2025-12-11T04:27:01.214+0000] {logging_mixin.py:188} INFO - [2025-12-11T04:27:01.214+0000] {dagbag.py:545} INFO - Filling up the DagBag from /home/airflow/.local/lib/python3.9/site-packages/airflow/example_dags/example_sensor_decorator.py
[2025-12-11T04:27:01.224+0000] {processor.py:840} INFO - DAG(s) 'example_sensor_decorator' retrieved from /home/airflow/.local/lib/python3.9/site-packages/airflow/example_dags/example_sensor_decorator.py
[2025-12-11T04:27:01.283+0000] {logging_mixin.py:188} INFO - [2025-12-11T04:27:01.283+0000] {dag.py:3096} INFO - Sync 1 DAGs
[2025-12-11T04:27:01.306+0000] {logging_mixin.py:188} INFO - [2025-12-11T04:27:01.306+0000] {dag.py:3954} INFO - Setting next_dagrun for example_sensor_decorator to None, run_after=None
[2025-12-11T04:27:01.481+0000] {processor.py:183} INFO - Processing /home/airflow/.local/lib/python3.9/site-packages/airflow/example_dags/example_sensor_decorator.py took 0.351 seconds
[2025-12-11T04:27:32.363+0000] {processor.py:161} INFO - Started process (PID=1225) to work on /home/airflow/.local/lib/python3.9/site-packages/airflow/example_dags/example_sensor_decorator.py
[2025-12-11T04:27:32.373+0000] {processor.py:830} INFO - Processing file /home/airflow/.local/lib/python3.9/site-packages/airflow/example_dags/example_sensor_decorator.py for tasks to queue
[2025-12-11T04:27:32.379+0000] {logging_mixin.py:188} INFO - [2025-12-11T04:27:32.379+0000] {dagbag.py:545} INFO - Filling up the DagBag from /home/airflow/.local/lib/python3.9/site-packages/airflow/example_dags/example_sensor_decorator.py
[2025-12-11T04:27:32.421+0000] {processor.py:840} INFO - DAG(s) 'example_sensor_decorator' retrieved from /home/airflow/.local/lib/python3.9/site-packages/airflow/example_dags/example_sensor_decorator.py
[2025-12-11T04:27:32.522+0000] {logging_mixin.py:188} INFO - [2025-12-11T04:27:32.521+0000] {dag.py:3096} INFO - Sync 1 DAGs
[2025-12-11T04:27:32.579+0000] {logging_mixin.py:188} INFO - [2025-12-11T04:27:32.579+0000] {dag.py:3954} INFO - Setting next_dagrun for example_sensor_decorator to None, run_after=None
[2025-12-11T04:27:32.680+0000] {processor.py:183} INFO - Processing /home/airflow/.local/lib/python3.9/site-packages/airflow/example_dags/example_sensor_decorator.py took 0.337 seconds
[2025-12-11T04:28:03.708+0000] {processor.py:161} INFO - Started process (PID=1291) to work on /home/airflow/.local/lib/python3.9/site-packages/airflow/example_dags/example_sensor_decorator.py
[2025-12-11T04:28:03.718+0000] {processor.py:830} INFO - Processing file /home/airflow/.local/lib/python3.9/site-packages/airflow/example_dags/example_sensor_decorator.py for tasks to queue
[2025-12-11T04:28:03.722+0000] {logging_mixin.py:188} INFO - [2025-12-11T04:28:03.721+0000] {dagbag.py:545} INFO - Filling up the DagBag from /home/airflow/.local/lib/python3.9/site-packages/airflow/example_dags/example_sensor_decorator.py
[2025-12-11T04:28:03.745+0000] {processor.py:840} INFO - DAG(s) 'example_sensor_decorator' retrieved from /home/airflow/.local/lib/python3.9/site-packages/airflow/example_dags/example_sensor_decorator.py
[2025-12-11T04:28:03.839+0000] {logging_mixin.py:188} INFO - [2025-12-11T04:28:03.838+0000] {dag.py:3096} INFO - Sync 1 DAGs
[2025-12-11T04:28:03.898+0000] {logging_mixin.py:188} INFO - [2025-12-11T04:28:03.897+0000] {dag.py:3954} INFO - Setting next_dagrun for example_sensor_decorator to None, run_after=None
[2025-12-11T04:28:03.960+0000] {processor.py:183} INFO - Processing /home/airflow/.local/lib/python3.9/site-packages/airflow/example_dags/example_sensor_decorator.py took 0.263 seconds
[2025-12-11T04:28:34.464+0000] {processor.py:161} INFO - Started process (PID=1357) to work on /home/airflow/.local/lib/python3.9/site-packages/airflow/example_dags/example_sensor_decorator.py
[2025-12-11T04:28:34.539+0000] {processor.py:830} INFO - Processing file /home/airflow/.local/lib/python3.9/site-packages/airflow/example_dags/example_sensor_decorator.py for tasks to queue
[2025-12-11T04:28:34.542+0000] {logging_mixin.py:188} INFO - [2025-12-11T04:28:34.542+0000] {dagbag.py:545} INFO - Filling up the DagBag from /home/airflow/.local/lib/python3.9/site-packages/airflow/example_dags/example_sensor_decorator.py
[2025-12-11T04:28:34.564+0000] {processor.py:840} INFO - DAG(s) 'example_sensor_decorator' retrieved from /home/airflow/.local/lib/python3.9/site-packages/airflow/example_dags/example_sensor_decorator.py
[2025-12-11T04:28:34.645+0000] {logging_mixin.py:188} INFO - [2025-12-11T04:28:34.644+0000] {dag.py:3096} INFO - Sync 1 DAGs
[2025-12-11T04:28:34.823+0000] {logging_mixin.py:188} INFO - [2025-12-11T04:28:34.822+0000] {dag.py:3954} INFO - Setting next_dagrun for example_sensor_decorator to None, run_after=None
[2025-12-11T04:28:34.902+0000] {processor.py:183} INFO - Processing /home/airflow/.local/lib/python3.9/site-packages/airflow/example_dags/example_sensor_decorator.py took 0.459 seconds
[2025-12-11T04:29:05.326+0000] {processor.py:161} INFO - Started process (PID=1423) to work on /home/airflow/.local/lib/python3.9/site-packages/airflow/example_dags/example_sensor_decorator.py
[2025-12-11T04:29:05.341+0000] {processor.py:830} INFO - Processing file /home/airflow/.local/lib/python3.9/site-packages/airflow/example_dags/example_sensor_decorator.py for tasks to queue
[2025-12-11T04:29:05.345+0000] {logging_mixin.py:188} INFO - [2025-12-11T04:29:05.344+0000] {dagbag.py:545} INFO - Filling up the DagBag from /home/airflow/.local/lib/python3.9/site-packages/airflow/example_dags/example_sensor_decorator.py
[2025-12-11T04:29:05.366+0000] {processor.py:840} INFO - DAG(s) 'example_sensor_decorator' retrieved from /home/airflow/.local/lib/python3.9/site-packages/airflow/example_dags/example_sensor_decorator.py
[2025-12-11T04:29:05.465+0000] {logging_mixin.py:188} INFO - [2025-12-11T04:29:05.464+0000] {dag.py:3096} INFO - Sync 1 DAGs
[2025-12-11T04:29:05.505+0000] {logging_mixin.py:188} INFO - [2025-12-11T04:29:05.504+0000] {dag.py:3954} INFO - Setting next_dagrun for example_sensor_decorator to None, run_after=None
[2025-12-11T04:29:05.600+0000] {processor.py:183} INFO - Processing /home/airflow/.local/lib/python3.9/site-packages/airflow/example_dags/example_sensor_decorator.py took 0.298 seconds
[2025-12-11T04:29:36.146+0000] {processor.py:161} INFO - Started process (PID=1489) to work on /home/airflow/.local/lib/python3.9/site-packages/airflow/example_dags/example_sensor_decorator.py
[2025-12-11T04:29:36.148+0000] {processor.py:830} INFO - Processing file /home/airflow/.local/lib/python3.9/site-packages/airflow/example_dags/example_sensor_decorator.py for tasks to queue
[2025-12-11T04:29:36.159+0000] {logging_mixin.py:188} INFO - [2025-12-11T04:29:36.159+0000] {dagbag.py:545} INFO - Filling up the DagBag from /home/airflow/.local/lib/python3.9/site-packages/airflow/example_dags/example_sensor_decorator.py
[2025-12-11T04:29:36.178+0000] {processor.py:840} INFO - DAG(s) 'example_sensor_decorator' retrieved from /home/airflow/.local/lib/python3.9/site-packages/airflow/example_dags/example_sensor_decorator.py
[2025-12-11T04:29:36.247+0000] {logging_mixin.py:188} INFO - [2025-12-11T04:29:36.247+0000] {dag.py:3096} INFO - Sync 1 DAGs
[2025-12-11T04:29:36.298+0000] {logging_mixin.py:188} INFO - [2025-12-11T04:29:36.298+0000] {dag.py:3954} INFO - Setting next_dagrun for example_sensor_decorator to None, run_after=None
[2025-12-11T04:29:36.378+0000] {processor.py:183} INFO - Processing /home/airflow/.local/lib/python3.9/site-packages/airflow/example_dags/example_sensor_decorator.py took 0.251 seconds
[2025-12-11T04:30:06.645+0000] {processor.py:161} INFO - Started process (PID=1555) to work on /home/airflow/.local/lib/python3.9/site-packages/airflow/example_dags/example_sensor_decorator.py
[2025-12-11T04:30:06.658+0000] {processor.py:830} INFO - Processing file /home/airflow/.local/lib/python3.9/site-packages/airflow/example_dags/example_sensor_decorator.py for tasks to queue
[2025-12-11T04:30:06.661+0000] {logging_mixin.py:188} INFO - [2025-12-11T04:30:06.661+0000] {dagbag.py:545} INFO - Filling up the DagBag from /home/airflow/.local/lib/python3.9/site-packages/airflow/example_dags/example_sensor_decorator.py
[2025-12-11T04:30:06.686+0000] {processor.py:840} INFO - DAG(s) 'example_sensor_decorator' retrieved from /home/airflow/.local/lib/python3.9/site-packages/airflow/example_dags/example_sensor_decorator.py
[2025-12-11T04:30:06.782+0000] {logging_mixin.py:188} INFO - [2025-12-11T04:30:06.781+0000] {dag.py:3096} INFO - Sync 1 DAGs
[2025-12-11T04:30:06.845+0000] {logging_mixin.py:188} INFO - [2025-12-11T04:30:06.845+0000] {dag.py:3954} INFO - Setting next_dagrun for example_sensor_decorator to None, run_after=None
[2025-12-11T04:30:07.123+0000] {processor.py:183} INFO - Processing /home/airflow/.local/lib/python3.9/site-packages/airflow/example_dags/example_sensor_decorator.py took 0.500 seconds
[2025-12-11T04:30:37.646+0000] {processor.py:161} INFO - Started process (PID=1619) to work on /home/airflow/.local/lib/python3.9/site-packages/airflow/example_dags/example_sensor_decorator.py
[2025-12-11T04:30:37.665+0000] {processor.py:830} INFO - Processing file /home/airflow/.local/lib/python3.9/site-packages/airflow/example_dags/example_sensor_decorator.py for tasks to queue
[2025-12-11T04:30:37.674+0000] {logging_mixin.py:188} INFO - [2025-12-11T04:30:37.673+0000] {dagbag.py:545} INFO - Filling up the DagBag from /home/airflow/.local/lib/python3.9/site-packages/airflow/example_dags/example_sensor_decorator.py
[2025-12-11T04:30:37.690+0000] {processor.py:840} INFO - DAG(s) 'example_sensor_decorator' retrieved from /home/airflow/.local/lib/python3.9/site-packages/airflow/example_dags/example_sensor_decorator.py
[2025-12-11T04:30:37.758+0000] {logging_mixin.py:188} INFO - [2025-12-11T04:30:37.758+0000] {dag.py:3096} INFO - Sync 1 DAGs
[2025-12-11T04:30:37.819+0000] {logging_mixin.py:188} INFO - [2025-12-11T04:30:37.818+0000] {dag.py:3954} INFO - Setting next_dagrun for example_sensor_decorator to None, run_after=None
[2025-12-11T04:30:38.198+0000] {processor.py:183} INFO - Processing /home/airflow/.local/lib/python3.9/site-packages/airflow/example_dags/example_sensor_decorator.py took 0.578 seconds
[2025-12-11T04:31:08.503+0000] {processor.py:161} INFO - Started process (PID=1685) to work on /home/airflow/.local/lib/python3.9/site-packages/airflow/example_dags/example_sensor_decorator.py
[2025-12-11T04:31:08.517+0000] {processor.py:830} INFO - Processing file /home/airflow/.local/lib/python3.9/site-packages/airflow/example_dags/example_sensor_decorator.py for tasks to queue
[2025-12-11T04:31:08.522+0000] {logging_mixin.py:188} INFO - [2025-12-11T04:31:08.521+0000] {dagbag.py:545} INFO - Filling up the DagBag from /home/airflow/.local/lib/python3.9/site-packages/airflow/example_dags/example_sensor_decorator.py
[2025-12-11T04:31:08.543+0000] {processor.py:840} INFO - DAG(s) 'example_sensor_decorator' retrieved from /home/airflow/.local/lib/python3.9/site-packages/airflow/example_dags/example_sensor_decorator.py
[2025-12-11T04:31:08.593+0000] {logging_mixin.py:188} INFO - [2025-12-11T04:31:08.593+0000] {dag.py:3096} INFO - Sync 1 DAGs
[2025-12-11T04:31:08.613+0000] {logging_mixin.py:188} INFO - [2025-12-11T04:31:08.613+0000] {dag.py:3954} INFO - Setting next_dagrun for example_sensor_decorator to None, run_after=None
[2025-12-11T04:31:08.641+0000] {processor.py:183} INFO - Processing /home/airflow/.local/lib/python3.9/site-packages/airflow/example_dags/example_sensor_decorator.py took 0.160 seconds
[2025-12-11T04:31:38.893+0000] {processor.py:161} INFO - Started process (PID=1751) to work on /home/airflow/.local/lib/python3.9/site-packages/airflow/example_dags/example_sensor_decorator.py
[2025-12-11T04:31:38.895+0000] {processor.py:830} INFO - Processing file /home/airflow/.local/lib/python3.9/site-packages/airflow/example_dags/example_sensor_decorator.py for tasks to queue
[2025-12-11T04:31:38.898+0000] {logging_mixin.py:188} INFO - [2025-12-11T04:31:38.898+0000] {dagbag.py:545} INFO - Filling up the DagBag from /home/airflow/.local/lib/python3.9/site-packages/airflow/example_dags/example_sensor_decorator.py
[2025-12-11T04:31:38.910+0000] {processor.py:840} INFO - DAG(s) 'example_sensor_decorator' retrieved from /home/airflow/.local/lib/python3.9/site-packages/airflow/example_dags/example_sensor_decorator.py
[2025-12-11T04:31:38.960+0000] {logging_mixin.py:188} INFO - [2025-12-11T04:31:38.960+0000] {dag.py:3096} INFO - Sync 1 DAGs
[2025-12-11T04:31:38.986+0000] {logging_mixin.py:188} INFO - [2025-12-11T04:31:38.986+0000] {dag.py:3954} INFO - Setting next_dagrun for example_sensor_decorator to None, run_after=None
[2025-12-11T04:31:39.034+0000] {processor.py:183} INFO - Processing /home/airflow/.local/lib/python3.9/site-packages/airflow/example_dags/example_sensor_decorator.py took 0.151 seconds
[2025-12-11T04:32:09.252+0000] {processor.py:161} INFO - Started process (PID=1817) to work on /home/airflow/.local/lib/python3.9/site-packages/airflow/example_dags/example_sensor_decorator.py
[2025-12-11T04:32:09.268+0000] {processor.py:830} INFO - Processing file /home/airflow/.local/lib/python3.9/site-packages/airflow/example_dags/example_sensor_decorator.py for tasks to queue
[2025-12-11T04:32:09.275+0000] {logging_mixin.py:188} INFO - [2025-12-11T04:32:09.274+0000] {dagbag.py:545} INFO - Filling up the DagBag from /home/airflow/.local/lib/python3.9/site-packages/airflow/example_dags/example_sensor_decorator.py
[2025-12-11T04:32:09.288+0000] {processor.py:840} INFO - DAG(s) 'example_sensor_decorator' retrieved from /home/airflow/.local/lib/python3.9/site-packages/airflow/example_dags/example_sensor_decorator.py
[2025-12-11T04:32:09.334+0000] {logging_mixin.py:188} INFO - [2025-12-11T04:32:09.334+0000] {dag.py:3096} INFO - Sync 1 DAGs
[2025-12-11T04:32:09.355+0000] {logging_mixin.py:188} INFO - [2025-12-11T04:32:09.354+0000] {dag.py:3954} INFO - Setting next_dagrun for example_sensor_decorator to None, run_after=None
[2025-12-11T04:32:09.546+0000] {processor.py:183} INFO - Processing /home/airflow/.local/lib/python3.9/site-packages/airflow/example_dags/example_sensor_decorator.py took 0.307 seconds
[2025-12-11T04:32:40.184+0000] {processor.py:161} INFO - Started process (PID=1883) to work on /home/airflow/.local/lib/python3.9/site-packages/airflow/example_dags/example_sensor_decorator.py
[2025-12-11T04:32:40.186+0000] {processor.py:830} INFO - Processing file /home/airflow/.local/lib/python3.9/site-packages/airflow/example_dags/example_sensor_decorator.py for tasks to queue
[2025-12-11T04:32:40.190+0000] {logging_mixin.py:188} INFO - [2025-12-11T04:32:40.189+0000] {dagbag.py:545} INFO - Filling up the DagBag from /home/airflow/.local/lib/python3.9/site-packages/airflow/example_dags/example_sensor_decorator.py
[2025-12-11T04:32:40.203+0000] {processor.py:840} INFO - DAG(s) 'example_sensor_decorator' retrieved from /home/airflow/.local/lib/python3.9/site-packages/airflow/example_dags/example_sensor_decorator.py
[2025-12-11T04:32:40.248+0000] {logging_mixin.py:188} INFO - [2025-12-11T04:32:40.248+0000] {dag.py:3096} INFO - Sync 1 DAGs
[2025-12-11T04:32:40.275+0000] {logging_mixin.py:188} INFO - [2025-12-11T04:32:40.274+0000] {dag.py:3954} INFO - Setting next_dagrun for example_sensor_decorator to None, run_after=None
[2025-12-11T04:32:40.324+0000] {processor.py:183} INFO - Processing /home/airflow/.local/lib/python3.9/site-packages/airflow/example_dags/example_sensor_decorator.py took 0.159 seconds
[2025-12-11T04:33:10.427+0000] {processor.py:161} INFO - Started process (PID=1949) to work on /home/airflow/.local/lib/python3.9/site-packages/airflow/example_dags/example_sensor_decorator.py
[2025-12-11T04:33:10.454+0000] {processor.py:830} INFO - Processing file /home/airflow/.local/lib/python3.9/site-packages/airflow/example_dags/example_sensor_decorator.py for tasks to queue
[2025-12-11T04:33:10.460+0000] {logging_mixin.py:188} INFO - [2025-12-11T04:33:10.460+0000] {dagbag.py:545} INFO - Filling up the DagBag from /home/airflow/.local/lib/python3.9/site-packages/airflow/example_dags/example_sensor_decorator.py
[2025-12-11T04:33:10.480+0000] {processor.py:840} INFO - DAG(s) 'example_sensor_decorator' retrieved from /home/airflow/.local/lib/python3.9/site-packages/airflow/example_dags/example_sensor_decorator.py
[2025-12-11T04:33:10.538+0000] {logging_mixin.py:188} INFO - [2025-12-11T04:33:10.537+0000] {dag.py:3096} INFO - Sync 1 DAGs
[2025-12-11T04:33:10.591+0000] {logging_mixin.py:188} INFO - [2025-12-11T04:33:10.591+0000] {dag.py:3954} INFO - Setting next_dagrun for example_sensor_decorator to None, run_after=None
[2025-12-11T04:33:10.820+0000] {processor.py:183} INFO - Processing /home/airflow/.local/lib/python3.9/site-packages/airflow/example_dags/example_sensor_decorator.py took 0.413 seconds
[2025-12-11T04:33:41.386+0000] {processor.py:161} INFO - Started process (PID=2016) to work on /home/airflow/.local/lib/python3.9/site-packages/airflow/example_dags/example_sensor_decorator.py
[2025-12-11T04:33:41.394+0000] {processor.py:830} INFO - Processing file /home/airflow/.local/lib/python3.9/site-packages/airflow/example_dags/example_sensor_decorator.py for tasks to queue
[2025-12-11T04:33:41.398+0000] {logging_mixin.py:188} INFO - [2025-12-11T04:33:41.397+0000] {dagbag.py:545} INFO - Filling up the DagBag from /home/airflow/.local/lib/python3.9/site-packages/airflow/example_dags/example_sensor_decorator.py
[2025-12-11T04:33:41.408+0000] {processor.py:840} INFO - DAG(s) 'example_sensor_decorator' retrieved from /home/airflow/.local/lib/python3.9/site-packages/airflow/example_dags/example_sensor_decorator.py
[2025-12-11T04:33:41.449+0000] {logging_mixin.py:188} INFO - [2025-12-11T04:33:41.448+0000] {dag.py:3096} INFO - Sync 1 DAGs
[2025-12-11T04:33:41.470+0000] {logging_mixin.py:188} INFO - [2025-12-11T04:33:41.470+0000] {dag.py:3954} INFO - Setting next_dagrun for example_sensor_decorator to None, run_after=None
[2025-12-11T04:33:41.500+0000] {processor.py:183} INFO - Processing /home/airflow/.local/lib/python3.9/site-packages/airflow/example_dags/example_sensor_decorator.py took 0.125 seconds
[2025-12-11T04:34:11.919+0000] {processor.py:161} INFO - Started process (PID=2083) to work on /home/airflow/.local/lib/python3.9/site-packages/airflow/example_dags/example_sensor_decorator.py
[2025-12-11T04:34:12.024+0000] {processor.py:830} INFO - Processing file /home/airflow/.local/lib/python3.9/site-packages/airflow/example_dags/example_sensor_decorator.py for tasks to queue
[2025-12-11T04:34:12.030+0000] {logging_mixin.py:188} INFO - [2025-12-11T04:34:12.029+0000] {dagbag.py:545} INFO - Filling up the DagBag from /home/airflow/.local/lib/python3.9/site-packages/airflow/example_dags/example_sensor_decorator.py
[2025-12-11T04:34:12.043+0000] {processor.py:840} INFO - DAG(s) 'example_sensor_decorator' retrieved from /home/airflow/.local/lib/python3.9/site-packages/airflow/example_dags/example_sensor_decorator.py
[2025-12-11T04:34:12.144+0000] {logging_mixin.py:188} INFO - [2025-12-11T04:34:12.143+0000] {dag.py:3096} INFO - Sync 1 DAGs
[2025-12-11T04:34:12.183+0000] {logging_mixin.py:188} INFO - [2025-12-11T04:34:12.183+0000] {dag.py:3954} INFO - Setting next_dagrun for example_sensor_decorator to None, run_after=None
[2025-12-11T04:34:12.246+0000] {processor.py:183} INFO - Processing /home/airflow/.local/lib/python3.9/site-packages/airflow/example_dags/example_sensor_decorator.py took 0.346 seconds
[2025-12-11T04:34:43.144+0000] {processor.py:161} INFO - Started process (PID=2150) to work on /home/airflow/.local/lib/python3.9/site-packages/airflow/example_dags/example_sensor_decorator.py
[2025-12-11T04:34:43.146+0000] {processor.py:830} INFO - Processing file /home/airflow/.local/lib/python3.9/site-packages/airflow/example_dags/example_sensor_decorator.py for tasks to queue
[2025-12-11T04:34:43.150+0000] {logging_mixin.py:188} INFO - [2025-12-11T04:34:43.149+0000] {dagbag.py:545} INFO - Filling up the DagBag from /home/airflow/.local/lib/python3.9/site-packages/airflow/example_dags/example_sensor_decorator.py
[2025-12-11T04:34:43.169+0000] {processor.py:840} INFO - DAG(s) 'example_sensor_decorator' retrieved from /home/airflow/.local/lib/python3.9/site-packages/airflow/example_dags/example_sensor_decorator.py
[2025-12-11T04:34:43.229+0000] {logging_mixin.py:188} INFO - [2025-12-11T04:34:43.228+0000] {dag.py:3096} INFO - Sync 1 DAGs
[2025-12-11T04:34:43.269+0000] {logging_mixin.py:188} INFO - [2025-12-11T04:34:43.268+0000] {dag.py:3954} INFO - Setting next_dagrun for example_sensor_decorator to None, run_after=None
[2025-12-11T04:34:43.341+0000] {processor.py:183} INFO - Processing /home/airflow/.local/lib/python3.9/site-packages/airflow/example_dags/example_sensor_decorator.py took 0.217 seconds
[2025-12-11T04:35:13.509+0000] {processor.py:161} INFO - Started process (PID=2217) to work on /home/airflow/.local/lib/python3.9/site-packages/airflow/example_dags/example_sensor_decorator.py
[2025-12-11T04:35:13.511+0000] {processor.py:830} INFO - Processing file /home/airflow/.local/lib/python3.9/site-packages/airflow/example_dags/example_sensor_decorator.py for tasks to queue
[2025-12-11T04:35:13.514+0000] {logging_mixin.py:188} INFO - [2025-12-11T04:35:13.513+0000] {dagbag.py:545} INFO - Filling up the DagBag from /home/airflow/.local/lib/python3.9/site-packages/airflow/example_dags/example_sensor_decorator.py
[2025-12-11T04:35:13.526+0000] {processor.py:840} INFO - DAG(s) 'example_sensor_decorator' retrieved from /home/airflow/.local/lib/python3.9/site-packages/airflow/example_dags/example_sensor_decorator.py
[2025-12-11T04:35:13.570+0000] {logging_mixin.py:188} INFO - [2025-12-11T04:35:13.569+0000] {dag.py:3096} INFO - Sync 1 DAGs
[2025-12-11T04:35:13.591+0000] {logging_mixin.py:188} INFO - [2025-12-11T04:35:13.590+0000] {dag.py:3954} INFO - Setting next_dagrun for example_sensor_decorator to None, run_after=None
[2025-12-11T04:35:13.623+0000] {processor.py:183} INFO - Processing /home/airflow/.local/lib/python3.9/site-packages/airflow/example_dags/example_sensor_decorator.py took 0.124 seconds
[2025-12-11T04:35:44.267+0000] {processor.py:161} INFO - Started process (PID=2285) to work on /home/airflow/.local/lib/python3.9/site-packages/airflow/example_dags/example_sensor_decorator.py
[2025-12-11T04:35:44.277+0000] {processor.py:830} INFO - Processing file /home/airflow/.local/lib/python3.9/site-packages/airflow/example_dags/example_sensor_decorator.py for tasks to queue
[2025-12-11T04:35:44.280+0000] {logging_mixin.py:188} INFO - [2025-12-11T04:35:44.279+0000] {dagbag.py:545} INFO - Filling up the DagBag from /home/airflow/.local/lib/python3.9/site-packages/airflow/example_dags/example_sensor_decorator.py
[2025-12-11T04:35:44.289+0000] {processor.py:840} INFO - DAG(s) 'example_sensor_decorator' retrieved from /home/airflow/.local/lib/python3.9/site-packages/airflow/example_dags/example_sensor_decorator.py
[2025-12-11T04:35:44.327+0000] {logging_mixin.py:188} INFO - [2025-12-11T04:35:44.326+0000] {dag.py:3096} INFO - Sync 1 DAGs
[2025-12-11T04:35:44.351+0000] {logging_mixin.py:188} INFO - [2025-12-11T04:35:44.350+0000] {dag.py:3954} INFO - Setting next_dagrun for example_sensor_decorator to None, run_after=None
[2025-12-11T04:35:44.540+0000] {processor.py:183} INFO - Processing /home/airflow/.local/lib/python3.9/site-packages/airflow/example_dags/example_sensor_decorator.py took 0.283 seconds
[2025-12-11T04:36:15.039+0000] {processor.py:161} INFO - Started process (PID=2352) to work on /home/airflow/.local/lib/python3.9/site-packages/airflow/example_dags/example_sensor_decorator.py
[2025-12-11T04:36:15.041+0000] {processor.py:830} INFO - Processing file /home/airflow/.local/lib/python3.9/site-packages/airflow/example_dags/example_sensor_decorator.py for tasks to queue
[2025-12-11T04:36:15.043+0000] {logging_mixin.py:188} INFO - [2025-12-11T04:36:15.043+0000] {dagbag.py:545} INFO - Filling up the DagBag from /home/airflow/.local/lib/python3.9/site-packages/airflow/example_dags/example_sensor_decorator.py
[2025-12-11T04:36:15.054+0000] {processor.py:840} INFO - DAG(s) 'example_sensor_decorator' retrieved from /home/airflow/.local/lib/python3.9/site-packages/airflow/example_dags/example_sensor_decorator.py
[2025-12-11T04:36:15.089+0000] {logging_mixin.py:188} INFO - [2025-12-11T04:36:15.089+0000] {dag.py:3096} INFO - Sync 1 DAGs
[2025-12-11T04:36:15.109+0000] {logging_mixin.py:188} INFO - [2025-12-11T04:36:15.108+0000] {dag.py:3954} INFO - Setting next_dagrun for example_sensor_decorator to None, run_after=None
[2025-12-11T04:36:15.137+0000] {processor.py:183} INFO - Processing /home/airflow/.local/lib/python3.9/site-packages/airflow/example_dags/example_sensor_decorator.py took 0.115 seconds
[2025-12-11T04:36:45.559+0000] {processor.py:161} INFO - Started process (PID=2419) to work on /home/airflow/.local/lib/python3.9/site-packages/airflow/example_dags/example_sensor_decorator.py
[2025-12-11T04:36:45.560+0000] {processor.py:830} INFO - Processing file /home/airflow/.local/lib/python3.9/site-packages/airflow/example_dags/example_sensor_decorator.py for tasks to queue
[2025-12-11T04:36:45.563+0000] {logging_mixin.py:188} INFO - [2025-12-11T04:36:45.562+0000] {dagbag.py:545} INFO - Filling up the DagBag from /home/airflow/.local/lib/python3.9/site-packages/airflow/example_dags/example_sensor_decorator.py
[2025-12-11T04:36:45.574+0000] {processor.py:840} INFO - DAG(s) 'example_sensor_decorator' retrieved from /home/airflow/.local/lib/python3.9/site-packages/airflow/example_dags/example_sensor_decorator.py
[2025-12-11T04:36:45.616+0000] {logging_mixin.py:188} INFO - [2025-12-11T04:36:45.616+0000] {dag.py:3096} INFO - Sync 1 DAGs
[2025-12-11T04:36:45.646+0000] {logging_mixin.py:188} INFO - [2025-12-11T04:36:45.645+0000] {dag.py:3954} INFO - Setting next_dagrun for example_sensor_decorator to None, run_after=None
[2025-12-11T04:36:45.688+0000] {processor.py:183} INFO - Processing /home/airflow/.local/lib/python3.9/site-packages/airflow/example_dags/example_sensor_decorator.py took 0.141 seconds
[2025-12-11T04:37:16.097+0000] {processor.py:161} INFO - Started process (PID=2486) to work on /home/airflow/.local/lib/python3.9/site-packages/airflow/example_dags/example_sensor_decorator.py
[2025-12-11T04:37:16.099+0000] {processor.py:830} INFO - Processing file /home/airflow/.local/lib/python3.9/site-packages/airflow/example_dags/example_sensor_decorator.py for tasks to queue
[2025-12-11T04:37:16.102+0000] {logging_mixin.py:188} INFO - [2025-12-11T04:37:16.101+0000] {dagbag.py:545} INFO - Filling up the DagBag from /home/airflow/.local/lib/python3.9/site-packages/airflow/example_dags/example_sensor_decorator.py
[2025-12-11T04:37:16.121+0000] {processor.py:840} INFO - DAG(s) 'example_sensor_decorator' retrieved from /home/airflow/.local/lib/python3.9/site-packages/airflow/example_dags/example_sensor_decorator.py
[2025-12-11T04:37:16.182+0000] {logging_mixin.py:188} INFO - [2025-12-11T04:37:16.182+0000] {dag.py:3096} INFO - Sync 1 DAGs
[2025-12-11T04:37:16.205+0000] {logging_mixin.py:188} INFO - [2025-12-11T04:37:16.205+0000] {dag.py:3954} INFO - Setting next_dagrun for example_sensor_decorator to None, run_after=None
[2025-12-11T04:37:16.236+0000] {processor.py:183} INFO - Processing /home/airflow/.local/lib/python3.9/site-packages/airflow/example_dags/example_sensor_decorator.py took 0.159 seconds
[2025-12-11T04:37:47.043+0000] {processor.py:161} INFO - Started process (PID=2553) to work on /home/airflow/.local/lib/python3.9/site-packages/airflow/example_dags/example_sensor_decorator.py
[2025-12-11T04:37:47.091+0000] {processor.py:830} INFO - Processing file /home/airflow/.local/lib/python3.9/site-packages/airflow/example_dags/example_sensor_decorator.py for tasks to queue
[2025-12-11T04:37:47.094+0000] {logging_mixin.py:188} INFO - [2025-12-11T04:37:47.093+0000] {dagbag.py:545} INFO - Filling up the DagBag from /home/airflow/.local/lib/python3.9/site-packages/airflow/example_dags/example_sensor_decorator.py
[2025-12-11T04:37:47.105+0000] {processor.py:840} INFO - DAG(s) 'example_sensor_decorator' retrieved from /home/airflow/.local/lib/python3.9/site-packages/airflow/example_dags/example_sensor_decorator.py
[2025-12-11T04:37:47.146+0000] {logging_mixin.py:188} INFO - [2025-12-11T04:37:47.146+0000] {dag.py:3096} INFO - Sync 1 DAGs
[2025-12-11T04:37:47.171+0000] {logging_mixin.py:188} INFO - [2025-12-11T04:37:47.171+0000] {dag.py:3954} INFO - Setting next_dagrun for example_sensor_decorator to None, run_after=None
[2025-12-11T04:37:47.351+0000] {processor.py:183} INFO - Processing /home/airflow/.local/lib/python3.9/site-packages/airflow/example_dags/example_sensor_decorator.py took 0.318 seconds
[2025-12-11T04:38:18.092+0000] {processor.py:161} INFO - Started process (PID=2620) to work on /home/airflow/.local/lib/python3.9/site-packages/airflow/example_dags/example_sensor_decorator.py
[2025-12-11T04:38:18.174+0000] {processor.py:830} INFO - Processing file /home/airflow/.local/lib/python3.9/site-packages/airflow/example_dags/example_sensor_decorator.py for tasks to queue
[2025-12-11T04:38:18.178+0000] {logging_mixin.py:188} INFO - [2025-12-11T04:38:18.177+0000] {dagbag.py:545} INFO - Filling up the DagBag from /home/airflow/.local/lib/python3.9/site-packages/airflow/example_dags/example_sensor_decorator.py
[2025-12-11T04:38:18.189+0000] {processor.py:840} INFO - DAG(s) 'example_sensor_decorator' retrieved from /home/airflow/.local/lib/python3.9/site-packages/airflow/example_dags/example_sensor_decorator.py
[2025-12-11T04:38:18.233+0000] {logging_mixin.py:188} INFO - [2025-12-11T04:38:18.232+0000] {dag.py:3096} INFO - Sync 1 DAGs
[2025-12-11T04:38:18.256+0000] {logging_mixin.py:188} INFO - [2025-12-11T04:38:18.255+0000] {dag.py:3954} INFO - Setting next_dagrun for example_sensor_decorator to None, run_after=None
[2025-12-11T04:38:18.290+0000] {processor.py:183} INFO - Processing /home/airflow/.local/lib/python3.9/site-packages/airflow/example_dags/example_sensor_decorator.py took 0.209 seconds
[2025-12-11T04:38:49.072+0000] {processor.py:161} INFO - Started process (PID=2687) to work on /home/airflow/.local/lib/python3.9/site-packages/airflow/example_dags/example_sensor_decorator.py
[2025-12-11T04:38:49.077+0000] {processor.py:830} INFO - Processing file /home/airflow/.local/lib/python3.9/site-packages/airflow/example_dags/example_sensor_decorator.py for tasks to queue
[2025-12-11T04:38:49.080+0000] {logging_mixin.py:188} INFO - [2025-12-11T04:38:49.079+0000] {dagbag.py:545} INFO - Filling up the DagBag from /home/airflow/.local/lib/python3.9/site-packages/airflow/example_dags/example_sensor_decorator.py
[2025-12-11T04:38:49.091+0000] {processor.py:840} INFO - DAG(s) 'example_sensor_decorator' retrieved from /home/airflow/.local/lib/python3.9/site-packages/airflow/example_dags/example_sensor_decorator.py
[2025-12-11T04:38:49.132+0000] {logging_mixin.py:188} INFO - [2025-12-11T04:38:49.132+0000] {dag.py:3096} INFO - Sync 1 DAGs
[2025-12-11T04:38:49.154+0000] {logging_mixin.py:188} INFO - [2025-12-11T04:38:49.154+0000] {dag.py:3954} INFO - Setting next_dagrun for example_sensor_decorator to None, run_after=None
[2025-12-11T04:38:49.180+0000] {processor.py:183} INFO - Processing /home/airflow/.local/lib/python3.9/site-packages/airflow/example_dags/example_sensor_decorator.py took 0.118 seconds
[2025-12-11T04:39:19.959+0000] {processor.py:161} INFO - Started process (PID=2754) to work on /home/airflow/.local/lib/python3.9/site-packages/airflow/example_dags/example_sensor_decorator.py
[2025-12-11T04:39:19.961+0000] {processor.py:830} INFO - Processing file /home/airflow/.local/lib/python3.9/site-packages/airflow/example_dags/example_sensor_decorator.py for tasks to queue
[2025-12-11T04:39:19.963+0000] {logging_mixin.py:188} INFO - [2025-12-11T04:39:19.963+0000] {dagbag.py:545} INFO - Filling up the DagBag from /home/airflow/.local/lib/python3.9/site-packages/airflow/example_dags/example_sensor_decorator.py
[2025-12-11T04:39:19.977+0000] {processor.py:840} INFO - DAG(s) 'example_sensor_decorator' retrieved from /home/airflow/.local/lib/python3.9/site-packages/airflow/example_dags/example_sensor_decorator.py
[2025-12-11T04:39:20.030+0000] {logging_mixin.py:188} INFO - [2025-12-11T04:39:20.029+0000] {dag.py:3096} INFO - Sync 1 DAGs
[2025-12-11T04:39:20.079+0000] {logging_mixin.py:188} INFO - [2025-12-11T04:39:20.079+0000] {dag.py:3954} INFO - Setting next_dagrun for example_sensor_decorator to None, run_after=None
[2025-12-11T04:39:20.137+0000] {processor.py:183} INFO - Processing /home/airflow/.local/lib/python3.9/site-packages/airflow/example_dags/example_sensor_decorator.py took 0.212 seconds
[2025-12-11T04:39:50.963+0000] {processor.py:161} INFO - Started process (PID=2820) to work on /home/airflow/.local/lib/python3.9/site-packages/airflow/example_dags/example_sensor_decorator.py
[2025-12-11T04:39:50.964+0000] {processor.py:830} INFO - Processing file /home/airflow/.local/lib/python3.9/site-packages/airflow/example_dags/example_sensor_decorator.py for tasks to queue
[2025-12-11T04:39:50.967+0000] {logging_mixin.py:188} INFO - [2025-12-11T04:39:50.967+0000] {dagbag.py:545} INFO - Filling up the DagBag from /home/airflow/.local/lib/python3.9/site-packages/airflow/example_dags/example_sensor_decorator.py
[2025-12-11T04:39:50.985+0000] {processor.py:840} INFO - DAG(s) 'example_sensor_decorator' retrieved from /home/airflow/.local/lib/python3.9/site-packages/airflow/example_dags/example_sensor_decorator.py
[2025-12-11T04:39:51.042+0000] {logging_mixin.py:188} INFO - [2025-12-11T04:39:51.041+0000] {dag.py:3096} INFO - Sync 1 DAGs
[2025-12-11T04:39:51.065+0000] {logging_mixin.py:188} INFO - [2025-12-11T04:39:51.065+0000] {dag.py:3954} INFO - Setting next_dagrun for example_sensor_decorator to None, run_after=None
[2025-12-11T04:39:51.091+0000] {processor.py:183} INFO - Processing /home/airflow/.local/lib/python3.9/site-packages/airflow/example_dags/example_sensor_decorator.py took 0.148 seconds
[2025-12-11T04:40:21.934+0000] {processor.py:161} INFO - Started process (PID=2887) to work on /home/airflow/.local/lib/python3.9/site-packages/airflow/example_dags/example_sensor_decorator.py
[2025-12-11T04:40:21.936+0000] {processor.py:830} INFO - Processing file /home/airflow/.local/lib/python3.9/site-packages/airflow/example_dags/example_sensor_decorator.py for tasks to queue
[2025-12-11T04:40:21.939+0000] {logging_mixin.py:188} INFO - [2025-12-11T04:40:21.938+0000] {dagbag.py:545} INFO - Filling up the DagBag from /home/airflow/.local/lib/python3.9/site-packages/airflow/example_dags/example_sensor_decorator.py
[2025-12-11T04:40:21.949+0000] {processor.py:840} INFO - DAG(s) 'example_sensor_decorator' retrieved from /home/airflow/.local/lib/python3.9/site-packages/airflow/example_dags/example_sensor_decorator.py
[2025-12-11T04:40:21.997+0000] {logging_mixin.py:188} INFO - [2025-12-11T04:40:21.996+0000] {dag.py:3096} INFO - Sync 1 DAGs
[2025-12-11T04:40:22.026+0000] {logging_mixin.py:188} INFO - [2025-12-11T04:40:22.025+0000] {dag.py:3954} INFO - Setting next_dagrun for example_sensor_decorator to None, run_after=None
[2025-12-11T04:40:22.071+0000] {processor.py:183} INFO - Processing /home/airflow/.local/lib/python3.9/site-packages/airflow/example_dags/example_sensor_decorator.py took 0.149 seconds
[2025-12-11T04:40:52.597+0000] {processor.py:161} INFO - Started process (PID=2954) to work on /home/airflow/.local/lib/python3.9/site-packages/airflow/example_dags/example_sensor_decorator.py
[2025-12-11T04:40:52.599+0000] {processor.py:830} INFO - Processing file /home/airflow/.local/lib/python3.9/site-packages/airflow/example_dags/example_sensor_decorator.py for tasks to queue
[2025-12-11T04:40:52.601+0000] {logging_mixin.py:188} INFO - [2025-12-11T04:40:52.601+0000] {dagbag.py:545} INFO - Filling up the DagBag from /home/airflow/.local/lib/python3.9/site-packages/airflow/example_dags/example_sensor_decorator.py
[2025-12-11T04:40:52.617+0000] {processor.py:840} INFO - DAG(s) 'example_sensor_decorator' retrieved from /home/airflow/.local/lib/python3.9/site-packages/airflow/example_dags/example_sensor_decorator.py
[2025-12-11T04:40:52.651+0000] {logging_mixin.py:188} INFO - [2025-12-11T04:40:52.651+0000] {dag.py:3096} INFO - Sync 1 DAGs
[2025-12-11T04:40:52.674+0000] {logging_mixin.py:188} INFO - [2025-12-11T04:40:52.673+0000] {dag.py:3954} INFO - Setting next_dagrun for example_sensor_decorator to None, run_after=None
[2025-12-11T04:40:52.709+0000] {processor.py:183} INFO - Processing /home/airflow/.local/lib/python3.9/site-packages/airflow/example_dags/example_sensor_decorator.py took 0.126 seconds
[2025-12-11T04:41:22.826+0000] {processor.py:161} INFO - Started process (PID=3021) to work on /home/airflow/.local/lib/python3.9/site-packages/airflow/example_dags/example_sensor_decorator.py
[2025-12-11T04:41:22.828+0000] {processor.py:830} INFO - Processing file /home/airflow/.local/lib/python3.9/site-packages/airflow/example_dags/example_sensor_decorator.py for tasks to queue
[2025-12-11T04:41:22.839+0000] {logging_mixin.py:188} INFO - [2025-12-11T04:41:22.839+0000] {dagbag.py:545} INFO - Filling up the DagBag from /home/airflow/.local/lib/python3.9/site-packages/airflow/example_dags/example_sensor_decorator.py
[2025-12-11T04:41:22.850+0000] {processor.py:840} INFO - DAG(s) 'example_sensor_decorator' retrieved from /home/airflow/.local/lib/python3.9/site-packages/airflow/example_dags/example_sensor_decorator.py
[2025-12-11T04:41:22.925+0000] {logging_mixin.py:188} INFO - [2025-12-11T04:41:22.924+0000] {dag.py:3096} INFO - Sync 1 DAGs
[2025-12-11T04:41:23.326+0000] {logging_mixin.py:188} INFO - [2025-12-11T04:41:23.325+0000] {dag.py:3954} INFO - Setting next_dagrun for example_sensor_decorator to None, run_after=None
[2025-12-11T04:41:23.377+0000] {processor.py:183} INFO - Processing /home/airflow/.local/lib/python3.9/site-packages/airflow/example_dags/example_sensor_decorator.py took 0.567 seconds
[2025-12-11T04:41:53.606+0000] {processor.py:161} INFO - Started process (PID=3089) to work on /home/airflow/.local/lib/python3.9/site-packages/airflow/example_dags/example_sensor_decorator.py
[2025-12-11T04:41:53.608+0000] {processor.py:830} INFO - Processing file /home/airflow/.local/lib/python3.9/site-packages/airflow/example_dags/example_sensor_decorator.py for tasks to queue
[2025-12-11T04:41:53.619+0000] {logging_mixin.py:188} INFO - [2025-12-11T04:41:53.618+0000] {dagbag.py:545} INFO - Filling up the DagBag from /home/airflow/.local/lib/python3.9/site-packages/airflow/example_dags/example_sensor_decorator.py
[2025-12-11T04:41:53.645+0000] {processor.py:840} INFO - DAG(s) 'example_sensor_decorator' retrieved from /home/airflow/.local/lib/python3.9/site-packages/airflow/example_dags/example_sensor_decorator.py
[2025-12-11T04:41:53.747+0000] {logging_mixin.py:188} INFO - [2025-12-11T04:41:53.746+0000] {dag.py:3096} INFO - Sync 1 DAGs
[2025-12-11T04:41:53.790+0000] {logging_mixin.py:188} INFO - [2025-12-11T04:41:53.790+0000] {dag.py:3954} INFO - Setting next_dagrun for example_sensor_decorator to None, run_after=None
[2025-12-11T04:41:54.092+0000] {processor.py:183} INFO - Processing /home/airflow/.local/lib/python3.9/site-packages/airflow/example_dags/example_sensor_decorator.py took 0.506 seconds
[2025-12-11T04:42:24.303+0000] {processor.py:161} INFO - Started process (PID=3156) to work on /home/airflow/.local/lib/python3.9/site-packages/airflow/example_dags/example_sensor_decorator.py
[2025-12-11T04:42:24.782+0000] {processor.py:830} INFO - Processing file /home/airflow/.local/lib/python3.9/site-packages/airflow/example_dags/example_sensor_decorator.py for tasks to queue
[2025-12-11T04:42:24.786+0000] {logging_mixin.py:188} INFO - [2025-12-11T04:42:24.786+0000] {dagbag.py:545} INFO - Filling up the DagBag from /home/airflow/.local/lib/python3.9/site-packages/airflow/example_dags/example_sensor_decorator.py
[2025-12-11T04:42:24.805+0000] {processor.py:840} INFO - DAG(s) 'example_sensor_decorator' retrieved from /home/airflow/.local/lib/python3.9/site-packages/airflow/example_dags/example_sensor_decorator.py
[2025-12-11T04:42:24.883+0000] {logging_mixin.py:188} INFO - [2025-12-11T04:42:24.882+0000] {dag.py:3096} INFO - Sync 1 DAGs
[2025-12-11T04:42:24.920+0000] {logging_mixin.py:188} INFO - [2025-12-11T04:42:24.920+0000] {dag.py:3954} INFO - Setting next_dagrun for example_sensor_decorator to None, run_after=None
[2025-12-11T04:42:25.022+0000] {processor.py:183} INFO - Processing /home/airflow/.local/lib/python3.9/site-packages/airflow/example_dags/example_sensor_decorator.py took 0.730 seconds
[2025-12-11T04:42:55.467+0000] {processor.py:161} INFO - Started process (PID=3223) to work on /home/airflow/.local/lib/python3.9/site-packages/airflow/example_dags/example_sensor_decorator.py
[2025-12-11T04:42:55.478+0000] {processor.py:830} INFO - Processing file /home/airflow/.local/lib/python3.9/site-packages/airflow/example_dags/example_sensor_decorator.py for tasks to queue
[2025-12-11T04:42:55.481+0000] {logging_mixin.py:188} INFO - [2025-12-11T04:42:55.481+0000] {dagbag.py:545} INFO - Filling up the DagBag from /home/airflow/.local/lib/python3.9/site-packages/airflow/example_dags/example_sensor_decorator.py
[2025-12-11T04:42:55.503+0000] {processor.py:840} INFO - DAG(s) 'example_sensor_decorator' retrieved from /home/airflow/.local/lib/python3.9/site-packages/airflow/example_dags/example_sensor_decorator.py
[2025-12-11T04:42:55.564+0000] {logging_mixin.py:188} INFO - [2025-12-11T04:42:55.564+0000] {dag.py:3096} INFO - Sync 1 DAGs
[2025-12-11T04:42:55.599+0000] {logging_mixin.py:188} INFO - [2025-12-11T04:42:55.598+0000] {dag.py:3954} INFO - Setting next_dagrun for example_sensor_decorator to None, run_after=None
[2025-12-11T04:42:55.643+0000] {processor.py:183} INFO - Processing /home/airflow/.local/lib/python3.9/site-packages/airflow/example_dags/example_sensor_decorator.py took 0.199 seconds
[2025-12-11T04:43:25.763+0000] {processor.py:161} INFO - Started process (PID=3290) to work on /home/airflow/.local/lib/python3.9/site-packages/airflow/example_dags/example_sensor_decorator.py
[2025-12-11T04:43:25.765+0000] {processor.py:830} INFO - Processing file /home/airflow/.local/lib/python3.9/site-packages/airflow/example_dags/example_sensor_decorator.py for tasks to queue
[2025-12-11T04:43:25.767+0000] {logging_mixin.py:188} INFO - [2025-12-11T04:43:25.767+0000] {dagbag.py:545} INFO - Filling up the DagBag from /home/airflow/.local/lib/python3.9/site-packages/airflow/example_dags/example_sensor_decorator.py
[2025-12-11T04:43:25.783+0000] {processor.py:840} INFO - DAG(s) 'example_sensor_decorator' retrieved from /home/airflow/.local/lib/python3.9/site-packages/airflow/example_dags/example_sensor_decorator.py
[2025-12-11T04:43:25.846+0000] {logging_mixin.py:188} INFO - [2025-12-11T04:43:25.845+0000] {dag.py:3096} INFO - Sync 1 DAGs
[2025-12-11T04:43:25.879+0000] {logging_mixin.py:188} INFO - [2025-12-11T04:43:25.878+0000] {dag.py:3954} INFO - Setting next_dagrun for example_sensor_decorator to None, run_after=None
[2025-12-11T04:43:25.920+0000] {processor.py:183} INFO - Processing /home/airflow/.local/lib/python3.9/site-packages/airflow/example_dags/example_sensor_decorator.py took 0.175 seconds
[2025-12-11T04:43:56.347+0000] {processor.py:161} INFO - Started process (PID=3357) to work on /home/airflow/.local/lib/python3.9/site-packages/airflow/example_dags/example_sensor_decorator.py
[2025-12-11T04:43:56.348+0000] {processor.py:830} INFO - Processing file /home/airflow/.local/lib/python3.9/site-packages/airflow/example_dags/example_sensor_decorator.py for tasks to queue
[2025-12-11T04:43:56.359+0000] {logging_mixin.py:188} INFO - [2025-12-11T04:43:56.358+0000] {dagbag.py:545} INFO - Filling up the DagBag from /home/airflow/.local/lib/python3.9/site-packages/airflow/example_dags/example_sensor_decorator.py
[2025-12-11T04:43:56.377+0000] {processor.py:840} INFO - DAG(s) 'example_sensor_decorator' retrieved from /home/airflow/.local/lib/python3.9/site-packages/airflow/example_dags/example_sensor_decorator.py
[2025-12-11T04:43:56.477+0000] {logging_mixin.py:188} INFO - [2025-12-11T04:43:56.462+0000] {dag.py:3096} INFO - Sync 1 DAGs
[2025-12-11T04:43:56.526+0000] {logging_mixin.py:188} INFO - [2025-12-11T04:43:56.525+0000] {dag.py:3954} INFO - Setting next_dagrun for example_sensor_decorator to None, run_after=None
[2025-12-11T04:43:56.587+0000] {processor.py:183} INFO - Processing /home/airflow/.local/lib/python3.9/site-packages/airflow/example_dags/example_sensor_decorator.py took 0.255 seconds
[2025-12-11T04:44:26.774+0000] {processor.py:161} INFO - Started process (PID=3424) to work on /home/airflow/.local/lib/python3.9/site-packages/airflow/example_dags/example_sensor_decorator.py
[2025-12-11T04:44:26.776+0000] {processor.py:830} INFO - Processing file /home/airflow/.local/lib/python3.9/site-packages/airflow/example_dags/example_sensor_decorator.py for tasks to queue
[2025-12-11T04:44:26.779+0000] {logging_mixin.py:188} INFO - [2025-12-11T04:44:26.778+0000] {dagbag.py:545} INFO - Filling up the DagBag from /home/airflow/.local/lib/python3.9/site-packages/airflow/example_dags/example_sensor_decorator.py
[2025-12-11T04:44:26.789+0000] {processor.py:840} INFO - DAG(s) 'example_sensor_decorator' retrieved from /home/airflow/.local/lib/python3.9/site-packages/airflow/example_dags/example_sensor_decorator.py
[2025-12-11T04:44:26.825+0000] {logging_mixin.py:188} INFO - [2025-12-11T04:44:26.824+0000] {dag.py:3096} INFO - Sync 1 DAGs
[2025-12-11T04:44:26.845+0000] {logging_mixin.py:188} INFO - [2025-12-11T04:44:26.845+0000] {dag.py:3954} INFO - Setting next_dagrun for example_sensor_decorator to None, run_after=None
[2025-12-11T04:44:26.870+0000] {processor.py:183} INFO - Processing /home/airflow/.local/lib/python3.9/site-packages/airflow/example_dags/example_sensor_decorator.py took 0.106 seconds
[2025-12-11T04:44:57.130+0000] {processor.py:161} INFO - Started process (PID=3489) to work on /home/airflow/.local/lib/python3.9/site-packages/airflow/example_dags/example_sensor_decorator.py
[2025-12-11T04:44:57.148+0000] {processor.py:830} INFO - Processing file /home/airflow/.local/lib/python3.9/site-packages/airflow/example_dags/example_sensor_decorator.py for tasks to queue
[2025-12-11T04:44:57.151+0000] {logging_mixin.py:188} INFO - [2025-12-11T04:44:57.151+0000] {dagbag.py:545} INFO - Filling up the DagBag from /home/airflow/.local/lib/python3.9/site-packages/airflow/example_dags/example_sensor_decorator.py
[2025-12-11T04:44:57.161+0000] {processor.py:840} INFO - DAG(s) 'example_sensor_decorator' retrieved from /home/airflow/.local/lib/python3.9/site-packages/airflow/example_dags/example_sensor_decorator.py
[2025-12-11T04:44:57.210+0000] {logging_mixin.py:188} INFO - [2025-12-11T04:44:57.209+0000] {dag.py:3096} INFO - Sync 1 DAGs
[2025-12-11T04:44:57.230+0000] {logging_mixin.py:188} INFO - [2025-12-11T04:44:57.230+0000] {dag.py:3954} INFO - Setting next_dagrun for example_sensor_decorator to None, run_after=None
[2025-12-11T04:44:57.398+0000] {processor.py:183} INFO - Processing /home/airflow/.local/lib/python3.9/site-packages/airflow/example_dags/example_sensor_decorator.py took 0.281 seconds
[2025-12-11T04:45:28.264+0000] {processor.py:161} INFO - Started process (PID=3556) to work on /home/airflow/.local/lib/python3.9/site-packages/airflow/example_dags/example_sensor_decorator.py
[2025-12-11T04:45:28.271+0000] {processor.py:830} INFO - Processing file /home/airflow/.local/lib/python3.9/site-packages/airflow/example_dags/example_sensor_decorator.py for tasks to queue
[2025-12-11T04:45:28.278+0000] {logging_mixin.py:188} INFO - [2025-12-11T04:45:28.277+0000] {dagbag.py:545} INFO - Filling up the DagBag from /home/airflow/.local/lib/python3.9/site-packages/airflow/example_dags/example_sensor_decorator.py
[2025-12-11T04:45:28.287+0000] {processor.py:840} INFO - DAG(s) 'example_sensor_decorator' retrieved from /home/airflow/.local/lib/python3.9/site-packages/airflow/example_dags/example_sensor_decorator.py
[2025-12-11T04:45:28.346+0000] {logging_mixin.py:188} INFO - [2025-12-11T04:45:28.346+0000] {dag.py:3096} INFO - Sync 1 DAGs
[2025-12-11T04:45:28.378+0000] {logging_mixin.py:188} INFO - [2025-12-11T04:45:28.378+0000] {dag.py:3954} INFO - Setting next_dagrun for example_sensor_decorator to None, run_after=None
[2025-12-11T04:45:28.447+0000] {processor.py:183} INFO - Processing /home/airflow/.local/lib/python3.9/site-packages/airflow/example_dags/example_sensor_decorator.py took 0.198 seconds
[2025-12-11T04:45:59.137+0000] {processor.py:161} INFO - Started process (PID=3624) to work on /home/airflow/.local/lib/python3.9/site-packages/airflow/example_dags/example_sensor_decorator.py
[2025-12-11T04:45:59.190+0000] {processor.py:830} INFO - Processing file /home/airflow/.local/lib/python3.9/site-packages/airflow/example_dags/example_sensor_decorator.py for tasks to queue
[2025-12-11T04:45:59.194+0000] {logging_mixin.py:188} INFO - [2025-12-11T04:45:59.193+0000] {dagbag.py:545} INFO - Filling up the DagBag from /home/airflow/.local/lib/python3.9/site-packages/airflow/example_dags/example_sensor_decorator.py
[2025-12-11T04:45:59.207+0000] {processor.py:840} INFO - DAG(s) 'example_sensor_decorator' retrieved from /home/airflow/.local/lib/python3.9/site-packages/airflow/example_dags/example_sensor_decorator.py
[2025-12-11T04:45:59.265+0000] {logging_mixin.py:188} INFO - [2025-12-11T04:45:59.264+0000] {dag.py:3096} INFO - Sync 1 DAGs
[2025-12-11T04:45:59.320+0000] {logging_mixin.py:188} INFO - [2025-12-11T04:45:59.319+0000] {dag.py:3954} INFO - Setting next_dagrun for example_sensor_decorator to None, run_after=None
[2025-12-11T04:45:59.600+0000] {processor.py:183} INFO - Processing /home/airflow/.local/lib/python3.9/site-packages/airflow/example_dags/example_sensor_decorator.py took 0.484 seconds
[2025-12-11T04:46:29.883+0000] {processor.py:161} INFO - Started process (PID=3691) to work on /home/airflow/.local/lib/python3.9/site-packages/airflow/example_dags/example_sensor_decorator.py
[2025-12-11T04:46:29.884+0000] {processor.py:830} INFO - Processing file /home/airflow/.local/lib/python3.9/site-packages/airflow/example_dags/example_sensor_decorator.py for tasks to queue
[2025-12-11T04:46:29.887+0000] {logging_mixin.py:188} INFO - [2025-12-11T04:46:29.886+0000] {dagbag.py:545} INFO - Filling up the DagBag from /home/airflow/.local/lib/python3.9/site-packages/airflow/example_dags/example_sensor_decorator.py
[2025-12-11T04:46:29.902+0000] {processor.py:840} INFO - DAG(s) 'example_sensor_decorator' retrieved from /home/airflow/.local/lib/python3.9/site-packages/airflow/example_dags/example_sensor_decorator.py
[2025-12-11T04:46:29.959+0000] {logging_mixin.py:188} INFO - [2025-12-11T04:46:29.958+0000] {dag.py:3096} INFO - Sync 1 DAGs
[2025-12-11T04:46:29.997+0000] {logging_mixin.py:188} INFO - [2025-12-11T04:46:29.997+0000] {dag.py:3954} INFO - Setting next_dagrun for example_sensor_decorator to None, run_after=None
[2025-12-11T04:46:30.042+0000] {processor.py:183} INFO - Processing /home/airflow/.local/lib/python3.9/site-packages/airflow/example_dags/example_sensor_decorator.py took 0.176 seconds
[2025-12-11T04:47:00.509+0000] {processor.py:161} INFO - Started process (PID=3758) to work on /home/airflow/.local/lib/python3.9/site-packages/airflow/example_dags/example_sensor_decorator.py
[2025-12-11T04:47:00.511+0000] {processor.py:830} INFO - Processing file /home/airflow/.local/lib/python3.9/site-packages/airflow/example_dags/example_sensor_decorator.py for tasks to queue
[2025-12-11T04:47:00.514+0000] {logging_mixin.py:188} INFO - [2025-12-11T04:47:00.513+0000] {dagbag.py:545} INFO - Filling up the DagBag from /home/airflow/.local/lib/python3.9/site-packages/airflow/example_dags/example_sensor_decorator.py
[2025-12-11T04:47:00.523+0000] {processor.py:840} INFO - DAG(s) 'example_sensor_decorator' retrieved from /home/airflow/.local/lib/python3.9/site-packages/airflow/example_dags/example_sensor_decorator.py
[2025-12-11T04:47:00.559+0000] {logging_mixin.py:188} INFO - [2025-12-11T04:47:00.559+0000] {dag.py:3096} INFO - Sync 1 DAGs
[2025-12-11T04:47:00.582+0000] {logging_mixin.py:188} INFO - [2025-12-11T04:47:00.582+0000] {dag.py:3954} INFO - Setting next_dagrun for example_sensor_decorator to None, run_after=None
[2025-12-11T04:47:00.611+0000] {processor.py:183} INFO - Processing /home/airflow/.local/lib/python3.9/site-packages/airflow/example_dags/example_sensor_decorator.py took 0.112 seconds
[2025-12-11T04:47:31.918+0000] {processor.py:161} INFO - Started process (PID=3833) to work on /home/airflow/.local/lib/python3.9/site-packages/airflow/example_dags/example_sensor_decorator.py
[2025-12-11T04:47:31.954+0000] {processor.py:830} INFO - Processing file /home/airflow/.local/lib/python3.9/site-packages/airflow/example_dags/example_sensor_decorator.py for tasks to queue
[2025-12-11T04:47:31.958+0000] {logging_mixin.py:188} INFO - [2025-12-11T04:47:31.957+0000] {dagbag.py:545} INFO - Filling up the DagBag from /home/airflow/.local/lib/python3.9/site-packages/airflow/example_dags/example_sensor_decorator.py
[2025-12-11T04:47:31.969+0000] {processor.py:840} INFO - DAG(s) 'example_sensor_decorator' retrieved from /home/airflow/.local/lib/python3.9/site-packages/airflow/example_dags/example_sensor_decorator.py
[2025-12-11T04:47:32.019+0000] {logging_mixin.py:188} INFO - [2025-12-11T04:47:32.018+0000] {dag.py:3096} INFO - Sync 1 DAGs
[2025-12-11T04:47:32.044+0000] {logging_mixin.py:188} INFO - [2025-12-11T04:47:32.043+0000] {dag.py:3954} INFO - Setting next_dagrun for example_sensor_decorator to None, run_after=None
[2025-12-11T04:47:32.352+0000] {processor.py:183} INFO - Processing /home/airflow/.local/lib/python3.9/site-packages/airflow/example_dags/example_sensor_decorator.py took 0.471 seconds
[2025-12-11T04:48:03.305+0000] {processor.py:161} INFO - Started process (PID=3900) to work on /home/airflow/.local/lib/python3.9/site-packages/airflow/example_dags/example_sensor_decorator.py
[2025-12-11T04:48:03.308+0000] {processor.py:830} INFO - Processing file /home/airflow/.local/lib/python3.9/site-packages/airflow/example_dags/example_sensor_decorator.py for tasks to queue
[2025-12-11T04:48:03.310+0000] {logging_mixin.py:188} INFO - [2025-12-11T04:48:03.310+0000] {dagbag.py:545} INFO - Filling up the DagBag from /home/airflow/.local/lib/python3.9/site-packages/airflow/example_dags/example_sensor_decorator.py
[2025-12-11T04:48:03.322+0000] {processor.py:840} INFO - DAG(s) 'example_sensor_decorator' retrieved from /home/airflow/.local/lib/python3.9/site-packages/airflow/example_dags/example_sensor_decorator.py
[2025-12-11T04:48:03.360+0000] {logging_mixin.py:188} INFO - [2025-12-11T04:48:03.360+0000] {dag.py:3096} INFO - Sync 1 DAGs
[2025-12-11T04:48:03.380+0000] {logging_mixin.py:188} INFO - [2025-12-11T04:48:03.380+0000] {dag.py:3954} INFO - Setting next_dagrun for example_sensor_decorator to None, run_after=None
[2025-12-11T04:48:03.443+0000] {processor.py:183} INFO - Processing /home/airflow/.local/lib/python3.9/site-packages/airflow/example_dags/example_sensor_decorator.py took 0.151 seconds
[2025-12-11T04:48:33.765+0000] {processor.py:161} INFO - Started process (PID=3967) to work on /home/airflow/.local/lib/python3.9/site-packages/airflow/example_dags/example_sensor_decorator.py
[2025-12-11T04:48:33.768+0000] {processor.py:830} INFO - Processing file /home/airflow/.local/lib/python3.9/site-packages/airflow/example_dags/example_sensor_decorator.py for tasks to queue
[2025-12-11T04:48:33.771+0000] {logging_mixin.py:188} INFO - [2025-12-11T04:48:33.770+0000] {dagbag.py:545} INFO - Filling up the DagBag from /home/airflow/.local/lib/python3.9/site-packages/airflow/example_dags/example_sensor_decorator.py
[2025-12-11T04:48:33.788+0000] {processor.py:840} INFO - DAG(s) 'example_sensor_decorator' retrieved from /home/airflow/.local/lib/python3.9/site-packages/airflow/example_dags/example_sensor_decorator.py
[2025-12-11T04:48:33.832+0000] {logging_mixin.py:188} INFO - [2025-12-11T04:48:33.832+0000] {dag.py:3096} INFO - Sync 1 DAGs
[2025-12-11T04:48:33.857+0000] {logging_mixin.py:188} INFO - [2025-12-11T04:48:33.856+0000] {dag.py:3954} INFO - Setting next_dagrun for example_sensor_decorator to None, run_after=None
[2025-12-11T04:48:34.058+0000] {processor.py:183} INFO - Processing /home/airflow/.local/lib/python3.9/site-packages/airflow/example_dags/example_sensor_decorator.py took 0.318 seconds
[2025-12-11T04:49:04.229+0000] {processor.py:161} INFO - Started process (PID=4034) to work on /home/airflow/.local/lib/python3.9/site-packages/airflow/example_dags/example_sensor_decorator.py
[2025-12-11T04:49:04.231+0000] {processor.py:830} INFO - Processing file /home/airflow/.local/lib/python3.9/site-packages/airflow/example_dags/example_sensor_decorator.py for tasks to queue
[2025-12-11T04:49:04.238+0000] {logging_mixin.py:188} INFO - [2025-12-11T04:49:04.238+0000] {dagbag.py:545} INFO - Filling up the DagBag from /home/airflow/.local/lib/python3.9/site-packages/airflow/example_dags/example_sensor_decorator.py
[2025-12-11T04:49:04.258+0000] {processor.py:840} INFO - DAG(s) 'example_sensor_decorator' retrieved from /home/airflow/.local/lib/python3.9/site-packages/airflow/example_dags/example_sensor_decorator.py
[2025-12-11T04:49:04.293+0000] {logging_mixin.py:188} INFO - [2025-12-11T04:49:04.293+0000] {dag.py:3096} INFO - Sync 1 DAGs
[2025-12-11T04:49:04.319+0000] {logging_mixin.py:188} INFO - [2025-12-11T04:49:04.319+0000] {dag.py:3954} INFO - Setting next_dagrun for example_sensor_decorator to None, run_after=None
[2025-12-11T04:49:04.378+0000] {processor.py:183} INFO - Processing /home/airflow/.local/lib/python3.9/site-packages/airflow/example_dags/example_sensor_decorator.py took 0.160 seconds
[2025-12-11T04:49:35.182+0000] {processor.py:161} INFO - Started process (PID=4101) to work on /home/airflow/.local/lib/python3.9/site-packages/airflow/example_dags/example_sensor_decorator.py
[2025-12-11T04:49:35.183+0000] {processor.py:830} INFO - Processing file /home/airflow/.local/lib/python3.9/site-packages/airflow/example_dags/example_sensor_decorator.py for tasks to queue
[2025-12-11T04:49:35.186+0000] {logging_mixin.py:188} INFO - [2025-12-11T04:49:35.186+0000] {dagbag.py:545} INFO - Filling up the DagBag from /home/airflow/.local/lib/python3.9/site-packages/airflow/example_dags/example_sensor_decorator.py
[2025-12-11T04:49:35.204+0000] {processor.py:840} INFO - DAG(s) 'example_sensor_decorator' retrieved from /home/airflow/.local/lib/python3.9/site-packages/airflow/example_dags/example_sensor_decorator.py
[2025-12-11T04:49:35.260+0000] {logging_mixin.py:188} INFO - [2025-12-11T04:49:35.260+0000] {dag.py:3096} INFO - Sync 1 DAGs
[2025-12-11T04:49:35.282+0000] {logging_mixin.py:188} INFO - [2025-12-11T04:49:35.282+0000] {dag.py:3954} INFO - Setting next_dagrun for example_sensor_decorator to None, run_after=None
[2025-12-11T04:49:35.308+0000] {processor.py:183} INFO - Processing /home/airflow/.local/lib/python3.9/site-packages/airflow/example_dags/example_sensor_decorator.py took 0.146 seconds
[2025-12-11T04:50:05.982+0000] {processor.py:161} INFO - Started process (PID=4166) to work on /home/airflow/.local/lib/python3.9/site-packages/airflow/example_dags/example_sensor_decorator.py
[2025-12-11T04:50:05.984+0000] {processor.py:830} INFO - Processing file /home/airflow/.local/lib/python3.9/site-packages/airflow/example_dags/example_sensor_decorator.py for tasks to queue
[2025-12-11T04:50:05.986+0000] {logging_mixin.py:188} INFO - [2025-12-11T04:50:05.986+0000] {dagbag.py:545} INFO - Filling up the DagBag from /home/airflow/.local/lib/python3.9/site-packages/airflow/example_dags/example_sensor_decorator.py
[2025-12-11T04:50:05.997+0000] {processor.py:840} INFO - DAG(s) 'example_sensor_decorator' retrieved from /home/airflow/.local/lib/python3.9/site-packages/airflow/example_dags/example_sensor_decorator.py
[2025-12-11T04:50:06.041+0000] {logging_mixin.py:188} INFO - [2025-12-11T04:50:06.041+0000] {dag.py:3096} INFO - Sync 1 DAGs
[2025-12-11T04:50:06.067+0000] {logging_mixin.py:188} INFO - [2025-12-11T04:50:06.066+0000] {dag.py:3954} INFO - Setting next_dagrun for example_sensor_decorator to None, run_after=None
[2025-12-11T04:50:06.103+0000] {processor.py:183} INFO - Processing /home/airflow/.local/lib/python3.9/site-packages/airflow/example_dags/example_sensor_decorator.py took 0.132 seconds
[2025-12-11T04:50:36.684+0000] {processor.py:161} INFO - Started process (PID=4233) to work on /home/airflow/.local/lib/python3.9/site-packages/airflow/example_dags/example_sensor_decorator.py
[2025-12-11T04:50:36.686+0000] {processor.py:830} INFO - Processing file /home/airflow/.local/lib/python3.9/site-packages/airflow/example_dags/example_sensor_decorator.py for tasks to queue
[2025-12-11T04:50:36.689+0000] {logging_mixin.py:188} INFO - [2025-12-11T04:50:36.688+0000] {dagbag.py:545} INFO - Filling up the DagBag from /home/airflow/.local/lib/python3.9/site-packages/airflow/example_dags/example_sensor_decorator.py
[2025-12-11T04:50:36.698+0000] {processor.py:840} INFO - DAG(s) 'example_sensor_decorator' retrieved from /home/airflow/.local/lib/python3.9/site-packages/airflow/example_dags/example_sensor_decorator.py
[2025-12-11T04:50:36.730+0000] {logging_mixin.py:188} INFO - [2025-12-11T04:50:36.730+0000] {dag.py:3096} INFO - Sync 1 DAGs
[2025-12-11T04:50:36.749+0000] {logging_mixin.py:188} INFO - [2025-12-11T04:50:36.749+0000] {dag.py:3954} INFO - Setting next_dagrun for example_sensor_decorator to None, run_after=None
[2025-12-11T04:50:36.777+0000] {processor.py:183} INFO - Processing /home/airflow/.local/lib/python3.9/site-packages/airflow/example_dags/example_sensor_decorator.py took 0.104 seconds
[2025-12-11T04:51:07.650+0000] {processor.py:161} INFO - Started process (PID=4300) to work on /home/airflow/.local/lib/python3.9/site-packages/airflow/example_dags/example_sensor_decorator.py
[2025-12-11T04:51:07.652+0000] {processor.py:830} INFO - Processing file /home/airflow/.local/lib/python3.9/site-packages/airflow/example_dags/example_sensor_decorator.py for tasks to queue
[2025-12-11T04:51:07.655+0000] {logging_mixin.py:188} INFO - [2025-12-11T04:51:07.655+0000] {dagbag.py:545} INFO - Filling up the DagBag from /home/airflow/.local/lib/python3.9/site-packages/airflow/example_dags/example_sensor_decorator.py
[2025-12-11T04:51:07.670+0000] {processor.py:840} INFO - DAG(s) 'example_sensor_decorator' retrieved from /home/airflow/.local/lib/python3.9/site-packages/airflow/example_dags/example_sensor_decorator.py
[2025-12-11T04:51:07.708+0000] {logging_mixin.py:188} INFO - [2025-12-11T04:51:07.707+0000] {dag.py:3096} INFO - Sync 1 DAGs
[2025-12-11T04:51:07.728+0000] {logging_mixin.py:188} INFO - [2025-12-11T04:51:07.728+0000] {dag.py:3954} INFO - Setting next_dagrun for example_sensor_decorator to None, run_after=None
[2025-12-11T04:51:07.754+0000] {processor.py:183} INFO - Processing /home/airflow/.local/lib/python3.9/site-packages/airflow/example_dags/example_sensor_decorator.py took 0.123 seconds
[2025-12-11T04:51:38.310+0000] {processor.py:161} INFO - Started process (PID=4367) to work on /home/airflow/.local/lib/python3.9/site-packages/airflow/example_dags/example_sensor_decorator.py
[2025-12-11T04:51:38.323+0000] {processor.py:830} INFO - Processing file /home/airflow/.local/lib/python3.9/site-packages/airflow/example_dags/example_sensor_decorator.py for tasks to queue
[2025-12-11T04:51:38.327+0000] {logging_mixin.py:188} INFO - [2025-12-11T04:51:38.327+0000] {dagbag.py:545} INFO - Filling up the DagBag from /home/airflow/.local/lib/python3.9/site-packages/airflow/example_dags/example_sensor_decorator.py
[2025-12-11T04:51:38.340+0000] {processor.py:840} INFO - DAG(s) 'example_sensor_decorator' retrieved from /home/airflow/.local/lib/python3.9/site-packages/airflow/example_dags/example_sensor_decorator.py
[2025-12-11T04:51:38.381+0000] {logging_mixin.py:188} INFO - [2025-12-11T04:51:38.381+0000] {dag.py:3096} INFO - Sync 1 DAGs
[2025-12-11T04:51:38.403+0000] {logging_mixin.py:188} INFO - [2025-12-11T04:51:38.403+0000] {dag.py:3954} INFO - Setting next_dagrun for example_sensor_decorator to None, run_after=None
[2025-12-11T04:51:38.667+0000] {processor.py:183} INFO - Processing /home/airflow/.local/lib/python3.9/site-packages/airflow/example_dags/example_sensor_decorator.py took 0.370 seconds
[2025-12-11T04:52:09.044+0000] {processor.py:161} INFO - Started process (PID=4434) to work on /home/airflow/.local/lib/python3.9/site-packages/airflow/example_dags/example_sensor_decorator.py
[2025-12-11T04:52:09.053+0000] {processor.py:830} INFO - Processing file /home/airflow/.local/lib/python3.9/site-packages/airflow/example_dags/example_sensor_decorator.py for tasks to queue
[2025-12-11T04:52:09.056+0000] {logging_mixin.py:188} INFO - [2025-12-11T04:52:09.055+0000] {dagbag.py:545} INFO - Filling up the DagBag from /home/airflow/.local/lib/python3.9/site-packages/airflow/example_dags/example_sensor_decorator.py
[2025-12-11T04:52:09.066+0000] {processor.py:840} INFO - DAG(s) 'example_sensor_decorator' retrieved from /home/airflow/.local/lib/python3.9/site-packages/airflow/example_dags/example_sensor_decorator.py
[2025-12-11T04:52:09.105+0000] {logging_mixin.py:188} INFO - [2025-12-11T04:52:09.104+0000] {dag.py:3096} INFO - Sync 1 DAGs
[2025-12-11T04:52:09.141+0000] {logging_mixin.py:188} INFO - [2025-12-11T04:52:09.140+0000] {dag.py:3954} INFO - Setting next_dagrun for example_sensor_decorator to None, run_after=None
[2025-12-11T04:52:09.208+0000] {processor.py:183} INFO - Processing /home/airflow/.local/lib/python3.9/site-packages/airflow/example_dags/example_sensor_decorator.py took 0.175 seconds
[2025-12-11T04:52:40.141+0000] {processor.py:161} INFO - Started process (PID=4501) to work on /home/airflow/.local/lib/python3.9/site-packages/airflow/example_dags/example_sensor_decorator.py
[2025-12-11T04:52:40.182+0000] {processor.py:830} INFO - Processing file /home/airflow/.local/lib/python3.9/site-packages/airflow/example_dags/example_sensor_decorator.py for tasks to queue
[2025-12-11T04:52:40.186+0000] {logging_mixin.py:188} INFO - [2025-12-11T04:52:40.185+0000] {dagbag.py:545} INFO - Filling up the DagBag from /home/airflow/.local/lib/python3.9/site-packages/airflow/example_dags/example_sensor_decorator.py
[2025-12-11T04:52:40.198+0000] {processor.py:840} INFO - DAG(s) 'example_sensor_decorator' retrieved from /home/airflow/.local/lib/python3.9/site-packages/airflow/example_dags/example_sensor_decorator.py
[2025-12-11T04:52:40.233+0000] {logging_mixin.py:188} INFO - [2025-12-11T04:52:40.233+0000] {dag.py:3096} INFO - Sync 1 DAGs
[2025-12-11T04:52:40.252+0000] {logging_mixin.py:188} INFO - [2025-12-11T04:52:40.252+0000] {dag.py:3954} INFO - Setting next_dagrun for example_sensor_decorator to None, run_after=None
[2025-12-11T04:52:40.341+0000] {processor.py:183} INFO - Processing /home/airflow/.local/lib/python3.9/site-packages/airflow/example_dags/example_sensor_decorator.py took 0.211 seconds
