[2025-12-11T04:19:03.445+0000] {processor.py:161} INFO - Started process (PID=125) to work on /home/airflow/.local/lib/python3.9/site-packages/airflow/example_dags/example_latest_only_with_trigger.py
[2025-12-11T04:19:03.446+0000] {processor.py:830} INFO - Processing file /home/airflow/.local/lib/python3.9/site-packages/airflow/example_dags/example_latest_only_with_trigger.py for tasks to queue
[2025-12-11T04:19:03.449+0000] {logging_mixin.py:188} INFO - [2025-12-11T04:19:03.448+0000] {dagbag.py:545} INFO - Filling up the DagBag from /home/airflow/.local/lib/python3.9/site-packages/airflow/example_dags/example_latest_only_with_trigger.py
[2025-12-11T04:19:03.715+0000] {processor.py:840} INFO - DAG(s) 'latest_only_with_trigger' retrieved from /home/airflow/.local/lib/python3.9/site-packages/airflow/example_dags/example_latest_only_with_trigger.py
[2025-12-11T04:19:03.909+0000] {logging_mixin.py:188} INFO - [2025-12-11T04:19:03.908+0000] {dag.py:3096} INFO - Sync 1 DAGs
[2025-12-11T04:19:03.963+0000] {logging_mixin.py:188} INFO - [2025-12-11T04:19:03.963+0000] {dag.py:3954} INFO - Setting next_dagrun for latest_only_with_trigger to 2025-12-11 00:00:00+00:00, run_after=2025-12-11 04:00:00+00:00
[2025-12-11T04:19:04.018+0000] {processor.py:183} INFO - Processing /home/airflow/.local/lib/python3.9/site-packages/airflow/example_dags/example_latest_only_with_trigger.py took 0.586 seconds
[2025-12-11T04:19:34.925+0000] {processor.py:161} INFO - Started process (PID=191) to work on /home/airflow/.local/lib/python3.9/site-packages/airflow/example_dags/example_latest_only_with_trigger.py
[2025-12-11T04:19:34.928+0000] {processor.py:830} INFO - Processing file /home/airflow/.local/lib/python3.9/site-packages/airflow/example_dags/example_latest_only_with_trigger.py for tasks to queue
[2025-12-11T04:19:34.938+0000] {logging_mixin.py:188} INFO - [2025-12-11T04:19:34.938+0000] {dagbag.py:545} INFO - Filling up the DagBag from /home/airflow/.local/lib/python3.9/site-packages/airflow/example_dags/example_latest_only_with_trigger.py
[2025-12-11T04:19:34.947+0000] {processor.py:840} INFO - DAG(s) 'latest_only_with_trigger' retrieved from /home/airflow/.local/lib/python3.9/site-packages/airflow/example_dags/example_latest_only_with_trigger.py
[2025-12-11T04:19:35.061+0000] {logging_mixin.py:188} INFO - [2025-12-11T04:19:35.061+0000] {dag.py:3096} INFO - Sync 1 DAGs
[2025-12-11T04:19:35.166+0000] {logging_mixin.py:188} INFO - [2025-12-11T04:19:35.166+0000] {dag.py:3954} INFO - Setting next_dagrun for latest_only_with_trigger to 2025-12-11 00:00:00+00:00, run_after=2025-12-11 04:00:00+00:00
[2025-12-11T04:19:35.206+0000] {processor.py:183} INFO - Processing /home/airflow/.local/lib/python3.9/site-packages/airflow/example_dags/example_latest_only_with_trigger.py took 0.290 seconds
[2025-12-11T04:20:05.780+0000] {processor.py:161} INFO - Started process (PID=257) to work on /home/airflow/.local/lib/python3.9/site-packages/airflow/example_dags/example_latest_only_with_trigger.py
[2025-12-11T04:20:05.781+0000] {processor.py:830} INFO - Processing file /home/airflow/.local/lib/python3.9/site-packages/airflow/example_dags/example_latest_only_with_trigger.py for tasks to queue
[2025-12-11T04:20:05.784+0000] {logging_mixin.py:188} INFO - [2025-12-11T04:20:05.784+0000] {dagbag.py:545} INFO - Filling up the DagBag from /home/airflow/.local/lib/python3.9/site-packages/airflow/example_dags/example_latest_only_with_trigger.py
[2025-12-11T04:20:05.821+0000] {processor.py:840} INFO - DAG(s) 'latest_only_with_trigger' retrieved from /home/airflow/.local/lib/python3.9/site-packages/airflow/example_dags/example_latest_only_with_trigger.py
[2025-12-11T04:20:05.963+0000] {logging_mixin.py:188} INFO - [2025-12-11T04:20:05.962+0000] {dag.py:3096} INFO - Sync 1 DAGs
[2025-12-11T04:20:06.081+0000] {logging_mixin.py:188} INFO - [2025-12-11T04:20:06.081+0000] {dag.py:3954} INFO - Setting next_dagrun for latest_only_with_trigger to 2025-12-11 00:00:00+00:00, run_after=2025-12-11 04:00:00+00:00
[2025-12-11T04:20:06.181+0000] {processor.py:183} INFO - Processing /home/airflow/.local/lib/python3.9/site-packages/airflow/example_dags/example_latest_only_with_trigger.py took 0.437 seconds
[2025-12-11T04:20:36.541+0000] {processor.py:161} INFO - Started process (PID=323) to work on /home/airflow/.local/lib/python3.9/site-packages/airflow/example_dags/example_latest_only_with_trigger.py
[2025-12-11T04:20:36.543+0000] {processor.py:830} INFO - Processing file /home/airflow/.local/lib/python3.9/site-packages/airflow/example_dags/example_latest_only_with_trigger.py for tasks to queue
[2025-12-11T04:20:36.559+0000] {logging_mixin.py:188} INFO - [2025-12-11T04:20:36.558+0000] {dagbag.py:545} INFO - Filling up the DagBag from /home/airflow/.local/lib/python3.9/site-packages/airflow/example_dags/example_latest_only_with_trigger.py
[2025-12-11T04:20:36.580+0000] {processor.py:840} INFO - DAG(s) 'latest_only_with_trigger' retrieved from /home/airflow/.local/lib/python3.9/site-packages/airflow/example_dags/example_latest_only_with_trigger.py
[2025-12-11T04:20:36.677+0000] {logging_mixin.py:188} INFO - [2025-12-11T04:20:36.668+0000] {dag.py:3096} INFO - Sync 1 DAGs
[2025-12-11T04:20:36.780+0000] {logging_mixin.py:188} INFO - [2025-12-11T04:20:36.780+0000] {dag.py:3954} INFO - Setting next_dagrun for latest_only_with_trigger to 2025-12-11 00:00:00+00:00, run_after=2025-12-11 04:00:00+00:00
[2025-12-11T04:20:36.900+0000] {processor.py:183} INFO - Processing /home/airflow/.local/lib/python3.9/site-packages/airflow/example_dags/example_latest_only_with_trigger.py took 0.378 seconds
[2025-12-11T04:21:07.263+0000] {processor.py:161} INFO - Started process (PID=388) to work on /home/airflow/.local/lib/python3.9/site-packages/airflow/example_dags/example_latest_only_with_trigger.py
[2025-12-11T04:21:07.277+0000] {processor.py:830} INFO - Processing file /home/airflow/.local/lib/python3.9/site-packages/airflow/example_dags/example_latest_only_with_trigger.py for tasks to queue
[2025-12-11T04:21:07.281+0000] {logging_mixin.py:188} INFO - [2025-12-11T04:21:07.280+0000] {dagbag.py:545} INFO - Filling up the DagBag from /home/airflow/.local/lib/python3.9/site-packages/airflow/example_dags/example_latest_only_with_trigger.py
[2025-12-11T04:21:07.322+0000] {processor.py:840} INFO - DAG(s) 'latest_only_with_trigger' retrieved from /home/airflow/.local/lib/python3.9/site-packages/airflow/example_dags/example_latest_only_with_trigger.py
[2025-12-11T04:21:07.477+0000] {logging_mixin.py:188} INFO - [2025-12-11T04:21:07.477+0000] {dag.py:3096} INFO - Sync 1 DAGs
[2025-12-11T04:21:07.543+0000] {logging_mixin.py:188} INFO - [2025-12-11T04:21:07.543+0000] {dag.py:3954} INFO - Setting next_dagrun for latest_only_with_trigger to 2025-12-11 00:00:00+00:00, run_after=2025-12-11 04:00:00+00:00
[2025-12-11T04:21:07.600+0000] {processor.py:183} INFO - Processing /home/airflow/.local/lib/python3.9/site-packages/airflow/example_dags/example_latest_only_with_trigger.py took 0.374 seconds
[2025-12-11T04:21:37.859+0000] {processor.py:161} INFO - Started process (PID=454) to work on /home/airflow/.local/lib/python3.9/site-packages/airflow/example_dags/example_latest_only_with_trigger.py
[2025-12-11T04:21:37.869+0000] {processor.py:830} INFO - Processing file /home/airflow/.local/lib/python3.9/site-packages/airflow/example_dags/example_latest_only_with_trigger.py for tasks to queue
[2025-12-11T04:21:37.879+0000] {logging_mixin.py:188} INFO - [2025-12-11T04:21:37.878+0000] {dagbag.py:545} INFO - Filling up the DagBag from /home/airflow/.local/lib/python3.9/site-packages/airflow/example_dags/example_latest_only_with_trigger.py
[2025-12-11T04:21:37.897+0000] {processor.py:840} INFO - DAG(s) 'latest_only_with_trigger' retrieved from /home/airflow/.local/lib/python3.9/site-packages/airflow/example_dags/example_latest_only_with_trigger.py
[2025-12-11T04:21:37.963+0000] {logging_mixin.py:188} INFO - [2025-12-11T04:21:37.962+0000] {dag.py:3096} INFO - Sync 1 DAGs
[2025-12-11T04:21:38.006+0000] {logging_mixin.py:188} INFO - [2025-12-11T04:21:38.006+0000] {dag.py:3954} INFO - Setting next_dagrun for latest_only_with_trigger to 2025-12-11 00:00:00+00:00, run_after=2025-12-11 04:00:00+00:00
[2025-12-11T04:21:38.048+0000] {processor.py:183} INFO - Processing /home/airflow/.local/lib/python3.9/site-packages/airflow/example_dags/example_latest_only_with_trigger.py took 0.205 seconds
[2025-12-11T04:22:09.037+0000] {processor.py:161} INFO - Started process (PID=520) to work on /home/airflow/.local/lib/python3.9/site-packages/airflow/example_dags/example_latest_only_with_trigger.py
[2025-12-11T04:22:09.044+0000] {processor.py:830} INFO - Processing file /home/airflow/.local/lib/python3.9/site-packages/airflow/example_dags/example_latest_only_with_trigger.py for tasks to queue
[2025-12-11T04:22:09.047+0000] {logging_mixin.py:188} INFO - [2025-12-11T04:22:09.047+0000] {dagbag.py:545} INFO - Filling up the DagBag from /home/airflow/.local/lib/python3.9/site-packages/airflow/example_dags/example_latest_only_with_trigger.py
[2025-12-11T04:22:09.057+0000] {processor.py:840} INFO - DAG(s) 'latest_only_with_trigger' retrieved from /home/airflow/.local/lib/python3.9/site-packages/airflow/example_dags/example_latest_only_with_trigger.py
[2025-12-11T04:22:09.095+0000] {logging_mixin.py:188} INFO - [2025-12-11T04:22:09.095+0000] {dag.py:3096} INFO - Sync 1 DAGs
[2025-12-11T04:22:09.153+0000] {logging_mixin.py:188} INFO - [2025-12-11T04:22:09.152+0000] {dag.py:3954} INFO - Setting next_dagrun for latest_only_with_trigger to 2025-12-11 00:00:00+00:00, run_after=2025-12-11 04:00:00+00:00
[2025-12-11T04:22:09.238+0000] {processor.py:183} INFO - Processing /home/airflow/.local/lib/python3.9/site-packages/airflow/example_dags/example_latest_only_with_trigger.py took 0.212 seconds
[2025-12-11T04:22:39.677+0000] {processor.py:161} INFO - Started process (PID=586) to work on /home/airflow/.local/lib/python3.9/site-packages/airflow/example_dags/example_latest_only_with_trigger.py
[2025-12-11T04:22:39.807+0000] {processor.py:830} INFO - Processing file /home/airflow/.local/lib/python3.9/site-packages/airflow/example_dags/example_latest_only_with_trigger.py for tasks to queue
[2025-12-11T04:22:39.811+0000] {logging_mixin.py:188} INFO - [2025-12-11T04:22:39.810+0000] {dagbag.py:545} INFO - Filling up the DagBag from /home/airflow/.local/lib/python3.9/site-packages/airflow/example_dags/example_latest_only_with_trigger.py
[2025-12-11T04:22:39.823+0000] {processor.py:840} INFO - DAG(s) 'latest_only_with_trigger' retrieved from /home/airflow/.local/lib/python3.9/site-packages/airflow/example_dags/example_latest_only_with_trigger.py
[2025-12-11T04:22:39.885+0000] {logging_mixin.py:188} INFO - [2025-12-11T04:22:39.884+0000] {dag.py:3096} INFO - Sync 1 DAGs
[2025-12-11T04:22:39.938+0000] {logging_mixin.py:188} INFO - [2025-12-11T04:22:39.937+0000] {dag.py:3954} INFO - Setting next_dagrun for latest_only_with_trigger to 2025-12-11 00:00:00+00:00, run_after=2025-12-11 04:00:00+00:00
[2025-12-11T04:22:40.329+0000] {processor.py:183} INFO - Processing /home/airflow/.local/lib/python3.9/site-packages/airflow/example_dags/example_latest_only_with_trigger.py took 0.665 seconds
[2025-12-11T04:23:10.981+0000] {processor.py:161} INFO - Started process (PID=652) to work on /home/airflow/.local/lib/python3.9/site-packages/airflow/example_dags/example_latest_only_with_trigger.py
[2025-12-11T04:23:11.030+0000] {processor.py:830} INFO - Processing file /home/airflow/.local/lib/python3.9/site-packages/airflow/example_dags/example_latest_only_with_trigger.py for tasks to queue
[2025-12-11T04:23:11.033+0000] {logging_mixin.py:188} INFO - [2025-12-11T04:23:11.033+0000] {dagbag.py:545} INFO - Filling up the DagBag from /home/airflow/.local/lib/python3.9/site-packages/airflow/example_dags/example_latest_only_with_trigger.py
[2025-12-11T04:23:11.042+0000] {processor.py:840} INFO - DAG(s) 'latest_only_with_trigger' retrieved from /home/airflow/.local/lib/python3.9/site-packages/airflow/example_dags/example_latest_only_with_trigger.py
[2025-12-11T04:23:11.082+0000] {logging_mixin.py:188} INFO - [2025-12-11T04:23:11.082+0000] {dag.py:3096} INFO - Sync 1 DAGs
[2025-12-11T04:23:11.117+0000] {logging_mixin.py:188} INFO - [2025-12-11T04:23:11.117+0000] {dag.py:3954} INFO - Setting next_dagrun for latest_only_with_trigger to 2025-12-11 00:00:00+00:00, run_after=2025-12-11 04:00:00+00:00
[2025-12-11T04:23:11.309+0000] {processor.py:183} INFO - Processing /home/airflow/.local/lib/python3.9/site-packages/airflow/example_dags/example_latest_only_with_trigger.py took 0.362 seconds
[2025-12-11T04:23:42.194+0000] {processor.py:161} INFO - Started process (PID=718) to work on /home/airflow/.local/lib/python3.9/site-packages/airflow/example_dags/example_latest_only_with_trigger.py
[2025-12-11T04:23:42.195+0000] {processor.py:830} INFO - Processing file /home/airflow/.local/lib/python3.9/site-packages/airflow/example_dags/example_latest_only_with_trigger.py for tasks to queue
[2025-12-11T04:23:42.198+0000] {logging_mixin.py:188} INFO - [2025-12-11T04:23:42.197+0000] {dagbag.py:545} INFO - Filling up the DagBag from /home/airflow/.local/lib/python3.9/site-packages/airflow/example_dags/example_latest_only_with_trigger.py
[2025-12-11T04:23:42.207+0000] {processor.py:840} INFO - DAG(s) 'latest_only_with_trigger' retrieved from /home/airflow/.local/lib/python3.9/site-packages/airflow/example_dags/example_latest_only_with_trigger.py
[2025-12-11T04:23:42.251+0000] {logging_mixin.py:188} INFO - [2025-12-11T04:23:42.250+0000] {dag.py:3096} INFO - Sync 1 DAGs
[2025-12-11T04:23:42.295+0000] {logging_mixin.py:188} INFO - [2025-12-11T04:23:42.295+0000] {dag.py:3954} INFO - Setting next_dagrun for latest_only_with_trigger to 2025-12-11 00:00:00+00:00, run_after=2025-12-11 04:00:00+00:00
[2025-12-11T04:23:42.324+0000] {processor.py:183} INFO - Processing /home/airflow/.local/lib/python3.9/site-packages/airflow/example_dags/example_latest_only_with_trigger.py took 0.140 seconds
[2025-12-11T04:24:12.980+0000] {processor.py:161} INFO - Started process (PID=784) to work on /home/airflow/.local/lib/python3.9/site-packages/airflow/example_dags/example_latest_only_with_trigger.py
[2025-12-11T04:24:12.982+0000] {processor.py:830} INFO - Processing file /home/airflow/.local/lib/python3.9/site-packages/airflow/example_dags/example_latest_only_with_trigger.py for tasks to queue
[2025-12-11T04:24:12.984+0000] {logging_mixin.py:188} INFO - [2025-12-11T04:24:12.984+0000] {dagbag.py:545} INFO - Filling up the DagBag from /home/airflow/.local/lib/python3.9/site-packages/airflow/example_dags/example_latest_only_with_trigger.py
[2025-12-11T04:24:13.002+0000] {processor.py:840} INFO - DAG(s) 'latest_only_with_trigger' retrieved from /home/airflow/.local/lib/python3.9/site-packages/airflow/example_dags/example_latest_only_with_trigger.py
[2025-12-11T04:24:13.080+0000] {logging_mixin.py:188} INFO - [2025-12-11T04:24:13.079+0000] {dag.py:3096} INFO - Sync 1 DAGs
[2025-12-11T04:24:13.177+0000] {logging_mixin.py:188} INFO - [2025-12-11T04:24:13.177+0000] {dag.py:3954} INFO - Setting next_dagrun for latest_only_with_trigger to 2025-12-11 00:00:00+00:00, run_after=2025-12-11 04:00:00+00:00
[2025-12-11T04:24:13.239+0000] {processor.py:183} INFO - Processing /home/airflow/.local/lib/python3.9/site-packages/airflow/example_dags/example_latest_only_with_trigger.py took 0.272 seconds
[2025-12-11T04:24:43.432+0000] {processor.py:161} INFO - Started process (PID=850) to work on /home/airflow/.local/lib/python3.9/site-packages/airflow/example_dags/example_latest_only_with_trigger.py
[2025-12-11T04:24:43.434+0000] {processor.py:830} INFO - Processing file /home/airflow/.local/lib/python3.9/site-packages/airflow/example_dags/example_latest_only_with_trigger.py for tasks to queue
[2025-12-11T04:24:43.436+0000] {logging_mixin.py:188} INFO - [2025-12-11T04:24:43.436+0000] {dagbag.py:545} INFO - Filling up the DagBag from /home/airflow/.local/lib/python3.9/site-packages/airflow/example_dags/example_latest_only_with_trigger.py
[2025-12-11T04:24:43.445+0000] {processor.py:840} INFO - DAG(s) 'latest_only_with_trigger' retrieved from /home/airflow/.local/lib/python3.9/site-packages/airflow/example_dags/example_latest_only_with_trigger.py
[2025-12-11T04:24:43.484+0000] {logging_mixin.py:188} INFO - [2025-12-11T04:24:43.484+0000] {dag.py:3096} INFO - Sync 1 DAGs
[2025-12-11T04:24:43.543+0000] {logging_mixin.py:188} INFO - [2025-12-11T04:24:43.543+0000] {dag.py:3954} INFO - Setting next_dagrun for latest_only_with_trigger to 2025-12-11 00:00:00+00:00, run_after=2025-12-11 04:00:00+00:00
[2025-12-11T04:24:43.585+0000] {processor.py:183} INFO - Processing /home/airflow/.local/lib/python3.9/site-packages/airflow/example_dags/example_latest_only_with_trigger.py took 0.162 seconds
[2025-12-11T04:25:14.023+0000] {processor.py:161} INFO - Started process (PID=915) to work on /home/airflow/.local/lib/python3.9/site-packages/airflow/example_dags/example_latest_only_with_trigger.py
[2025-12-11T04:25:14.027+0000] {processor.py:830} INFO - Processing file /home/airflow/.local/lib/python3.9/site-packages/airflow/example_dags/example_latest_only_with_trigger.py for tasks to queue
[2025-12-11T04:25:14.029+0000] {logging_mixin.py:188} INFO - [2025-12-11T04:25:14.029+0000] {dagbag.py:545} INFO - Filling up the DagBag from /home/airflow/.local/lib/python3.9/site-packages/airflow/example_dags/example_latest_only_with_trigger.py
[2025-12-11T04:25:14.039+0000] {processor.py:840} INFO - DAG(s) 'latest_only_with_trigger' retrieved from /home/airflow/.local/lib/python3.9/site-packages/airflow/example_dags/example_latest_only_with_trigger.py
[2025-12-11T04:25:14.079+0000] {logging_mixin.py:188} INFO - [2025-12-11T04:25:14.079+0000] {dag.py:3096} INFO - Sync 1 DAGs
[2025-12-11T04:25:14.116+0000] {logging_mixin.py:188} INFO - [2025-12-11T04:25:14.116+0000] {dag.py:3954} INFO - Setting next_dagrun for latest_only_with_trigger to 2025-12-11 00:00:00+00:00, run_after=2025-12-11 04:00:00+00:00
[2025-12-11T04:25:14.147+0000] {processor.py:183} INFO - Processing /home/airflow/.local/lib/python3.9/site-packages/airflow/example_dags/example_latest_only_with_trigger.py took 0.134 seconds
[2025-12-11T04:25:44.548+0000] {processor.py:161} INFO - Started process (PID=981) to work on /home/airflow/.local/lib/python3.9/site-packages/airflow/example_dags/example_latest_only_with_trigger.py
[2025-12-11T04:25:44.564+0000] {processor.py:830} INFO - Processing file /home/airflow/.local/lib/python3.9/site-packages/airflow/example_dags/example_latest_only_with_trigger.py for tasks to queue
[2025-12-11T04:25:44.567+0000] {logging_mixin.py:188} INFO - [2025-12-11T04:25:44.567+0000] {dagbag.py:545} INFO - Filling up the DagBag from /home/airflow/.local/lib/python3.9/site-packages/airflow/example_dags/example_latest_only_with_trigger.py
[2025-12-11T04:25:44.579+0000] {processor.py:840} INFO - DAG(s) 'latest_only_with_trigger' retrieved from /home/airflow/.local/lib/python3.9/site-packages/airflow/example_dags/example_latest_only_with_trigger.py
[2025-12-11T04:25:44.625+0000] {logging_mixin.py:188} INFO - [2025-12-11T04:25:44.624+0000] {dag.py:3096} INFO - Sync 1 DAGs
[2025-12-11T04:25:44.669+0000] {logging_mixin.py:188} INFO - [2025-12-11T04:25:44.669+0000] {dag.py:3954} INFO - Setting next_dagrun for latest_only_with_trigger to 2025-12-11 00:00:00+00:00, run_after=2025-12-11 04:00:00+00:00
[2025-12-11T04:25:44.711+0000] {processor.py:183} INFO - Processing /home/airflow/.local/lib/python3.9/site-packages/airflow/example_dags/example_latest_only_with_trigger.py took 0.175 seconds
[2025-12-11T04:26:14.906+0000] {processor.py:161} INFO - Started process (PID=1047) to work on /home/airflow/.local/lib/python3.9/site-packages/airflow/example_dags/example_latest_only_with_trigger.py
[2025-12-11T04:26:14.912+0000] {processor.py:830} INFO - Processing file /home/airflow/.local/lib/python3.9/site-packages/airflow/example_dags/example_latest_only_with_trigger.py for tasks to queue
[2025-12-11T04:26:14.915+0000] {logging_mixin.py:188} INFO - [2025-12-11T04:26:14.915+0000] {dagbag.py:545} INFO - Filling up the DagBag from /home/airflow/.local/lib/python3.9/site-packages/airflow/example_dags/example_latest_only_with_trigger.py
[2025-12-11T04:26:14.927+0000] {processor.py:840} INFO - DAG(s) 'latest_only_with_trigger' retrieved from /home/airflow/.local/lib/python3.9/site-packages/airflow/example_dags/example_latest_only_with_trigger.py
[2025-12-11T04:26:14.985+0000] {logging_mixin.py:188} INFO - [2025-12-11T04:26:14.985+0000] {dag.py:3096} INFO - Sync 1 DAGs
[2025-12-11T04:26:15.031+0000] {logging_mixin.py:188} INFO - [2025-12-11T04:26:15.031+0000] {dag.py:3954} INFO - Setting next_dagrun for latest_only_with_trigger to 2025-12-11 00:00:00+00:00, run_after=2025-12-11 04:00:00+00:00
[2025-12-11T04:26:15.061+0000] {processor.py:183} INFO - Processing /home/airflow/.local/lib/python3.9/site-packages/airflow/example_dags/example_latest_only_with_trigger.py took 0.169 seconds
[2025-12-11T04:26:45.340+0000] {processor.py:161} INFO - Started process (PID=1113) to work on /home/airflow/.local/lib/python3.9/site-packages/airflow/example_dags/example_latest_only_with_trigger.py
[2025-12-11T04:26:45.349+0000] {processor.py:830} INFO - Processing file /home/airflow/.local/lib/python3.9/site-packages/airflow/example_dags/example_latest_only_with_trigger.py for tasks to queue
[2025-12-11T04:26:45.356+0000] {logging_mixin.py:188} INFO - [2025-12-11T04:26:45.356+0000] {dagbag.py:545} INFO - Filling up the DagBag from /home/airflow/.local/lib/python3.9/site-packages/airflow/example_dags/example_latest_only_with_trigger.py
[2025-12-11T04:26:45.369+0000] {processor.py:840} INFO - DAG(s) 'latest_only_with_trigger' retrieved from /home/airflow/.local/lib/python3.9/site-packages/airflow/example_dags/example_latest_only_with_trigger.py
[2025-12-11T04:26:45.425+0000] {logging_mixin.py:188} INFO - [2025-12-11T04:26:45.425+0000] {dag.py:3096} INFO - Sync 1 DAGs
[2025-12-11T04:26:45.476+0000] {logging_mixin.py:188} INFO - [2025-12-11T04:26:45.475+0000] {dag.py:3954} INFO - Setting next_dagrun for latest_only_with_trigger to 2025-12-11 00:00:00+00:00, run_after=2025-12-11 04:00:00+00:00
[2025-12-11T04:26:45.510+0000] {processor.py:183} INFO - Processing /home/airflow/.local/lib/python3.9/site-packages/airflow/example_dags/example_latest_only_with_trigger.py took 0.182 seconds
[2025-12-11T04:27:15.778+0000] {processor.py:161} INFO - Started process (PID=1186) to work on /home/airflow/.local/lib/python3.9/site-packages/airflow/example_dags/example_latest_only_with_trigger.py
[2025-12-11T04:27:15.780+0000] {processor.py:830} INFO - Processing file /home/airflow/.local/lib/python3.9/site-packages/airflow/example_dags/example_latest_only_with_trigger.py for tasks to queue
[2025-12-11T04:27:15.783+0000] {logging_mixin.py:188} INFO - [2025-12-11T04:27:15.782+0000] {dagbag.py:545} INFO - Filling up the DagBag from /home/airflow/.local/lib/python3.9/site-packages/airflow/example_dags/example_latest_only_with_trigger.py
[2025-12-11T04:27:15.792+0000] {processor.py:840} INFO - DAG(s) 'latest_only_with_trigger' retrieved from /home/airflow/.local/lib/python3.9/site-packages/airflow/example_dags/example_latest_only_with_trigger.py
[2025-12-11T04:27:15.859+0000] {logging_mixin.py:188} INFO - [2025-12-11T04:27:15.859+0000] {dag.py:3096} INFO - Sync 1 DAGs
[2025-12-11T04:27:15.941+0000] {logging_mixin.py:188} INFO - [2025-12-11T04:27:15.940+0000] {dag.py:3954} INFO - Setting next_dagrun for latest_only_with_trigger to 2025-12-11 00:00:00+00:00, run_after=2025-12-11 04:00:00+00:00
[2025-12-11T04:27:16.006+0000] {processor.py:183} INFO - Processing /home/airflow/.local/lib/python3.9/site-packages/airflow/example_dags/example_latest_only_with_trigger.py took 0.245 seconds
[2025-12-11T04:27:46.144+0000] {processor.py:161} INFO - Started process (PID=1252) to work on /home/airflow/.local/lib/python3.9/site-packages/airflow/example_dags/example_latest_only_with_trigger.py
[2025-12-11T04:27:46.145+0000] {processor.py:830} INFO - Processing file /home/airflow/.local/lib/python3.9/site-packages/airflow/example_dags/example_latest_only_with_trigger.py for tasks to queue
[2025-12-11T04:27:46.148+0000] {logging_mixin.py:188} INFO - [2025-12-11T04:27:46.148+0000] {dagbag.py:545} INFO - Filling up the DagBag from /home/airflow/.local/lib/python3.9/site-packages/airflow/example_dags/example_latest_only_with_trigger.py
[2025-12-11T04:27:46.164+0000] {processor.py:840} INFO - DAG(s) 'latest_only_with_trigger' retrieved from /home/airflow/.local/lib/python3.9/site-packages/airflow/example_dags/example_latest_only_with_trigger.py
[2025-12-11T04:27:46.228+0000] {logging_mixin.py:188} INFO - [2025-12-11T04:27:46.227+0000] {dag.py:3096} INFO - Sync 1 DAGs
[2025-12-11T04:27:46.287+0000] {logging_mixin.py:188} INFO - [2025-12-11T04:27:46.287+0000] {dag.py:3954} INFO - Setting next_dagrun for latest_only_with_trigger to 2025-12-11 00:00:00+00:00, run_after=2025-12-11 04:00:00+00:00
[2025-12-11T04:27:46.340+0000] {processor.py:183} INFO - Processing /home/airflow/.local/lib/python3.9/site-packages/airflow/example_dags/example_latest_only_with_trigger.py took 0.214 seconds
[2025-12-11T04:28:16.539+0000] {processor.py:161} INFO - Started process (PID=1311) to work on /home/airflow/.local/lib/python3.9/site-packages/airflow/example_dags/example_latest_only_with_trigger.py
[2025-12-11T04:28:16.541+0000] {processor.py:830} INFO - Processing file /home/airflow/.local/lib/python3.9/site-packages/airflow/example_dags/example_latest_only_with_trigger.py for tasks to queue
[2025-12-11T04:28:16.544+0000] {logging_mixin.py:188} INFO - [2025-12-11T04:28:16.544+0000] {dagbag.py:545} INFO - Filling up the DagBag from /home/airflow/.local/lib/python3.9/site-packages/airflow/example_dags/example_latest_only_with_trigger.py
[2025-12-11T04:28:16.556+0000] {processor.py:840} INFO - DAG(s) 'latest_only_with_trigger' retrieved from /home/airflow/.local/lib/python3.9/site-packages/airflow/example_dags/example_latest_only_with_trigger.py
[2025-12-11T04:28:16.611+0000] {logging_mixin.py:188} INFO - [2025-12-11T04:28:16.611+0000] {dag.py:3096} INFO - Sync 1 DAGs
[2025-12-11T04:28:16.660+0000] {logging_mixin.py:188} INFO - [2025-12-11T04:28:16.659+0000] {dag.py:3954} INFO - Setting next_dagrun for latest_only_with_trigger to 2025-12-11 00:00:00+00:00, run_after=2025-12-11 04:00:00+00:00
[2025-12-11T04:28:16.706+0000] {processor.py:183} INFO - Processing /home/airflow/.local/lib/python3.9/site-packages/airflow/example_dags/example_latest_only_with_trigger.py took 0.180 seconds
[2025-12-11T04:28:47.117+0000] {processor.py:161} INFO - Started process (PID=1377) to work on /home/airflow/.local/lib/python3.9/site-packages/airflow/example_dags/example_latest_only_with_trigger.py
[2025-12-11T04:28:47.172+0000] {processor.py:830} INFO - Processing file /home/airflow/.local/lib/python3.9/site-packages/airflow/example_dags/example_latest_only_with_trigger.py for tasks to queue
[2025-12-11T04:28:47.179+0000] {logging_mixin.py:188} INFO - [2025-12-11T04:28:47.178+0000] {dagbag.py:545} INFO - Filling up the DagBag from /home/airflow/.local/lib/python3.9/site-packages/airflow/example_dags/example_latest_only_with_trigger.py
[2025-12-11T04:28:47.189+0000] {processor.py:840} INFO - DAG(s) 'latest_only_with_trigger' retrieved from /home/airflow/.local/lib/python3.9/site-packages/airflow/example_dags/example_latest_only_with_trigger.py
[2025-12-11T04:28:47.245+0000] {logging_mixin.py:188} INFO - [2025-12-11T04:28:47.244+0000] {dag.py:3096} INFO - Sync 1 DAGs
[2025-12-11T04:28:47.297+0000] {logging_mixin.py:188} INFO - [2025-12-11T04:28:47.297+0000] {dag.py:3954} INFO - Setting next_dagrun for latest_only_with_trigger to 2025-12-11 00:00:00+00:00, run_after=2025-12-11 04:00:00+00:00
[2025-12-11T04:28:47.600+0000] {processor.py:183} INFO - Processing /home/airflow/.local/lib/python3.9/site-packages/airflow/example_dags/example_latest_only_with_trigger.py took 0.494 seconds
[2025-12-11T04:29:18.124+0000] {processor.py:161} INFO - Started process (PID=1443) to work on /home/airflow/.local/lib/python3.9/site-packages/airflow/example_dags/example_latest_only_with_trigger.py
[2025-12-11T04:29:18.129+0000] {processor.py:830} INFO - Processing file /home/airflow/.local/lib/python3.9/site-packages/airflow/example_dags/example_latest_only_with_trigger.py for tasks to queue
[2025-12-11T04:29:18.133+0000] {logging_mixin.py:188} INFO - [2025-12-11T04:29:18.132+0000] {dagbag.py:545} INFO - Filling up the DagBag from /home/airflow/.local/lib/python3.9/site-packages/airflow/example_dags/example_latest_only_with_trigger.py
[2025-12-11T04:29:18.148+0000] {processor.py:840} INFO - DAG(s) 'latest_only_with_trigger' retrieved from /home/airflow/.local/lib/python3.9/site-packages/airflow/example_dags/example_latest_only_with_trigger.py
[2025-12-11T04:29:18.207+0000] {logging_mixin.py:188} INFO - [2025-12-11T04:29:18.206+0000] {dag.py:3096} INFO - Sync 1 DAGs
[2025-12-11T04:29:18.258+0000] {logging_mixin.py:188} INFO - [2025-12-11T04:29:18.258+0000] {dag.py:3954} INFO - Setting next_dagrun for latest_only_with_trigger to 2025-12-11 00:00:00+00:00, run_after=2025-12-11 04:00:00+00:00
[2025-12-11T04:29:18.293+0000] {processor.py:183} INFO - Processing /home/airflow/.local/lib/python3.9/site-packages/airflow/example_dags/example_latest_only_with_trigger.py took 0.181 seconds
[2025-12-11T04:29:49.163+0000] {processor.py:161} INFO - Started process (PID=1509) to work on /home/airflow/.local/lib/python3.9/site-packages/airflow/example_dags/example_latest_only_with_trigger.py
[2025-12-11T04:29:49.166+0000] {processor.py:830} INFO - Processing file /home/airflow/.local/lib/python3.9/site-packages/airflow/example_dags/example_latest_only_with_trigger.py for tasks to queue
[2025-12-11T04:29:49.168+0000] {logging_mixin.py:188} INFO - [2025-12-11T04:29:49.168+0000] {dagbag.py:545} INFO - Filling up the DagBag from /home/airflow/.local/lib/python3.9/site-packages/airflow/example_dags/example_latest_only_with_trigger.py
[2025-12-11T04:29:49.181+0000] {processor.py:840} INFO - DAG(s) 'latest_only_with_trigger' retrieved from /home/airflow/.local/lib/python3.9/site-packages/airflow/example_dags/example_latest_only_with_trigger.py
[2025-12-11T04:29:49.238+0000] {logging_mixin.py:188} INFO - [2025-12-11T04:29:49.238+0000] {dag.py:3096} INFO - Sync 1 DAGs
[2025-12-11T04:29:49.297+0000] {logging_mixin.py:188} INFO - [2025-12-11T04:29:49.297+0000] {dag.py:3954} INFO - Setting next_dagrun for latest_only_with_trigger to 2025-12-11 00:00:00+00:00, run_after=2025-12-11 04:00:00+00:00
[2025-12-11T04:29:49.329+0000] {processor.py:183} INFO - Processing /home/airflow/.local/lib/python3.9/site-packages/airflow/example_dags/example_latest_only_with_trigger.py took 0.185 seconds
[2025-12-11T04:30:19.647+0000] {processor.py:161} INFO - Started process (PID=1575) to work on /home/airflow/.local/lib/python3.9/site-packages/airflow/example_dags/example_latest_only_with_trigger.py
[2025-12-11T04:30:19.698+0000] {processor.py:830} INFO - Processing file /home/airflow/.local/lib/python3.9/site-packages/airflow/example_dags/example_latest_only_with_trigger.py for tasks to queue
[2025-12-11T04:30:19.702+0000] {logging_mixin.py:188} INFO - [2025-12-11T04:30:19.701+0000] {dagbag.py:545} INFO - Filling up the DagBag from /home/airflow/.local/lib/python3.9/site-packages/airflow/example_dags/example_latest_only_with_trigger.py
[2025-12-11T04:30:19.711+0000] {processor.py:840} INFO - DAG(s) 'latest_only_with_trigger' retrieved from /home/airflow/.local/lib/python3.9/site-packages/airflow/example_dags/example_latest_only_with_trigger.py
[2025-12-11T04:30:19.764+0000] {logging_mixin.py:188} INFO - [2025-12-11T04:30:19.763+0000] {dag.py:3096} INFO - Sync 1 DAGs
[2025-12-11T04:30:19.813+0000] {logging_mixin.py:188} INFO - [2025-12-11T04:30:19.813+0000] {dag.py:3954} INFO - Setting next_dagrun for latest_only_with_trigger to 2025-12-11 00:00:00+00:00, run_after=2025-12-11 04:00:00+00:00
[2025-12-11T04:30:19.985+0000] {processor.py:183} INFO - Processing /home/airflow/.local/lib/python3.9/site-packages/airflow/example_dags/example_latest_only_with_trigger.py took 0.359 seconds
[2025-12-11T04:30:50.608+0000] {processor.py:161} INFO - Started process (PID=1640) to work on /home/airflow/.local/lib/python3.9/site-packages/airflow/example_dags/example_latest_only_with_trigger.py
[2025-12-11T04:30:50.630+0000] {processor.py:830} INFO - Processing file /home/airflow/.local/lib/python3.9/site-packages/airflow/example_dags/example_latest_only_with_trigger.py for tasks to queue
[2025-12-11T04:30:50.642+0000] {logging_mixin.py:188} INFO - [2025-12-11T04:30:50.641+0000] {dagbag.py:545} INFO - Filling up the DagBag from /home/airflow/.local/lib/python3.9/site-packages/airflow/example_dags/example_latest_only_with_trigger.py
[2025-12-11T04:30:50.671+0000] {processor.py:840} INFO - DAG(s) 'latest_only_with_trigger' retrieved from /home/airflow/.local/lib/python3.9/site-packages/airflow/example_dags/example_latest_only_with_trigger.py
[2025-12-11T04:30:50.740+0000] {logging_mixin.py:188} INFO - [2025-12-11T04:30:50.740+0000] {dag.py:3096} INFO - Sync 1 DAGs
[2025-12-11T04:30:50.819+0000] {logging_mixin.py:188} INFO - [2025-12-11T04:30:50.819+0000] {dag.py:3954} INFO - Setting next_dagrun for latest_only_with_trigger to 2025-12-11 00:00:00+00:00, run_after=2025-12-11 04:00:00+00:00
[2025-12-11T04:30:51.097+0000] {processor.py:183} INFO - Processing /home/airflow/.local/lib/python3.9/site-packages/airflow/example_dags/example_latest_only_with_trigger.py took 0.511 seconds
[2025-12-11T04:31:21.606+0000] {processor.py:161} INFO - Started process (PID=1713) to work on /home/airflow/.local/lib/python3.9/site-packages/airflow/example_dags/example_latest_only_with_trigger.py
[2025-12-11T04:31:21.621+0000] {processor.py:830} INFO - Processing file /home/airflow/.local/lib/python3.9/site-packages/airflow/example_dags/example_latest_only_with_trigger.py for tasks to queue
[2025-12-11T04:31:21.625+0000] {logging_mixin.py:188} INFO - [2025-12-11T04:31:21.624+0000] {dagbag.py:545} INFO - Filling up the DagBag from /home/airflow/.local/lib/python3.9/site-packages/airflow/example_dags/example_latest_only_with_trigger.py
[2025-12-11T04:31:21.646+0000] {processor.py:840} INFO - DAG(s) 'latest_only_with_trigger' retrieved from /home/airflow/.local/lib/python3.9/site-packages/airflow/example_dags/example_latest_only_with_trigger.py
[2025-12-11T04:31:21.757+0000] {logging_mixin.py:188} INFO - [2025-12-11T04:31:21.748+0000] {dag.py:3096} INFO - Sync 1 DAGs
[2025-12-11T04:31:21.843+0000] {logging_mixin.py:188} INFO - [2025-12-11T04:31:21.843+0000] {dag.py:3954} INFO - Setting next_dagrun for latest_only_with_trigger to 2025-12-11 00:00:00+00:00, run_after=2025-12-11 04:00:00+00:00
[2025-12-11T04:31:21.904+0000] {processor.py:183} INFO - Processing /home/airflow/.local/lib/python3.9/site-packages/airflow/example_dags/example_latest_only_with_trigger.py took 0.322 seconds
[2025-12-11T04:31:52.378+0000] {processor.py:161} INFO - Started process (PID=1779) to work on /home/airflow/.local/lib/python3.9/site-packages/airflow/example_dags/example_latest_only_with_trigger.py
[2025-12-11T04:31:52.381+0000] {processor.py:830} INFO - Processing file /home/airflow/.local/lib/python3.9/site-packages/airflow/example_dags/example_latest_only_with_trigger.py for tasks to queue
[2025-12-11T04:31:52.398+0000] {logging_mixin.py:188} INFO - [2025-12-11T04:31:52.397+0000] {dagbag.py:545} INFO - Filling up the DagBag from /home/airflow/.local/lib/python3.9/site-packages/airflow/example_dags/example_latest_only_with_trigger.py
[2025-12-11T04:31:52.418+0000] {processor.py:840} INFO - DAG(s) 'latest_only_with_trigger' retrieved from /home/airflow/.local/lib/python3.9/site-packages/airflow/example_dags/example_latest_only_with_trigger.py
[2025-12-11T04:31:52.522+0000] {logging_mixin.py:188} INFO - [2025-12-11T04:31:52.521+0000] {dag.py:3096} INFO - Sync 1 DAGs
[2025-12-11T04:31:52.644+0000] {logging_mixin.py:188} INFO - [2025-12-11T04:31:52.643+0000] {dag.py:3954} INFO - Setting next_dagrun for latest_only_with_trigger to 2025-12-11 00:00:00+00:00, run_after=2025-12-11 04:00:00+00:00
[2025-12-11T04:31:52.725+0000] {processor.py:183} INFO - Processing /home/airflow/.local/lib/python3.9/site-packages/airflow/example_dags/example_latest_only_with_trigger.py took 0.383 seconds
[2025-12-11T04:32:23.627+0000] {processor.py:161} INFO - Started process (PID=1845) to work on /home/airflow/.local/lib/python3.9/site-packages/airflow/example_dags/example_latest_only_with_trigger.py
[2025-12-11T04:32:23.631+0000] {processor.py:830} INFO - Processing file /home/airflow/.local/lib/python3.9/site-packages/airflow/example_dags/example_latest_only_with_trigger.py for tasks to queue
[2025-12-11T04:32:23.639+0000] {logging_mixin.py:188} INFO - [2025-12-11T04:32:23.639+0000] {dagbag.py:545} INFO - Filling up the DagBag from /home/airflow/.local/lib/python3.9/site-packages/airflow/example_dags/example_latest_only_with_trigger.py
[2025-12-11T04:32:23.648+0000] {processor.py:840} INFO - DAG(s) 'latest_only_with_trigger' retrieved from /home/airflow/.local/lib/python3.9/site-packages/airflow/example_dags/example_latest_only_with_trigger.py
[2025-12-11T04:32:23.717+0000] {logging_mixin.py:188} INFO - [2025-12-11T04:32:23.709+0000] {dag.py:3096} INFO - Sync 1 DAGs
[2025-12-11T04:32:23.825+0000] {logging_mixin.py:188} INFO - [2025-12-11T04:32:23.824+0000] {dag.py:3954} INFO - Setting next_dagrun for latest_only_with_trigger to 2025-12-11 00:00:00+00:00, run_after=2025-12-11 04:00:00+00:00
[2025-12-11T04:32:23.905+0000] {processor.py:183} INFO - Processing /home/airflow/.local/lib/python3.9/site-packages/airflow/example_dags/example_latest_only_with_trigger.py took 0.288 seconds
[2025-12-11T04:32:54.502+0000] {processor.py:161} INFO - Started process (PID=1909) to work on /home/airflow/.local/lib/python3.9/site-packages/airflow/example_dags/example_latest_only_with_trigger.py
[2025-12-11T04:32:54.504+0000] {processor.py:830} INFO - Processing file /home/airflow/.local/lib/python3.9/site-packages/airflow/example_dags/example_latest_only_with_trigger.py for tasks to queue
[2025-12-11T04:32:54.507+0000] {logging_mixin.py:188} INFO - [2025-12-11T04:32:54.507+0000] {dagbag.py:545} INFO - Filling up the DagBag from /home/airflow/.local/lib/python3.9/site-packages/airflow/example_dags/example_latest_only_with_trigger.py
[2025-12-11T04:32:54.523+0000] {processor.py:840} INFO - DAG(s) 'latest_only_with_trigger' retrieved from /home/airflow/.local/lib/python3.9/site-packages/airflow/example_dags/example_latest_only_with_trigger.py
[2025-12-11T04:32:54.584+0000] {logging_mixin.py:188} INFO - [2025-12-11T04:32:54.584+0000] {dag.py:3096} INFO - Sync 1 DAGs
[2025-12-11T04:32:54.640+0000] {logging_mixin.py:188} INFO - [2025-12-11T04:32:54.640+0000] {dag.py:3954} INFO - Setting next_dagrun for latest_only_with_trigger to 2025-12-11 00:00:00+00:00, run_after=2025-12-11 04:00:00+00:00
[2025-12-11T04:32:54.697+0000] {processor.py:183} INFO - Processing /home/airflow/.local/lib/python3.9/site-packages/airflow/example_dags/example_latest_only_with_trigger.py took 0.211 seconds
[2025-12-11T04:33:25.025+0000] {processor.py:161} INFO - Started process (PID=1975) to work on /home/airflow/.local/lib/python3.9/site-packages/airflow/example_dags/example_latest_only_with_trigger.py
[2025-12-11T04:33:25.034+0000] {processor.py:830} INFO - Processing file /home/airflow/.local/lib/python3.9/site-packages/airflow/example_dags/example_latest_only_with_trigger.py for tasks to queue
[2025-12-11T04:33:25.040+0000] {logging_mixin.py:188} INFO - [2025-12-11T04:33:25.039+0000] {dagbag.py:545} INFO - Filling up the DagBag from /home/airflow/.local/lib/python3.9/site-packages/airflow/example_dags/example_latest_only_with_trigger.py
[2025-12-11T04:33:25.059+0000] {processor.py:840} INFO - DAG(s) 'latest_only_with_trigger' retrieved from /home/airflow/.local/lib/python3.9/site-packages/airflow/example_dags/example_latest_only_with_trigger.py
[2025-12-11T04:33:25.137+0000] {logging_mixin.py:188} INFO - [2025-12-11T04:33:25.131+0000] {dag.py:3096} INFO - Sync 1 DAGs
[2025-12-11T04:33:25.224+0000] {logging_mixin.py:188} INFO - [2025-12-11T04:33:25.223+0000] {dag.py:3954} INFO - Setting next_dagrun for latest_only_with_trigger to 2025-12-11 00:00:00+00:00, run_after=2025-12-11 04:00:00+00:00
[2025-12-11T04:33:25.525+0000] {processor.py:183} INFO - Processing /home/airflow/.local/lib/python3.9/site-packages/airflow/example_dags/example_latest_only_with_trigger.py took 0.514 seconds
[2025-12-11T04:33:55.705+0000] {processor.py:161} INFO - Started process (PID=2043) to work on /home/airflow/.local/lib/python3.9/site-packages/airflow/example_dags/example_latest_only_with_trigger.py
[2025-12-11T04:33:55.706+0000] {processor.py:830} INFO - Processing file /home/airflow/.local/lib/python3.9/site-packages/airflow/example_dags/example_latest_only_with_trigger.py for tasks to queue
[2025-12-11T04:33:55.709+0000] {logging_mixin.py:188} INFO - [2025-12-11T04:33:55.709+0000] {dagbag.py:545} INFO - Filling up the DagBag from /home/airflow/.local/lib/python3.9/site-packages/airflow/example_dags/example_latest_only_with_trigger.py
[2025-12-11T04:33:55.719+0000] {processor.py:840} INFO - DAG(s) 'latest_only_with_trigger' retrieved from /home/airflow/.local/lib/python3.9/site-packages/airflow/example_dags/example_latest_only_with_trigger.py
[2025-12-11T04:33:55.764+0000] {logging_mixin.py:188} INFO - [2025-12-11T04:33:55.763+0000] {dag.py:3096} INFO - Sync 1 DAGs
[2025-12-11T04:33:55.810+0000] {logging_mixin.py:188} INFO - [2025-12-11T04:33:55.809+0000] {dag.py:3954} INFO - Setting next_dagrun for latest_only_with_trigger to 2025-12-11 00:00:00+00:00, run_after=2025-12-11 04:00:00+00:00
[2025-12-11T04:33:56.136+0000] {processor.py:183} INFO - Processing /home/airflow/.local/lib/python3.9/site-packages/airflow/example_dags/example_latest_only_with_trigger.py took 0.444 seconds
[2025-12-11T04:34:26.587+0000] {processor.py:161} INFO - Started process (PID=2110) to work on /home/airflow/.local/lib/python3.9/site-packages/airflow/example_dags/example_latest_only_with_trigger.py
[2025-12-11T04:34:26.590+0000] {processor.py:830} INFO - Processing file /home/airflow/.local/lib/python3.9/site-packages/airflow/example_dags/example_latest_only_with_trigger.py for tasks to queue
[2025-12-11T04:34:26.600+0000] {logging_mixin.py:188} INFO - [2025-12-11T04:34:26.599+0000] {dagbag.py:545} INFO - Filling up the DagBag from /home/airflow/.local/lib/python3.9/site-packages/airflow/example_dags/example_latest_only_with_trigger.py
[2025-12-11T04:34:26.620+0000] {processor.py:840} INFO - DAG(s) 'latest_only_with_trigger' retrieved from /home/airflow/.local/lib/python3.9/site-packages/airflow/example_dags/example_latest_only_with_trigger.py
[2025-12-11T04:34:26.705+0000] {logging_mixin.py:188} INFO - [2025-12-11T04:34:26.704+0000] {dag.py:3096} INFO - Sync 1 DAGs
[2025-12-11T04:34:26.767+0000] {logging_mixin.py:188} INFO - [2025-12-11T04:34:26.767+0000] {dag.py:3954} INFO - Setting next_dagrun for latest_only_with_trigger to 2025-12-11 00:00:00+00:00, run_after=2025-12-11 04:00:00+00:00
[2025-12-11T04:34:27.058+0000] {processor.py:183} INFO - Processing /home/airflow/.local/lib/python3.9/site-packages/airflow/example_dags/example_latest_only_with_trigger.py took 0.485 seconds
[2025-12-11T04:34:57.280+0000] {processor.py:161} INFO - Started process (PID=2177) to work on /home/airflow/.local/lib/python3.9/site-packages/airflow/example_dags/example_latest_only_with_trigger.py
[2025-12-11T04:34:57.282+0000] {processor.py:830} INFO - Processing file /home/airflow/.local/lib/python3.9/site-packages/airflow/example_dags/example_latest_only_with_trigger.py for tasks to queue
[2025-12-11T04:34:57.284+0000] {logging_mixin.py:188} INFO - [2025-12-11T04:34:57.284+0000] {dagbag.py:545} INFO - Filling up the DagBag from /home/airflow/.local/lib/python3.9/site-packages/airflow/example_dags/example_latest_only_with_trigger.py
[2025-12-11T04:34:57.302+0000] {processor.py:840} INFO - DAG(s) 'latest_only_with_trigger' retrieved from /home/airflow/.local/lib/python3.9/site-packages/airflow/example_dags/example_latest_only_with_trigger.py
[2025-12-11T04:34:57.377+0000] {logging_mixin.py:188} INFO - [2025-12-11T04:34:57.370+0000] {dag.py:3096} INFO - Sync 1 DAGs
[2025-12-11T04:34:57.447+0000] {logging_mixin.py:188} INFO - [2025-12-11T04:34:57.447+0000] {dag.py:3954} INFO - Setting next_dagrun for latest_only_with_trigger to 2025-12-11 00:00:00+00:00, run_after=2025-12-11 04:00:00+00:00
[2025-12-11T04:34:57.505+0000] {processor.py:183} INFO - Processing /home/airflow/.local/lib/python3.9/site-packages/airflow/example_dags/example_latest_only_with_trigger.py took 0.239 seconds
[2025-12-11T04:35:27.852+0000] {processor.py:161} INFO - Started process (PID=2245) to work on /home/airflow/.local/lib/python3.9/site-packages/airflow/example_dags/example_latest_only_with_trigger.py
[2025-12-11T04:35:27.853+0000] {processor.py:830} INFO - Processing file /home/airflow/.local/lib/python3.9/site-packages/airflow/example_dags/example_latest_only_with_trigger.py for tasks to queue
[2025-12-11T04:35:27.856+0000] {logging_mixin.py:188} INFO - [2025-12-11T04:35:27.856+0000] {dagbag.py:545} INFO - Filling up the DagBag from /home/airflow/.local/lib/python3.9/site-packages/airflow/example_dags/example_latest_only_with_trigger.py
[2025-12-11T04:35:27.865+0000] {processor.py:840} INFO - DAG(s) 'latest_only_with_trigger' retrieved from /home/airflow/.local/lib/python3.9/site-packages/airflow/example_dags/example_latest_only_with_trigger.py
[2025-12-11T04:35:27.905+0000] {logging_mixin.py:188} INFO - [2025-12-11T04:35:27.904+0000] {dag.py:3096} INFO - Sync 1 DAGs
[2025-12-11T04:35:27.944+0000] {logging_mixin.py:188} INFO - [2025-12-11T04:35:27.944+0000] {dag.py:3954} INFO - Setting next_dagrun for latest_only_with_trigger to 2025-12-11 00:00:00+00:00, run_after=2025-12-11 04:00:00+00:00
[2025-12-11T04:35:27.973+0000] {processor.py:183} INFO - Processing /home/airflow/.local/lib/python3.9/site-packages/airflow/example_dags/example_latest_only_with_trigger.py took 0.132 seconds
[2025-12-11T04:35:58.333+0000] {processor.py:161} INFO - Started process (PID=2312) to work on /home/airflow/.local/lib/python3.9/site-packages/airflow/example_dags/example_latest_only_with_trigger.py
[2025-12-11T04:35:58.335+0000] {processor.py:830} INFO - Processing file /home/airflow/.local/lib/python3.9/site-packages/airflow/example_dags/example_latest_only_with_trigger.py for tasks to queue
[2025-12-11T04:35:58.338+0000] {logging_mixin.py:188} INFO - [2025-12-11T04:35:58.338+0000] {dagbag.py:545} INFO - Filling up the DagBag from /home/airflow/.local/lib/python3.9/site-packages/airflow/example_dags/example_latest_only_with_trigger.py
[2025-12-11T04:35:58.347+0000] {processor.py:840} INFO - DAG(s) 'latest_only_with_trigger' retrieved from /home/airflow/.local/lib/python3.9/site-packages/airflow/example_dags/example_latest_only_with_trigger.py
[2025-12-11T04:35:58.396+0000] {logging_mixin.py:188} INFO - [2025-12-11T04:35:58.396+0000] {dag.py:3096} INFO - Sync 1 DAGs
[2025-12-11T04:35:58.438+0000] {logging_mixin.py:188} INFO - [2025-12-11T04:35:58.437+0000] {dag.py:3954} INFO - Setting next_dagrun for latest_only_with_trigger to 2025-12-11 00:00:00+00:00, run_after=2025-12-11 04:00:00+00:00
[2025-12-11T04:35:58.494+0000] {processor.py:183} INFO - Processing /home/airflow/.local/lib/python3.9/site-packages/airflow/example_dags/example_latest_only_with_trigger.py took 0.174 seconds
[2025-12-11T04:36:28.728+0000] {processor.py:161} INFO - Started process (PID=2379) to work on /home/airflow/.local/lib/python3.9/site-packages/airflow/example_dags/example_latest_only_with_trigger.py
[2025-12-11T04:36:28.729+0000] {processor.py:830} INFO - Processing file /home/airflow/.local/lib/python3.9/site-packages/airflow/example_dags/example_latest_only_with_trigger.py for tasks to queue
[2025-12-11T04:36:28.737+0000] {logging_mixin.py:188} INFO - [2025-12-11T04:36:28.737+0000] {dagbag.py:545} INFO - Filling up the DagBag from /home/airflow/.local/lib/python3.9/site-packages/airflow/example_dags/example_latest_only_with_trigger.py
[2025-12-11T04:36:28.746+0000] {processor.py:840} INFO - DAG(s) 'latest_only_with_trigger' retrieved from /home/airflow/.local/lib/python3.9/site-packages/airflow/example_dags/example_latest_only_with_trigger.py
[2025-12-11T04:36:28.797+0000] {logging_mixin.py:188} INFO - [2025-12-11T04:36:28.797+0000] {dag.py:3096} INFO - Sync 1 DAGs
[2025-12-11T04:36:28.845+0000] {logging_mixin.py:188} INFO - [2025-12-11T04:36:28.845+0000] {dag.py:3954} INFO - Setting next_dagrun for latest_only_with_trigger to 2025-12-11 00:00:00+00:00, run_after=2025-12-11 04:00:00+00:00
[2025-12-11T04:36:28.893+0000] {processor.py:183} INFO - Processing /home/airflow/.local/lib/python3.9/site-packages/airflow/example_dags/example_latest_only_with_trigger.py took 0.175 seconds
[2025-12-11T04:36:59.111+0000] {processor.py:161} INFO - Started process (PID=2446) to work on /home/airflow/.local/lib/python3.9/site-packages/airflow/example_dags/example_latest_only_with_trigger.py
[2025-12-11T04:36:59.114+0000] {processor.py:830} INFO - Processing file /home/airflow/.local/lib/python3.9/site-packages/airflow/example_dags/example_latest_only_with_trigger.py for tasks to queue
[2025-12-11T04:36:59.117+0000] {logging_mixin.py:188} INFO - [2025-12-11T04:36:59.116+0000] {dagbag.py:545} INFO - Filling up the DagBag from /home/airflow/.local/lib/python3.9/site-packages/airflow/example_dags/example_latest_only_with_trigger.py
[2025-12-11T04:36:59.126+0000] {processor.py:840} INFO - DAG(s) 'latest_only_with_trigger' retrieved from /home/airflow/.local/lib/python3.9/site-packages/airflow/example_dags/example_latest_only_with_trigger.py
[2025-12-11T04:36:59.168+0000] {logging_mixin.py:188} INFO - [2025-12-11T04:36:59.167+0000] {dag.py:3096} INFO - Sync 1 DAGs
[2025-12-11T04:36:59.207+0000] {logging_mixin.py:188} INFO - [2025-12-11T04:36:59.206+0000] {dag.py:3954} INFO - Setting next_dagrun for latest_only_with_trigger to 2025-12-11 00:00:00+00:00, run_after=2025-12-11 04:00:00+00:00
[2025-12-11T04:36:59.236+0000] {processor.py:183} INFO - Processing /home/airflow/.local/lib/python3.9/site-packages/airflow/example_dags/example_latest_only_with_trigger.py took 0.136 seconds
[2025-12-11T04:37:30.154+0000] {processor.py:161} INFO - Started process (PID=2513) to work on /home/airflow/.local/lib/python3.9/site-packages/airflow/example_dags/example_latest_only_with_trigger.py
[2025-12-11T04:37:30.264+0000] {processor.py:830} INFO - Processing file /home/airflow/.local/lib/python3.9/site-packages/airflow/example_dags/example_latest_only_with_trigger.py for tasks to queue
[2025-12-11T04:37:30.268+0000] {logging_mixin.py:188} INFO - [2025-12-11T04:37:30.267+0000] {dagbag.py:545} INFO - Filling up the DagBag from /home/airflow/.local/lib/python3.9/site-packages/airflow/example_dags/example_latest_only_with_trigger.py
[2025-12-11T04:37:30.277+0000] {processor.py:840} INFO - DAG(s) 'latest_only_with_trigger' retrieved from /home/airflow/.local/lib/python3.9/site-packages/airflow/example_dags/example_latest_only_with_trigger.py
[2025-12-11T04:37:30.315+0000] {logging_mixin.py:188} INFO - [2025-12-11T04:37:30.315+0000] {dag.py:3096} INFO - Sync 1 DAGs
[2025-12-11T04:37:30.354+0000] {logging_mixin.py:188} INFO - [2025-12-11T04:37:30.353+0000] {dag.py:3954} INFO - Setting next_dagrun for latest_only_with_trigger to 2025-12-11 00:00:00+00:00, run_after=2025-12-11 04:00:00+00:00
[2025-12-11T04:37:30.530+0000] {processor.py:183} INFO - Processing /home/airflow/.local/lib/python3.9/site-packages/airflow/example_dags/example_latest_only_with_trigger.py took 0.387 seconds
[2025-12-11T04:38:00.851+0000] {processor.py:161} INFO - Started process (PID=2580) to work on /home/airflow/.local/lib/python3.9/site-packages/airflow/example_dags/example_latest_only_with_trigger.py
[2025-12-11T04:38:00.887+0000] {processor.py:830} INFO - Processing file /home/airflow/.local/lib/python3.9/site-packages/airflow/example_dags/example_latest_only_with_trigger.py for tasks to queue
[2025-12-11T04:38:00.890+0000] {logging_mixin.py:188} INFO - [2025-12-11T04:38:00.890+0000] {dagbag.py:545} INFO - Filling up the DagBag from /home/airflow/.local/lib/python3.9/site-packages/airflow/example_dags/example_latest_only_with_trigger.py
[2025-12-11T04:38:00.899+0000] {processor.py:840} INFO - DAG(s) 'latest_only_with_trigger' retrieved from /home/airflow/.local/lib/python3.9/site-packages/airflow/example_dags/example_latest_only_with_trigger.py
[2025-12-11T04:38:00.936+0000] {logging_mixin.py:188} INFO - [2025-12-11T04:38:00.936+0000] {dag.py:3096} INFO - Sync 1 DAGs
[2025-12-11T04:38:00.969+0000] {logging_mixin.py:188} INFO - [2025-12-11T04:38:00.969+0000] {dag.py:3954} INFO - Setting next_dagrun for latest_only_with_trigger to 2025-12-11 00:00:00+00:00, run_after=2025-12-11 04:00:00+00:00
[2025-12-11T04:38:01.125+0000] {processor.py:183} INFO - Processing /home/airflow/.local/lib/python3.9/site-packages/airflow/example_dags/example_latest_only_with_trigger.py took 0.284 seconds
[2025-12-11T04:38:31.885+0000] {processor.py:161} INFO - Started process (PID=2647) to work on /home/airflow/.local/lib/python3.9/site-packages/airflow/example_dags/example_latest_only_with_trigger.py
[2025-12-11T04:38:31.915+0000] {processor.py:830} INFO - Processing file /home/airflow/.local/lib/python3.9/site-packages/airflow/example_dags/example_latest_only_with_trigger.py for tasks to queue
[2025-12-11T04:38:31.918+0000] {logging_mixin.py:188} INFO - [2025-12-11T04:38:31.918+0000] {dagbag.py:545} INFO - Filling up the DagBag from /home/airflow/.local/lib/python3.9/site-packages/airflow/example_dags/example_latest_only_with_trigger.py
[2025-12-11T04:38:31.928+0000] {processor.py:840} INFO - DAG(s) 'latest_only_with_trigger' retrieved from /home/airflow/.local/lib/python3.9/site-packages/airflow/example_dags/example_latest_only_with_trigger.py
[2025-12-11T04:38:31.975+0000] {logging_mixin.py:188} INFO - [2025-12-11T04:38:31.974+0000] {dag.py:3096} INFO - Sync 1 DAGs
[2025-12-11T04:38:32.020+0000] {logging_mixin.py:188} INFO - [2025-12-11T04:38:32.019+0000] {dag.py:3954} INFO - Setting next_dagrun for latest_only_with_trigger to 2025-12-11 00:00:00+00:00, run_after=2025-12-11 04:00:00+00:00
[2025-12-11T04:38:32.201+0000] {processor.py:183} INFO - Processing /home/airflow/.local/lib/python3.9/site-packages/airflow/example_dags/example_latest_only_with_trigger.py took 0.328 seconds
[2025-12-11T04:39:02.391+0000] {processor.py:161} INFO - Started process (PID=2714) to work on /home/airflow/.local/lib/python3.9/site-packages/airflow/example_dags/example_latest_only_with_trigger.py
[2025-12-11T04:39:02.392+0000] {processor.py:830} INFO - Processing file /home/airflow/.local/lib/python3.9/site-packages/airflow/example_dags/example_latest_only_with_trigger.py for tasks to queue
[2025-12-11T04:39:02.395+0000] {logging_mixin.py:188} INFO - [2025-12-11T04:39:02.395+0000] {dagbag.py:545} INFO - Filling up the DagBag from /home/airflow/.local/lib/python3.9/site-packages/airflow/example_dags/example_latest_only_with_trigger.py
[2025-12-11T04:39:02.403+0000] {processor.py:840} INFO - DAG(s) 'latest_only_with_trigger' retrieved from /home/airflow/.local/lib/python3.9/site-packages/airflow/example_dags/example_latest_only_with_trigger.py
[2025-12-11T04:39:02.441+0000] {logging_mixin.py:188} INFO - [2025-12-11T04:39:02.441+0000] {dag.py:3096} INFO - Sync 1 DAGs
[2025-12-11T04:39:02.488+0000] {logging_mixin.py:188} INFO - [2025-12-11T04:39:02.487+0000] {dag.py:3954} INFO - Setting next_dagrun for latest_only_with_trigger to 2025-12-11 00:00:00+00:00, run_after=2025-12-11 04:00:00+00:00
[2025-12-11T04:39:02.770+0000] {processor.py:183} INFO - Processing /home/airflow/.local/lib/python3.9/site-packages/airflow/example_dags/example_latest_only_with_trigger.py took 0.390 seconds
[2025-12-11T04:39:33.082+0000] {processor.py:161} INFO - Started process (PID=2780) to work on /home/airflow/.local/lib/python3.9/site-packages/airflow/example_dags/example_latest_only_with_trigger.py
[2025-12-11T04:39:33.097+0000] {processor.py:830} INFO - Processing file /home/airflow/.local/lib/python3.9/site-packages/airflow/example_dags/example_latest_only_with_trigger.py for tasks to queue
[2025-12-11T04:39:33.100+0000] {logging_mixin.py:188} INFO - [2025-12-11T04:39:33.100+0000] {dagbag.py:545} INFO - Filling up the DagBag from /home/airflow/.local/lib/python3.9/site-packages/airflow/example_dags/example_latest_only_with_trigger.py
[2025-12-11T04:39:33.123+0000] {processor.py:840} INFO - DAG(s) 'latest_only_with_trigger' retrieved from /home/airflow/.local/lib/python3.9/site-packages/airflow/example_dags/example_latest_only_with_trigger.py
[2025-12-11T04:39:33.189+0000] {logging_mixin.py:188} INFO - [2025-12-11T04:39:33.189+0000] {dag.py:3096} INFO - Sync 1 DAGs
[2025-12-11T04:39:33.261+0000] {logging_mixin.py:188} INFO - [2025-12-11T04:39:33.261+0000] {dag.py:3954} INFO - Setting next_dagrun for latest_only_with_trigger to 2025-12-11 00:00:00+00:00, run_after=2025-12-11 04:00:00+00:00
[2025-12-11T04:39:33.664+0000] {processor.py:183} INFO - Processing /home/airflow/.local/lib/python3.9/site-packages/airflow/example_dags/example_latest_only_with_trigger.py took 0.601 seconds
[2025-12-11T04:40:04.218+0000] {processor.py:161} INFO - Started process (PID=2847) to work on /home/airflow/.local/lib/python3.9/site-packages/airflow/example_dags/example_latest_only_with_trigger.py
[2025-12-11T04:40:04.220+0000] {processor.py:830} INFO - Processing file /home/airflow/.local/lib/python3.9/site-packages/airflow/example_dags/example_latest_only_with_trigger.py for tasks to queue
[2025-12-11T04:40:04.223+0000] {logging_mixin.py:188} INFO - [2025-12-11T04:40:04.223+0000] {dagbag.py:545} INFO - Filling up the DagBag from /home/airflow/.local/lib/python3.9/site-packages/airflow/example_dags/example_latest_only_with_trigger.py
[2025-12-11T04:40:04.239+0000] {processor.py:840} INFO - DAG(s) 'latest_only_with_trigger' retrieved from /home/airflow/.local/lib/python3.9/site-packages/airflow/example_dags/example_latest_only_with_trigger.py
[2025-12-11T04:40:04.309+0000] {logging_mixin.py:188} INFO - [2025-12-11T04:40:04.308+0000] {dag.py:3096} INFO - Sync 1 DAGs
[2025-12-11T04:40:04.404+0000] {logging_mixin.py:188} INFO - [2025-12-11T04:40:04.404+0000] {dag.py:3954} INFO - Setting next_dagrun for latest_only_with_trigger to 2025-12-11 00:00:00+00:00, run_after=2025-12-11 04:00:00+00:00
[2025-12-11T04:40:04.754+0000] {processor.py:183} INFO - Processing /home/airflow/.local/lib/python3.9/site-packages/airflow/example_dags/example_latest_only_with_trigger.py took 0.551 seconds
[2025-12-11T04:40:35.519+0000] {processor.py:161} INFO - Started process (PID=2914) to work on /home/airflow/.local/lib/python3.9/site-packages/airflow/example_dags/example_latest_only_with_trigger.py
[2025-12-11T04:40:35.629+0000] {processor.py:830} INFO - Processing file /home/airflow/.local/lib/python3.9/site-packages/airflow/example_dags/example_latest_only_with_trigger.py for tasks to queue
[2025-12-11T04:40:35.633+0000] {logging_mixin.py:188} INFO - [2025-12-11T04:40:35.633+0000] {dagbag.py:545} INFO - Filling up the DagBag from /home/airflow/.local/lib/python3.9/site-packages/airflow/example_dags/example_latest_only_with_trigger.py
[2025-12-11T04:40:35.644+0000] {processor.py:840} INFO - DAG(s) 'latest_only_with_trigger' retrieved from /home/airflow/.local/lib/python3.9/site-packages/airflow/example_dags/example_latest_only_with_trigger.py
[2025-12-11T04:40:35.708+0000] {logging_mixin.py:188} INFO - [2025-12-11T04:40:35.707+0000] {dag.py:3096} INFO - Sync 1 DAGs
[2025-12-11T04:40:35.798+0000] {logging_mixin.py:188} INFO - [2025-12-11T04:40:35.797+0000] {dag.py:3954} INFO - Setting next_dagrun for latest_only_with_trigger to 2025-12-11 00:00:00+00:00, run_after=2025-12-11 04:00:00+00:00
[2025-12-11T04:40:36.100+0000] {processor.py:183} INFO - Processing /home/airflow/.local/lib/python3.9/site-packages/airflow/example_dags/example_latest_only_with_trigger.py took 0.598 seconds
[2025-12-11T04:41:06.246+0000] {processor.py:161} INFO - Started process (PID=2981) to work on /home/airflow/.local/lib/python3.9/site-packages/airflow/example_dags/example_latest_only_with_trigger.py
[2025-12-11T04:41:06.250+0000] {processor.py:830} INFO - Processing file /home/airflow/.local/lib/python3.9/site-packages/airflow/example_dags/example_latest_only_with_trigger.py for tasks to queue
[2025-12-11T04:41:06.269+0000] {logging_mixin.py:188} INFO - [2025-12-11T04:41:06.259+0000] {dagbag.py:545} INFO - Filling up the DagBag from /home/airflow/.local/lib/python3.9/site-packages/airflow/example_dags/example_latest_only_with_trigger.py
[2025-12-11T04:41:06.289+0000] {processor.py:840} INFO - DAG(s) 'latest_only_with_trigger' retrieved from /home/airflow/.local/lib/python3.9/site-packages/airflow/example_dags/example_latest_only_with_trigger.py
[2025-12-11T04:41:06.369+0000] {logging_mixin.py:188} INFO - [2025-12-11T04:41:06.368+0000] {dag.py:3096} INFO - Sync 1 DAGs
[2025-12-11T04:41:06.448+0000] {logging_mixin.py:188} INFO - [2025-12-11T04:41:06.447+0000] {dag.py:3954} INFO - Setting next_dagrun for latest_only_with_trigger to 2025-12-11 00:00:00+00:00, run_after=2025-12-11 04:00:00+00:00
[2025-12-11T04:41:06.818+0000] {processor.py:183} INFO - Processing /home/airflow/.local/lib/python3.9/site-packages/airflow/example_dags/example_latest_only_with_trigger.py took 0.593 seconds
[2025-12-11T04:41:37.608+0000] {processor.py:161} INFO - Started process (PID=3048) to work on /home/airflow/.local/lib/python3.9/site-packages/airflow/example_dags/example_latest_only_with_trigger.py
[2025-12-11T04:41:37.614+0000] {processor.py:830} INFO - Processing file /home/airflow/.local/lib/python3.9/site-packages/airflow/example_dags/example_latest_only_with_trigger.py for tasks to queue
[2025-12-11T04:41:37.619+0000] {logging_mixin.py:188} INFO - [2025-12-11T04:41:37.618+0000] {dagbag.py:545} INFO - Filling up the DagBag from /home/airflow/.local/lib/python3.9/site-packages/airflow/example_dags/example_latest_only_with_trigger.py
[2025-12-11T04:41:37.628+0000] {processor.py:840} INFO - DAG(s) 'latest_only_with_trigger' retrieved from /home/airflow/.local/lib/python3.9/site-packages/airflow/example_dags/example_latest_only_with_trigger.py
[2025-12-11T04:41:37.706+0000] {logging_mixin.py:188} INFO - [2025-12-11T04:41:37.706+0000] {dag.py:3096} INFO - Sync 1 DAGs
[2025-12-11T04:41:37.839+0000] {logging_mixin.py:188} INFO - [2025-12-11T04:41:37.838+0000] {dag.py:3954} INFO - Setting next_dagrun for latest_only_with_trigger to 2025-12-11 00:00:00+00:00, run_after=2025-12-11 04:00:00+00:00
[2025-12-11T04:41:38.102+0000] {processor.py:183} INFO - Processing /home/airflow/.local/lib/python3.9/site-packages/airflow/example_dags/example_latest_only_with_trigger.py took 0.505 seconds
[2025-12-11T04:42:08.552+0000] {processor.py:161} INFO - Started process (PID=3116) to work on /home/airflow/.local/lib/python3.9/site-packages/airflow/example_dags/example_latest_only_with_trigger.py
[2025-12-11T04:42:08.568+0000] {processor.py:830} INFO - Processing file /home/airflow/.local/lib/python3.9/site-packages/airflow/example_dags/example_latest_only_with_trigger.py for tasks to queue
[2025-12-11T04:42:08.572+0000] {logging_mixin.py:188} INFO - [2025-12-11T04:42:08.571+0000] {dagbag.py:545} INFO - Filling up the DagBag from /home/airflow/.local/lib/python3.9/site-packages/airflow/example_dags/example_latest_only_with_trigger.py
[2025-12-11T04:42:08.584+0000] {processor.py:840} INFO - DAG(s) 'latest_only_with_trigger' retrieved from /home/airflow/.local/lib/python3.9/site-packages/airflow/example_dags/example_latest_only_with_trigger.py
[2025-12-11T04:42:08.662+0000] {logging_mixin.py:188} INFO - [2025-12-11T04:42:08.661+0000] {dag.py:3096} INFO - Sync 1 DAGs
[2025-12-11T04:42:08.743+0000] {logging_mixin.py:188} INFO - [2025-12-11T04:42:08.743+0000] {dag.py:3954} INFO - Setting next_dagrun for latest_only_with_trigger to 2025-12-11 00:00:00+00:00, run_after=2025-12-11 04:00:00+00:00
[2025-12-11T04:42:08.946+0000] {processor.py:183} INFO - Processing /home/airflow/.local/lib/python3.9/site-packages/airflow/example_dags/example_latest_only_with_trigger.py took 0.417 seconds
[2025-12-11T04:42:39.104+0000] {processor.py:161} INFO - Started process (PID=3183) to work on /home/airflow/.local/lib/python3.9/site-packages/airflow/example_dags/example_latest_only_with_trigger.py
[2025-12-11T04:42:39.124+0000] {processor.py:830} INFO - Processing file /home/airflow/.local/lib/python3.9/site-packages/airflow/example_dags/example_latest_only_with_trigger.py for tasks to queue
[2025-12-11T04:42:39.137+0000] {logging_mixin.py:188} INFO - [2025-12-11T04:42:39.127+0000] {dagbag.py:545} INFO - Filling up the DagBag from /home/airflow/.local/lib/python3.9/site-packages/airflow/example_dags/example_latest_only_with_trigger.py
[2025-12-11T04:42:39.146+0000] {processor.py:840} INFO - DAG(s) 'latest_only_with_trigger' retrieved from /home/airflow/.local/lib/python3.9/site-packages/airflow/example_dags/example_latest_only_with_trigger.py
[2025-12-11T04:42:39.222+0000] {logging_mixin.py:188} INFO - [2025-12-11T04:42:39.222+0000] {dag.py:3096} INFO - Sync 1 DAGs
[2025-12-11T04:42:39.298+0000] {logging_mixin.py:188} INFO - [2025-12-11T04:42:39.297+0000] {dag.py:3954} INFO - Setting next_dagrun for latest_only_with_trigger to 2025-12-11 00:00:00+00:00, run_after=2025-12-11 04:00:00+00:00
[2025-12-11T04:42:39.363+0000] {processor.py:183} INFO - Processing /home/airflow/.local/lib/python3.9/site-packages/airflow/example_dags/example_latest_only_with_trigger.py took 0.279 seconds
[2025-12-11T04:43:09.683+0000] {processor.py:161} INFO - Started process (PID=3250) to work on /home/airflow/.local/lib/python3.9/site-packages/airflow/example_dags/example_latest_only_with_trigger.py
[2025-12-11T04:43:09.685+0000] {processor.py:830} INFO - Processing file /home/airflow/.local/lib/python3.9/site-packages/airflow/example_dags/example_latest_only_with_trigger.py for tasks to queue
[2025-12-11T04:43:09.687+0000] {logging_mixin.py:188} INFO - [2025-12-11T04:43:09.687+0000] {dagbag.py:545} INFO - Filling up the DagBag from /home/airflow/.local/lib/python3.9/site-packages/airflow/example_dags/example_latest_only_with_trigger.py
[2025-12-11T04:43:09.700+0000] {processor.py:840} INFO - DAG(s) 'latest_only_with_trigger' retrieved from /home/airflow/.local/lib/python3.9/site-packages/airflow/example_dags/example_latest_only_with_trigger.py
[2025-12-11T04:43:09.766+0000] {logging_mixin.py:188} INFO - [2025-12-11T04:43:09.765+0000] {dag.py:3096} INFO - Sync 1 DAGs
[2025-12-11T04:43:09.827+0000] {logging_mixin.py:188} INFO - [2025-12-11T04:43:09.827+0000] {dag.py:3954} INFO - Setting next_dagrun for latest_only_with_trigger to 2025-12-11 00:00:00+00:00, run_after=2025-12-11 04:00:00+00:00
[2025-12-11T04:43:09.877+0000] {processor.py:183} INFO - Processing /home/airflow/.local/lib/python3.9/site-packages/airflow/example_dags/example_latest_only_with_trigger.py took 0.212 seconds
[2025-12-11T04:43:40.049+0000] {processor.py:161} INFO - Started process (PID=3317) to work on /home/airflow/.local/lib/python3.9/site-packages/airflow/example_dags/example_latest_only_with_trigger.py
[2025-12-11T04:43:40.157+0000] {processor.py:830} INFO - Processing file /home/airflow/.local/lib/python3.9/site-packages/airflow/example_dags/example_latest_only_with_trigger.py for tasks to queue
[2025-12-11T04:43:40.161+0000] {logging_mixin.py:188} INFO - [2025-12-11T04:43:40.161+0000] {dagbag.py:545} INFO - Filling up the DagBag from /home/airflow/.local/lib/python3.9/site-packages/airflow/example_dags/example_latest_only_with_trigger.py
[2025-12-11T04:43:40.178+0000] {processor.py:840} INFO - DAG(s) 'latest_only_with_trigger' retrieved from /home/airflow/.local/lib/python3.9/site-packages/airflow/example_dags/example_latest_only_with_trigger.py
[2025-12-11T04:43:40.244+0000] {logging_mixin.py:188} INFO - [2025-12-11T04:43:40.244+0000] {dag.py:3096} INFO - Sync 1 DAGs
[2025-12-11T04:43:40.358+0000] {logging_mixin.py:188} INFO - [2025-12-11T04:43:40.357+0000] {dag.py:3954} INFO - Setting next_dagrun for latest_only_with_trigger to 2025-12-11 00:00:00+00:00, run_after=2025-12-11 04:00:00+00:00
[2025-12-11T04:43:40.669+0000] {processor.py:183} INFO - Processing /home/airflow/.local/lib/python3.9/site-packages/airflow/example_dags/example_latest_only_with_trigger.py took 0.632 seconds
[2025-12-11T04:44:11.391+0000] {processor.py:161} INFO - Started process (PID=3384) to work on /home/airflow/.local/lib/python3.9/site-packages/airflow/example_dags/example_latest_only_with_trigger.py
[2025-12-11T04:44:11.393+0000] {processor.py:830} INFO - Processing file /home/airflow/.local/lib/python3.9/site-packages/airflow/example_dags/example_latest_only_with_trigger.py for tasks to queue
[2025-12-11T04:44:11.398+0000] {logging_mixin.py:188} INFO - [2025-12-11T04:44:11.398+0000] {dagbag.py:545} INFO - Filling up the DagBag from /home/airflow/.local/lib/python3.9/site-packages/airflow/example_dags/example_latest_only_with_trigger.py
[2025-12-11T04:44:11.407+0000] {processor.py:840} INFO - DAG(s) 'latest_only_with_trigger' retrieved from /home/airflow/.local/lib/python3.9/site-packages/airflow/example_dags/example_latest_only_with_trigger.py
[2025-12-11T04:44:11.465+0000] {logging_mixin.py:188} INFO - [2025-12-11T04:44:11.464+0000] {dag.py:3096} INFO - Sync 1 DAGs
[2025-12-11T04:44:11.537+0000] {logging_mixin.py:188} INFO - [2025-12-11T04:44:11.530+0000] {dag.py:3954} INFO - Setting next_dagrun for latest_only_with_trigger to 2025-12-11 00:00:00+00:00, run_after=2025-12-11 04:00:00+00:00
[2025-12-11T04:44:11.588+0000] {processor.py:183} INFO - Processing /home/airflow/.local/lib/python3.9/site-packages/airflow/example_dags/example_latest_only_with_trigger.py took 0.207 seconds
[2025-12-11T04:44:42.345+0000] {processor.py:161} INFO - Started process (PID=3451) to work on /home/airflow/.local/lib/python3.9/site-packages/airflow/example_dags/example_latest_only_with_trigger.py
[2025-12-11T04:44:42.347+0000] {processor.py:830} INFO - Processing file /home/airflow/.local/lib/python3.9/site-packages/airflow/example_dags/example_latest_only_with_trigger.py for tasks to queue
[2025-12-11T04:44:42.349+0000] {logging_mixin.py:188} INFO - [2025-12-11T04:44:42.349+0000] {dagbag.py:545} INFO - Filling up the DagBag from /home/airflow/.local/lib/python3.9/site-packages/airflow/example_dags/example_latest_only_with_trigger.py
[2025-12-11T04:44:42.358+0000] {processor.py:840} INFO - DAG(s) 'latest_only_with_trigger' retrieved from /home/airflow/.local/lib/python3.9/site-packages/airflow/example_dags/example_latest_only_with_trigger.py
[2025-12-11T04:44:42.396+0000] {logging_mixin.py:188} INFO - [2025-12-11T04:44:42.396+0000] {dag.py:3096} INFO - Sync 1 DAGs
[2025-12-11T04:44:42.432+0000] {logging_mixin.py:188} INFO - [2025-12-11T04:44:42.432+0000] {dag.py:3954} INFO - Setting next_dagrun for latest_only_with_trigger to 2025-12-11 00:00:00+00:00, run_after=2025-12-11 04:00:00+00:00
[2025-12-11T04:44:42.460+0000] {processor.py:183} INFO - Processing /home/airflow/.local/lib/python3.9/site-packages/airflow/example_dags/example_latest_only_with_trigger.py took 0.126 seconds
[2025-12-11T04:45:12.577+0000] {processor.py:161} INFO - Started process (PID=3519) to work on /home/airflow/.local/lib/python3.9/site-packages/airflow/example_dags/example_latest_only_with_trigger.py
[2025-12-11T04:45:12.579+0000] {processor.py:830} INFO - Processing file /home/airflow/.local/lib/python3.9/site-packages/airflow/example_dags/example_latest_only_with_trigger.py for tasks to queue
[2025-12-11T04:45:12.582+0000] {logging_mixin.py:188} INFO - [2025-12-11T04:45:12.581+0000] {dagbag.py:545} INFO - Filling up the DagBag from /home/airflow/.local/lib/python3.9/site-packages/airflow/example_dags/example_latest_only_with_trigger.py
[2025-12-11T04:45:12.590+0000] {processor.py:840} INFO - DAG(s) 'latest_only_with_trigger' retrieved from /home/airflow/.local/lib/python3.9/site-packages/airflow/example_dags/example_latest_only_with_trigger.py
[2025-12-11T04:45:12.632+0000] {logging_mixin.py:188} INFO - [2025-12-11T04:45:12.632+0000] {dag.py:3096} INFO - Sync 1 DAGs
[2025-12-11T04:45:12.682+0000] {logging_mixin.py:188} INFO - [2025-12-11T04:45:12.682+0000] {dag.py:3954} INFO - Setting next_dagrun for latest_only_with_trigger to 2025-12-11 00:00:00+00:00, run_after=2025-12-11 04:00:00+00:00
[2025-12-11T04:45:12.712+0000] {processor.py:183} INFO - Processing /home/airflow/.local/lib/python3.9/site-packages/airflow/example_dags/example_latest_only_with_trigger.py took 0.144 seconds
[2025-12-11T04:45:42.988+0000] {processor.py:161} INFO - Started process (PID=3587) to work on /home/airflow/.local/lib/python3.9/site-packages/airflow/example_dags/example_latest_only_with_trigger.py
[2025-12-11T04:45:43.024+0000] {processor.py:830} INFO - Processing file /home/airflow/.local/lib/python3.9/site-packages/airflow/example_dags/example_latest_only_with_trigger.py for tasks to queue
[2025-12-11T04:45:43.033+0000] {logging_mixin.py:188} INFO - [2025-12-11T04:45:43.032+0000] {dagbag.py:545} INFO - Filling up the DagBag from /home/airflow/.local/lib/python3.9/site-packages/airflow/example_dags/example_latest_only_with_trigger.py
[2025-12-11T04:45:43.046+0000] {processor.py:840} INFO - DAG(s) 'latest_only_with_trigger' retrieved from /home/airflow/.local/lib/python3.9/site-packages/airflow/example_dags/example_latest_only_with_trigger.py
[2025-12-11T04:45:43.130+0000] {logging_mixin.py:188} INFO - [2025-12-11T04:45:43.129+0000] {dag.py:3096} INFO - Sync 1 DAGs
[2025-12-11T04:45:43.197+0000] {logging_mixin.py:188} INFO - [2025-12-11T04:45:43.197+0000] {dag.py:3954} INFO - Setting next_dagrun for latest_only_with_trigger to 2025-12-11 00:00:00+00:00, run_after=2025-12-11 04:00:00+00:00
[2025-12-11T04:45:43.261+0000] {processor.py:183} INFO - Processing /home/airflow/.local/lib/python3.9/site-packages/airflow/example_dags/example_latest_only_with_trigger.py took 0.297 seconds
[2025-12-11T04:46:13.585+0000] {processor.py:161} INFO - Started process (PID=3654) to work on /home/airflow/.local/lib/python3.9/site-packages/airflow/example_dags/example_latest_only_with_trigger.py
[2025-12-11T04:46:13.594+0000] {processor.py:830} INFO - Processing file /home/airflow/.local/lib/python3.9/site-packages/airflow/example_dags/example_latest_only_with_trigger.py for tasks to queue
[2025-12-11T04:46:13.598+0000] {logging_mixin.py:188} INFO - [2025-12-11T04:46:13.598+0000] {dagbag.py:545} INFO - Filling up the DagBag from /home/airflow/.local/lib/python3.9/site-packages/airflow/example_dags/example_latest_only_with_trigger.py
[2025-12-11T04:46:13.608+0000] {processor.py:840} INFO - DAG(s) 'latest_only_with_trigger' retrieved from /home/airflow/.local/lib/python3.9/site-packages/airflow/example_dags/example_latest_only_with_trigger.py
[2025-12-11T04:46:13.680+0000] {logging_mixin.py:188} INFO - [2025-12-11T04:46:13.680+0000] {dag.py:3096} INFO - Sync 1 DAGs
[2025-12-11T04:46:13.741+0000] {logging_mixin.py:188} INFO - [2025-12-11T04:46:13.741+0000] {dag.py:3954} INFO - Setting next_dagrun for latest_only_with_trigger to 2025-12-11 00:00:00+00:00, run_after=2025-12-11 04:00:00+00:00
[2025-12-11T04:46:14.044+0000] {processor.py:183} INFO - Processing /home/airflow/.local/lib/python3.9/site-packages/airflow/example_dags/example_latest_only_with_trigger.py took 0.476 seconds
[2025-12-11T04:46:44.684+0000] {processor.py:161} INFO - Started process (PID=3721) to work on /home/airflow/.local/lib/python3.9/site-packages/airflow/example_dags/example_latest_only_with_trigger.py
[2025-12-11T04:46:44.686+0000] {processor.py:830} INFO - Processing file /home/airflow/.local/lib/python3.9/site-packages/airflow/example_dags/example_latest_only_with_trigger.py for tasks to queue
[2025-12-11T04:46:44.689+0000] {logging_mixin.py:188} INFO - [2025-12-11T04:46:44.688+0000] {dagbag.py:545} INFO - Filling up the DagBag from /home/airflow/.local/lib/python3.9/site-packages/airflow/example_dags/example_latest_only_with_trigger.py
[2025-12-11T04:46:44.701+0000] {processor.py:840} INFO - DAG(s) 'latest_only_with_trigger' retrieved from /home/airflow/.local/lib/python3.9/site-packages/airflow/example_dags/example_latest_only_with_trigger.py
[2025-12-11T04:46:44.766+0000] {logging_mixin.py:188} INFO - [2025-12-11T04:46:44.766+0000] {dag.py:3096} INFO - Sync 1 DAGs
[2025-12-11T04:46:44.842+0000] {logging_mixin.py:188} INFO - [2025-12-11T04:46:44.841+0000] {dag.py:3954} INFO - Setting next_dagrun for latest_only_with_trigger to 2025-12-11 00:00:00+00:00, run_after=2025-12-11 04:00:00+00:00
[2025-12-11T04:46:44.923+0000] {processor.py:183} INFO - Processing /home/airflow/.local/lib/python3.9/site-packages/airflow/example_dags/example_latest_only_with_trigger.py took 0.258 seconds
[2025-12-11T04:47:15.562+0000] {processor.py:161} INFO - Started process (PID=3788) to work on /home/airflow/.local/lib/python3.9/site-packages/airflow/example_dags/example_latest_only_with_trigger.py
[2025-12-11T04:47:15.564+0000] {processor.py:830} INFO - Processing file /home/airflow/.local/lib/python3.9/site-packages/airflow/example_dags/example_latest_only_with_trigger.py for tasks to queue
[2025-12-11T04:47:15.568+0000] {logging_mixin.py:188} INFO - [2025-12-11T04:47:15.568+0000] {dagbag.py:545} INFO - Filling up the DagBag from /home/airflow/.local/lib/python3.9/site-packages/airflow/example_dags/example_latest_only_with_trigger.py
[2025-12-11T04:47:15.580+0000] {processor.py:840} INFO - DAG(s) 'latest_only_with_trigger' retrieved from /home/airflow/.local/lib/python3.9/site-packages/airflow/example_dags/example_latest_only_with_trigger.py
[2025-12-11T04:47:15.632+0000] {logging_mixin.py:188} INFO - [2025-12-11T04:47:15.632+0000] {dag.py:3096} INFO - Sync 1 DAGs
[2025-12-11T04:47:15.678+0000] {logging_mixin.py:188} INFO - [2025-12-11T04:47:15.677+0000] {dag.py:3954} INFO - Setting next_dagrun for latest_only_with_trigger to 2025-12-11 00:00:00+00:00, run_after=2025-12-11 04:00:00+00:00
[2025-12-11T04:47:15.710+0000] {processor.py:183} INFO - Processing /home/airflow/.local/lib/python3.9/site-packages/airflow/example_dags/example_latest_only_with_trigger.py took 0.171 seconds
[2025-12-11T04:47:46.150+0000] {processor.py:161} INFO - Started process (PID=3862) to work on /home/airflow/.local/lib/python3.9/site-packages/airflow/example_dags/example_latest_only_with_trigger.py
[2025-12-11T04:47:46.159+0000] {processor.py:830} INFO - Processing file /home/airflow/.local/lib/python3.9/site-packages/airflow/example_dags/example_latest_only_with_trigger.py for tasks to queue
[2025-12-11T04:47:46.162+0000] {logging_mixin.py:188} INFO - [2025-12-11T04:47:46.161+0000] {dagbag.py:545} INFO - Filling up the DagBag from /home/airflow/.local/lib/python3.9/site-packages/airflow/example_dags/example_latest_only_with_trigger.py
[2025-12-11T04:47:46.171+0000] {processor.py:840} INFO - DAG(s) 'latest_only_with_trigger' retrieved from /home/airflow/.local/lib/python3.9/site-packages/airflow/example_dags/example_latest_only_with_trigger.py
[2025-12-11T04:47:46.260+0000] {logging_mixin.py:188} INFO - [2025-12-11T04:47:46.259+0000] {dag.py:3096} INFO - Sync 1 DAGs
[2025-12-11T04:47:46.317+0000] {logging_mixin.py:188} INFO - [2025-12-11T04:47:46.311+0000] {dag.py:3954} INFO - Setting next_dagrun for latest_only_with_trigger to 2025-12-11 00:00:00+00:00, run_after=2025-12-11 04:00:00+00:00
[2025-12-11T04:47:46.459+0000] {processor.py:183} INFO - Processing /home/airflow/.local/lib/python3.9/site-packages/airflow/example_dags/example_latest_only_with_trigger.py took 0.336 seconds
[2025-12-11T04:48:16.742+0000] {processor.py:161} INFO - Started process (PID=3929) to work on /home/airflow/.local/lib/python3.9/site-packages/airflow/example_dags/example_latest_only_with_trigger.py
[2025-12-11T04:48:16.747+0000] {processor.py:830} INFO - Processing file /home/airflow/.local/lib/python3.9/site-packages/airflow/example_dags/example_latest_only_with_trigger.py for tasks to queue
[2025-12-11T04:48:16.751+0000] {logging_mixin.py:188} INFO - [2025-12-11T04:48:16.751+0000] {dagbag.py:545} INFO - Filling up the DagBag from /home/airflow/.local/lib/python3.9/site-packages/airflow/example_dags/example_latest_only_with_trigger.py
[2025-12-11T04:48:16.766+0000] {processor.py:840} INFO - DAG(s) 'latest_only_with_trigger' retrieved from /home/airflow/.local/lib/python3.9/site-packages/airflow/example_dags/example_latest_only_with_trigger.py
[2025-12-11T04:48:16.828+0000] {logging_mixin.py:188} INFO - [2025-12-11T04:48:16.827+0000] {dag.py:3096} INFO - Sync 1 DAGs
[2025-12-11T04:48:16.918+0000] {logging_mixin.py:188} INFO - [2025-12-11T04:48:16.917+0000] {dag.py:3954} INFO - Setting next_dagrun for latest_only_with_trigger to 2025-12-11 00:00:00+00:00, run_after=2025-12-11 04:00:00+00:00
[2025-12-11T04:48:16.963+0000] {processor.py:183} INFO - Processing /home/airflow/.local/lib/python3.9/site-packages/airflow/example_dags/example_latest_only_with_trigger.py took 0.242 seconds
[2025-12-11T04:48:47.221+0000] {processor.py:161} INFO - Started process (PID=3996) to work on /home/airflow/.local/lib/python3.9/site-packages/airflow/example_dags/example_latest_only_with_trigger.py
[2025-12-11T04:48:47.303+0000] {processor.py:830} INFO - Processing file /home/airflow/.local/lib/python3.9/site-packages/airflow/example_dags/example_latest_only_with_trigger.py for tasks to queue
[2025-12-11T04:48:47.306+0000] {logging_mixin.py:188} INFO - [2025-12-11T04:48:47.306+0000] {dagbag.py:545} INFO - Filling up the DagBag from /home/airflow/.local/lib/python3.9/site-packages/airflow/example_dags/example_latest_only_with_trigger.py
[2025-12-11T04:48:47.338+0000] {processor.py:840} INFO - DAG(s) 'latest_only_with_trigger' retrieved from /home/airflow/.local/lib/python3.9/site-packages/airflow/example_dags/example_latest_only_with_trigger.py
[2025-12-11T04:48:47.417+0000] {logging_mixin.py:188} INFO - [2025-12-11T04:48:47.413+0000] {dag.py:3096} INFO - Sync 1 DAGs
[2025-12-11T04:48:47.482+0000] {logging_mixin.py:188} INFO - [2025-12-11T04:48:47.482+0000] {dag.py:3954} INFO - Setting next_dagrun for latest_only_with_trigger to 2025-12-11 00:00:00+00:00, run_after=2025-12-11 04:00:00+00:00
[2025-12-11T04:48:47.545+0000] {processor.py:183} INFO - Processing /home/airflow/.local/lib/python3.9/site-packages/airflow/example_dags/example_latest_only_with_trigger.py took 0.343 seconds
[2025-12-11T04:49:18.072+0000] {processor.py:161} INFO - Started process (PID=4063) to work on /home/airflow/.local/lib/python3.9/site-packages/airflow/example_dags/example_latest_only_with_trigger.py
[2025-12-11T04:49:18.175+0000] {processor.py:830} INFO - Processing file /home/airflow/.local/lib/python3.9/site-packages/airflow/example_dags/example_latest_only_with_trigger.py for tasks to queue
[2025-12-11T04:49:18.179+0000] {logging_mixin.py:188} INFO - [2025-12-11T04:49:18.178+0000] {dagbag.py:545} INFO - Filling up the DagBag from /home/airflow/.local/lib/python3.9/site-packages/airflow/example_dags/example_latest_only_with_trigger.py
[2025-12-11T04:49:18.190+0000] {processor.py:840} INFO - DAG(s) 'latest_only_with_trigger' retrieved from /home/airflow/.local/lib/python3.9/site-packages/airflow/example_dags/example_latest_only_with_trigger.py
[2025-12-11T04:49:18.232+0000] {logging_mixin.py:188} INFO - [2025-12-11T04:49:18.231+0000] {dag.py:3096} INFO - Sync 1 DAGs
[2025-12-11T04:49:18.270+0000] {logging_mixin.py:188} INFO - [2025-12-11T04:49:18.270+0000] {dag.py:3954} INFO - Setting next_dagrun for latest_only_with_trigger to 2025-12-11 00:00:00+00:00, run_after=2025-12-11 04:00:00+00:00
[2025-12-11T04:49:18.324+0000] {processor.py:183} INFO - Processing /home/airflow/.local/lib/python3.9/site-packages/airflow/example_dags/example_latest_only_with_trigger.py took 0.263 seconds
[2025-12-11T04:49:49.128+0000] {processor.py:161} INFO - Started process (PID=4129) to work on /home/airflow/.local/lib/python3.9/site-packages/airflow/example_dags/example_latest_only_with_trigger.py
[2025-12-11T04:49:49.137+0000] {processor.py:830} INFO - Processing file /home/airflow/.local/lib/python3.9/site-packages/airflow/example_dags/example_latest_only_with_trigger.py for tasks to queue
[2025-12-11T04:49:49.144+0000] {logging_mixin.py:188} INFO - [2025-12-11T04:49:49.144+0000] {dagbag.py:545} INFO - Filling up the DagBag from /home/airflow/.local/lib/python3.9/site-packages/airflow/example_dags/example_latest_only_with_trigger.py
[2025-12-11T04:49:49.157+0000] {processor.py:840} INFO - DAG(s) 'latest_only_with_trigger' retrieved from /home/airflow/.local/lib/python3.9/site-packages/airflow/example_dags/example_latest_only_with_trigger.py
[2025-12-11T04:49:49.224+0000] {logging_mixin.py:188} INFO - [2025-12-11T04:49:49.223+0000] {dag.py:3096} INFO - Sync 1 DAGs
[2025-12-11T04:49:49.287+0000] {logging_mixin.py:188} INFO - [2025-12-11T04:49:49.286+0000] {dag.py:3954} INFO - Setting next_dagrun for latest_only_with_trigger to 2025-12-11 00:00:00+00:00, run_after=2025-12-11 04:00:00+00:00
[2025-12-11T04:49:49.540+0000] {processor.py:183} INFO - Processing /home/airflow/.local/lib/python3.9/site-packages/airflow/example_dags/example_latest_only_with_trigger.py took 0.442 seconds
[2025-12-11T04:50:19.614+0000] {processor.py:161} INFO - Started process (PID=4194) to work on /home/airflow/.local/lib/python3.9/site-packages/airflow/example_dags/example_latest_only_with_trigger.py
[2025-12-11T04:50:19.618+0000] {processor.py:830} INFO - Processing file /home/airflow/.local/lib/python3.9/site-packages/airflow/example_dags/example_latest_only_with_trigger.py for tasks to queue
[2025-12-11T04:50:19.623+0000] {logging_mixin.py:188} INFO - [2025-12-11T04:50:19.621+0000] {dagbag.py:545} INFO - Filling up the DagBag from /home/airflow/.local/lib/python3.9/site-packages/airflow/example_dags/example_latest_only_with_trigger.py
[2025-12-11T04:50:19.636+0000] {processor.py:840} INFO - DAG(s) 'latest_only_with_trigger' retrieved from /home/airflow/.local/lib/python3.9/site-packages/airflow/example_dags/example_latest_only_with_trigger.py
[2025-12-11T04:50:19.688+0000] {logging_mixin.py:188} INFO - [2025-12-11T04:50:19.688+0000] {dag.py:3096} INFO - Sync 1 DAGs
[2025-12-11T04:50:19.729+0000] {logging_mixin.py:188} INFO - [2025-12-11T04:50:19.729+0000] {dag.py:3954} INFO - Setting next_dagrun for latest_only_with_trigger to 2025-12-11 00:00:00+00:00, run_after=2025-12-11 04:00:00+00:00
[2025-12-11T04:50:19.754+0000] {processor.py:183} INFO - Processing /home/airflow/.local/lib/python3.9/site-packages/airflow/example_dags/example_latest_only_with_trigger.py took 0.153 seconds
[2025-12-11T04:50:49.842+0000] {processor.py:161} INFO - Started process (PID=4261) to work on /home/airflow/.local/lib/python3.9/site-packages/airflow/example_dags/example_latest_only_with_trigger.py
[2025-12-11T04:50:49.844+0000] {processor.py:830} INFO - Processing file /home/airflow/.local/lib/python3.9/site-packages/airflow/example_dags/example_latest_only_with_trigger.py for tasks to queue
[2025-12-11T04:50:49.846+0000] {logging_mixin.py:188} INFO - [2025-12-11T04:50:49.846+0000] {dagbag.py:545} INFO - Filling up the DagBag from /home/airflow/.local/lib/python3.9/site-packages/airflow/example_dags/example_latest_only_with_trigger.py
[2025-12-11T04:50:49.858+0000] {processor.py:840} INFO - DAG(s) 'latest_only_with_trigger' retrieved from /home/airflow/.local/lib/python3.9/site-packages/airflow/example_dags/example_latest_only_with_trigger.py
[2025-12-11T04:50:49.897+0000] {logging_mixin.py:188} INFO - [2025-12-11T04:50:49.897+0000] {dag.py:3096} INFO - Sync 1 DAGs
[2025-12-11T04:50:49.930+0000] {logging_mixin.py:188} INFO - [2025-12-11T04:50:49.930+0000] {dag.py:3954} INFO - Setting next_dagrun for latest_only_with_trigger to 2025-12-11 00:00:00+00:00, run_after=2025-12-11 04:00:00+00:00
[2025-12-11T04:50:49.956+0000] {processor.py:183} INFO - Processing /home/airflow/.local/lib/python3.9/site-packages/airflow/example_dags/example_latest_only_with_trigger.py took 0.126 seconds
[2025-12-11T04:51:20.794+0000] {processor.py:161} INFO - Started process (PID=4328) to work on /home/airflow/.local/lib/python3.9/site-packages/airflow/example_dags/example_latest_only_with_trigger.py
[2025-12-11T04:51:20.802+0000] {processor.py:830} INFO - Processing file /home/airflow/.local/lib/python3.9/site-packages/airflow/example_dags/example_latest_only_with_trigger.py for tasks to queue
[2025-12-11T04:51:20.805+0000] {logging_mixin.py:188} INFO - [2025-12-11T04:51:20.805+0000] {dagbag.py:545} INFO - Filling up the DagBag from /home/airflow/.local/lib/python3.9/site-packages/airflow/example_dags/example_latest_only_with_trigger.py
[2025-12-11T04:51:20.814+0000] {processor.py:840} INFO - DAG(s) 'latest_only_with_trigger' retrieved from /home/airflow/.local/lib/python3.9/site-packages/airflow/example_dags/example_latest_only_with_trigger.py
[2025-12-11T04:51:20.856+0000] {logging_mixin.py:188} INFO - [2025-12-11T04:51:20.855+0000] {dag.py:3096} INFO - Sync 1 DAGs
[2025-12-11T04:51:20.897+0000] {logging_mixin.py:188} INFO - [2025-12-11T04:51:20.896+0000] {dag.py:3954} INFO - Setting next_dagrun for latest_only_with_trigger to 2025-12-11 00:00:00+00:00, run_after=2025-12-11 04:00:00+00:00
[2025-12-11T04:51:21.127+0000] {processor.py:183} INFO - Processing /home/airflow/.local/lib/python3.9/site-packages/airflow/example_dags/example_latest_only_with_trigger.py took 0.344 seconds
[2025-12-11T04:51:51.753+0000] {processor.py:161} INFO - Started process (PID=4395) to work on /home/airflow/.local/lib/python3.9/site-packages/airflow/example_dags/example_latest_only_with_trigger.py
[2025-12-11T04:51:51.755+0000] {processor.py:830} INFO - Processing file /home/airflow/.local/lib/python3.9/site-packages/airflow/example_dags/example_latest_only_with_trigger.py for tasks to queue
[2025-12-11T04:51:51.758+0000] {logging_mixin.py:188} INFO - [2025-12-11T04:51:51.758+0000] {dagbag.py:545} INFO - Filling up the DagBag from /home/airflow/.local/lib/python3.9/site-packages/airflow/example_dags/example_latest_only_with_trigger.py
[2025-12-11T04:51:51.767+0000] {processor.py:840} INFO - DAG(s) 'latest_only_with_trigger' retrieved from /home/airflow/.local/lib/python3.9/site-packages/airflow/example_dags/example_latest_only_with_trigger.py
[2025-12-11T04:51:51.805+0000] {logging_mixin.py:188} INFO - [2025-12-11T04:51:51.804+0000] {dag.py:3096} INFO - Sync 1 DAGs
[2025-12-11T04:51:51.841+0000] {logging_mixin.py:188} INFO - [2025-12-11T04:51:51.840+0000] {dag.py:3954} INFO - Setting next_dagrun for latest_only_with_trigger to 2025-12-11 00:00:00+00:00, run_after=2025-12-11 04:00:00+00:00
[2025-12-11T04:51:51.865+0000] {processor.py:183} INFO - Processing /home/airflow/.local/lib/python3.9/site-packages/airflow/example_dags/example_latest_only_with_trigger.py took 0.123 seconds
[2025-12-11T04:52:22.247+0000] {processor.py:161} INFO - Started process (PID=4462) to work on /home/airflow/.local/lib/python3.9/site-packages/airflow/example_dags/example_latest_only_with_trigger.py
[2025-12-11T04:52:22.248+0000] {processor.py:830} INFO - Processing file /home/airflow/.local/lib/python3.9/site-packages/airflow/example_dags/example_latest_only_with_trigger.py for tasks to queue
[2025-12-11T04:52:22.251+0000] {logging_mixin.py:188} INFO - [2025-12-11T04:52:22.251+0000] {dagbag.py:545} INFO - Filling up the DagBag from /home/airflow/.local/lib/python3.9/site-packages/airflow/example_dags/example_latest_only_with_trigger.py
[2025-12-11T04:52:22.260+0000] {processor.py:840} INFO - DAG(s) 'latest_only_with_trigger' retrieved from /home/airflow/.local/lib/python3.9/site-packages/airflow/example_dags/example_latest_only_with_trigger.py
[2025-12-11T04:52:22.298+0000] {logging_mixin.py:188} INFO - [2025-12-11T04:52:22.298+0000] {dag.py:3096} INFO - Sync 1 DAGs
[2025-12-11T04:52:22.338+0000] {logging_mixin.py:188} INFO - [2025-12-11T04:52:22.338+0000] {dag.py:3954} INFO - Setting next_dagrun for latest_only_with_trigger to 2025-12-11 00:00:00+00:00, run_after=2025-12-11 04:00:00+00:00
[2025-12-11T04:52:22.368+0000] {processor.py:183} INFO - Processing /home/airflow/.local/lib/python3.9/site-packages/airflow/example_dags/example_latest_only_with_trigger.py took 0.132 seconds
[2025-12-11T04:52:53.094+0000] {processor.py:161} INFO - Started process (PID=4529) to work on /home/airflow/.local/lib/python3.9/site-packages/airflow/example_dags/example_latest_only_with_trigger.py
[2025-12-11T04:52:53.100+0000] {processor.py:830} INFO - Processing file /home/airflow/.local/lib/python3.9/site-packages/airflow/example_dags/example_latest_only_with_trigger.py for tasks to queue
[2025-12-11T04:52:53.107+0000] {logging_mixin.py:188} INFO - [2025-12-11T04:52:53.107+0000] {dagbag.py:545} INFO - Filling up the DagBag from /home/airflow/.local/lib/python3.9/site-packages/airflow/example_dags/example_latest_only_with_trigger.py
[2025-12-11T04:52:53.120+0000] {processor.py:840} INFO - DAG(s) 'latest_only_with_trigger' retrieved from /home/airflow/.local/lib/python3.9/site-packages/airflow/example_dags/example_latest_only_with_trigger.py
[2025-12-11T04:52:53.163+0000] {logging_mixin.py:188} INFO - [2025-12-11T04:52:53.162+0000] {dag.py:3096} INFO - Sync 1 DAGs
[2025-12-11T04:52:53.207+0000] {logging_mixin.py:188} INFO - [2025-12-11T04:52:53.206+0000] {dag.py:3954} INFO - Setting next_dagrun for latest_only_with_trigger to 2025-12-11 00:00:00+00:00, run_after=2025-12-11 04:00:00+00:00
[2025-12-11T04:52:53.242+0000] {processor.py:183} INFO - Processing /home/airflow/.local/lib/python3.9/site-packages/airflow/example_dags/example_latest_only_with_trigger.py took 0.164 seconds
