[2025-12-11T04:18:36.880+0000] {processor.py:161} INFO - Started process (PID=91) to work on /home/airflow/.local/lib/python3.9/site-packages/airflow/example_dags/example_params_trigger_ui.py
[2025-12-11T04:18:36.882+0000] {processor.py:830} INFO - Processing file /home/airflow/.local/lib/python3.9/site-packages/airflow/example_dags/example_params_trigger_ui.py for tasks to queue
[2025-12-11T04:18:36.900+0000] {logging_mixin.py:188} INFO - [2025-12-11T04:18:36.899+0000] {dagbag.py:545} INFO - Filling up the DagBag from /home/airflow/.local/lib/python3.9/site-packages/airflow/example_dags/example_params_trigger_ui.py
[2025-12-11T04:18:36.982+0000] {processor.py:840} INFO - DAG(s) 'example_params_trigger_ui' retrieved from /home/airflow/.local/lib/python3.9/site-packages/airflow/example_dags/example_params_trigger_ui.py
[2025-12-11T04:18:38.059+0000] {logging_mixin.py:188} INFO - [2025-12-11T04:18:38.058+0000] {dag.py:3096} INFO - Sync 1 DAGs
[2025-12-11T04:18:38.178+0000] {logging_mixin.py:188} INFO - [2025-12-11T04:18:38.178+0000] {dag.py:3954} INFO - Setting next_dagrun for example_params_trigger_ui to None, run_after=None
[2025-12-11T04:18:38.381+0000] {processor.py:183} INFO - Processing /home/airflow/.local/lib/python3.9/site-packages/airflow/example_dags/example_params_trigger_ui.py took 1.541 seconds
[2025-12-11T04:19:14.899+0000] {processor.py:161} INFO - Started process (PID=157) to work on /home/airflow/.local/lib/python3.9/site-packages/airflow/example_dags/example_params_trigger_ui.py
[2025-12-11T04:19:14.908+0000] {processor.py:830} INFO - Processing file /home/airflow/.local/lib/python3.9/site-packages/airflow/example_dags/example_params_trigger_ui.py for tasks to queue
[2025-12-11T04:19:14.917+0000] {logging_mixin.py:188} INFO - [2025-12-11T04:19:14.916+0000] {dagbag.py:545} INFO - Filling up the DagBag from /home/airflow/.local/lib/python3.9/site-packages/airflow/example_dags/example_params_trigger_ui.py
[2025-12-11T04:19:14.941+0000] {processor.py:840} INFO - DAG(s) 'example_params_trigger_ui' retrieved from /home/airflow/.local/lib/python3.9/site-packages/airflow/example_dags/example_params_trigger_ui.py
[2025-12-11T04:19:15.023+0000] {logging_mixin.py:188} INFO - [2025-12-11T04:19:15.022+0000] {dag.py:3096} INFO - Sync 1 DAGs
[2025-12-11T04:19:15.049+0000] {logging_mixin.py:188} INFO - [2025-12-11T04:19:15.048+0000] {dag.py:3954} INFO - Setting next_dagrun for example_params_trigger_ui to None, run_after=None
[2025-12-11T04:19:15.096+0000] {processor.py:183} INFO - Processing /home/airflow/.local/lib/python3.9/site-packages/airflow/example_dags/example_params_trigger_ui.py took 0.208 seconds
[2025-12-11T04:19:45.524+0000] {processor.py:161} INFO - Started process (PID=221) to work on /home/airflow/.local/lib/python3.9/site-packages/airflow/example_dags/example_params_trigger_ui.py
[2025-12-11T04:19:45.541+0000] {processor.py:830} INFO - Processing file /home/airflow/.local/lib/python3.9/site-packages/airflow/example_dags/example_params_trigger_ui.py for tasks to queue
[2025-12-11T04:19:45.544+0000] {logging_mixin.py:188} INFO - [2025-12-11T04:19:45.544+0000] {dagbag.py:545} INFO - Filling up the DagBag from /home/airflow/.local/lib/python3.9/site-packages/airflow/example_dags/example_params_trigger_ui.py
[2025-12-11T04:19:45.602+0000] {processor.py:840} INFO - DAG(s) 'example_params_trigger_ui' retrieved from /home/airflow/.local/lib/python3.9/site-packages/airflow/example_dags/example_params_trigger_ui.py
[2025-12-11T04:19:45.819+0000] {logging_mixin.py:188} INFO - [2025-12-11T04:19:45.818+0000] {dag.py:3096} INFO - Sync 1 DAGs
[2025-12-11T04:19:45.883+0000] {logging_mixin.py:188} INFO - [2025-12-11T04:19:45.882+0000] {dag.py:3954} INFO - Setting next_dagrun for example_params_trigger_ui to None, run_after=None
[2025-12-11T04:19:46.039+0000] {processor.py:183} INFO - Processing /home/airflow/.local/lib/python3.9/site-packages/airflow/example_dags/example_params_trigger_ui.py took 0.537 seconds
[2025-12-11T04:20:16.904+0000] {processor.py:161} INFO - Started process (PID=280) to work on /home/airflow/.local/lib/python3.9/site-packages/airflow/example_dags/example_params_trigger_ui.py
[2025-12-11T04:20:16.906+0000] {processor.py:830} INFO - Processing file /home/airflow/.local/lib/python3.9/site-packages/airflow/example_dags/example_params_trigger_ui.py for tasks to queue
[2025-12-11T04:20:16.909+0000] {logging_mixin.py:188} INFO - [2025-12-11T04:20:16.909+0000] {dagbag.py:545} INFO - Filling up the DagBag from /home/airflow/.local/lib/python3.9/site-packages/airflow/example_dags/example_params_trigger_ui.py
[2025-12-11T04:20:16.930+0000] {processor.py:840} INFO - DAG(s) 'example_params_trigger_ui' retrieved from /home/airflow/.local/lib/python3.9/site-packages/airflow/example_dags/example_params_trigger_ui.py
[2025-12-11T04:20:17.004+0000] {logging_mixin.py:188} INFO - [2025-12-11T04:20:17.004+0000] {dag.py:3096} INFO - Sync 1 DAGs
[2025-12-11T04:20:17.027+0000] {logging_mixin.py:188} INFO - [2025-12-11T04:20:17.027+0000] {dag.py:3954} INFO - Setting next_dagrun for example_params_trigger_ui to None, run_after=None
[2025-12-11T04:20:17.076+0000] {processor.py:183} INFO - Processing /home/airflow/.local/lib/python3.9/site-packages/airflow/example_dags/example_params_trigger_ui.py took 0.182 seconds
[2025-12-11T04:20:47.237+0000] {processor.py:161} INFO - Started process (PID=346) to work on /home/airflow/.local/lib/python3.9/site-packages/airflow/example_dags/example_params_trigger_ui.py
[2025-12-11T04:20:47.329+0000] {processor.py:830} INFO - Processing file /home/airflow/.local/lib/python3.9/site-packages/airflow/example_dags/example_params_trigger_ui.py for tasks to queue
[2025-12-11T04:20:47.334+0000] {logging_mixin.py:188} INFO - [2025-12-11T04:20:47.333+0000] {dagbag.py:545} INFO - Filling up the DagBag from /home/airflow/.local/lib/python3.9/site-packages/airflow/example_dags/example_params_trigger_ui.py
[2025-12-11T04:20:47.360+0000] {processor.py:840} INFO - DAG(s) 'example_params_trigger_ui' retrieved from /home/airflow/.local/lib/python3.9/site-packages/airflow/example_dags/example_params_trigger_ui.py
[2025-12-11T04:20:47.482+0000] {logging_mixin.py:188} INFO - [2025-12-11T04:20:47.481+0000] {dag.py:3096} INFO - Sync 1 DAGs
[2025-12-11T04:20:47.506+0000] {logging_mixin.py:188} INFO - [2025-12-11T04:20:47.506+0000] {dag.py:3954} INFO - Setting next_dagrun for example_params_trigger_ui to None, run_after=None
[2025-12-11T04:20:47.591+0000] {processor.py:183} INFO - Processing /home/airflow/.local/lib/python3.9/site-packages/airflow/example_dags/example_params_trigger_ui.py took 0.364 seconds
[2025-12-11T04:21:18.302+0000] {processor.py:161} INFO - Started process (PID=412) to work on /home/airflow/.local/lib/python3.9/site-packages/airflow/example_dags/example_params_trigger_ui.py
[2025-12-11T04:21:18.303+0000] {processor.py:830} INFO - Processing file /home/airflow/.local/lib/python3.9/site-packages/airflow/example_dags/example_params_trigger_ui.py for tasks to queue
[2025-12-11T04:21:18.305+0000] {logging_mixin.py:188} INFO - [2025-12-11T04:21:18.305+0000] {dagbag.py:545} INFO - Filling up the DagBag from /home/airflow/.local/lib/python3.9/site-packages/airflow/example_dags/example_params_trigger_ui.py
[2025-12-11T04:21:18.326+0000] {processor.py:840} INFO - DAG(s) 'example_params_trigger_ui' retrieved from /home/airflow/.local/lib/python3.9/site-packages/airflow/example_dags/example_params_trigger_ui.py
[2025-12-11T04:21:18.441+0000] {logging_mixin.py:188} INFO - [2025-12-11T04:21:18.440+0000] {dag.py:3096} INFO - Sync 1 DAGs
[2025-12-11T04:21:18.469+0000] {logging_mixin.py:188} INFO - [2025-12-11T04:21:18.469+0000] {dag.py:3954} INFO - Setting next_dagrun for example_params_trigger_ui to None, run_after=None
[2025-12-11T04:21:18.500+0000] {processor.py:183} INFO - Processing /home/airflow/.local/lib/python3.9/site-packages/airflow/example_dags/example_params_trigger_ui.py took 0.208 seconds
[2025-12-11T04:21:48.899+0000] {processor.py:161} INFO - Started process (PID=477) to work on /home/airflow/.local/lib/python3.9/site-packages/airflow/example_dags/example_params_trigger_ui.py
[2025-12-11T04:21:48.901+0000] {processor.py:830} INFO - Processing file /home/airflow/.local/lib/python3.9/site-packages/airflow/example_dags/example_params_trigger_ui.py for tasks to queue
[2025-12-11T04:21:48.904+0000] {logging_mixin.py:188} INFO - [2025-12-11T04:21:48.903+0000] {dagbag.py:545} INFO - Filling up the DagBag from /home/airflow/.local/lib/python3.9/site-packages/airflow/example_dags/example_params_trigger_ui.py
[2025-12-11T04:21:48.928+0000] {processor.py:840} INFO - DAG(s) 'example_params_trigger_ui' retrieved from /home/airflow/.local/lib/python3.9/site-packages/airflow/example_dags/example_params_trigger_ui.py
[2025-12-11T04:21:49.079+0000] {logging_mixin.py:188} INFO - [2025-12-11T04:21:49.078+0000] {dag.py:3096} INFO - Sync 1 DAGs
[2025-12-11T04:21:49.115+0000] {logging_mixin.py:188} INFO - [2025-12-11T04:21:49.114+0000] {dag.py:3954} INFO - Setting next_dagrun for example_params_trigger_ui to None, run_after=None
[2025-12-11T04:21:49.160+0000] {processor.py:183} INFO - Processing /home/airflow/.local/lib/python3.9/site-packages/airflow/example_dags/example_params_trigger_ui.py took 0.275 seconds
[2025-12-11T04:22:19.583+0000] {processor.py:161} INFO - Started process (PID=543) to work on /home/airflow/.local/lib/python3.9/site-packages/airflow/example_dags/example_params_trigger_ui.py
[2025-12-11T04:22:19.585+0000] {processor.py:830} INFO - Processing file /home/airflow/.local/lib/python3.9/site-packages/airflow/example_dags/example_params_trigger_ui.py for tasks to queue
[2025-12-11T04:22:19.587+0000] {logging_mixin.py:188} INFO - [2025-12-11T04:22:19.587+0000] {dagbag.py:545} INFO - Filling up the DagBag from /home/airflow/.local/lib/python3.9/site-packages/airflow/example_dags/example_params_trigger_ui.py
[2025-12-11T04:22:19.623+0000] {processor.py:840} INFO - DAG(s) 'example_params_trigger_ui' retrieved from /home/airflow/.local/lib/python3.9/site-packages/airflow/example_dags/example_params_trigger_ui.py
[2025-12-11T04:22:19.722+0000] {logging_mixin.py:188} INFO - [2025-12-11T04:22:19.722+0000] {dag.py:3096} INFO - Sync 1 DAGs
[2025-12-11T04:22:19.758+0000] {logging_mixin.py:188} INFO - [2025-12-11T04:22:19.758+0000] {dag.py:3954} INFO - Setting next_dagrun for example_params_trigger_ui to None, run_after=None
[2025-12-11T04:22:19.798+0000] {processor.py:183} INFO - Processing /home/airflow/.local/lib/python3.9/site-packages/airflow/example_dags/example_params_trigger_ui.py took 0.226 seconds
[2025-12-11T04:22:50.542+0000] {processor.py:161} INFO - Started process (PID=609) to work on /home/airflow/.local/lib/python3.9/site-packages/airflow/example_dags/example_params_trigger_ui.py
[2025-12-11T04:22:50.554+0000] {processor.py:830} INFO - Processing file /home/airflow/.local/lib/python3.9/site-packages/airflow/example_dags/example_params_trigger_ui.py for tasks to queue
[2025-12-11T04:22:50.558+0000] {logging_mixin.py:188} INFO - [2025-12-11T04:22:50.558+0000] {dagbag.py:545} INFO - Filling up the DagBag from /home/airflow/.local/lib/python3.9/site-packages/airflow/example_dags/example_params_trigger_ui.py
[2025-12-11T04:22:50.605+0000] {processor.py:840} INFO - DAG(s) 'example_params_trigger_ui' retrieved from /home/airflow/.local/lib/python3.9/site-packages/airflow/example_dags/example_params_trigger_ui.py
[2025-12-11T04:22:50.725+0000] {logging_mixin.py:188} INFO - [2025-12-11T04:22:50.725+0000] {dag.py:3096} INFO - Sync 1 DAGs
[2025-12-11T04:22:50.768+0000] {logging_mixin.py:188} INFO - [2025-12-11T04:22:50.767+0000] {dag.py:3954} INFO - Setting next_dagrun for example_params_trigger_ui to None, run_after=None
[2025-12-11T04:22:50.947+0000] {processor.py:183} INFO - Processing /home/airflow/.local/lib/python3.9/site-packages/airflow/example_dags/example_params_trigger_ui.py took 0.428 seconds
[2025-12-11T04:23:21.780+0000] {processor.py:161} INFO - Started process (PID=682) to work on /home/airflow/.local/lib/python3.9/site-packages/airflow/example_dags/example_params_trigger_ui.py
[2025-12-11T04:23:21.797+0000] {processor.py:830} INFO - Processing file /home/airflow/.local/lib/python3.9/site-packages/airflow/example_dags/example_params_trigger_ui.py for tasks to queue
[2025-12-11T04:23:21.800+0000] {logging_mixin.py:188} INFO - [2025-12-11T04:23:21.800+0000] {dagbag.py:545} INFO - Filling up the DagBag from /home/airflow/.local/lib/python3.9/site-packages/airflow/example_dags/example_params_trigger_ui.py
[2025-12-11T04:23:21.847+0000] {processor.py:840} INFO - DAG(s) 'example_params_trigger_ui' retrieved from /home/airflow/.local/lib/python3.9/site-packages/airflow/example_dags/example_params_trigger_ui.py
[2025-12-11T04:23:21.998+0000] {logging_mixin.py:188} INFO - [2025-12-11T04:23:21.997+0000] {dag.py:3096} INFO - Sync 1 DAGs
[2025-12-11T04:23:22.027+0000] {logging_mixin.py:188} INFO - [2025-12-11T04:23:22.026+0000] {dag.py:3954} INFO - Setting next_dagrun for example_params_trigger_ui to None, run_after=None
[2025-12-11T04:23:22.069+0000] {processor.py:183} INFO - Processing /home/airflow/.local/lib/python3.9/site-packages/airflow/example_dags/example_params_trigger_ui.py took 0.316 seconds
[2025-12-11T04:23:52.604+0000] {processor.py:161} INFO - Started process (PID=748) to work on /home/airflow/.local/lib/python3.9/site-packages/airflow/example_dags/example_params_trigger_ui.py
[2025-12-11T04:23:52.607+0000] {processor.py:830} INFO - Processing file /home/airflow/.local/lib/python3.9/site-packages/airflow/example_dags/example_params_trigger_ui.py for tasks to queue
[2025-12-11T04:23:52.620+0000] {logging_mixin.py:188} INFO - [2025-12-11T04:23:52.619+0000] {dagbag.py:545} INFO - Filling up the DagBag from /home/airflow/.local/lib/python3.9/site-packages/airflow/example_dags/example_params_trigger_ui.py
[2025-12-11T04:23:52.664+0000] {processor.py:840} INFO - DAG(s) 'example_params_trigger_ui' retrieved from /home/airflow/.local/lib/python3.9/site-packages/airflow/example_dags/example_params_trigger_ui.py
[2025-12-11T04:23:52.887+0000] {logging_mixin.py:188} INFO - [2025-12-11T04:23:52.886+0000] {dag.py:3096} INFO - Sync 1 DAGs
[2025-12-11T04:23:52.926+0000] {logging_mixin.py:188} INFO - [2025-12-11T04:23:52.926+0000] {dag.py:3954} INFO - Setting next_dagrun for example_params_trigger_ui to None, run_after=None
[2025-12-11T04:23:52.986+0000] {processor.py:183} INFO - Processing /home/airflow/.local/lib/python3.9/site-packages/airflow/example_dags/example_params_trigger_ui.py took 0.397 seconds
[2025-12-11T04:24:23.205+0000] {processor.py:161} INFO - Started process (PID=814) to work on /home/airflow/.local/lib/python3.9/site-packages/airflow/example_dags/example_params_trigger_ui.py
[2025-12-11T04:24:23.207+0000] {processor.py:830} INFO - Processing file /home/airflow/.local/lib/python3.9/site-packages/airflow/example_dags/example_params_trigger_ui.py for tasks to queue
[2025-12-11T04:24:23.209+0000] {logging_mixin.py:188} INFO - [2025-12-11T04:24:23.209+0000] {dagbag.py:545} INFO - Filling up the DagBag from /home/airflow/.local/lib/python3.9/site-packages/airflow/example_dags/example_params_trigger_ui.py
[2025-12-11T04:24:23.232+0000] {processor.py:840} INFO - DAG(s) 'example_params_trigger_ui' retrieved from /home/airflow/.local/lib/python3.9/site-packages/airflow/example_dags/example_params_trigger_ui.py
[2025-12-11T04:24:23.327+0000] {logging_mixin.py:188} INFO - [2025-12-11T04:24:23.327+0000] {dag.py:3096} INFO - Sync 1 DAGs
[2025-12-11T04:24:23.365+0000] {logging_mixin.py:188} INFO - [2025-12-11T04:24:23.365+0000] {dag.py:3954} INFO - Setting next_dagrun for example_params_trigger_ui to None, run_after=None
[2025-12-11T04:24:23.394+0000] {processor.py:183} INFO - Processing /home/airflow/.local/lib/python3.9/site-packages/airflow/example_dags/example_params_trigger_ui.py took 0.199 seconds
[2025-12-11T04:24:54.327+0000] {processor.py:161} INFO - Started process (PID=880) to work on /home/airflow/.local/lib/python3.9/site-packages/airflow/example_dags/example_params_trigger_ui.py
[2025-12-11T04:24:54.335+0000] {processor.py:830} INFO - Processing file /home/airflow/.local/lib/python3.9/site-packages/airflow/example_dags/example_params_trigger_ui.py for tasks to queue
[2025-12-11T04:24:54.339+0000] {logging_mixin.py:188} INFO - [2025-12-11T04:24:54.338+0000] {dagbag.py:545} INFO - Filling up the DagBag from /home/airflow/.local/lib/python3.9/site-packages/airflow/example_dags/example_params_trigger_ui.py
[2025-12-11T04:24:54.380+0000] {processor.py:840} INFO - DAG(s) 'example_params_trigger_ui' retrieved from /home/airflow/.local/lib/python3.9/site-packages/airflow/example_dags/example_params_trigger_ui.py
[2025-12-11T04:24:54.511+0000] {logging_mixin.py:188} INFO - [2025-12-11T04:24:54.511+0000] {dag.py:3096} INFO - Sync 1 DAGs
[2025-12-11T04:24:54.720+0000] {logging_mixin.py:188} INFO - [2025-12-11T04:24:54.720+0000] {dag.py:3954} INFO - Setting next_dagrun for example_params_trigger_ui to None, run_after=None
[2025-12-11T04:24:54.819+0000] {processor.py:183} INFO - Processing /home/airflow/.local/lib/python3.9/site-packages/airflow/example_dags/example_params_trigger_ui.py took 0.501 seconds
[2025-12-11T04:25:25.725+0000] {processor.py:161} INFO - Started process (PID=945) to work on /home/airflow/.local/lib/python3.9/site-packages/airflow/example_dags/example_params_trigger_ui.py
[2025-12-11T04:25:25.751+0000] {processor.py:830} INFO - Processing file /home/airflow/.local/lib/python3.9/site-packages/airflow/example_dags/example_params_trigger_ui.py for tasks to queue
[2025-12-11T04:25:25.755+0000] {logging_mixin.py:188} INFO - [2025-12-11T04:25:25.754+0000] {dagbag.py:545} INFO - Filling up the DagBag from /home/airflow/.local/lib/python3.9/site-packages/airflow/example_dags/example_params_trigger_ui.py
[2025-12-11T04:25:25.801+0000] {processor.py:840} INFO - DAG(s) 'example_params_trigger_ui' retrieved from /home/airflow/.local/lib/python3.9/site-packages/airflow/example_dags/example_params_trigger_ui.py
[2025-12-11T04:25:25.937+0000] {logging_mixin.py:188} INFO - [2025-12-11T04:25:25.930+0000] {dag.py:3096} INFO - Sync 1 DAGs
[2025-12-11T04:25:25.979+0000] {logging_mixin.py:188} INFO - [2025-12-11T04:25:25.979+0000] {dag.py:3954} INFO - Setting next_dagrun for example_params_trigger_ui to None, run_after=None
[2025-12-11T04:25:26.297+0000] {processor.py:183} INFO - Processing /home/airflow/.local/lib/python3.9/site-packages/airflow/example_dags/example_params_trigger_ui.py took 0.582 seconds
[2025-12-11T04:25:56.509+0000] {processor.py:161} INFO - Started process (PID=1011) to work on /home/airflow/.local/lib/python3.9/site-packages/airflow/example_dags/example_params_trigger_ui.py
[2025-12-11T04:25:56.521+0000] {processor.py:830} INFO - Processing file /home/airflow/.local/lib/python3.9/site-packages/airflow/example_dags/example_params_trigger_ui.py for tasks to queue
[2025-12-11T04:25:56.524+0000] {logging_mixin.py:188} INFO - [2025-12-11T04:25:56.523+0000] {dagbag.py:545} INFO - Filling up the DagBag from /home/airflow/.local/lib/python3.9/site-packages/airflow/example_dags/example_params_trigger_ui.py
[2025-12-11T04:25:56.543+0000] {processor.py:840} INFO - DAG(s) 'example_params_trigger_ui' retrieved from /home/airflow/.local/lib/python3.9/site-packages/airflow/example_dags/example_params_trigger_ui.py
[2025-12-11T04:25:56.613+0000] {logging_mixin.py:188} INFO - [2025-12-11T04:25:56.613+0000] {dag.py:3096} INFO - Sync 1 DAGs
[2025-12-11T04:25:56.635+0000] {logging_mixin.py:188} INFO - [2025-12-11T04:25:56.634+0000] {dag.py:3954} INFO - Setting next_dagrun for example_params_trigger_ui to None, run_after=None
[2025-12-11T04:25:56.886+0000] {processor.py:183} INFO - Processing /home/airflow/.local/lib/python3.9/site-packages/airflow/example_dags/example_params_trigger_ui.py took 0.387 seconds
[2025-12-11T04:26:27.111+0000] {processor.py:161} INFO - Started process (PID=1077) to work on /home/airflow/.local/lib/python3.9/site-packages/airflow/example_dags/example_params_trigger_ui.py
[2025-12-11T04:26:27.119+0000] {processor.py:830} INFO - Processing file /home/airflow/.local/lib/python3.9/site-packages/airflow/example_dags/example_params_trigger_ui.py for tasks to queue
[2025-12-11T04:26:27.122+0000] {logging_mixin.py:188} INFO - [2025-12-11T04:26:27.121+0000] {dagbag.py:545} INFO - Filling up the DagBag from /home/airflow/.local/lib/python3.9/site-packages/airflow/example_dags/example_params_trigger_ui.py
[2025-12-11T04:26:27.155+0000] {processor.py:840} INFO - DAG(s) 'example_params_trigger_ui' retrieved from /home/airflow/.local/lib/python3.9/site-packages/airflow/example_dags/example_params_trigger_ui.py
[2025-12-11T04:26:27.251+0000] {logging_mixin.py:188} INFO - [2025-12-11T04:26:27.250+0000] {dag.py:3096} INFO - Sync 1 DAGs
[2025-12-11T04:26:27.279+0000] {logging_mixin.py:188} INFO - [2025-12-11T04:26:27.278+0000] {dag.py:3954} INFO - Setting next_dagrun for example_params_trigger_ui to None, run_after=None
[2025-12-11T04:26:27.348+0000] {processor.py:183} INFO - Processing /home/airflow/.local/lib/python3.9/site-packages/airflow/example_dags/example_params_trigger_ui.py took 0.248 seconds
[2025-12-11T04:26:57.930+0000] {processor.py:161} INFO - Started process (PID=1143) to work on /home/airflow/.local/lib/python3.9/site-packages/airflow/example_dags/example_params_trigger_ui.py
[2025-12-11T04:26:58.036+0000] {processor.py:830} INFO - Processing file /home/airflow/.local/lib/python3.9/site-packages/airflow/example_dags/example_params_trigger_ui.py for tasks to queue
[2025-12-11T04:26:58.040+0000] {logging_mixin.py:188} INFO - [2025-12-11T04:26:58.039+0000] {dagbag.py:545} INFO - Filling up the DagBag from /home/airflow/.local/lib/python3.9/site-packages/airflow/example_dags/example_params_trigger_ui.py
[2025-12-11T04:26:58.062+0000] {processor.py:840} INFO - DAG(s) 'example_params_trigger_ui' retrieved from /home/airflow/.local/lib/python3.9/site-packages/airflow/example_dags/example_params_trigger_ui.py
[2025-12-11T04:26:58.141+0000] {logging_mixin.py:188} INFO - [2025-12-11T04:26:58.140+0000] {dag.py:3096} INFO - Sync 1 DAGs
[2025-12-11T04:26:58.164+0000] {logging_mixin.py:188} INFO - [2025-12-11T04:26:58.163+0000] {dag.py:3954} INFO - Setting next_dagrun for example_params_trigger_ui to None, run_after=None
[2025-12-11T04:26:58.223+0000] {processor.py:183} INFO - Processing /home/airflow/.local/lib/python3.9/site-packages/airflow/example_dags/example_params_trigger_ui.py took 0.304 seconds
[2025-12-11T04:27:28.616+0000] {processor.py:161} INFO - Started process (PID=1209) to work on /home/airflow/.local/lib/python3.9/site-packages/airflow/example_dags/example_params_trigger_ui.py
[2025-12-11T04:27:28.625+0000] {processor.py:830} INFO - Processing file /home/airflow/.local/lib/python3.9/site-packages/airflow/example_dags/example_params_trigger_ui.py for tasks to queue
[2025-12-11T04:27:28.629+0000] {logging_mixin.py:188} INFO - [2025-12-11T04:27:28.628+0000] {dagbag.py:545} INFO - Filling up the DagBag from /home/airflow/.local/lib/python3.9/site-packages/airflow/example_dags/example_params_trigger_ui.py
[2025-12-11T04:27:28.658+0000] {processor.py:840} INFO - DAG(s) 'example_params_trigger_ui' retrieved from /home/airflow/.local/lib/python3.9/site-packages/airflow/example_dags/example_params_trigger_ui.py
[2025-12-11T04:27:28.769+0000] {logging_mixin.py:188} INFO - [2025-12-11T04:27:28.769+0000] {dag.py:3096} INFO - Sync 1 DAGs
[2025-12-11T04:27:28.796+0000] {logging_mixin.py:188} INFO - [2025-12-11T04:27:28.795+0000] {dag.py:3954} INFO - Setting next_dagrun for example_params_trigger_ui to None, run_after=None
[2025-12-11T04:27:28.830+0000] {processor.py:183} INFO - Processing /home/airflow/.local/lib/python3.9/site-packages/airflow/example_dags/example_params_trigger_ui.py took 0.228 seconds
[2025-12-11T04:27:59.082+0000] {processor.py:161} INFO - Started process (PID=1275) to work on /home/airflow/.local/lib/python3.9/site-packages/airflow/example_dags/example_params_trigger_ui.py
[2025-12-11T04:27:59.084+0000] {processor.py:830} INFO - Processing file /home/airflow/.local/lib/python3.9/site-packages/airflow/example_dags/example_params_trigger_ui.py for tasks to queue
[2025-12-11T04:27:59.086+0000] {logging_mixin.py:188} INFO - [2025-12-11T04:27:59.086+0000] {dagbag.py:545} INFO - Filling up the DagBag from /home/airflow/.local/lib/python3.9/site-packages/airflow/example_dags/example_params_trigger_ui.py
[2025-12-11T04:27:59.109+0000] {processor.py:840} INFO - DAG(s) 'example_params_trigger_ui' retrieved from /home/airflow/.local/lib/python3.9/site-packages/airflow/example_dags/example_params_trigger_ui.py
[2025-12-11T04:27:59.201+0000] {logging_mixin.py:188} INFO - [2025-12-11T04:27:59.201+0000] {dag.py:3096} INFO - Sync 1 DAGs
[2025-12-11T04:27:59.224+0000] {logging_mixin.py:188} INFO - [2025-12-11T04:27:59.223+0000] {dag.py:3954} INFO - Setting next_dagrun for example_params_trigger_ui to None, run_after=None
[2025-12-11T04:27:59.251+0000] {processor.py:183} INFO - Processing /home/airflow/.local/lib/python3.9/site-packages/airflow/example_dags/example_params_trigger_ui.py took 0.180 seconds
[2025-12-11T04:28:29.937+0000] {processor.py:161} INFO - Started process (PID=1341) to work on /home/airflow/.local/lib/python3.9/site-packages/airflow/example_dags/example_params_trigger_ui.py
[2025-12-11T04:28:29.939+0000] {processor.py:830} INFO - Processing file /home/airflow/.local/lib/python3.9/site-packages/airflow/example_dags/example_params_trigger_ui.py for tasks to queue
[2025-12-11T04:28:29.942+0000] {logging_mixin.py:188} INFO - [2025-12-11T04:28:29.941+0000] {dagbag.py:545} INFO - Filling up the DagBag from /home/airflow/.local/lib/python3.9/site-packages/airflow/example_dags/example_params_trigger_ui.py
[2025-12-11T04:28:29.963+0000] {processor.py:840} INFO - DAG(s) 'example_params_trigger_ui' retrieved from /home/airflow/.local/lib/python3.9/site-packages/airflow/example_dags/example_params_trigger_ui.py
[2025-12-11T04:28:30.042+0000] {logging_mixin.py:188} INFO - [2025-12-11T04:28:30.042+0000] {dag.py:3096} INFO - Sync 1 DAGs
[2025-12-11T04:28:30.071+0000] {logging_mixin.py:188} INFO - [2025-12-11T04:28:30.070+0000] {dag.py:3954} INFO - Setting next_dagrun for example_params_trigger_ui to None, run_after=None
[2025-12-11T04:28:30.121+0000] {processor.py:183} INFO - Processing /home/airflow/.local/lib/python3.9/site-packages/airflow/example_dags/example_params_trigger_ui.py took 0.194 seconds
[2025-12-11T04:29:00.653+0000] {processor.py:161} INFO - Started process (PID=1407) to work on /home/airflow/.local/lib/python3.9/site-packages/airflow/example_dags/example_params_trigger_ui.py
[2025-12-11T04:29:00.677+0000] {processor.py:830} INFO - Processing file /home/airflow/.local/lib/python3.9/site-packages/airflow/example_dags/example_params_trigger_ui.py for tasks to queue
[2025-12-11T04:29:00.680+0000] {logging_mixin.py:188} INFO - [2025-12-11T04:29:00.680+0000] {dagbag.py:545} INFO - Filling up the DagBag from /home/airflow/.local/lib/python3.9/site-packages/airflow/example_dags/example_params_trigger_ui.py
[2025-12-11T04:29:00.701+0000] {processor.py:840} INFO - DAG(s) 'example_params_trigger_ui' retrieved from /home/airflow/.local/lib/python3.9/site-packages/airflow/example_dags/example_params_trigger_ui.py
[2025-12-11T04:29:00.832+0000] {logging_mixin.py:188} INFO - [2025-12-11T04:29:00.832+0000] {dag.py:3096} INFO - Sync 1 DAGs
[2025-12-11T04:29:00.862+0000] {logging_mixin.py:188} INFO - [2025-12-11T04:29:00.862+0000] {dag.py:3954} INFO - Setting next_dagrun for example_params_trigger_ui to None, run_after=None
[2025-12-11T04:29:01.154+0000] {processor.py:183} INFO - Processing /home/airflow/.local/lib/python3.9/site-packages/airflow/example_dags/example_params_trigger_ui.py took 0.511 seconds
[2025-12-11T04:29:31.639+0000] {processor.py:161} INFO - Started process (PID=1473) to work on /home/airflow/.local/lib/python3.9/site-packages/airflow/example_dags/example_params_trigger_ui.py
[2025-12-11T04:29:31.642+0000] {processor.py:830} INFO - Processing file /home/airflow/.local/lib/python3.9/site-packages/airflow/example_dags/example_params_trigger_ui.py for tasks to queue
[2025-12-11T04:29:31.646+0000] {logging_mixin.py:188} INFO - [2025-12-11T04:29:31.645+0000] {dagbag.py:545} INFO - Filling up the DagBag from /home/airflow/.local/lib/python3.9/site-packages/airflow/example_dags/example_params_trigger_ui.py
[2025-12-11T04:29:31.690+0000] {processor.py:840} INFO - DAG(s) 'example_params_trigger_ui' retrieved from /home/airflow/.local/lib/python3.9/site-packages/airflow/example_dags/example_params_trigger_ui.py
[2025-12-11T04:29:31.824+0000] {logging_mixin.py:188} INFO - [2025-12-11T04:29:31.824+0000] {dag.py:3096} INFO - Sync 1 DAGs
[2025-12-11T04:29:31.865+0000] {logging_mixin.py:188} INFO - [2025-12-11T04:29:31.864+0000] {dag.py:3954} INFO - Setting next_dagrun for example_params_trigger_ui to None, run_after=None
[2025-12-11T04:29:31.920+0000] {processor.py:183} INFO - Processing /home/airflow/.local/lib/python3.9/site-packages/airflow/example_dags/example_params_trigger_ui.py took 0.296 seconds
[2025-12-11T04:30:02.897+0000] {processor.py:161} INFO - Started process (PID=1539) to work on /home/airflow/.local/lib/python3.9/site-packages/airflow/example_dags/example_params_trigger_ui.py
[2025-12-11T04:30:02.902+0000] {processor.py:830} INFO - Processing file /home/airflow/.local/lib/python3.9/site-packages/airflow/example_dags/example_params_trigger_ui.py for tasks to queue
[2025-12-11T04:30:02.905+0000] {logging_mixin.py:188} INFO - [2025-12-11T04:30:02.905+0000] {dagbag.py:545} INFO - Filling up the DagBag from /home/airflow/.local/lib/python3.9/site-packages/airflow/example_dags/example_params_trigger_ui.py
[2025-12-11T04:30:02.940+0000] {processor.py:840} INFO - DAG(s) 'example_params_trigger_ui' retrieved from /home/airflow/.local/lib/python3.9/site-packages/airflow/example_dags/example_params_trigger_ui.py
[2025-12-11T04:30:03.023+0000] {logging_mixin.py:188} INFO - [2025-12-11T04:30:03.022+0000] {dag.py:3096} INFO - Sync 1 DAGs
[2025-12-11T04:30:03.050+0000] {logging_mixin.py:188} INFO - [2025-12-11T04:30:03.049+0000] {dag.py:3954} INFO - Setting next_dagrun for example_params_trigger_ui to None, run_after=None
[2025-12-11T04:30:03.094+0000] {processor.py:183} INFO - Processing /home/airflow/.local/lib/python3.9/site-packages/airflow/example_dags/example_params_trigger_ui.py took 0.210 seconds
[2025-12-11T04:30:33.439+0000] {processor.py:161} INFO - Started process (PID=1605) to work on /home/airflow/.local/lib/python3.9/site-packages/airflow/example_dags/example_params_trigger_ui.py
[2025-12-11T04:30:33.446+0000] {processor.py:830} INFO - Processing file /home/airflow/.local/lib/python3.9/site-packages/airflow/example_dags/example_params_trigger_ui.py for tasks to queue
[2025-12-11T04:30:33.449+0000] {logging_mixin.py:188} INFO - [2025-12-11T04:30:33.449+0000] {dagbag.py:545} INFO - Filling up the DagBag from /home/airflow/.local/lib/python3.9/site-packages/airflow/example_dags/example_params_trigger_ui.py
[2025-12-11T04:30:33.480+0000] {processor.py:840} INFO - DAG(s) 'example_params_trigger_ui' retrieved from /home/airflow/.local/lib/python3.9/site-packages/airflow/example_dags/example_params_trigger_ui.py
[2025-12-11T04:30:33.578+0000] {logging_mixin.py:188} INFO - [2025-12-11T04:30:33.577+0000] {dag.py:3096} INFO - Sync 1 DAGs
[2025-12-11T04:30:33.619+0000] {logging_mixin.py:188} INFO - [2025-12-11T04:30:33.618+0000] {dag.py:3954} INFO - Setting next_dagrun for example_params_trigger_ui to None, run_after=None
[2025-12-11T04:30:33.660+0000] {processor.py:183} INFO - Processing /home/airflow/.local/lib/python3.9/site-packages/airflow/example_dags/example_params_trigger_ui.py took 0.231 seconds
[2025-12-11T04:31:04.281+0000] {processor.py:161} INFO - Started process (PID=1670) to work on /home/airflow/.local/lib/python3.9/site-packages/airflow/example_dags/example_params_trigger_ui.py
[2025-12-11T04:31:04.282+0000] {processor.py:830} INFO - Processing file /home/airflow/.local/lib/python3.9/site-packages/airflow/example_dags/example_params_trigger_ui.py for tasks to queue
[2025-12-11T04:31:04.285+0000] {logging_mixin.py:188} INFO - [2025-12-11T04:31:04.285+0000] {dagbag.py:545} INFO - Filling up the DagBag from /home/airflow/.local/lib/python3.9/site-packages/airflow/example_dags/example_params_trigger_ui.py
[2025-12-11T04:31:04.325+0000] {processor.py:840} INFO - DAG(s) 'example_params_trigger_ui' retrieved from /home/airflow/.local/lib/python3.9/site-packages/airflow/example_dags/example_params_trigger_ui.py
[2025-12-11T04:31:04.420+0000] {logging_mixin.py:188} INFO - [2025-12-11T04:31:04.420+0000] {dag.py:3096} INFO - Sync 1 DAGs
[2025-12-11T04:31:04.443+0000] {logging_mixin.py:188} INFO - [2025-12-11T04:31:04.443+0000] {dag.py:3954} INFO - Setting next_dagrun for example_params_trigger_ui to None, run_after=None
[2025-12-11T04:31:04.525+0000] {processor.py:183} INFO - Processing /home/airflow/.local/lib/python3.9/site-packages/airflow/example_dags/example_params_trigger_ui.py took 0.259 seconds
[2025-12-11T04:31:35.090+0000] {processor.py:161} INFO - Started process (PID=1736) to work on /home/airflow/.local/lib/python3.9/site-packages/airflow/example_dags/example_params_trigger_ui.py
[2025-12-11T04:31:35.092+0000] {processor.py:830} INFO - Processing file /home/airflow/.local/lib/python3.9/site-packages/airflow/example_dags/example_params_trigger_ui.py for tasks to queue
[2025-12-11T04:31:35.099+0000] {logging_mixin.py:188} INFO - [2025-12-11T04:31:35.098+0000] {dagbag.py:545} INFO - Filling up the DagBag from /home/airflow/.local/lib/python3.9/site-packages/airflow/example_dags/example_params_trigger_ui.py
[2025-12-11T04:31:35.127+0000] {processor.py:840} INFO - DAG(s) 'example_params_trigger_ui' retrieved from /home/airflow/.local/lib/python3.9/site-packages/airflow/example_dags/example_params_trigger_ui.py
[2025-12-11T04:31:35.237+0000] {logging_mixin.py:188} INFO - [2025-12-11T04:31:35.233+0000] {dag.py:3096} INFO - Sync 1 DAGs
[2025-12-11T04:31:35.279+0000] {logging_mixin.py:188} INFO - [2025-12-11T04:31:35.278+0000] {dag.py:3954} INFO - Setting next_dagrun for example_params_trigger_ui to None, run_after=None
[2025-12-11T04:31:35.327+0000] {processor.py:183} INFO - Processing /home/airflow/.local/lib/python3.9/site-packages/airflow/example_dags/example_params_trigger_ui.py took 0.247 seconds
[2025-12-11T04:32:05.948+0000] {processor.py:161} INFO - Started process (PID=1802) to work on /home/airflow/.local/lib/python3.9/site-packages/airflow/example_dags/example_params_trigger_ui.py
[2025-12-11T04:32:05.964+0000] {processor.py:830} INFO - Processing file /home/airflow/.local/lib/python3.9/site-packages/airflow/example_dags/example_params_trigger_ui.py for tasks to queue
[2025-12-11T04:32:05.968+0000] {logging_mixin.py:188} INFO - [2025-12-11T04:32:05.967+0000] {dagbag.py:545} INFO - Filling up the DagBag from /home/airflow/.local/lib/python3.9/site-packages/airflow/example_dags/example_params_trigger_ui.py
[2025-12-11T04:32:06.041+0000] {processor.py:840} INFO - DAG(s) 'example_params_trigger_ui' retrieved from /home/airflow/.local/lib/python3.9/site-packages/airflow/example_dags/example_params_trigger_ui.py
[2025-12-11T04:32:06.186+0000] {logging_mixin.py:188} INFO - [2025-12-11T04:32:06.186+0000] {dag.py:3096} INFO - Sync 1 DAGs
[2025-12-11T04:32:06.219+0000] {logging_mixin.py:188} INFO - [2025-12-11T04:32:06.219+0000] {dag.py:3954} INFO - Setting next_dagrun for example_params_trigger_ui to None, run_after=None
[2025-12-11T04:32:06.266+0000] {processor.py:183} INFO - Processing /home/airflow/.local/lib/python3.9/site-packages/airflow/example_dags/example_params_trigger_ui.py took 0.331 seconds
[2025-12-11T04:32:36.447+0000] {processor.py:161} INFO - Started process (PID=1869) to work on /home/airflow/.local/lib/python3.9/site-packages/airflow/example_dags/example_params_trigger_ui.py
[2025-12-11T04:32:36.449+0000] {processor.py:830} INFO - Processing file /home/airflow/.local/lib/python3.9/site-packages/airflow/example_dags/example_params_trigger_ui.py for tasks to queue
[2025-12-11T04:32:36.452+0000] {logging_mixin.py:188} INFO - [2025-12-11T04:32:36.451+0000] {dagbag.py:545} INFO - Filling up the DagBag from /home/airflow/.local/lib/python3.9/site-packages/airflow/example_dags/example_params_trigger_ui.py
[2025-12-11T04:32:36.472+0000] {processor.py:840} INFO - DAG(s) 'example_params_trigger_ui' retrieved from /home/airflow/.local/lib/python3.9/site-packages/airflow/example_dags/example_params_trigger_ui.py
[2025-12-11T04:32:36.540+0000] {logging_mixin.py:188} INFO - [2025-12-11T04:32:36.540+0000] {dag.py:3096} INFO - Sync 1 DAGs
[2025-12-11T04:32:36.562+0000] {logging_mixin.py:188} INFO - [2025-12-11T04:32:36.561+0000] {dag.py:3954} INFO - Setting next_dagrun for example_params_trigger_ui to None, run_after=None
[2025-12-11T04:32:36.589+0000] {processor.py:183} INFO - Processing /home/airflow/.local/lib/python3.9/site-packages/airflow/example_dags/example_params_trigger_ui.py took 0.152 seconds
[2025-12-11T04:33:06.897+0000] {processor.py:161} INFO - Started process (PID=1941) to work on /home/airflow/.local/lib/python3.9/site-packages/airflow/example_dags/example_params_trigger_ui.py
[2025-12-11T04:33:06.902+0000] {processor.py:830} INFO - Processing file /home/airflow/.local/lib/python3.9/site-packages/airflow/example_dags/example_params_trigger_ui.py for tasks to queue
[2025-12-11T04:33:06.906+0000] {logging_mixin.py:188} INFO - [2025-12-11T04:33:06.906+0000] {dagbag.py:545} INFO - Filling up the DagBag from /home/airflow/.local/lib/python3.9/site-packages/airflow/example_dags/example_params_trigger_ui.py
[2025-12-11T04:33:06.945+0000] {processor.py:840} INFO - DAG(s) 'example_params_trigger_ui' retrieved from /home/airflow/.local/lib/python3.9/site-packages/airflow/example_dags/example_params_trigger_ui.py
[2025-12-11T04:33:07.083+0000] {logging_mixin.py:188} INFO - [2025-12-11T04:33:07.083+0000] {dag.py:3096} INFO - Sync 1 DAGs
[2025-12-11T04:33:07.120+0000] {logging_mixin.py:188} INFO - [2025-12-11T04:33:07.120+0000] {dag.py:3954} INFO - Setting next_dagrun for example_params_trigger_ui to None, run_after=None
[2025-12-11T04:33:07.165+0000] {processor.py:183} INFO - Processing /home/airflow/.local/lib/python3.9/site-packages/airflow/example_dags/example_params_trigger_ui.py took 0.287 seconds
[2025-12-11T04:33:37.663+0000] {processor.py:161} INFO - Started process (PID=2008) to work on /home/airflow/.local/lib/python3.9/site-packages/airflow/example_dags/example_params_trigger_ui.py
[2025-12-11T04:33:37.680+0000] {processor.py:830} INFO - Processing file /home/airflow/.local/lib/python3.9/site-packages/airflow/example_dags/example_params_trigger_ui.py for tasks to queue
[2025-12-11T04:33:37.684+0000] {logging_mixin.py:188} INFO - [2025-12-11T04:33:37.683+0000] {dagbag.py:545} INFO - Filling up the DagBag from /home/airflow/.local/lib/python3.9/site-packages/airflow/example_dags/example_params_trigger_ui.py
[2025-12-11T04:33:37.726+0000] {processor.py:840} INFO - DAG(s) 'example_params_trigger_ui' retrieved from /home/airflow/.local/lib/python3.9/site-packages/airflow/example_dags/example_params_trigger_ui.py
[2025-12-11T04:33:37.877+0000] {logging_mixin.py:188} INFO - [2025-12-11T04:33:37.877+0000] {dag.py:3096} INFO - Sync 1 DAGs
[2025-12-11T04:33:37.907+0000] {logging_mixin.py:188} INFO - [2025-12-11T04:33:37.907+0000] {dag.py:3954} INFO - Setting next_dagrun for example_params_trigger_ui to None, run_after=None
[2025-12-11T04:33:38.158+0000] {processor.py:183} INFO - Processing /home/airflow/.local/lib/python3.9/site-packages/airflow/example_dags/example_params_trigger_ui.py took 0.517 seconds
[2025-12-11T04:34:08.249+0000] {processor.py:161} INFO - Started process (PID=2076) to work on /home/airflow/.local/lib/python3.9/site-packages/airflow/example_dags/example_params_trigger_ui.py
[2025-12-11T04:34:08.255+0000] {processor.py:830} INFO - Processing file /home/airflow/.local/lib/python3.9/site-packages/airflow/example_dags/example_params_trigger_ui.py for tasks to queue
[2025-12-11T04:34:08.258+0000] {logging_mixin.py:188} INFO - [2025-12-11T04:34:08.258+0000] {dagbag.py:545} INFO - Filling up the DagBag from /home/airflow/.local/lib/python3.9/site-packages/airflow/example_dags/example_params_trigger_ui.py
[2025-12-11T04:34:08.278+0000] {processor.py:840} INFO - DAG(s) 'example_params_trigger_ui' retrieved from /home/airflow/.local/lib/python3.9/site-packages/airflow/example_dags/example_params_trigger_ui.py
[2025-12-11T04:34:08.386+0000] {logging_mixin.py:188} INFO - [2025-12-11T04:34:08.386+0000] {dag.py:3096} INFO - Sync 1 DAGs
[2025-12-11T04:34:08.442+0000] {logging_mixin.py:188} INFO - [2025-12-11T04:34:08.442+0000] {dag.py:3954} INFO - Setting next_dagrun for example_params_trigger_ui to None, run_after=None
[2025-12-11T04:34:08.522+0000] {processor.py:183} INFO - Processing /home/airflow/.local/lib/python3.9/site-packages/airflow/example_dags/example_params_trigger_ui.py took 0.283 seconds
[2025-12-11T04:34:39.270+0000] {processor.py:161} INFO - Started process (PID=2143) to work on /home/airflow/.local/lib/python3.9/site-packages/airflow/example_dags/example_params_trigger_ui.py
[2025-12-11T04:34:39.301+0000] {processor.py:830} INFO - Processing file /home/airflow/.local/lib/python3.9/site-packages/airflow/example_dags/example_params_trigger_ui.py for tasks to queue
[2025-12-11T04:34:39.304+0000] {logging_mixin.py:188} INFO - [2025-12-11T04:34:39.304+0000] {dagbag.py:545} INFO - Filling up the DagBag from /home/airflow/.local/lib/python3.9/site-packages/airflow/example_dags/example_params_trigger_ui.py
[2025-12-11T04:34:39.325+0000] {processor.py:840} INFO - DAG(s) 'example_params_trigger_ui' retrieved from /home/airflow/.local/lib/python3.9/site-packages/airflow/example_dags/example_params_trigger_ui.py
[2025-12-11T04:34:39.441+0000] {logging_mixin.py:188} INFO - [2025-12-11T04:34:39.440+0000] {dag.py:3096} INFO - Sync 1 DAGs
[2025-12-11T04:34:39.480+0000] {logging_mixin.py:188} INFO - [2025-12-11T04:34:39.480+0000] {dag.py:3954} INFO - Setting next_dagrun for example_params_trigger_ui to None, run_after=None
[2025-12-11T04:34:39.528+0000] {processor.py:183} INFO - Processing /home/airflow/.local/lib/python3.9/site-packages/airflow/example_dags/example_params_trigger_ui.py took 0.268 seconds
[2025-12-11T04:35:09.784+0000] {processor.py:161} INFO - Started process (PID=2210) to work on /home/airflow/.local/lib/python3.9/site-packages/airflow/example_dags/example_params_trigger_ui.py
[2025-12-11T04:35:09.785+0000] {processor.py:830} INFO - Processing file /home/airflow/.local/lib/python3.9/site-packages/airflow/example_dags/example_params_trigger_ui.py for tasks to queue
[2025-12-11T04:35:09.788+0000] {logging_mixin.py:188} INFO - [2025-12-11T04:35:09.788+0000] {dagbag.py:545} INFO - Filling up the DagBag from /home/airflow/.local/lib/python3.9/site-packages/airflow/example_dags/example_params_trigger_ui.py
[2025-12-11T04:35:09.827+0000] {processor.py:840} INFO - DAG(s) 'example_params_trigger_ui' retrieved from /home/airflow/.local/lib/python3.9/site-packages/airflow/example_dags/example_params_trigger_ui.py
[2025-12-11T04:35:09.938+0000] {logging_mixin.py:188} INFO - [2025-12-11T04:35:09.938+0000] {dag.py:3096} INFO - Sync 1 DAGs
[2025-12-11T04:35:09.970+0000] {logging_mixin.py:188} INFO - [2025-12-11T04:35:09.970+0000] {dag.py:3954} INFO - Setting next_dagrun for example_params_trigger_ui to None, run_after=None
[2025-12-11T04:35:10.021+0000] {processor.py:183} INFO - Processing /home/airflow/.local/lib/python3.9/site-packages/airflow/example_dags/example_params_trigger_ui.py took 0.253 seconds
[2025-12-11T04:35:40.262+0000] {processor.py:161} INFO - Started process (PID=2279) to work on /home/airflow/.local/lib/python3.9/site-packages/airflow/example_dags/example_params_trigger_ui.py
[2025-12-11T04:35:40.264+0000] {processor.py:830} INFO - Processing file /home/airflow/.local/lib/python3.9/site-packages/airflow/example_dags/example_params_trigger_ui.py for tasks to queue
[2025-12-11T04:35:40.268+0000] {logging_mixin.py:188} INFO - [2025-12-11T04:35:40.267+0000] {dagbag.py:545} INFO - Filling up the DagBag from /home/airflow/.local/lib/python3.9/site-packages/airflow/example_dags/example_params_trigger_ui.py
[2025-12-11T04:35:40.297+0000] {processor.py:840} INFO - DAG(s) 'example_params_trigger_ui' retrieved from /home/airflow/.local/lib/python3.9/site-packages/airflow/example_dags/example_params_trigger_ui.py
[2025-12-11T04:35:40.399+0000] {logging_mixin.py:188} INFO - [2025-12-11T04:35:40.398+0000] {dag.py:3096} INFO - Sync 1 DAGs
[2025-12-11T04:35:40.422+0000] {logging_mixin.py:188} INFO - [2025-12-11T04:35:40.421+0000] {dag.py:3954} INFO - Setting next_dagrun for example_params_trigger_ui to None, run_after=None
[2025-12-11T04:35:40.452+0000] {processor.py:183} INFO - Processing /home/airflow/.local/lib/python3.9/site-packages/airflow/example_dags/example_params_trigger_ui.py took 0.203 seconds
[2025-12-11T04:36:10.513+0000] {processor.py:161} INFO - Started process (PID=2346) to work on /home/airflow/.local/lib/python3.9/site-packages/airflow/example_dags/example_params_trigger_ui.py
[2025-12-11T04:36:10.517+0000] {processor.py:830} INFO - Processing file /home/airflow/.local/lib/python3.9/site-packages/airflow/example_dags/example_params_trigger_ui.py for tasks to queue
[2025-12-11T04:36:10.519+0000] {logging_mixin.py:188} INFO - [2025-12-11T04:36:10.519+0000] {dagbag.py:545} INFO - Filling up the DagBag from /home/airflow/.local/lib/python3.9/site-packages/airflow/example_dags/example_params_trigger_ui.py
[2025-12-11T04:36:10.542+0000] {processor.py:840} INFO - DAG(s) 'example_params_trigger_ui' retrieved from /home/airflow/.local/lib/python3.9/site-packages/airflow/example_dags/example_params_trigger_ui.py
[2025-12-11T04:36:10.625+0000] {logging_mixin.py:188} INFO - [2025-12-11T04:36:10.625+0000] {dag.py:3096} INFO - Sync 1 DAGs
[2025-12-11T04:36:10.663+0000] {logging_mixin.py:188} INFO - [2025-12-11T04:36:10.658+0000] {dag.py:3954} INFO - Setting next_dagrun for example_params_trigger_ui to None, run_after=None
[2025-12-11T04:36:10.725+0000] {processor.py:183} INFO - Processing /home/airflow/.local/lib/python3.9/site-packages/airflow/example_dags/example_params_trigger_ui.py took 0.223 seconds
[2025-12-11T04:36:41.238+0000] {processor.py:161} INFO - Started process (PID=2412) to work on /home/airflow/.local/lib/python3.9/site-packages/airflow/example_dags/example_params_trigger_ui.py
[2025-12-11T04:36:41.381+0000] {processor.py:830} INFO - Processing file /home/airflow/.local/lib/python3.9/site-packages/airflow/example_dags/example_params_trigger_ui.py for tasks to queue
[2025-12-11T04:36:41.384+0000] {logging_mixin.py:188} INFO - [2025-12-11T04:36:41.383+0000] {dagbag.py:545} INFO - Filling up the DagBag from /home/airflow/.local/lib/python3.9/site-packages/airflow/example_dags/example_params_trigger_ui.py
[2025-12-11T04:36:41.403+0000] {processor.py:840} INFO - DAG(s) 'example_params_trigger_ui' retrieved from /home/airflow/.local/lib/python3.9/site-packages/airflow/example_dags/example_params_trigger_ui.py
[2025-12-11T04:36:41.475+0000] {logging_mixin.py:188} INFO - [2025-12-11T04:36:41.475+0000] {dag.py:3096} INFO - Sync 1 DAGs
[2025-12-11T04:36:41.686+0000] {logging_mixin.py:188} INFO - [2025-12-11T04:36:41.685+0000] {dag.py:3954} INFO - Setting next_dagrun for example_params_trigger_ui to None, run_after=None
[2025-12-11T04:36:41.862+0000] {processor.py:183} INFO - Processing /home/airflow/.local/lib/python3.9/site-packages/airflow/example_dags/example_params_trigger_ui.py took 0.637 seconds
[2025-12-11T04:37:12.341+0000] {processor.py:161} INFO - Started process (PID=2479) to work on /home/airflow/.local/lib/python3.9/site-packages/airflow/example_dags/example_params_trigger_ui.py
[2025-12-11T04:37:12.350+0000] {processor.py:830} INFO - Processing file /home/airflow/.local/lib/python3.9/site-packages/airflow/example_dags/example_params_trigger_ui.py for tasks to queue
[2025-12-11T04:37:12.353+0000] {logging_mixin.py:188} INFO - [2025-12-11T04:37:12.353+0000] {dagbag.py:545} INFO - Filling up the DagBag from /home/airflow/.local/lib/python3.9/site-packages/airflow/example_dags/example_params_trigger_ui.py
[2025-12-11T04:37:12.375+0000] {processor.py:840} INFO - DAG(s) 'example_params_trigger_ui' retrieved from /home/airflow/.local/lib/python3.9/site-packages/airflow/example_dags/example_params_trigger_ui.py
[2025-12-11T04:37:12.445+0000] {logging_mixin.py:188} INFO - [2025-12-11T04:37:12.445+0000] {dag.py:3096} INFO - Sync 1 DAGs
[2025-12-11T04:37:12.466+0000] {logging_mixin.py:188} INFO - [2025-12-11T04:37:12.465+0000] {dag.py:3954} INFO - Setting next_dagrun for example_params_trigger_ui to None, run_after=None
[2025-12-11T04:37:12.497+0000] {processor.py:183} INFO - Processing /home/airflow/.local/lib/python3.9/site-packages/airflow/example_dags/example_params_trigger_ui.py took 0.166 seconds
[2025-12-11T04:37:43.228+0000] {processor.py:161} INFO - Started process (PID=2546) to work on /home/airflow/.local/lib/python3.9/site-packages/airflow/example_dags/example_params_trigger_ui.py
[2025-12-11T04:37:43.233+0000] {processor.py:830} INFO - Processing file /home/airflow/.local/lib/python3.9/site-packages/airflow/example_dags/example_params_trigger_ui.py for tasks to queue
[2025-12-11T04:37:43.236+0000] {logging_mixin.py:188} INFO - [2025-12-11T04:37:43.236+0000] {dagbag.py:545} INFO - Filling up the DagBag from /home/airflow/.local/lib/python3.9/site-packages/airflow/example_dags/example_params_trigger_ui.py
[2025-12-11T04:37:43.263+0000] {processor.py:840} INFO - DAG(s) 'example_params_trigger_ui' retrieved from /home/airflow/.local/lib/python3.9/site-packages/airflow/example_dags/example_params_trigger_ui.py
[2025-12-11T04:37:43.371+0000] {logging_mixin.py:188} INFO - [2025-12-11T04:37:43.370+0000] {dag.py:3096} INFO - Sync 1 DAGs
[2025-12-11T04:37:43.398+0000] {logging_mixin.py:188} INFO - [2025-12-11T04:37:43.397+0000] {dag.py:3954} INFO - Setting next_dagrun for example_params_trigger_ui to None, run_after=None
[2025-12-11T04:37:43.541+0000] {processor.py:183} INFO - Processing /home/airflow/.local/lib/python3.9/site-packages/airflow/example_dags/example_params_trigger_ui.py took 0.324 seconds
[2025-12-11T04:38:13.638+0000] {processor.py:161} INFO - Started process (PID=2613) to work on /home/airflow/.local/lib/python3.9/site-packages/airflow/example_dags/example_params_trigger_ui.py
[2025-12-11T04:38:13.641+0000] {processor.py:830} INFO - Processing file /home/airflow/.local/lib/python3.9/site-packages/airflow/example_dags/example_params_trigger_ui.py for tasks to queue
[2025-12-11T04:38:13.657+0000] {logging_mixin.py:188} INFO - [2025-12-11T04:38:13.645+0000] {dagbag.py:545} INFO - Filling up the DagBag from /home/airflow/.local/lib/python3.9/site-packages/airflow/example_dags/example_params_trigger_ui.py
[2025-12-11T04:38:13.742+0000] {processor.py:840} INFO - DAG(s) 'example_params_trigger_ui' retrieved from /home/airflow/.local/lib/python3.9/site-packages/airflow/example_dags/example_params_trigger_ui.py
[2025-12-11T04:38:13.960+0000] {logging_mixin.py:188} INFO - [2025-12-11T04:38:13.959+0000] {dag.py:3096} INFO - Sync 1 DAGs
[2025-12-11T04:38:14.023+0000] {logging_mixin.py:188} INFO - [2025-12-11T04:38:14.022+0000] {dag.py:3954} INFO - Setting next_dagrun for example_params_trigger_ui to None, run_after=None
[2025-12-11T04:38:14.157+0000] {processor.py:183} INFO - Processing /home/airflow/.local/lib/python3.9/site-packages/airflow/example_dags/example_params_trigger_ui.py took 0.555 seconds
[2025-12-11T04:38:44.288+0000] {processor.py:161} INFO - Started process (PID=2680) to work on /home/airflow/.local/lib/python3.9/site-packages/airflow/example_dags/example_params_trigger_ui.py
[2025-12-11T04:38:44.298+0000] {processor.py:830} INFO - Processing file /home/airflow/.local/lib/python3.9/site-packages/airflow/example_dags/example_params_trigger_ui.py for tasks to queue
[2025-12-11T04:38:44.301+0000] {logging_mixin.py:188} INFO - [2025-12-11T04:38:44.300+0000] {dagbag.py:545} INFO - Filling up the DagBag from /home/airflow/.local/lib/python3.9/site-packages/airflow/example_dags/example_params_trigger_ui.py
[2025-12-11T04:38:44.357+0000] {processor.py:840} INFO - DAG(s) 'example_params_trigger_ui' retrieved from /home/airflow/.local/lib/python3.9/site-packages/airflow/example_dags/example_params_trigger_ui.py
[2025-12-11T04:38:44.522+0000] {logging_mixin.py:188} INFO - [2025-12-11T04:38:44.522+0000] {dag.py:3096} INFO - Sync 1 DAGs
[2025-12-11T04:38:44.577+0000] {logging_mixin.py:188} INFO - [2025-12-11T04:38:44.577+0000] {dag.py:3954} INFO - Setting next_dagrun for example_params_trigger_ui to None, run_after=None
[2025-12-11T04:38:44.647+0000] {processor.py:183} INFO - Processing /home/airflow/.local/lib/python3.9/site-packages/airflow/example_dags/example_params_trigger_ui.py took 0.369 seconds
[2025-12-11T04:39:15.122+0000] {processor.py:161} INFO - Started process (PID=2747) to work on /home/airflow/.local/lib/python3.9/site-packages/airflow/example_dags/example_params_trigger_ui.py
[2025-12-11T04:39:15.124+0000] {processor.py:830} INFO - Processing file /home/airflow/.local/lib/python3.9/site-packages/airflow/example_dags/example_params_trigger_ui.py for tasks to queue
[2025-12-11T04:39:15.139+0000] {logging_mixin.py:188} INFO - [2025-12-11T04:39:15.138+0000] {dagbag.py:545} INFO - Filling up the DagBag from /home/airflow/.local/lib/python3.9/site-packages/airflow/example_dags/example_params_trigger_ui.py
[2025-12-11T04:39:15.200+0000] {processor.py:840} INFO - DAG(s) 'example_params_trigger_ui' retrieved from /home/airflow/.local/lib/python3.9/site-packages/airflow/example_dags/example_params_trigger_ui.py
[2025-12-11T04:39:15.343+0000] {logging_mixin.py:188} INFO - [2025-12-11T04:39:15.343+0000] {dag.py:3096} INFO - Sync 1 DAGs
[2025-12-11T04:39:15.397+0000] {logging_mixin.py:188} INFO - [2025-12-11T04:39:15.387+0000] {dag.py:3954} INFO - Setting next_dagrun for example_params_trigger_ui to None, run_after=None
[2025-12-11T04:39:15.428+0000] {processor.py:183} INFO - Processing /home/airflow/.local/lib/python3.9/site-packages/airflow/example_dags/example_params_trigger_ui.py took 0.319 seconds
[2025-12-11T04:39:45.599+0000] {processor.py:161} INFO - Started process (PID=2813) to work on /home/airflow/.local/lib/python3.9/site-packages/airflow/example_dags/example_params_trigger_ui.py
[2025-12-11T04:39:45.601+0000] {processor.py:830} INFO - Processing file /home/airflow/.local/lib/python3.9/site-packages/airflow/example_dags/example_params_trigger_ui.py for tasks to queue
[2025-12-11T04:39:45.619+0000] {logging_mixin.py:188} INFO - [2025-12-11T04:39:45.619+0000] {dagbag.py:545} INFO - Filling up the DagBag from /home/airflow/.local/lib/python3.9/site-packages/airflow/example_dags/example_params_trigger_ui.py
[2025-12-11T04:39:45.681+0000] {processor.py:840} INFO - DAG(s) 'example_params_trigger_ui' retrieved from /home/airflow/.local/lib/python3.9/site-packages/airflow/example_dags/example_params_trigger_ui.py
[2025-12-11T04:39:45.898+0000] {logging_mixin.py:188} INFO - [2025-12-11T04:39:45.898+0000] {dag.py:3096} INFO - Sync 1 DAGs
[2025-12-11T04:39:45.950+0000] {logging_mixin.py:188} INFO - [2025-12-11T04:39:45.949+0000] {dag.py:3954} INFO - Setting next_dagrun for example_params_trigger_ui to None, run_after=None
[2025-12-11T04:39:46.043+0000] {processor.py:183} INFO - Processing /home/airflow/.local/lib/python3.9/site-packages/airflow/example_dags/example_params_trigger_ui.py took 0.463 seconds
[2025-12-11T04:40:16.806+0000] {processor.py:161} INFO - Started process (PID=2878) to work on /home/airflow/.local/lib/python3.9/site-packages/airflow/example_dags/example_params_trigger_ui.py
[2025-12-11T04:40:16.808+0000] {processor.py:830} INFO - Processing file /home/airflow/.local/lib/python3.9/site-packages/airflow/example_dags/example_params_trigger_ui.py for tasks to queue
[2025-12-11T04:40:16.820+0000] {logging_mixin.py:188} INFO - [2025-12-11T04:40:16.819+0000] {dagbag.py:545} INFO - Filling up the DagBag from /home/airflow/.local/lib/python3.9/site-packages/airflow/example_dags/example_params_trigger_ui.py
[2025-12-11T04:40:16.878+0000] {processor.py:840} INFO - DAG(s) 'example_params_trigger_ui' retrieved from /home/airflow/.local/lib/python3.9/site-packages/airflow/example_dags/example_params_trigger_ui.py
[2025-12-11T04:40:17.078+0000] {logging_mixin.py:188} INFO - [2025-12-11T04:40:17.078+0000] {dag.py:3096} INFO - Sync 1 DAGs
[2025-12-11T04:40:17.121+0000] {logging_mixin.py:188} INFO - [2025-12-11T04:40:17.120+0000] {dag.py:3954} INFO - Setting next_dagrun for example_params_trigger_ui to None, run_after=None
[2025-12-11T04:40:17.201+0000] {processor.py:183} INFO - Processing /home/airflow/.local/lib/python3.9/site-packages/airflow/example_dags/example_params_trigger_ui.py took 0.422 seconds
[2025-12-11T04:40:47.297+0000] {processor.py:161} INFO - Started process (PID=2945) to work on /home/airflow/.local/lib/python3.9/site-packages/airflow/example_dags/example_params_trigger_ui.py
[2025-12-11T04:40:47.298+0000] {processor.py:830} INFO - Processing file /home/airflow/.local/lib/python3.9/site-packages/airflow/example_dags/example_params_trigger_ui.py for tasks to queue
[2025-12-11T04:40:47.301+0000] {logging_mixin.py:188} INFO - [2025-12-11T04:40:47.301+0000] {dagbag.py:545} INFO - Filling up the DagBag from /home/airflow/.local/lib/python3.9/site-packages/airflow/example_dags/example_params_trigger_ui.py
[2025-12-11T04:40:47.340+0000] {processor.py:840} INFO - DAG(s) 'example_params_trigger_ui' retrieved from /home/airflow/.local/lib/python3.9/site-packages/airflow/example_dags/example_params_trigger_ui.py
[2025-12-11T04:40:47.478+0000] {logging_mixin.py:188} INFO - [2025-12-11T04:40:47.477+0000] {dag.py:3096} INFO - Sync 1 DAGs
[2025-12-11T04:40:47.518+0000] {logging_mixin.py:188} INFO - [2025-12-11T04:40:47.518+0000] {dag.py:3954} INFO - Setting next_dagrun for example_params_trigger_ui to None, run_after=None
[2025-12-11T04:40:47.617+0000] {processor.py:183} INFO - Processing /home/airflow/.local/lib/python3.9/site-packages/airflow/example_dags/example_params_trigger_ui.py took 0.339 seconds
[2025-12-11T04:41:17.764+0000] {processor.py:161} INFO - Started process (PID=3011) to work on /home/airflow/.local/lib/python3.9/site-packages/airflow/example_dags/example_params_trigger_ui.py
[2025-12-11T04:41:17.766+0000] {processor.py:830} INFO - Processing file /home/airflow/.local/lib/python3.9/site-packages/airflow/example_dags/example_params_trigger_ui.py for tasks to queue
[2025-12-11T04:41:17.778+0000] {logging_mixin.py:188} INFO - [2025-12-11T04:41:17.777+0000] {dagbag.py:545} INFO - Filling up the DagBag from /home/airflow/.local/lib/python3.9/site-packages/airflow/example_dags/example_params_trigger_ui.py
[2025-12-11T04:41:17.825+0000] {processor.py:840} INFO - DAG(s) 'example_params_trigger_ui' retrieved from /home/airflow/.local/lib/python3.9/site-packages/airflow/example_dags/example_params_trigger_ui.py
[2025-12-11T04:41:18.738+0000] {logging_mixin.py:188} INFO - [2025-12-11T04:41:18.738+0000] {dag.py:3096} INFO - Sync 1 DAGs
[2025-12-11T04:41:18.779+0000] {logging_mixin.py:188} INFO - [2025-12-11T04:41:18.778+0000] {dag.py:3954} INFO - Setting next_dagrun for example_params_trigger_ui to None, run_after=None
[2025-12-11T04:41:18.828+0000] {processor.py:183} INFO - Processing /home/airflow/.local/lib/python3.9/site-packages/airflow/example_dags/example_params_trigger_ui.py took 1.104 seconds
[2025-12-11T04:41:49.217+0000] {processor.py:161} INFO - Started process (PID=3080) to work on /home/airflow/.local/lib/python3.9/site-packages/airflow/example_dags/example_params_trigger_ui.py
[2025-12-11T04:41:49.219+0000] {processor.py:830} INFO - Processing file /home/airflow/.local/lib/python3.9/site-packages/airflow/example_dags/example_params_trigger_ui.py for tasks to queue
[2025-12-11T04:41:49.223+0000] {logging_mixin.py:188} INFO - [2025-12-11T04:41:49.222+0000] {dagbag.py:545} INFO - Filling up the DagBag from /home/airflow/.local/lib/python3.9/site-packages/airflow/example_dags/example_params_trigger_ui.py
[2025-12-11T04:41:49.282+0000] {processor.py:840} INFO - DAG(s) 'example_params_trigger_ui' retrieved from /home/airflow/.local/lib/python3.9/site-packages/airflow/example_dags/example_params_trigger_ui.py
[2025-12-11T04:41:49.419+0000] {logging_mixin.py:188} INFO - [2025-12-11T04:41:49.419+0000] {dag.py:3096} INFO - Sync 1 DAGs
[2025-12-11T04:41:50.058+0000] {logging_mixin.py:188} INFO - [2025-12-11T04:41:50.058+0000] {dag.py:3954} INFO - Setting next_dagrun for example_params_trigger_ui to None, run_after=None
[2025-12-11T04:41:50.128+0000] {processor.py:183} INFO - Processing /home/airflow/.local/lib/python3.9/site-packages/airflow/example_dags/example_params_trigger_ui.py took 0.930 seconds
[2025-12-11T04:42:20.483+0000] {processor.py:161} INFO - Started process (PID=3147) to work on /home/airflow/.local/lib/python3.9/site-packages/airflow/example_dags/example_params_trigger_ui.py
[2025-12-11T04:42:20.499+0000] {processor.py:830} INFO - Processing file /home/airflow/.local/lib/python3.9/site-packages/airflow/example_dags/example_params_trigger_ui.py for tasks to queue
[2025-12-11T04:42:20.502+0000] {logging_mixin.py:188} INFO - [2025-12-11T04:42:20.501+0000] {dagbag.py:545} INFO - Filling up the DagBag from /home/airflow/.local/lib/python3.9/site-packages/airflow/example_dags/example_params_trigger_ui.py
[2025-12-11T04:42:20.525+0000] {processor.py:840} INFO - DAG(s) 'example_params_trigger_ui' retrieved from /home/airflow/.local/lib/python3.9/site-packages/airflow/example_dags/example_params_trigger_ui.py
[2025-12-11T04:42:20.669+0000] {logging_mixin.py:188} INFO - [2025-12-11T04:42:20.669+0000] {dag.py:3096} INFO - Sync 1 DAGs
[2025-12-11T04:42:20.711+0000] {logging_mixin.py:188} INFO - [2025-12-11T04:42:20.710+0000] {dag.py:3954} INFO - Setting next_dagrun for example_params_trigger_ui to None, run_after=None
[2025-12-11T04:42:20.780+0000] {processor.py:183} INFO - Processing /home/airflow/.local/lib/python3.9/site-packages/airflow/example_dags/example_params_trigger_ui.py took 0.309 seconds
[2025-12-11T04:42:51.638+0000] {processor.py:161} INFO - Started process (PID=3214) to work on /home/airflow/.local/lib/python3.9/site-packages/airflow/example_dags/example_params_trigger_ui.py
[2025-12-11T04:42:51.640+0000] {processor.py:830} INFO - Processing file /home/airflow/.local/lib/python3.9/site-packages/airflow/example_dags/example_params_trigger_ui.py for tasks to queue
[2025-12-11T04:42:51.642+0000] {logging_mixin.py:188} INFO - [2025-12-11T04:42:51.642+0000] {dagbag.py:545} INFO - Filling up the DagBag from /home/airflow/.local/lib/python3.9/site-packages/airflow/example_dags/example_params_trigger_ui.py
[2025-12-11T04:42:51.718+0000] {processor.py:840} INFO - DAG(s) 'example_params_trigger_ui' retrieved from /home/airflow/.local/lib/python3.9/site-packages/airflow/example_dags/example_params_trigger_ui.py
[2025-12-11T04:42:51.924+0000] {logging_mixin.py:188} INFO - [2025-12-11T04:42:51.923+0000] {dag.py:3096} INFO - Sync 1 DAGs
[2025-12-11T04:42:52.022+0000] {logging_mixin.py:188} INFO - [2025-12-11T04:42:52.021+0000] {dag.py:3954} INFO - Setting next_dagrun for example_params_trigger_ui to None, run_after=None
[2025-12-11T04:42:52.138+0000] {processor.py:183} INFO - Processing /home/airflow/.local/lib/python3.9/site-packages/airflow/example_dags/example_params_trigger_ui.py took 0.521 seconds
[2025-12-11T04:43:22.601+0000] {processor.py:161} INFO - Started process (PID=3281) to work on /home/airflow/.local/lib/python3.9/site-packages/airflow/example_dags/example_params_trigger_ui.py
[2025-12-11T04:43:22.610+0000] {processor.py:830} INFO - Processing file /home/airflow/.local/lib/python3.9/site-packages/airflow/example_dags/example_params_trigger_ui.py for tasks to queue
[2025-12-11T04:43:22.619+0000] {logging_mixin.py:188} INFO - [2025-12-11T04:43:22.619+0000] {dagbag.py:545} INFO - Filling up the DagBag from /home/airflow/.local/lib/python3.9/site-packages/airflow/example_dags/example_params_trigger_ui.py
[2025-12-11T04:43:22.660+0000] {processor.py:840} INFO - DAG(s) 'example_params_trigger_ui' retrieved from /home/airflow/.local/lib/python3.9/site-packages/airflow/example_dags/example_params_trigger_ui.py
[2025-12-11T04:43:22.785+0000] {logging_mixin.py:188} INFO - [2025-12-11T04:43:22.784+0000] {dag.py:3096} INFO - Sync 1 DAGs
[2025-12-11T04:43:22.824+0000] {logging_mixin.py:188} INFO - [2025-12-11T04:43:22.823+0000] {dag.py:3954} INFO - Setting next_dagrun for example_params_trigger_ui to None, run_after=None
[2025-12-11T04:43:22.882+0000] {processor.py:183} INFO - Processing /home/airflow/.local/lib/python3.9/site-packages/airflow/example_dags/example_params_trigger_ui.py took 0.298 seconds
[2025-12-11T04:43:53.877+0000] {processor.py:161} INFO - Started process (PID=3348) to work on /home/airflow/.local/lib/python3.9/site-packages/airflow/example_dags/example_params_trigger_ui.py
[2025-12-11T04:43:53.879+0000] {processor.py:830} INFO - Processing file /home/airflow/.local/lib/python3.9/site-packages/airflow/example_dags/example_params_trigger_ui.py for tasks to queue
[2025-12-11T04:43:53.882+0000] {logging_mixin.py:188} INFO - [2025-12-11T04:43:53.881+0000] {dagbag.py:545} INFO - Filling up the DagBag from /home/airflow/.local/lib/python3.9/site-packages/airflow/example_dags/example_params_trigger_ui.py
[2025-12-11T04:43:53.921+0000] {processor.py:840} INFO - DAG(s) 'example_params_trigger_ui' retrieved from /home/airflow/.local/lib/python3.9/site-packages/airflow/example_dags/example_params_trigger_ui.py
[2025-12-11T04:43:54.063+0000] {logging_mixin.py:188} INFO - [2025-12-11T04:43:54.063+0000] {dag.py:3096} INFO - Sync 1 DAGs
[2025-12-11T04:43:54.105+0000] {logging_mixin.py:188} INFO - [2025-12-11T04:43:54.104+0000] {dag.py:3954} INFO - Setting next_dagrun for example_params_trigger_ui to None, run_after=None
[2025-12-11T04:43:54.148+0000] {processor.py:183} INFO - Processing /home/airflow/.local/lib/python3.9/site-packages/airflow/example_dags/example_params_trigger_ui.py took 0.285 seconds
[2025-12-11T04:44:24.497+0000] {processor.py:161} INFO - Started process (PID=3415) to work on /home/airflow/.local/lib/python3.9/site-packages/airflow/example_dags/example_params_trigger_ui.py
[2025-12-11T04:44:24.499+0000] {processor.py:830} INFO - Processing file /home/airflow/.local/lib/python3.9/site-packages/airflow/example_dags/example_params_trigger_ui.py for tasks to queue
[2025-12-11T04:44:24.501+0000] {logging_mixin.py:188} INFO - [2025-12-11T04:44:24.501+0000] {dagbag.py:545} INFO - Filling up the DagBag from /home/airflow/.local/lib/python3.9/site-packages/airflow/example_dags/example_params_trigger_ui.py
[2025-12-11T04:44:24.578+0000] {processor.py:840} INFO - DAG(s) 'example_params_trigger_ui' retrieved from /home/airflow/.local/lib/python3.9/site-packages/airflow/example_dags/example_params_trigger_ui.py
[2025-12-11T04:44:24.704+0000] {logging_mixin.py:188} INFO - [2025-12-11T04:44:24.704+0000] {dag.py:3096} INFO - Sync 1 DAGs
[2025-12-11T04:44:24.738+0000] {logging_mixin.py:188} INFO - [2025-12-11T04:44:24.738+0000] {dag.py:3954} INFO - Setting next_dagrun for example_params_trigger_ui to None, run_after=None
[2025-12-11T04:44:24.767+0000] {processor.py:183} INFO - Processing /home/airflow/.local/lib/python3.9/site-packages/airflow/example_dags/example_params_trigger_ui.py took 0.295 seconds
[2025-12-11T04:44:55.519+0000] {processor.py:161} INFO - Started process (PID=3483) to work on /home/airflow/.local/lib/python3.9/site-packages/airflow/example_dags/example_params_trigger_ui.py
[2025-12-11T04:44:55.530+0000] {processor.py:830} INFO - Processing file /home/airflow/.local/lib/python3.9/site-packages/airflow/example_dags/example_params_trigger_ui.py for tasks to queue
[2025-12-11T04:44:55.534+0000] {logging_mixin.py:188} INFO - [2025-12-11T04:44:55.534+0000] {dagbag.py:545} INFO - Filling up the DagBag from /home/airflow/.local/lib/python3.9/site-packages/airflow/example_dags/example_params_trigger_ui.py
[2025-12-11T04:44:55.565+0000] {processor.py:840} INFO - DAG(s) 'example_params_trigger_ui' retrieved from /home/airflow/.local/lib/python3.9/site-packages/airflow/example_dags/example_params_trigger_ui.py
[2025-12-11T04:44:55.646+0000] {logging_mixin.py:188} INFO - [2025-12-11T04:44:55.645+0000] {dag.py:3096} INFO - Sync 1 DAGs
[2025-12-11T04:44:55.671+0000] {logging_mixin.py:188} INFO - [2025-12-11T04:44:55.670+0000] {dag.py:3954} INFO - Setting next_dagrun for example_params_trigger_ui to None, run_after=None
[2025-12-11T04:44:55.858+0000] {processor.py:183} INFO - Processing /home/airflow/.local/lib/python3.9/site-packages/airflow/example_dags/example_params_trigger_ui.py took 0.353 seconds
[2025-12-11T04:45:26.040+0000] {processor.py:161} INFO - Started process (PID=3550) to work on /home/airflow/.local/lib/python3.9/site-packages/airflow/example_dags/example_params_trigger_ui.py
[2025-12-11T04:45:26.148+0000] {processor.py:830} INFO - Processing file /home/airflow/.local/lib/python3.9/site-packages/airflow/example_dags/example_params_trigger_ui.py for tasks to queue
[2025-12-11T04:45:26.235+0000] {logging_mixin.py:188} INFO - [2025-12-11T04:45:26.234+0000] {dagbag.py:545} INFO - Filling up the DagBag from /home/airflow/.local/lib/python3.9/site-packages/airflow/example_dags/example_params_trigger_ui.py
[2025-12-11T04:45:26.263+0000] {processor.py:840} INFO - DAG(s) 'example_params_trigger_ui' retrieved from /home/airflow/.local/lib/python3.9/site-packages/airflow/example_dags/example_params_trigger_ui.py
[2025-12-11T04:45:26.394+0000] {logging_mixin.py:188} INFO - [2025-12-11T04:45:26.393+0000] {dag.py:3096} INFO - Sync 1 DAGs
[2025-12-11T04:45:26.420+0000] {logging_mixin.py:188} INFO - [2025-12-11T04:45:26.419+0000] {dag.py:3954} INFO - Setting next_dagrun for example_params_trigger_ui to None, run_after=None
[2025-12-11T04:45:26.542+0000] {processor.py:183} INFO - Processing /home/airflow/.local/lib/python3.9/site-packages/airflow/example_dags/example_params_trigger_ui.py took 0.518 seconds
[2025-12-11T04:45:56.907+0000] {processor.py:161} INFO - Started process (PID=3618) to work on /home/airflow/.local/lib/python3.9/site-packages/airflow/example_dags/example_params_trigger_ui.py
[2025-12-11T04:45:56.917+0000] {processor.py:830} INFO - Processing file /home/airflow/.local/lib/python3.9/site-packages/airflow/example_dags/example_params_trigger_ui.py for tasks to queue
[2025-12-11T04:45:56.920+0000] {logging_mixin.py:188} INFO - [2025-12-11T04:45:56.919+0000] {dagbag.py:545} INFO - Filling up the DagBag from /home/airflow/.local/lib/python3.9/site-packages/airflow/example_dags/example_params_trigger_ui.py
[2025-12-11T04:45:56.964+0000] {processor.py:840} INFO - DAG(s) 'example_params_trigger_ui' retrieved from /home/airflow/.local/lib/python3.9/site-packages/airflow/example_dags/example_params_trigger_ui.py
[2025-12-11T04:45:57.126+0000] {logging_mixin.py:188} INFO - [2025-12-11T04:45:57.125+0000] {dag.py:3096} INFO - Sync 1 DAGs
[2025-12-11T04:45:57.191+0000] {logging_mixin.py:188} INFO - [2025-12-11T04:45:57.190+0000] {dag.py:3954} INFO - Setting next_dagrun for example_params_trigger_ui to None, run_after=None
[2025-12-11T04:45:57.262+0000] {processor.py:183} INFO - Processing /home/airflow/.local/lib/python3.9/site-packages/airflow/example_dags/example_params_trigger_ui.py took 0.371 seconds
[2025-12-11T04:46:27.662+0000] {processor.py:161} INFO - Started process (PID=3685) to work on /home/airflow/.local/lib/python3.9/site-packages/airflow/example_dags/example_params_trigger_ui.py
[2025-12-11T04:46:27.663+0000] {processor.py:830} INFO - Processing file /home/airflow/.local/lib/python3.9/site-packages/airflow/example_dags/example_params_trigger_ui.py for tasks to queue
[2025-12-11T04:46:27.678+0000] {logging_mixin.py:188} INFO - [2025-12-11T04:46:27.677+0000] {dagbag.py:545} INFO - Filling up the DagBag from /home/airflow/.local/lib/python3.9/site-packages/airflow/example_dags/example_params_trigger_ui.py
[2025-12-11T04:46:27.757+0000] {processor.py:840} INFO - DAG(s) 'example_params_trigger_ui' retrieved from /home/airflow/.local/lib/python3.9/site-packages/airflow/example_dags/example_params_trigger_ui.py
[2025-12-11T04:46:27.921+0000] {logging_mixin.py:188} INFO - [2025-12-11T04:46:27.920+0000] {dag.py:3096} INFO - Sync 1 DAGs
[2025-12-11T04:46:27.978+0000] {logging_mixin.py:188} INFO - [2025-12-11T04:46:27.978+0000] {dag.py:3954} INFO - Setting next_dagrun for example_params_trigger_ui to None, run_after=None
[2025-12-11T04:46:28.039+0000] {processor.py:183} INFO - Processing /home/airflow/.local/lib/python3.9/site-packages/airflow/example_dags/example_params_trigger_ui.py took 0.397 seconds
[2025-12-11T04:46:58.784+0000] {processor.py:161} INFO - Started process (PID=3752) to work on /home/airflow/.local/lib/python3.9/site-packages/airflow/example_dags/example_params_trigger_ui.py
[2025-12-11T04:46:58.787+0000] {processor.py:830} INFO - Processing file /home/airflow/.local/lib/python3.9/site-packages/airflow/example_dags/example_params_trigger_ui.py for tasks to queue
[2025-12-11T04:46:58.798+0000] {logging_mixin.py:188} INFO - [2025-12-11T04:46:58.797+0000] {dagbag.py:545} INFO - Filling up the DagBag from /home/airflow/.local/lib/python3.9/site-packages/airflow/example_dags/example_params_trigger_ui.py
[2025-12-11T04:46:58.832+0000] {processor.py:840} INFO - DAG(s) 'example_params_trigger_ui' retrieved from /home/airflow/.local/lib/python3.9/site-packages/airflow/example_dags/example_params_trigger_ui.py
[2025-12-11T04:46:58.965+0000] {logging_mixin.py:188} INFO - [2025-12-11T04:46:58.965+0000] {dag.py:3096} INFO - Sync 1 DAGs
[2025-12-11T04:46:59.019+0000] {logging_mixin.py:188} INFO - [2025-12-11T04:46:59.019+0000] {dag.py:3954} INFO - Setting next_dagrun for example_params_trigger_ui to None, run_after=None
[2025-12-11T04:46:59.082+0000] {processor.py:183} INFO - Processing /home/airflow/.local/lib/python3.9/site-packages/airflow/example_dags/example_params_trigger_ui.py took 0.314 seconds
[2025-12-11T04:47:29.451+0000] {processor.py:161} INFO - Started process (PID=3819) to work on /home/airflow/.local/lib/python3.9/site-packages/airflow/example_dags/example_params_trigger_ui.py
[2025-12-11T04:47:29.453+0000] {processor.py:830} INFO - Processing file /home/airflow/.local/lib/python3.9/site-packages/airflow/example_dags/example_params_trigger_ui.py for tasks to queue
[2025-12-11T04:47:29.456+0000] {logging_mixin.py:188} INFO - [2025-12-11T04:47:29.455+0000] {dagbag.py:545} INFO - Filling up the DagBag from /home/airflow/.local/lib/python3.9/site-packages/airflow/example_dags/example_params_trigger_ui.py
[2025-12-11T04:47:29.477+0000] {processor.py:840} INFO - DAG(s) 'example_params_trigger_ui' retrieved from /home/airflow/.local/lib/python3.9/site-packages/airflow/example_dags/example_params_trigger_ui.py
[2025-12-11T04:47:29.564+0000] {logging_mixin.py:188} INFO - [2025-12-11T04:47:29.564+0000] {dag.py:3096} INFO - Sync 1 DAGs
[2025-12-11T04:47:29.589+0000] {logging_mixin.py:188} INFO - [2025-12-11T04:47:29.589+0000] {dag.py:3954} INFO - Setting next_dagrun for example_params_trigger_ui to None, run_after=None
[2025-12-11T04:47:30.050+0000] {processor.py:183} INFO - Processing /home/airflow/.local/lib/python3.9/site-packages/airflow/example_dags/example_params_trigger_ui.py took 0.609 seconds
[2025-12-11T04:48:00.110+0000] {processor.py:161} INFO - Started process (PID=3887) to work on /home/airflow/.local/lib/python3.9/site-packages/airflow/example_dags/example_params_trigger_ui.py
[2025-12-11T04:48:00.119+0000] {processor.py:830} INFO - Processing file /home/airflow/.local/lib/python3.9/site-packages/airflow/example_dags/example_params_trigger_ui.py for tasks to queue
[2025-12-11T04:48:00.121+0000] {logging_mixin.py:188} INFO - [2025-12-11T04:48:00.121+0000] {dagbag.py:545} INFO - Filling up the DagBag from /home/airflow/.local/lib/python3.9/site-packages/airflow/example_dags/example_params_trigger_ui.py
[2025-12-11T04:48:00.143+0000] {processor.py:840} INFO - DAG(s) 'example_params_trigger_ui' retrieved from /home/airflow/.local/lib/python3.9/site-packages/airflow/example_dags/example_params_trigger_ui.py
[2025-12-11T04:48:00.215+0000] {logging_mixin.py:188} INFO - [2025-12-11T04:48:00.214+0000] {dag.py:3096} INFO - Sync 1 DAGs
[2025-12-11T04:48:00.236+0000] {logging_mixin.py:188} INFO - [2025-12-11T04:48:00.235+0000] {dag.py:3954} INFO - Setting next_dagrun for example_params_trigger_ui to None, run_after=None
[2025-12-11T04:48:00.271+0000] {processor.py:183} INFO - Processing /home/airflow/.local/lib/python3.9/site-packages/airflow/example_dags/example_params_trigger_ui.py took 0.172 seconds
[2025-12-11T04:48:31.091+0000] {processor.py:161} INFO - Started process (PID=3960) to work on /home/airflow/.local/lib/python3.9/site-packages/airflow/example_dags/example_params_trigger_ui.py
[2025-12-11T04:48:31.099+0000] {processor.py:830} INFO - Processing file /home/airflow/.local/lib/python3.9/site-packages/airflow/example_dags/example_params_trigger_ui.py for tasks to queue
[2025-12-11T04:48:31.103+0000] {logging_mixin.py:188} INFO - [2025-12-11T04:48:31.102+0000] {dagbag.py:545} INFO - Filling up the DagBag from /home/airflow/.local/lib/python3.9/site-packages/airflow/example_dags/example_params_trigger_ui.py
[2025-12-11T04:48:31.148+0000] {processor.py:840} INFO - DAG(s) 'example_params_trigger_ui' retrieved from /home/airflow/.local/lib/python3.9/site-packages/airflow/example_dags/example_params_trigger_ui.py
[2025-12-11T04:48:31.258+0000] {logging_mixin.py:188} INFO - [2025-12-11T04:48:31.258+0000] {dag.py:3096} INFO - Sync 1 DAGs
[2025-12-11T04:48:31.288+0000] {logging_mixin.py:188} INFO - [2025-12-11T04:48:31.287+0000] {dag.py:3954} INFO - Setting next_dagrun for example_params_trigger_ui to None, run_after=None
[2025-12-11T04:48:31.405+0000] {processor.py:183} INFO - Processing /home/airflow/.local/lib/python3.9/site-packages/airflow/example_dags/example_params_trigger_ui.py took 0.327 seconds
[2025-12-11T04:49:02.399+0000] {processor.py:161} INFO - Started process (PID=4027) to work on /home/airflow/.local/lib/python3.9/site-packages/airflow/example_dags/example_params_trigger_ui.py
[2025-12-11T04:49:02.401+0000] {processor.py:830} INFO - Processing file /home/airflow/.local/lib/python3.9/site-packages/airflow/example_dags/example_params_trigger_ui.py for tasks to queue
[2025-12-11T04:49:02.404+0000] {logging_mixin.py:188} INFO - [2025-12-11T04:49:02.403+0000] {dagbag.py:545} INFO - Filling up the DagBag from /home/airflow/.local/lib/python3.9/site-packages/airflow/example_dags/example_params_trigger_ui.py
[2025-12-11T04:49:02.444+0000] {processor.py:840} INFO - DAG(s) 'example_params_trigger_ui' retrieved from /home/airflow/.local/lib/python3.9/site-packages/airflow/example_dags/example_params_trigger_ui.py
[2025-12-11T04:49:02.568+0000] {logging_mixin.py:188} INFO - [2025-12-11T04:49:02.567+0000] {dag.py:3096} INFO - Sync 1 DAGs
[2025-12-11T04:49:02.605+0000] {logging_mixin.py:188} INFO - [2025-12-11T04:49:02.605+0000] {dag.py:3954} INFO - Setting next_dagrun for example_params_trigger_ui to None, run_after=None
[2025-12-11T04:49:02.659+0000] {processor.py:183} INFO - Processing /home/airflow/.local/lib/python3.9/site-packages/airflow/example_dags/example_params_trigger_ui.py took 0.272 seconds
[2025-12-11T04:49:33.260+0000] {processor.py:161} INFO - Started process (PID=4094) to work on /home/airflow/.local/lib/python3.9/site-packages/airflow/example_dags/example_params_trigger_ui.py
[2025-12-11T04:49:33.306+0000] {processor.py:830} INFO - Processing file /home/airflow/.local/lib/python3.9/site-packages/airflow/example_dags/example_params_trigger_ui.py for tasks to queue
[2025-12-11T04:49:33.309+0000] {logging_mixin.py:188} INFO - [2025-12-11T04:49:33.308+0000] {dagbag.py:545} INFO - Filling up the DagBag from /home/airflow/.local/lib/python3.9/site-packages/airflow/example_dags/example_params_trigger_ui.py
[2025-12-11T04:49:33.344+0000] {processor.py:840} INFO - DAG(s) 'example_params_trigger_ui' retrieved from /home/airflow/.local/lib/python3.9/site-packages/airflow/example_dags/example_params_trigger_ui.py
[2025-12-11T04:49:33.499+0000] {logging_mixin.py:188} INFO - [2025-12-11T04:49:33.498+0000] {dag.py:3096} INFO - Sync 1 DAGs
[2025-12-11T04:49:33.538+0000] {logging_mixin.py:188} INFO - [2025-12-11T04:49:33.538+0000] {dag.py:3954} INFO - Setting next_dagrun for example_params_trigger_ui to None, run_after=None
[2025-12-11T04:49:33.586+0000] {processor.py:183} INFO - Processing /home/airflow/.local/lib/python3.9/site-packages/airflow/example_dags/example_params_trigger_ui.py took 0.348 seconds
[2025-12-11T04:50:04.127+0000] {processor.py:161} INFO - Started process (PID=4159) to work on /home/airflow/.local/lib/python3.9/site-packages/airflow/example_dags/example_params_trigger_ui.py
[2025-12-11T04:50:04.138+0000] {processor.py:830} INFO - Processing file /home/airflow/.local/lib/python3.9/site-packages/airflow/example_dags/example_params_trigger_ui.py for tasks to queue
[2025-12-11T04:50:04.141+0000] {logging_mixin.py:188} INFO - [2025-12-11T04:50:04.140+0000] {dagbag.py:545} INFO - Filling up the DagBag from /home/airflow/.local/lib/python3.9/site-packages/airflow/example_dags/example_params_trigger_ui.py
[2025-12-11T04:50:04.184+0000] {processor.py:840} INFO - DAG(s) 'example_params_trigger_ui' retrieved from /home/airflow/.local/lib/python3.9/site-packages/airflow/example_dags/example_params_trigger_ui.py
[2025-12-11T04:50:04.326+0000] {logging_mixin.py:188} INFO - [2025-12-11T04:50:04.325+0000] {dag.py:3096} INFO - Sync 1 DAGs
[2025-12-11T04:50:04.360+0000] {logging_mixin.py:188} INFO - [2025-12-11T04:50:04.359+0000] {dag.py:3954} INFO - Setting next_dagrun for example_params_trigger_ui to None, run_after=None
[2025-12-11T04:50:04.404+0000] {processor.py:183} INFO - Processing /home/airflow/.local/lib/python3.9/site-packages/airflow/example_dags/example_params_trigger_ui.py took 0.293 seconds
[2025-12-11T04:50:35.138+0000] {processor.py:161} INFO - Started process (PID=4226) to work on /home/airflow/.local/lib/python3.9/site-packages/airflow/example_dags/example_params_trigger_ui.py
[2025-12-11T04:50:35.140+0000] {processor.py:830} INFO - Processing file /home/airflow/.local/lib/python3.9/site-packages/airflow/example_dags/example_params_trigger_ui.py for tasks to queue
[2025-12-11T04:50:35.143+0000] {logging_mixin.py:188} INFO - [2025-12-11T04:50:35.142+0000] {dagbag.py:545} INFO - Filling up the DagBag from /home/airflow/.local/lib/python3.9/site-packages/airflow/example_dags/example_params_trigger_ui.py
[2025-12-11T04:50:35.167+0000] {processor.py:840} INFO - DAG(s) 'example_params_trigger_ui' retrieved from /home/airflow/.local/lib/python3.9/site-packages/airflow/example_dags/example_params_trigger_ui.py
[2025-12-11T04:50:35.240+0000] {logging_mixin.py:188} INFO - [2025-12-11T04:50:35.239+0000] {dag.py:3096} INFO - Sync 1 DAGs
[2025-12-11T04:50:35.261+0000] {logging_mixin.py:188} INFO - [2025-12-11T04:50:35.261+0000] {dag.py:3954} INFO - Setting next_dagrun for example_params_trigger_ui to None, run_after=None
[2025-12-11T04:50:35.289+0000] {processor.py:183} INFO - Processing /home/airflow/.local/lib/python3.9/site-packages/airflow/example_dags/example_params_trigger_ui.py took 0.161 seconds
[2025-12-11T04:51:05.993+0000] {processor.py:161} INFO - Started process (PID=4293) to work on /home/airflow/.local/lib/python3.9/site-packages/airflow/example_dags/example_params_trigger_ui.py
[2025-12-11T04:51:05.999+0000] {processor.py:830} INFO - Processing file /home/airflow/.local/lib/python3.9/site-packages/airflow/example_dags/example_params_trigger_ui.py for tasks to queue
[2025-12-11T04:51:06.002+0000] {logging_mixin.py:188} INFO - [2025-12-11T04:51:06.002+0000] {dagbag.py:545} INFO - Filling up the DagBag from /home/airflow/.local/lib/python3.9/site-packages/airflow/example_dags/example_params_trigger_ui.py
[2025-12-11T04:51:06.025+0000] {processor.py:840} INFO - DAG(s) 'example_params_trigger_ui' retrieved from /home/airflow/.local/lib/python3.9/site-packages/airflow/example_dags/example_params_trigger_ui.py
[2025-12-11T04:51:06.111+0000] {logging_mixin.py:188} INFO - [2025-12-11T04:51:06.111+0000] {dag.py:3096} INFO - Sync 1 DAGs
[2025-12-11T04:51:06.138+0000] {logging_mixin.py:188} INFO - [2025-12-11T04:51:06.138+0000] {dag.py:3954} INFO - Setting next_dagrun for example_params_trigger_ui to None, run_after=None
[2025-12-11T04:51:06.167+0000] {processor.py:183} INFO - Processing /home/airflow/.local/lib/python3.9/site-packages/airflow/example_dags/example_params_trigger_ui.py took 0.186 seconds
[2025-12-11T04:51:36.500+0000] {processor.py:161} INFO - Started process (PID=4360) to work on /home/airflow/.local/lib/python3.9/site-packages/airflow/example_dags/example_params_trigger_ui.py
[2025-12-11T04:51:36.501+0000] {processor.py:830} INFO - Processing file /home/airflow/.local/lib/python3.9/site-packages/airflow/example_dags/example_params_trigger_ui.py for tasks to queue
[2025-12-11T04:51:36.504+0000] {logging_mixin.py:188} INFO - [2025-12-11T04:51:36.504+0000] {dagbag.py:545} INFO - Filling up the DagBag from /home/airflow/.local/lib/python3.9/site-packages/airflow/example_dags/example_params_trigger_ui.py
[2025-12-11T04:51:36.527+0000] {processor.py:840} INFO - DAG(s) 'example_params_trigger_ui' retrieved from /home/airflow/.local/lib/python3.9/site-packages/airflow/example_dags/example_params_trigger_ui.py
[2025-12-11T04:51:36.604+0000] {logging_mixin.py:188} INFO - [2025-12-11T04:51:36.604+0000] {dag.py:3096} INFO - Sync 1 DAGs
[2025-12-11T04:51:36.629+0000] {logging_mixin.py:188} INFO - [2025-12-11T04:51:36.628+0000] {dag.py:3954} INFO - Setting next_dagrun for example_params_trigger_ui to None, run_after=None
[2025-12-11T04:51:36.663+0000] {processor.py:183} INFO - Processing /home/airflow/.local/lib/python3.9/site-packages/airflow/example_dags/example_params_trigger_ui.py took 0.174 seconds
[2025-12-11T04:52:07.435+0000] {processor.py:161} INFO - Started process (PID=4427) to work on /home/airflow/.local/lib/python3.9/site-packages/airflow/example_dags/example_params_trigger_ui.py
[2025-12-11T04:52:07.444+0000] {processor.py:830} INFO - Processing file /home/airflow/.local/lib/python3.9/site-packages/airflow/example_dags/example_params_trigger_ui.py for tasks to queue
[2025-12-11T04:52:07.448+0000] {logging_mixin.py:188} INFO - [2025-12-11T04:52:07.448+0000] {dagbag.py:545} INFO - Filling up the DagBag from /home/airflow/.local/lib/python3.9/site-packages/airflow/example_dags/example_params_trigger_ui.py
[2025-12-11T04:52:07.477+0000] {processor.py:840} INFO - DAG(s) 'example_params_trigger_ui' retrieved from /home/airflow/.local/lib/python3.9/site-packages/airflow/example_dags/example_params_trigger_ui.py
[2025-12-11T04:52:07.565+0000] {logging_mixin.py:188} INFO - [2025-12-11T04:52:07.565+0000] {dag.py:3096} INFO - Sync 1 DAGs
[2025-12-11T04:52:07.589+0000] {logging_mixin.py:188} INFO - [2025-12-11T04:52:07.589+0000] {dag.py:3954} INFO - Setting next_dagrun for example_params_trigger_ui to None, run_after=None
[2025-12-11T04:52:07.623+0000] {processor.py:183} INFO - Processing /home/airflow/.local/lib/python3.9/site-packages/airflow/example_dags/example_params_trigger_ui.py took 0.202 seconds
[2025-12-11T04:52:38.477+0000] {processor.py:161} INFO - Started process (PID=4494) to work on /home/airflow/.local/lib/python3.9/site-packages/airflow/example_dags/example_params_trigger_ui.py
[2025-12-11T04:52:38.481+0000] {processor.py:830} INFO - Processing file /home/airflow/.local/lib/python3.9/site-packages/airflow/example_dags/example_params_trigger_ui.py for tasks to queue
[2025-12-11T04:52:38.484+0000] {logging_mixin.py:188} INFO - [2025-12-11T04:52:38.484+0000] {dagbag.py:545} INFO - Filling up the DagBag from /home/airflow/.local/lib/python3.9/site-packages/airflow/example_dags/example_params_trigger_ui.py
[2025-12-11T04:52:38.523+0000] {processor.py:840} INFO - DAG(s) 'example_params_trigger_ui' retrieved from /home/airflow/.local/lib/python3.9/site-packages/airflow/example_dags/example_params_trigger_ui.py
[2025-12-11T04:52:38.628+0000] {logging_mixin.py:188} INFO - [2025-12-11T04:52:38.627+0000] {dag.py:3096} INFO - Sync 1 DAGs
[2025-12-11T04:52:38.648+0000] {logging_mixin.py:188} INFO - [2025-12-11T04:52:38.648+0000] {dag.py:3954} INFO - Setting next_dagrun for example_params_trigger_ui to None, run_after=None
[2025-12-11T04:52:38.686+0000] {processor.py:183} INFO - Processing /home/airflow/.local/lib/python3.9/site-packages/airflow/example_dags/example_params_trigger_ui.py took 0.236 seconds
