[2025-12-11T04:19:07.040+0000] {processor.py:161} INFO - Started process (PID=140) to work on /home/airflow/.local/lib/python3.9/site-packages/airflow/example_dags/example_bash_decorator.py
[2025-12-11T04:19:07.051+0000] {processor.py:830} INFO - Processing file /home/airflow/.local/lib/python3.9/site-packages/airflow/example_dags/example_bash_decorator.py for tasks to queue
[2025-12-11T04:19:07.077+0000] {logging_mixin.py:188} INFO - [2025-12-11T04:19:07.062+0000] {dagbag.py:545} INFO - Filling up the DagBag from /home/airflow/.local/lib/python3.9/site-packages/airflow/example_dags/example_bash_decorator.py
[2025-12-11T04:19:07.132+0000] {processor.py:840} INFO - DAG(s) 'example_bash_decorator' retrieved from /home/airflow/.local/lib/python3.9/site-packages/airflow/example_dags/example_bash_decorator.py
[2025-12-11T04:19:07.680+0000] {logging_mixin.py:188} INFO - [2025-12-11T04:19:07.679+0000] {dag.py:3096} INFO - Sync 1 DAGs
[2025-12-11T04:19:07.749+0000] {logging_mixin.py:188} INFO - [2025-12-11T04:19:07.742+0000] {dag.py:3954} INFO - Setting next_dagrun for example_bash_decorator to None, run_after=None
[2025-12-11T04:19:08.000+0000] {processor.py:183} INFO - Processing /home/airflow/.local/lib/python3.9/site-packages/airflow/example_dags/example_bash_decorator.py took 1.002 seconds
[2025-12-11T04:19:38.858+0000] {processor.py:161} INFO - Started process (PID=199) to work on /home/airflow/.local/lib/python3.9/site-packages/airflow/example_dags/example_bash_decorator.py
[2025-12-11T04:19:38.864+0000] {processor.py:830} INFO - Processing file /home/airflow/.local/lib/python3.9/site-packages/airflow/example_dags/example_bash_decorator.py for tasks to queue
[2025-12-11T04:19:38.867+0000] {logging_mixin.py:188} INFO - [2025-12-11T04:19:38.867+0000] {dagbag.py:545} INFO - Filling up the DagBag from /home/airflow/.local/lib/python3.9/site-packages/airflow/example_dags/example_bash_decorator.py
[2025-12-11T04:19:38.899+0000] {processor.py:840} INFO - DAG(s) 'example_bash_decorator' retrieved from /home/airflow/.local/lib/python3.9/site-packages/airflow/example_dags/example_bash_decorator.py
[2025-12-11T04:19:38.966+0000] {logging_mixin.py:188} INFO - [2025-12-11T04:19:38.966+0000] {dag.py:3096} INFO - Sync 1 DAGs
[2025-12-11T04:19:38.998+0000] {logging_mixin.py:188} INFO - [2025-12-11T04:19:38.998+0000] {dag.py:3954} INFO - Setting next_dagrun for example_bash_decorator to None, run_after=None
[2025-12-11T04:19:39.063+0000] {processor.py:183} INFO - Processing /home/airflow/.local/lib/python3.9/site-packages/airflow/example_dags/example_bash_decorator.py took 0.224 seconds
[2025-12-11T04:20:09.848+0000] {processor.py:161} INFO - Started process (PID=265) to work on /home/airflow/.local/lib/python3.9/site-packages/airflow/example_dags/example_bash_decorator.py
[2025-12-11T04:20:09.850+0000] {processor.py:830} INFO - Processing file /home/airflow/.local/lib/python3.9/site-packages/airflow/example_dags/example_bash_decorator.py for tasks to queue
[2025-12-11T04:20:09.853+0000] {logging_mixin.py:188} INFO - [2025-12-11T04:20:09.853+0000] {dagbag.py:545} INFO - Filling up the DagBag from /home/airflow/.local/lib/python3.9/site-packages/airflow/example_dags/example_bash_decorator.py
[2025-12-11T04:20:09.880+0000] {processor.py:840} INFO - DAG(s) 'example_bash_decorator' retrieved from /home/airflow/.local/lib/python3.9/site-packages/airflow/example_dags/example_bash_decorator.py
[2025-12-11T04:20:09.933+0000] {logging_mixin.py:188} INFO - [2025-12-11T04:20:09.933+0000] {dag.py:3096} INFO - Sync 1 DAGs
[2025-12-11T04:20:09.954+0000] {logging_mixin.py:188} INFO - [2025-12-11T04:20:09.953+0000] {dag.py:3954} INFO - Setting next_dagrun for example_bash_decorator to None, run_after=None
[2025-12-11T04:20:09.981+0000] {processor.py:183} INFO - Processing /home/airflow/.local/lib/python3.9/site-packages/airflow/example_dags/example_bash_decorator.py took 0.143 seconds
[2025-12-11T04:20:40.862+0000] {processor.py:161} INFO - Started process (PID=331) to work on /home/airflow/.local/lib/python3.9/site-packages/airflow/example_dags/example_bash_decorator.py
[2025-12-11T04:20:40.863+0000] {processor.py:830} INFO - Processing file /home/airflow/.local/lib/python3.9/site-packages/airflow/example_dags/example_bash_decorator.py for tasks to queue
[2025-12-11T04:20:40.866+0000] {logging_mixin.py:188} INFO - [2025-12-11T04:20:40.866+0000] {dagbag.py:545} INFO - Filling up the DagBag from /home/airflow/.local/lib/python3.9/site-packages/airflow/example_dags/example_bash_decorator.py
[2025-12-11T04:20:40.904+0000] {processor.py:840} INFO - DAG(s) 'example_bash_decorator' retrieved from /home/airflow/.local/lib/python3.9/site-packages/airflow/example_dags/example_bash_decorator.py
[2025-12-11T04:20:40.978+0000] {logging_mixin.py:188} INFO - [2025-12-11T04:20:40.977+0000] {dag.py:3096} INFO - Sync 1 DAGs
[2025-12-11T04:20:41.005+0000] {logging_mixin.py:188} INFO - [2025-12-11T04:20:41.004+0000] {dag.py:3954} INFO - Setting next_dagrun for example_bash_decorator to None, run_after=None
[2025-12-11T04:20:41.049+0000] {processor.py:183} INFO - Processing /home/airflow/.local/lib/python3.9/site-packages/airflow/example_dags/example_bash_decorator.py took 0.204 seconds
[2025-12-11T04:21:11.342+0000] {processor.py:161} INFO - Started process (PID=397) to work on /home/airflow/.local/lib/python3.9/site-packages/airflow/example_dags/example_bash_decorator.py
[2025-12-11T04:21:11.354+0000] {processor.py:830} INFO - Processing file /home/airflow/.local/lib/python3.9/site-packages/airflow/example_dags/example_bash_decorator.py for tasks to queue
[2025-12-11T04:21:11.359+0000] {logging_mixin.py:188} INFO - [2025-12-11T04:21:11.359+0000] {dagbag.py:545} INFO - Filling up the DagBag from /home/airflow/.local/lib/python3.9/site-packages/airflow/example_dags/example_bash_decorator.py
[2025-12-11T04:21:11.397+0000] {processor.py:840} INFO - DAG(s) 'example_bash_decorator' retrieved from /home/airflow/.local/lib/python3.9/site-packages/airflow/example_dags/example_bash_decorator.py
[2025-12-11T04:21:11.478+0000] {logging_mixin.py:188} INFO - [2025-12-11T04:21:11.477+0000] {dag.py:3096} INFO - Sync 1 DAGs
[2025-12-11T04:21:11.518+0000] {logging_mixin.py:188} INFO - [2025-12-11T04:21:11.518+0000] {dag.py:3954} INFO - Setting next_dagrun for example_bash_decorator to None, run_after=None
[2025-12-11T04:21:12.013+0000] {processor.py:183} INFO - Processing /home/airflow/.local/lib/python3.9/site-packages/airflow/example_dags/example_bash_decorator.py took 0.683 seconds
[2025-12-11T04:21:42.783+0000] {processor.py:161} INFO - Started process (PID=462) to work on /home/airflow/.local/lib/python3.9/site-packages/airflow/example_dags/example_bash_decorator.py
[2025-12-11T04:21:42.785+0000] {processor.py:830} INFO - Processing file /home/airflow/.local/lib/python3.9/site-packages/airflow/example_dags/example_bash_decorator.py for tasks to queue
[2025-12-11T04:21:42.788+0000] {logging_mixin.py:188} INFO - [2025-12-11T04:21:42.788+0000] {dagbag.py:545} INFO - Filling up the DagBag from /home/airflow/.local/lib/python3.9/site-packages/airflow/example_dags/example_bash_decorator.py
[2025-12-11T04:21:42.809+0000] {processor.py:840} INFO - DAG(s) 'example_bash_decorator' retrieved from /home/airflow/.local/lib/python3.9/site-packages/airflow/example_dags/example_bash_decorator.py
[2025-12-11T04:21:42.868+0000] {logging_mixin.py:188} INFO - [2025-12-11T04:21:42.868+0000] {dag.py:3096} INFO - Sync 1 DAGs
[2025-12-11T04:21:42.898+0000] {logging_mixin.py:188} INFO - [2025-12-11T04:21:42.898+0000] {dag.py:3954} INFO - Setting next_dagrun for example_bash_decorator to None, run_after=None
[2025-12-11T04:21:42.930+0000] {processor.py:183} INFO - Processing /home/airflow/.local/lib/python3.9/site-packages/airflow/example_dags/example_bash_decorator.py took 0.158 seconds
[2025-12-11T04:22:13.131+0000] {processor.py:161} INFO - Started process (PID=528) to work on /home/airflow/.local/lib/python3.9/site-packages/airflow/example_dags/example_bash_decorator.py
[2025-12-11T04:22:13.149+0000] {processor.py:830} INFO - Processing file /home/airflow/.local/lib/python3.9/site-packages/airflow/example_dags/example_bash_decorator.py for tasks to queue
[2025-12-11T04:22:13.152+0000] {logging_mixin.py:188} INFO - [2025-12-11T04:22:13.151+0000] {dagbag.py:545} INFO - Filling up the DagBag from /home/airflow/.local/lib/python3.9/site-packages/airflow/example_dags/example_bash_decorator.py
[2025-12-11T04:22:13.171+0000] {processor.py:840} INFO - DAG(s) 'example_bash_decorator' retrieved from /home/airflow/.local/lib/python3.9/site-packages/airflow/example_dags/example_bash_decorator.py
[2025-12-11T04:22:13.211+0000] {logging_mixin.py:188} INFO - [2025-12-11T04:22:13.210+0000] {dag.py:3096} INFO - Sync 1 DAGs
[2025-12-11T04:22:13.231+0000] {logging_mixin.py:188} INFO - [2025-12-11T04:22:13.231+0000] {dag.py:3954} INFO - Setting next_dagrun for example_bash_decorator to None, run_after=None
[2025-12-11T04:22:13.419+0000] {processor.py:183} INFO - Processing /home/airflow/.local/lib/python3.9/site-packages/airflow/example_dags/example_bash_decorator.py took 0.299 seconds
[2025-12-11T04:22:43.883+0000] {processor.py:161} INFO - Started process (PID=594) to work on /home/airflow/.local/lib/python3.9/site-packages/airflow/example_dags/example_bash_decorator.py
[2025-12-11T04:22:43.885+0000] {processor.py:830} INFO - Processing file /home/airflow/.local/lib/python3.9/site-packages/airflow/example_dags/example_bash_decorator.py for tasks to queue
[2025-12-11T04:22:43.888+0000] {logging_mixin.py:188} INFO - [2025-12-11T04:22:43.888+0000] {dagbag.py:545} INFO - Filling up the DagBag from /home/airflow/.local/lib/python3.9/site-packages/airflow/example_dags/example_bash_decorator.py
[2025-12-11T04:22:43.925+0000] {processor.py:840} INFO - DAG(s) 'example_bash_decorator' retrieved from /home/airflow/.local/lib/python3.9/site-packages/airflow/example_dags/example_bash_decorator.py
[2025-12-11T04:22:43.977+0000] {logging_mixin.py:188} INFO - [2025-12-11T04:22:43.976+0000] {dag.py:3096} INFO - Sync 1 DAGs
[2025-12-11T04:22:44.001+0000] {logging_mixin.py:188} INFO - [2025-12-11T04:22:44.001+0000] {dag.py:3954} INFO - Setting next_dagrun for example_bash_decorator to None, run_after=None
[2025-12-11T04:22:44.080+0000] {processor.py:183} INFO - Processing /home/airflow/.local/lib/python3.9/site-packages/airflow/example_dags/example_bash_decorator.py took 0.206 seconds
[2025-12-11T04:23:14.649+0000] {processor.py:161} INFO - Started process (PID=660) to work on /home/airflow/.local/lib/python3.9/site-packages/airflow/example_dags/example_bash_decorator.py
[2025-12-11T04:23:14.663+0000] {processor.py:830} INFO - Processing file /home/airflow/.local/lib/python3.9/site-packages/airflow/example_dags/example_bash_decorator.py for tasks to queue
[2025-12-11T04:23:14.666+0000] {logging_mixin.py:188} INFO - [2025-12-11T04:23:14.666+0000] {dagbag.py:545} INFO - Filling up the DagBag from /home/airflow/.local/lib/python3.9/site-packages/airflow/example_dags/example_bash_decorator.py
[2025-12-11T04:23:14.701+0000] {processor.py:840} INFO - DAG(s) 'example_bash_decorator' retrieved from /home/airflow/.local/lib/python3.9/site-packages/airflow/example_dags/example_bash_decorator.py
[2025-12-11T04:23:14.773+0000] {logging_mixin.py:188} INFO - [2025-12-11T04:23:14.772+0000] {dag.py:3096} INFO - Sync 1 DAGs
[2025-12-11T04:23:14.818+0000] {logging_mixin.py:188} INFO - [2025-12-11T04:23:14.818+0000] {dag.py:3954} INFO - Setting next_dagrun for example_bash_decorator to None, run_after=None
[2025-12-11T04:23:15.162+0000] {processor.py:183} INFO - Processing /home/airflow/.local/lib/python3.9/site-packages/airflow/example_dags/example_bash_decorator.py took 0.524 seconds
[2025-12-11T04:23:46.082+0000] {processor.py:161} INFO - Started process (PID=726) to work on /home/airflow/.local/lib/python3.9/site-packages/airflow/example_dags/example_bash_decorator.py
[2025-12-11T04:23:46.084+0000] {processor.py:830} INFO - Processing file /home/airflow/.local/lib/python3.9/site-packages/airflow/example_dags/example_bash_decorator.py for tasks to queue
[2025-12-11T04:23:46.087+0000] {logging_mixin.py:188} INFO - [2025-12-11T04:23:46.086+0000] {dagbag.py:545} INFO - Filling up the DagBag from /home/airflow/.local/lib/python3.9/site-packages/airflow/example_dags/example_bash_decorator.py
[2025-12-11T04:23:46.123+0000] {processor.py:840} INFO - DAG(s) 'example_bash_decorator' retrieved from /home/airflow/.local/lib/python3.9/site-packages/airflow/example_dags/example_bash_decorator.py
[2025-12-11T04:23:46.205+0000] {logging_mixin.py:188} INFO - [2025-12-11T04:23:46.204+0000] {dag.py:3096} INFO - Sync 1 DAGs
[2025-12-11T04:23:46.262+0000] {logging_mixin.py:188} INFO - [2025-12-11T04:23:46.261+0000] {dag.py:3954} INFO - Setting next_dagrun for example_bash_decorator to None, run_after=None
[2025-12-11T04:23:46.358+0000] {processor.py:183} INFO - Processing /home/airflow/.local/lib/python3.9/site-packages/airflow/example_dags/example_bash_decorator.py took 0.286 seconds
[2025-12-11T04:24:17.255+0000] {processor.py:161} INFO - Started process (PID=792) to work on /home/airflow/.local/lib/python3.9/site-packages/airflow/example_dags/example_bash_decorator.py
[2025-12-11T04:24:17.258+0000] {processor.py:830} INFO - Processing file /home/airflow/.local/lib/python3.9/site-packages/airflow/example_dags/example_bash_decorator.py for tasks to queue
[2025-12-11T04:24:17.261+0000] {logging_mixin.py:188} INFO - [2025-12-11T04:24:17.260+0000] {dagbag.py:545} INFO - Filling up the DagBag from /home/airflow/.local/lib/python3.9/site-packages/airflow/example_dags/example_bash_decorator.py
[2025-12-11T04:24:17.287+0000] {processor.py:840} INFO - DAG(s) 'example_bash_decorator' retrieved from /home/airflow/.local/lib/python3.9/site-packages/airflow/example_dags/example_bash_decorator.py
[2025-12-11T04:24:17.344+0000] {logging_mixin.py:188} INFO - [2025-12-11T04:24:17.344+0000] {dag.py:3096} INFO - Sync 1 DAGs
[2025-12-11T04:24:17.382+0000] {logging_mixin.py:188} INFO - [2025-12-11T04:24:17.382+0000] {dag.py:3954} INFO - Setting next_dagrun for example_bash_decorator to None, run_after=None
[2025-12-11T04:24:17.511+0000] {processor.py:183} INFO - Processing /home/airflow/.local/lib/python3.9/site-packages/airflow/example_dags/example_bash_decorator.py took 0.269 seconds
[2025-12-11T04:24:47.683+0000] {processor.py:161} INFO - Started process (PID=865) to work on /home/airflow/.local/lib/python3.9/site-packages/airflow/example_dags/example_bash_decorator.py
[2025-12-11T04:24:47.764+0000] {processor.py:830} INFO - Processing file /home/airflow/.local/lib/python3.9/site-packages/airflow/example_dags/example_bash_decorator.py for tasks to queue
[2025-12-11T04:24:47.767+0000] {logging_mixin.py:188} INFO - [2025-12-11T04:24:47.767+0000] {dagbag.py:545} INFO - Filling up the DagBag from /home/airflow/.local/lib/python3.9/site-packages/airflow/example_dags/example_bash_decorator.py
[2025-12-11T04:24:47.821+0000] {processor.py:840} INFO - DAG(s) 'example_bash_decorator' retrieved from /home/airflow/.local/lib/python3.9/site-packages/airflow/example_dags/example_bash_decorator.py
[2025-12-11T04:24:47.940+0000] {logging_mixin.py:188} INFO - [2025-12-11T04:24:47.940+0000] {dag.py:3096} INFO - Sync 1 DAGs
[2025-12-11T04:24:48.004+0000] {logging_mixin.py:188} INFO - [2025-12-11T04:24:48.003+0000] {dag.py:3954} INFO - Setting next_dagrun for example_bash_decorator to None, run_after=None
[2025-12-11T04:24:48.082+0000] {processor.py:183} INFO - Processing /home/airflow/.local/lib/python3.9/site-packages/airflow/example_dags/example_bash_decorator.py took 0.420 seconds
[2025-12-11T04:25:18.159+0000] {processor.py:161} INFO - Started process (PID=930) to work on /home/airflow/.local/lib/python3.9/site-packages/airflow/example_dags/example_bash_decorator.py
[2025-12-11T04:25:18.207+0000] {processor.py:830} INFO - Processing file /home/airflow/.local/lib/python3.9/site-packages/airflow/example_dags/example_bash_decorator.py for tasks to queue
[2025-12-11T04:25:18.210+0000] {logging_mixin.py:188} INFO - [2025-12-11T04:25:18.210+0000] {dagbag.py:545} INFO - Filling up the DagBag from /home/airflow/.local/lib/python3.9/site-packages/airflow/example_dags/example_bash_decorator.py
[2025-12-11T04:25:18.234+0000] {processor.py:840} INFO - DAG(s) 'example_bash_decorator' retrieved from /home/airflow/.local/lib/python3.9/site-packages/airflow/example_dags/example_bash_decorator.py
[2025-12-11T04:25:18.321+0000] {logging_mixin.py:188} INFO - [2025-12-11T04:25:18.320+0000] {dag.py:3096} INFO - Sync 1 DAGs
[2025-12-11T04:25:18.366+0000] {logging_mixin.py:188} INFO - [2025-12-11T04:25:18.366+0000] {dag.py:3954} INFO - Setting next_dagrun for example_bash_decorator to None, run_after=None
[2025-12-11T04:25:18.421+0000] {processor.py:183} INFO - Processing /home/airflow/.local/lib/python3.9/site-packages/airflow/example_dags/example_bash_decorator.py took 0.272 seconds
[2025-12-11T04:25:48.501+0000] {processor.py:161} INFO - Started process (PID=996) to work on /home/airflow/.local/lib/python3.9/site-packages/airflow/example_dags/example_bash_decorator.py
[2025-12-11T04:25:48.586+0000] {processor.py:830} INFO - Processing file /home/airflow/.local/lib/python3.9/site-packages/airflow/example_dags/example_bash_decorator.py for tasks to queue
[2025-12-11T04:25:48.589+0000] {logging_mixin.py:188} INFO - [2025-12-11T04:25:48.588+0000] {dagbag.py:545} INFO - Filling up the DagBag from /home/airflow/.local/lib/python3.9/site-packages/airflow/example_dags/example_bash_decorator.py
[2025-12-11T04:25:48.609+0000] {processor.py:840} INFO - DAG(s) 'example_bash_decorator' retrieved from /home/airflow/.local/lib/python3.9/site-packages/airflow/example_dags/example_bash_decorator.py
[2025-12-11T04:25:48.649+0000] {logging_mixin.py:188} INFO - [2025-12-11T04:25:48.648+0000] {dag.py:3096} INFO - Sync 1 DAGs
[2025-12-11T04:25:48.668+0000] {logging_mixin.py:188} INFO - [2025-12-11T04:25:48.668+0000] {dag.py:3954} INFO - Setting next_dagrun for example_bash_decorator to None, run_after=None
[2025-12-11T04:25:49.067+0000] {processor.py:183} INFO - Processing /home/airflow/.local/lib/python3.9/site-packages/airflow/example_dags/example_bash_decorator.py took 0.583 seconds
[2025-12-11T04:26:19.760+0000] {processor.py:161} INFO - Started process (PID=1062) to work on /home/airflow/.local/lib/python3.9/site-packages/airflow/example_dags/example_bash_decorator.py
[2025-12-11T04:26:19.767+0000] {processor.py:830} INFO - Processing file /home/airflow/.local/lib/python3.9/site-packages/airflow/example_dags/example_bash_decorator.py for tasks to queue
[2025-12-11T04:26:19.779+0000] {logging_mixin.py:188} INFO - [2025-12-11T04:26:19.778+0000] {dagbag.py:545} INFO - Filling up the DagBag from /home/airflow/.local/lib/python3.9/site-packages/airflow/example_dags/example_bash_decorator.py
[2025-12-11T04:26:19.838+0000] {processor.py:840} INFO - DAG(s) 'example_bash_decorator' retrieved from /home/airflow/.local/lib/python3.9/site-packages/airflow/example_dags/example_bash_decorator.py
[2025-12-11T04:26:19.949+0000] {logging_mixin.py:188} INFO - [2025-12-11T04:26:19.949+0000] {dag.py:3096} INFO - Sync 1 DAGs
[2025-12-11T04:26:20.000+0000] {logging_mixin.py:188} INFO - [2025-12-11T04:26:19.999+0000] {dag.py:3954} INFO - Setting next_dagrun for example_bash_decorator to None, run_after=None
[2025-12-11T04:26:20.083+0000] {processor.py:183} INFO - Processing /home/airflow/.local/lib/python3.9/site-packages/airflow/example_dags/example_bash_decorator.py took 0.341 seconds
[2025-12-11T04:26:50.500+0000] {processor.py:161} INFO - Started process (PID=1128) to work on /home/airflow/.local/lib/python3.9/site-packages/airflow/example_dags/example_bash_decorator.py
[2025-12-11T04:26:50.508+0000] {processor.py:830} INFO - Processing file /home/airflow/.local/lib/python3.9/site-packages/airflow/example_dags/example_bash_decorator.py for tasks to queue
[2025-12-11T04:26:50.519+0000] {logging_mixin.py:188} INFO - [2025-12-11T04:26:50.518+0000] {dagbag.py:545} INFO - Filling up the DagBag from /home/airflow/.local/lib/python3.9/site-packages/airflow/example_dags/example_bash_decorator.py
[2025-12-11T04:26:50.543+0000] {processor.py:840} INFO - DAG(s) 'example_bash_decorator' retrieved from /home/airflow/.local/lib/python3.9/site-packages/airflow/example_dags/example_bash_decorator.py
[2025-12-11T04:26:50.586+0000] {logging_mixin.py:188} INFO - [2025-12-11T04:26:50.585+0000] {dag.py:3096} INFO - Sync 1 DAGs
[2025-12-11T04:26:50.618+0000] {logging_mixin.py:188} INFO - [2025-12-11T04:26:50.618+0000] {dag.py:3954} INFO - Setting next_dagrun for example_bash_decorator to None, run_after=None
[2025-12-11T04:26:50.665+0000] {processor.py:183} INFO - Processing /home/airflow/.local/lib/python3.9/site-packages/airflow/example_dags/example_bash_decorator.py took 0.183 seconds
[2025-12-11T04:27:21.181+0000] {processor.py:161} INFO - Started process (PID=1194) to work on /home/airflow/.local/lib/python3.9/site-packages/airflow/example_dags/example_bash_decorator.py
[2025-12-11T04:27:21.183+0000] {processor.py:830} INFO - Processing file /home/airflow/.local/lib/python3.9/site-packages/airflow/example_dags/example_bash_decorator.py for tasks to queue
[2025-12-11T04:27:21.185+0000] {logging_mixin.py:188} INFO - [2025-12-11T04:27:21.185+0000] {dagbag.py:545} INFO - Filling up the DagBag from /home/airflow/.local/lib/python3.9/site-packages/airflow/example_dags/example_bash_decorator.py
[2025-12-11T04:27:21.221+0000] {processor.py:840} INFO - DAG(s) 'example_bash_decorator' retrieved from /home/airflow/.local/lib/python3.9/site-packages/airflow/example_dags/example_bash_decorator.py
[2025-12-11T04:27:21.269+0000] {logging_mixin.py:188} INFO - [2025-12-11T04:27:21.268+0000] {dag.py:3096} INFO - Sync 1 DAGs
[2025-12-11T04:27:21.294+0000] {logging_mixin.py:188} INFO - [2025-12-11T04:27:21.293+0000] {dag.py:3954} INFO - Setting next_dagrun for example_bash_decorator to None, run_after=None
[2025-12-11T04:27:21.323+0000] {processor.py:183} INFO - Processing /home/airflow/.local/lib/python3.9/site-packages/airflow/example_dags/example_bash_decorator.py took 0.156 seconds
[2025-12-11T04:27:51.879+0000] {processor.py:161} INFO - Started process (PID=1260) to work on /home/airflow/.local/lib/python3.9/site-packages/airflow/example_dags/example_bash_decorator.py
[2025-12-11T04:27:51.881+0000] {processor.py:830} INFO - Processing file /home/airflow/.local/lib/python3.9/site-packages/airflow/example_dags/example_bash_decorator.py for tasks to queue
[2025-12-11T04:27:51.884+0000] {logging_mixin.py:188} INFO - [2025-12-11T04:27:51.883+0000] {dagbag.py:545} INFO - Filling up the DagBag from /home/airflow/.local/lib/python3.9/site-packages/airflow/example_dags/example_bash_decorator.py
[2025-12-11T04:27:51.911+0000] {processor.py:840} INFO - DAG(s) 'example_bash_decorator' retrieved from /home/airflow/.local/lib/python3.9/site-packages/airflow/example_dags/example_bash_decorator.py
[2025-12-11T04:27:51.955+0000] {logging_mixin.py:188} INFO - [2025-12-11T04:27:51.954+0000] {dag.py:3096} INFO - Sync 1 DAGs
[2025-12-11T04:27:51.975+0000] {logging_mixin.py:188} INFO - [2025-12-11T04:27:51.974+0000] {dag.py:3954} INFO - Setting next_dagrun for example_bash_decorator to None, run_after=None
[2025-12-11T04:27:52.003+0000] {processor.py:183} INFO - Processing /home/airflow/.local/lib/python3.9/site-packages/airflow/example_dags/example_bash_decorator.py took 0.135 seconds
[2025-12-11T04:28:22.162+0000] {processor.py:161} INFO - Started process (PID=1326) to work on /home/airflow/.local/lib/python3.9/site-packages/airflow/example_dags/example_bash_decorator.py
[2025-12-11T04:28:22.186+0000] {processor.py:830} INFO - Processing file /home/airflow/.local/lib/python3.9/site-packages/airflow/example_dags/example_bash_decorator.py for tasks to queue
[2025-12-11T04:28:22.199+0000] {logging_mixin.py:188} INFO - [2025-12-11T04:28:22.198+0000] {dagbag.py:545} INFO - Filling up the DagBag from /home/airflow/.local/lib/python3.9/site-packages/airflow/example_dags/example_bash_decorator.py
[2025-12-11T04:28:22.260+0000] {processor.py:840} INFO - DAG(s) 'example_bash_decorator' retrieved from /home/airflow/.local/lib/python3.9/site-packages/airflow/example_dags/example_bash_decorator.py
[2025-12-11T04:28:22.359+0000] {logging_mixin.py:188} INFO - [2025-12-11T04:28:22.359+0000] {dag.py:3096} INFO - Sync 1 DAGs
[2025-12-11T04:28:22.405+0000] {logging_mixin.py:188} INFO - [2025-12-11T04:28:22.404+0000] {dag.py:3954} INFO - Setting next_dagrun for example_bash_decorator to None, run_after=None
[2025-12-11T04:28:22.701+0000] {processor.py:183} INFO - Processing /home/airflow/.local/lib/python3.9/site-packages/airflow/example_dags/example_bash_decorator.py took 0.575 seconds
[2025-12-11T04:28:53.424+0000] {processor.py:161} INFO - Started process (PID=1392) to work on /home/airflow/.local/lib/python3.9/site-packages/airflow/example_dags/example_bash_decorator.py
[2025-12-11T04:28:53.426+0000] {processor.py:830} INFO - Processing file /home/airflow/.local/lib/python3.9/site-packages/airflow/example_dags/example_bash_decorator.py for tasks to queue
[2025-12-11T04:28:53.429+0000] {logging_mixin.py:188} INFO - [2025-12-11T04:28:53.428+0000] {dagbag.py:545} INFO - Filling up the DagBag from /home/airflow/.local/lib/python3.9/site-packages/airflow/example_dags/example_bash_decorator.py
[2025-12-11T04:28:53.464+0000] {processor.py:840} INFO - DAG(s) 'example_bash_decorator' retrieved from /home/airflow/.local/lib/python3.9/site-packages/airflow/example_dags/example_bash_decorator.py
[2025-12-11T04:28:53.526+0000] {logging_mixin.py:188} INFO - [2025-12-11T04:28:53.526+0000] {dag.py:3096} INFO - Sync 1 DAGs
[2025-12-11T04:28:53.558+0000] {logging_mixin.py:188} INFO - [2025-12-11T04:28:53.557+0000] {dag.py:3954} INFO - Setting next_dagrun for example_bash_decorator to None, run_after=None
[2025-12-11T04:28:53.599+0000] {processor.py:183} INFO - Processing /home/airflow/.local/lib/python3.9/site-packages/airflow/example_dags/example_bash_decorator.py took 0.185 seconds
[2025-12-11T04:29:24.457+0000] {processor.py:161} INFO - Started process (PID=1458) to work on /home/airflow/.local/lib/python3.9/site-packages/airflow/example_dags/example_bash_decorator.py
[2025-12-11T04:29:24.459+0000] {processor.py:830} INFO - Processing file /home/airflow/.local/lib/python3.9/site-packages/airflow/example_dags/example_bash_decorator.py for tasks to queue
[2025-12-11T04:29:24.463+0000] {logging_mixin.py:188} INFO - [2025-12-11T04:29:24.463+0000] {dagbag.py:545} INFO - Filling up the DagBag from /home/airflow/.local/lib/python3.9/site-packages/airflow/example_dags/example_bash_decorator.py
[2025-12-11T04:29:24.520+0000] {processor.py:840} INFO - DAG(s) 'example_bash_decorator' retrieved from /home/airflow/.local/lib/python3.9/site-packages/airflow/example_dags/example_bash_decorator.py
[2025-12-11T04:29:24.597+0000] {logging_mixin.py:188} INFO - [2025-12-11T04:29:24.590+0000] {dag.py:3096} INFO - Sync 1 DAGs
[2025-12-11T04:29:24.627+0000] {logging_mixin.py:188} INFO - [2025-12-11T04:29:24.627+0000] {dag.py:3954} INFO - Setting next_dagrun for example_bash_decorator to None, run_after=None
[2025-12-11T04:29:24.679+0000] {processor.py:183} INFO - Processing /home/airflow/.local/lib/python3.9/site-packages/airflow/example_dags/example_bash_decorator.py took 0.238 seconds
[2025-12-11T04:29:55.342+0000] {processor.py:161} INFO - Started process (PID=1524) to work on /home/airflow/.local/lib/python3.9/site-packages/airflow/example_dags/example_bash_decorator.py
[2025-12-11T04:29:55.357+0000] {processor.py:830} INFO - Processing file /home/airflow/.local/lib/python3.9/site-packages/airflow/example_dags/example_bash_decorator.py for tasks to queue
[2025-12-11T04:29:55.361+0000] {logging_mixin.py:188} INFO - [2025-12-11T04:29:55.360+0000] {dagbag.py:545} INFO - Filling up the DagBag from /home/airflow/.local/lib/python3.9/site-packages/airflow/example_dags/example_bash_decorator.py
[2025-12-11T04:29:55.404+0000] {processor.py:840} INFO - DAG(s) 'example_bash_decorator' retrieved from /home/airflow/.local/lib/python3.9/site-packages/airflow/example_dags/example_bash_decorator.py
[2025-12-11T04:29:55.480+0000] {logging_mixin.py:188} INFO - [2025-12-11T04:29:55.480+0000] {dag.py:3096} INFO - Sync 1 DAGs
[2025-12-11T04:29:55.522+0000] {logging_mixin.py:188} INFO - [2025-12-11T04:29:55.521+0000] {dag.py:3954} INFO - Setting next_dagrun for example_bash_decorator to None, run_after=None
[2025-12-11T04:29:55.550+0000] {processor.py:183} INFO - Processing /home/airflow/.local/lib/python3.9/site-packages/airflow/example_dags/example_bash_decorator.py took 0.229 seconds
[2025-12-11T04:30:25.708+0000] {processor.py:161} INFO - Started process (PID=1590) to work on /home/airflow/.local/lib/python3.9/site-packages/airflow/example_dags/example_bash_decorator.py
[2025-12-11T04:30:25.719+0000] {processor.py:830} INFO - Processing file /home/airflow/.local/lib/python3.9/site-packages/airflow/example_dags/example_bash_decorator.py for tasks to queue
[2025-12-11T04:30:25.722+0000] {logging_mixin.py:188} INFO - [2025-12-11T04:30:25.722+0000] {dagbag.py:545} INFO - Filling up the DagBag from /home/airflow/.local/lib/python3.9/site-packages/airflow/example_dags/example_bash_decorator.py
[2025-12-11T04:30:25.781+0000] {processor.py:840} INFO - DAG(s) 'example_bash_decorator' retrieved from /home/airflow/.local/lib/python3.9/site-packages/airflow/example_dags/example_bash_decorator.py
[2025-12-11T04:30:25.885+0000] {logging_mixin.py:188} INFO - [2025-12-11T04:30:25.884+0000] {dag.py:3096} INFO - Sync 1 DAGs
[2025-12-11T04:30:25.939+0000] {logging_mixin.py:188} INFO - [2025-12-11T04:30:25.938+0000] {dag.py:3954} INFO - Setting next_dagrun for example_bash_decorator to None, run_after=None
[2025-12-11T04:30:26.003+0000] {processor.py:183} INFO - Processing /home/airflow/.local/lib/python3.9/site-packages/airflow/example_dags/example_bash_decorator.py took 0.305 seconds
[2025-12-11T04:30:56.162+0000] {processor.py:161} INFO - Started process (PID=1655) to work on /home/airflow/.local/lib/python3.9/site-packages/airflow/example_dags/example_bash_decorator.py
[2025-12-11T04:30:56.174+0000] {processor.py:830} INFO - Processing file /home/airflow/.local/lib/python3.9/site-packages/airflow/example_dags/example_bash_decorator.py for tasks to queue
[2025-12-11T04:30:56.179+0000] {logging_mixin.py:188} INFO - [2025-12-11T04:30:56.179+0000] {dagbag.py:545} INFO - Filling up the DagBag from /home/airflow/.local/lib/python3.9/site-packages/airflow/example_dags/example_bash_decorator.py
[2025-12-11T04:30:56.210+0000] {processor.py:840} INFO - DAG(s) 'example_bash_decorator' retrieved from /home/airflow/.local/lib/python3.9/site-packages/airflow/example_dags/example_bash_decorator.py
[2025-12-11T04:30:56.263+0000] {logging_mixin.py:188} INFO - [2025-12-11T04:30:56.263+0000] {dag.py:3096} INFO - Sync 1 DAGs
[2025-12-11T04:30:56.298+0000] {logging_mixin.py:188} INFO - [2025-12-11T04:30:56.298+0000] {dag.py:3954} INFO - Setting next_dagrun for example_bash_decorator to None, run_after=None
[2025-12-11T04:30:56.463+0000] {processor.py:183} INFO - Processing /home/airflow/.local/lib/python3.9/site-packages/airflow/example_dags/example_bash_decorator.py took 0.317 seconds
[2025-12-11T04:31:26.984+0000] {processor.py:161} INFO - Started process (PID=1721) to work on /home/airflow/.local/lib/python3.9/site-packages/airflow/example_dags/example_bash_decorator.py
[2025-12-11T04:31:26.985+0000] {processor.py:830} INFO - Processing file /home/airflow/.local/lib/python3.9/site-packages/airflow/example_dags/example_bash_decorator.py for tasks to queue
[2025-12-11T04:31:26.988+0000] {logging_mixin.py:188} INFO - [2025-12-11T04:31:26.987+0000] {dagbag.py:545} INFO - Filling up the DagBag from /home/airflow/.local/lib/python3.9/site-packages/airflow/example_dags/example_bash_decorator.py
[2025-12-11T04:31:27.008+0000] {processor.py:840} INFO - DAG(s) 'example_bash_decorator' retrieved from /home/airflow/.local/lib/python3.9/site-packages/airflow/example_dags/example_bash_decorator.py
[2025-12-11T04:31:27.052+0000] {logging_mixin.py:188} INFO - [2025-12-11T04:31:27.051+0000] {dag.py:3096} INFO - Sync 1 DAGs
[2025-12-11T04:31:27.076+0000] {logging_mixin.py:188} INFO - [2025-12-11T04:31:27.075+0000] {dag.py:3954} INFO - Setting next_dagrun for example_bash_decorator to None, run_after=None
[2025-12-11T04:31:27.128+0000] {processor.py:183} INFO - Processing /home/airflow/.local/lib/python3.9/site-packages/airflow/example_dags/example_bash_decorator.py took 0.155 seconds
[2025-12-11T04:31:57.556+0000] {processor.py:161} INFO - Started process (PID=1787) to work on /home/airflow/.local/lib/python3.9/site-packages/airflow/example_dags/example_bash_decorator.py
[2025-12-11T04:31:57.563+0000] {processor.py:830} INFO - Processing file /home/airflow/.local/lib/python3.9/site-packages/airflow/example_dags/example_bash_decorator.py for tasks to queue
[2025-12-11T04:31:57.567+0000] {logging_mixin.py:188} INFO - [2025-12-11T04:31:57.566+0000] {dagbag.py:545} INFO - Filling up the DagBag from /home/airflow/.local/lib/python3.9/site-packages/airflow/example_dags/example_bash_decorator.py
[2025-12-11T04:31:57.586+0000] {processor.py:840} INFO - DAG(s) 'example_bash_decorator' retrieved from /home/airflow/.local/lib/python3.9/site-packages/airflow/example_dags/example_bash_decorator.py
[2025-12-11T04:31:57.631+0000] {logging_mixin.py:188} INFO - [2025-12-11T04:31:57.630+0000] {dag.py:3096} INFO - Sync 1 DAGs
[2025-12-11T04:31:57.653+0000] {logging_mixin.py:188} INFO - [2025-12-11T04:31:57.653+0000] {dag.py:3954} INFO - Setting next_dagrun for example_bash_decorator to None, run_after=None
[2025-12-11T04:31:57.698+0000] {processor.py:183} INFO - Processing /home/airflow/.local/lib/python3.9/site-packages/airflow/example_dags/example_bash_decorator.py took 0.152 seconds
[2025-12-11T04:32:27.852+0000] {processor.py:161} INFO - Started process (PID=1853) to work on /home/airflow/.local/lib/python3.9/site-packages/airflow/example_dags/example_bash_decorator.py
[2025-12-11T04:32:27.857+0000] {processor.py:830} INFO - Processing file /home/airflow/.local/lib/python3.9/site-packages/airflow/example_dags/example_bash_decorator.py for tasks to queue
[2025-12-11T04:32:27.860+0000] {logging_mixin.py:188} INFO - [2025-12-11T04:32:27.860+0000] {dagbag.py:545} INFO - Filling up the DagBag from /home/airflow/.local/lib/python3.9/site-packages/airflow/example_dags/example_bash_decorator.py
[2025-12-11T04:32:27.882+0000] {processor.py:840} INFO - DAG(s) 'example_bash_decorator' retrieved from /home/airflow/.local/lib/python3.9/site-packages/airflow/example_dags/example_bash_decorator.py
[2025-12-11T04:32:27.926+0000] {logging_mixin.py:188} INFO - [2025-12-11T04:32:27.926+0000] {dag.py:3096} INFO - Sync 1 DAGs
[2025-12-11T04:32:27.945+0000] {logging_mixin.py:188} INFO - [2025-12-11T04:32:27.944+0000] {dag.py:3954} INFO - Setting next_dagrun for example_bash_decorator to None, run_after=None
[2025-12-11T04:32:27.985+0000] {processor.py:183} INFO - Processing /home/airflow/.local/lib/python3.9/site-packages/airflow/example_dags/example_bash_decorator.py took 0.143 seconds
[2025-12-11T04:32:58.320+0000] {processor.py:161} INFO - Started process (PID=1919) to work on /home/airflow/.local/lib/python3.9/site-packages/airflow/example_dags/example_bash_decorator.py
[2025-12-11T04:32:58.401+0000] {processor.py:830} INFO - Processing file /home/airflow/.local/lib/python3.9/site-packages/airflow/example_dags/example_bash_decorator.py for tasks to queue
[2025-12-11T04:32:58.404+0000] {logging_mixin.py:188} INFO - [2025-12-11T04:32:58.404+0000] {dagbag.py:545} INFO - Filling up the DagBag from /home/airflow/.local/lib/python3.9/site-packages/airflow/example_dags/example_bash_decorator.py
[2025-12-11T04:32:58.423+0000] {processor.py:840} INFO - DAG(s) 'example_bash_decorator' retrieved from /home/airflow/.local/lib/python3.9/site-packages/airflow/example_dags/example_bash_decorator.py
[2025-12-11T04:32:58.466+0000] {logging_mixin.py:188} INFO - [2025-12-11T04:32:58.465+0000] {dag.py:3096} INFO - Sync 1 DAGs
[2025-12-11T04:32:58.489+0000] {logging_mixin.py:188} INFO - [2025-12-11T04:32:58.489+0000] {dag.py:3954} INFO - Setting next_dagrun for example_bash_decorator to None, run_after=None
[2025-12-11T04:32:58.569+0000] {processor.py:183} INFO - Processing /home/airflow/.local/lib/python3.9/site-packages/airflow/example_dags/example_bash_decorator.py took 0.260 seconds
[2025-12-11T04:33:28.866+0000] {processor.py:161} INFO - Started process (PID=1985) to work on /home/airflow/.local/lib/python3.9/site-packages/airflow/example_dags/example_bash_decorator.py
[2025-12-11T04:33:28.867+0000] {processor.py:830} INFO - Processing file /home/airflow/.local/lib/python3.9/site-packages/airflow/example_dags/example_bash_decorator.py for tasks to queue
[2025-12-11T04:33:28.870+0000] {logging_mixin.py:188} INFO - [2025-12-11T04:33:28.869+0000] {dagbag.py:545} INFO - Filling up the DagBag from /home/airflow/.local/lib/python3.9/site-packages/airflow/example_dags/example_bash_decorator.py
[2025-12-11T04:33:28.898+0000] {processor.py:840} INFO - DAG(s) 'example_bash_decorator' retrieved from /home/airflow/.local/lib/python3.9/site-packages/airflow/example_dags/example_bash_decorator.py
[2025-12-11T04:33:28.963+0000] {logging_mixin.py:188} INFO - [2025-12-11T04:33:28.962+0000] {dag.py:3096} INFO - Sync 1 DAGs
[2025-12-11T04:33:29.004+0000] {logging_mixin.py:188} INFO - [2025-12-11T04:33:29.003+0000] {dag.py:3954} INFO - Setting next_dagrun for example_bash_decorator to None, run_after=None
[2025-12-11T04:33:29.084+0000] {processor.py:183} INFO - Processing /home/airflow/.local/lib/python3.9/site-packages/airflow/example_dags/example_bash_decorator.py took 0.229 seconds
[2025-12-11T04:33:59.641+0000] {processor.py:161} INFO - Started process (PID=2053) to work on /home/airflow/.local/lib/python3.9/site-packages/airflow/example_dags/example_bash_decorator.py
[2025-12-11T04:33:59.643+0000] {processor.py:830} INFO - Processing file /home/airflow/.local/lib/python3.9/site-packages/airflow/example_dags/example_bash_decorator.py for tasks to queue
[2025-12-11T04:33:59.646+0000] {logging_mixin.py:188} INFO - [2025-12-11T04:33:59.645+0000] {dagbag.py:545} INFO - Filling up the DagBag from /home/airflow/.local/lib/python3.9/site-packages/airflow/example_dags/example_bash_decorator.py
[2025-12-11T04:33:59.682+0000] {processor.py:840} INFO - DAG(s) 'example_bash_decorator' retrieved from /home/airflow/.local/lib/python3.9/site-packages/airflow/example_dags/example_bash_decorator.py
[2025-12-11T04:33:59.743+0000] {logging_mixin.py:188} INFO - [2025-12-11T04:33:59.743+0000] {dag.py:3096} INFO - Sync 1 DAGs
[2025-12-11T04:33:59.767+0000] {logging_mixin.py:188} INFO - [2025-12-11T04:33:59.766+0000] {dag.py:3954} INFO - Setting next_dagrun for example_bash_decorator to None, run_after=None
[2025-12-11T04:33:59.804+0000] {processor.py:183} INFO - Processing /home/airflow/.local/lib/python3.9/site-packages/airflow/example_dags/example_bash_decorator.py took 0.177 seconds
[2025-12-11T04:34:30.022+0000] {processor.py:161} INFO - Started process (PID=2120) to work on /home/airflow/.local/lib/python3.9/site-packages/airflow/example_dags/example_bash_decorator.py
[2025-12-11T04:34:30.029+0000] {processor.py:830} INFO - Processing file /home/airflow/.local/lib/python3.9/site-packages/airflow/example_dags/example_bash_decorator.py for tasks to queue
[2025-12-11T04:34:30.039+0000] {logging_mixin.py:188} INFO - [2025-12-11T04:34:30.038+0000] {dagbag.py:545} INFO - Filling up the DagBag from /home/airflow/.local/lib/python3.9/site-packages/airflow/example_dags/example_bash_decorator.py
[2025-12-11T04:34:30.068+0000] {processor.py:840} INFO - DAG(s) 'example_bash_decorator' retrieved from /home/airflow/.local/lib/python3.9/site-packages/airflow/example_dags/example_bash_decorator.py
[2025-12-11T04:34:30.139+0000] {logging_mixin.py:188} INFO - [2025-12-11T04:34:30.139+0000] {dag.py:3096} INFO - Sync 1 DAGs
[2025-12-11T04:34:30.178+0000] {logging_mixin.py:188} INFO - [2025-12-11T04:34:30.177+0000] {dag.py:3954} INFO - Setting next_dagrun for example_bash_decorator to None, run_after=None
[2025-12-11T04:34:30.227+0000] {processor.py:183} INFO - Processing /home/airflow/.local/lib/python3.9/site-packages/airflow/example_dags/example_bash_decorator.py took 0.223 seconds
[2025-12-11T04:35:00.406+0000] {processor.py:161} INFO - Started process (PID=2185) to work on /home/airflow/.local/lib/python3.9/site-packages/airflow/example_dags/example_bash_decorator.py
[2025-12-11T04:35:00.409+0000] {processor.py:830} INFO - Processing file /home/airflow/.local/lib/python3.9/site-packages/airflow/example_dags/example_bash_decorator.py for tasks to queue
[2025-12-11T04:35:00.412+0000] {logging_mixin.py:188} INFO - [2025-12-11T04:35:00.411+0000] {dagbag.py:545} INFO - Filling up the DagBag from /home/airflow/.local/lib/python3.9/site-packages/airflow/example_dags/example_bash_decorator.py
[2025-12-11T04:35:00.437+0000] {processor.py:840} INFO - DAG(s) 'example_bash_decorator' retrieved from /home/airflow/.local/lib/python3.9/site-packages/airflow/example_dags/example_bash_decorator.py
[2025-12-11T04:35:00.482+0000] {logging_mixin.py:188} INFO - [2025-12-11T04:35:00.482+0000] {dag.py:3096} INFO - Sync 1 DAGs
[2025-12-11T04:35:00.506+0000] {logging_mixin.py:188} INFO - [2025-12-11T04:35:00.506+0000] {dag.py:3954} INFO - Setting next_dagrun for example_bash_decorator to None, run_after=None
[2025-12-11T04:35:00.540+0000] {processor.py:183} INFO - Processing /home/airflow/.local/lib/python3.9/site-packages/airflow/example_dags/example_bash_decorator.py took 0.145 seconds
[2025-12-11T04:35:31.214+0000] {processor.py:161} INFO - Started process (PID=2253) to work on /home/airflow/.local/lib/python3.9/site-packages/airflow/example_dags/example_bash_decorator.py
[2025-12-11T04:35:31.216+0000] {processor.py:830} INFO - Processing file /home/airflow/.local/lib/python3.9/site-packages/airflow/example_dags/example_bash_decorator.py for tasks to queue
[2025-12-11T04:35:31.219+0000] {logging_mixin.py:188} INFO - [2025-12-11T04:35:31.218+0000] {dagbag.py:545} INFO - Filling up the DagBag from /home/airflow/.local/lib/python3.9/site-packages/airflow/example_dags/example_bash_decorator.py
[2025-12-11T04:35:31.242+0000] {processor.py:840} INFO - DAG(s) 'example_bash_decorator' retrieved from /home/airflow/.local/lib/python3.9/site-packages/airflow/example_dags/example_bash_decorator.py
[2025-12-11T04:35:31.286+0000] {logging_mixin.py:188} INFO - [2025-12-11T04:35:31.286+0000] {dag.py:3096} INFO - Sync 1 DAGs
[2025-12-11T04:35:31.305+0000] {logging_mixin.py:188} INFO - [2025-12-11T04:35:31.305+0000] {dag.py:3954} INFO - Setting next_dagrun for example_bash_decorator to None, run_after=None
[2025-12-11T04:35:31.359+0000] {processor.py:183} INFO - Processing /home/airflow/.local/lib/python3.9/site-packages/airflow/example_dags/example_bash_decorator.py took 0.154 seconds
[2025-12-11T04:36:02.026+0000] {processor.py:161} INFO - Started process (PID=2320) to work on /home/airflow/.local/lib/python3.9/site-packages/airflow/example_dags/example_bash_decorator.py
[2025-12-11T04:36:02.028+0000] {processor.py:830} INFO - Processing file /home/airflow/.local/lib/python3.9/site-packages/airflow/example_dags/example_bash_decorator.py for tasks to queue
[2025-12-11T04:36:02.031+0000] {logging_mixin.py:188} INFO - [2025-12-11T04:36:02.031+0000] {dagbag.py:545} INFO - Filling up the DagBag from /home/airflow/.local/lib/python3.9/site-packages/airflow/example_dags/example_bash_decorator.py
[2025-12-11T04:36:02.053+0000] {processor.py:840} INFO - DAG(s) 'example_bash_decorator' retrieved from /home/airflow/.local/lib/python3.9/site-packages/airflow/example_dags/example_bash_decorator.py
[2025-12-11T04:36:02.097+0000] {logging_mixin.py:188} INFO - [2025-12-11T04:36:02.097+0000] {dag.py:3096} INFO - Sync 1 DAGs
[2025-12-11T04:36:02.120+0000] {logging_mixin.py:188} INFO - [2025-12-11T04:36:02.120+0000] {dag.py:3954} INFO - Setting next_dagrun for example_bash_decorator to None, run_after=None
[2025-12-11T04:36:02.150+0000] {processor.py:183} INFO - Processing /home/airflow/.local/lib/python3.9/site-packages/airflow/example_dags/example_bash_decorator.py took 0.135 seconds
[2025-12-11T04:36:32.482+0000] {processor.py:161} INFO - Started process (PID=2387) to work on /home/airflow/.local/lib/python3.9/site-packages/airflow/example_dags/example_bash_decorator.py
[2025-12-11T04:36:32.484+0000] {processor.py:830} INFO - Processing file /home/airflow/.local/lib/python3.9/site-packages/airflow/example_dags/example_bash_decorator.py for tasks to queue
[2025-12-11T04:36:32.487+0000] {logging_mixin.py:188} INFO - [2025-12-11T04:36:32.487+0000] {dagbag.py:545} INFO - Filling up the DagBag from /home/airflow/.local/lib/python3.9/site-packages/airflow/example_dags/example_bash_decorator.py
[2025-12-11T04:36:32.507+0000] {processor.py:840} INFO - DAG(s) 'example_bash_decorator' retrieved from /home/airflow/.local/lib/python3.9/site-packages/airflow/example_dags/example_bash_decorator.py
[2025-12-11T04:36:32.551+0000] {logging_mixin.py:188} INFO - [2025-12-11T04:36:32.551+0000] {dag.py:3096} INFO - Sync 1 DAGs
[2025-12-11T04:36:32.578+0000] {logging_mixin.py:188} INFO - [2025-12-11T04:36:32.578+0000] {dag.py:3954} INFO - Setting next_dagrun for example_bash_decorator to None, run_after=None
[2025-12-11T04:36:32.620+0000] {processor.py:183} INFO - Processing /home/airflow/.local/lib/python3.9/site-packages/airflow/example_dags/example_bash_decorator.py took 0.150 seconds
[2025-12-11T04:37:03.229+0000] {processor.py:161} INFO - Started process (PID=2454) to work on /home/airflow/.local/lib/python3.9/site-packages/airflow/example_dags/example_bash_decorator.py
[2025-12-11T04:37:03.231+0000] {processor.py:830} INFO - Processing file /home/airflow/.local/lib/python3.9/site-packages/airflow/example_dags/example_bash_decorator.py for tasks to queue
[2025-12-11T04:37:03.234+0000] {logging_mixin.py:188} INFO - [2025-12-11T04:37:03.233+0000] {dagbag.py:545} INFO - Filling up the DagBag from /home/airflow/.local/lib/python3.9/site-packages/airflow/example_dags/example_bash_decorator.py
[2025-12-11T04:37:03.261+0000] {processor.py:840} INFO - DAG(s) 'example_bash_decorator' retrieved from /home/airflow/.local/lib/python3.9/site-packages/airflow/example_dags/example_bash_decorator.py
[2025-12-11T04:37:03.315+0000] {logging_mixin.py:188} INFO - [2025-12-11T04:37:03.314+0000] {dag.py:3096} INFO - Sync 1 DAGs
[2025-12-11T04:37:03.340+0000] {logging_mixin.py:188} INFO - [2025-12-11T04:37:03.339+0000] {dag.py:3954} INFO - Setting next_dagrun for example_bash_decorator to None, run_after=None
[2025-12-11T04:37:03.528+0000] {processor.py:183} INFO - Processing /home/airflow/.local/lib/python3.9/site-packages/airflow/example_dags/example_bash_decorator.py took 0.310 seconds
[2025-12-11T04:37:33.613+0000] {processor.py:161} INFO - Started process (PID=2521) to work on /home/airflow/.local/lib/python3.9/site-packages/airflow/example_dags/example_bash_decorator.py
[2025-12-11T04:37:33.631+0000] {processor.py:830} INFO - Processing file /home/airflow/.local/lib/python3.9/site-packages/airflow/example_dags/example_bash_decorator.py for tasks to queue
[2025-12-11T04:37:33.634+0000] {logging_mixin.py:188} INFO - [2025-12-11T04:37:33.633+0000] {dagbag.py:545} INFO - Filling up the DagBag from /home/airflow/.local/lib/python3.9/site-packages/airflow/example_dags/example_bash_decorator.py
[2025-12-11T04:37:33.651+0000] {processor.py:840} INFO - DAG(s) 'example_bash_decorator' retrieved from /home/airflow/.local/lib/python3.9/site-packages/airflow/example_dags/example_bash_decorator.py
[2025-12-11T04:37:33.701+0000] {logging_mixin.py:188} INFO - [2025-12-11T04:37:33.700+0000] {dag.py:3096} INFO - Sync 1 DAGs
[2025-12-11T04:37:33.741+0000] {logging_mixin.py:188} INFO - [2025-12-11T04:37:33.741+0000] {dag.py:3954} INFO - Setting next_dagrun for example_bash_decorator to None, run_after=None
[2025-12-11T04:37:33.801+0000] {processor.py:183} INFO - Processing /home/airflow/.local/lib/python3.9/site-packages/airflow/example_dags/example_bash_decorator.py took 0.197 seconds
[2025-12-11T04:38:03.986+0000] {processor.py:161} INFO - Started process (PID=2588) to work on /home/airflow/.local/lib/python3.9/site-packages/airflow/example_dags/example_bash_decorator.py
[2025-12-11T04:38:04.076+0000] {processor.py:830} INFO - Processing file /home/airflow/.local/lib/python3.9/site-packages/airflow/example_dags/example_bash_decorator.py for tasks to queue
[2025-12-11T04:38:04.079+0000] {logging_mixin.py:188} INFO - [2025-12-11T04:38:04.078+0000] {dagbag.py:545} INFO - Filling up the DagBag from /home/airflow/.local/lib/python3.9/site-packages/airflow/example_dags/example_bash_decorator.py
[2025-12-11T04:38:04.097+0000] {processor.py:840} INFO - DAG(s) 'example_bash_decorator' retrieved from /home/airflow/.local/lib/python3.9/site-packages/airflow/example_dags/example_bash_decorator.py
[2025-12-11T04:38:04.146+0000] {logging_mixin.py:188} INFO - [2025-12-11T04:38:04.146+0000] {dag.py:3096} INFO - Sync 1 DAGs
[2025-12-11T04:38:04.182+0000] {logging_mixin.py:188} INFO - [2025-12-11T04:38:04.182+0000] {dag.py:3954} INFO - Setting next_dagrun for example_bash_decorator to None, run_after=None
[2025-12-11T04:38:04.359+0000] {processor.py:183} INFO - Processing /home/airflow/.local/lib/python3.9/site-packages/airflow/example_dags/example_bash_decorator.py took 0.383 seconds
[2025-12-11T04:38:34.848+0000] {processor.py:161} INFO - Started process (PID=2655) to work on /home/airflow/.local/lib/python3.9/site-packages/airflow/example_dags/example_bash_decorator.py
[2025-12-11T04:38:34.902+0000] {processor.py:830} INFO - Processing file /home/airflow/.local/lib/python3.9/site-packages/airflow/example_dags/example_bash_decorator.py for tasks to queue
[2025-12-11T04:38:34.905+0000] {logging_mixin.py:188} INFO - [2025-12-11T04:38:34.905+0000] {dagbag.py:545} INFO - Filling up the DagBag from /home/airflow/.local/lib/python3.9/site-packages/airflow/example_dags/example_bash_decorator.py
[2025-12-11T04:38:34.928+0000] {processor.py:840} INFO - DAG(s) 'example_bash_decorator' retrieved from /home/airflow/.local/lib/python3.9/site-packages/airflow/example_dags/example_bash_decorator.py
[2025-12-11T04:38:34.977+0000] {logging_mixin.py:188} INFO - [2025-12-11T04:38:34.976+0000] {dag.py:3096} INFO - Sync 1 DAGs
[2025-12-11T04:38:34.999+0000] {logging_mixin.py:188} INFO - [2025-12-11T04:38:34.999+0000] {dag.py:3954} INFO - Setting next_dagrun for example_bash_decorator to None, run_after=None
[2025-12-11T04:38:35.041+0000] {processor.py:183} INFO - Processing /home/airflow/.local/lib/python3.9/site-packages/airflow/example_dags/example_bash_decorator.py took 0.203 seconds
[2025-12-11T04:39:05.826+0000] {processor.py:161} INFO - Started process (PID=2722) to work on /home/airflow/.local/lib/python3.9/site-packages/airflow/example_dags/example_bash_decorator.py
[2025-12-11T04:39:05.827+0000] {processor.py:830} INFO - Processing file /home/airflow/.local/lib/python3.9/site-packages/airflow/example_dags/example_bash_decorator.py for tasks to queue
[2025-12-11T04:39:05.830+0000] {logging_mixin.py:188} INFO - [2025-12-11T04:39:05.829+0000] {dagbag.py:545} INFO - Filling up the DagBag from /home/airflow/.local/lib/python3.9/site-packages/airflow/example_dags/example_bash_decorator.py
[2025-12-11T04:39:05.851+0000] {processor.py:840} INFO - DAG(s) 'example_bash_decorator' retrieved from /home/airflow/.local/lib/python3.9/site-packages/airflow/example_dags/example_bash_decorator.py
[2025-12-11T04:39:05.891+0000] {logging_mixin.py:188} INFO - [2025-12-11T04:39:05.891+0000] {dag.py:3096} INFO - Sync 1 DAGs
[2025-12-11T04:39:05.912+0000] {logging_mixin.py:188} INFO - [2025-12-11T04:39:05.912+0000] {dag.py:3954} INFO - Setting next_dagrun for example_bash_decorator to None, run_after=None
[2025-12-11T04:39:05.942+0000] {processor.py:183} INFO - Processing /home/airflow/.local/lib/python3.9/site-packages/airflow/example_dags/example_bash_decorator.py took 0.126 seconds
[2025-12-11T04:39:36.769+0000] {processor.py:161} INFO - Started process (PID=2788) to work on /home/airflow/.local/lib/python3.9/site-packages/airflow/example_dags/example_bash_decorator.py
[2025-12-11T04:39:36.775+0000] {processor.py:830} INFO - Processing file /home/airflow/.local/lib/python3.9/site-packages/airflow/example_dags/example_bash_decorator.py for tasks to queue
[2025-12-11T04:39:36.778+0000] {logging_mixin.py:188} INFO - [2025-12-11T04:39:36.777+0000] {dagbag.py:545} INFO - Filling up the DagBag from /home/airflow/.local/lib/python3.9/site-packages/airflow/example_dags/example_bash_decorator.py
[2025-12-11T04:39:36.798+0000] {processor.py:840} INFO - DAG(s) 'example_bash_decorator' retrieved from /home/airflow/.local/lib/python3.9/site-packages/airflow/example_dags/example_bash_decorator.py
[2025-12-11T04:39:36.845+0000] {logging_mixin.py:188} INFO - [2025-12-11T04:39:36.844+0000] {dag.py:3096} INFO - Sync 1 DAGs
[2025-12-11T04:39:36.870+0000] {logging_mixin.py:188} INFO - [2025-12-11T04:39:36.869+0000] {dag.py:3954} INFO - Setting next_dagrun for example_bash_decorator to None, run_after=None
[2025-12-11T04:39:37.250+0000] {processor.py:183} INFO - Processing /home/airflow/.local/lib/python3.9/site-packages/airflow/example_dags/example_bash_decorator.py took 0.492 seconds
[2025-12-11T04:40:08.121+0000] {processor.py:161} INFO - Started process (PID=2855) to work on /home/airflow/.local/lib/python3.9/site-packages/airflow/example_dags/example_bash_decorator.py
[2025-12-11T04:40:08.178+0000] {processor.py:830} INFO - Processing file /home/airflow/.local/lib/python3.9/site-packages/airflow/example_dags/example_bash_decorator.py for tasks to queue
[2025-12-11T04:40:08.182+0000] {logging_mixin.py:188} INFO - [2025-12-11T04:40:08.182+0000] {dagbag.py:545} INFO - Filling up the DagBag from /home/airflow/.local/lib/python3.9/site-packages/airflow/example_dags/example_bash_decorator.py
[2025-12-11T04:40:08.210+0000] {processor.py:840} INFO - DAG(s) 'example_bash_decorator' retrieved from /home/airflow/.local/lib/python3.9/site-packages/airflow/example_dags/example_bash_decorator.py
[2025-12-11T04:40:08.260+0000] {logging_mixin.py:188} INFO - [2025-12-11T04:40:08.259+0000] {dag.py:3096} INFO - Sync 1 DAGs
[2025-12-11T04:40:08.287+0000] {logging_mixin.py:188} INFO - [2025-12-11T04:40:08.287+0000] {dag.py:3954} INFO - Setting next_dagrun for example_bash_decorator to None, run_after=None
[2025-12-11T04:40:08.641+0000] {processor.py:183} INFO - Processing /home/airflow/.local/lib/python3.9/site-packages/airflow/example_dags/example_bash_decorator.py took 0.530 seconds
[2025-12-11T04:40:38.718+0000] {processor.py:161} INFO - Started process (PID=2922) to work on /home/airflow/.local/lib/python3.9/site-packages/airflow/example_dags/example_bash_decorator.py
[2025-12-11T04:40:38.722+0000] {processor.py:830} INFO - Processing file /home/airflow/.local/lib/python3.9/site-packages/airflow/example_dags/example_bash_decorator.py for tasks to queue
[2025-12-11T04:40:38.725+0000] {logging_mixin.py:188} INFO - [2025-12-11T04:40:38.724+0000] {dagbag.py:545} INFO - Filling up the DagBag from /home/airflow/.local/lib/python3.9/site-packages/airflow/example_dags/example_bash_decorator.py
[2025-12-11T04:40:38.745+0000] {processor.py:840} INFO - DAG(s) 'example_bash_decorator' retrieved from /home/airflow/.local/lib/python3.9/site-packages/airflow/example_dags/example_bash_decorator.py
[2025-12-11T04:40:38.789+0000] {logging_mixin.py:188} INFO - [2025-12-11T04:40:38.788+0000] {dag.py:3096} INFO - Sync 1 DAGs
[2025-12-11T04:40:38.813+0000] {logging_mixin.py:188} INFO - [2025-12-11T04:40:38.812+0000] {dag.py:3954} INFO - Setting next_dagrun for example_bash_decorator to None, run_after=None
[2025-12-11T04:40:39.104+0000] {processor.py:183} INFO - Processing /home/airflow/.local/lib/python3.9/site-packages/airflow/example_dags/example_bash_decorator.py took 0.395 seconds
[2025-12-11T04:41:09.952+0000] {processor.py:161} INFO - Started process (PID=2989) to work on /home/airflow/.local/lib/python3.9/site-packages/airflow/example_dags/example_bash_decorator.py
[2025-12-11T04:41:09.962+0000] {processor.py:830} INFO - Processing file /home/airflow/.local/lib/python3.9/site-packages/airflow/example_dags/example_bash_decorator.py for tasks to queue
[2025-12-11T04:41:09.966+0000] {logging_mixin.py:188} INFO - [2025-12-11T04:41:09.965+0000] {dagbag.py:545} INFO - Filling up the DagBag from /home/airflow/.local/lib/python3.9/site-packages/airflow/example_dags/example_bash_decorator.py
[2025-12-11T04:41:10.006+0000] {processor.py:840} INFO - DAG(s) 'example_bash_decorator' retrieved from /home/airflow/.local/lib/python3.9/site-packages/airflow/example_dags/example_bash_decorator.py
[2025-12-11T04:41:10.081+0000] {logging_mixin.py:188} INFO - [2025-12-11T04:41:10.081+0000] {dag.py:3096} INFO - Sync 1 DAGs
[2025-12-11T04:41:10.327+0000] {logging_mixin.py:188} INFO - [2025-12-11T04:41:10.326+0000] {dag.py:3954} INFO - Setting next_dagrun for example_bash_decorator to None, run_after=None
[2025-12-11T04:41:10.428+0000] {processor.py:183} INFO - Processing /home/airflow/.local/lib/python3.9/site-packages/airflow/example_dags/example_bash_decorator.py took 0.488 seconds
[2025-12-11T04:41:40.964+0000] {processor.py:161} INFO - Started process (PID=3056) to work on /home/airflow/.local/lib/python3.9/site-packages/airflow/example_dags/example_bash_decorator.py
[2025-12-11T04:41:40.970+0000] {processor.py:830} INFO - Processing file /home/airflow/.local/lib/python3.9/site-packages/airflow/example_dags/example_bash_decorator.py for tasks to queue
[2025-12-11T04:41:40.972+0000] {logging_mixin.py:188} INFO - [2025-12-11T04:41:40.972+0000] {dagbag.py:545} INFO - Filling up the DagBag from /home/airflow/.local/lib/python3.9/site-packages/airflow/example_dags/example_bash_decorator.py
[2025-12-11T04:41:40.993+0000] {processor.py:840} INFO - DAG(s) 'example_bash_decorator' retrieved from /home/airflow/.local/lib/python3.9/site-packages/airflow/example_dags/example_bash_decorator.py
[2025-12-11T04:41:41.040+0000] {logging_mixin.py:188} INFO - [2025-12-11T04:41:41.039+0000] {dag.py:3096} INFO - Sync 1 DAGs
[2025-12-11T04:41:41.061+0000] {logging_mixin.py:188} INFO - [2025-12-11T04:41:41.061+0000] {dag.py:3954} INFO - Setting next_dagrun for example_bash_decorator to None, run_after=None
[2025-12-11T04:41:41.089+0000] {processor.py:183} INFO - Processing /home/airflow/.local/lib/python3.9/site-packages/airflow/example_dags/example_bash_decorator.py took 0.136 seconds
[2025-12-11T04:42:11.779+0000] {processor.py:161} INFO - Started process (PID=3124) to work on /home/airflow/.local/lib/python3.9/site-packages/airflow/example_dags/example_bash_decorator.py
[2025-12-11T04:42:11.782+0000] {processor.py:830} INFO - Processing file /home/airflow/.local/lib/python3.9/site-packages/airflow/example_dags/example_bash_decorator.py for tasks to queue
[2025-12-11T04:42:11.785+0000] {logging_mixin.py:188} INFO - [2025-12-11T04:42:11.784+0000] {dagbag.py:545} INFO - Filling up the DagBag from /home/airflow/.local/lib/python3.9/site-packages/airflow/example_dags/example_bash_decorator.py
[2025-12-11T04:42:11.806+0000] {processor.py:840} INFO - DAG(s) 'example_bash_decorator' retrieved from /home/airflow/.local/lib/python3.9/site-packages/airflow/example_dags/example_bash_decorator.py
[2025-12-11T04:42:11.846+0000] {logging_mixin.py:188} INFO - [2025-12-11T04:42:11.846+0000] {dag.py:3096} INFO - Sync 1 DAGs
[2025-12-11T04:42:11.865+0000] {logging_mixin.py:188} INFO - [2025-12-11T04:42:11.865+0000] {dag.py:3954} INFO - Setting next_dagrun for example_bash_decorator to None, run_after=None
[2025-12-11T04:42:12.092+0000] {processor.py:183} INFO - Processing /home/airflow/.local/lib/python3.9/site-packages/airflow/example_dags/example_bash_decorator.py took 0.329 seconds
[2025-12-11T04:42:42.540+0000] {processor.py:161} INFO - Started process (PID=3191) to work on /home/airflow/.local/lib/python3.9/site-packages/airflow/example_dags/example_bash_decorator.py
[2025-12-11T04:42:42.549+0000] {processor.py:830} INFO - Processing file /home/airflow/.local/lib/python3.9/site-packages/airflow/example_dags/example_bash_decorator.py for tasks to queue
[2025-12-11T04:42:42.558+0000] {logging_mixin.py:188} INFO - [2025-12-11T04:42:42.557+0000] {dagbag.py:545} INFO - Filling up the DagBag from /home/airflow/.local/lib/python3.9/site-packages/airflow/example_dags/example_bash_decorator.py
[2025-12-11T04:42:42.599+0000] {processor.py:840} INFO - DAG(s) 'example_bash_decorator' retrieved from /home/airflow/.local/lib/python3.9/site-packages/airflow/example_dags/example_bash_decorator.py
[2025-12-11T04:42:42.668+0000] {logging_mixin.py:188} INFO - [2025-12-11T04:42:42.667+0000] {dag.py:3096} INFO - Sync 1 DAGs
[2025-12-11T04:42:42.700+0000] {logging_mixin.py:188} INFO - [2025-12-11T04:42:42.699+0000] {dag.py:3954} INFO - Setting next_dagrun for example_bash_decorator to None, run_after=None
[2025-12-11T04:42:42.744+0000] {processor.py:183} INFO - Processing /home/airflow/.local/lib/python3.9/site-packages/airflow/example_dags/example_bash_decorator.py took 0.243 seconds
[2025-12-11T04:43:13.814+0000] {processor.py:161} INFO - Started process (PID=3258) to work on /home/airflow/.local/lib/python3.9/site-packages/airflow/example_dags/example_bash_decorator.py
[2025-12-11T04:43:13.816+0000] {processor.py:830} INFO - Processing file /home/airflow/.local/lib/python3.9/site-packages/airflow/example_dags/example_bash_decorator.py for tasks to queue
[2025-12-11T04:43:13.819+0000] {logging_mixin.py:188} INFO - [2025-12-11T04:43:13.818+0000] {dagbag.py:545} INFO - Filling up the DagBag from /home/airflow/.local/lib/python3.9/site-packages/airflow/example_dags/example_bash_decorator.py
[2025-12-11T04:43:13.840+0000] {processor.py:840} INFO - DAG(s) 'example_bash_decorator' retrieved from /home/airflow/.local/lib/python3.9/site-packages/airflow/example_dags/example_bash_decorator.py
[2025-12-11T04:43:13.881+0000] {logging_mixin.py:188} INFO - [2025-12-11T04:43:13.880+0000] {dag.py:3096} INFO - Sync 1 DAGs
[2025-12-11T04:43:13.900+0000] {logging_mixin.py:188} INFO - [2025-12-11T04:43:13.899+0000] {dag.py:3954} INFO - Setting next_dagrun for example_bash_decorator to None, run_after=None
[2025-12-11T04:43:13.925+0000] {processor.py:183} INFO - Processing /home/airflow/.local/lib/python3.9/site-packages/airflow/example_dags/example_bash_decorator.py took 0.122 seconds
[2025-12-11T04:43:44.523+0000] {processor.py:161} INFO - Started process (PID=3325) to work on /home/airflow/.local/lib/python3.9/site-packages/airflow/example_dags/example_bash_decorator.py
[2025-12-11T04:43:44.527+0000] {processor.py:830} INFO - Processing file /home/airflow/.local/lib/python3.9/site-packages/airflow/example_dags/example_bash_decorator.py for tasks to queue
[2025-12-11T04:43:44.530+0000] {logging_mixin.py:188} INFO - [2025-12-11T04:43:44.529+0000] {dagbag.py:545} INFO - Filling up the DagBag from /home/airflow/.local/lib/python3.9/site-packages/airflow/example_dags/example_bash_decorator.py
[2025-12-11T04:43:44.559+0000] {processor.py:840} INFO - DAG(s) 'example_bash_decorator' retrieved from /home/airflow/.local/lib/python3.9/site-packages/airflow/example_dags/example_bash_decorator.py
[2025-12-11T04:43:44.623+0000] {logging_mixin.py:188} INFO - [2025-12-11T04:43:44.623+0000] {dag.py:3096} INFO - Sync 1 DAGs
[2025-12-11T04:43:44.649+0000] {logging_mixin.py:188} INFO - [2025-12-11T04:43:44.648+0000] {dag.py:3954} INFO - Setting next_dagrun for example_bash_decorator to None, run_after=None
[2025-12-11T04:43:44.807+0000] {processor.py:183} INFO - Processing /home/airflow/.local/lib/python3.9/site-packages/airflow/example_dags/example_bash_decorator.py took 0.296 seconds
[2025-12-11T04:44:15.162+0000] {processor.py:161} INFO - Started process (PID=3392) to work on /home/airflow/.local/lib/python3.9/site-packages/airflow/example_dags/example_bash_decorator.py
[2025-12-11T04:44:15.164+0000] {processor.py:830} INFO - Processing file /home/airflow/.local/lib/python3.9/site-packages/airflow/example_dags/example_bash_decorator.py for tasks to queue
[2025-12-11T04:44:15.168+0000] {logging_mixin.py:188} INFO - [2025-12-11T04:44:15.167+0000] {dagbag.py:545} INFO - Filling up the DagBag from /home/airflow/.local/lib/python3.9/site-packages/airflow/example_dags/example_bash_decorator.py
[2025-12-11T04:44:15.192+0000] {processor.py:840} INFO - DAG(s) 'example_bash_decorator' retrieved from /home/airflow/.local/lib/python3.9/site-packages/airflow/example_dags/example_bash_decorator.py
[2025-12-11T04:44:15.246+0000] {logging_mixin.py:188} INFO - [2025-12-11T04:44:15.245+0000] {dag.py:3096} INFO - Sync 1 DAGs
[2025-12-11T04:44:15.275+0000] {logging_mixin.py:188} INFO - [2025-12-11T04:44:15.271+0000] {dag.py:3954} INFO - Setting next_dagrun for example_bash_decorator to None, run_after=None
[2025-12-11T04:44:15.324+0000] {processor.py:183} INFO - Processing /home/airflow/.local/lib/python3.9/site-packages/airflow/example_dags/example_bash_decorator.py took 0.176 seconds
[2025-12-11T04:44:45.719+0000] {processor.py:161} INFO - Started process (PID=3459) to work on /home/airflow/.local/lib/python3.9/site-packages/airflow/example_dags/example_bash_decorator.py
[2025-12-11T04:44:45.723+0000] {processor.py:830} INFO - Processing file /home/airflow/.local/lib/python3.9/site-packages/airflow/example_dags/example_bash_decorator.py for tasks to queue
[2025-12-11T04:44:45.726+0000] {logging_mixin.py:188} INFO - [2025-12-11T04:44:45.726+0000] {dagbag.py:545} INFO - Filling up the DagBag from /home/airflow/.local/lib/python3.9/site-packages/airflow/example_dags/example_bash_decorator.py
[2025-12-11T04:44:45.769+0000] {processor.py:840} INFO - DAG(s) 'example_bash_decorator' retrieved from /home/airflow/.local/lib/python3.9/site-packages/airflow/example_dags/example_bash_decorator.py
[2025-12-11T04:44:45.849+0000] {logging_mixin.py:188} INFO - [2025-12-11T04:44:45.849+0000] {dag.py:3096} INFO - Sync 1 DAGs
[2025-12-11T04:44:45.883+0000] {logging_mixin.py:188} INFO - [2025-12-11T04:44:45.882+0000] {dag.py:3954} INFO - Setting next_dagrun for example_bash_decorator to None, run_after=None
[2025-12-11T04:44:45.960+0000] {processor.py:183} INFO - Processing /home/airflow/.local/lib/python3.9/site-packages/airflow/example_dags/example_bash_decorator.py took 0.254 seconds
[2025-12-11T04:45:16.786+0000] {processor.py:161} INFO - Started process (PID=3527) to work on /home/airflow/.local/lib/python3.9/site-packages/airflow/example_dags/example_bash_decorator.py
[2025-12-11T04:45:16.788+0000] {processor.py:830} INFO - Processing file /home/airflow/.local/lib/python3.9/site-packages/airflow/example_dags/example_bash_decorator.py for tasks to queue
[2025-12-11T04:45:16.797+0000] {logging_mixin.py:188} INFO - [2025-12-11T04:45:16.790+0000] {dagbag.py:545} INFO - Filling up the DagBag from /home/airflow/.local/lib/python3.9/site-packages/airflow/example_dags/example_bash_decorator.py
[2025-12-11T04:45:16.829+0000] {processor.py:840} INFO - DAG(s) 'example_bash_decorator' retrieved from /home/airflow/.local/lib/python3.9/site-packages/airflow/example_dags/example_bash_decorator.py
[2025-12-11T04:45:16.893+0000] {logging_mixin.py:188} INFO - [2025-12-11T04:45:16.892+0000] {dag.py:3096} INFO - Sync 1 DAGs
[2025-12-11T04:45:16.928+0000] {logging_mixin.py:188} INFO - [2025-12-11T04:45:16.927+0000] {dag.py:3954} INFO - Setting next_dagrun for example_bash_decorator to None, run_after=None
[2025-12-11T04:45:16.985+0000] {processor.py:183} INFO - Processing /home/airflow/.local/lib/python3.9/site-packages/airflow/example_dags/example_bash_decorator.py took 0.219 seconds
[2025-12-11T04:45:47.911+0000] {processor.py:161} INFO - Started process (PID=3596) to work on /home/airflow/.local/lib/python3.9/site-packages/airflow/example_dags/example_bash_decorator.py
[2025-12-11T04:45:47.918+0000] {processor.py:830} INFO - Processing file /home/airflow/.local/lib/python3.9/site-packages/airflow/example_dags/example_bash_decorator.py for tasks to queue
[2025-12-11T04:45:47.921+0000] {logging_mixin.py:188} INFO - [2025-12-11T04:45:47.920+0000] {dagbag.py:545} INFO - Filling up the DagBag from /home/airflow/.local/lib/python3.9/site-packages/airflow/example_dags/example_bash_decorator.py
[2025-12-11T04:45:47.940+0000] {processor.py:840} INFO - DAG(s) 'example_bash_decorator' retrieved from /home/airflow/.local/lib/python3.9/site-packages/airflow/example_dags/example_bash_decorator.py
[2025-12-11T04:45:47.985+0000] {logging_mixin.py:188} INFO - [2025-12-11T04:45:47.985+0000] {dag.py:3096} INFO - Sync 1 DAGs
[2025-12-11T04:45:48.019+0000] {logging_mixin.py:188} INFO - [2025-12-11T04:45:48.018+0000] {dag.py:3954} INFO - Setting next_dagrun for example_bash_decorator to None, run_after=None
[2025-12-11T04:45:48.055+0000] {processor.py:183} INFO - Processing /home/airflow/.local/lib/python3.9/site-packages/airflow/example_dags/example_bash_decorator.py took 0.155 seconds
[2025-12-11T04:46:18.323+0000] {processor.py:161} INFO - Started process (PID=3670) to work on /home/airflow/.local/lib/python3.9/site-packages/airflow/example_dags/example_bash_decorator.py
[2025-12-11T04:46:18.333+0000] {processor.py:830} INFO - Processing file /home/airflow/.local/lib/python3.9/site-packages/airflow/example_dags/example_bash_decorator.py for tasks to queue
[2025-12-11T04:46:18.344+0000] {logging_mixin.py:188} INFO - [2025-12-11T04:46:18.343+0000] {dagbag.py:545} INFO - Filling up the DagBag from /home/airflow/.local/lib/python3.9/site-packages/airflow/example_dags/example_bash_decorator.py
[2025-12-11T04:46:18.380+0000] {processor.py:840} INFO - DAG(s) 'example_bash_decorator' retrieved from /home/airflow/.local/lib/python3.9/site-packages/airflow/example_dags/example_bash_decorator.py
[2025-12-11T04:46:18.452+0000] {logging_mixin.py:188} INFO - [2025-12-11T04:46:18.452+0000] {dag.py:3096} INFO - Sync 1 DAGs
[2025-12-11T04:46:18.500+0000] {logging_mixin.py:188} INFO - [2025-12-11T04:46:18.500+0000] {dag.py:3954} INFO - Setting next_dagrun for example_bash_decorator to None, run_after=None
[2025-12-11T04:46:18.560+0000] {processor.py:183} INFO - Processing /home/airflow/.local/lib/python3.9/site-packages/airflow/example_dags/example_bash_decorator.py took 0.254 seconds
[2025-12-11T04:46:48.968+0000] {processor.py:161} INFO - Started process (PID=3737) to work on /home/airflow/.local/lib/python3.9/site-packages/airflow/example_dags/example_bash_decorator.py
[2025-12-11T04:46:48.969+0000] {processor.py:830} INFO - Processing file /home/airflow/.local/lib/python3.9/site-packages/airflow/example_dags/example_bash_decorator.py for tasks to queue
[2025-12-11T04:46:48.972+0000] {logging_mixin.py:188} INFO - [2025-12-11T04:46:48.972+0000] {dagbag.py:545} INFO - Filling up the DagBag from /home/airflow/.local/lib/python3.9/site-packages/airflow/example_dags/example_bash_decorator.py
[2025-12-11T04:46:48.993+0000] {processor.py:840} INFO - DAG(s) 'example_bash_decorator' retrieved from /home/airflow/.local/lib/python3.9/site-packages/airflow/example_dags/example_bash_decorator.py
[2025-12-11T04:46:49.042+0000] {logging_mixin.py:188} INFO - [2025-12-11T04:46:49.042+0000] {dag.py:3096} INFO - Sync 1 DAGs
[2025-12-11T04:46:49.067+0000] {logging_mixin.py:188} INFO - [2025-12-11T04:46:49.067+0000] {dag.py:3954} INFO - Setting next_dagrun for example_bash_decorator to None, run_after=None
[2025-12-11T04:46:49.101+0000] {processor.py:183} INFO - Processing /home/airflow/.local/lib/python3.9/site-packages/airflow/example_dags/example_bash_decorator.py took 0.151 seconds
[2025-12-11T04:47:19.868+0000] {processor.py:161} INFO - Started process (PID=3805) to work on /home/airflow/.local/lib/python3.9/site-packages/airflow/example_dags/example_bash_decorator.py
[2025-12-11T04:47:19.870+0000] {processor.py:830} INFO - Processing file /home/airflow/.local/lib/python3.9/site-packages/airflow/example_dags/example_bash_decorator.py for tasks to queue
[2025-12-11T04:47:19.879+0000] {logging_mixin.py:188} INFO - [2025-12-11T04:47:19.879+0000] {dagbag.py:545} INFO - Filling up the DagBag from /home/airflow/.local/lib/python3.9/site-packages/airflow/example_dags/example_bash_decorator.py
[2025-12-11T04:47:19.905+0000] {processor.py:840} INFO - DAG(s) 'example_bash_decorator' retrieved from /home/airflow/.local/lib/python3.9/site-packages/airflow/example_dags/example_bash_decorator.py
[2025-12-11T04:47:19.980+0000] {logging_mixin.py:188} INFO - [2025-12-11T04:47:19.980+0000] {dag.py:3096} INFO - Sync 1 DAGs
[2025-12-11T04:47:20.006+0000] {logging_mixin.py:188} INFO - [2025-12-11T04:47:20.005+0000] {dag.py:3954} INFO - Setting next_dagrun for example_bash_decorator to None, run_after=None
[2025-12-11T04:47:20.045+0000] {processor.py:183} INFO - Processing /home/airflow/.local/lib/python3.9/site-packages/airflow/example_dags/example_bash_decorator.py took 0.197 seconds
[2025-12-11T04:47:50.604+0000] {processor.py:161} INFO - Started process (PID=3872) to work on /home/airflow/.local/lib/python3.9/site-packages/airflow/example_dags/example_bash_decorator.py
[2025-12-11T04:47:50.606+0000] {processor.py:830} INFO - Processing file /home/airflow/.local/lib/python3.9/site-packages/airflow/example_dags/example_bash_decorator.py for tasks to queue
[2025-12-11T04:47:50.608+0000] {logging_mixin.py:188} INFO - [2025-12-11T04:47:50.608+0000] {dagbag.py:545} INFO - Filling up the DagBag from /home/airflow/.local/lib/python3.9/site-packages/airflow/example_dags/example_bash_decorator.py
[2025-12-11T04:47:50.628+0000] {processor.py:840} INFO - DAG(s) 'example_bash_decorator' retrieved from /home/airflow/.local/lib/python3.9/site-packages/airflow/example_dags/example_bash_decorator.py
[2025-12-11T04:47:50.668+0000] {logging_mixin.py:188} INFO - [2025-12-11T04:47:50.668+0000] {dag.py:3096} INFO - Sync 1 DAGs
[2025-12-11T04:47:50.690+0000] {logging_mixin.py:188} INFO - [2025-12-11T04:47:50.689+0000] {dag.py:3954} INFO - Setting next_dagrun for example_bash_decorator to None, run_after=None
[2025-12-11T04:47:50.733+0000] {processor.py:183} INFO - Processing /home/airflow/.local/lib/python3.9/site-packages/airflow/example_dags/example_bash_decorator.py took 0.141 seconds
[2025-12-11T04:48:21.787+0000] {processor.py:161} INFO - Started process (PID=3939) to work on /home/airflow/.local/lib/python3.9/site-packages/airflow/example_dags/example_bash_decorator.py
[2025-12-11T04:48:21.806+0000] {processor.py:830} INFO - Processing file /home/airflow/.local/lib/python3.9/site-packages/airflow/example_dags/example_bash_decorator.py for tasks to queue
[2025-12-11T04:48:21.809+0000] {logging_mixin.py:188} INFO - [2025-12-11T04:48:21.808+0000] {dagbag.py:545} INFO - Filling up the DagBag from /home/airflow/.local/lib/python3.9/site-packages/airflow/example_dags/example_bash_decorator.py
[2025-12-11T04:48:21.843+0000] {processor.py:840} INFO - DAG(s) 'example_bash_decorator' retrieved from /home/airflow/.local/lib/python3.9/site-packages/airflow/example_dags/example_bash_decorator.py
[2025-12-11T04:48:21.908+0000] {logging_mixin.py:188} INFO - [2025-12-11T04:48:21.907+0000] {dag.py:3096} INFO - Sync 1 DAGs
[2025-12-11T04:48:21.938+0000] {logging_mixin.py:188} INFO - [2025-12-11T04:48:21.938+0000] {dag.py:3954} INFO - Setting next_dagrun for example_bash_decorator to None, run_after=None
[2025-12-11T04:48:21.985+0000] {processor.py:183} INFO - Processing /home/airflow/.local/lib/python3.9/site-packages/airflow/example_dags/example_bash_decorator.py took 0.208 seconds
[2025-12-11T04:48:53.087+0000] {processor.py:161} INFO - Started process (PID=4006) to work on /home/airflow/.local/lib/python3.9/site-packages/airflow/example_dags/example_bash_decorator.py
[2025-12-11T04:48:53.090+0000] {processor.py:830} INFO - Processing file /home/airflow/.local/lib/python3.9/site-packages/airflow/example_dags/example_bash_decorator.py for tasks to queue
[2025-12-11T04:48:53.099+0000] {logging_mixin.py:188} INFO - [2025-12-11T04:48:53.099+0000] {dagbag.py:545} INFO - Filling up the DagBag from /home/airflow/.local/lib/python3.9/site-packages/airflow/example_dags/example_bash_decorator.py
[2025-12-11T04:48:53.141+0000] {processor.py:840} INFO - DAG(s) 'example_bash_decorator' retrieved from /home/airflow/.local/lib/python3.9/site-packages/airflow/example_dags/example_bash_decorator.py
[2025-12-11T04:48:53.219+0000] {logging_mixin.py:188} INFO - [2025-12-11T04:48:53.218+0000] {dag.py:3096} INFO - Sync 1 DAGs
[2025-12-11T04:48:53.250+0000] {logging_mixin.py:188} INFO - [2025-12-11T04:48:53.249+0000] {dag.py:3954} INFO - Setting next_dagrun for example_bash_decorator to None, run_after=None
[2025-12-11T04:48:53.297+0000] {processor.py:183} INFO - Processing /home/airflow/.local/lib/python3.9/site-packages/airflow/example_dags/example_bash_decorator.py took 0.233 seconds
[2025-12-11T04:49:23.552+0000] {processor.py:161} INFO - Started process (PID=4073) to work on /home/airflow/.local/lib/python3.9/site-packages/airflow/example_dags/example_bash_decorator.py
[2025-12-11T04:49:23.554+0000] {processor.py:830} INFO - Processing file /home/airflow/.local/lib/python3.9/site-packages/airflow/example_dags/example_bash_decorator.py for tasks to queue
[2025-12-11T04:49:23.558+0000] {logging_mixin.py:188} INFO - [2025-12-11T04:49:23.557+0000] {dagbag.py:545} INFO - Filling up the DagBag from /home/airflow/.local/lib/python3.9/site-packages/airflow/example_dags/example_bash_decorator.py
[2025-12-11T04:49:23.578+0000] {processor.py:840} INFO - DAG(s) 'example_bash_decorator' retrieved from /home/airflow/.local/lib/python3.9/site-packages/airflow/example_dags/example_bash_decorator.py
[2025-12-11T04:49:23.621+0000] {logging_mixin.py:188} INFO - [2025-12-11T04:49:23.621+0000] {dag.py:3096} INFO - Sync 1 DAGs
[2025-12-11T04:49:23.642+0000] {logging_mixin.py:188} INFO - [2025-12-11T04:49:23.641+0000] {dag.py:3954} INFO - Setting next_dagrun for example_bash_decorator to None, run_after=None
[2025-12-11T04:49:23.669+0000] {processor.py:183} INFO - Processing /home/airflow/.local/lib/python3.9/site-packages/airflow/example_dags/example_bash_decorator.py took 0.127 seconds
[2025-12-11T04:49:53.926+0000] {processor.py:161} INFO - Started process (PID=4140) to work on /home/airflow/.local/lib/python3.9/site-packages/airflow/example_dags/example_bash_decorator.py
[2025-12-11T04:49:53.928+0000] {processor.py:830} INFO - Processing file /home/airflow/.local/lib/python3.9/site-packages/airflow/example_dags/example_bash_decorator.py for tasks to queue
[2025-12-11T04:49:53.931+0000] {logging_mixin.py:188} INFO - [2025-12-11T04:49:53.931+0000] {dagbag.py:545} INFO - Filling up the DagBag from /home/airflow/.local/lib/python3.9/site-packages/airflow/example_dags/example_bash_decorator.py
[2025-12-11T04:49:53.953+0000] {processor.py:840} INFO - DAG(s) 'example_bash_decorator' retrieved from /home/airflow/.local/lib/python3.9/site-packages/airflow/example_dags/example_bash_decorator.py
[2025-12-11T04:49:53.999+0000] {logging_mixin.py:188} INFO - [2025-12-11T04:49:53.999+0000] {dag.py:3096} INFO - Sync 1 DAGs
[2025-12-11T04:49:54.025+0000] {logging_mixin.py:188} INFO - [2025-12-11T04:49:54.024+0000] {dag.py:3954} INFO - Setting next_dagrun for example_bash_decorator to None, run_after=None
[2025-12-11T04:49:54.056+0000] {processor.py:183} INFO - Processing /home/airflow/.local/lib/python3.9/site-packages/airflow/example_dags/example_bash_decorator.py took 0.142 seconds
[2025-12-11T04:50:24.964+0000] {processor.py:161} INFO - Started process (PID=4207) to work on /home/airflow/.local/lib/python3.9/site-packages/airflow/example_dags/example_bash_decorator.py
[2025-12-11T04:50:24.966+0000] {processor.py:830} INFO - Processing file /home/airflow/.local/lib/python3.9/site-packages/airflow/example_dags/example_bash_decorator.py for tasks to queue
[2025-12-11T04:50:24.969+0000] {logging_mixin.py:188} INFO - [2025-12-11T04:50:24.969+0000] {dagbag.py:545} INFO - Filling up the DagBag from /home/airflow/.local/lib/python3.9/site-packages/airflow/example_dags/example_bash_decorator.py
[2025-12-11T04:50:25.003+0000] {processor.py:840} INFO - DAG(s) 'example_bash_decorator' retrieved from /home/airflow/.local/lib/python3.9/site-packages/airflow/example_dags/example_bash_decorator.py
[2025-12-11T04:50:25.050+0000] {logging_mixin.py:188} INFO - [2025-12-11T04:50:25.050+0000] {dag.py:3096} INFO - Sync 1 DAGs
[2025-12-11T04:50:25.073+0000] {logging_mixin.py:188} INFO - [2025-12-11T04:50:25.073+0000] {dag.py:3954} INFO - Setting next_dagrun for example_bash_decorator to None, run_after=None
[2025-12-11T04:50:25.099+0000] {processor.py:183} INFO - Processing /home/airflow/.local/lib/python3.9/site-packages/airflow/example_dags/example_bash_decorator.py took 0.151 seconds
[2025-12-11T04:50:55.243+0000] {processor.py:161} INFO - Started process (PID=4274) to work on /home/airflow/.local/lib/python3.9/site-packages/airflow/example_dags/example_bash_decorator.py
[2025-12-11T04:50:55.245+0000] {processor.py:830} INFO - Processing file /home/airflow/.local/lib/python3.9/site-packages/airflow/example_dags/example_bash_decorator.py for tasks to queue
[2025-12-11T04:50:55.248+0000] {logging_mixin.py:188} INFO - [2025-12-11T04:50:55.247+0000] {dagbag.py:545} INFO - Filling up the DagBag from /home/airflow/.local/lib/python3.9/site-packages/airflow/example_dags/example_bash_decorator.py
[2025-12-11T04:50:55.269+0000] {processor.py:840} INFO - DAG(s) 'example_bash_decorator' retrieved from /home/airflow/.local/lib/python3.9/site-packages/airflow/example_dags/example_bash_decorator.py
[2025-12-11T04:50:55.310+0000] {logging_mixin.py:188} INFO - [2025-12-11T04:50:55.309+0000] {dag.py:3096} INFO - Sync 1 DAGs
[2025-12-11T04:50:55.336+0000] {logging_mixin.py:188} INFO - [2025-12-11T04:50:55.336+0000] {dag.py:3954} INFO - Setting next_dagrun for example_bash_decorator to None, run_after=None
[2025-12-11T04:50:55.368+0000] {processor.py:183} INFO - Processing /home/airflow/.local/lib/python3.9/site-packages/airflow/example_dags/example_bash_decorator.py took 0.138 seconds
[2025-12-11T04:51:26.384+0000] {processor.py:161} INFO - Started process (PID=4348) to work on /home/airflow/.local/lib/python3.9/site-packages/airflow/example_dags/example_bash_decorator.py
[2025-12-11T04:51:26.386+0000] {processor.py:830} INFO - Processing file /home/airflow/.local/lib/python3.9/site-packages/airflow/example_dags/example_bash_decorator.py for tasks to queue
[2025-12-11T04:51:26.389+0000] {logging_mixin.py:188} INFO - [2025-12-11T04:51:26.389+0000] {dagbag.py:545} INFO - Filling up the DagBag from /home/airflow/.local/lib/python3.9/site-packages/airflow/example_dags/example_bash_decorator.py
[2025-12-11T04:51:26.423+0000] {processor.py:840} INFO - DAG(s) 'example_bash_decorator' retrieved from /home/airflow/.local/lib/python3.9/site-packages/airflow/example_dags/example_bash_decorator.py
[2025-12-11T04:51:26.470+0000] {logging_mixin.py:188} INFO - [2025-12-11T04:51:26.470+0000] {dag.py:3096} INFO - Sync 1 DAGs
[2025-12-11T04:51:26.490+0000] {logging_mixin.py:188} INFO - [2025-12-11T04:51:26.490+0000] {dag.py:3954} INFO - Setting next_dagrun for example_bash_decorator to None, run_after=None
[2025-12-11T04:51:26.521+0000] {processor.py:183} INFO - Processing /home/airflow/.local/lib/python3.9/site-packages/airflow/example_dags/example_bash_decorator.py took 0.156 seconds
[2025-12-11T04:51:57.705+0000] {processor.py:161} INFO - Started process (PID=4415) to work on /home/airflow/.local/lib/python3.9/site-packages/airflow/example_dags/example_bash_decorator.py
[2025-12-11T04:51:57.706+0000] {processor.py:830} INFO - Processing file /home/airflow/.local/lib/python3.9/site-packages/airflow/example_dags/example_bash_decorator.py for tasks to queue
[2025-12-11T04:51:57.718+0000] {logging_mixin.py:188} INFO - [2025-12-11T04:51:57.718+0000] {dagbag.py:545} INFO - Filling up the DagBag from /home/airflow/.local/lib/python3.9/site-packages/airflow/example_dags/example_bash_decorator.py
[2025-12-11T04:51:57.759+0000] {processor.py:840} INFO - DAG(s) 'example_bash_decorator' retrieved from /home/airflow/.local/lib/python3.9/site-packages/airflow/example_dags/example_bash_decorator.py
[2025-12-11T04:51:57.822+0000] {logging_mixin.py:188} INFO - [2025-12-11T04:51:57.822+0000] {dag.py:3096} INFO - Sync 1 DAGs
[2025-12-11T04:51:57.846+0000] {logging_mixin.py:188} INFO - [2025-12-11T04:51:57.845+0000] {dag.py:3954} INFO - Setting next_dagrun for example_bash_decorator to None, run_after=None
[2025-12-11T04:51:57.886+0000] {processor.py:183} INFO - Processing /home/airflow/.local/lib/python3.9/site-packages/airflow/example_dags/example_bash_decorator.py took 0.208 seconds
[2025-12-11T04:52:28.078+0000] {processor.py:161} INFO - Started process (PID=4482) to work on /home/airflow/.local/lib/python3.9/site-packages/airflow/example_dags/example_bash_decorator.py
[2025-12-11T04:52:28.085+0000] {processor.py:830} INFO - Processing file /home/airflow/.local/lib/python3.9/site-packages/airflow/example_dags/example_bash_decorator.py for tasks to queue
[2025-12-11T04:52:28.088+0000] {logging_mixin.py:188} INFO - [2025-12-11T04:52:28.087+0000] {dagbag.py:545} INFO - Filling up the DagBag from /home/airflow/.local/lib/python3.9/site-packages/airflow/example_dags/example_bash_decorator.py
[2025-12-11T04:52:28.123+0000] {processor.py:840} INFO - DAG(s) 'example_bash_decorator' retrieved from /home/airflow/.local/lib/python3.9/site-packages/airflow/example_dags/example_bash_decorator.py
[2025-12-11T04:52:28.205+0000] {logging_mixin.py:188} INFO - [2025-12-11T04:52:28.204+0000] {dag.py:3096} INFO - Sync 1 DAGs
[2025-12-11T04:52:28.259+0000] {logging_mixin.py:188} INFO - [2025-12-11T04:52:28.258+0000] {dag.py:3954} INFO - Setting next_dagrun for example_bash_decorator to None, run_after=None
[2025-12-11T04:52:28.306+0000] {processor.py:183} INFO - Processing /home/airflow/.local/lib/python3.9/site-packages/airflow/example_dags/example_bash_decorator.py took 0.262 seconds
[2025-12-11T04:52:58.565+0000] {processor.py:161} INFO - Started process (PID=4542) to work on /home/airflow/.local/lib/python3.9/site-packages/airflow/example_dags/example_bash_decorator.py
[2025-12-11T04:52:58.573+0000] {processor.py:830} INFO - Processing file /home/airflow/.local/lib/python3.9/site-packages/airflow/example_dags/example_bash_decorator.py for tasks to queue
[2025-12-11T04:52:58.576+0000] {logging_mixin.py:188} INFO - [2025-12-11T04:52:58.576+0000] {dagbag.py:545} INFO - Filling up the DagBag from /home/airflow/.local/lib/python3.9/site-packages/airflow/example_dags/example_bash_decorator.py
[2025-12-11T04:52:58.605+0000] {processor.py:840} INFO - DAG(s) 'example_bash_decorator' retrieved from /home/airflow/.local/lib/python3.9/site-packages/airflow/example_dags/example_bash_decorator.py
[2025-12-11T04:52:58.677+0000] {logging_mixin.py:188} INFO - [2025-12-11T04:52:58.670+0000] {dag.py:3096} INFO - Sync 1 DAGs
[2025-12-11T04:52:58.705+0000] {logging_mixin.py:188} INFO - [2025-12-11T04:52:58.704+0000] {dag.py:3954} INFO - Setting next_dagrun for example_bash_decorator to None, run_after=None
[2025-12-11T04:52:59.044+0000] {processor.py:183} INFO - Processing /home/airflow/.local/lib/python3.9/site-packages/airflow/example_dags/example_bash_decorator.py took 0.488 seconds
