[2025-12-11T04:19:09.724+0000] {processor.py:161} INFO - Started process (PID=145) to work on /home/airflow/.local/lib/python3.9/site-packages/airflow/example_dags/example_trigger_controller_dag.py
[2025-12-11T04:19:09.738+0000] {processor.py:830} INFO - Processing file /home/airflow/.local/lib/python3.9/site-packages/airflow/example_dags/example_trigger_controller_dag.py for tasks to queue
[2025-12-11T04:19:09.741+0000] {logging_mixin.py:188} INFO - [2025-12-11T04:19:09.741+0000] {dagbag.py:545} INFO - Filling up the DagBag from /home/airflow/.local/lib/python3.9/site-packages/airflow/example_dags/example_trigger_controller_dag.py
[2025-12-11T04:19:09.778+0000] {processor.py:840} INFO - DAG(s) 'example_trigger_controller_dag' retrieved from /home/airflow/.local/lib/python3.9/site-packages/airflow/example_dags/example_trigger_controller_dag.py
[2025-12-11T04:19:10.281+0000] {logging_mixin.py:188} INFO - [2025-12-11T04:19:10.280+0000] {dag.py:3096} INFO - Sync 1 DAGs
[2025-12-11T04:19:10.386+0000] {logging_mixin.py:188} INFO - [2025-12-11T04:19:10.385+0000] {dag.py:3954} INFO - Setting next_dagrun for example_trigger_controller_dag to 2021-01-01 00:00:00+00:00, run_after=2021-01-01 00:00:00+00:00
[2025-12-11T04:19:10.542+0000] {processor.py:183} INFO - Processing /home/airflow/.local/lib/python3.9/site-packages/airflow/example_dags/example_trigger_controller_dag.py took 0.839 seconds
[2025-12-11T04:19:40.861+0000] {processor.py:161} INFO - Started process (PID=204) to work on /home/airflow/.local/lib/python3.9/site-packages/airflow/example_dags/example_trigger_controller_dag.py
[2025-12-11T04:19:40.865+0000] {processor.py:830} INFO - Processing file /home/airflow/.local/lib/python3.9/site-packages/airflow/example_dags/example_trigger_controller_dag.py for tasks to queue
[2025-12-11T04:19:40.867+0000] {logging_mixin.py:188} INFO - [2025-12-11T04:19:40.867+0000] {dagbag.py:545} INFO - Filling up the DagBag from /home/airflow/.local/lib/python3.9/site-packages/airflow/example_dags/example_trigger_controller_dag.py
[2025-12-11T04:19:40.884+0000] {processor.py:840} INFO - DAG(s) 'example_trigger_controller_dag' retrieved from /home/airflow/.local/lib/python3.9/site-packages/airflow/example_dags/example_trigger_controller_dag.py
[2025-12-11T04:19:40.957+0000] {logging_mixin.py:188} INFO - [2025-12-11T04:19:40.944+0000] {dag.py:3096} INFO - Sync 1 DAGs
[2025-12-11T04:19:41.051+0000] {logging_mixin.py:188} INFO - [2025-12-11T04:19:41.050+0000] {dag.py:3954} INFO - Setting next_dagrun for example_trigger_controller_dag to 2021-01-01 00:00:00+00:00, run_after=2021-01-01 00:00:00+00:00
[2025-12-11T04:19:41.320+0000] {processor.py:183} INFO - Processing /home/airflow/.local/lib/python3.9/site-packages/airflow/example_dags/example_trigger_controller_dag.py took 0.474 seconds
[2025-12-11T04:20:11.417+0000] {processor.py:161} INFO - Started process (PID=270) to work on /home/airflow/.local/lib/python3.9/site-packages/airflow/example_dags/example_trigger_controller_dag.py
[2025-12-11T04:20:11.419+0000] {processor.py:830} INFO - Processing file /home/airflow/.local/lib/python3.9/site-packages/airflow/example_dags/example_trigger_controller_dag.py for tasks to queue
[2025-12-11T04:20:11.421+0000] {logging_mixin.py:188} INFO - [2025-12-11T04:20:11.421+0000] {dagbag.py:545} INFO - Filling up the DagBag from /home/airflow/.local/lib/python3.9/site-packages/airflow/example_dags/example_trigger_controller_dag.py
[2025-12-11T04:20:11.429+0000] {processor.py:840} INFO - DAG(s) 'example_trigger_controller_dag' retrieved from /home/airflow/.local/lib/python3.9/site-packages/airflow/example_dags/example_trigger_controller_dag.py
[2025-12-11T04:20:11.467+0000] {logging_mixin.py:188} INFO - [2025-12-11T04:20:11.466+0000] {dag.py:3096} INFO - Sync 1 DAGs
[2025-12-11T04:20:11.522+0000] {logging_mixin.py:188} INFO - [2025-12-11T04:20:11.521+0000] {dag.py:3954} INFO - Setting next_dagrun for example_trigger_controller_dag to 2021-01-01 00:00:00+00:00, run_after=2021-01-01 00:00:00+00:00
[2025-12-11T04:20:11.549+0000] {processor.py:183} INFO - Processing /home/airflow/.local/lib/python3.9/site-packages/airflow/example_dags/example_trigger_controller_dag.py took 0.141 seconds
[2025-12-11T04:20:42.546+0000] {processor.py:161} INFO - Started process (PID=336) to work on /home/airflow/.local/lib/python3.9/site-packages/airflow/example_dags/example_trigger_controller_dag.py
[2025-12-11T04:20:42.548+0000] {processor.py:830} INFO - Processing file /home/airflow/.local/lib/python3.9/site-packages/airflow/example_dags/example_trigger_controller_dag.py for tasks to queue
[2025-12-11T04:20:42.551+0000] {logging_mixin.py:188} INFO - [2025-12-11T04:20:42.550+0000] {dagbag.py:545} INFO - Filling up the DagBag from /home/airflow/.local/lib/python3.9/site-packages/airflow/example_dags/example_trigger_controller_dag.py
[2025-12-11T04:20:42.560+0000] {processor.py:840} INFO - DAG(s) 'example_trigger_controller_dag' retrieved from /home/airflow/.local/lib/python3.9/site-packages/airflow/example_dags/example_trigger_controller_dag.py
[2025-12-11T04:20:42.612+0000] {logging_mixin.py:188} INFO - [2025-12-11T04:20:42.612+0000] {dag.py:3096} INFO - Sync 1 DAGs
[2025-12-11T04:20:42.661+0000] {logging_mixin.py:188} INFO - [2025-12-11T04:20:42.660+0000] {dag.py:3954} INFO - Setting next_dagrun for example_trigger_controller_dag to 2021-01-01 00:00:00+00:00, run_after=2021-01-01 00:00:00+00:00
[2025-12-11T04:20:42.691+0000] {processor.py:183} INFO - Processing /home/airflow/.local/lib/python3.9/site-packages/airflow/example_dags/example_trigger_controller_dag.py took 0.157 seconds
[2025-12-11T04:21:13.507+0000] {processor.py:161} INFO - Started process (PID=402) to work on /home/airflow/.local/lib/python3.9/site-packages/airflow/example_dags/example_trigger_controller_dag.py
[2025-12-11T04:21:13.508+0000] {processor.py:830} INFO - Processing file /home/airflow/.local/lib/python3.9/site-packages/airflow/example_dags/example_trigger_controller_dag.py for tasks to queue
[2025-12-11T04:21:13.511+0000] {logging_mixin.py:188} INFO - [2025-12-11T04:21:13.510+0000] {dagbag.py:545} INFO - Filling up the DagBag from /home/airflow/.local/lib/python3.9/site-packages/airflow/example_dags/example_trigger_controller_dag.py
[2025-12-11T04:21:13.521+0000] {processor.py:840} INFO - DAG(s) 'example_trigger_controller_dag' retrieved from /home/airflow/.local/lib/python3.9/site-packages/airflow/example_dags/example_trigger_controller_dag.py
[2025-12-11T04:21:13.603+0000] {logging_mixin.py:188} INFO - [2025-12-11T04:21:13.602+0000] {dag.py:3096} INFO - Sync 1 DAGs
[2025-12-11T04:21:13.654+0000] {logging_mixin.py:188} INFO - [2025-12-11T04:21:13.654+0000] {dag.py:3954} INFO - Setting next_dagrun for example_trigger_controller_dag to 2021-01-01 00:00:00+00:00, run_after=2021-01-01 00:00:00+00:00
[2025-12-11T04:21:13.684+0000] {processor.py:183} INFO - Processing /home/airflow/.local/lib/python3.9/site-packages/airflow/example_dags/example_trigger_controller_dag.py took 0.187 seconds
[2025-12-11T04:21:44.200+0000] {processor.py:161} INFO - Started process (PID=467) to work on /home/airflow/.local/lib/python3.9/site-packages/airflow/example_dags/example_trigger_controller_dag.py
[2025-12-11T04:21:44.202+0000] {processor.py:830} INFO - Processing file /home/airflow/.local/lib/python3.9/site-packages/airflow/example_dags/example_trigger_controller_dag.py for tasks to queue
[2025-12-11T04:21:44.204+0000] {logging_mixin.py:188} INFO - [2025-12-11T04:21:44.204+0000] {dagbag.py:545} INFO - Filling up the DagBag from /home/airflow/.local/lib/python3.9/site-packages/airflow/example_dags/example_trigger_controller_dag.py
[2025-12-11T04:21:44.212+0000] {processor.py:840} INFO - DAG(s) 'example_trigger_controller_dag' retrieved from /home/airflow/.local/lib/python3.9/site-packages/airflow/example_dags/example_trigger_controller_dag.py
[2025-12-11T04:21:44.261+0000] {logging_mixin.py:188} INFO - [2025-12-11T04:21:44.260+0000] {dag.py:3096} INFO - Sync 1 DAGs
[2025-12-11T04:21:44.296+0000] {logging_mixin.py:188} INFO - [2025-12-11T04:21:44.295+0000] {dag.py:3954} INFO - Setting next_dagrun for example_trigger_controller_dag to 2021-01-01 00:00:00+00:00, run_after=2021-01-01 00:00:00+00:00
[2025-12-11T04:21:44.322+0000] {processor.py:183} INFO - Processing /home/airflow/.local/lib/python3.9/site-packages/airflow/example_dags/example_trigger_controller_dag.py took 0.135 seconds
[2025-12-11T04:22:14.704+0000] {processor.py:161} INFO - Started process (PID=533) to work on /home/airflow/.local/lib/python3.9/site-packages/airflow/example_dags/example_trigger_controller_dag.py
[2025-12-11T04:22:14.707+0000] {processor.py:830} INFO - Processing file /home/airflow/.local/lib/python3.9/site-packages/airflow/example_dags/example_trigger_controller_dag.py for tasks to queue
[2025-12-11T04:22:14.711+0000] {logging_mixin.py:188} INFO - [2025-12-11T04:22:14.710+0000] {dagbag.py:545} INFO - Filling up the DagBag from /home/airflow/.local/lib/python3.9/site-packages/airflow/example_dags/example_trigger_controller_dag.py
[2025-12-11T04:22:14.722+0000] {processor.py:840} INFO - DAG(s) 'example_trigger_controller_dag' retrieved from /home/airflow/.local/lib/python3.9/site-packages/airflow/example_dags/example_trigger_controller_dag.py
[2025-12-11T04:22:14.765+0000] {logging_mixin.py:188} INFO - [2025-12-11T04:22:14.764+0000] {dag.py:3096} INFO - Sync 1 DAGs
[2025-12-11T04:22:14.818+0000] {logging_mixin.py:188} INFO - [2025-12-11T04:22:14.817+0000] {dag.py:3954} INFO - Setting next_dagrun for example_trigger_controller_dag to 2021-01-01 00:00:00+00:00, run_after=2021-01-01 00:00:00+00:00
[2025-12-11T04:22:14.859+0000] {processor.py:183} INFO - Processing /home/airflow/.local/lib/python3.9/site-packages/airflow/example_dags/example_trigger_controller_dag.py took 0.170 seconds
[2025-12-11T04:22:45.361+0000] {processor.py:161} INFO - Started process (PID=599) to work on /home/airflow/.local/lib/python3.9/site-packages/airflow/example_dags/example_trigger_controller_dag.py
[2025-12-11T04:22:45.363+0000] {processor.py:830} INFO - Processing file /home/airflow/.local/lib/python3.9/site-packages/airflow/example_dags/example_trigger_controller_dag.py for tasks to queue
[2025-12-11T04:22:45.365+0000] {logging_mixin.py:188} INFO - [2025-12-11T04:22:45.365+0000] {dagbag.py:545} INFO - Filling up the DagBag from /home/airflow/.local/lib/python3.9/site-packages/airflow/example_dags/example_trigger_controller_dag.py
[2025-12-11T04:22:45.373+0000] {processor.py:840} INFO - DAG(s) 'example_trigger_controller_dag' retrieved from /home/airflow/.local/lib/python3.9/site-packages/airflow/example_dags/example_trigger_controller_dag.py
[2025-12-11T04:22:45.408+0000] {logging_mixin.py:188} INFO - [2025-12-11T04:22:45.407+0000] {dag.py:3096} INFO - Sync 1 DAGs
[2025-12-11T04:22:45.445+0000] {logging_mixin.py:188} INFO - [2025-12-11T04:22:45.445+0000] {dag.py:3954} INFO - Setting next_dagrun for example_trigger_controller_dag to 2021-01-01 00:00:00+00:00, run_after=2021-01-01 00:00:00+00:00
[2025-12-11T04:22:45.478+0000] {processor.py:183} INFO - Processing /home/airflow/.local/lib/python3.9/site-packages/airflow/example_dags/example_trigger_controller_dag.py took 0.129 seconds
[2025-12-11T04:23:17.126+0000] {processor.py:161} INFO - Started process (PID=665) to work on /home/airflow/.local/lib/python3.9/site-packages/airflow/example_dags/example_trigger_controller_dag.py
[2025-12-11T04:23:17.130+0000] {processor.py:830} INFO - Processing file /home/airflow/.local/lib/python3.9/site-packages/airflow/example_dags/example_trigger_controller_dag.py for tasks to queue
[2025-12-11T04:23:17.140+0000] {logging_mixin.py:188} INFO - [2025-12-11T04:23:17.139+0000] {dagbag.py:545} INFO - Filling up the DagBag from /home/airflow/.local/lib/python3.9/site-packages/airflow/example_dags/example_trigger_controller_dag.py
[2025-12-11T04:23:17.159+0000] {processor.py:840} INFO - DAG(s) 'example_trigger_controller_dag' retrieved from /home/airflow/.local/lib/python3.9/site-packages/airflow/example_dags/example_trigger_controller_dag.py
[2025-12-11T04:23:17.212+0000] {logging_mixin.py:188} INFO - [2025-12-11T04:23:17.211+0000] {dag.py:3096} INFO - Sync 1 DAGs
[2025-12-11T04:23:17.260+0000] {logging_mixin.py:188} INFO - [2025-12-11T04:23:17.260+0000] {dag.py:3954} INFO - Setting next_dagrun for example_trigger_controller_dag to 2021-01-01 00:00:00+00:00, run_after=2021-01-01 00:00:00+00:00
[2025-12-11T04:23:17.531+0000] {processor.py:183} INFO - Processing /home/airflow/.local/lib/python3.9/site-packages/airflow/example_dags/example_trigger_controller_dag.py took 0.426 seconds
[2025-12-11T04:23:47.608+0000] {processor.py:161} INFO - Started process (PID=730) to work on /home/airflow/.local/lib/python3.9/site-packages/airflow/example_dags/example_trigger_controller_dag.py
[2025-12-11T04:23:47.616+0000] {processor.py:830} INFO - Processing file /home/airflow/.local/lib/python3.9/site-packages/airflow/example_dags/example_trigger_controller_dag.py for tasks to queue
[2025-12-11T04:23:47.619+0000] {logging_mixin.py:188} INFO - [2025-12-11T04:23:47.618+0000] {dagbag.py:545} INFO - Filling up the DagBag from /home/airflow/.local/lib/python3.9/site-packages/airflow/example_dags/example_trigger_controller_dag.py
[2025-12-11T04:23:47.627+0000] {processor.py:840} INFO - DAG(s) 'example_trigger_controller_dag' retrieved from /home/airflow/.local/lib/python3.9/site-packages/airflow/example_dags/example_trigger_controller_dag.py
[2025-12-11T04:23:47.697+0000] {logging_mixin.py:188} INFO - [2025-12-11T04:23:47.687+0000] {dag.py:3096} INFO - Sync 1 DAGs
[2025-12-11T04:23:47.749+0000] {logging_mixin.py:188} INFO - [2025-12-11T04:23:47.749+0000] {dag.py:3954} INFO - Setting next_dagrun for example_trigger_controller_dag to 2021-01-01 00:00:00+00:00, run_after=2021-01-01 00:00:00+00:00
[2025-12-11T04:23:47.783+0000] {processor.py:183} INFO - Processing /home/airflow/.local/lib/python3.9/site-packages/airflow/example_dags/example_trigger_controller_dag.py took 0.186 seconds
[2025-12-11T04:24:19.024+0000] {processor.py:161} INFO - Started process (PID=804) to work on /home/airflow/.local/lib/python3.9/site-packages/airflow/example_dags/example_trigger_controller_dag.py
[2025-12-11T04:24:19.026+0000] {processor.py:830} INFO - Processing file /home/airflow/.local/lib/python3.9/site-packages/airflow/example_dags/example_trigger_controller_dag.py for tasks to queue
[2025-12-11T04:24:19.029+0000] {logging_mixin.py:188} INFO - [2025-12-11T04:24:19.028+0000] {dagbag.py:545} INFO - Filling up the DagBag from /home/airflow/.local/lib/python3.9/site-packages/airflow/example_dags/example_trigger_controller_dag.py
[2025-12-11T04:24:19.038+0000] {processor.py:840} INFO - DAG(s) 'example_trigger_controller_dag' retrieved from /home/airflow/.local/lib/python3.9/site-packages/airflow/example_dags/example_trigger_controller_dag.py
[2025-12-11T04:24:19.090+0000] {logging_mixin.py:188} INFO - [2025-12-11T04:24:19.089+0000] {dag.py:3096} INFO - Sync 1 DAGs
[2025-12-11T04:24:19.138+0000] {logging_mixin.py:188} INFO - [2025-12-11T04:24:19.137+0000] {dag.py:3954} INFO - Setting next_dagrun for example_trigger_controller_dag to 2021-01-01 00:00:00+00:00, run_after=2021-01-01 00:00:00+00:00
[2025-12-11T04:24:19.175+0000] {processor.py:183} INFO - Processing /home/airflow/.local/lib/python3.9/site-packages/airflow/example_dags/example_trigger_controller_dag.py took 0.162 seconds
[2025-12-11T04:24:50.767+0000] {processor.py:161} INFO - Started process (PID=872) to work on /home/airflow/.local/lib/python3.9/site-packages/airflow/example_dags/example_trigger_controller_dag.py
[2025-12-11T04:24:50.833+0000] {processor.py:830} INFO - Processing file /home/airflow/.local/lib/python3.9/site-packages/airflow/example_dags/example_trigger_controller_dag.py for tasks to queue
[2025-12-11T04:24:50.837+0000] {logging_mixin.py:188} INFO - [2025-12-11T04:24:50.836+0000] {dagbag.py:545} INFO - Filling up the DagBag from /home/airflow/.local/lib/python3.9/site-packages/airflow/example_dags/example_trigger_controller_dag.py
[2025-12-11T04:24:50.845+0000] {processor.py:840} INFO - DAG(s) 'example_trigger_controller_dag' retrieved from /home/airflow/.local/lib/python3.9/site-packages/airflow/example_dags/example_trigger_controller_dag.py
[2025-12-11T04:24:50.924+0000] {logging_mixin.py:188} INFO - [2025-12-11T04:24:50.923+0000] {dag.py:3096} INFO - Sync 1 DAGs
[2025-12-11T04:24:50.981+0000] {logging_mixin.py:188} INFO - [2025-12-11T04:24:50.980+0000] {dag.py:3954} INFO - Setting next_dagrun for example_trigger_controller_dag to 2021-01-01 00:00:00+00:00, run_after=2021-01-01 00:00:00+00:00
[2025-12-11T04:24:51.222+0000] {processor.py:183} INFO - Processing /home/airflow/.local/lib/python3.9/site-packages/airflow/example_dags/example_trigger_controller_dag.py took 0.474 seconds
[2025-12-11T04:25:21.767+0000] {processor.py:161} INFO - Started process (PID=937) to work on /home/airflow/.local/lib/python3.9/site-packages/airflow/example_dags/example_trigger_controller_dag.py
[2025-12-11T04:25:21.784+0000] {processor.py:830} INFO - Processing file /home/airflow/.local/lib/python3.9/site-packages/airflow/example_dags/example_trigger_controller_dag.py for tasks to queue
[2025-12-11T04:25:21.787+0000] {logging_mixin.py:188} INFO - [2025-12-11T04:25:21.786+0000] {dagbag.py:545} INFO - Filling up the DagBag from /home/airflow/.local/lib/python3.9/site-packages/airflow/example_dags/example_trigger_controller_dag.py
[2025-12-11T04:25:21.804+0000] {processor.py:840} INFO - DAG(s) 'example_trigger_controller_dag' retrieved from /home/airflow/.local/lib/python3.9/site-packages/airflow/example_dags/example_trigger_controller_dag.py
[2025-12-11T04:25:21.877+0000] {logging_mixin.py:188} INFO - [2025-12-11T04:25:21.877+0000] {dag.py:3096} INFO - Sync 1 DAGs
[2025-12-11T04:25:21.978+0000] {logging_mixin.py:188} INFO - [2025-12-11T04:25:21.977+0000] {dag.py:3954} INFO - Setting next_dagrun for example_trigger_controller_dag to 2021-01-01 00:00:00+00:00, run_after=2021-01-01 00:00:00+00:00
[2025-12-11T04:25:22.062+0000] {processor.py:183} INFO - Processing /home/airflow/.local/lib/python3.9/site-packages/airflow/example_dags/example_trigger_controller_dag.py took 0.304 seconds
[2025-12-11T04:25:52.484+0000] {processor.py:161} INFO - Started process (PID=1003) to work on /home/airflow/.local/lib/python3.9/site-packages/airflow/example_dags/example_trigger_controller_dag.py
[2025-12-11T04:25:52.545+0000] {processor.py:830} INFO - Processing file /home/airflow/.local/lib/python3.9/site-packages/airflow/example_dags/example_trigger_controller_dag.py for tasks to queue
[2025-12-11T04:25:52.549+0000] {logging_mixin.py:188} INFO - [2025-12-11T04:25:52.548+0000] {dagbag.py:545} INFO - Filling up the DagBag from /home/airflow/.local/lib/python3.9/site-packages/airflow/example_dags/example_trigger_controller_dag.py
[2025-12-11T04:25:52.557+0000] {processor.py:840} INFO - DAG(s) 'example_trigger_controller_dag' retrieved from /home/airflow/.local/lib/python3.9/site-packages/airflow/example_dags/example_trigger_controller_dag.py
[2025-12-11T04:25:52.608+0000] {logging_mixin.py:188} INFO - [2025-12-11T04:25:52.607+0000] {dag.py:3096} INFO - Sync 1 DAGs
[2025-12-11T04:25:52.670+0000] {logging_mixin.py:188} INFO - [2025-12-11T04:25:52.669+0000] {dag.py:3954} INFO - Setting next_dagrun for example_trigger_controller_dag to 2021-01-01 00:00:00+00:00, run_after=2021-01-01 00:00:00+00:00
[2025-12-11T04:25:52.787+0000] {processor.py:183} INFO - Processing /home/airflow/.local/lib/python3.9/site-packages/airflow/example_dags/example_trigger_controller_dag.py took 0.314 seconds
[2025-12-11T04:26:23.008+0000] {processor.py:161} INFO - Started process (PID=1069) to work on /home/airflow/.local/lib/python3.9/site-packages/airflow/example_dags/example_trigger_controller_dag.py
[2025-12-11T04:26:23.046+0000] {processor.py:830} INFO - Processing file /home/airflow/.local/lib/python3.9/site-packages/airflow/example_dags/example_trigger_controller_dag.py for tasks to queue
[2025-12-11T04:26:23.050+0000] {logging_mixin.py:188} INFO - [2025-12-11T04:26:23.049+0000] {dagbag.py:545} INFO - Filling up the DagBag from /home/airflow/.local/lib/python3.9/site-packages/airflow/example_dags/example_trigger_controller_dag.py
[2025-12-11T04:26:23.061+0000] {processor.py:840} INFO - DAG(s) 'example_trigger_controller_dag' retrieved from /home/airflow/.local/lib/python3.9/site-packages/airflow/example_dags/example_trigger_controller_dag.py
[2025-12-11T04:26:23.137+0000] {logging_mixin.py:188} INFO - [2025-12-11T04:26:23.128+0000] {dag.py:3096} INFO - Sync 1 DAGs
[2025-12-11T04:26:23.187+0000] {logging_mixin.py:188} INFO - [2025-12-11T04:26:23.187+0000] {dag.py:3954} INFO - Setting next_dagrun for example_trigger_controller_dag to 2021-01-01 00:00:00+00:00, run_after=2021-01-01 00:00:00+00:00
[2025-12-11T04:26:23.361+0000] {processor.py:183} INFO - Processing /home/airflow/.local/lib/python3.9/site-packages/airflow/example_dags/example_trigger_controller_dag.py took 0.367 seconds
[2025-12-11T04:26:53.694+0000] {processor.py:161} INFO - Started process (PID=1135) to work on /home/airflow/.local/lib/python3.9/site-packages/airflow/example_dags/example_trigger_controller_dag.py
[2025-12-11T04:26:53.771+0000] {processor.py:830} INFO - Processing file /home/airflow/.local/lib/python3.9/site-packages/airflow/example_dags/example_trigger_controller_dag.py for tasks to queue
[2025-12-11T04:26:53.774+0000] {logging_mixin.py:188} INFO - [2025-12-11T04:26:53.774+0000] {dagbag.py:545} INFO - Filling up the DagBag from /home/airflow/.local/lib/python3.9/site-packages/airflow/example_dags/example_trigger_controller_dag.py
[2025-12-11T04:26:53.784+0000] {processor.py:840} INFO - DAG(s) 'example_trigger_controller_dag' retrieved from /home/airflow/.local/lib/python3.9/site-packages/airflow/example_dags/example_trigger_controller_dag.py
[2025-12-11T04:26:53.825+0000] {logging_mixin.py:188} INFO - [2025-12-11T04:26:53.825+0000] {dag.py:3096} INFO - Sync 1 DAGs
[2025-12-11T04:26:53.865+0000] {logging_mixin.py:188} INFO - [2025-12-11T04:26:53.864+0000] {dag.py:3954} INFO - Setting next_dagrun for example_trigger_controller_dag to 2021-01-01 00:00:00+00:00, run_after=2021-01-01 00:00:00+00:00
[2025-12-11T04:26:54.103+0000] {processor.py:183} INFO - Processing /home/airflow/.local/lib/python3.9/site-packages/airflow/example_dags/example_trigger_controller_dag.py took 0.420 seconds
[2025-12-11T04:27:25.035+0000] {processor.py:161} INFO - Started process (PID=1201) to work on /home/airflow/.local/lib/python3.9/site-packages/airflow/example_dags/example_trigger_controller_dag.py
[2025-12-11T04:27:25.037+0000] {processor.py:830} INFO - Processing file /home/airflow/.local/lib/python3.9/site-packages/airflow/example_dags/example_trigger_controller_dag.py for tasks to queue
[2025-12-11T04:27:25.040+0000] {logging_mixin.py:188} INFO - [2025-12-11T04:27:25.039+0000] {dagbag.py:545} INFO - Filling up the DagBag from /home/airflow/.local/lib/python3.9/site-packages/airflow/example_dags/example_trigger_controller_dag.py
[2025-12-11T04:27:25.047+0000] {processor.py:840} INFO - DAG(s) 'example_trigger_controller_dag' retrieved from /home/airflow/.local/lib/python3.9/site-packages/airflow/example_dags/example_trigger_controller_dag.py
[2025-12-11T04:27:25.117+0000] {logging_mixin.py:188} INFO - [2025-12-11T04:27:25.108+0000] {dag.py:3096} INFO - Sync 1 DAGs
[2025-12-11T04:27:25.186+0000] {logging_mixin.py:188} INFO - [2025-12-11T04:27:25.186+0000] {dag.py:3954} INFO - Setting next_dagrun for example_trigger_controller_dag to 2021-01-01 00:00:00+00:00, run_after=2021-01-01 00:00:00+00:00
[2025-12-11T04:27:25.220+0000] {processor.py:183} INFO - Processing /home/airflow/.local/lib/python3.9/site-packages/airflow/example_dags/example_trigger_controller_dag.py took 0.196 seconds
[2025-12-11T04:27:55.501+0000] {processor.py:161} INFO - Started process (PID=1267) to work on /home/airflow/.local/lib/python3.9/site-packages/airflow/example_dags/example_trigger_controller_dag.py
[2025-12-11T04:27:55.503+0000] {processor.py:830} INFO - Processing file /home/airflow/.local/lib/python3.9/site-packages/airflow/example_dags/example_trigger_controller_dag.py for tasks to queue
[2025-12-11T04:27:55.505+0000] {logging_mixin.py:188} INFO - [2025-12-11T04:27:55.505+0000] {dagbag.py:545} INFO - Filling up the DagBag from /home/airflow/.local/lib/python3.9/site-packages/airflow/example_dags/example_trigger_controller_dag.py
[2025-12-11T04:27:55.513+0000] {processor.py:840} INFO - DAG(s) 'example_trigger_controller_dag' retrieved from /home/airflow/.local/lib/python3.9/site-packages/airflow/example_dags/example_trigger_controller_dag.py
[2025-12-11T04:27:55.559+0000] {logging_mixin.py:188} INFO - [2025-12-11T04:27:55.559+0000] {dag.py:3096} INFO - Sync 1 DAGs
[2025-12-11T04:27:55.609+0000] {logging_mixin.py:188} INFO - [2025-12-11T04:27:55.609+0000] {dag.py:3954} INFO - Setting next_dagrun for example_trigger_controller_dag to 2021-01-01 00:00:00+00:00, run_after=2021-01-01 00:00:00+00:00
[2025-12-11T04:27:55.641+0000] {processor.py:183} INFO - Processing /home/airflow/.local/lib/python3.9/site-packages/airflow/example_dags/example_trigger_controller_dag.py took 0.149 seconds
[2025-12-11T04:28:26.064+0000] {processor.py:161} INFO - Started process (PID=1333) to work on /home/airflow/.local/lib/python3.9/site-packages/airflow/example_dags/example_trigger_controller_dag.py
[2025-12-11T04:28:26.146+0000] {processor.py:830} INFO - Processing file /home/airflow/.local/lib/python3.9/site-packages/airflow/example_dags/example_trigger_controller_dag.py for tasks to queue
[2025-12-11T04:28:26.149+0000] {logging_mixin.py:188} INFO - [2025-12-11T04:28:26.149+0000] {dagbag.py:545} INFO - Filling up the DagBag from /home/airflow/.local/lib/python3.9/site-packages/airflow/example_dags/example_trigger_controller_dag.py
[2025-12-11T04:28:26.156+0000] {processor.py:840} INFO - DAG(s) 'example_trigger_controller_dag' retrieved from /home/airflow/.local/lib/python3.9/site-packages/airflow/example_dags/example_trigger_controller_dag.py
[2025-12-11T04:28:26.197+0000] {logging_mixin.py:188} INFO - [2025-12-11T04:28:26.197+0000] {dag.py:3096} INFO - Sync 1 DAGs
[2025-12-11T04:28:26.235+0000] {logging_mixin.py:188} INFO - [2025-12-11T04:28:26.235+0000] {dag.py:3954} INFO - Setting next_dagrun for example_trigger_controller_dag to 2021-01-01 00:00:00+00:00, run_after=2021-01-01 00:00:00+00:00
[2025-12-11T04:28:26.402+0000] {processor.py:183} INFO - Processing /home/airflow/.local/lib/python3.9/site-packages/airflow/example_dags/example_trigger_controller_dag.py took 0.350 seconds
[2025-12-11T04:28:57.132+0000] {processor.py:161} INFO - Started process (PID=1399) to work on /home/airflow/.local/lib/python3.9/site-packages/airflow/example_dags/example_trigger_controller_dag.py
[2025-12-11T04:28:57.134+0000] {processor.py:830} INFO - Processing file /home/airflow/.local/lib/python3.9/site-packages/airflow/example_dags/example_trigger_controller_dag.py for tasks to queue
[2025-12-11T04:28:57.138+0000] {logging_mixin.py:188} INFO - [2025-12-11T04:28:57.138+0000] {dagbag.py:545} INFO - Filling up the DagBag from /home/airflow/.local/lib/python3.9/site-packages/airflow/example_dags/example_trigger_controller_dag.py
[2025-12-11T04:28:57.145+0000] {processor.py:840} INFO - DAG(s) 'example_trigger_controller_dag' retrieved from /home/airflow/.local/lib/python3.9/site-packages/airflow/example_dags/example_trigger_controller_dag.py
[2025-12-11T04:28:57.188+0000] {logging_mixin.py:188} INFO - [2025-12-11T04:28:57.188+0000] {dag.py:3096} INFO - Sync 1 DAGs
[2025-12-11T04:28:57.226+0000] {logging_mixin.py:188} INFO - [2025-12-11T04:28:57.226+0000] {dag.py:3954} INFO - Setting next_dagrun for example_trigger_controller_dag to 2021-01-01 00:00:00+00:00, run_after=2021-01-01 00:00:00+00:00
[2025-12-11T04:28:57.254+0000] {processor.py:183} INFO - Processing /home/airflow/.local/lib/python3.9/site-packages/airflow/example_dags/example_trigger_controller_dag.py took 0.131 seconds
[2025-12-11T04:29:28.140+0000] {processor.py:161} INFO - Started process (PID=1465) to work on /home/airflow/.local/lib/python3.9/site-packages/airflow/example_dags/example_trigger_controller_dag.py
[2025-12-11T04:29:28.142+0000] {processor.py:830} INFO - Processing file /home/airflow/.local/lib/python3.9/site-packages/airflow/example_dags/example_trigger_controller_dag.py for tasks to queue
[2025-12-11T04:29:28.144+0000] {logging_mixin.py:188} INFO - [2025-12-11T04:29:28.144+0000] {dagbag.py:545} INFO - Filling up the DagBag from /home/airflow/.local/lib/python3.9/site-packages/airflow/example_dags/example_trigger_controller_dag.py
[2025-12-11T04:29:28.151+0000] {processor.py:840} INFO - DAG(s) 'example_trigger_controller_dag' retrieved from /home/airflow/.local/lib/python3.9/site-packages/airflow/example_dags/example_trigger_controller_dag.py
[2025-12-11T04:29:28.189+0000] {logging_mixin.py:188} INFO - [2025-12-11T04:29:28.189+0000] {dag.py:3096} INFO - Sync 1 DAGs
[2025-12-11T04:29:28.223+0000] {logging_mixin.py:188} INFO - [2025-12-11T04:29:28.222+0000] {dag.py:3954} INFO - Setting next_dagrun for example_trigger_controller_dag to 2021-01-01 00:00:00+00:00, run_after=2021-01-01 00:00:00+00:00
[2025-12-11T04:29:28.248+0000] {processor.py:183} INFO - Processing /home/airflow/.local/lib/python3.9/site-packages/airflow/example_dags/example_trigger_controller_dag.py took 0.116 seconds
[2025-12-11T04:29:58.851+0000] {processor.py:161} INFO - Started process (PID=1531) to work on /home/airflow/.local/lib/python3.9/site-packages/airflow/example_dags/example_trigger_controller_dag.py
[2025-12-11T04:29:58.960+0000] {processor.py:830} INFO - Processing file /home/airflow/.local/lib/python3.9/site-packages/airflow/example_dags/example_trigger_controller_dag.py for tasks to queue
[2025-12-11T04:29:58.963+0000] {logging_mixin.py:188} INFO - [2025-12-11T04:29:58.962+0000] {dagbag.py:545} INFO - Filling up the DagBag from /home/airflow/.local/lib/python3.9/site-packages/airflow/example_dags/example_trigger_controller_dag.py
[2025-12-11T04:29:58.970+0000] {processor.py:840} INFO - DAG(s) 'example_trigger_controller_dag' retrieved from /home/airflow/.local/lib/python3.9/site-packages/airflow/example_dags/example_trigger_controller_dag.py
[2025-12-11T04:29:59.007+0000] {logging_mixin.py:188} INFO - [2025-12-11T04:29:59.007+0000] {dag.py:3096} INFO - Sync 1 DAGs
[2025-12-11T04:29:59.104+0000] {logging_mixin.py:188} INFO - [2025-12-11T04:29:59.103+0000] {dag.py:3954} INFO - Setting next_dagrun for example_trigger_controller_dag to 2021-01-01 00:00:00+00:00, run_after=2021-01-01 00:00:00+00:00
[2025-12-11T04:29:59.151+0000] {processor.py:183} INFO - Processing /home/airflow/.local/lib/python3.9/site-packages/airflow/example_dags/example_trigger_controller_dag.py took 0.312 seconds
[2025-12-11T04:30:29.840+0000] {processor.py:161} INFO - Started process (PID=1598) to work on /home/airflow/.local/lib/python3.9/site-packages/airflow/example_dags/example_trigger_controller_dag.py
[2025-12-11T04:30:29.848+0000] {processor.py:830} INFO - Processing file /home/airflow/.local/lib/python3.9/site-packages/airflow/example_dags/example_trigger_controller_dag.py for tasks to queue
[2025-12-11T04:30:29.851+0000] {logging_mixin.py:188} INFO - [2025-12-11T04:30:29.850+0000] {dagbag.py:545} INFO - Filling up the DagBag from /home/airflow/.local/lib/python3.9/site-packages/airflow/example_dags/example_trigger_controller_dag.py
[2025-12-11T04:30:29.860+0000] {processor.py:840} INFO - DAG(s) 'example_trigger_controller_dag' retrieved from /home/airflow/.local/lib/python3.9/site-packages/airflow/example_dags/example_trigger_controller_dag.py
[2025-12-11T04:30:29.894+0000] {logging_mixin.py:188} INFO - [2025-12-11T04:30:29.894+0000] {dag.py:3096} INFO - Sync 1 DAGs
[2025-12-11T04:30:29.926+0000] {logging_mixin.py:188} INFO - [2025-12-11T04:30:29.925+0000] {dag.py:3954} INFO - Setting next_dagrun for example_trigger_controller_dag to 2021-01-01 00:00:00+00:00, run_after=2021-01-01 00:00:00+00:00
[2025-12-11T04:30:29.964+0000] {processor.py:183} INFO - Processing /home/airflow/.local/lib/python3.9/site-packages/airflow/example_dags/example_trigger_controller_dag.py took 0.134 seconds
[2025-12-11T04:31:00.885+0000] {processor.py:161} INFO - Started process (PID=1664) to work on /home/airflow/.local/lib/python3.9/site-packages/airflow/example_dags/example_trigger_controller_dag.py
[2025-12-11T04:31:00.887+0000] {processor.py:830} INFO - Processing file /home/airflow/.local/lib/python3.9/site-packages/airflow/example_dags/example_trigger_controller_dag.py for tasks to queue
[2025-12-11T04:31:00.889+0000] {logging_mixin.py:188} INFO - [2025-12-11T04:31:00.889+0000] {dagbag.py:545} INFO - Filling up the DagBag from /home/airflow/.local/lib/python3.9/site-packages/airflow/example_dags/example_trigger_controller_dag.py
[2025-12-11T04:31:00.897+0000] {processor.py:840} INFO - DAG(s) 'example_trigger_controller_dag' retrieved from /home/airflow/.local/lib/python3.9/site-packages/airflow/example_dags/example_trigger_controller_dag.py
[2025-12-11T04:31:00.933+0000] {logging_mixin.py:188} INFO - [2025-12-11T04:31:00.932+0000] {dag.py:3096} INFO - Sync 1 DAGs
[2025-12-11T04:31:00.963+0000] {logging_mixin.py:188} INFO - [2025-12-11T04:31:00.963+0000] {dag.py:3954} INFO - Setting next_dagrun for example_trigger_controller_dag to 2021-01-01 00:00:00+00:00, run_after=2021-01-01 00:00:00+00:00
[2025-12-11T04:31:00.988+0000] {processor.py:183} INFO - Processing /home/airflow/.local/lib/python3.9/site-packages/airflow/example_dags/example_trigger_controller_dag.py took 0.112 seconds
[2025-12-11T04:31:31.739+0000] {processor.py:161} INFO - Started process (PID=1730) to work on /home/airflow/.local/lib/python3.9/site-packages/airflow/example_dags/example_trigger_controller_dag.py
[2025-12-11T04:31:31.740+0000] {processor.py:830} INFO - Processing file /home/airflow/.local/lib/python3.9/site-packages/airflow/example_dags/example_trigger_controller_dag.py for tasks to queue
[2025-12-11T04:31:31.743+0000] {logging_mixin.py:188} INFO - [2025-12-11T04:31:31.742+0000] {dagbag.py:545} INFO - Filling up the DagBag from /home/airflow/.local/lib/python3.9/site-packages/airflow/example_dags/example_trigger_controller_dag.py
[2025-12-11T04:31:31.750+0000] {processor.py:840} INFO - DAG(s) 'example_trigger_controller_dag' retrieved from /home/airflow/.local/lib/python3.9/site-packages/airflow/example_dags/example_trigger_controller_dag.py
[2025-12-11T04:31:31.785+0000] {logging_mixin.py:188} INFO - [2025-12-11T04:31:31.785+0000] {dag.py:3096} INFO - Sync 1 DAGs
[2025-12-11T04:31:31.822+0000] {logging_mixin.py:188} INFO - [2025-12-11T04:31:31.821+0000] {dag.py:3954} INFO - Setting next_dagrun for example_trigger_controller_dag to 2021-01-01 00:00:00+00:00, run_after=2021-01-01 00:00:00+00:00
[2025-12-11T04:31:31.850+0000] {processor.py:183} INFO - Processing /home/airflow/.local/lib/python3.9/site-packages/airflow/example_dags/example_trigger_controller_dag.py took 0.122 seconds
[2025-12-11T04:32:02.225+0000] {processor.py:161} INFO - Started process (PID=1796) to work on /home/airflow/.local/lib/python3.9/site-packages/airflow/example_dags/example_trigger_controller_dag.py
[2025-12-11T04:32:02.247+0000] {processor.py:830} INFO - Processing file /home/airflow/.local/lib/python3.9/site-packages/airflow/example_dags/example_trigger_controller_dag.py for tasks to queue
[2025-12-11T04:32:02.251+0000] {logging_mixin.py:188} INFO - [2025-12-11T04:32:02.250+0000] {dagbag.py:545} INFO - Filling up the DagBag from /home/airflow/.local/lib/python3.9/site-packages/airflow/example_dags/example_trigger_controller_dag.py
[2025-12-11T04:32:02.259+0000] {processor.py:840} INFO - DAG(s) 'example_trigger_controller_dag' retrieved from /home/airflow/.local/lib/python3.9/site-packages/airflow/example_dags/example_trigger_controller_dag.py
[2025-12-11T04:32:02.297+0000] {logging_mixin.py:188} INFO - [2025-12-11T04:32:02.297+0000] {dag.py:3096} INFO - Sync 1 DAGs
[2025-12-11T04:32:02.336+0000] {logging_mixin.py:188} INFO - [2025-12-11T04:32:02.335+0000] {dag.py:3954} INFO - Setting next_dagrun for example_trigger_controller_dag to 2021-01-01 00:00:00+00:00, run_after=2021-01-01 00:00:00+00:00
[2025-12-11T04:32:02.629+0000] {processor.py:183} INFO - Processing /home/airflow/.local/lib/python3.9/site-packages/airflow/example_dags/example_trigger_controller_dag.py took 0.416 seconds
[2025-12-11T04:32:32.725+0000] {processor.py:161} INFO - Started process (PID=1862) to work on /home/airflow/.local/lib/python3.9/site-packages/airflow/example_dags/example_trigger_controller_dag.py
[2025-12-11T04:32:32.727+0000] {processor.py:830} INFO - Processing file /home/airflow/.local/lib/python3.9/site-packages/airflow/example_dags/example_trigger_controller_dag.py for tasks to queue
[2025-12-11T04:32:32.730+0000] {logging_mixin.py:188} INFO - [2025-12-11T04:32:32.729+0000] {dagbag.py:545} INFO - Filling up the DagBag from /home/airflow/.local/lib/python3.9/site-packages/airflow/example_dags/example_trigger_controller_dag.py
[2025-12-11T04:32:32.741+0000] {processor.py:840} INFO - DAG(s) 'example_trigger_controller_dag' retrieved from /home/airflow/.local/lib/python3.9/site-packages/airflow/example_dags/example_trigger_controller_dag.py
[2025-12-11T04:32:32.788+0000] {logging_mixin.py:188} INFO - [2025-12-11T04:32:32.788+0000] {dag.py:3096} INFO - Sync 1 DAGs
[2025-12-11T04:32:32.857+0000] {logging_mixin.py:188} INFO - [2025-12-11T04:32:32.848+0000] {dag.py:3954} INFO - Setting next_dagrun for example_trigger_controller_dag to 2021-01-01 00:00:00+00:00, run_after=2021-01-01 00:00:00+00:00
[2025-12-11T04:32:32.902+0000] {processor.py:183} INFO - Processing /home/airflow/.local/lib/python3.9/site-packages/airflow/example_dags/example_trigger_controller_dag.py took 0.194 seconds
[2025-12-11T04:33:03.421+0000] {processor.py:161} INFO - Started process (PID=1928) to work on /home/airflow/.local/lib/python3.9/site-packages/airflow/example_dags/example_trigger_controller_dag.py
[2025-12-11T04:33:03.425+0000] {processor.py:830} INFO - Processing file /home/airflow/.local/lib/python3.9/site-packages/airflow/example_dags/example_trigger_controller_dag.py for tasks to queue
[2025-12-11T04:33:03.427+0000] {logging_mixin.py:188} INFO - [2025-12-11T04:33:03.427+0000] {dagbag.py:545} INFO - Filling up the DagBag from /home/airflow/.local/lib/python3.9/site-packages/airflow/example_dags/example_trigger_controller_dag.py
[2025-12-11T04:33:03.435+0000] {processor.py:840} INFO - DAG(s) 'example_trigger_controller_dag' retrieved from /home/airflow/.local/lib/python3.9/site-packages/airflow/example_dags/example_trigger_controller_dag.py
[2025-12-11T04:33:03.478+0000] {logging_mixin.py:188} INFO - [2025-12-11T04:33:03.478+0000] {dag.py:3096} INFO - Sync 1 DAGs
[2025-12-11T04:33:03.515+0000] {logging_mixin.py:188} INFO - [2025-12-11T04:33:03.514+0000] {dag.py:3954} INFO - Setting next_dagrun for example_trigger_controller_dag to 2021-01-01 00:00:00+00:00, run_after=2021-01-01 00:00:00+00:00
[2025-12-11T04:33:03.626+0000] {processor.py:183} INFO - Processing /home/airflow/.local/lib/python3.9/site-packages/airflow/example_dags/example_trigger_controller_dag.py took 0.217 seconds
[2025-12-11T04:33:34.165+0000] {processor.py:161} INFO - Started process (PID=1995) to work on /home/airflow/.local/lib/python3.9/site-packages/airflow/example_dags/example_trigger_controller_dag.py
[2025-12-11T04:33:34.167+0000] {processor.py:830} INFO - Processing file /home/airflow/.local/lib/python3.9/site-packages/airflow/example_dags/example_trigger_controller_dag.py for tasks to queue
[2025-12-11T04:33:34.170+0000] {logging_mixin.py:188} INFO - [2025-12-11T04:33:34.169+0000] {dagbag.py:545} INFO - Filling up the DagBag from /home/airflow/.local/lib/python3.9/site-packages/airflow/example_dags/example_trigger_controller_dag.py
[2025-12-11T04:33:34.177+0000] {processor.py:840} INFO - DAG(s) 'example_trigger_controller_dag' retrieved from /home/airflow/.local/lib/python3.9/site-packages/airflow/example_dags/example_trigger_controller_dag.py
[2025-12-11T04:33:34.219+0000] {logging_mixin.py:188} INFO - [2025-12-11T04:33:34.219+0000] {dag.py:3096} INFO - Sync 1 DAGs
[2025-12-11T04:33:34.259+0000] {logging_mixin.py:188} INFO - [2025-12-11T04:33:34.259+0000] {dag.py:3954} INFO - Setting next_dagrun for example_trigger_controller_dag to 2021-01-01 00:00:00+00:00, run_after=2021-01-01 00:00:00+00:00
[2025-12-11T04:33:34.302+0000] {processor.py:183} INFO - Processing /home/airflow/.local/lib/python3.9/site-packages/airflow/example_dags/example_trigger_controller_dag.py took 0.151 seconds
[2025-12-11T04:34:04.554+0000] {processor.py:161} INFO - Started process (PID=2063) to work on /home/airflow/.local/lib/python3.9/site-packages/airflow/example_dags/example_trigger_controller_dag.py
[2025-12-11T04:34:04.556+0000] {processor.py:830} INFO - Processing file /home/airflow/.local/lib/python3.9/site-packages/airflow/example_dags/example_trigger_controller_dag.py for tasks to queue
[2025-12-11T04:34:04.558+0000] {logging_mixin.py:188} INFO - [2025-12-11T04:34:04.558+0000] {dagbag.py:545} INFO - Filling up the DagBag from /home/airflow/.local/lib/python3.9/site-packages/airflow/example_dags/example_trigger_controller_dag.py
[2025-12-11T04:34:04.566+0000] {processor.py:840} INFO - DAG(s) 'example_trigger_controller_dag' retrieved from /home/airflow/.local/lib/python3.9/site-packages/airflow/example_dags/example_trigger_controller_dag.py
[2025-12-11T04:34:04.603+0000] {logging_mixin.py:188} INFO - [2025-12-11T04:34:04.602+0000] {dag.py:3096} INFO - Sync 1 DAGs
[2025-12-11T04:34:04.644+0000] {logging_mixin.py:188} INFO - [2025-12-11T04:34:04.643+0000] {dag.py:3954} INFO - Setting next_dagrun for example_trigger_controller_dag to 2021-01-01 00:00:00+00:00, run_after=2021-01-01 00:00:00+00:00
[2025-12-11T04:34:04.671+0000] {processor.py:183} INFO - Processing /home/airflow/.local/lib/python3.9/site-packages/airflow/example_dags/example_trigger_controller_dag.py took 0.127 seconds
[2025-12-11T04:34:35.681+0000] {processor.py:161} INFO - Started process (PID=2137) to work on /home/airflow/.local/lib/python3.9/site-packages/airflow/example_dags/example_trigger_controller_dag.py
[2025-12-11T04:34:35.686+0000] {processor.py:830} INFO - Processing file /home/airflow/.local/lib/python3.9/site-packages/airflow/example_dags/example_trigger_controller_dag.py for tasks to queue
[2025-12-11T04:34:35.689+0000] {logging_mixin.py:188} INFO - [2025-12-11T04:34:35.689+0000] {dagbag.py:545} INFO - Filling up the DagBag from /home/airflow/.local/lib/python3.9/site-packages/airflow/example_dags/example_trigger_controller_dag.py
[2025-12-11T04:34:35.702+0000] {processor.py:840} INFO - DAG(s) 'example_trigger_controller_dag' retrieved from /home/airflow/.local/lib/python3.9/site-packages/airflow/example_dags/example_trigger_controller_dag.py
[2025-12-11T04:34:35.765+0000] {logging_mixin.py:188} INFO - [2025-12-11T04:34:35.764+0000] {dag.py:3096} INFO - Sync 1 DAGs
[2025-12-11T04:34:35.847+0000] {logging_mixin.py:188} INFO - [2025-12-11T04:34:35.847+0000] {dag.py:3954} INFO - Setting next_dagrun for example_trigger_controller_dag to 2021-01-01 00:00:00+00:00, run_after=2021-01-01 00:00:00+00:00
[2025-12-11T04:34:35.924+0000] {processor.py:183} INFO - Processing /home/airflow/.local/lib/python3.9/site-packages/airflow/example_dags/example_trigger_controller_dag.py took 0.258 seconds
[2025-12-11T04:35:06.306+0000] {processor.py:161} INFO - Started process (PID=2204) to work on /home/airflow/.local/lib/python3.9/site-packages/airflow/example_dags/example_trigger_controller_dag.py
[2025-12-11T04:35:06.307+0000] {processor.py:830} INFO - Processing file /home/airflow/.local/lib/python3.9/site-packages/airflow/example_dags/example_trigger_controller_dag.py for tasks to queue
[2025-12-11T04:35:06.310+0000] {logging_mixin.py:188} INFO - [2025-12-11T04:35:06.309+0000] {dagbag.py:545} INFO - Filling up the DagBag from /home/airflow/.local/lib/python3.9/site-packages/airflow/example_dags/example_trigger_controller_dag.py
[2025-12-11T04:35:06.322+0000] {processor.py:840} INFO - DAG(s) 'example_trigger_controller_dag' retrieved from /home/airflow/.local/lib/python3.9/site-packages/airflow/example_dags/example_trigger_controller_dag.py
[2025-12-11T04:35:06.382+0000] {logging_mixin.py:188} INFO - [2025-12-11T04:35:06.382+0000] {dag.py:3096} INFO - Sync 1 DAGs
[2025-12-11T04:35:06.443+0000] {logging_mixin.py:188} INFO - [2025-12-11T04:35:06.442+0000] {dag.py:3954} INFO - Setting next_dagrun for example_trigger_controller_dag to 2021-01-01 00:00:00+00:00, run_after=2021-01-01 00:00:00+00:00
[2025-12-11T04:35:06.489+0000] {processor.py:183} INFO - Processing /home/airflow/.local/lib/python3.9/site-packages/airflow/example_dags/example_trigger_controller_dag.py took 0.202 seconds
[2025-12-11T04:35:36.568+0000] {processor.py:161} INFO - Started process (PID=2273) to work on /home/airflow/.local/lib/python3.9/site-packages/airflow/example_dags/example_trigger_controller_dag.py
[2025-12-11T04:35:36.570+0000] {processor.py:830} INFO - Processing file /home/airflow/.local/lib/python3.9/site-packages/airflow/example_dags/example_trigger_controller_dag.py for tasks to queue
[2025-12-11T04:35:36.574+0000] {logging_mixin.py:188} INFO - [2025-12-11T04:35:36.573+0000] {dagbag.py:545} INFO - Filling up the DagBag from /home/airflow/.local/lib/python3.9/site-packages/airflow/example_dags/example_trigger_controller_dag.py
[2025-12-11T04:35:36.588+0000] {processor.py:840} INFO - DAG(s) 'example_trigger_controller_dag' retrieved from /home/airflow/.local/lib/python3.9/site-packages/airflow/example_dags/example_trigger_controller_dag.py
[2025-12-11T04:35:36.624+0000] {logging_mixin.py:188} INFO - [2025-12-11T04:35:36.624+0000] {dag.py:3096} INFO - Sync 1 DAGs
[2025-12-11T04:35:36.659+0000] {logging_mixin.py:188} INFO - [2025-12-11T04:35:36.658+0000] {dag.py:3954} INFO - Setting next_dagrun for example_trigger_controller_dag to 2021-01-01 00:00:00+00:00, run_after=2021-01-01 00:00:00+00:00
[2025-12-11T04:35:36.683+0000] {processor.py:183} INFO - Processing /home/airflow/.local/lib/python3.9/site-packages/airflow/example_dags/example_trigger_controller_dag.py took 0.126 seconds
[2025-12-11T04:36:07.257+0000] {processor.py:161} INFO - Started process (PID=2339) to work on /home/airflow/.local/lib/python3.9/site-packages/airflow/example_dags/example_trigger_controller_dag.py
[2025-12-11T04:36:07.260+0000] {processor.py:830} INFO - Processing file /home/airflow/.local/lib/python3.9/site-packages/airflow/example_dags/example_trigger_controller_dag.py for tasks to queue
[2025-12-11T04:36:07.264+0000] {logging_mixin.py:188} INFO - [2025-12-11T04:36:07.263+0000] {dagbag.py:545} INFO - Filling up the DagBag from /home/airflow/.local/lib/python3.9/site-packages/airflow/example_dags/example_trigger_controller_dag.py
[2025-12-11T04:36:07.280+0000] {processor.py:840} INFO - DAG(s) 'example_trigger_controller_dag' retrieved from /home/airflow/.local/lib/python3.9/site-packages/airflow/example_dags/example_trigger_controller_dag.py
[2025-12-11T04:36:07.346+0000] {logging_mixin.py:188} INFO - [2025-12-11T04:36:07.345+0000] {dag.py:3096} INFO - Sync 1 DAGs
[2025-12-11T04:36:07.424+0000] {logging_mixin.py:188} INFO - [2025-12-11T04:36:07.424+0000] {dag.py:3954} INFO - Setting next_dagrun for example_trigger_controller_dag to 2021-01-01 00:00:00+00:00, run_after=2021-01-01 00:00:00+00:00
[2025-12-11T04:36:07.501+0000] {processor.py:183} INFO - Processing /home/airflow/.local/lib/python3.9/site-packages/airflow/example_dags/example_trigger_controller_dag.py took 0.264 seconds
[2025-12-11T04:36:38.223+0000] {processor.py:161} INFO - Started process (PID=2406) to work on /home/airflow/.local/lib/python3.9/site-packages/airflow/example_dags/example_trigger_controller_dag.py
[2025-12-11T04:36:38.233+0000] {processor.py:830} INFO - Processing file /home/airflow/.local/lib/python3.9/site-packages/airflow/example_dags/example_trigger_controller_dag.py for tasks to queue
[2025-12-11T04:36:38.239+0000] {logging_mixin.py:188} INFO - [2025-12-11T04:36:38.239+0000] {dagbag.py:545} INFO - Filling up the DagBag from /home/airflow/.local/lib/python3.9/site-packages/airflow/example_dags/example_trigger_controller_dag.py
[2025-12-11T04:36:38.247+0000] {processor.py:840} INFO - DAG(s) 'example_trigger_controller_dag' retrieved from /home/airflow/.local/lib/python3.9/site-packages/airflow/example_dags/example_trigger_controller_dag.py
[2025-12-11T04:36:38.345+0000] {logging_mixin.py:188} INFO - [2025-12-11T04:36:38.344+0000] {dag.py:3096} INFO - Sync 1 DAGs
[2025-12-11T04:36:38.447+0000] {logging_mixin.py:188} INFO - [2025-12-11T04:36:38.446+0000] {dag.py:3954} INFO - Setting next_dagrun for example_trigger_controller_dag to 2021-01-01 00:00:00+00:00, run_after=2021-01-01 00:00:00+00:00
[2025-12-11T04:36:38.582+0000] {processor.py:183} INFO - Processing /home/airflow/.local/lib/python3.9/site-packages/airflow/example_dags/example_trigger_controller_dag.py took 0.385 seconds
[2025-12-11T04:37:09.443+0000] {processor.py:161} INFO - Started process (PID=2474) to work on /home/airflow/.local/lib/python3.9/site-packages/airflow/example_dags/example_trigger_controller_dag.py
[2025-12-11T04:37:09.537+0000] {processor.py:830} INFO - Processing file /home/airflow/.local/lib/python3.9/site-packages/airflow/example_dags/example_trigger_controller_dag.py for tasks to queue
[2025-12-11T04:37:09.540+0000] {logging_mixin.py:188} INFO - [2025-12-11T04:37:09.539+0000] {dagbag.py:545} INFO - Filling up the DagBag from /home/airflow/.local/lib/python3.9/site-packages/airflow/example_dags/example_trigger_controller_dag.py
[2025-12-11T04:37:09.547+0000] {processor.py:840} INFO - DAG(s) 'example_trigger_controller_dag' retrieved from /home/airflow/.local/lib/python3.9/site-packages/airflow/example_dags/example_trigger_controller_dag.py
[2025-12-11T04:37:09.621+0000] {logging_mixin.py:188} INFO - [2025-12-11T04:37:09.621+0000] {dag.py:3096} INFO - Sync 1 DAGs
[2025-12-11T04:37:09.699+0000] {logging_mixin.py:188} INFO - [2025-12-11T04:37:09.699+0000] {dag.py:3954} INFO - Setting next_dagrun for example_trigger_controller_dag to 2021-01-01 00:00:00+00:00, run_after=2021-01-01 00:00:00+00:00
[2025-12-11T04:37:09.844+0000] {processor.py:183} INFO - Processing /home/airflow/.local/lib/python3.9/site-packages/airflow/example_dags/example_trigger_controller_dag.py took 0.421 seconds
[2025-12-11T04:37:40.323+0000] {processor.py:161} INFO - Started process (PID=2541) to work on /home/airflow/.local/lib/python3.9/site-packages/airflow/example_dags/example_trigger_controller_dag.py
[2025-12-11T04:37:40.335+0000] {processor.py:830} INFO - Processing file /home/airflow/.local/lib/python3.9/site-packages/airflow/example_dags/example_trigger_controller_dag.py for tasks to queue
[2025-12-11T04:37:40.339+0000] {logging_mixin.py:188} INFO - [2025-12-11T04:37:40.339+0000] {dagbag.py:545} INFO - Filling up the DagBag from /home/airflow/.local/lib/python3.9/site-packages/airflow/example_dags/example_trigger_controller_dag.py
[2025-12-11T04:37:40.347+0000] {processor.py:840} INFO - DAG(s) 'example_trigger_controller_dag' retrieved from /home/airflow/.local/lib/python3.9/site-packages/airflow/example_dags/example_trigger_controller_dag.py
[2025-12-11T04:37:40.437+0000] {logging_mixin.py:188} INFO - [2025-12-11T04:37:40.425+0000] {dag.py:3096} INFO - Sync 1 DAGs
[2025-12-11T04:37:40.504+0000] {logging_mixin.py:188} INFO - [2025-12-11T04:37:40.503+0000] {dag.py:3954} INFO - Setting next_dagrun for example_trigger_controller_dag to 2021-01-01 00:00:00+00:00, run_after=2021-01-01 00:00:00+00:00
[2025-12-11T04:37:40.566+0000] {processor.py:183} INFO - Processing /home/airflow/.local/lib/python3.9/site-packages/airflow/example_dags/example_trigger_controller_dag.py took 0.262 seconds
[2025-12-11T04:38:10.862+0000] {processor.py:161} INFO - Started process (PID=2608) to work on /home/airflow/.local/lib/python3.9/site-packages/airflow/example_dags/example_trigger_controller_dag.py
[2025-12-11T04:38:10.877+0000] {processor.py:830} INFO - Processing file /home/airflow/.local/lib/python3.9/site-packages/airflow/example_dags/example_trigger_controller_dag.py for tasks to queue
[2025-12-11T04:38:10.880+0000] {logging_mixin.py:188} INFO - [2025-12-11T04:38:10.880+0000] {dagbag.py:545} INFO - Filling up the DagBag from /home/airflow/.local/lib/python3.9/site-packages/airflow/example_dags/example_trigger_controller_dag.py
[2025-12-11T04:38:10.918+0000] {processor.py:840} INFO - DAG(s) 'example_trigger_controller_dag' retrieved from /home/airflow/.local/lib/python3.9/site-packages/airflow/example_dags/example_trigger_controller_dag.py
[2025-12-11T04:38:11.003+0000] {logging_mixin.py:188} INFO - [2025-12-11T04:38:11.003+0000] {dag.py:3096} INFO - Sync 1 DAGs
[2025-12-11T04:38:11.085+0000] {logging_mixin.py:188} INFO - [2025-12-11T04:38:11.084+0000] {dag.py:3954} INFO - Setting next_dagrun for example_trigger_controller_dag to 2021-01-01 00:00:00+00:00, run_after=2021-01-01 00:00:00+00:00
[2025-12-11T04:38:11.140+0000] {processor.py:183} INFO - Processing /home/airflow/.local/lib/python3.9/site-packages/airflow/example_dags/example_trigger_controller_dag.py took 0.303 seconds
[2025-12-11T04:38:41.279+0000] {processor.py:161} INFO - Started process (PID=2668) to work on /home/airflow/.local/lib/python3.9/site-packages/airflow/example_dags/example_trigger_controller_dag.py
[2025-12-11T04:38:41.281+0000] {processor.py:830} INFO - Processing file /home/airflow/.local/lib/python3.9/site-packages/airflow/example_dags/example_trigger_controller_dag.py for tasks to queue
[2025-12-11T04:38:41.283+0000] {logging_mixin.py:188} INFO - [2025-12-11T04:38:41.283+0000] {dagbag.py:545} INFO - Filling up the DagBag from /home/airflow/.local/lib/python3.9/site-packages/airflow/example_dags/example_trigger_controller_dag.py
[2025-12-11T04:38:41.299+0000] {processor.py:840} INFO - DAG(s) 'example_trigger_controller_dag' retrieved from /home/airflow/.local/lib/python3.9/site-packages/airflow/example_dags/example_trigger_controller_dag.py
[2025-12-11T04:38:41.348+0000] {logging_mixin.py:188} INFO - [2025-12-11T04:38:41.347+0000] {dag.py:3096} INFO - Sync 1 DAGs
[2025-12-11T04:38:41.391+0000] {logging_mixin.py:188} INFO - [2025-12-11T04:38:41.391+0000] {dag.py:3954} INFO - Setting next_dagrun for example_trigger_controller_dag to 2021-01-01 00:00:00+00:00, run_after=2021-01-01 00:00:00+00:00
[2025-12-11T04:38:41.427+0000] {processor.py:183} INFO - Processing /home/airflow/.local/lib/python3.9/site-packages/airflow/example_dags/example_trigger_controller_dag.py took 0.165 seconds
[2025-12-11T04:39:12.423+0000] {processor.py:161} INFO - Started process (PID=2740) to work on /home/airflow/.local/lib/python3.9/site-packages/airflow/example_dags/example_trigger_controller_dag.py
[2025-12-11T04:39:12.425+0000] {processor.py:830} INFO - Processing file /home/airflow/.local/lib/python3.9/site-packages/airflow/example_dags/example_trigger_controller_dag.py for tasks to queue
[2025-12-11T04:39:12.438+0000] {logging_mixin.py:188} INFO - [2025-12-11T04:39:12.437+0000] {dagbag.py:545} INFO - Filling up the DagBag from /home/airflow/.local/lib/python3.9/site-packages/airflow/example_dags/example_trigger_controller_dag.py
[2025-12-11T04:39:12.461+0000] {processor.py:840} INFO - DAG(s) 'example_trigger_controller_dag' retrieved from /home/airflow/.local/lib/python3.9/site-packages/airflow/example_dags/example_trigger_controller_dag.py
[2025-12-11T04:39:12.543+0000] {logging_mixin.py:188} INFO - [2025-12-11T04:39:12.543+0000] {dag.py:3096} INFO - Sync 1 DAGs
[2025-12-11T04:39:12.617+0000] {logging_mixin.py:188} INFO - [2025-12-11T04:39:12.611+0000] {dag.py:3954} INFO - Setting next_dagrun for example_trigger_controller_dag to 2021-01-01 00:00:00+00:00, run_after=2021-01-01 00:00:00+00:00
[2025-12-11T04:39:12.648+0000] {processor.py:183} INFO - Processing /home/airflow/.local/lib/python3.9/site-packages/airflow/example_dags/example_trigger_controller_dag.py took 0.246 seconds
[2025-12-11T04:39:43.505+0000] {processor.py:161} INFO - Started process (PID=2799) to work on /home/airflow/.local/lib/python3.9/site-packages/airflow/example_dags/example_trigger_controller_dag.py
[2025-12-11T04:39:43.509+0000] {processor.py:830} INFO - Processing file /home/airflow/.local/lib/python3.9/site-packages/airflow/example_dags/example_trigger_controller_dag.py for tasks to queue
[2025-12-11T04:39:43.521+0000] {logging_mixin.py:188} INFO - [2025-12-11T04:39:43.520+0000] {dagbag.py:545} INFO - Filling up the DagBag from /home/airflow/.local/lib/python3.9/site-packages/airflow/example_dags/example_trigger_controller_dag.py
[2025-12-11T04:39:43.539+0000] {processor.py:840} INFO - DAG(s) 'example_trigger_controller_dag' retrieved from /home/airflow/.local/lib/python3.9/site-packages/airflow/example_dags/example_trigger_controller_dag.py
[2025-12-11T04:39:43.608+0000] {logging_mixin.py:188} INFO - [2025-12-11T04:39:43.608+0000] {dag.py:3096} INFO - Sync 1 DAGs
[2025-12-11T04:39:44.377+0000] {logging_mixin.py:188} INFO - [2025-12-11T04:39:44.362+0000] {dag.py:3954} INFO - Setting next_dagrun for example_trigger_controller_dag to 2021-01-01 00:00:00+00:00, run_after=2021-01-01 00:00:00+00:00
[2025-12-11T04:39:44.445+0000] {processor.py:183} INFO - Processing /home/airflow/.local/lib/python3.9/site-packages/airflow/example_dags/example_trigger_controller_dag.py took 0.956 seconds
[2025-12-11T04:40:14.577+0000] {processor.py:161} INFO - Started process (PID=2869) to work on /home/airflow/.local/lib/python3.9/site-packages/airflow/example_dags/example_trigger_controller_dag.py
[2025-12-11T04:40:14.578+0000] {processor.py:830} INFO - Processing file /home/airflow/.local/lib/python3.9/site-packages/airflow/example_dags/example_trigger_controller_dag.py for tasks to queue
[2025-12-11T04:40:14.581+0000] {logging_mixin.py:188} INFO - [2025-12-11T04:40:14.580+0000] {dagbag.py:545} INFO - Filling up the DagBag from /home/airflow/.local/lib/python3.9/site-packages/airflow/example_dags/example_trigger_controller_dag.py
[2025-12-11T04:40:14.588+0000] {processor.py:840} INFO - DAG(s) 'example_trigger_controller_dag' retrieved from /home/airflow/.local/lib/python3.9/site-packages/airflow/example_dags/example_trigger_controller_dag.py
[2025-12-11T04:40:14.629+0000] {logging_mixin.py:188} INFO - [2025-12-11T04:40:14.628+0000] {dag.py:3096} INFO - Sync 1 DAGs
[2025-12-11T04:40:14.664+0000] {logging_mixin.py:188} INFO - [2025-12-11T04:40:14.664+0000] {dag.py:3954} INFO - Setting next_dagrun for example_trigger_controller_dag to 2021-01-01 00:00:00+00:00, run_after=2021-01-01 00:00:00+00:00
[2025-12-11T04:40:14.688+0000] {processor.py:183} INFO - Processing /home/airflow/.local/lib/python3.9/site-packages/airflow/example_dags/example_trigger_controller_dag.py took 0.122 seconds
[2025-12-11T04:40:45.062+0000] {processor.py:161} INFO - Started process (PID=2933) to work on /home/airflow/.local/lib/python3.9/site-packages/airflow/example_dags/example_trigger_controller_dag.py
[2025-12-11T04:40:45.064+0000] {processor.py:830} INFO - Processing file /home/airflow/.local/lib/python3.9/site-packages/airflow/example_dags/example_trigger_controller_dag.py for tasks to queue
[2025-12-11T04:40:45.067+0000] {logging_mixin.py:188} INFO - [2025-12-11T04:40:45.067+0000] {dagbag.py:545} INFO - Filling up the DagBag from /home/airflow/.local/lib/python3.9/site-packages/airflow/example_dags/example_trigger_controller_dag.py
[2025-12-11T04:40:45.081+0000] {processor.py:840} INFO - DAG(s) 'example_trigger_controller_dag' retrieved from /home/airflow/.local/lib/python3.9/site-packages/airflow/example_dags/example_trigger_controller_dag.py
[2025-12-11T04:40:45.139+0000] {logging_mixin.py:188} INFO - [2025-12-11T04:40:45.138+0000] {dag.py:3096} INFO - Sync 1 DAGs
[2025-12-11T04:40:45.719+0000] {logging_mixin.py:188} INFO - [2025-12-11T04:40:45.718+0000] {dag.py:3954} INFO - Setting next_dagrun for example_trigger_controller_dag to 2021-01-01 00:00:00+00:00, run_after=2021-01-01 00:00:00+00:00
[2025-12-11T04:40:45.779+0000] {processor.py:183} INFO - Processing /home/airflow/.local/lib/python3.9/site-packages/airflow/example_dags/example_trigger_controller_dag.py took 0.735 seconds
[2025-12-11T04:41:16.300+0000] {processor.py:161} INFO - Started process (PID=3000) to work on /home/airflow/.local/lib/python3.9/site-packages/airflow/example_dags/example_trigger_controller_dag.py
[2025-12-11T04:41:16.343+0000] {processor.py:830} INFO - Processing file /home/airflow/.local/lib/python3.9/site-packages/airflow/example_dags/example_trigger_controller_dag.py for tasks to queue
[2025-12-11T04:41:16.347+0000] {logging_mixin.py:188} INFO - [2025-12-11T04:41:16.346+0000] {dagbag.py:545} INFO - Filling up the DagBag from /home/airflow/.local/lib/python3.9/site-packages/airflow/example_dags/example_trigger_controller_dag.py
[2025-12-11T04:41:16.359+0000] {processor.py:840} INFO - DAG(s) 'example_trigger_controller_dag' retrieved from /home/airflow/.local/lib/python3.9/site-packages/airflow/example_dags/example_trigger_controller_dag.py
[2025-12-11T04:41:16.466+0000] {logging_mixin.py:188} INFO - [2025-12-11T04:41:16.466+0000] {dag.py:3096} INFO - Sync 1 DAGs
[2025-12-11T04:41:16.566+0000] {logging_mixin.py:188} INFO - [2025-12-11T04:41:16.565+0000] {dag.py:3954} INFO - Setting next_dagrun for example_trigger_controller_dag to 2021-01-01 00:00:00+00:00, run_after=2021-01-01 00:00:00+00:00
[2025-12-11T04:41:17.362+0000] {processor.py:183} INFO - Processing /home/airflow/.local/lib/python3.9/site-packages/airflow/example_dags/example_trigger_controller_dag.py took 1.079 seconds
[2025-12-11T04:41:47.728+0000] {processor.py:161} INFO - Started process (PID=3067) to work on /home/airflow/.local/lib/python3.9/site-packages/airflow/example_dags/example_trigger_controller_dag.py
[2025-12-11T04:41:47.737+0000] {processor.py:830} INFO - Processing file /home/airflow/.local/lib/python3.9/site-packages/airflow/example_dags/example_trigger_controller_dag.py for tasks to queue
[2025-12-11T04:41:47.740+0000] {logging_mixin.py:188} INFO - [2025-12-11T04:41:47.739+0000] {dagbag.py:545} INFO - Filling up the DagBag from /home/airflow/.local/lib/python3.9/site-packages/airflow/example_dags/example_trigger_controller_dag.py
[2025-12-11T04:41:47.747+0000] {processor.py:840} INFO - DAG(s) 'example_trigger_controller_dag' retrieved from /home/airflow/.local/lib/python3.9/site-packages/airflow/example_dags/example_trigger_controller_dag.py
[2025-12-11T04:41:47.803+0000] {logging_mixin.py:188} INFO - [2025-12-11T04:41:47.803+0000] {dag.py:3096} INFO - Sync 1 DAGs
[2025-12-11T04:41:47.860+0000] {logging_mixin.py:188} INFO - [2025-12-11T04:41:47.859+0000] {dag.py:3954} INFO - Setting next_dagrun for example_trigger_controller_dag to 2021-01-01 00:00:00+00:00, run_after=2021-01-01 00:00:00+00:00
[2025-12-11T04:41:47.921+0000] {processor.py:183} INFO - Processing /home/airflow/.local/lib/python3.9/site-packages/airflow/example_dags/example_trigger_controller_dag.py took 0.203 seconds
[2025-12-11T04:42:18.039+0000] {processor.py:161} INFO - Started process (PID=3135) to work on /home/airflow/.local/lib/python3.9/site-packages/airflow/example_dags/example_trigger_controller_dag.py
[2025-12-11T04:42:18.047+0000] {processor.py:830} INFO - Processing file /home/airflow/.local/lib/python3.9/site-packages/airflow/example_dags/example_trigger_controller_dag.py for tasks to queue
[2025-12-11T04:42:18.051+0000] {logging_mixin.py:188} INFO - [2025-12-11T04:42:18.050+0000] {dagbag.py:545} INFO - Filling up the DagBag from /home/airflow/.local/lib/python3.9/site-packages/airflow/example_dags/example_trigger_controller_dag.py
[2025-12-11T04:42:18.062+0000] {processor.py:840} INFO - DAG(s) 'example_trigger_controller_dag' retrieved from /home/airflow/.local/lib/python3.9/site-packages/airflow/example_dags/example_trigger_controller_dag.py
[2025-12-11T04:42:18.127+0000] {logging_mixin.py:188} INFO - [2025-12-11T04:42:18.126+0000] {dag.py:3096} INFO - Sync 1 DAGs
[2025-12-11T04:42:18.192+0000] {logging_mixin.py:188} INFO - [2025-12-11T04:42:18.191+0000] {dag.py:3954} INFO - Setting next_dagrun for example_trigger_controller_dag to 2021-01-01 00:00:00+00:00, run_after=2021-01-01 00:00:00+00:00
[2025-12-11T04:42:18.288+0000] {processor.py:183} INFO - Processing /home/airflow/.local/lib/python3.9/site-packages/airflow/example_dags/example_trigger_controller_dag.py took 0.267 seconds
[2025-12-11T04:42:48.884+0000] {processor.py:161} INFO - Started process (PID=3202) to work on /home/airflow/.local/lib/python3.9/site-packages/airflow/example_dags/example_trigger_controller_dag.py
[2025-12-11T04:42:48.886+0000] {processor.py:830} INFO - Processing file /home/airflow/.local/lib/python3.9/site-packages/airflow/example_dags/example_trigger_controller_dag.py for tasks to queue
[2025-12-11T04:42:48.899+0000] {logging_mixin.py:188} INFO - [2025-12-11T04:42:48.898+0000] {dagbag.py:545} INFO - Filling up the DagBag from /home/airflow/.local/lib/python3.9/site-packages/airflow/example_dags/example_trigger_controller_dag.py
[2025-12-11T04:42:48.906+0000] {processor.py:840} INFO - DAG(s) 'example_trigger_controller_dag' retrieved from /home/airflow/.local/lib/python3.9/site-packages/airflow/example_dags/example_trigger_controller_dag.py
[2025-12-11T04:42:49.006+0000] {logging_mixin.py:188} INFO - [2025-12-11T04:42:49.006+0000] {dag.py:3096} INFO - Sync 1 DAGs
[2025-12-11T04:42:49.104+0000] {logging_mixin.py:188} INFO - [2025-12-11T04:42:49.104+0000] {dag.py:3954} INFO - Setting next_dagrun for example_trigger_controller_dag to 2021-01-01 00:00:00+00:00, run_after=2021-01-01 00:00:00+00:00
[2025-12-11T04:42:49.181+0000] {processor.py:183} INFO - Processing /home/airflow/.local/lib/python3.9/site-packages/airflow/example_dags/example_trigger_controller_dag.py took 0.314 seconds
[2025-12-11T04:43:19.926+0000] {processor.py:161} INFO - Started process (PID=3269) to work on /home/airflow/.local/lib/python3.9/site-packages/airflow/example_dags/example_trigger_controller_dag.py
[2025-12-11T04:43:19.941+0000] {processor.py:830} INFO - Processing file /home/airflow/.local/lib/python3.9/site-packages/airflow/example_dags/example_trigger_controller_dag.py for tasks to queue
[2025-12-11T04:43:19.944+0000] {logging_mixin.py:188} INFO - [2025-12-11T04:43:19.944+0000] {dagbag.py:545} INFO - Filling up the DagBag from /home/airflow/.local/lib/python3.9/site-packages/airflow/example_dags/example_trigger_controller_dag.py
[2025-12-11T04:43:19.957+0000] {processor.py:840} INFO - DAG(s) 'example_trigger_controller_dag' retrieved from /home/airflow/.local/lib/python3.9/site-packages/airflow/example_dags/example_trigger_controller_dag.py
[2025-12-11T04:43:20.021+0000] {logging_mixin.py:188} INFO - [2025-12-11T04:43:20.020+0000] {dag.py:3096} INFO - Sync 1 DAGs
[2025-12-11T04:43:20.090+0000] {logging_mixin.py:188} INFO - [2025-12-11T04:43:20.089+0000] {dag.py:3954} INFO - Setting next_dagrun for example_trigger_controller_dag to 2021-01-01 00:00:00+00:00, run_after=2021-01-01 00:00:00+00:00
[2025-12-11T04:43:20.247+0000] {processor.py:183} INFO - Processing /home/airflow/.local/lib/python3.9/site-packages/airflow/example_dags/example_trigger_controller_dag.py took 0.335 seconds
[2025-12-11T04:43:50.346+0000] {processor.py:161} INFO - Started process (PID=3336) to work on /home/airflow/.local/lib/python3.9/site-packages/airflow/example_dags/example_trigger_controller_dag.py
[2025-12-11T04:43:50.348+0000] {processor.py:830} INFO - Processing file /home/airflow/.local/lib/python3.9/site-packages/airflow/example_dags/example_trigger_controller_dag.py for tasks to queue
[2025-12-11T04:43:50.359+0000] {logging_mixin.py:188} INFO - [2025-12-11T04:43:50.359+0000] {dagbag.py:545} INFO - Filling up the DagBag from /home/airflow/.local/lib/python3.9/site-packages/airflow/example_dags/example_trigger_controller_dag.py
[2025-12-11T04:43:50.369+0000] {processor.py:840} INFO - DAG(s) 'example_trigger_controller_dag' retrieved from /home/airflow/.local/lib/python3.9/site-packages/airflow/example_dags/example_trigger_controller_dag.py
[2025-12-11T04:43:50.444+0000] {logging_mixin.py:188} INFO - [2025-12-11T04:43:50.443+0000] {dag.py:3096} INFO - Sync 1 DAGs
[2025-12-11T04:43:50.529+0000] {logging_mixin.py:188} INFO - [2025-12-11T04:43:50.529+0000] {dag.py:3954} INFO - Setting next_dagrun for example_trigger_controller_dag to 2021-01-01 00:00:00+00:00, run_after=2021-01-01 00:00:00+00:00
[2025-12-11T04:43:50.580+0000] {processor.py:183} INFO - Processing /home/airflow/.local/lib/python3.9/site-packages/airflow/example_dags/example_trigger_controller_dag.py took 0.247 seconds
[2025-12-11T04:44:21.007+0000] {processor.py:161} INFO - Started process (PID=3403) to work on /home/airflow/.local/lib/python3.9/site-packages/airflow/example_dags/example_trigger_controller_dag.py
[2025-12-11T04:44:21.095+0000] {processor.py:830} INFO - Processing file /home/airflow/.local/lib/python3.9/site-packages/airflow/example_dags/example_trigger_controller_dag.py for tasks to queue
[2025-12-11T04:44:21.100+0000] {logging_mixin.py:188} INFO - [2025-12-11T04:44:21.100+0000] {dagbag.py:545} INFO - Filling up the DagBag from /home/airflow/.local/lib/python3.9/site-packages/airflow/example_dags/example_trigger_controller_dag.py
[2025-12-11T04:44:21.111+0000] {processor.py:840} INFO - DAG(s) 'example_trigger_controller_dag' retrieved from /home/airflow/.local/lib/python3.9/site-packages/airflow/example_dags/example_trigger_controller_dag.py
[2025-12-11T04:44:21.164+0000] {logging_mixin.py:188} INFO - [2025-12-11T04:44:21.163+0000] {dag.py:3096} INFO - Sync 1 DAGs
[2025-12-11T04:44:21.214+0000] {logging_mixin.py:188} INFO - [2025-12-11T04:44:21.213+0000] {dag.py:3954} INFO - Setting next_dagrun for example_trigger_controller_dag to 2021-01-01 00:00:00+00:00, run_after=2021-01-01 00:00:00+00:00
[2025-12-11T04:44:21.253+0000] {processor.py:183} INFO - Processing /home/airflow/.local/lib/python3.9/site-packages/airflow/example_dags/example_trigger_controller_dag.py took 0.256 seconds
[2025-12-11T04:44:51.562+0000] {processor.py:161} INFO - Started process (PID=3478) to work on /home/airflow/.local/lib/python3.9/site-packages/airflow/example_dags/example_trigger_controller_dag.py
[2025-12-11T04:44:51.568+0000] {processor.py:830} INFO - Processing file /home/airflow/.local/lib/python3.9/site-packages/airflow/example_dags/example_trigger_controller_dag.py for tasks to queue
[2025-12-11T04:44:51.579+0000] {logging_mixin.py:188} INFO - [2025-12-11T04:44:51.578+0000] {dagbag.py:545} INFO - Filling up the DagBag from /home/airflow/.local/lib/python3.9/site-packages/airflow/example_dags/example_trigger_controller_dag.py
[2025-12-11T04:44:51.589+0000] {processor.py:840} INFO - DAG(s) 'example_trigger_controller_dag' retrieved from /home/airflow/.local/lib/python3.9/site-packages/airflow/example_dags/example_trigger_controller_dag.py
[2025-12-11T04:44:51.635+0000] {logging_mixin.py:188} INFO - [2025-12-11T04:44:51.635+0000] {dag.py:3096} INFO - Sync 1 DAGs
[2025-12-11T04:44:51.673+0000] {logging_mixin.py:188} INFO - [2025-12-11T04:44:51.673+0000] {dag.py:3954} INFO - Setting next_dagrun for example_trigger_controller_dag to 2021-01-01 00:00:00+00:00, run_after=2021-01-01 00:00:00+00:00
[2025-12-11T04:44:51.961+0000] {processor.py:183} INFO - Processing /home/airflow/.local/lib/python3.9/site-packages/airflow/example_dags/example_trigger_controller_dag.py took 0.411 seconds
[2025-12-11T04:45:22.424+0000] {processor.py:161} INFO - Started process (PID=3545) to work on /home/airflow/.local/lib/python3.9/site-packages/airflow/example_dags/example_trigger_controller_dag.py
[2025-12-11T04:45:22.431+0000] {processor.py:830} INFO - Processing file /home/airflow/.local/lib/python3.9/site-packages/airflow/example_dags/example_trigger_controller_dag.py for tasks to queue
[2025-12-11T04:45:22.438+0000] {logging_mixin.py:188} INFO - [2025-12-11T04:45:22.437+0000] {dagbag.py:545} INFO - Filling up the DagBag from /home/airflow/.local/lib/python3.9/site-packages/airflow/example_dags/example_trigger_controller_dag.py
[2025-12-11T04:45:22.446+0000] {processor.py:840} INFO - DAG(s) 'example_trigger_controller_dag' retrieved from /home/airflow/.local/lib/python3.9/site-packages/airflow/example_dags/example_trigger_controller_dag.py
[2025-12-11T04:45:22.517+0000] {logging_mixin.py:188} INFO - [2025-12-11T04:45:22.509+0000] {dag.py:3096} INFO - Sync 1 DAGs
[2025-12-11T04:45:22.582+0000] {logging_mixin.py:188} INFO - [2025-12-11T04:45:22.582+0000] {dag.py:3954} INFO - Setting next_dagrun for example_trigger_controller_dag to 2021-01-01 00:00:00+00:00, run_after=2021-01-01 00:00:00+00:00
[2025-12-11T04:45:22.647+0000] {processor.py:183} INFO - Processing /home/airflow/.local/lib/python3.9/site-packages/airflow/example_dags/example_trigger_controller_dag.py took 0.235 seconds
[2025-12-11T04:45:53.193+0000] {processor.py:161} INFO - Started process (PID=3613) to work on /home/airflow/.local/lib/python3.9/site-packages/airflow/example_dags/example_trigger_controller_dag.py
[2025-12-11T04:45:53.200+0000] {processor.py:830} INFO - Processing file /home/airflow/.local/lib/python3.9/site-packages/airflow/example_dags/example_trigger_controller_dag.py for tasks to queue
[2025-12-11T04:45:53.203+0000] {logging_mixin.py:188} INFO - [2025-12-11T04:45:53.202+0000] {dagbag.py:545} INFO - Filling up the DagBag from /home/airflow/.local/lib/python3.9/site-packages/airflow/example_dags/example_trigger_controller_dag.py
[2025-12-11T04:45:53.209+0000] {processor.py:840} INFO - DAG(s) 'example_trigger_controller_dag' retrieved from /home/airflow/.local/lib/python3.9/site-packages/airflow/example_dags/example_trigger_controller_dag.py
[2025-12-11T04:45:53.248+0000] {logging_mixin.py:188} INFO - [2025-12-11T04:45:53.247+0000] {dag.py:3096} INFO - Sync 1 DAGs
[2025-12-11T04:45:53.290+0000] {logging_mixin.py:188} INFO - [2025-12-11T04:45:53.289+0000] {dag.py:3954} INFO - Setting next_dagrun for example_trigger_controller_dag to 2021-01-01 00:00:00+00:00, run_after=2021-01-01 00:00:00+00:00
[2025-12-11T04:45:53.624+0000] {processor.py:183} INFO - Processing /home/airflow/.local/lib/python3.9/site-packages/airflow/example_dags/example_trigger_controller_dag.py took 0.440 seconds
[2025-12-11T04:46:24.141+0000] {processor.py:161} INFO - Started process (PID=3680) to work on /home/airflow/.local/lib/python3.9/site-packages/airflow/example_dags/example_trigger_controller_dag.py
[2025-12-11T04:46:24.143+0000] {processor.py:830} INFO - Processing file /home/airflow/.local/lib/python3.9/site-packages/airflow/example_dags/example_trigger_controller_dag.py for tasks to queue
[2025-12-11T04:46:24.147+0000] {logging_mixin.py:188} INFO - [2025-12-11T04:46:24.146+0000] {dagbag.py:545} INFO - Filling up the DagBag from /home/airflow/.local/lib/python3.9/site-packages/airflow/example_dags/example_trigger_controller_dag.py
[2025-12-11T04:46:24.163+0000] {processor.py:840} INFO - DAG(s) 'example_trigger_controller_dag' retrieved from /home/airflow/.local/lib/python3.9/site-packages/airflow/example_dags/example_trigger_controller_dag.py
[2025-12-11T04:46:24.243+0000] {logging_mixin.py:188} INFO - [2025-12-11T04:46:24.242+0000] {dag.py:3096} INFO - Sync 1 DAGs
[2025-12-11T04:46:24.339+0000] {logging_mixin.py:188} INFO - [2025-12-11T04:46:24.338+0000] {dag.py:3954} INFO - Setting next_dagrun for example_trigger_controller_dag to 2021-01-01 00:00:00+00:00, run_after=2021-01-01 00:00:00+00:00
[2025-12-11T04:46:24.382+0000] {processor.py:183} INFO - Processing /home/airflow/.local/lib/python3.9/site-packages/airflow/example_dags/example_trigger_controller_dag.py took 0.262 seconds
[2025-12-11T04:46:54.476+0000] {processor.py:161} INFO - Started process (PID=3747) to work on /home/airflow/.local/lib/python3.9/site-packages/airflow/example_dags/example_trigger_controller_dag.py
[2025-12-11T04:46:54.479+0000] {processor.py:830} INFO - Processing file /home/airflow/.local/lib/python3.9/site-packages/airflow/example_dags/example_trigger_controller_dag.py for tasks to queue
[2025-12-11T04:46:54.482+0000] {logging_mixin.py:188} INFO - [2025-12-11T04:46:54.482+0000] {dagbag.py:545} INFO - Filling up the DagBag from /home/airflow/.local/lib/python3.9/site-packages/airflow/example_dags/example_trigger_controller_dag.py
[2025-12-11T04:46:54.491+0000] {processor.py:840} INFO - DAG(s) 'example_trigger_controller_dag' retrieved from /home/airflow/.local/lib/python3.9/site-packages/airflow/example_dags/example_trigger_controller_dag.py
[2025-12-11T04:46:54.534+0000] {logging_mixin.py:188} INFO - [2025-12-11T04:46:54.534+0000] {dag.py:3096} INFO - Sync 1 DAGs
[2025-12-11T04:46:54.574+0000] {logging_mixin.py:188} INFO - [2025-12-11T04:46:54.573+0000] {dag.py:3954} INFO - Setting next_dagrun for example_trigger_controller_dag to 2021-01-01 00:00:00+00:00, run_after=2021-01-01 00:00:00+00:00
[2025-12-11T04:46:54.601+0000] {processor.py:183} INFO - Processing /home/airflow/.local/lib/python3.9/site-packages/airflow/example_dags/example_trigger_controller_dag.py took 0.143 seconds
[2025-12-11T04:47:24.994+0000] {processor.py:161} INFO - Started process (PID=3814) to work on /home/airflow/.local/lib/python3.9/site-packages/airflow/example_dags/example_trigger_controller_dag.py
[2025-12-11T04:47:24.995+0000] {processor.py:830} INFO - Processing file /home/airflow/.local/lib/python3.9/site-packages/airflow/example_dags/example_trigger_controller_dag.py for tasks to queue
[2025-12-11T04:47:24.999+0000] {logging_mixin.py:188} INFO - [2025-12-11T04:47:24.998+0000] {dagbag.py:545} INFO - Filling up the DagBag from /home/airflow/.local/lib/python3.9/site-packages/airflow/example_dags/example_trigger_controller_dag.py
[2025-12-11T04:47:25.007+0000] {processor.py:840} INFO - DAG(s) 'example_trigger_controller_dag' retrieved from /home/airflow/.local/lib/python3.9/site-packages/airflow/example_dags/example_trigger_controller_dag.py
[2025-12-11T04:47:25.078+0000] {logging_mixin.py:188} INFO - [2025-12-11T04:47:25.078+0000] {dag.py:3096} INFO - Sync 1 DAGs
[2025-12-11T04:47:25.137+0000] {logging_mixin.py:188} INFO - [2025-12-11T04:47:25.128+0000] {dag.py:3954} INFO - Setting next_dagrun for example_trigger_controller_dag to 2021-01-01 00:00:00+00:00, run_after=2021-01-01 00:00:00+00:00
[2025-12-11T04:47:25.184+0000] {processor.py:183} INFO - Processing /home/airflow/.local/lib/python3.9/site-packages/airflow/example_dags/example_trigger_controller_dag.py took 0.200 seconds
[2025-12-11T04:47:55.567+0000] {processor.py:161} INFO - Started process (PID=3881) to work on /home/airflow/.local/lib/python3.9/site-packages/airflow/example_dags/example_trigger_controller_dag.py
[2025-12-11T04:47:55.578+0000] {processor.py:830} INFO - Processing file /home/airflow/.local/lib/python3.9/site-packages/airflow/example_dags/example_trigger_controller_dag.py for tasks to queue
[2025-12-11T04:47:55.581+0000] {logging_mixin.py:188} INFO - [2025-12-11T04:47:55.581+0000] {dagbag.py:545} INFO - Filling up the DagBag from /home/airflow/.local/lib/python3.9/site-packages/airflow/example_dags/example_trigger_controller_dag.py
[2025-12-11T04:47:55.589+0000] {processor.py:840} INFO - DAG(s) 'example_trigger_controller_dag' retrieved from /home/airflow/.local/lib/python3.9/site-packages/airflow/example_dags/example_trigger_controller_dag.py
[2025-12-11T04:47:55.644+0000] {logging_mixin.py:188} INFO - [2025-12-11T04:47:55.644+0000] {dag.py:3096} INFO - Sync 1 DAGs
[2025-12-11T04:47:55.685+0000] {logging_mixin.py:188} INFO - [2025-12-11T04:47:55.684+0000] {dag.py:3954} INFO - Setting next_dagrun for example_trigger_controller_dag to 2021-01-01 00:00:00+00:00, run_after=2021-01-01 00:00:00+00:00
[2025-12-11T04:47:55.720+0000] {processor.py:183} INFO - Processing /home/airflow/.local/lib/python3.9/site-packages/airflow/example_dags/example_trigger_controller_dag.py took 0.165 seconds
[2025-12-11T04:48:26.175+0000] {processor.py:161} INFO - Started process (PID=3948) to work on /home/airflow/.local/lib/python3.9/site-packages/airflow/example_dags/example_trigger_controller_dag.py
[2025-12-11T04:48:26.230+0000] {processor.py:830} INFO - Processing file /home/airflow/.local/lib/python3.9/site-packages/airflow/example_dags/example_trigger_controller_dag.py for tasks to queue
[2025-12-11T04:48:26.233+0000] {logging_mixin.py:188} INFO - [2025-12-11T04:48:26.233+0000] {dagbag.py:545} INFO - Filling up the DagBag from /home/airflow/.local/lib/python3.9/site-packages/airflow/example_dags/example_trigger_controller_dag.py
[2025-12-11T04:48:26.240+0000] {processor.py:840} INFO - DAG(s) 'example_trigger_controller_dag' retrieved from /home/airflow/.local/lib/python3.9/site-packages/airflow/example_dags/example_trigger_controller_dag.py
[2025-12-11T04:48:26.277+0000] {logging_mixin.py:188} INFO - [2025-12-11T04:48:26.276+0000] {dag.py:3096} INFO - Sync 1 DAGs
[2025-12-11T04:48:26.346+0000] {logging_mixin.py:188} INFO - [2025-12-11T04:48:26.345+0000] {dag.py:3954} INFO - Setting next_dagrun for example_trigger_controller_dag to 2021-01-01 00:00:00+00:00, run_after=2021-01-01 00:00:00+00:00
[2025-12-11T04:48:26.819+0000] {processor.py:183} INFO - Processing /home/airflow/.local/lib/python3.9/site-packages/airflow/example_dags/example_trigger_controller_dag.py took 0.653 seconds
[2025-12-11T04:48:57.025+0000] {processor.py:161} INFO - Started process (PID=4015) to work on /home/airflow/.local/lib/python3.9/site-packages/airflow/example_dags/example_trigger_controller_dag.py
[2025-12-11T04:48:57.027+0000] {processor.py:830} INFO - Processing file /home/airflow/.local/lib/python3.9/site-packages/airflow/example_dags/example_trigger_controller_dag.py for tasks to queue
[2025-12-11T04:48:57.030+0000] {logging_mixin.py:188} INFO - [2025-12-11T04:48:57.030+0000] {dagbag.py:545} INFO - Filling up the DagBag from /home/airflow/.local/lib/python3.9/site-packages/airflow/example_dags/example_trigger_controller_dag.py
[2025-12-11T04:48:57.041+0000] {processor.py:840} INFO - DAG(s) 'example_trigger_controller_dag' retrieved from /home/airflow/.local/lib/python3.9/site-packages/airflow/example_dags/example_trigger_controller_dag.py
[2025-12-11T04:48:57.084+0000] {logging_mixin.py:188} INFO - [2025-12-11T04:48:57.083+0000] {dag.py:3096} INFO - Sync 1 DAGs
[2025-12-11T04:48:57.123+0000] {logging_mixin.py:188} INFO - [2025-12-11T04:48:57.122+0000] {dag.py:3954} INFO - Setting next_dagrun for example_trigger_controller_dag to 2021-01-01 00:00:00+00:00, run_after=2021-01-01 00:00:00+00:00
[2025-12-11T04:48:57.151+0000] {processor.py:183} INFO - Processing /home/airflow/.local/lib/python3.9/site-packages/airflow/example_dags/example_trigger_controller_dag.py took 0.137 seconds
[2025-12-11T04:49:27.704+0000] {processor.py:161} INFO - Started process (PID=4082) to work on /home/airflow/.local/lib/python3.9/site-packages/airflow/example_dags/example_trigger_controller_dag.py
[2025-12-11T04:49:27.708+0000] {processor.py:830} INFO - Processing file /home/airflow/.local/lib/python3.9/site-packages/airflow/example_dags/example_trigger_controller_dag.py for tasks to queue
[2025-12-11T04:49:27.712+0000] {logging_mixin.py:188} INFO - [2025-12-11T04:49:27.711+0000] {dagbag.py:545} INFO - Filling up the DagBag from /home/airflow/.local/lib/python3.9/site-packages/airflow/example_dags/example_trigger_controller_dag.py
[2025-12-11T04:49:27.726+0000] {processor.py:840} INFO - DAG(s) 'example_trigger_controller_dag' retrieved from /home/airflow/.local/lib/python3.9/site-packages/airflow/example_dags/example_trigger_controller_dag.py
[2025-12-11T04:49:27.781+0000] {logging_mixin.py:188} INFO - [2025-12-11T04:49:27.780+0000] {dag.py:3096} INFO - Sync 1 DAGs
[2025-12-11T04:49:27.829+0000] {logging_mixin.py:188} INFO - [2025-12-11T04:49:27.828+0000] {dag.py:3954} INFO - Setting next_dagrun for example_trigger_controller_dag to 2021-01-01 00:00:00+00:00, run_after=2021-01-01 00:00:00+00:00
[2025-12-11T04:49:27.860+0000] {processor.py:183} INFO - Processing /home/airflow/.local/lib/python3.9/site-packages/airflow/example_dags/example_trigger_controller_dag.py took 0.170 seconds
[2025-12-11T04:49:58.658+0000] {processor.py:161} INFO - Started process (PID=4154) to work on /home/airflow/.local/lib/python3.9/site-packages/airflow/example_dags/example_trigger_controller_dag.py
[2025-12-11T04:49:58.660+0000] {processor.py:830} INFO - Processing file /home/airflow/.local/lib/python3.9/site-packages/airflow/example_dags/example_trigger_controller_dag.py for tasks to queue
[2025-12-11T04:49:58.662+0000] {logging_mixin.py:188} INFO - [2025-12-11T04:49:58.662+0000] {dagbag.py:545} INFO - Filling up the DagBag from /home/airflow/.local/lib/python3.9/site-packages/airflow/example_dags/example_trigger_controller_dag.py
[2025-12-11T04:49:58.668+0000] {processor.py:840} INFO - DAG(s) 'example_trigger_controller_dag' retrieved from /home/airflow/.local/lib/python3.9/site-packages/airflow/example_dags/example_trigger_controller_dag.py
[2025-12-11T04:49:58.724+0000] {logging_mixin.py:188} INFO - [2025-12-11T04:49:58.724+0000] {dag.py:3096} INFO - Sync 1 DAGs
[2025-12-11T04:49:58.787+0000] {logging_mixin.py:188} INFO - [2025-12-11T04:49:58.786+0000] {dag.py:3954} INFO - Setting next_dagrun for example_trigger_controller_dag to 2021-01-01 00:00:00+00:00, run_after=2021-01-01 00:00:00+00:00
[2025-12-11T04:49:58.840+0000] {processor.py:183} INFO - Processing /home/airflow/.local/lib/python3.9/site-packages/airflow/example_dags/example_trigger_controller_dag.py took 0.192 seconds
[2025-12-11T04:50:29.678+0000] {processor.py:161} INFO - Started process (PID=4221) to work on /home/airflow/.local/lib/python3.9/site-packages/airflow/example_dags/example_trigger_controller_dag.py
[2025-12-11T04:50:29.680+0000] {processor.py:830} INFO - Processing file /home/airflow/.local/lib/python3.9/site-packages/airflow/example_dags/example_trigger_controller_dag.py for tasks to queue
[2025-12-11T04:50:29.682+0000] {logging_mixin.py:188} INFO - [2025-12-11T04:50:29.682+0000] {dagbag.py:545} INFO - Filling up the DagBag from /home/airflow/.local/lib/python3.9/site-packages/airflow/example_dags/example_trigger_controller_dag.py
[2025-12-11T04:50:29.699+0000] {processor.py:840} INFO - DAG(s) 'example_trigger_controller_dag' retrieved from /home/airflow/.local/lib/python3.9/site-packages/airflow/example_dags/example_trigger_controller_dag.py
[2025-12-11T04:50:29.762+0000] {logging_mixin.py:188} INFO - [2025-12-11T04:50:29.761+0000] {dag.py:3096} INFO - Sync 1 DAGs
[2025-12-11T04:50:29.808+0000] {logging_mixin.py:188} INFO - [2025-12-11T04:50:29.808+0000] {dag.py:3954} INFO - Setting next_dagrun for example_trigger_controller_dag to 2021-01-01 00:00:00+00:00, run_after=2021-01-01 00:00:00+00:00
[2025-12-11T04:50:29.857+0000] {processor.py:183} INFO - Processing /home/airflow/.local/lib/python3.9/site-packages/airflow/example_dags/example_trigger_controller_dag.py took 0.198 seconds
[2025-12-11T04:51:00.585+0000] {processor.py:161} INFO - Started process (PID=4288) to work on /home/airflow/.local/lib/python3.9/site-packages/airflow/example_dags/example_trigger_controller_dag.py
[2025-12-11T04:51:00.636+0000] {processor.py:830} INFO - Processing file /home/airflow/.local/lib/python3.9/site-packages/airflow/example_dags/example_trigger_controller_dag.py for tasks to queue
[2025-12-11T04:51:00.639+0000] {logging_mixin.py:188} INFO - [2025-12-11T04:51:00.638+0000] {dagbag.py:545} INFO - Filling up the DagBag from /home/airflow/.local/lib/python3.9/site-packages/airflow/example_dags/example_trigger_controller_dag.py
[2025-12-11T04:51:00.646+0000] {processor.py:840} INFO - DAG(s) 'example_trigger_controller_dag' retrieved from /home/airflow/.local/lib/python3.9/site-packages/airflow/example_dags/example_trigger_controller_dag.py
[2025-12-11T04:51:00.700+0000] {logging_mixin.py:188} INFO - [2025-12-11T04:51:00.699+0000] {dag.py:3096} INFO - Sync 1 DAGs
[2025-12-11T04:51:00.749+0000] {logging_mixin.py:188} INFO - [2025-12-11T04:51:00.749+0000] {dag.py:3954} INFO - Setting next_dagrun for example_trigger_controller_dag to 2021-01-01 00:00:00+00:00, run_after=2021-01-01 00:00:00+00:00
[2025-12-11T04:51:00.787+0000] {processor.py:183} INFO - Processing /home/airflow/.local/lib/python3.9/site-packages/airflow/example_dags/example_trigger_controller_dag.py took 0.217 seconds
[2025-12-11T04:51:31.187+0000] {processor.py:161} INFO - Started process (PID=4356) to work on /home/airflow/.local/lib/python3.9/site-packages/airflow/example_dags/example_trigger_controller_dag.py
[2025-12-11T04:51:31.190+0000] {processor.py:830} INFO - Processing file /home/airflow/.local/lib/python3.9/site-packages/airflow/example_dags/example_trigger_controller_dag.py for tasks to queue
[2025-12-11T04:51:31.199+0000] {logging_mixin.py:188} INFO - [2025-12-11T04:51:31.199+0000] {dagbag.py:545} INFO - Filling up the DagBag from /home/airflow/.local/lib/python3.9/site-packages/airflow/example_dags/example_trigger_controller_dag.py
[2025-12-11T04:51:31.207+0000] {processor.py:840} INFO - DAG(s) 'example_trigger_controller_dag' retrieved from /home/airflow/.local/lib/python3.9/site-packages/airflow/example_dags/example_trigger_controller_dag.py
[2025-12-11T04:51:31.266+0000] {logging_mixin.py:188} INFO - [2025-12-11T04:51:31.266+0000] {dag.py:3096} INFO - Sync 1 DAGs
[2025-12-11T04:51:31.321+0000] {logging_mixin.py:188} INFO - [2025-12-11T04:51:31.320+0000] {dag.py:3954} INFO - Setting next_dagrun for example_trigger_controller_dag to 2021-01-01 00:00:00+00:00, run_after=2021-01-01 00:00:00+00:00
[2025-12-11T04:51:31.363+0000] {processor.py:183} INFO - Processing /home/airflow/.local/lib/python3.9/site-packages/airflow/example_dags/example_trigger_controller_dag.py took 0.191 seconds
[2025-12-11T04:52:01.763+0000] {processor.py:161} INFO - Started process (PID=4422) to work on /home/airflow/.local/lib/python3.9/site-packages/airflow/example_dags/example_trigger_controller_dag.py
[2025-12-11T04:52:01.764+0000] {processor.py:830} INFO - Processing file /home/airflow/.local/lib/python3.9/site-packages/airflow/example_dags/example_trigger_controller_dag.py for tasks to queue
[2025-12-11T04:52:01.767+0000] {logging_mixin.py:188} INFO - [2025-12-11T04:52:01.766+0000] {dagbag.py:545} INFO - Filling up the DagBag from /home/airflow/.local/lib/python3.9/site-packages/airflow/example_dags/example_trigger_controller_dag.py
[2025-12-11T04:52:01.782+0000] {processor.py:840} INFO - DAG(s) 'example_trigger_controller_dag' retrieved from /home/airflow/.local/lib/python3.9/site-packages/airflow/example_dags/example_trigger_controller_dag.py
[2025-12-11T04:52:01.866+0000] {logging_mixin.py:188} INFO - [2025-12-11T04:52:01.865+0000] {dag.py:3096} INFO - Sync 1 DAGs
[2025-12-11T04:52:01.977+0000] {logging_mixin.py:188} INFO - [2025-12-11T04:52:01.963+0000] {dag.py:3954} INFO - Setting next_dagrun for example_trigger_controller_dag to 2021-01-01 00:00:00+00:00, run_after=2021-01-01 00:00:00+00:00
[2025-12-11T04:52:02.098+0000] {processor.py:183} INFO - Processing /home/airflow/.local/lib/python3.9/site-packages/airflow/example_dags/example_trigger_controller_dag.py took 0.355 seconds
[2025-12-11T04:52:32.657+0000] {processor.py:161} INFO - Started process (PID=4489) to work on /home/airflow/.local/lib/python3.9/site-packages/airflow/example_dags/example_trigger_controller_dag.py
[2025-12-11T04:52:32.685+0000] {processor.py:830} INFO - Processing file /home/airflow/.local/lib/python3.9/site-packages/airflow/example_dags/example_trigger_controller_dag.py for tasks to queue
[2025-12-11T04:52:32.689+0000] {logging_mixin.py:188} INFO - [2025-12-11T04:52:32.688+0000] {dagbag.py:545} INFO - Filling up the DagBag from /home/airflow/.local/lib/python3.9/site-packages/airflow/example_dags/example_trigger_controller_dag.py
[2025-12-11T04:52:32.702+0000] {processor.py:840} INFO - DAG(s) 'example_trigger_controller_dag' retrieved from /home/airflow/.local/lib/python3.9/site-packages/airflow/example_dags/example_trigger_controller_dag.py
[2025-12-11T04:52:32.798+0000] {logging_mixin.py:188} INFO - [2025-12-11T04:52:32.797+0000] {dag.py:3096} INFO - Sync 1 DAGs
[2025-12-11T04:52:32.897+0000] {logging_mixin.py:188} INFO - [2025-12-11T04:52:32.882+0000] {dag.py:3954} INFO - Setting next_dagrun for example_trigger_controller_dag to 2021-01-01 00:00:00+00:00, run_after=2021-01-01 00:00:00+00:00
[2025-12-11T04:52:33.116+0000] {processor.py:183} INFO - Processing /home/airflow/.local/lib/python3.9/site-packages/airflow/example_dags/example_trigger_controller_dag.py took 0.467 seconds
[2025-12-11T04:53:03.299+0000] {processor.py:161} INFO - Started process (PID=4556) to work on /home/airflow/.local/lib/python3.9/site-packages/airflow/example_dags/example_trigger_controller_dag.py
[2025-12-11T04:53:03.311+0000] {processor.py:830} INFO - Processing file /home/airflow/.local/lib/python3.9/site-packages/airflow/example_dags/example_trigger_controller_dag.py for tasks to queue
[2025-12-11T04:53:03.318+0000] {logging_mixin.py:188} INFO - [2025-12-11T04:53:03.318+0000] {dagbag.py:545} INFO - Filling up the DagBag from /home/airflow/.local/lib/python3.9/site-packages/airflow/example_dags/example_trigger_controller_dag.py
[2025-12-11T04:53:03.340+0000] {processor.py:840} INFO - DAG(s) 'example_trigger_controller_dag' retrieved from /home/airflow/.local/lib/python3.9/site-packages/airflow/example_dags/example_trigger_controller_dag.py
[2025-12-11T04:53:03.404+0000] {logging_mixin.py:188} INFO - [2025-12-11T04:53:03.404+0000] {dag.py:3096} INFO - Sync 1 DAGs
[2025-12-11T04:53:03.507+0000] {logging_mixin.py:188} INFO - [2025-12-11T04:53:03.506+0000] {dag.py:3954} INFO - Setting next_dagrun for example_trigger_controller_dag to 2021-01-01 00:00:00+00:00, run_after=2021-01-01 00:00:00+00:00
[2025-12-11T04:53:03.601+0000] {processor.py:183} INFO - Processing /home/airflow/.local/lib/python3.9/site-packages/airflow/example_dags/example_trigger_controller_dag.py took 0.323 seconds
