[2025-12-11T04:19:04.761+0000] {processor.py:161} INFO - Started process (PID=129) to work on /home/airflow/.local/lib/python3.9/site-packages/airflow/example_dags/example_branch_operator_decorator.py
[2025-12-11T04:19:04.763+0000] {processor.py:830} INFO - Processing file /home/airflow/.local/lib/python3.9/site-packages/airflow/example_dags/example_branch_operator_decorator.py for tasks to queue
[2025-12-11T04:19:04.788+0000] {logging_mixin.py:188} INFO - [2025-12-11T04:19:04.787+0000] {dagbag.py:545} INFO - Filling up the DagBag from /home/airflow/.local/lib/python3.9/site-packages/airflow/example_dags/example_branch_operator_decorator.py
[2025-12-11T04:19:04.922+0000] {processor.py:840} INFO - DAG(s) 'example_branch_python_operator_decorator' retrieved from /home/airflow/.local/lib/python3.9/site-packages/airflow/example_dags/example_branch_operator_decorator.py
[2025-12-11T04:19:05.300+0000] {logging_mixin.py:188} INFO - [2025-12-11T04:19:05.299+0000] {dag.py:3096} INFO - Sync 1 DAGs
[2025-12-11T04:19:05.399+0000] {logging_mixin.py:188} INFO - [2025-12-11T04:19:05.398+0000] {dag.py:3954} INFO - Setting next_dagrun for example_branch_python_operator_decorator to 2025-12-10 00:00:00+00:00, run_after=2025-12-11 00:00:00+00:00
[2025-12-11T04:19:05.517+0000] {processor.py:183} INFO - Processing /home/airflow/.local/lib/python3.9/site-packages/airflow/example_dags/example_branch_operator_decorator.py took 0.797 seconds
[2025-12-11T04:19:36.441+0000] {processor.py:161} INFO - Started process (PID=195) to work on /home/airflow/.local/lib/python3.9/site-packages/airflow/example_dags/example_branch_operator_decorator.py
[2025-12-11T04:19:36.443+0000] {processor.py:830} INFO - Processing file /home/airflow/.local/lib/python3.9/site-packages/airflow/example_dags/example_branch_operator_decorator.py for tasks to queue
[2025-12-11T04:19:36.445+0000] {logging_mixin.py:188} INFO - [2025-12-11T04:19:36.445+0000] {dagbag.py:545} INFO - Filling up the DagBag from /home/airflow/.local/lib/python3.9/site-packages/airflow/example_dags/example_branch_operator_decorator.py
[2025-12-11T04:19:36.487+0000] {processor.py:840} INFO - DAG(s) 'example_branch_python_operator_decorator' retrieved from /home/airflow/.local/lib/python3.9/site-packages/airflow/example_dags/example_branch_operator_decorator.py
[2025-12-11T04:19:36.558+0000] {logging_mixin.py:188} INFO - [2025-12-11T04:19:36.557+0000] {dag.py:3096} INFO - Sync 1 DAGs
[2025-12-11T04:19:36.618+0000] {logging_mixin.py:188} INFO - [2025-12-11T04:19:36.618+0000] {dag.py:3954} INFO - Setting next_dagrun for example_branch_python_operator_decorator to 2025-12-10 00:00:00+00:00, run_after=2025-12-11 00:00:00+00:00
[2025-12-11T04:19:36.679+0000] {processor.py:183} INFO - Processing /home/airflow/.local/lib/python3.9/site-packages/airflow/example_dags/example_branch_operator_decorator.py took 0.252 seconds
[2025-12-11T04:20:06.939+0000] {processor.py:161} INFO - Started process (PID=261) to work on /home/airflow/.local/lib/python3.9/site-packages/airflow/example_dags/example_branch_operator_decorator.py
[2025-12-11T04:20:06.941+0000] {processor.py:830} INFO - Processing file /home/airflow/.local/lib/python3.9/site-packages/airflow/example_dags/example_branch_operator_decorator.py for tasks to queue
[2025-12-11T04:20:06.944+0000] {logging_mixin.py:188} INFO - [2025-12-11T04:20:06.944+0000] {dagbag.py:545} INFO - Filling up the DagBag from /home/airflow/.local/lib/python3.9/site-packages/airflow/example_dags/example_branch_operator_decorator.py
[2025-12-11T04:20:07.042+0000] {processor.py:840} INFO - DAG(s) 'example_branch_python_operator_decorator' retrieved from /home/airflow/.local/lib/python3.9/site-packages/airflow/example_dags/example_branch_operator_decorator.py
[2025-12-11T04:20:07.184+0000] {logging_mixin.py:188} INFO - [2025-12-11T04:20:07.183+0000] {dag.py:3096} INFO - Sync 1 DAGs
[2025-12-11T04:20:07.342+0000] {logging_mixin.py:188} INFO - [2025-12-11T04:20:07.341+0000] {dag.py:3954} INFO - Setting next_dagrun for example_branch_python_operator_decorator to 2025-12-10 00:00:00+00:00, run_after=2025-12-11 00:00:00+00:00
[2025-12-11T04:20:07.467+0000] {processor.py:183} INFO - Processing /home/airflow/.local/lib/python3.9/site-packages/airflow/example_dags/example_branch_operator_decorator.py took 0.566 seconds
[2025-12-11T04:20:37.821+0000] {processor.py:161} INFO - Started process (PID=327) to work on /home/airflow/.local/lib/python3.9/site-packages/airflow/example_dags/example_branch_operator_decorator.py
[2025-12-11T04:20:37.839+0000] {processor.py:830} INFO - Processing file /home/airflow/.local/lib/python3.9/site-packages/airflow/example_dags/example_branch_operator_decorator.py for tasks to queue
[2025-12-11T04:20:37.843+0000] {logging_mixin.py:188} INFO - [2025-12-11T04:20:37.842+0000] {dagbag.py:545} INFO - Filling up the DagBag from /home/airflow/.local/lib/python3.9/site-packages/airflow/example_dags/example_branch_operator_decorator.py
[2025-12-11T04:20:37.978+0000] {processor.py:840} INFO - DAG(s) 'example_branch_python_operator_decorator' retrieved from /home/airflow/.local/lib/python3.9/site-packages/airflow/example_dags/example_branch_operator_decorator.py
[2025-12-11T04:20:38.141+0000] {logging_mixin.py:188} INFO - [2025-12-11T04:20:38.141+0000] {dag.py:3096} INFO - Sync 1 DAGs
[2025-12-11T04:20:38.265+0000] {logging_mixin.py:188} INFO - [2025-12-11T04:20:38.264+0000] {dag.py:3954} INFO - Setting next_dagrun for example_branch_python_operator_decorator to 2025-12-10 00:00:00+00:00, run_after=2025-12-11 00:00:00+00:00
[2025-12-11T04:20:38.399+0000] {processor.py:183} INFO - Processing /home/airflow/.local/lib/python3.9/site-packages/airflow/example_dags/example_branch_operator_decorator.py took 0.617 seconds
[2025-12-11T04:21:08.559+0000] {processor.py:161} INFO - Started process (PID=393) to work on /home/airflow/.local/lib/python3.9/site-packages/airflow/example_dags/example_branch_operator_decorator.py
[2025-12-11T04:21:08.563+0000] {processor.py:830} INFO - Processing file /home/airflow/.local/lib/python3.9/site-packages/airflow/example_dags/example_branch_operator_decorator.py for tasks to queue
[2025-12-11T04:21:08.566+0000] {logging_mixin.py:188} INFO - [2025-12-11T04:21:08.566+0000] {dagbag.py:545} INFO - Filling up the DagBag from /home/airflow/.local/lib/python3.9/site-packages/airflow/example_dags/example_branch_operator_decorator.py
[2025-12-11T04:21:08.628+0000] {processor.py:840} INFO - DAG(s) 'example_branch_python_operator_decorator' retrieved from /home/airflow/.local/lib/python3.9/site-packages/airflow/example_dags/example_branch_operator_decorator.py
[2025-12-11T04:21:08.703+0000] {logging_mixin.py:188} INFO - [2025-12-11T04:21:08.702+0000] {dag.py:3096} INFO - Sync 1 DAGs
[2025-12-11T04:21:08.767+0000] {logging_mixin.py:188} INFO - [2025-12-11T04:21:08.767+0000] {dag.py:3954} INFO - Setting next_dagrun for example_branch_python_operator_decorator to 2025-12-10 00:00:00+00:00, run_after=2025-12-11 00:00:00+00:00
[2025-12-11T04:21:08.808+0000] {processor.py:183} INFO - Processing /home/airflow/.local/lib/python3.9/site-packages/airflow/example_dags/example_branch_operator_decorator.py took 0.279 seconds
[2025-12-11T04:21:38.982+0000] {processor.py:161} INFO - Started process (PID=458) to work on /home/airflow/.local/lib/python3.9/site-packages/airflow/example_dags/example_branch_operator_decorator.py
[2025-12-11T04:21:38.995+0000] {processor.py:830} INFO - Processing file /home/airflow/.local/lib/python3.9/site-packages/airflow/example_dags/example_branch_operator_decorator.py for tasks to queue
[2025-12-11T04:21:38.998+0000] {logging_mixin.py:188} INFO - [2025-12-11T04:21:38.998+0000] {dagbag.py:545} INFO - Filling up the DagBag from /home/airflow/.local/lib/python3.9/site-packages/airflow/example_dags/example_branch_operator_decorator.py
[2025-12-11T04:21:39.063+0000] {processor.py:840} INFO - DAG(s) 'example_branch_python_operator_decorator' retrieved from /home/airflow/.local/lib/python3.9/site-packages/airflow/example_dags/example_branch_operator_decorator.py
[2025-12-11T04:21:39.163+0000] {logging_mixin.py:188} INFO - [2025-12-11T04:21:39.163+0000] {dag.py:3096} INFO - Sync 1 DAGs
[2025-12-11T04:21:39.246+0000] {logging_mixin.py:188} INFO - [2025-12-11T04:21:39.245+0000] {dag.py:3954} INFO - Setting next_dagrun for example_branch_python_operator_decorator to 2025-12-10 00:00:00+00:00, run_after=2025-12-11 00:00:00+00:00
[2025-12-11T04:21:39.381+0000] {processor.py:183} INFO - Processing /home/airflow/.local/lib/python3.9/site-packages/airflow/example_dags/example_branch_operator_decorator.py took 0.424 seconds
[2025-12-11T04:22:09.921+0000] {processor.py:161} INFO - Started process (PID=524) to work on /home/airflow/.local/lib/python3.9/site-packages/airflow/example_dags/example_branch_operator_decorator.py
[2025-12-11T04:22:09.923+0000] {processor.py:830} INFO - Processing file /home/airflow/.local/lib/python3.9/site-packages/airflow/example_dags/example_branch_operator_decorator.py for tasks to queue
[2025-12-11T04:22:09.927+0000] {logging_mixin.py:188} INFO - [2025-12-11T04:22:09.926+0000] {dagbag.py:545} INFO - Filling up the DagBag from /home/airflow/.local/lib/python3.9/site-packages/airflow/example_dags/example_branch_operator_decorator.py
[2025-12-11T04:22:09.987+0000] {processor.py:840} INFO - DAG(s) 'example_branch_python_operator_decorator' retrieved from /home/airflow/.local/lib/python3.9/site-packages/airflow/example_dags/example_branch_operator_decorator.py
[2025-12-11T04:22:10.081+0000] {logging_mixin.py:188} INFO - [2025-12-11T04:22:10.081+0000] {dag.py:3096} INFO - Sync 1 DAGs
[2025-12-11T04:22:10.137+0000] {logging_mixin.py:188} INFO - [2025-12-11T04:22:10.137+0000] {dag.py:3954} INFO - Setting next_dagrun for example_branch_python_operator_decorator to 2025-12-10 00:00:00+00:00, run_after=2025-12-11 00:00:00+00:00
[2025-12-11T04:22:10.263+0000] {processor.py:183} INFO - Processing /home/airflow/.local/lib/python3.9/site-packages/airflow/example_dags/example_branch_operator_decorator.py took 0.363 seconds
[2025-12-11T04:22:41.199+0000] {processor.py:161} INFO - Started process (PID=590) to work on /home/airflow/.local/lib/python3.9/site-packages/airflow/example_dags/example_branch_operator_decorator.py
[2025-12-11T04:22:41.253+0000] {processor.py:830} INFO - Processing file /home/airflow/.local/lib/python3.9/site-packages/airflow/example_dags/example_branch_operator_decorator.py for tasks to queue
[2025-12-11T04:22:41.257+0000] {logging_mixin.py:188} INFO - [2025-12-11T04:22:41.257+0000] {dagbag.py:545} INFO - Filling up the DagBag from /home/airflow/.local/lib/python3.9/site-packages/airflow/example_dags/example_branch_operator_decorator.py
[2025-12-11T04:22:41.292+0000] {processor.py:840} INFO - DAG(s) 'example_branch_python_operator_decorator' retrieved from /home/airflow/.local/lib/python3.9/site-packages/airflow/example_dags/example_branch_operator_decorator.py
[2025-12-11T04:22:41.388+0000] {logging_mixin.py:188} INFO - [2025-12-11T04:22:41.388+0000] {dag.py:3096} INFO - Sync 1 DAGs
[2025-12-11T04:22:41.441+0000] {logging_mixin.py:188} INFO - [2025-12-11T04:22:41.440+0000] {dag.py:3954} INFO - Setting next_dagrun for example_branch_python_operator_decorator to 2025-12-10 00:00:00+00:00, run_after=2025-12-11 00:00:00+00:00
[2025-12-11T04:22:41.591+0000] {processor.py:183} INFO - Processing /home/airflow/.local/lib/python3.9/site-packages/airflow/example_dags/example_branch_operator_decorator.py took 0.408 seconds
[2025-12-11T04:23:11.901+0000] {processor.py:161} INFO - Started process (PID=656) to work on /home/airflow/.local/lib/python3.9/site-packages/airflow/example_dags/example_branch_operator_decorator.py
[2025-12-11T04:23:11.903+0000] {processor.py:830} INFO - Processing file /home/airflow/.local/lib/python3.9/site-packages/airflow/example_dags/example_branch_operator_decorator.py for tasks to queue
[2025-12-11T04:23:11.906+0000] {logging_mixin.py:188} INFO - [2025-12-11T04:23:11.906+0000] {dagbag.py:545} INFO - Filling up the DagBag from /home/airflow/.local/lib/python3.9/site-packages/airflow/example_dags/example_branch_operator_decorator.py
[2025-12-11T04:23:11.959+0000] {processor.py:840} INFO - DAG(s) 'example_branch_python_operator_decorator' retrieved from /home/airflow/.local/lib/python3.9/site-packages/airflow/example_dags/example_branch_operator_decorator.py
[2025-12-11T04:23:12.011+0000] {logging_mixin.py:188} INFO - [2025-12-11T04:23:12.010+0000] {dag.py:3096} INFO - Sync 1 DAGs
[2025-12-11T04:23:12.066+0000] {logging_mixin.py:188} INFO - [2025-12-11T04:23:12.065+0000] {dag.py:3954} INFO - Setting next_dagrun for example_branch_python_operator_decorator to 2025-12-10 00:00:00+00:00, run_after=2025-12-11 00:00:00+00:00
[2025-12-11T04:23:12.154+0000] {processor.py:183} INFO - Processing /home/airflow/.local/lib/python3.9/site-packages/airflow/example_dags/example_branch_operator_decorator.py took 0.267 seconds
[2025-12-11T04:23:42.540+0000] {processor.py:161} INFO - Started process (PID=722) to work on /home/airflow/.local/lib/python3.9/site-packages/airflow/example_dags/example_branch_operator_decorator.py
[2025-12-11T04:23:42.543+0000] {processor.py:830} INFO - Processing file /home/airflow/.local/lib/python3.9/site-packages/airflow/example_dags/example_branch_operator_decorator.py for tasks to queue
[2025-12-11T04:23:42.547+0000] {logging_mixin.py:188} INFO - [2025-12-11T04:23:42.546+0000] {dagbag.py:545} INFO - Filling up the DagBag from /home/airflow/.local/lib/python3.9/site-packages/airflow/example_dags/example_branch_operator_decorator.py
[2025-12-11T04:23:42.627+0000] {processor.py:840} INFO - DAG(s) 'example_branch_python_operator_decorator' retrieved from /home/airflow/.local/lib/python3.9/site-packages/airflow/example_dags/example_branch_operator_decorator.py
[2025-12-11T04:23:42.697+0000] {logging_mixin.py:188} INFO - [2025-12-11T04:23:42.697+0000] {dag.py:3096} INFO - Sync 1 DAGs
[2025-12-11T04:23:42.749+0000] {logging_mixin.py:188} INFO - [2025-12-11T04:23:42.749+0000] {dag.py:3954} INFO - Setting next_dagrun for example_branch_python_operator_decorator to 2025-12-10 00:00:00+00:00, run_after=2025-12-11 00:00:00+00:00
[2025-12-11T04:23:42.785+0000] {processor.py:183} INFO - Processing /home/airflow/.local/lib/python3.9/site-packages/airflow/example_dags/example_branch_operator_decorator.py took 0.262 seconds
[2025-12-11T04:24:13.569+0000] {processor.py:161} INFO - Started process (PID=788) to work on /home/airflow/.local/lib/python3.9/site-packages/airflow/example_dags/example_branch_operator_decorator.py
[2025-12-11T04:24:13.571+0000] {processor.py:830} INFO - Processing file /home/airflow/.local/lib/python3.9/site-packages/airflow/example_dags/example_branch_operator_decorator.py for tasks to queue
[2025-12-11T04:24:13.579+0000] {logging_mixin.py:188} INFO - [2025-12-11T04:24:13.578+0000] {dagbag.py:545} INFO - Filling up the DagBag from /home/airflow/.local/lib/python3.9/site-packages/airflow/example_dags/example_branch_operator_decorator.py
[2025-12-11T04:24:13.643+0000] {processor.py:840} INFO - DAG(s) 'example_branch_python_operator_decorator' retrieved from /home/airflow/.local/lib/python3.9/site-packages/airflow/example_dags/example_branch_operator_decorator.py
[2025-12-11T04:24:13.726+0000] {logging_mixin.py:188} INFO - [2025-12-11T04:24:13.726+0000] {dag.py:3096} INFO - Sync 1 DAGs
[2025-12-11T04:24:13.804+0000] {logging_mixin.py:188} INFO - [2025-12-11T04:24:13.804+0000] {dag.py:3954} INFO - Setting next_dagrun for example_branch_python_operator_decorator to 2025-12-10 00:00:00+00:00, run_after=2025-12-11 00:00:00+00:00
[2025-12-11T04:24:13.861+0000] {processor.py:183} INFO - Processing /home/airflow/.local/lib/python3.9/site-packages/airflow/example_dags/example_branch_operator_decorator.py took 0.312 seconds
[2025-12-11T04:24:44.059+0000] {processor.py:161} INFO - Started process (PID=854) to work on /home/airflow/.local/lib/python3.9/site-packages/airflow/example_dags/example_branch_operator_decorator.py
[2025-12-11T04:24:44.061+0000] {processor.py:830} INFO - Processing file /home/airflow/.local/lib/python3.9/site-packages/airflow/example_dags/example_branch_operator_decorator.py for tasks to queue
[2025-12-11T04:24:44.065+0000] {logging_mixin.py:188} INFO - [2025-12-11T04:24:44.064+0000] {dagbag.py:545} INFO - Filling up the DagBag from /home/airflow/.local/lib/python3.9/site-packages/airflow/example_dags/example_branch_operator_decorator.py
[2025-12-11T04:24:44.120+0000] {processor.py:840} INFO - DAG(s) 'example_branch_python_operator_decorator' retrieved from /home/airflow/.local/lib/python3.9/site-packages/airflow/example_dags/example_branch_operator_decorator.py
[2025-12-11T04:24:44.208+0000] {logging_mixin.py:188} INFO - [2025-12-11T04:24:44.207+0000] {dag.py:3096} INFO - Sync 1 DAGs
[2025-12-11T04:24:44.282+0000] {logging_mixin.py:188} INFO - [2025-12-11T04:24:44.282+0000] {dag.py:3954} INFO - Setting next_dagrun for example_branch_python_operator_decorator to 2025-12-10 00:00:00+00:00, run_after=2025-12-11 00:00:00+00:00
[2025-12-11T04:24:44.349+0000] {processor.py:183} INFO - Processing /home/airflow/.local/lib/python3.9/site-packages/airflow/example_dags/example_branch_operator_decorator.py took 0.308 seconds
[2025-12-11T04:25:14.422+0000] {processor.py:161} INFO - Started process (PID=919) to work on /home/airflow/.local/lib/python3.9/site-packages/airflow/example_dags/example_branch_operator_decorator.py
[2025-12-11T04:25:14.424+0000] {processor.py:830} INFO - Processing file /home/airflow/.local/lib/python3.9/site-packages/airflow/example_dags/example_branch_operator_decorator.py for tasks to queue
[2025-12-11T04:25:14.427+0000] {logging_mixin.py:188} INFO - [2025-12-11T04:25:14.426+0000] {dagbag.py:545} INFO - Filling up the DagBag from /home/airflow/.local/lib/python3.9/site-packages/airflow/example_dags/example_branch_operator_decorator.py
[2025-12-11T04:25:14.458+0000] {processor.py:840} INFO - DAG(s) 'example_branch_python_operator_decorator' retrieved from /home/airflow/.local/lib/python3.9/site-packages/airflow/example_dags/example_branch_operator_decorator.py
[2025-12-11T04:25:14.506+0000] {logging_mixin.py:188} INFO - [2025-12-11T04:25:14.505+0000] {dag.py:3096} INFO - Sync 1 DAGs
[2025-12-11T04:25:14.544+0000] {logging_mixin.py:188} INFO - [2025-12-11T04:25:14.544+0000] {dag.py:3954} INFO - Setting next_dagrun for example_branch_python_operator_decorator to 2025-12-10 00:00:00+00:00, run_after=2025-12-11 00:00:00+00:00
[2025-12-11T04:25:14.638+0000] {processor.py:183} INFO - Processing /home/airflow/.local/lib/python3.9/site-packages/airflow/example_dags/example_branch_operator_decorator.py took 0.226 seconds
[2025-12-11T04:25:45.113+0000] {processor.py:161} INFO - Started process (PID=985) to work on /home/airflow/.local/lib/python3.9/site-packages/airflow/example_dags/example_branch_operator_decorator.py
[2025-12-11T04:25:45.115+0000] {processor.py:830} INFO - Processing file /home/airflow/.local/lib/python3.9/site-packages/airflow/example_dags/example_branch_operator_decorator.py for tasks to queue
[2025-12-11T04:25:45.117+0000] {logging_mixin.py:188} INFO - [2025-12-11T04:25:45.117+0000] {dagbag.py:545} INFO - Filling up the DagBag from /home/airflow/.local/lib/python3.9/site-packages/airflow/example_dags/example_branch_operator_decorator.py
[2025-12-11T04:25:45.145+0000] {processor.py:840} INFO - DAG(s) 'example_branch_python_operator_decorator' retrieved from /home/airflow/.local/lib/python3.9/site-packages/airflow/example_dags/example_branch_operator_decorator.py
[2025-12-11T04:25:45.197+0000] {logging_mixin.py:188} INFO - [2025-12-11T04:25:45.196+0000] {dag.py:3096} INFO - Sync 1 DAGs
[2025-12-11T04:25:45.242+0000] {logging_mixin.py:188} INFO - [2025-12-11T04:25:45.241+0000] {dag.py:3954} INFO - Setting next_dagrun for example_branch_python_operator_decorator to 2025-12-10 00:00:00+00:00, run_after=2025-12-11 00:00:00+00:00
[2025-12-11T04:25:45.269+0000] {processor.py:183} INFO - Processing /home/airflow/.local/lib/python3.9/site-packages/airflow/example_dags/example_branch_operator_decorator.py took 0.171 seconds
[2025-12-11T04:26:15.395+0000] {processor.py:161} INFO - Started process (PID=1052) to work on /home/airflow/.local/lib/python3.9/site-packages/airflow/example_dags/example_branch_operator_decorator.py
[2025-12-11T04:26:15.398+0000] {processor.py:830} INFO - Processing file /home/airflow/.local/lib/python3.9/site-packages/airflow/example_dags/example_branch_operator_decorator.py for tasks to queue
[2025-12-11T04:26:15.401+0000] {logging_mixin.py:188} INFO - [2025-12-11T04:26:15.400+0000] {dagbag.py:545} INFO - Filling up the DagBag from /home/airflow/.local/lib/python3.9/site-packages/airflow/example_dags/example_branch_operator_decorator.py
[2025-12-11T04:26:15.430+0000] {processor.py:840} INFO - DAG(s) 'example_branch_python_operator_decorator' retrieved from /home/airflow/.local/lib/python3.9/site-packages/airflow/example_dags/example_branch_operator_decorator.py
[2025-12-11T04:26:15.500+0000] {logging_mixin.py:188} INFO - [2025-12-11T04:26:15.499+0000] {dag.py:3096} INFO - Sync 1 DAGs
[2025-12-11T04:26:15.563+0000] {logging_mixin.py:188} INFO - [2025-12-11T04:26:15.563+0000] {dag.py:3954} INFO - Setting next_dagrun for example_branch_python_operator_decorator to 2025-12-10 00:00:00+00:00, run_after=2025-12-11 00:00:00+00:00
[2025-12-11T04:26:15.592+0000] {processor.py:183} INFO - Processing /home/airflow/.local/lib/python3.9/site-packages/airflow/example_dags/example_branch_operator_decorator.py took 0.207 seconds
[2025-12-11T04:26:45.862+0000] {processor.py:161} INFO - Started process (PID=1124) to work on /home/airflow/.local/lib/python3.9/site-packages/airflow/example_dags/example_branch_operator_decorator.py
[2025-12-11T04:26:45.864+0000] {processor.py:830} INFO - Processing file /home/airflow/.local/lib/python3.9/site-packages/airflow/example_dags/example_branch_operator_decorator.py for tasks to queue
[2025-12-11T04:26:45.866+0000] {logging_mixin.py:188} INFO - [2025-12-11T04:26:45.866+0000] {dagbag.py:545} INFO - Filling up the DagBag from /home/airflow/.local/lib/python3.9/site-packages/airflow/example_dags/example_branch_operator_decorator.py
[2025-12-11T04:26:45.909+0000] {processor.py:840} INFO - DAG(s) 'example_branch_python_operator_decorator' retrieved from /home/airflow/.local/lib/python3.9/site-packages/airflow/example_dags/example_branch_operator_decorator.py
[2025-12-11T04:26:45.998+0000] {logging_mixin.py:188} INFO - [2025-12-11T04:26:45.997+0000] {dag.py:3096} INFO - Sync 1 DAGs
[2025-12-11T04:26:46.063+0000] {logging_mixin.py:188} INFO - [2025-12-11T04:26:46.063+0000] {dag.py:3954} INFO - Setting next_dagrun for example_branch_python_operator_decorator to 2025-12-10 00:00:00+00:00, run_after=2025-12-11 00:00:00+00:00
[2025-12-11T04:26:46.120+0000] {processor.py:183} INFO - Processing /home/airflow/.local/lib/python3.9/site-packages/airflow/example_dags/example_branch_operator_decorator.py took 0.273 seconds
[2025-12-11T04:27:16.359+0000] {processor.py:161} INFO - Started process (PID=1190) to work on /home/airflow/.local/lib/python3.9/site-packages/airflow/example_dags/example_branch_operator_decorator.py
[2025-12-11T04:27:16.361+0000] {processor.py:830} INFO - Processing file /home/airflow/.local/lib/python3.9/site-packages/airflow/example_dags/example_branch_operator_decorator.py for tasks to queue
[2025-12-11T04:27:16.364+0000] {logging_mixin.py:188} INFO - [2025-12-11T04:27:16.363+0000] {dagbag.py:545} INFO - Filling up the DagBag from /home/airflow/.local/lib/python3.9/site-packages/airflow/example_dags/example_branch_operator_decorator.py
[2025-12-11T04:27:16.404+0000] {processor.py:840} INFO - DAG(s) 'example_branch_python_operator_decorator' retrieved from /home/airflow/.local/lib/python3.9/site-packages/airflow/example_dags/example_branch_operator_decorator.py
[2025-12-11T04:27:16.485+0000] {logging_mixin.py:188} INFO - [2025-12-11T04:27:16.485+0000] {dag.py:3096} INFO - Sync 1 DAGs
[2025-12-11T04:27:16.563+0000] {logging_mixin.py:188} INFO - [2025-12-11T04:27:16.563+0000] {dag.py:3954} INFO - Setting next_dagrun for example_branch_python_operator_decorator to 2025-12-10 00:00:00+00:00, run_after=2025-12-11 00:00:00+00:00
[2025-12-11T04:27:16.663+0000] {processor.py:183} INFO - Processing /home/airflow/.local/lib/python3.9/site-packages/airflow/example_dags/example_branch_operator_decorator.py took 0.325 seconds
[2025-12-11T04:27:46.881+0000] {processor.py:161} INFO - Started process (PID=1256) to work on /home/airflow/.local/lib/python3.9/site-packages/airflow/example_dags/example_branch_operator_decorator.py
[2025-12-11T04:27:46.883+0000] {processor.py:830} INFO - Processing file /home/airflow/.local/lib/python3.9/site-packages/airflow/example_dags/example_branch_operator_decorator.py for tasks to queue
[2025-12-11T04:27:46.900+0000] {logging_mixin.py:188} INFO - [2025-12-11T04:27:46.899+0000] {dagbag.py:545} INFO - Filling up the DagBag from /home/airflow/.local/lib/python3.9/site-packages/airflow/example_dags/example_branch_operator_decorator.py
[2025-12-11T04:27:46.964+0000] {processor.py:840} INFO - DAG(s) 'example_branch_python_operator_decorator' retrieved from /home/airflow/.local/lib/python3.9/site-packages/airflow/example_dags/example_branch_operator_decorator.py
[2025-12-11T04:27:47.105+0000] {logging_mixin.py:188} INFO - [2025-12-11T04:27:47.105+0000] {dag.py:3096} INFO - Sync 1 DAGs
[2025-12-11T04:27:47.179+0000] {logging_mixin.py:188} INFO - [2025-12-11T04:27:47.179+0000] {dag.py:3954} INFO - Setting next_dagrun for example_branch_python_operator_decorator to 2025-12-10 00:00:00+00:00, run_after=2025-12-11 00:00:00+00:00
[2025-12-11T04:27:47.241+0000] {processor.py:183} INFO - Processing /home/airflow/.local/lib/python3.9/site-packages/airflow/example_dags/example_branch_operator_decorator.py took 0.378 seconds
[2025-12-11T04:28:18.106+0000] {processor.py:161} INFO - Started process (PID=1322) to work on /home/airflow/.local/lib/python3.9/site-packages/airflow/example_dags/example_branch_operator_decorator.py
[2025-12-11T04:28:18.123+0000] {processor.py:830} INFO - Processing file /home/airflow/.local/lib/python3.9/site-packages/airflow/example_dags/example_branch_operator_decorator.py for tasks to queue
[2025-12-11T04:28:18.138+0000] {logging_mixin.py:188} INFO - [2025-12-11T04:28:18.138+0000] {dagbag.py:545} INFO - Filling up the DagBag from /home/airflow/.local/lib/python3.9/site-packages/airflow/example_dags/example_branch_operator_decorator.py
[2025-12-11T04:28:18.197+0000] {processor.py:840} INFO - DAG(s) 'example_branch_python_operator_decorator' retrieved from /home/airflow/.local/lib/python3.9/site-packages/airflow/example_dags/example_branch_operator_decorator.py
[2025-12-11T04:28:18.362+0000] {logging_mixin.py:188} INFO - [2025-12-11T04:28:18.362+0000] {dag.py:3096} INFO - Sync 1 DAGs
[2025-12-11T04:28:18.459+0000] {logging_mixin.py:188} INFO - [2025-12-11T04:28:18.458+0000] {dag.py:3954} INFO - Setting next_dagrun for example_branch_python_operator_decorator to 2025-12-10 00:00:00+00:00, run_after=2025-12-11 00:00:00+00:00
[2025-12-11T04:28:18.539+0000] {processor.py:183} INFO - Processing /home/airflow/.local/lib/python3.9/site-packages/airflow/example_dags/example_branch_operator_decorator.py took 0.457 seconds
[2025-12-11T04:28:48.877+0000] {processor.py:161} INFO - Started process (PID=1381) to work on /home/airflow/.local/lib/python3.9/site-packages/airflow/example_dags/example_branch_operator_decorator.py
[2025-12-11T04:28:48.886+0000] {processor.py:830} INFO - Processing file /home/airflow/.local/lib/python3.9/site-packages/airflow/example_dags/example_branch_operator_decorator.py for tasks to queue
[2025-12-11T04:28:48.890+0000] {logging_mixin.py:188} INFO - [2025-12-11T04:28:48.890+0000] {dagbag.py:545} INFO - Filling up the DagBag from /home/airflow/.local/lib/python3.9/site-packages/airflow/example_dags/example_branch_operator_decorator.py
[2025-12-11T04:28:48.937+0000] {processor.py:840} INFO - DAG(s) 'example_branch_python_operator_decorator' retrieved from /home/airflow/.local/lib/python3.9/site-packages/airflow/example_dags/example_branch_operator_decorator.py
[2025-12-11T04:28:49.018+0000] {logging_mixin.py:188} INFO - [2025-12-11T04:28:49.017+0000] {dag.py:3096} INFO - Sync 1 DAGs
[2025-12-11T04:28:49.070+0000] {logging_mixin.py:188} INFO - [2025-12-11T04:28:49.069+0000] {dag.py:3954} INFO - Setting next_dagrun for example_branch_python_operator_decorator to 2025-12-10 00:00:00+00:00, run_after=2025-12-11 00:00:00+00:00
[2025-12-11T04:28:49.117+0000] {processor.py:183} INFO - Processing /home/airflow/.local/lib/python3.9/site-packages/airflow/example_dags/example_branch_operator_decorator.py took 0.258 seconds
[2025-12-11T04:29:19.741+0000] {processor.py:161} INFO - Started process (PID=1447) to work on /home/airflow/.local/lib/python3.9/site-packages/airflow/example_dags/example_branch_operator_decorator.py
[2025-12-11T04:29:19.742+0000] {processor.py:830} INFO - Processing file /home/airflow/.local/lib/python3.9/site-packages/airflow/example_dags/example_branch_operator_decorator.py for tasks to queue
[2025-12-11T04:29:19.745+0000] {logging_mixin.py:188} INFO - [2025-12-11T04:29:19.745+0000] {dagbag.py:545} INFO - Filling up the DagBag from /home/airflow/.local/lib/python3.9/site-packages/airflow/example_dags/example_branch_operator_decorator.py
[2025-12-11T04:29:19.847+0000] {processor.py:840} INFO - DAG(s) 'example_branch_python_operator_decorator' retrieved from /home/airflow/.local/lib/python3.9/site-packages/airflow/example_dags/example_branch_operator_decorator.py
[2025-12-11T04:29:19.960+0000] {logging_mixin.py:188} INFO - [2025-12-11T04:29:19.959+0000] {dag.py:3096} INFO - Sync 1 DAGs
[2025-12-11T04:29:20.042+0000] {logging_mixin.py:188} INFO - [2025-12-11T04:29:20.042+0000] {dag.py:3954} INFO - Setting next_dagrun for example_branch_python_operator_decorator to 2025-12-10 00:00:00+00:00, run_after=2025-12-11 00:00:00+00:00
[2025-12-11T04:29:20.090+0000] {processor.py:183} INFO - Processing /home/airflow/.local/lib/python3.9/site-packages/airflow/example_dags/example_branch_operator_decorator.py took 0.365 seconds
[2025-12-11T04:29:50.631+0000] {processor.py:161} INFO - Started process (PID=1513) to work on /home/airflow/.local/lib/python3.9/site-packages/airflow/example_dags/example_branch_operator_decorator.py
[2025-12-11T04:29:50.637+0000] {processor.py:830} INFO - Processing file /home/airflow/.local/lib/python3.9/site-packages/airflow/example_dags/example_branch_operator_decorator.py for tasks to queue
[2025-12-11T04:29:50.640+0000] {logging_mixin.py:188} INFO - [2025-12-11T04:29:50.640+0000] {dagbag.py:545} INFO - Filling up the DagBag from /home/airflow/.local/lib/python3.9/site-packages/airflow/example_dags/example_branch_operator_decorator.py
[2025-12-11T04:29:50.686+0000] {processor.py:840} INFO - DAG(s) 'example_branch_python_operator_decorator' retrieved from /home/airflow/.local/lib/python3.9/site-packages/airflow/example_dags/example_branch_operator_decorator.py
[2025-12-11T04:29:50.763+0000] {logging_mixin.py:188} INFO - [2025-12-11T04:29:50.763+0000] {dag.py:3096} INFO - Sync 1 DAGs
[2025-12-11T04:29:50.825+0000] {logging_mixin.py:188} INFO - [2025-12-11T04:29:50.825+0000] {dag.py:3954} INFO - Setting next_dagrun for example_branch_python_operator_decorator to 2025-12-10 00:00:00+00:00, run_after=2025-12-11 00:00:00+00:00
[2025-12-11T04:29:50.881+0000] {processor.py:183} INFO - Processing /home/airflow/.local/lib/python3.9/site-packages/airflow/example_dags/example_branch_operator_decorator.py took 0.261 seconds
[2025-12-11T04:30:21.281+0000] {processor.py:161} INFO - Started process (PID=1585) to work on /home/airflow/.local/lib/python3.9/site-packages/airflow/example_dags/example_branch_operator_decorator.py
[2025-12-11T04:30:21.283+0000] {processor.py:830} INFO - Processing file /home/airflow/.local/lib/python3.9/site-packages/airflow/example_dags/example_branch_operator_decorator.py for tasks to queue
[2025-12-11T04:30:21.300+0000] {logging_mixin.py:188} INFO - [2025-12-11T04:30:21.299+0000] {dagbag.py:545} INFO - Filling up the DagBag from /home/airflow/.local/lib/python3.9/site-packages/airflow/example_dags/example_branch_operator_decorator.py
[2025-12-11T04:30:21.382+0000] {processor.py:840} INFO - DAG(s) 'example_branch_python_operator_decorator' retrieved from /home/airflow/.local/lib/python3.9/site-packages/airflow/example_dags/example_branch_operator_decorator.py
[2025-12-11T04:30:21.510+0000] {logging_mixin.py:188} INFO - [2025-12-11T04:30:21.509+0000] {dag.py:3096} INFO - Sync 1 DAGs
[2025-12-11T04:30:21.599+0000] {logging_mixin.py:188} INFO - [2025-12-11T04:30:21.599+0000] {dag.py:3954} INFO - Setting next_dagrun for example_branch_python_operator_decorator to 2025-12-10 00:00:00+00:00, run_after=2025-12-11 00:00:00+00:00
[2025-12-11T04:30:21.682+0000] {processor.py:183} INFO - Processing /home/airflow/.local/lib/python3.9/site-packages/airflow/example_dags/example_branch_operator_decorator.py took 0.439 seconds
[2025-12-11T04:30:52.697+0000] {processor.py:161} INFO - Started process (PID=1651) to work on /home/airflow/.local/lib/python3.9/site-packages/airflow/example_dags/example_branch_operator_decorator.py
[2025-12-11T04:30:52.732+0000] {processor.py:830} INFO - Processing file /home/airflow/.local/lib/python3.9/site-packages/airflow/example_dags/example_branch_operator_decorator.py for tasks to queue
[2025-12-11T04:30:52.739+0000] {logging_mixin.py:188} INFO - [2025-12-11T04:30:52.738+0000] {dagbag.py:545} INFO - Filling up the DagBag from /home/airflow/.local/lib/python3.9/site-packages/airflow/example_dags/example_branch_operator_decorator.py
[2025-12-11T04:30:52.818+0000] {processor.py:840} INFO - DAG(s) 'example_branch_python_operator_decorator' retrieved from /home/airflow/.local/lib/python3.9/site-packages/airflow/example_dags/example_branch_operator_decorator.py
[2025-12-11T04:30:52.943+0000] {logging_mixin.py:188} INFO - [2025-12-11T04:30:52.942+0000] {dag.py:3096} INFO - Sync 1 DAGs
[2025-12-11T04:30:53.041+0000] {logging_mixin.py:188} INFO - [2025-12-11T04:30:53.040+0000] {dag.py:3954} INFO - Setting next_dagrun for example_branch_python_operator_decorator to 2025-12-10 00:00:00+00:00, run_after=2025-12-11 00:00:00+00:00
[2025-12-11T04:30:53.124+0000] {processor.py:183} INFO - Processing /home/airflow/.local/lib/python3.9/site-packages/airflow/example_dags/example_branch_operator_decorator.py took 0.447 seconds
[2025-12-11T04:31:23.508+0000] {processor.py:161} INFO - Started process (PID=1717) to work on /home/airflow/.local/lib/python3.9/site-packages/airflow/example_dags/example_branch_operator_decorator.py
[2025-12-11T04:31:23.520+0000] {processor.py:830} INFO - Processing file /home/airflow/.local/lib/python3.9/site-packages/airflow/example_dags/example_branch_operator_decorator.py for tasks to queue
[2025-12-11T04:31:23.523+0000] {logging_mixin.py:188} INFO - [2025-12-11T04:31:23.522+0000] {dagbag.py:545} INFO - Filling up the DagBag from /home/airflow/.local/lib/python3.9/site-packages/airflow/example_dags/example_branch_operator_decorator.py
[2025-12-11T04:31:23.586+0000] {processor.py:840} INFO - DAG(s) 'example_branch_python_operator_decorator' retrieved from /home/airflow/.local/lib/python3.9/site-packages/airflow/example_dags/example_branch_operator_decorator.py
[2025-12-11T04:31:23.686+0000] {logging_mixin.py:188} INFO - [2025-12-11T04:31:23.685+0000] {dag.py:3096} INFO - Sync 1 DAGs
[2025-12-11T04:31:23.804+0000] {logging_mixin.py:188} INFO - [2025-12-11T04:31:23.803+0000] {dag.py:3954} INFO - Setting next_dagrun for example_branch_python_operator_decorator to 2025-12-10 00:00:00+00:00, run_after=2025-12-11 00:00:00+00:00
[2025-12-11T04:31:23.886+0000] {processor.py:183} INFO - Processing /home/airflow/.local/lib/python3.9/site-packages/airflow/example_dags/example_branch_operator_decorator.py took 0.403 seconds
[2025-12-11T04:31:54.180+0000] {processor.py:161} INFO - Started process (PID=1783) to work on /home/airflow/.local/lib/python3.9/site-packages/airflow/example_dags/example_branch_operator_decorator.py
[2025-12-11T04:31:54.182+0000] {processor.py:830} INFO - Processing file /home/airflow/.local/lib/python3.9/site-packages/airflow/example_dags/example_branch_operator_decorator.py for tasks to queue
[2025-12-11T04:31:54.185+0000] {logging_mixin.py:188} INFO - [2025-12-11T04:31:54.185+0000] {dagbag.py:545} INFO - Filling up the DagBag from /home/airflow/.local/lib/python3.9/site-packages/airflow/example_dags/example_branch_operator_decorator.py
[2025-12-11T04:31:54.241+0000] {processor.py:840} INFO - DAG(s) 'example_branch_python_operator_decorator' retrieved from /home/airflow/.local/lib/python3.9/site-packages/airflow/example_dags/example_branch_operator_decorator.py
[2025-12-11T04:31:54.311+0000] {logging_mixin.py:188} INFO - [2025-12-11T04:31:54.310+0000] {dag.py:3096} INFO - Sync 1 DAGs
[2025-12-11T04:31:54.368+0000] {logging_mixin.py:188} INFO - [2025-12-11T04:31:54.368+0000] {dag.py:3954} INFO - Setting next_dagrun for example_branch_python_operator_decorator to 2025-12-10 00:00:00+00:00, run_after=2025-12-11 00:00:00+00:00
[2025-12-11T04:31:54.440+0000] {processor.py:183} INFO - Processing /home/airflow/.local/lib/python3.9/site-packages/airflow/example_dags/example_branch_operator_decorator.py took 0.273 seconds
[2025-12-11T04:32:25.283+0000] {processor.py:161} INFO - Started process (PID=1849) to work on /home/airflow/.local/lib/python3.9/site-packages/airflow/example_dags/example_branch_operator_decorator.py
[2025-12-11T04:32:25.285+0000] {processor.py:830} INFO - Processing file /home/airflow/.local/lib/python3.9/site-packages/airflow/example_dags/example_branch_operator_decorator.py for tasks to queue
[2025-12-11T04:32:25.287+0000] {logging_mixin.py:188} INFO - [2025-12-11T04:32:25.287+0000] {dagbag.py:545} INFO - Filling up the DagBag from /home/airflow/.local/lib/python3.9/site-packages/airflow/example_dags/example_branch_operator_decorator.py
[2025-12-11T04:32:25.324+0000] {processor.py:840} INFO - DAG(s) 'example_branch_python_operator_decorator' retrieved from /home/airflow/.local/lib/python3.9/site-packages/airflow/example_dags/example_branch_operator_decorator.py
[2025-12-11T04:32:25.388+0000] {logging_mixin.py:188} INFO - [2025-12-11T04:32:25.387+0000] {dag.py:3096} INFO - Sync 1 DAGs
[2025-12-11T04:32:25.467+0000] {logging_mixin.py:188} INFO - [2025-12-11T04:32:25.467+0000] {dag.py:3954} INFO - Setting next_dagrun for example_branch_python_operator_decorator to 2025-12-10 00:00:00+00:00, run_after=2025-12-11 00:00:00+00:00
[2025-12-11T04:32:25.538+0000] {processor.py:183} INFO - Processing /home/airflow/.local/lib/python3.9/site-packages/airflow/example_dags/example_branch_operator_decorator.py took 0.267 seconds
[2025-12-11T04:32:56.068+0000] {processor.py:161} INFO - Started process (PID=1915) to work on /home/airflow/.local/lib/python3.9/site-packages/airflow/example_dags/example_branch_operator_decorator.py
[2025-12-11T04:32:56.069+0000] {processor.py:830} INFO - Processing file /home/airflow/.local/lib/python3.9/site-packages/airflow/example_dags/example_branch_operator_decorator.py for tasks to queue
[2025-12-11T04:32:56.072+0000] {logging_mixin.py:188} INFO - [2025-12-11T04:32:56.072+0000] {dagbag.py:545} INFO - Filling up the DagBag from /home/airflow/.local/lib/python3.9/site-packages/airflow/example_dags/example_branch_operator_decorator.py
[2025-12-11T04:32:56.101+0000] {processor.py:840} INFO - DAG(s) 'example_branch_python_operator_decorator' retrieved from /home/airflow/.local/lib/python3.9/site-packages/airflow/example_dags/example_branch_operator_decorator.py
[2025-12-11T04:32:56.164+0000] {logging_mixin.py:188} INFO - [2025-12-11T04:32:56.164+0000] {dag.py:3096} INFO - Sync 1 DAGs
[2025-12-11T04:32:56.211+0000] {logging_mixin.py:188} INFO - [2025-12-11T04:32:56.211+0000] {dag.py:3954} INFO - Setting next_dagrun for example_branch_python_operator_decorator to 2025-12-10 00:00:00+00:00, run_after=2025-12-11 00:00:00+00:00
[2025-12-11T04:32:56.245+0000] {processor.py:183} INFO - Processing /home/airflow/.local/lib/python3.9/site-packages/airflow/example_dags/example_branch_operator_decorator.py took 0.187 seconds
[2025-12-11T04:33:26.813+0000] {processor.py:161} INFO - Started process (PID=1979) to work on /home/airflow/.local/lib/python3.9/site-packages/airflow/example_dags/example_branch_operator_decorator.py
[2025-12-11T04:33:26.815+0000] {processor.py:830} INFO - Processing file /home/airflow/.local/lib/python3.9/site-packages/airflow/example_dags/example_branch_operator_decorator.py for tasks to queue
[2025-12-11T04:33:26.817+0000] {logging_mixin.py:188} INFO - [2025-12-11T04:33:26.817+0000] {dagbag.py:545} INFO - Filling up the DagBag from /home/airflow/.local/lib/python3.9/site-packages/airflow/example_dags/example_branch_operator_decorator.py
[2025-12-11T04:33:26.853+0000] {processor.py:840} INFO - DAG(s) 'example_branch_python_operator_decorator' retrieved from /home/airflow/.local/lib/python3.9/site-packages/airflow/example_dags/example_branch_operator_decorator.py
[2025-12-11T04:33:26.897+0000] {logging_mixin.py:188} INFO - [2025-12-11T04:33:26.897+0000] {dag.py:3096} INFO - Sync 1 DAGs
[2025-12-11T04:33:26.930+0000] {logging_mixin.py:188} INFO - [2025-12-11T04:33:26.930+0000] {dag.py:3954} INFO - Setting next_dagrun for example_branch_python_operator_decorator to 2025-12-10 00:00:00+00:00, run_after=2025-12-11 00:00:00+00:00
[2025-12-11T04:33:26.955+0000] {processor.py:183} INFO - Processing /home/airflow/.local/lib/python3.9/site-packages/airflow/example_dags/example_branch_operator_decorator.py took 0.151 seconds
[2025-12-11T04:33:57.417+0000] {processor.py:161} INFO - Started process (PID=2047) to work on /home/airflow/.local/lib/python3.9/site-packages/airflow/example_dags/example_branch_operator_decorator.py
[2025-12-11T04:33:57.419+0000] {processor.py:830} INFO - Processing file /home/airflow/.local/lib/python3.9/site-packages/airflow/example_dags/example_branch_operator_decorator.py for tasks to queue
[2025-12-11T04:33:57.422+0000] {logging_mixin.py:188} INFO - [2025-12-11T04:33:57.421+0000] {dagbag.py:545} INFO - Filling up the DagBag from /home/airflow/.local/lib/python3.9/site-packages/airflow/example_dags/example_branch_operator_decorator.py
[2025-12-11T04:33:57.449+0000] {processor.py:840} INFO - DAG(s) 'example_branch_python_operator_decorator' retrieved from /home/airflow/.local/lib/python3.9/site-packages/airflow/example_dags/example_branch_operator_decorator.py
[2025-12-11T04:33:57.525+0000] {logging_mixin.py:188} INFO - [2025-12-11T04:33:57.524+0000] {dag.py:3096} INFO - Sync 1 DAGs
[2025-12-11T04:33:57.598+0000] {logging_mixin.py:188} INFO - [2025-12-11T04:33:57.598+0000] {dag.py:3954} INFO - Setting next_dagrun for example_branch_python_operator_decorator to 2025-12-10 00:00:00+00:00, run_after=2025-12-11 00:00:00+00:00
[2025-12-11T04:33:57.642+0000] {processor.py:183} INFO - Processing /home/airflow/.local/lib/python3.9/site-packages/airflow/example_dags/example_branch_operator_decorator.py took 0.235 seconds
[2025-12-11T04:34:27.759+0000] {processor.py:161} INFO - Started process (PID=2115) to work on /home/airflow/.local/lib/python3.9/site-packages/airflow/example_dags/example_branch_operator_decorator.py
[2025-12-11T04:34:27.768+0000] {processor.py:830} INFO - Processing file /home/airflow/.local/lib/python3.9/site-packages/airflow/example_dags/example_branch_operator_decorator.py for tasks to queue
[2025-12-11T04:34:27.772+0000] {logging_mixin.py:188} INFO - [2025-12-11T04:34:27.772+0000] {dagbag.py:545} INFO - Filling up the DagBag from /home/airflow/.local/lib/python3.9/site-packages/airflow/example_dags/example_branch_operator_decorator.py
[2025-12-11T04:34:27.842+0000] {processor.py:840} INFO - DAG(s) 'example_branch_python_operator_decorator' retrieved from /home/airflow/.local/lib/python3.9/site-packages/airflow/example_dags/example_branch_operator_decorator.py
[2025-12-11T04:34:27.962+0000] {logging_mixin.py:188} INFO - [2025-12-11T04:34:27.961+0000] {dag.py:3096} INFO - Sync 1 DAGs
[2025-12-11T04:34:28.012+0000] {logging_mixin.py:188} INFO - [2025-12-11T04:34:28.011+0000] {dag.py:3954} INFO - Setting next_dagrun for example_branch_python_operator_decorator to 2025-12-10 00:00:00+00:00, run_after=2025-12-11 00:00:00+00:00
[2025-12-11T04:34:28.197+0000] {processor.py:183} INFO - Processing /home/airflow/.local/lib/python3.9/site-packages/airflow/example_dags/example_branch_operator_decorator.py took 0.459 seconds
[2025-12-11T04:34:58.879+0000] {processor.py:161} INFO - Started process (PID=2181) to work on /home/airflow/.local/lib/python3.9/site-packages/airflow/example_dags/example_branch_operator_decorator.py
[2025-12-11T04:34:58.881+0000] {processor.py:830} INFO - Processing file /home/airflow/.local/lib/python3.9/site-packages/airflow/example_dags/example_branch_operator_decorator.py for tasks to queue
[2025-12-11T04:34:58.883+0000] {logging_mixin.py:188} INFO - [2025-12-11T04:34:58.883+0000] {dagbag.py:545} INFO - Filling up the DagBag from /home/airflow/.local/lib/python3.9/site-packages/airflow/example_dags/example_branch_operator_decorator.py
[2025-12-11T04:34:58.924+0000] {processor.py:840} INFO - DAG(s) 'example_branch_python_operator_decorator' retrieved from /home/airflow/.local/lib/python3.9/site-packages/airflow/example_dags/example_branch_operator_decorator.py
[2025-12-11T04:34:59.003+0000] {logging_mixin.py:188} INFO - [2025-12-11T04:34:59.003+0000] {dag.py:3096} INFO - Sync 1 DAGs
[2025-12-11T04:34:59.079+0000] {logging_mixin.py:188} INFO - [2025-12-11T04:34:59.078+0000] {dag.py:3954} INFO - Setting next_dagrun for example_branch_python_operator_decorator to 2025-12-10 00:00:00+00:00, run_after=2025-12-11 00:00:00+00:00
[2025-12-11T04:34:59.139+0000] {processor.py:183} INFO - Processing /home/airflow/.local/lib/python3.9/site-packages/airflow/example_dags/example_branch_operator_decorator.py took 0.273 seconds
[2025-12-11T04:35:29.334+0000] {processor.py:161} INFO - Started process (PID=2249) to work on /home/airflow/.local/lib/python3.9/site-packages/airflow/example_dags/example_branch_operator_decorator.py
[2025-12-11T04:35:29.341+0000] {processor.py:830} INFO - Processing file /home/airflow/.local/lib/python3.9/site-packages/airflow/example_dags/example_branch_operator_decorator.py for tasks to queue
[2025-12-11T04:35:29.344+0000] {logging_mixin.py:188} INFO - [2025-12-11T04:35:29.344+0000] {dagbag.py:545} INFO - Filling up the DagBag from /home/airflow/.local/lib/python3.9/site-packages/airflow/example_dags/example_branch_operator_decorator.py
[2025-12-11T04:35:29.375+0000] {processor.py:840} INFO - DAG(s) 'example_branch_python_operator_decorator' retrieved from /home/airflow/.local/lib/python3.9/site-packages/airflow/example_dags/example_branch_operator_decorator.py
[2025-12-11T04:35:29.432+0000] {logging_mixin.py:188} INFO - [2025-12-11T04:35:29.431+0000] {dag.py:3096} INFO - Sync 1 DAGs
[2025-12-11T04:35:29.486+0000] {logging_mixin.py:188} INFO - [2025-12-11T04:35:29.485+0000] {dag.py:3954} INFO - Setting next_dagrun for example_branch_python_operator_decorator to 2025-12-10 00:00:00+00:00, run_after=2025-12-11 00:00:00+00:00
[2025-12-11T04:35:29.523+0000] {processor.py:183} INFO - Processing /home/airflow/.local/lib/python3.9/site-packages/airflow/example_dags/example_branch_operator_decorator.py took 0.201 seconds
[2025-12-11T04:35:59.744+0000] {processor.py:161} INFO - Started process (PID=2316) to work on /home/airflow/.local/lib/python3.9/site-packages/airflow/example_dags/example_branch_operator_decorator.py
[2025-12-11T04:35:59.746+0000] {processor.py:830} INFO - Processing file /home/airflow/.local/lib/python3.9/site-packages/airflow/example_dags/example_branch_operator_decorator.py for tasks to queue
[2025-12-11T04:35:59.748+0000] {logging_mixin.py:188} INFO - [2025-12-11T04:35:59.748+0000] {dagbag.py:545} INFO - Filling up the DagBag from /home/airflow/.local/lib/python3.9/site-packages/airflow/example_dags/example_branch_operator_decorator.py
[2025-12-11T04:35:59.779+0000] {processor.py:840} INFO - DAG(s) 'example_branch_python_operator_decorator' retrieved from /home/airflow/.local/lib/python3.9/site-packages/airflow/example_dags/example_branch_operator_decorator.py
[2025-12-11T04:35:59.831+0000] {logging_mixin.py:188} INFO - [2025-12-11T04:35:59.830+0000] {dag.py:3096} INFO - Sync 1 DAGs
[2025-12-11T04:35:59.869+0000] {logging_mixin.py:188} INFO - [2025-12-11T04:35:59.868+0000] {dag.py:3954} INFO - Setting next_dagrun for example_branch_python_operator_decorator to 2025-12-10 00:00:00+00:00, run_after=2025-12-11 00:00:00+00:00
[2025-12-11T04:35:59.897+0000] {processor.py:183} INFO - Processing /home/airflow/.local/lib/python3.9/site-packages/airflow/example_dags/example_branch_operator_decorator.py took 0.163 seconds
[2025-12-11T04:36:30.257+0000] {processor.py:161} INFO - Started process (PID=2383) to work on /home/airflow/.local/lib/python3.9/site-packages/airflow/example_dags/example_branch_operator_decorator.py
[2025-12-11T04:36:30.259+0000] {processor.py:830} INFO - Processing file /home/airflow/.local/lib/python3.9/site-packages/airflow/example_dags/example_branch_operator_decorator.py for tasks to queue
[2025-12-11T04:36:30.263+0000] {logging_mixin.py:188} INFO - [2025-12-11T04:36:30.262+0000] {dagbag.py:545} INFO - Filling up the DagBag from /home/airflow/.local/lib/python3.9/site-packages/airflow/example_dags/example_branch_operator_decorator.py
[2025-12-11T04:36:30.299+0000] {processor.py:840} INFO - DAG(s) 'example_branch_python_operator_decorator' retrieved from /home/airflow/.local/lib/python3.9/site-packages/airflow/example_dags/example_branch_operator_decorator.py
[2025-12-11T04:36:30.351+0000] {logging_mixin.py:188} INFO - [2025-12-11T04:36:30.351+0000] {dag.py:3096} INFO - Sync 1 DAGs
[2025-12-11T04:36:30.390+0000] {logging_mixin.py:188} INFO - [2025-12-11T04:36:30.389+0000] {dag.py:3954} INFO - Setting next_dagrun for example_branch_python_operator_decorator to 2025-12-10 00:00:00+00:00, run_after=2025-12-11 00:00:00+00:00
[2025-12-11T04:36:30.420+0000] {processor.py:183} INFO - Processing /home/airflow/.local/lib/python3.9/site-packages/airflow/example_dags/example_branch_operator_decorator.py took 0.176 seconds
[2025-12-11T04:37:00.946+0000] {processor.py:161} INFO - Started process (PID=2450) to work on /home/airflow/.local/lib/python3.9/site-packages/airflow/example_dags/example_branch_operator_decorator.py
[2025-12-11T04:37:00.960+0000] {processor.py:830} INFO - Processing file /home/airflow/.local/lib/python3.9/site-packages/airflow/example_dags/example_branch_operator_decorator.py for tasks to queue
[2025-12-11T04:37:00.964+0000] {logging_mixin.py:188} INFO - [2025-12-11T04:37:00.963+0000] {dagbag.py:545} INFO - Filling up the DagBag from /home/airflow/.local/lib/python3.9/site-packages/airflow/example_dags/example_branch_operator_decorator.py
[2025-12-11T04:37:00.994+0000] {processor.py:840} INFO - DAG(s) 'example_branch_python_operator_decorator' retrieved from /home/airflow/.local/lib/python3.9/site-packages/airflow/example_dags/example_branch_operator_decorator.py
[2025-12-11T04:37:01.044+0000] {logging_mixin.py:188} INFO - [2025-12-11T04:37:01.044+0000] {dag.py:3096} INFO - Sync 1 DAGs
[2025-12-11T04:37:01.082+0000] {logging_mixin.py:188} INFO - [2025-12-11T04:37:01.081+0000] {dag.py:3954} INFO - Setting next_dagrun for example_branch_python_operator_decorator to 2025-12-10 00:00:00+00:00, run_after=2025-12-11 00:00:00+00:00
[2025-12-11T04:37:01.212+0000] {processor.py:183} INFO - Processing /home/airflow/.local/lib/python3.9/site-packages/airflow/example_dags/example_branch_operator_decorator.py took 0.278 seconds
[2025-12-11T04:37:32.101+0000] {processor.py:161} INFO - Started process (PID=2517) to work on /home/airflow/.local/lib/python3.9/site-packages/airflow/example_dags/example_branch_operator_decorator.py
[2025-12-11T04:37:32.111+0000] {processor.py:830} INFO - Processing file /home/airflow/.local/lib/python3.9/site-packages/airflow/example_dags/example_branch_operator_decorator.py for tasks to queue
[2025-12-11T04:37:32.114+0000] {logging_mixin.py:188} INFO - [2025-12-11T04:37:32.113+0000] {dagbag.py:545} INFO - Filling up the DagBag from /home/airflow/.local/lib/python3.9/site-packages/airflow/example_dags/example_branch_operator_decorator.py
[2025-12-11T04:37:32.146+0000] {processor.py:840} INFO - DAG(s) 'example_branch_python_operator_decorator' retrieved from /home/airflow/.local/lib/python3.9/site-packages/airflow/example_dags/example_branch_operator_decorator.py
[2025-12-11T04:37:32.201+0000] {logging_mixin.py:188} INFO - [2025-12-11T04:37:32.200+0000] {dag.py:3096} INFO - Sync 1 DAGs
[2025-12-11T04:37:32.242+0000] {logging_mixin.py:188} INFO - [2025-12-11T04:37:32.242+0000] {dag.py:3954} INFO - Setting next_dagrun for example_branch_python_operator_decorator to 2025-12-10 00:00:00+00:00, run_after=2025-12-11 00:00:00+00:00
[2025-12-11T04:37:32.274+0000] {processor.py:183} INFO - Processing /home/airflow/.local/lib/python3.9/site-packages/airflow/example_dags/example_branch_operator_decorator.py took 0.183 seconds
[2025-12-11T04:38:02.826+0000] {processor.py:161} INFO - Started process (PID=2584) to work on /home/airflow/.local/lib/python3.9/site-packages/airflow/example_dags/example_branch_operator_decorator.py
[2025-12-11T04:38:02.828+0000] {processor.py:830} INFO - Processing file /home/airflow/.local/lib/python3.9/site-packages/airflow/example_dags/example_branch_operator_decorator.py for tasks to queue
[2025-12-11T04:38:02.832+0000] {logging_mixin.py:188} INFO - [2025-12-11T04:38:02.832+0000] {dagbag.py:545} INFO - Filling up the DagBag from /home/airflow/.local/lib/python3.9/site-packages/airflow/example_dags/example_branch_operator_decorator.py
[2025-12-11T04:38:02.885+0000] {processor.py:840} INFO - DAG(s) 'example_branch_python_operator_decorator' retrieved from /home/airflow/.local/lib/python3.9/site-packages/airflow/example_dags/example_branch_operator_decorator.py
[2025-12-11T04:38:02.944+0000] {logging_mixin.py:188} INFO - [2025-12-11T04:38:02.943+0000] {dag.py:3096} INFO - Sync 1 DAGs
[2025-12-11T04:38:02.993+0000] {logging_mixin.py:188} INFO - [2025-12-11T04:38:02.992+0000] {dag.py:3954} INFO - Setting next_dagrun for example_branch_python_operator_decorator to 2025-12-10 00:00:00+00:00, run_after=2025-12-11 00:00:00+00:00
[2025-12-11T04:38:03.270+0000] {processor.py:183} INFO - Processing /home/airflow/.local/lib/python3.9/site-packages/airflow/example_dags/example_branch_operator_decorator.py took 0.460 seconds
[2025-12-11T04:38:33.890+0000] {processor.py:161} INFO - Started process (PID=2651) to work on /home/airflow/.local/lib/python3.9/site-packages/airflow/example_dags/example_branch_operator_decorator.py
[2025-12-11T04:38:33.898+0000] {processor.py:830} INFO - Processing file /home/airflow/.local/lib/python3.9/site-packages/airflow/example_dags/example_branch_operator_decorator.py for tasks to queue
[2025-12-11T04:38:33.901+0000] {logging_mixin.py:188} INFO - [2025-12-11T04:38:33.901+0000] {dagbag.py:545} INFO - Filling up the DagBag from /home/airflow/.local/lib/python3.9/site-packages/airflow/example_dags/example_branch_operator_decorator.py
[2025-12-11T04:38:33.939+0000] {processor.py:840} INFO - DAG(s) 'example_branch_python_operator_decorator' retrieved from /home/airflow/.local/lib/python3.9/site-packages/airflow/example_dags/example_branch_operator_decorator.py
[2025-12-11T04:38:34.002+0000] {logging_mixin.py:188} INFO - [2025-12-11T04:38:34.002+0000] {dag.py:3096} INFO - Sync 1 DAGs
[2025-12-11T04:38:34.056+0000] {logging_mixin.py:188} INFO - [2025-12-11T04:38:34.055+0000] {dag.py:3954} INFO - Setting next_dagrun for example_branch_python_operator_decorator to 2025-12-10 00:00:00+00:00, run_after=2025-12-11 00:00:00+00:00
[2025-12-11T04:38:34.277+0000] {processor.py:183} INFO - Processing /home/airflow/.local/lib/python3.9/site-packages/airflow/example_dags/example_branch_operator_decorator.py took 0.399 seconds
[2025-12-11T04:39:04.484+0000] {processor.py:161} INFO - Started process (PID=2718) to work on /home/airflow/.local/lib/python3.9/site-packages/airflow/example_dags/example_branch_operator_decorator.py
[2025-12-11T04:39:04.486+0000] {processor.py:830} INFO - Processing file /home/airflow/.local/lib/python3.9/site-packages/airflow/example_dags/example_branch_operator_decorator.py for tasks to queue
[2025-12-11T04:39:04.488+0000] {logging_mixin.py:188} INFO - [2025-12-11T04:39:04.488+0000] {dagbag.py:545} INFO - Filling up the DagBag from /home/airflow/.local/lib/python3.9/site-packages/airflow/example_dags/example_branch_operator_decorator.py
[2025-12-11T04:39:04.515+0000] {processor.py:840} INFO - DAG(s) 'example_branch_python_operator_decorator' retrieved from /home/airflow/.local/lib/python3.9/site-packages/airflow/example_dags/example_branch_operator_decorator.py
[2025-12-11T04:39:04.570+0000] {logging_mixin.py:188} INFO - [2025-12-11T04:39:04.569+0000] {dag.py:3096} INFO - Sync 1 DAGs
[2025-12-11T04:39:04.619+0000] {logging_mixin.py:188} INFO - [2025-12-11T04:39:04.618+0000] {dag.py:3954} INFO - Setting next_dagrun for example_branch_python_operator_decorator to 2025-12-10 00:00:00+00:00, run_after=2025-12-11 00:00:00+00:00
[2025-12-11T04:39:04.646+0000] {processor.py:183} INFO - Processing /home/airflow/.local/lib/python3.9/site-packages/airflow/example_dags/example_branch_operator_decorator.py took 0.172 seconds
[2025-12-11T04:39:35.739+0000] {processor.py:161} INFO - Started process (PID=2784) to work on /home/airflow/.local/lib/python3.9/site-packages/airflow/example_dags/example_branch_operator_decorator.py
[2025-12-11T04:39:35.865+0000] {processor.py:830} INFO - Processing file /home/airflow/.local/lib/python3.9/site-packages/airflow/example_dags/example_branch_operator_decorator.py for tasks to queue
[2025-12-11T04:39:35.868+0000] {logging_mixin.py:188} INFO - [2025-12-11T04:39:35.867+0000] {dagbag.py:545} INFO - Filling up the DagBag from /home/airflow/.local/lib/python3.9/site-packages/airflow/example_dags/example_branch_operator_decorator.py
[2025-12-11T04:39:35.898+0000] {processor.py:840} INFO - DAG(s) 'example_branch_python_operator_decorator' retrieved from /home/airflow/.local/lib/python3.9/site-packages/airflow/example_dags/example_branch_operator_decorator.py
[2025-12-11T04:39:35.943+0000] {logging_mixin.py:188} INFO - [2025-12-11T04:39:35.942+0000] {dag.py:3096} INFO - Sync 1 DAGs
[2025-12-11T04:39:36.319+0000] {logging_mixin.py:188} INFO - [2025-12-11T04:39:36.318+0000] {dag.py:3954} INFO - Setting next_dagrun for example_branch_python_operator_decorator to 2025-12-10 00:00:00+00:00, run_after=2025-12-11 00:00:00+00:00
[2025-12-11T04:39:36.402+0000] {processor.py:183} INFO - Processing /home/airflow/.local/lib/python3.9/site-packages/airflow/example_dags/example_branch_operator_decorator.py took 0.674 seconds
[2025-12-11T04:40:06.606+0000] {processor.py:161} INFO - Started process (PID=2851) to work on /home/airflow/.local/lib/python3.9/site-packages/airflow/example_dags/example_branch_operator_decorator.py
[2025-12-11T04:40:06.610+0000] {processor.py:830} INFO - Processing file /home/airflow/.local/lib/python3.9/site-packages/airflow/example_dags/example_branch_operator_decorator.py for tasks to queue
[2025-12-11T04:40:06.613+0000] {logging_mixin.py:188} INFO - [2025-12-11T04:40:06.612+0000] {dagbag.py:545} INFO - Filling up the DagBag from /home/airflow/.local/lib/python3.9/site-packages/airflow/example_dags/example_branch_operator_decorator.py
[2025-12-11T04:40:06.647+0000] {processor.py:840} INFO - DAG(s) 'example_branch_python_operator_decorator' retrieved from /home/airflow/.local/lib/python3.9/site-packages/airflow/example_dags/example_branch_operator_decorator.py
[2025-12-11T04:40:06.720+0000] {logging_mixin.py:188} INFO - [2025-12-11T04:40:06.719+0000] {dag.py:3096} INFO - Sync 1 DAGs
[2025-12-11T04:40:07.008+0000] {logging_mixin.py:188} INFO - [2025-12-11T04:40:07.007+0000] {dag.py:3954} INFO - Setting next_dagrun for example_branch_python_operator_decorator to 2025-12-10 00:00:00+00:00, run_after=2025-12-11 00:00:00+00:00
[2025-12-11T04:40:07.039+0000] {processor.py:183} INFO - Processing /home/airflow/.local/lib/python3.9/site-packages/airflow/example_dags/example_branch_operator_decorator.py took 0.445 seconds
[2025-12-11T04:40:37.738+0000] {processor.py:161} INFO - Started process (PID=2918) to work on /home/airflow/.local/lib/python3.9/site-packages/airflow/example_dags/example_branch_operator_decorator.py
[2025-12-11T04:40:37.750+0000] {processor.py:830} INFO - Processing file /home/airflow/.local/lib/python3.9/site-packages/airflow/example_dags/example_branch_operator_decorator.py for tasks to queue
[2025-12-11T04:40:37.753+0000] {logging_mixin.py:188} INFO - [2025-12-11T04:40:37.753+0000] {dagbag.py:545} INFO - Filling up the DagBag from /home/airflow/.local/lib/python3.9/site-packages/airflow/example_dags/example_branch_operator_decorator.py
[2025-12-11T04:40:37.788+0000] {processor.py:840} INFO - DAG(s) 'example_branch_python_operator_decorator' retrieved from /home/airflow/.local/lib/python3.9/site-packages/airflow/example_dags/example_branch_operator_decorator.py
[2025-12-11T04:40:37.865+0000] {logging_mixin.py:188} INFO - [2025-12-11T04:40:37.865+0000] {dag.py:3096} INFO - Sync 1 DAGs
[2025-12-11T04:40:38.183+0000] {logging_mixin.py:188} INFO - [2025-12-11T04:40:38.182+0000] {dag.py:3954} INFO - Setting next_dagrun for example_branch_python_operator_decorator to 2025-12-10 00:00:00+00:00, run_after=2025-12-11 00:00:00+00:00
[2025-12-11T04:40:38.210+0000] {processor.py:183} INFO - Processing /home/airflow/.local/lib/python3.9/site-packages/airflow/example_dags/example_branch_operator_decorator.py took 0.483 seconds
[2025-12-11T04:41:08.968+0000] {processor.py:161} INFO - Started process (PID=2985) to work on /home/airflow/.local/lib/python3.9/site-packages/airflow/example_dags/example_branch_operator_decorator.py
[2025-12-11T04:41:09.015+0000] {processor.py:830} INFO - Processing file /home/airflow/.local/lib/python3.9/site-packages/airflow/example_dags/example_branch_operator_decorator.py for tasks to queue
[2025-12-11T04:41:09.019+0000] {logging_mixin.py:188} INFO - [2025-12-11T04:41:09.018+0000] {dagbag.py:545} INFO - Filling up the DagBag from /home/airflow/.local/lib/python3.9/site-packages/airflow/example_dags/example_branch_operator_decorator.py
[2025-12-11T04:41:09.051+0000] {processor.py:840} INFO - DAG(s) 'example_branch_python_operator_decorator' retrieved from /home/airflow/.local/lib/python3.9/site-packages/airflow/example_dags/example_branch_operator_decorator.py
[2025-12-11T04:41:09.099+0000] {logging_mixin.py:188} INFO - [2025-12-11T04:41:09.099+0000] {dag.py:3096} INFO - Sync 1 DAGs
[2025-12-11T04:41:09.136+0000] {logging_mixin.py:188} INFO - [2025-12-11T04:41:09.135+0000] {dag.py:3954} INFO - Setting next_dagrun for example_branch_python_operator_decorator to 2025-12-10 00:00:00+00:00, run_after=2025-12-11 00:00:00+00:00
[2025-12-11T04:41:09.777+0000] {processor.py:183} INFO - Processing /home/airflow/.local/lib/python3.9/site-packages/airflow/example_dags/example_branch_operator_decorator.py took 0.819 seconds
[2025-12-11T04:41:40.573+0000] {processor.py:161} INFO - Started process (PID=3053) to work on /home/airflow/.local/lib/python3.9/site-packages/airflow/example_dags/example_branch_operator_decorator.py
[2025-12-11T04:41:40.583+0000] {processor.py:830} INFO - Processing file /home/airflow/.local/lib/python3.9/site-packages/airflow/example_dags/example_branch_operator_decorator.py for tasks to queue
[2025-12-11T04:41:40.585+0000] {logging_mixin.py:188} INFO - [2025-12-11T04:41:40.585+0000] {dagbag.py:545} INFO - Filling up the DagBag from /home/airflow/.local/lib/python3.9/site-packages/airflow/example_dags/example_branch_operator_decorator.py
[2025-12-11T04:41:40.613+0000] {processor.py:840} INFO - DAG(s) 'example_branch_python_operator_decorator' retrieved from /home/airflow/.local/lib/python3.9/site-packages/airflow/example_dags/example_branch_operator_decorator.py
[2025-12-11T04:41:40.658+0000] {logging_mixin.py:188} INFO - [2025-12-11T04:41:40.658+0000] {dag.py:3096} INFO - Sync 1 DAGs
[2025-12-11T04:41:40.694+0000] {logging_mixin.py:188} INFO - [2025-12-11T04:41:40.693+0000] {dag.py:3954} INFO - Setting next_dagrun for example_branch_python_operator_decorator to 2025-12-10 00:00:00+00:00, run_after=2025-12-11 00:00:00+00:00
[2025-12-11T04:41:40.771+0000] {processor.py:183} INFO - Processing /home/airflow/.local/lib/python3.9/site-packages/airflow/example_dags/example_branch_operator_decorator.py took 0.208 seconds
[2025-12-11T04:42:11.280+0000] {processor.py:161} INFO - Started process (PID=3121) to work on /home/airflow/.local/lib/python3.9/site-packages/airflow/example_dags/example_branch_operator_decorator.py
[2025-12-11T04:42:11.281+0000] {processor.py:830} INFO - Processing file /home/airflow/.local/lib/python3.9/site-packages/airflow/example_dags/example_branch_operator_decorator.py for tasks to queue
[2025-12-11T04:42:11.284+0000] {logging_mixin.py:188} INFO - [2025-12-11T04:42:11.284+0000] {dagbag.py:545} INFO - Filling up the DagBag from /home/airflow/.local/lib/python3.9/site-packages/airflow/example_dags/example_branch_operator_decorator.py
[2025-12-11T04:42:11.313+0000] {processor.py:840} INFO - DAG(s) 'example_branch_python_operator_decorator' retrieved from /home/airflow/.local/lib/python3.9/site-packages/airflow/example_dags/example_branch_operator_decorator.py
[2025-12-11T04:42:11.374+0000] {logging_mixin.py:188} INFO - [2025-12-11T04:42:11.374+0000] {dag.py:3096} INFO - Sync 1 DAGs
[2025-12-11T04:42:11.413+0000] {logging_mixin.py:188} INFO - [2025-12-11T04:42:11.412+0000] {dag.py:3954} INFO - Setting next_dagrun for example_branch_python_operator_decorator to 2025-12-10 00:00:00+00:00, run_after=2025-12-11 00:00:00+00:00
[2025-12-11T04:42:11.685+0000] {processor.py:183} INFO - Processing /home/airflow/.local/lib/python3.9/site-packages/airflow/example_dags/example_branch_operator_decorator.py took 0.417 seconds
[2025-12-11T04:42:42.062+0000] {processor.py:161} INFO - Started process (PID=3188) to work on /home/airflow/.local/lib/python3.9/site-packages/airflow/example_dags/example_branch_operator_decorator.py
[2025-12-11T04:42:42.077+0000] {processor.py:830} INFO - Processing file /home/airflow/.local/lib/python3.9/site-packages/airflow/example_dags/example_branch_operator_decorator.py for tasks to queue
[2025-12-11T04:42:42.081+0000] {logging_mixin.py:188} INFO - [2025-12-11T04:42:42.080+0000] {dagbag.py:545} INFO - Filling up the DagBag from /home/airflow/.local/lib/python3.9/site-packages/airflow/example_dags/example_branch_operator_decorator.py
[2025-12-11T04:42:42.141+0000] {processor.py:840} INFO - DAG(s) 'example_branch_python_operator_decorator' retrieved from /home/airflow/.local/lib/python3.9/site-packages/airflow/example_dags/example_branch_operator_decorator.py
[2025-12-11T04:42:42.243+0000] {logging_mixin.py:188} INFO - [2025-12-11T04:42:42.242+0000] {dag.py:3096} INFO - Sync 1 DAGs
[2025-12-11T04:42:42.319+0000] {logging_mixin.py:188} INFO - [2025-12-11T04:42:42.318+0000] {dag.py:3954} INFO - Setting next_dagrun for example_branch_python_operator_decorator to 2025-12-10 00:00:00+00:00, run_after=2025-12-11 00:00:00+00:00
[2025-12-11T04:42:42.380+0000] {processor.py:183} INFO - Processing /home/airflow/.local/lib/python3.9/site-packages/airflow/example_dags/example_branch_operator_decorator.py took 0.330 seconds
[2025-12-11T04:43:13.394+0000] {processor.py:161} INFO - Started process (PID=3255) to work on /home/airflow/.local/lib/python3.9/site-packages/airflow/example_dags/example_branch_operator_decorator.py
[2025-12-11T04:43:13.397+0000] {processor.py:830} INFO - Processing file /home/airflow/.local/lib/python3.9/site-packages/airflow/example_dags/example_branch_operator_decorator.py for tasks to queue
[2025-12-11T04:43:13.402+0000] {logging_mixin.py:188} INFO - [2025-12-11T04:43:13.402+0000] {dagbag.py:545} INFO - Filling up the DagBag from /home/airflow/.local/lib/python3.9/site-packages/airflow/example_dags/example_branch_operator_decorator.py
[2025-12-11T04:43:13.443+0000] {processor.py:840} INFO - DAG(s) 'example_branch_python_operator_decorator' retrieved from /home/airflow/.local/lib/python3.9/site-packages/airflow/example_dags/example_branch_operator_decorator.py
[2025-12-11T04:43:13.499+0000] {logging_mixin.py:188} INFO - [2025-12-11T04:43:13.499+0000] {dag.py:3096} INFO - Sync 1 DAGs
[2025-12-11T04:43:13.542+0000] {logging_mixin.py:188} INFO - [2025-12-11T04:43:13.541+0000] {dag.py:3954} INFO - Setting next_dagrun for example_branch_python_operator_decorator to 2025-12-10 00:00:00+00:00, run_after=2025-12-11 00:00:00+00:00
[2025-12-11T04:43:13.628+0000] {processor.py:183} INFO - Processing /home/airflow/.local/lib/python3.9/site-packages/airflow/example_dags/example_branch_operator_decorator.py took 0.248 seconds
[2025-12-11T04:43:44.147+0000] {processor.py:161} INFO - Started process (PID=3322) to work on /home/airflow/.local/lib/python3.9/site-packages/airflow/example_dags/example_branch_operator_decorator.py
[2025-12-11T04:43:44.149+0000] {processor.py:830} INFO - Processing file /home/airflow/.local/lib/python3.9/site-packages/airflow/example_dags/example_branch_operator_decorator.py for tasks to queue
[2025-12-11T04:43:44.152+0000] {logging_mixin.py:188} INFO - [2025-12-11T04:43:44.151+0000] {dagbag.py:545} INFO - Filling up the DagBag from /home/airflow/.local/lib/python3.9/site-packages/airflow/example_dags/example_branch_operator_decorator.py
[2025-12-11T04:43:44.185+0000] {processor.py:840} INFO - DAG(s) 'example_branch_python_operator_decorator' retrieved from /home/airflow/.local/lib/python3.9/site-packages/airflow/example_dags/example_branch_operator_decorator.py
[2025-12-11T04:43:44.250+0000] {logging_mixin.py:188} INFO - [2025-12-11T04:43:44.249+0000] {dag.py:3096} INFO - Sync 1 DAGs
[2025-12-11T04:43:44.290+0000] {logging_mixin.py:188} INFO - [2025-12-11T04:43:44.290+0000] {dag.py:3954} INFO - Setting next_dagrun for example_branch_python_operator_decorator to 2025-12-10 00:00:00+00:00, run_after=2025-12-11 00:00:00+00:00
[2025-12-11T04:43:44.320+0000] {processor.py:183} INFO - Processing /home/airflow/.local/lib/python3.9/site-packages/airflow/example_dags/example_branch_operator_decorator.py took 0.186 seconds
[2025-12-11T04:44:14.890+0000] {processor.py:161} INFO - Started process (PID=3389) to work on /home/airflow/.local/lib/python3.9/site-packages/airflow/example_dags/example_branch_operator_decorator.py
[2025-12-11T04:44:14.895+0000] {processor.py:830} INFO - Processing file /home/airflow/.local/lib/python3.9/site-packages/airflow/example_dags/example_branch_operator_decorator.py for tasks to queue
[2025-12-11T04:44:14.899+0000] {logging_mixin.py:188} INFO - [2025-12-11T04:44:14.898+0000] {dagbag.py:545} INFO - Filling up the DagBag from /home/airflow/.local/lib/python3.9/site-packages/airflow/example_dags/example_branch_operator_decorator.py
[2025-12-11T04:44:14.941+0000] {processor.py:840} INFO - DAG(s) 'example_branch_python_operator_decorator' retrieved from /home/airflow/.local/lib/python3.9/site-packages/airflow/example_dags/example_branch_operator_decorator.py
[2025-12-11T04:44:15.006+0000] {logging_mixin.py:188} INFO - [2025-12-11T04:44:15.006+0000] {dag.py:3096} INFO - Sync 1 DAGs
[2025-12-11T04:44:15.053+0000] {logging_mixin.py:188} INFO - [2025-12-11T04:44:15.053+0000] {dag.py:3954} INFO - Setting next_dagrun for example_branch_python_operator_decorator to 2025-12-10 00:00:00+00:00, run_after=2025-12-11 00:00:00+00:00
[2025-12-11T04:44:15.081+0000] {processor.py:183} INFO - Processing /home/airflow/.local/lib/python3.9/site-packages/airflow/example_dags/example_branch_operator_decorator.py took 0.204 seconds
[2025-12-11T04:44:45.245+0000] {processor.py:161} INFO - Started process (PID=3456) to work on /home/airflow/.local/lib/python3.9/site-packages/airflow/example_dags/example_branch_operator_decorator.py
[2025-12-11T04:44:45.288+0000] {processor.py:830} INFO - Processing file /home/airflow/.local/lib/python3.9/site-packages/airflow/example_dags/example_branch_operator_decorator.py for tasks to queue
[2025-12-11T04:44:45.291+0000] {logging_mixin.py:188} INFO - [2025-12-11T04:44:45.290+0000] {dagbag.py:545} INFO - Filling up the DagBag from /home/airflow/.local/lib/python3.9/site-packages/airflow/example_dags/example_branch_operator_decorator.py
[2025-12-11T04:44:45.322+0000] {processor.py:840} INFO - DAG(s) 'example_branch_python_operator_decorator' retrieved from /home/airflow/.local/lib/python3.9/site-packages/airflow/example_dags/example_branch_operator_decorator.py
[2025-12-11T04:44:45.409+0000] {logging_mixin.py:188} INFO - [2025-12-11T04:44:45.408+0000] {dag.py:3096} INFO - Sync 1 DAGs
[2025-12-11T04:44:45.470+0000] {logging_mixin.py:188} INFO - [2025-12-11T04:44:45.469+0000] {dag.py:3954} INFO - Setting next_dagrun for example_branch_python_operator_decorator to 2025-12-10 00:00:00+00:00, run_after=2025-12-11 00:00:00+00:00
[2025-12-11T04:44:45.524+0000] {processor.py:183} INFO - Processing /home/airflow/.local/lib/python3.9/site-packages/airflow/example_dags/example_branch_operator_decorator.py took 0.291 seconds
[2025-12-11T04:45:16.161+0000] {processor.py:161} INFO - Started process (PID=3523) to work on /home/airflow/.local/lib/python3.9/site-packages/airflow/example_dags/example_branch_operator_decorator.py
[2025-12-11T04:45:16.163+0000] {processor.py:830} INFO - Processing file /home/airflow/.local/lib/python3.9/site-packages/airflow/example_dags/example_branch_operator_decorator.py for tasks to queue
[2025-12-11T04:45:16.166+0000] {logging_mixin.py:188} INFO - [2025-12-11T04:45:16.166+0000] {dagbag.py:545} INFO - Filling up the DagBag from /home/airflow/.local/lib/python3.9/site-packages/airflow/example_dags/example_branch_operator_decorator.py
[2025-12-11T04:45:16.221+0000] {processor.py:840} INFO - DAG(s) 'example_branch_python_operator_decorator' retrieved from /home/airflow/.local/lib/python3.9/site-packages/airflow/example_dags/example_branch_operator_decorator.py
[2025-12-11T04:45:16.317+0000] {logging_mixin.py:188} INFO - [2025-12-11T04:45:16.308+0000] {dag.py:3096} INFO - Sync 1 DAGs
[2025-12-11T04:45:16.368+0000] {logging_mixin.py:188} INFO - [2025-12-11T04:45:16.367+0000] {dag.py:3954} INFO - Setting next_dagrun for example_branch_python_operator_decorator to 2025-12-10 00:00:00+00:00, run_after=2025-12-11 00:00:00+00:00
[2025-12-11T04:45:16.417+0000] {processor.py:183} INFO - Processing /home/airflow/.local/lib/python3.9/site-packages/airflow/example_dags/example_branch_operator_decorator.py took 0.280 seconds
[2025-12-11T04:45:46.697+0000] {processor.py:161} INFO - Started process (PID=3591) to work on /home/airflow/.local/lib/python3.9/site-packages/airflow/example_dags/example_branch_operator_decorator.py
[2025-12-11T04:45:46.757+0000] {processor.py:830} INFO - Processing file /home/airflow/.local/lib/python3.9/site-packages/airflow/example_dags/example_branch_operator_decorator.py for tasks to queue
[2025-12-11T04:45:46.760+0000] {logging_mixin.py:188} INFO - [2025-12-11T04:45:46.759+0000] {dagbag.py:545} INFO - Filling up the DagBag from /home/airflow/.local/lib/python3.9/site-packages/airflow/example_dags/example_branch_operator_decorator.py
[2025-12-11T04:45:46.866+0000] {processor.py:840} INFO - DAG(s) 'example_branch_python_operator_decorator' retrieved from /home/airflow/.local/lib/python3.9/site-packages/airflow/example_dags/example_branch_operator_decorator.py
[2025-12-11T04:45:46.938+0000] {logging_mixin.py:188} INFO - [2025-12-11T04:45:46.938+0000] {dag.py:3096} INFO - Sync 1 DAGs
[2025-12-11T04:45:47.003+0000] {logging_mixin.py:188} INFO - [2025-12-11T04:45:47.002+0000] {dag.py:3954} INFO - Setting next_dagrun for example_branch_python_operator_decorator to 2025-12-10 00:00:00+00:00, run_after=2025-12-11 00:00:00+00:00
[2025-12-11T04:45:47.048+0000] {processor.py:183} INFO - Processing /home/airflow/.local/lib/python3.9/site-packages/airflow/example_dags/example_branch_operator_decorator.py took 0.362 seconds
[2025-12-11T04:46:17.626+0000] {processor.py:161} INFO - Started process (PID=3665) to work on /home/airflow/.local/lib/python3.9/site-packages/airflow/example_dags/example_branch_operator_decorator.py
[2025-12-11T04:46:17.635+0000] {processor.py:830} INFO - Processing file /home/airflow/.local/lib/python3.9/site-packages/airflow/example_dags/example_branch_operator_decorator.py for tasks to queue
[2025-12-11T04:46:17.639+0000] {logging_mixin.py:188} INFO - [2025-12-11T04:46:17.639+0000] {dagbag.py:545} INFO - Filling up the DagBag from /home/airflow/.local/lib/python3.9/site-packages/airflow/example_dags/example_branch_operator_decorator.py
[2025-12-11T04:46:17.681+0000] {processor.py:840} INFO - DAG(s) 'example_branch_python_operator_decorator' retrieved from /home/airflow/.local/lib/python3.9/site-packages/airflow/example_dags/example_branch_operator_decorator.py
[2025-12-11T04:46:17.769+0000] {logging_mixin.py:188} INFO - [2025-12-11T04:46:17.768+0000] {dag.py:3096} INFO - Sync 1 DAGs
[2025-12-11T04:46:17.838+0000] {logging_mixin.py:188} INFO - [2025-12-11T04:46:17.838+0000] {dag.py:3954} INFO - Setting next_dagrun for example_branch_python_operator_decorator to 2025-12-10 00:00:00+00:00, run_after=2025-12-11 00:00:00+00:00
[2025-12-11T04:46:17.885+0000] {processor.py:183} INFO - Processing /home/airflow/.local/lib/python3.9/site-packages/airflow/example_dags/example_branch_operator_decorator.py took 0.272 seconds
[2025-12-11T04:46:48.242+0000] {processor.py:161} INFO - Started process (PID=3732) to work on /home/airflow/.local/lib/python3.9/site-packages/airflow/example_dags/example_branch_operator_decorator.py
[2025-12-11T04:46:48.244+0000] {processor.py:830} INFO - Processing file /home/airflow/.local/lib/python3.9/site-packages/airflow/example_dags/example_branch_operator_decorator.py for tasks to queue
[2025-12-11T04:46:48.247+0000] {logging_mixin.py:188} INFO - [2025-12-11T04:46:48.246+0000] {dagbag.py:545} INFO - Filling up the DagBag from /home/airflow/.local/lib/python3.9/site-packages/airflow/example_dags/example_branch_operator_decorator.py
[2025-12-11T04:46:48.301+0000] {processor.py:840} INFO - DAG(s) 'example_branch_python_operator_decorator' retrieved from /home/airflow/.local/lib/python3.9/site-packages/airflow/example_dags/example_branch_operator_decorator.py
[2025-12-11T04:46:48.367+0000] {logging_mixin.py:188} INFO - [2025-12-11T04:46:48.367+0000] {dag.py:3096} INFO - Sync 1 DAGs
[2025-12-11T04:46:48.423+0000] {logging_mixin.py:188} INFO - [2025-12-11T04:46:48.422+0000] {dag.py:3954} INFO - Setting next_dagrun for example_branch_python_operator_decorator to 2025-12-10 00:00:00+00:00, run_after=2025-12-11 00:00:00+00:00
[2025-12-11T04:46:48.463+0000] {processor.py:183} INFO - Processing /home/airflow/.local/lib/python3.9/site-packages/airflow/example_dags/example_branch_operator_decorator.py took 0.234 seconds
[2025-12-11T04:47:19.059+0000] {processor.py:161} INFO - Started process (PID=3800) to work on /home/airflow/.local/lib/python3.9/site-packages/airflow/example_dags/example_branch_operator_decorator.py
[2025-12-11T04:47:19.068+0000] {processor.py:830} INFO - Processing file /home/airflow/.local/lib/python3.9/site-packages/airflow/example_dags/example_branch_operator_decorator.py for tasks to queue
[2025-12-11T04:47:19.080+0000] {logging_mixin.py:188} INFO - [2025-12-11T04:47:19.079+0000] {dagbag.py:545} INFO - Filling up the DagBag from /home/airflow/.local/lib/python3.9/site-packages/airflow/example_dags/example_branch_operator_decorator.py
[2025-12-11T04:47:19.137+0000] {processor.py:840} INFO - DAG(s) 'example_branch_python_operator_decorator' retrieved from /home/airflow/.local/lib/python3.9/site-packages/airflow/example_dags/example_branch_operator_decorator.py
[2025-12-11T04:47:19.209+0000] {logging_mixin.py:188} INFO - [2025-12-11T04:47:19.208+0000] {dag.py:3096} INFO - Sync 1 DAGs
[2025-12-11T04:47:19.283+0000] {logging_mixin.py:188} INFO - [2025-12-11T04:47:19.283+0000] {dag.py:3954} INFO - Setting next_dagrun for example_branch_python_operator_decorator to 2025-12-10 00:00:00+00:00, run_after=2025-12-11 00:00:00+00:00
[2025-12-11T04:47:19.328+0000] {processor.py:183} INFO - Processing /home/airflow/.local/lib/python3.9/site-packages/airflow/example_dags/example_branch_operator_decorator.py took 0.289 seconds
[2025-12-11T04:47:49.866+0000] {processor.py:161} INFO - Started process (PID=3867) to work on /home/airflow/.local/lib/python3.9/site-packages/airflow/example_dags/example_branch_operator_decorator.py
[2025-12-11T04:47:49.867+0000] {processor.py:830} INFO - Processing file /home/airflow/.local/lib/python3.9/site-packages/airflow/example_dags/example_branch_operator_decorator.py for tasks to queue
[2025-12-11T04:47:49.879+0000] {logging_mixin.py:188} INFO - [2025-12-11T04:47:49.879+0000] {dagbag.py:545} INFO - Filling up the DagBag from /home/airflow/.local/lib/python3.9/site-packages/airflow/example_dags/example_branch_operator_decorator.py
[2025-12-11T04:47:49.926+0000] {processor.py:840} INFO - DAG(s) 'example_branch_python_operator_decorator' retrieved from /home/airflow/.local/lib/python3.9/site-packages/airflow/example_dags/example_branch_operator_decorator.py
[2025-12-11T04:47:50.004+0000] {logging_mixin.py:188} INFO - [2025-12-11T04:47:50.004+0000] {dag.py:3096} INFO - Sync 1 DAGs
[2025-12-11T04:47:50.085+0000] {logging_mixin.py:188} INFO - [2025-12-11T04:47:50.085+0000] {dag.py:3954} INFO - Setting next_dagrun for example_branch_python_operator_decorator to 2025-12-10 00:00:00+00:00, run_after=2025-12-11 00:00:00+00:00
[2025-12-11T04:47:50.180+0000] {processor.py:183} INFO - Processing /home/airflow/.local/lib/python3.9/site-packages/airflow/example_dags/example_branch_operator_decorator.py took 0.324 seconds
[2025-12-11T04:48:20.539+0000] {processor.py:161} INFO - Started process (PID=3934) to work on /home/airflow/.local/lib/python3.9/site-packages/airflow/example_dags/example_branch_operator_decorator.py
[2025-12-11T04:48:20.548+0000] {processor.py:830} INFO - Processing file /home/airflow/.local/lib/python3.9/site-packages/airflow/example_dags/example_branch_operator_decorator.py for tasks to queue
[2025-12-11T04:48:20.559+0000] {logging_mixin.py:188} INFO - [2025-12-11T04:48:20.558+0000] {dagbag.py:545} INFO - Filling up the DagBag from /home/airflow/.local/lib/python3.9/site-packages/airflow/example_dags/example_branch_operator_decorator.py
[2025-12-11T04:48:20.617+0000] {processor.py:840} INFO - DAG(s) 'example_branch_python_operator_decorator' retrieved from /home/airflow/.local/lib/python3.9/site-packages/airflow/example_dags/example_branch_operator_decorator.py
[2025-12-11T04:48:20.705+0000] {logging_mixin.py:188} INFO - [2025-12-11T04:48:20.704+0000] {dag.py:3096} INFO - Sync 1 DAGs
[2025-12-11T04:48:20.768+0000] {logging_mixin.py:188} INFO - [2025-12-11T04:48:20.768+0000] {dag.py:3954} INFO - Setting next_dagrun for example_branch_python_operator_decorator to 2025-12-10 00:00:00+00:00, run_after=2025-12-11 00:00:00+00:00
[2025-12-11T04:48:20.840+0000] {processor.py:183} INFO - Processing /home/airflow/.local/lib/python3.9/site-packages/airflow/example_dags/example_branch_operator_decorator.py took 0.323 seconds
[2025-12-11T04:48:50.948+0000] {processor.py:161} INFO - Started process (PID=4001) to work on /home/airflow/.local/lib/python3.9/site-packages/airflow/example_dags/example_branch_operator_decorator.py
[2025-12-11T04:48:50.958+0000] {processor.py:830} INFO - Processing file /home/airflow/.local/lib/python3.9/site-packages/airflow/example_dags/example_branch_operator_decorator.py for tasks to queue
[2025-12-11T04:48:50.961+0000] {logging_mixin.py:188} INFO - [2025-12-11T04:48:50.960+0000] {dagbag.py:545} INFO - Filling up the DagBag from /home/airflow/.local/lib/python3.9/site-packages/airflow/example_dags/example_branch_operator_decorator.py
[2025-12-11T04:48:51.005+0000] {processor.py:840} INFO - DAG(s) 'example_branch_python_operator_decorator' retrieved from /home/airflow/.local/lib/python3.9/site-packages/airflow/example_dags/example_branch_operator_decorator.py
[2025-12-11T04:48:51.084+0000] {logging_mixin.py:188} INFO - [2025-12-11T04:48:51.084+0000] {dag.py:3096} INFO - Sync 1 DAGs
[2025-12-11T04:48:51.155+0000] {logging_mixin.py:188} INFO - [2025-12-11T04:48:51.155+0000] {dag.py:3954} INFO - Setting next_dagrun for example_branch_python_operator_decorator to 2025-12-10 00:00:00+00:00, run_after=2025-12-11 00:00:00+00:00
[2025-12-11T04:48:51.193+0000] {processor.py:183} INFO - Processing /home/airflow/.local/lib/python3.9/site-packages/airflow/example_dags/example_branch_operator_decorator.py took 0.255 seconds
[2025-12-11T04:49:21.664+0000] {processor.py:161} INFO - Started process (PID=4068) to work on /home/airflow/.local/lib/python3.9/site-packages/airflow/example_dags/example_branch_operator_decorator.py
[2025-12-11T04:49:21.666+0000] {processor.py:830} INFO - Processing file /home/airflow/.local/lib/python3.9/site-packages/airflow/example_dags/example_branch_operator_decorator.py for tasks to queue
[2025-12-11T04:49:21.669+0000] {logging_mixin.py:188} INFO - [2025-12-11T04:49:21.668+0000] {dagbag.py:545} INFO - Filling up the DagBag from /home/airflow/.local/lib/python3.9/site-packages/airflow/example_dags/example_branch_operator_decorator.py
[2025-12-11T04:49:21.723+0000] {processor.py:840} INFO - DAG(s) 'example_branch_python_operator_decorator' retrieved from /home/airflow/.local/lib/python3.9/site-packages/airflow/example_dags/example_branch_operator_decorator.py
[2025-12-11T04:49:21.804+0000] {logging_mixin.py:188} INFO - [2025-12-11T04:49:21.803+0000] {dag.py:3096} INFO - Sync 1 DAGs
[2025-12-11T04:49:21.879+0000] {logging_mixin.py:188} INFO - [2025-12-11T04:49:21.879+0000] {dag.py:3954} INFO - Setting next_dagrun for example_branch_python_operator_decorator to 2025-12-10 00:00:00+00:00, run_after=2025-12-11 00:00:00+00:00
[2025-12-11T04:49:21.913+0000] {processor.py:183} INFO - Processing /home/airflow/.local/lib/python3.9/site-packages/airflow/example_dags/example_branch_operator_decorator.py took 0.268 seconds
[2025-12-11T04:49:52.004+0000] {processor.py:161} INFO - Started process (PID=4134) to work on /home/airflow/.local/lib/python3.9/site-packages/airflow/example_dags/example_branch_operator_decorator.py
[2025-12-11T04:49:52.079+0000] {processor.py:830} INFO - Processing file /home/airflow/.local/lib/python3.9/site-packages/airflow/example_dags/example_branch_operator_decorator.py for tasks to queue
[2025-12-11T04:49:52.088+0000] {logging_mixin.py:188} INFO - [2025-12-11T04:49:52.087+0000] {dagbag.py:545} INFO - Filling up the DagBag from /home/airflow/.local/lib/python3.9/site-packages/airflow/example_dags/example_branch_operator_decorator.py
[2025-12-11T04:49:52.127+0000] {processor.py:840} INFO - DAG(s) 'example_branch_python_operator_decorator' retrieved from /home/airflow/.local/lib/python3.9/site-packages/airflow/example_dags/example_branch_operator_decorator.py
[2025-12-11T04:49:52.199+0000] {logging_mixin.py:188} INFO - [2025-12-11T04:49:52.199+0000] {dag.py:3096} INFO - Sync 1 DAGs
[2025-12-11T04:49:52.251+0000] {logging_mixin.py:188} INFO - [2025-12-11T04:49:52.250+0000] {dag.py:3954} INFO - Setting next_dagrun for example_branch_python_operator_decorator to 2025-12-10 00:00:00+00:00, run_after=2025-12-11 00:00:00+00:00
[2025-12-11T04:49:52.282+0000] {processor.py:183} INFO - Processing /home/airflow/.local/lib/python3.9/site-packages/airflow/example_dags/example_branch_operator_decorator.py took 0.289 seconds
[2025-12-11T04:50:23.198+0000] {processor.py:161} INFO - Started process (PID=4200) to work on /home/airflow/.local/lib/python3.9/site-packages/airflow/example_dags/example_branch_operator_decorator.py
[2025-12-11T04:50:23.200+0000] {processor.py:830} INFO - Processing file /home/airflow/.local/lib/python3.9/site-packages/airflow/example_dags/example_branch_operator_decorator.py for tasks to queue
[2025-12-11T04:50:23.203+0000] {logging_mixin.py:188} INFO - [2025-12-11T04:50:23.202+0000] {dagbag.py:545} INFO - Filling up the DagBag from /home/airflow/.local/lib/python3.9/site-packages/airflow/example_dags/example_branch_operator_decorator.py
[2025-12-11T04:50:23.234+0000] {processor.py:840} INFO - DAG(s) 'example_branch_python_operator_decorator' retrieved from /home/airflow/.local/lib/python3.9/site-packages/airflow/example_dags/example_branch_operator_decorator.py
[2025-12-11T04:50:23.280+0000] {logging_mixin.py:188} INFO - [2025-12-11T04:50:23.280+0000] {dag.py:3096} INFO - Sync 1 DAGs
[2025-12-11T04:50:23.313+0000] {logging_mixin.py:188} INFO - [2025-12-11T04:50:23.313+0000] {dag.py:3954} INFO - Setting next_dagrun for example_branch_python_operator_decorator to 2025-12-10 00:00:00+00:00, run_after=2025-12-11 00:00:00+00:00
[2025-12-11T04:50:23.337+0000] {processor.py:183} INFO - Processing /home/airflow/.local/lib/python3.9/site-packages/airflow/example_dags/example_branch_operator_decorator.py took 0.150 seconds
[2025-12-11T04:50:53.430+0000] {processor.py:161} INFO - Started process (PID=4267) to work on /home/airflow/.local/lib/python3.9/site-packages/airflow/example_dags/example_branch_operator_decorator.py
[2025-12-11T04:50:53.432+0000] {processor.py:830} INFO - Processing file /home/airflow/.local/lib/python3.9/site-packages/airflow/example_dags/example_branch_operator_decorator.py for tasks to queue
[2025-12-11T04:50:53.435+0000] {logging_mixin.py:188} INFO - [2025-12-11T04:50:53.434+0000] {dagbag.py:545} INFO - Filling up the DagBag from /home/airflow/.local/lib/python3.9/site-packages/airflow/example_dags/example_branch_operator_decorator.py
[2025-12-11T04:50:53.468+0000] {processor.py:840} INFO - DAG(s) 'example_branch_python_operator_decorator' retrieved from /home/airflow/.local/lib/python3.9/site-packages/airflow/example_dags/example_branch_operator_decorator.py
[2025-12-11T04:50:53.520+0000] {logging_mixin.py:188} INFO - [2025-12-11T04:50:53.520+0000] {dag.py:3096} INFO - Sync 1 DAGs
[2025-12-11T04:50:53.566+0000] {logging_mixin.py:188} INFO - [2025-12-11T04:50:53.566+0000] {dag.py:3954} INFO - Setting next_dagrun for example_branch_python_operator_decorator to 2025-12-10 00:00:00+00:00, run_after=2025-12-11 00:00:00+00:00
[2025-12-11T04:50:53.613+0000] {processor.py:183} INFO - Processing /home/airflow/.local/lib/python3.9/site-packages/airflow/example_dags/example_branch_operator_decorator.py took 0.195 seconds
[2025-12-11T04:51:24.144+0000] {processor.py:161} INFO - Started process (PID=4334) to work on /home/airflow/.local/lib/python3.9/site-packages/airflow/example_dags/example_branch_operator_decorator.py
[2025-12-11T04:51:24.145+0000] {processor.py:830} INFO - Processing file /home/airflow/.local/lib/python3.9/site-packages/airflow/example_dags/example_branch_operator_decorator.py for tasks to queue
[2025-12-11T04:51:24.148+0000] {logging_mixin.py:188} INFO - [2025-12-11T04:51:24.148+0000] {dagbag.py:545} INFO - Filling up the DagBag from /home/airflow/.local/lib/python3.9/site-packages/airflow/example_dags/example_branch_operator_decorator.py
[2025-12-11T04:51:24.198+0000] {processor.py:840} INFO - DAG(s) 'example_branch_python_operator_decorator' retrieved from /home/airflow/.local/lib/python3.9/site-packages/airflow/example_dags/example_branch_operator_decorator.py
[2025-12-11T04:51:24.255+0000] {logging_mixin.py:188} INFO - [2025-12-11T04:51:24.254+0000] {dag.py:3096} INFO - Sync 1 DAGs
[2025-12-11T04:51:24.299+0000] {logging_mixin.py:188} INFO - [2025-12-11T04:51:24.298+0000] {dag.py:3954} INFO - Setting next_dagrun for example_branch_python_operator_decorator to 2025-12-10 00:00:00+00:00, run_after=2025-12-11 00:00:00+00:00
[2025-12-11T04:51:24.328+0000] {processor.py:183} INFO - Processing /home/airflow/.local/lib/python3.9/site-packages/airflow/example_dags/example_branch_operator_decorator.py took 0.199 seconds
[2025-12-11T04:51:55.281+0000] {processor.py:161} INFO - Started process (PID=4401) to work on /home/airflow/.local/lib/python3.9/site-packages/airflow/example_dags/example_branch_operator_decorator.py
[2025-12-11T04:51:55.282+0000] {processor.py:830} INFO - Processing file /home/airflow/.local/lib/python3.9/site-packages/airflow/example_dags/example_branch_operator_decorator.py for tasks to queue
[2025-12-11T04:51:55.285+0000] {logging_mixin.py:188} INFO - [2025-12-11T04:51:55.284+0000] {dagbag.py:545} INFO - Filling up the DagBag from /home/airflow/.local/lib/python3.9/site-packages/airflow/example_dags/example_branch_operator_decorator.py
[2025-12-11T04:51:55.319+0000] {processor.py:840} INFO - DAG(s) 'example_branch_python_operator_decorator' retrieved from /home/airflow/.local/lib/python3.9/site-packages/airflow/example_dags/example_branch_operator_decorator.py
[2025-12-11T04:51:55.401+0000] {logging_mixin.py:188} INFO - [2025-12-11T04:51:55.401+0000] {dag.py:3096} INFO - Sync 1 DAGs
[2025-12-11T04:51:55.467+0000] {logging_mixin.py:188} INFO - [2025-12-11T04:51:55.467+0000] {dag.py:3954} INFO - Setting next_dagrun for example_branch_python_operator_decorator to 2025-12-10 00:00:00+00:00, run_after=2025-12-11 00:00:00+00:00
[2025-12-11T04:51:55.511+0000] {processor.py:183} INFO - Processing /home/airflow/.local/lib/python3.9/site-packages/airflow/example_dags/example_branch_operator_decorator.py took 0.241 seconds
[2025-12-11T04:52:25.699+0000] {processor.py:161} INFO - Started process (PID=4468) to work on /home/airflow/.local/lib/python3.9/site-packages/airflow/example_dags/example_branch_operator_decorator.py
[2025-12-11T04:52:25.701+0000] {processor.py:830} INFO - Processing file /home/airflow/.local/lib/python3.9/site-packages/airflow/example_dags/example_branch_operator_decorator.py for tasks to queue
[2025-12-11T04:52:25.705+0000] {logging_mixin.py:188} INFO - [2025-12-11T04:52:25.705+0000] {dagbag.py:545} INFO - Filling up the DagBag from /home/airflow/.local/lib/python3.9/site-packages/airflow/example_dags/example_branch_operator_decorator.py
[2025-12-11T04:52:25.778+0000] {processor.py:840} INFO - DAG(s) 'example_branch_python_operator_decorator' retrieved from /home/airflow/.local/lib/python3.9/site-packages/airflow/example_dags/example_branch_operator_decorator.py
[2025-12-11T04:52:25.903+0000] {logging_mixin.py:188} INFO - [2025-12-11T04:52:25.902+0000] {dag.py:3096} INFO - Sync 1 DAGs
[2025-12-11T04:52:25.948+0000] {logging_mixin.py:188} INFO - [2025-12-11T04:52:25.947+0000] {dag.py:3954} INFO - Setting next_dagrun for example_branch_python_operator_decorator to 2025-12-10 00:00:00+00:00, run_after=2025-12-11 00:00:00+00:00
[2025-12-11T04:52:25.978+0000] {processor.py:183} INFO - Processing /home/airflow/.local/lib/python3.9/site-packages/airflow/example_dags/example_branch_operator_decorator.py took 0.300 seconds
[2025-12-11T04:52:56.480+0000] {processor.py:161} INFO - Started process (PID=4535) to work on /home/airflow/.local/lib/python3.9/site-packages/airflow/example_dags/example_branch_operator_decorator.py
[2025-12-11T04:52:56.482+0000] {processor.py:830} INFO - Processing file /home/airflow/.local/lib/python3.9/site-packages/airflow/example_dags/example_branch_operator_decorator.py for tasks to queue
[2025-12-11T04:52:56.485+0000] {logging_mixin.py:188} INFO - [2025-12-11T04:52:56.485+0000] {dagbag.py:545} INFO - Filling up the DagBag from /home/airflow/.local/lib/python3.9/site-packages/airflow/example_dags/example_branch_operator_decorator.py
[2025-12-11T04:52:56.515+0000] {processor.py:840} INFO - DAG(s) 'example_branch_python_operator_decorator' retrieved from /home/airflow/.local/lib/python3.9/site-packages/airflow/example_dags/example_branch_operator_decorator.py
[2025-12-11T04:52:56.565+0000] {logging_mixin.py:188} INFO - [2025-12-11T04:52:56.565+0000] {dag.py:3096} INFO - Sync 1 DAGs
[2025-12-11T04:52:56.606+0000] {logging_mixin.py:188} INFO - [2025-12-11T04:52:56.606+0000] {dag.py:3954} INFO - Setting next_dagrun for example_branch_python_operator_decorator to 2025-12-10 00:00:00+00:00, run_after=2025-12-11 00:00:00+00:00
[2025-12-11T04:52:56.633+0000] {processor.py:183} INFO - Processing /home/airflow/.local/lib/python3.9/site-packages/airflow/example_dags/example_branch_operator_decorator.py took 0.164 seconds
