[2025-12-11T04:18:50.522+0000] {processor.py:161} INFO - Started process (PID=112) to work on /home/airflow/.local/lib/python3.9/site-packages/airflow/example_dags/example_branch_python_dop_operator_3.py
[2025-12-11T04:18:50.741+0000] {processor.py:830} INFO - Processing file /home/airflow/.local/lib/python3.9/site-packages/airflow/example_dags/example_branch_python_dop_operator_3.py for tasks to queue
[2025-12-11T04:18:50.745+0000] {logging_mixin.py:188} INFO - [2025-12-11T04:18:50.744+0000] {dagbag.py:545} INFO - Filling up the DagBag from /home/airflow/.local/lib/python3.9/site-packages/airflow/example_dags/example_branch_python_dop_operator_3.py
[2025-12-11T04:18:50.820+0000] {processor.py:840} INFO - DAG(s) 'example_branch_dop_operator_v3' retrieved from /home/airflow/.local/lib/python3.9/site-packages/airflow/example_dags/example_branch_python_dop_operator_3.py
[2025-12-11T04:18:51.600+0000] {logging_mixin.py:188} INFO - [2025-12-11T04:18:51.599+0000] {dag.py:3096} INFO - Sync 1 DAGs
[2025-12-11T04:18:51.740+0000] {logging_mixin.py:188} INFO - [2025-12-11T04:18:51.739+0000] {dag.py:3954} INFO - Setting next_dagrun for example_branch_dop_operator_v3 to 2025-12-11 04:17:00+00:00, run_after=2025-12-11 04:18:00+00:00
[2025-12-11T04:18:51.862+0000] {processor.py:183} INFO - Processing /home/airflow/.local/lib/python3.9/site-packages/airflow/example_dags/example_branch_python_dop_operator_3.py took 1.365 seconds
[2025-12-11T04:19:22.152+0000] {processor.py:161} INFO - Started process (PID=171) to work on /home/airflow/.local/lib/python3.9/site-packages/airflow/example_dags/example_branch_python_dop_operator_3.py
[2025-12-11T04:19:22.165+0000] {processor.py:830} INFO - Processing file /home/airflow/.local/lib/python3.9/site-packages/airflow/example_dags/example_branch_python_dop_operator_3.py for tasks to queue
[2025-12-11T04:19:22.168+0000] {logging_mixin.py:188} INFO - [2025-12-11T04:19:22.167+0000] {dagbag.py:545} INFO - Filling up the DagBag from /home/airflow/.local/lib/python3.9/site-packages/airflow/example_dags/example_branch_python_dop_operator_3.py
[2025-12-11T04:19:22.181+0000] {processor.py:840} INFO - DAG(s) 'example_branch_dop_operator_v3' retrieved from /home/airflow/.local/lib/python3.9/site-packages/airflow/example_dags/example_branch_python_dop_operator_3.py
[2025-12-11T04:19:22.217+0000] {logging_mixin.py:188} INFO - [2025-12-11T04:19:22.217+0000] {dag.py:3096} INFO - Sync 1 DAGs
[2025-12-11T04:19:22.256+0000] {logging_mixin.py:188} INFO - [2025-12-11T04:19:22.255+0000] {dag.py:3954} INFO - Setting next_dagrun for example_branch_dop_operator_v3 to 2025-12-11 04:18:00+00:00, run_after=2025-12-11 04:19:00+00:00
[2025-12-11T04:19:22.299+0000] {processor.py:183} INFO - Processing /home/airflow/.local/lib/python3.9/site-packages/airflow/example_dags/example_branch_python_dop_operator_3.py took 0.157 seconds
[2025-12-11T04:19:52.502+0000] {processor.py:161} INFO - Started process (PID=237) to work on /home/airflow/.local/lib/python3.9/site-packages/airflow/example_dags/example_branch_python_dop_operator_3.py
[2025-12-11T04:19:52.509+0000] {processor.py:830} INFO - Processing file /home/airflow/.local/lib/python3.9/site-packages/airflow/example_dags/example_branch_python_dop_operator_3.py for tasks to queue
[2025-12-11T04:19:52.519+0000] {logging_mixin.py:188} INFO - [2025-12-11T04:19:52.518+0000] {dagbag.py:545} INFO - Filling up the DagBag from /home/airflow/.local/lib/python3.9/site-packages/airflow/example_dags/example_branch_python_dop_operator_3.py
[2025-12-11T04:19:52.542+0000] {processor.py:840} INFO - DAG(s) 'example_branch_dop_operator_v3' retrieved from /home/airflow/.local/lib/python3.9/site-packages/airflow/example_dags/example_branch_python_dop_operator_3.py
[2025-12-11T04:19:52.617+0000] {logging_mixin.py:188} INFO - [2025-12-11T04:19:52.610+0000] {dag.py:3096} INFO - Sync 1 DAGs
[2025-12-11T04:19:52.690+0000] {logging_mixin.py:188} INFO - [2025-12-11T04:19:52.690+0000] {dag.py:3954} INFO - Setting next_dagrun for example_branch_dop_operator_v3 to 2025-12-11 04:18:00+00:00, run_after=2025-12-11 04:19:00+00:00
[2025-12-11T04:19:52.737+0000] {processor.py:183} INFO - Processing /home/airflow/.local/lib/python3.9/site-packages/airflow/example_dags/example_branch_python_dop_operator_3.py took 0.255 seconds
[2025-12-11T04:20:23.308+0000] {processor.py:161} INFO - Started process (PID=303) to work on /home/airflow/.local/lib/python3.9/site-packages/airflow/example_dags/example_branch_python_dop_operator_3.py
[2025-12-11T04:20:23.320+0000] {processor.py:830} INFO - Processing file /home/airflow/.local/lib/python3.9/site-packages/airflow/example_dags/example_branch_python_dop_operator_3.py for tasks to queue
[2025-12-11T04:20:23.324+0000] {logging_mixin.py:188} INFO - [2025-12-11T04:20:23.323+0000] {dagbag.py:545} INFO - Filling up the DagBag from /home/airflow/.local/lib/python3.9/site-packages/airflow/example_dags/example_branch_python_dop_operator_3.py
[2025-12-11T04:20:23.343+0000] {processor.py:840} INFO - DAG(s) 'example_branch_dop_operator_v3' retrieved from /home/airflow/.local/lib/python3.9/site-packages/airflow/example_dags/example_branch_python_dop_operator_3.py
[2025-12-11T04:20:23.398+0000] {logging_mixin.py:188} INFO - [2025-12-11T04:20:23.397+0000] {dag.py:3096} INFO - Sync 1 DAGs
[2025-12-11T04:20:23.457+0000] {logging_mixin.py:188} INFO - [2025-12-11T04:20:23.452+0000] {dag.py:3954} INFO - Setting next_dagrun for example_branch_dop_operator_v3 to 2025-12-11 04:19:00+00:00, run_after=2025-12-11 04:20:00+00:00
[2025-12-11T04:20:23.524+0000] {processor.py:183} INFO - Processing /home/airflow/.local/lib/python3.9/site-packages/airflow/example_dags/example_branch_python_dop_operator_3.py took 0.227 seconds
[2025-12-11T04:20:54.280+0000] {processor.py:161} INFO - Started process (PID=367) to work on /home/airflow/.local/lib/python3.9/site-packages/airflow/example_dags/example_branch_python_dop_operator_3.py
[2025-12-11T04:20:54.282+0000] {processor.py:830} INFO - Processing file /home/airflow/.local/lib/python3.9/site-packages/airflow/example_dags/example_branch_python_dop_operator_3.py for tasks to queue
[2025-12-11T04:20:54.299+0000] {logging_mixin.py:188} INFO - [2025-12-11T04:20:54.298+0000] {dagbag.py:545} INFO - Filling up the DagBag from /home/airflow/.local/lib/python3.9/site-packages/airflow/example_dags/example_branch_python_dop_operator_3.py
[2025-12-11T04:20:54.340+0000] {processor.py:840} INFO - DAG(s) 'example_branch_dop_operator_v3' retrieved from /home/airflow/.local/lib/python3.9/site-packages/airflow/example_dags/example_branch_python_dop_operator_3.py
[2025-12-11T04:20:54.442+0000] {logging_mixin.py:188} INFO - [2025-12-11T04:20:54.439+0000] {dag.py:3096} INFO - Sync 1 DAGs
[2025-12-11T04:20:54.582+0000] {logging_mixin.py:188} INFO - [2025-12-11T04:20:54.581+0000] {dag.py:3954} INFO - Setting next_dagrun for example_branch_dop_operator_v3 to 2025-12-11 04:19:00+00:00, run_after=2025-12-11 04:20:00+00:00
[2025-12-11T04:20:54.681+0000] {processor.py:183} INFO - Processing /home/airflow/.local/lib/python3.9/site-packages/airflow/example_dags/example_branch_python_dop_operator_3.py took 0.438 seconds
[2025-12-11T04:21:25.419+0000] {processor.py:161} INFO - Started process (PID=432) to work on /home/airflow/.local/lib/python3.9/site-packages/airflow/example_dags/example_branch_python_dop_operator_3.py
[2025-12-11T04:21:25.421+0000] {processor.py:830} INFO - Processing file /home/airflow/.local/lib/python3.9/site-packages/airflow/example_dags/example_branch_python_dop_operator_3.py for tasks to queue
[2025-12-11T04:21:25.424+0000] {logging_mixin.py:188} INFO - [2025-12-11T04:21:25.423+0000] {dagbag.py:545} INFO - Filling up the DagBag from /home/airflow/.local/lib/python3.9/site-packages/airflow/example_dags/example_branch_python_dop_operator_3.py
[2025-12-11T04:21:25.442+0000] {processor.py:840} INFO - DAG(s) 'example_branch_dop_operator_v3' retrieved from /home/airflow/.local/lib/python3.9/site-packages/airflow/example_dags/example_branch_python_dop_operator_3.py
[2025-12-11T04:21:25.498+0000] {logging_mixin.py:188} INFO - [2025-12-11T04:21:25.497+0000] {dag.py:3096} INFO - Sync 1 DAGs
[2025-12-11T04:21:25.559+0000] {logging_mixin.py:188} INFO - [2025-12-11T04:21:25.558+0000] {dag.py:3954} INFO - Setting next_dagrun for example_branch_dop_operator_v3 to 2025-12-11 04:20:00+00:00, run_after=2025-12-11 04:21:00+00:00
[2025-12-11T04:21:25.604+0000] {processor.py:183} INFO - Processing /home/airflow/.local/lib/python3.9/site-packages/airflow/example_dags/example_branch_python_dop_operator_3.py took 0.203 seconds
[2025-12-11T04:21:56.265+0000] {processor.py:161} INFO - Started process (PID=498) to work on /home/airflow/.local/lib/python3.9/site-packages/airflow/example_dags/example_branch_python_dop_operator_3.py
[2025-12-11T04:21:56.267+0000] {processor.py:830} INFO - Processing file /home/airflow/.local/lib/python3.9/site-packages/airflow/example_dags/example_branch_python_dop_operator_3.py for tasks to queue
[2025-12-11T04:21:56.271+0000] {logging_mixin.py:188} INFO - [2025-12-11T04:21:56.270+0000] {dagbag.py:545} INFO - Filling up the DagBag from /home/airflow/.local/lib/python3.9/site-packages/airflow/example_dags/example_branch_python_dop_operator_3.py
[2025-12-11T04:21:56.297+0000] {processor.py:840} INFO - DAG(s) 'example_branch_dop_operator_v3' retrieved from /home/airflow/.local/lib/python3.9/site-packages/airflow/example_dags/example_branch_python_dop_operator_3.py
[2025-12-11T04:21:56.361+0000] {logging_mixin.py:188} INFO - [2025-12-11T04:21:56.361+0000] {dag.py:3096} INFO - Sync 1 DAGs
[2025-12-11T04:21:56.448+0000] {logging_mixin.py:188} INFO - [2025-12-11T04:21:56.447+0000] {dag.py:3954} INFO - Setting next_dagrun for example_branch_dop_operator_v3 to 2025-12-11 04:20:00+00:00, run_after=2025-12-11 04:21:00+00:00
[2025-12-11T04:21:56.526+0000] {processor.py:183} INFO - Processing /home/airflow/.local/lib/python3.9/site-packages/airflow/example_dags/example_branch_python_dop_operator_3.py took 0.279 seconds
[2025-12-11T04:22:26.601+0000] {processor.py:161} INFO - Started process (PID=563) to work on /home/airflow/.local/lib/python3.9/site-packages/airflow/example_dags/example_branch_python_dop_operator_3.py
[2025-12-11T04:22:26.603+0000] {processor.py:830} INFO - Processing file /home/airflow/.local/lib/python3.9/site-packages/airflow/example_dags/example_branch_python_dop_operator_3.py for tasks to queue
[2025-12-11T04:22:26.605+0000] {logging_mixin.py:188} INFO - [2025-12-11T04:22:26.605+0000] {dagbag.py:545} INFO - Filling up the DagBag from /home/airflow/.local/lib/python3.9/site-packages/airflow/example_dags/example_branch_python_dop_operator_3.py
[2025-12-11T04:22:26.619+0000] {processor.py:840} INFO - DAG(s) 'example_branch_dop_operator_v3' retrieved from /home/airflow/.local/lib/python3.9/site-packages/airflow/example_dags/example_branch_python_dop_operator_3.py
[2025-12-11T04:22:26.653+0000] {logging_mixin.py:188} INFO - [2025-12-11T04:22:26.653+0000] {dag.py:3096} INFO - Sync 1 DAGs
[2025-12-11T04:22:26.691+0000] {logging_mixin.py:188} INFO - [2025-12-11T04:22:26.691+0000] {dag.py:3954} INFO - Setting next_dagrun for example_branch_dop_operator_v3 to 2025-12-11 04:21:00+00:00, run_after=2025-12-11 04:22:00+00:00
[2025-12-11T04:22:26.716+0000] {processor.py:183} INFO - Processing /home/airflow/.local/lib/python3.9/site-packages/airflow/example_dags/example_branch_python_dop_operator_3.py took 0.127 seconds
[2025-12-11T04:22:57.421+0000] {processor.py:161} INFO - Started process (PID=630) to work on /home/airflow/.local/lib/python3.9/site-packages/airflow/example_dags/example_branch_python_dop_operator_3.py
[2025-12-11T04:22:57.429+0000] {processor.py:830} INFO - Processing file /home/airflow/.local/lib/python3.9/site-packages/airflow/example_dags/example_branch_python_dop_operator_3.py for tasks to queue
[2025-12-11T04:22:57.432+0000] {logging_mixin.py:188} INFO - [2025-12-11T04:22:57.431+0000] {dagbag.py:545} INFO - Filling up the DagBag from /home/airflow/.local/lib/python3.9/site-packages/airflow/example_dags/example_branch_python_dop_operator_3.py
[2025-12-11T04:22:57.448+0000] {processor.py:840} INFO - DAG(s) 'example_branch_dop_operator_v3' retrieved from /home/airflow/.local/lib/python3.9/site-packages/airflow/example_dags/example_branch_python_dop_operator_3.py
[2025-12-11T04:22:57.490+0000] {logging_mixin.py:188} INFO - [2025-12-11T04:22:57.490+0000] {dag.py:3096} INFO - Sync 1 DAGs
[2025-12-11T04:22:57.537+0000] {logging_mixin.py:188} INFO - [2025-12-11T04:22:57.536+0000] {dag.py:3954} INFO - Setting next_dagrun for example_branch_dop_operator_v3 to 2025-12-11 04:21:00+00:00, run_after=2025-12-11 04:22:00+00:00
[2025-12-11T04:22:57.567+0000] {processor.py:183} INFO - Processing /home/airflow/.local/lib/python3.9/site-packages/airflow/example_dags/example_branch_python_dop_operator_3.py took 0.160 seconds
[2025-12-11T04:23:27.881+0000] {processor.py:161} INFO - Started process (PID=696) to work on /home/airflow/.local/lib/python3.9/site-packages/airflow/example_dags/example_branch_python_dop_operator_3.py
[2025-12-11T04:23:27.883+0000] {processor.py:830} INFO - Processing file /home/airflow/.local/lib/python3.9/site-packages/airflow/example_dags/example_branch_python_dop_operator_3.py for tasks to queue
[2025-12-11T04:23:27.886+0000] {logging_mixin.py:188} INFO - [2025-12-11T04:23:27.885+0000] {dagbag.py:545} INFO - Filling up the DagBag from /home/airflow/.local/lib/python3.9/site-packages/airflow/example_dags/example_branch_python_dop_operator_3.py
[2025-12-11T04:23:27.899+0000] {processor.py:840} INFO - DAG(s) 'example_branch_dop_operator_v3' retrieved from /home/airflow/.local/lib/python3.9/site-packages/airflow/example_dags/example_branch_python_dop_operator_3.py
[2025-12-11T04:23:27.939+0000] {logging_mixin.py:188} INFO - [2025-12-11T04:23:27.938+0000] {dag.py:3096} INFO - Sync 1 DAGs
[2025-12-11T04:23:27.978+0000] {logging_mixin.py:188} INFO - [2025-12-11T04:23:27.978+0000] {dag.py:3954} INFO - Setting next_dagrun for example_branch_dop_operator_v3 to 2025-12-11 04:22:00+00:00, run_after=2025-12-11 04:23:00+00:00
[2025-12-11T04:23:28.020+0000] {processor.py:183} INFO - Processing /home/airflow/.local/lib/python3.9/site-packages/airflow/example_dags/example_branch_python_dop_operator_3.py took 0.148 seconds
[2025-12-11T04:23:58.420+0000] {processor.py:161} INFO - Started process (PID=762) to work on /home/airflow/.local/lib/python3.9/site-packages/airflow/example_dags/example_branch_python_dop_operator_3.py
[2025-12-11T04:23:58.421+0000] {processor.py:830} INFO - Processing file /home/airflow/.local/lib/python3.9/site-packages/airflow/example_dags/example_branch_python_dop_operator_3.py for tasks to queue
[2025-12-11T04:23:58.424+0000] {logging_mixin.py:188} INFO - [2025-12-11T04:23:58.423+0000] {dagbag.py:545} INFO - Filling up the DagBag from /home/airflow/.local/lib/python3.9/site-packages/airflow/example_dags/example_branch_python_dop_operator_3.py
[2025-12-11T04:23:58.444+0000] {processor.py:840} INFO - DAG(s) 'example_branch_dop_operator_v3' retrieved from /home/airflow/.local/lib/python3.9/site-packages/airflow/example_dags/example_branch_python_dop_operator_3.py
[2025-12-11T04:23:58.485+0000] {logging_mixin.py:188} INFO - [2025-12-11T04:23:58.484+0000] {dag.py:3096} INFO - Sync 1 DAGs
[2025-12-11T04:23:58.522+0000] {logging_mixin.py:188} INFO - [2025-12-11T04:23:58.522+0000] {dag.py:3954} INFO - Setting next_dagrun for example_branch_dop_operator_v3 to 2025-12-11 04:22:00+00:00, run_after=2025-12-11 04:23:00+00:00
[2025-12-11T04:23:58.547+0000] {processor.py:183} INFO - Processing /home/airflow/.local/lib/python3.9/site-packages/airflow/example_dags/example_branch_python_dop_operator_3.py took 0.144 seconds
[2025-12-11T04:24:29.037+0000] {processor.py:161} INFO - Started process (PID=828) to work on /home/airflow/.local/lib/python3.9/site-packages/airflow/example_dags/example_branch_python_dop_operator_3.py
[2025-12-11T04:24:29.215+0000] {processor.py:830} INFO - Processing file /home/airflow/.local/lib/python3.9/site-packages/airflow/example_dags/example_branch_python_dop_operator_3.py for tasks to queue
[2025-12-11T04:24:29.219+0000] {logging_mixin.py:188} INFO - [2025-12-11T04:24:29.218+0000] {dagbag.py:545} INFO - Filling up the DagBag from /home/airflow/.local/lib/python3.9/site-packages/airflow/example_dags/example_branch_python_dop_operator_3.py
[2025-12-11T04:24:29.238+0000] {processor.py:840} INFO - DAG(s) 'example_branch_dop_operator_v3' retrieved from /home/airflow/.local/lib/python3.9/site-packages/airflow/example_dags/example_branch_python_dop_operator_3.py
[2025-12-11T04:24:29.289+0000] {logging_mixin.py:188} INFO - [2025-12-11T04:24:29.288+0000] {dag.py:3096} INFO - Sync 1 DAGs
[2025-12-11T04:24:29.342+0000] {logging_mixin.py:188} INFO - [2025-12-11T04:24:29.342+0000] {dag.py:3954} INFO - Setting next_dagrun for example_branch_dop_operator_v3 to 2025-12-11 04:23:00+00:00, run_after=2025-12-11 04:24:00+00:00
[2025-12-11T04:24:29.384+0000] {processor.py:183} INFO - Processing /home/airflow/.local/lib/python3.9/site-packages/airflow/example_dags/example_branch_python_dop_operator_3.py took 0.361 seconds
[2025-12-11T04:24:59.835+0000] {processor.py:161} INFO - Started process (PID=894) to work on /home/airflow/.local/lib/python3.9/site-packages/airflow/example_dags/example_branch_python_dop_operator_3.py
[2025-12-11T04:24:59.870+0000] {processor.py:830} INFO - Processing file /home/airflow/.local/lib/python3.9/site-packages/airflow/example_dags/example_branch_python_dop_operator_3.py for tasks to queue
[2025-12-11T04:24:59.873+0000] {logging_mixin.py:188} INFO - [2025-12-11T04:24:59.873+0000] {dagbag.py:545} INFO - Filling up the DagBag from /home/airflow/.local/lib/python3.9/site-packages/airflow/example_dags/example_branch_python_dop_operator_3.py
[2025-12-11T04:24:59.887+0000] {processor.py:840} INFO - DAG(s) 'example_branch_dop_operator_v3' retrieved from /home/airflow/.local/lib/python3.9/site-packages/airflow/example_dags/example_branch_python_dop_operator_3.py
[2025-12-11T04:24:59.926+0000] {logging_mixin.py:188} INFO - [2025-12-11T04:24:59.926+0000] {dag.py:3096} INFO - Sync 1 DAGs
[2025-12-11T04:24:59.970+0000] {logging_mixin.py:188} INFO - [2025-12-11T04:24:59.970+0000] {dag.py:3954} INFO - Setting next_dagrun for example_branch_dop_operator_v3 to 2025-12-11 04:23:00+00:00, run_after=2025-12-11 04:24:00+00:00
[2025-12-11T04:25:00.075+0000] {processor.py:183} INFO - Processing /home/airflow/.local/lib/python3.9/site-packages/airflow/example_dags/example_branch_python_dop_operator_3.py took 0.251 seconds
[2025-12-11T04:25:30.163+0000] {processor.py:161} INFO - Started process (PID=959) to work on /home/airflow/.local/lib/python3.9/site-packages/airflow/example_dags/example_branch_python_dop_operator_3.py
[2025-12-11T04:25:30.176+0000] {processor.py:830} INFO - Processing file /home/airflow/.local/lib/python3.9/site-packages/airflow/example_dags/example_branch_python_dop_operator_3.py for tasks to queue
[2025-12-11T04:25:30.179+0000] {logging_mixin.py:188} INFO - [2025-12-11T04:25:30.179+0000] {dagbag.py:545} INFO - Filling up the DagBag from /home/airflow/.local/lib/python3.9/site-packages/airflow/example_dags/example_branch_python_dop_operator_3.py
[2025-12-11T04:25:30.192+0000] {processor.py:840} INFO - DAG(s) 'example_branch_dop_operator_v3' retrieved from /home/airflow/.local/lib/python3.9/site-packages/airflow/example_dags/example_branch_python_dop_operator_3.py
[2025-12-11T04:25:30.244+0000] {logging_mixin.py:188} INFO - [2025-12-11T04:25:30.243+0000] {dag.py:3096} INFO - Sync 1 DAGs
[2025-12-11T04:25:30.317+0000] {logging_mixin.py:188} INFO - [2025-12-11T04:25:30.309+0000] {dag.py:3954} INFO - Setting next_dagrun for example_branch_dop_operator_v3 to 2025-12-11 04:24:00+00:00, run_after=2025-12-11 04:25:00+00:00
[2025-12-11T04:25:30.351+0000] {processor.py:183} INFO - Processing /home/airflow/.local/lib/python3.9/site-packages/airflow/example_dags/example_branch_python_dop_operator_3.py took 0.198 seconds
[2025-12-11T04:26:00.537+0000] {processor.py:161} INFO - Started process (PID=1025) to work on /home/airflow/.local/lib/python3.9/site-packages/airflow/example_dags/example_branch_python_dop_operator_3.py
[2025-12-11T04:26:00.544+0000] {processor.py:830} INFO - Processing file /home/airflow/.local/lib/python3.9/site-packages/airflow/example_dags/example_branch_python_dop_operator_3.py for tasks to queue
[2025-12-11T04:26:00.547+0000] {logging_mixin.py:188} INFO - [2025-12-11T04:26:00.546+0000] {dagbag.py:545} INFO - Filling up the DagBag from /home/airflow/.local/lib/python3.9/site-packages/airflow/example_dags/example_branch_python_dop_operator_3.py
[2025-12-11T04:26:00.560+0000] {processor.py:840} INFO - DAG(s) 'example_branch_dop_operator_v3' retrieved from /home/airflow/.local/lib/python3.9/site-packages/airflow/example_dags/example_branch_python_dop_operator_3.py
[2025-12-11T04:26:00.598+0000] {logging_mixin.py:188} INFO - [2025-12-11T04:26:00.598+0000] {dag.py:3096} INFO - Sync 1 DAGs
[2025-12-11T04:26:00.643+0000] {logging_mixin.py:188} INFO - [2025-12-11T04:26:00.642+0000] {dag.py:3954} INFO - Setting next_dagrun for example_branch_dop_operator_v3 to 2025-12-11 04:25:00+00:00, run_after=2025-12-11 04:26:00+00:00
[2025-12-11T04:26:00.675+0000] {processor.py:183} INFO - Processing /home/airflow/.local/lib/python3.9/site-packages/airflow/example_dags/example_branch_python_dop_operator_3.py took 0.148 seconds
[2025-12-11T04:26:31.103+0000] {processor.py:161} INFO - Started process (PID=1091) to work on /home/airflow/.local/lib/python3.9/site-packages/airflow/example_dags/example_branch_python_dop_operator_3.py
[2025-12-11T04:26:31.112+0000] {processor.py:830} INFO - Processing file /home/airflow/.local/lib/python3.9/site-packages/airflow/example_dags/example_branch_python_dop_operator_3.py for tasks to queue
[2025-12-11T04:26:31.118+0000] {logging_mixin.py:188} INFO - [2025-12-11T04:26:31.118+0000] {dagbag.py:545} INFO - Filling up the DagBag from /home/airflow/.local/lib/python3.9/site-packages/airflow/example_dags/example_branch_python_dop_operator_3.py
[2025-12-11T04:26:31.142+0000] {processor.py:840} INFO - DAG(s) 'example_branch_dop_operator_v3' retrieved from /home/airflow/.local/lib/python3.9/site-packages/airflow/example_dags/example_branch_python_dop_operator_3.py
[2025-12-11T04:26:31.193+0000] {logging_mixin.py:188} INFO - [2025-12-11T04:26:31.193+0000] {dag.py:3096} INFO - Sync 1 DAGs
[2025-12-11T04:26:31.241+0000] {logging_mixin.py:188} INFO - [2025-12-11T04:26:31.240+0000] {dag.py:3954} INFO - Setting next_dagrun for example_branch_dop_operator_v3 to 2025-12-11 04:25:00+00:00, run_after=2025-12-11 04:26:00+00:00
[2025-12-11T04:26:31.297+0000] {processor.py:183} INFO - Processing /home/airflow/.local/lib/python3.9/site-packages/airflow/example_dags/example_branch_python_dop_operator_3.py took 0.220 seconds
[2025-12-11T04:27:02.599+0000] {processor.py:161} INFO - Started process (PID=1164) to work on /home/airflow/.local/lib/python3.9/site-packages/airflow/example_dags/example_branch_python_dop_operator_3.py
[2025-12-11T04:27:02.607+0000] {processor.py:830} INFO - Processing file /home/airflow/.local/lib/python3.9/site-packages/airflow/example_dags/example_branch_python_dop_operator_3.py for tasks to queue
[2025-12-11T04:27:02.610+0000] {logging_mixin.py:188} INFO - [2025-12-11T04:27:02.610+0000] {dagbag.py:545} INFO - Filling up the DagBag from /home/airflow/.local/lib/python3.9/site-packages/airflow/example_dags/example_branch_python_dop_operator_3.py
[2025-12-11T04:27:02.626+0000] {processor.py:840} INFO - DAG(s) 'example_branch_dop_operator_v3' retrieved from /home/airflow/.local/lib/python3.9/site-packages/airflow/example_dags/example_branch_python_dop_operator_3.py
[2025-12-11T04:27:02.665+0000] {logging_mixin.py:188} INFO - [2025-12-11T04:27:02.665+0000] {dag.py:3096} INFO - Sync 1 DAGs
[2025-12-11T04:27:02.728+0000] {logging_mixin.py:188} INFO - [2025-12-11T04:27:02.728+0000] {dag.py:3954} INFO - Setting next_dagrun for example_branch_dop_operator_v3 to 2025-12-11 04:26:00+00:00, run_after=2025-12-11 04:27:00+00:00
[2025-12-11T04:27:02.759+0000] {processor.py:183} INFO - Processing /home/airflow/.local/lib/python3.9/site-packages/airflow/example_dags/example_branch_python_dop_operator_3.py took 0.171 seconds
[2025-12-11T04:27:33.426+0000] {processor.py:161} INFO - Started process (PID=1230) to work on /home/airflow/.local/lib/python3.9/site-packages/airflow/example_dags/example_branch_python_dop_operator_3.py
[2025-12-11T04:27:33.437+0000] {processor.py:830} INFO - Processing file /home/airflow/.local/lib/python3.9/site-packages/airflow/example_dags/example_branch_python_dop_operator_3.py for tasks to queue
[2025-12-11T04:27:33.440+0000] {logging_mixin.py:188} INFO - [2025-12-11T04:27:33.440+0000] {dagbag.py:545} INFO - Filling up the DagBag from /home/airflow/.local/lib/python3.9/site-packages/airflow/example_dags/example_branch_python_dop_operator_3.py
[2025-12-11T04:27:33.465+0000] {processor.py:840} INFO - DAG(s) 'example_branch_dop_operator_v3' retrieved from /home/airflow/.local/lib/python3.9/site-packages/airflow/example_dags/example_branch_python_dop_operator_3.py
[2025-12-11T04:27:33.598+0000] {logging_mixin.py:188} INFO - [2025-12-11T04:27:33.587+0000] {dag.py:3096} INFO - Sync 1 DAGs
[2025-12-11T04:27:33.707+0000] {logging_mixin.py:188} INFO - [2025-12-11T04:27:33.707+0000] {dag.py:3954} INFO - Setting next_dagrun for example_branch_dop_operator_v3 to 2025-12-11 04:26:00+00:00, run_after=2025-12-11 04:27:00+00:00
[2025-12-11T04:27:33.902+0000] {processor.py:183} INFO - Processing /home/airflow/.local/lib/python3.9/site-packages/airflow/example_dags/example_branch_python_dop_operator_3.py took 0.486 seconds
[2025-12-11T04:28:04.825+0000] {processor.py:161} INFO - Started process (PID=1296) to work on /home/airflow/.local/lib/python3.9/site-packages/airflow/example_dags/example_branch_python_dop_operator_3.py
[2025-12-11T04:28:04.827+0000] {processor.py:830} INFO - Processing file /home/airflow/.local/lib/python3.9/site-packages/airflow/example_dags/example_branch_python_dop_operator_3.py for tasks to queue
[2025-12-11T04:28:04.839+0000] {logging_mixin.py:188} INFO - [2025-12-11T04:28:04.838+0000] {dagbag.py:545} INFO - Filling up the DagBag from /home/airflow/.local/lib/python3.9/site-packages/airflow/example_dags/example_branch_python_dop_operator_3.py
[2025-12-11T04:28:04.860+0000] {processor.py:840} INFO - DAG(s) 'example_branch_dop_operator_v3' retrieved from /home/airflow/.local/lib/python3.9/site-packages/airflow/example_dags/example_branch_python_dop_operator_3.py
[2025-12-11T04:28:04.957+0000] {logging_mixin.py:188} INFO - [2025-12-11T04:28:04.946+0000] {dag.py:3096} INFO - Sync 1 DAGs
[2025-12-11T04:28:05.100+0000] {logging_mixin.py:188} INFO - [2025-12-11T04:28:05.100+0000] {dag.py:3954} INFO - Setting next_dagrun for example_branch_dop_operator_v3 to 2025-12-11 04:27:00+00:00, run_after=2025-12-11 04:28:00+00:00
[2025-12-11T04:28:05.221+0000] {processor.py:183} INFO - Processing /home/airflow/.local/lib/python3.9/site-packages/airflow/example_dags/example_branch_python_dop_operator_3.py took 0.418 seconds
[2025-12-11T04:28:35.806+0000] {processor.py:161} INFO - Started process (PID=1362) to work on /home/airflow/.local/lib/python3.9/site-packages/airflow/example_dags/example_branch_python_dop_operator_3.py
[2025-12-11T04:28:35.807+0000] {processor.py:830} INFO - Processing file /home/airflow/.local/lib/python3.9/site-packages/airflow/example_dags/example_branch_python_dop_operator_3.py for tasks to queue
[2025-12-11T04:28:35.818+0000] {logging_mixin.py:188} INFO - [2025-12-11T04:28:35.818+0000] {dagbag.py:545} INFO - Filling up the DagBag from /home/airflow/.local/lib/python3.9/site-packages/airflow/example_dags/example_branch_python_dop_operator_3.py
[2025-12-11T04:28:35.842+0000] {processor.py:840} INFO - DAG(s) 'example_branch_dop_operator_v3' retrieved from /home/airflow/.local/lib/python3.9/site-packages/airflow/example_dags/example_branch_python_dop_operator_3.py
[2025-12-11T04:28:35.964+0000] {logging_mixin.py:188} INFO - [2025-12-11T04:28:35.963+0000] {dag.py:3096} INFO - Sync 1 DAGs
[2025-12-11T04:28:36.084+0000] {logging_mixin.py:188} INFO - [2025-12-11T04:28:36.083+0000] {dag.py:3954} INFO - Setting next_dagrun for example_branch_dop_operator_v3 to 2025-12-11 04:27:00+00:00, run_after=2025-12-11 04:28:00+00:00
[2025-12-11T04:28:36.161+0000] {processor.py:183} INFO - Processing /home/airflow/.local/lib/python3.9/site-packages/airflow/example_dags/example_branch_python_dop_operator_3.py took 0.379 seconds
[2025-12-11T04:29:06.808+0000] {processor.py:161} INFO - Started process (PID=1428) to work on /home/airflow/.local/lib/python3.9/site-packages/airflow/example_dags/example_branch_python_dop_operator_3.py
[2025-12-11T04:29:06.818+0000] {processor.py:830} INFO - Processing file /home/airflow/.local/lib/python3.9/site-packages/airflow/example_dags/example_branch_python_dop_operator_3.py for tasks to queue
[2025-12-11T04:29:06.821+0000] {logging_mixin.py:188} INFO - [2025-12-11T04:29:06.820+0000] {dagbag.py:545} INFO - Filling up the DagBag from /home/airflow/.local/lib/python3.9/site-packages/airflow/example_dags/example_branch_python_dop_operator_3.py
[2025-12-11T04:29:06.860+0000] {processor.py:840} INFO - DAG(s) 'example_branch_dop_operator_v3' retrieved from /home/airflow/.local/lib/python3.9/site-packages/airflow/example_dags/example_branch_python_dop_operator_3.py
[2025-12-11T04:29:06.940+0000] {logging_mixin.py:188} INFO - [2025-12-11T04:29:06.939+0000] {dag.py:3096} INFO - Sync 1 DAGs
[2025-12-11T04:29:07.057+0000] {logging_mixin.py:188} INFO - [2025-12-11T04:29:07.043+0000] {dag.py:3954} INFO - Setting next_dagrun for example_branch_dop_operator_v3 to 2025-12-11 04:28:00+00:00, run_after=2025-12-11 04:29:00+00:00
[2025-12-11T04:29:07.142+0000] {processor.py:183} INFO - Processing /home/airflow/.local/lib/python3.9/site-packages/airflow/example_dags/example_branch_python_dop_operator_3.py took 0.345 seconds
[2025-12-11T04:29:37.288+0000] {processor.py:161} INFO - Started process (PID=1494) to work on /home/airflow/.local/lib/python3.9/site-packages/airflow/example_dags/example_branch_python_dop_operator_3.py
[2025-12-11T04:29:37.325+0000] {processor.py:830} INFO - Processing file /home/airflow/.local/lib/python3.9/site-packages/airflow/example_dags/example_branch_python_dop_operator_3.py for tasks to queue
[2025-12-11T04:29:37.338+0000] {logging_mixin.py:188} INFO - [2025-12-11T04:29:37.337+0000] {dagbag.py:545} INFO - Filling up the DagBag from /home/airflow/.local/lib/python3.9/site-packages/airflow/example_dags/example_branch_python_dop_operator_3.py
[2025-12-11T04:29:37.387+0000] {processor.py:840} INFO - DAG(s) 'example_branch_dop_operator_v3' retrieved from /home/airflow/.local/lib/python3.9/site-packages/airflow/example_dags/example_branch_python_dop_operator_3.py
[2025-12-11T04:29:37.517+0000] {logging_mixin.py:188} INFO - [2025-12-11T04:29:37.504+0000] {dag.py:3096} INFO - Sync 1 DAGs
[2025-12-11T04:29:37.638+0000] {logging_mixin.py:188} INFO - [2025-12-11T04:29:37.637+0000] {dag.py:3954} INFO - Setting next_dagrun for example_branch_dop_operator_v3 to 2025-12-11 04:28:00+00:00, run_after=2025-12-11 04:29:00+00:00
[2025-12-11T04:29:37.783+0000] {processor.py:183} INFO - Processing /home/airflow/.local/lib/python3.9/site-packages/airflow/example_dags/example_branch_python_dop_operator_3.py took 0.519 seconds
[2025-12-11T04:30:08.584+0000] {processor.py:161} INFO - Started process (PID=1560) to work on /home/airflow/.local/lib/python3.9/site-packages/airflow/example_dags/example_branch_python_dop_operator_3.py
[2025-12-11T04:30:08.593+0000] {processor.py:830} INFO - Processing file /home/airflow/.local/lib/python3.9/site-packages/airflow/example_dags/example_branch_python_dop_operator_3.py for tasks to queue
[2025-12-11T04:30:08.598+0000] {logging_mixin.py:188} INFO - [2025-12-11T04:30:08.598+0000] {dagbag.py:545} INFO - Filling up the DagBag from /home/airflow/.local/lib/python3.9/site-packages/airflow/example_dags/example_branch_python_dop_operator_3.py
[2025-12-11T04:30:08.624+0000] {processor.py:840} INFO - DAG(s) 'example_branch_dop_operator_v3' retrieved from /home/airflow/.local/lib/python3.9/site-packages/airflow/example_dags/example_branch_python_dop_operator_3.py
[2025-12-11T04:30:08.699+0000] {logging_mixin.py:188} INFO - [2025-12-11T04:30:08.699+0000] {dag.py:3096} INFO - Sync 1 DAGs
[2025-12-11T04:30:08.762+0000] {logging_mixin.py:188} INFO - [2025-12-11T04:30:08.762+0000] {dag.py:3954} INFO - Setting next_dagrun for example_branch_dop_operator_v3 to 2025-12-11 04:29:00+00:00, run_after=2025-12-11 04:30:00+00:00
[2025-12-11T04:30:08.808+0000] {processor.py:183} INFO - Processing /home/airflow/.local/lib/python3.9/site-packages/airflow/example_dags/example_branch_python_dop_operator_3.py took 0.243 seconds
[2025-12-11T04:30:39.885+0000] {processor.py:161} INFO - Started process (PID=1625) to work on /home/airflow/.local/lib/python3.9/site-packages/airflow/example_dags/example_branch_python_dop_operator_3.py
[2025-12-11T04:30:39.915+0000] {processor.py:830} INFO - Processing file /home/airflow/.local/lib/python3.9/site-packages/airflow/example_dags/example_branch_python_dop_operator_3.py for tasks to queue
[2025-12-11T04:30:39.922+0000] {logging_mixin.py:188} INFO - [2025-12-11T04:30:39.922+0000] {dagbag.py:545} INFO - Filling up the DagBag from /home/airflow/.local/lib/python3.9/site-packages/airflow/example_dags/example_branch_python_dop_operator_3.py
[2025-12-11T04:30:39.939+0000] {processor.py:840} INFO - DAG(s) 'example_branch_dop_operator_v3' retrieved from /home/airflow/.local/lib/python3.9/site-packages/airflow/example_dags/example_branch_python_dop_operator_3.py
[2025-12-11T04:30:39.983+0000] {logging_mixin.py:188} INFO - [2025-12-11T04:30:39.982+0000] {dag.py:3096} INFO - Sync 1 DAGs
[2025-12-11T04:30:40.041+0000] {logging_mixin.py:188} INFO - [2025-12-11T04:30:40.041+0000] {dag.py:3954} INFO - Setting next_dagrun for example_branch_dop_operator_v3 to 2025-12-11 04:29:00+00:00, run_after=2025-12-11 04:30:00+00:00
[2025-12-11T04:30:40.101+0000] {processor.py:183} INFO - Processing /home/airflow/.local/lib/python3.9/site-packages/airflow/example_dags/example_branch_python_dop_operator_3.py took 0.231 seconds
[2025-12-11T04:31:10.206+0000] {processor.py:161} INFO - Started process (PID=1691) to work on /home/airflow/.local/lib/python3.9/site-packages/airflow/example_dags/example_branch_python_dop_operator_3.py
[2025-12-11T04:31:10.208+0000] {processor.py:830} INFO - Processing file /home/airflow/.local/lib/python3.9/site-packages/airflow/example_dags/example_branch_python_dop_operator_3.py for tasks to queue
[2025-12-11T04:31:10.218+0000] {logging_mixin.py:188} INFO - [2025-12-11T04:31:10.218+0000] {dagbag.py:545} INFO - Filling up the DagBag from /home/airflow/.local/lib/python3.9/site-packages/airflow/example_dags/example_branch_python_dop_operator_3.py
[2025-12-11T04:31:10.240+0000] {processor.py:840} INFO - DAG(s) 'example_branch_dop_operator_v3' retrieved from /home/airflow/.local/lib/python3.9/site-packages/airflow/example_dags/example_branch_python_dop_operator_3.py
[2025-12-11T04:31:10.302+0000] {logging_mixin.py:188} INFO - [2025-12-11T04:31:10.302+0000] {dag.py:3096} INFO - Sync 1 DAGs
[2025-12-11T04:31:10.383+0000] {logging_mixin.py:188} INFO - [2025-12-11T04:31:10.383+0000] {dag.py:3954} INFO - Setting next_dagrun for example_branch_dop_operator_v3 to 2025-12-11 04:30:00+00:00, run_after=2025-12-11 04:31:00+00:00
[2025-12-11T04:31:10.443+0000] {processor.py:183} INFO - Processing /home/airflow/.local/lib/python3.9/site-packages/airflow/example_dags/example_branch_python_dop_operator_3.py took 0.254 seconds
[2025-12-11T04:31:40.670+0000] {processor.py:161} INFO - Started process (PID=1757) to work on /home/airflow/.local/lib/python3.9/site-packages/airflow/example_dags/example_branch_python_dop_operator_3.py
[2025-12-11T04:31:40.673+0000] {processor.py:830} INFO - Processing file /home/airflow/.local/lib/python3.9/site-packages/airflow/example_dags/example_branch_python_dop_operator_3.py for tasks to queue
[2025-12-11T04:31:40.680+0000] {logging_mixin.py:188} INFO - [2025-12-11T04:31:40.679+0000] {dagbag.py:545} INFO - Filling up the DagBag from /home/airflow/.local/lib/python3.9/site-packages/airflow/example_dags/example_branch_python_dop_operator_3.py
[2025-12-11T04:31:40.717+0000] {processor.py:840} INFO - DAG(s) 'example_branch_dop_operator_v3' retrieved from /home/airflow/.local/lib/python3.9/site-packages/airflow/example_dags/example_branch_python_dop_operator_3.py
[2025-12-11T04:31:40.786+0000] {logging_mixin.py:188} INFO - [2025-12-11T04:31:40.786+0000] {dag.py:3096} INFO - Sync 1 DAGs
[2025-12-11T04:31:40.870+0000] {logging_mixin.py:188} INFO - [2025-12-11T04:31:40.869+0000] {dag.py:3954} INFO - Setting next_dagrun for example_branch_dop_operator_v3 to 2025-12-11 04:30:00+00:00, run_after=2025-12-11 04:31:00+00:00
[2025-12-11T04:31:40.919+0000] {processor.py:183} INFO - Processing /home/airflow/.local/lib/python3.9/site-packages/airflow/example_dags/example_branch_python_dop_operator_3.py took 0.262 seconds
[2025-12-11T04:32:11.107+0000] {processor.py:161} INFO - Started process (PID=1823) to work on /home/airflow/.local/lib/python3.9/site-packages/airflow/example_dags/example_branch_python_dop_operator_3.py
[2025-12-11T04:32:11.109+0000] {processor.py:830} INFO - Processing file /home/airflow/.local/lib/python3.9/site-packages/airflow/example_dags/example_branch_python_dop_operator_3.py for tasks to queue
[2025-12-11T04:32:11.119+0000] {logging_mixin.py:188} INFO - [2025-12-11T04:32:11.118+0000] {dagbag.py:545} INFO - Filling up the DagBag from /home/airflow/.local/lib/python3.9/site-packages/airflow/example_dags/example_branch_python_dop_operator_3.py
[2025-12-11T04:32:11.142+0000] {processor.py:840} INFO - DAG(s) 'example_branch_dop_operator_v3' retrieved from /home/airflow/.local/lib/python3.9/site-packages/airflow/example_dags/example_branch_python_dop_operator_3.py
[2025-12-11T04:32:11.212+0000] {logging_mixin.py:188} INFO - [2025-12-11T04:32:11.211+0000] {dag.py:3096} INFO - Sync 1 DAGs
[2025-12-11T04:32:11.307+0000] {logging_mixin.py:188} INFO - [2025-12-11T04:32:11.307+0000] {dag.py:3954} INFO - Setting next_dagrun for example_branch_dop_operator_v3 to 2025-12-11 04:31:00+00:00, run_after=2025-12-11 04:32:00+00:00
[2025-12-11T04:32:11.381+0000] {processor.py:183} INFO - Processing /home/airflow/.local/lib/python3.9/site-packages/airflow/example_dags/example_branch_python_dop_operator_3.py took 0.295 seconds
[2025-12-11T04:32:42.020+0000] {processor.py:161} INFO - Started process (PID=1889) to work on /home/airflow/.local/lib/python3.9/site-packages/airflow/example_dags/example_branch_python_dop_operator_3.py
[2025-12-11T04:32:42.022+0000] {processor.py:830} INFO - Processing file /home/airflow/.local/lib/python3.9/site-packages/airflow/example_dags/example_branch_python_dop_operator_3.py for tasks to queue
[2025-12-11T04:32:42.025+0000] {logging_mixin.py:188} INFO - [2025-12-11T04:32:42.024+0000] {dagbag.py:545} INFO - Filling up the DagBag from /home/airflow/.local/lib/python3.9/site-packages/airflow/example_dags/example_branch_python_dop_operator_3.py
[2025-12-11T04:32:42.045+0000] {processor.py:840} INFO - DAG(s) 'example_branch_dop_operator_v3' retrieved from /home/airflow/.local/lib/python3.9/site-packages/airflow/example_dags/example_branch_python_dop_operator_3.py
[2025-12-11T04:32:42.091+0000] {logging_mixin.py:188} INFO - [2025-12-11T04:32:42.090+0000] {dag.py:3096} INFO - Sync 1 DAGs
[2025-12-11T04:32:42.151+0000] {logging_mixin.py:188} INFO - [2025-12-11T04:32:42.151+0000] {dag.py:3954} INFO - Setting next_dagrun for example_branch_dop_operator_v3 to 2025-12-11 04:31:00+00:00, run_after=2025-12-11 04:32:00+00:00
[2025-12-11T04:32:42.384+0000] {processor.py:183} INFO - Processing /home/airflow/.local/lib/python3.9/site-packages/airflow/example_dags/example_branch_python_dop_operator_3.py took 0.378 seconds
[2025-12-11T04:33:12.490+0000] {processor.py:161} INFO - Started process (PID=1955) to work on /home/airflow/.local/lib/python3.9/site-packages/airflow/example_dags/example_branch_python_dop_operator_3.py
[2025-12-11T04:33:12.492+0000] {processor.py:830} INFO - Processing file /home/airflow/.local/lib/python3.9/site-packages/airflow/example_dags/example_branch_python_dop_operator_3.py for tasks to queue
[2025-12-11T04:33:12.495+0000] {logging_mixin.py:188} INFO - [2025-12-11T04:33:12.494+0000] {dagbag.py:545} INFO - Filling up the DagBag from /home/airflow/.local/lib/python3.9/site-packages/airflow/example_dags/example_branch_python_dop_operator_3.py
[2025-12-11T04:33:12.508+0000] {processor.py:840} INFO - DAG(s) 'example_branch_dop_operator_v3' retrieved from /home/airflow/.local/lib/python3.9/site-packages/airflow/example_dags/example_branch_python_dop_operator_3.py
[2025-12-11T04:33:12.544+0000] {logging_mixin.py:188} INFO - [2025-12-11T04:33:12.543+0000] {dag.py:3096} INFO - Sync 1 DAGs
[2025-12-11T04:33:12.585+0000] {logging_mixin.py:188} INFO - [2025-12-11T04:33:12.585+0000] {dag.py:3954} INFO - Setting next_dagrun for example_branch_dop_operator_v3 to 2025-12-11 04:32:00+00:00, run_after=2025-12-11 04:33:00+00:00
[2025-12-11T04:33:12.610+0000] {processor.py:183} INFO - Processing /home/airflow/.local/lib/python3.9/site-packages/airflow/example_dags/example_branch_python_dop_operator_3.py took 0.129 seconds
[2025-12-11T04:33:44.466+0000] {processor.py:161} INFO - Started process (PID=2022) to work on /home/airflow/.local/lib/python3.9/site-packages/airflow/example_dags/example_branch_python_dop_operator_3.py
[2025-12-11T04:33:44.501+0000] {processor.py:830} INFO - Processing file /home/airflow/.local/lib/python3.9/site-packages/airflow/example_dags/example_branch_python_dop_operator_3.py for tasks to queue
[2025-12-11T04:33:44.505+0000] {logging_mixin.py:188} INFO - [2025-12-11T04:33:44.504+0000] {dagbag.py:545} INFO - Filling up the DagBag from /home/airflow/.local/lib/python3.9/site-packages/airflow/example_dags/example_branch_python_dop_operator_3.py
[2025-12-11T04:33:44.558+0000] {processor.py:840} INFO - DAG(s) 'example_branch_dop_operator_v3' retrieved from /home/airflow/.local/lib/python3.9/site-packages/airflow/example_dags/example_branch_python_dop_operator_3.py
[2025-12-11T04:33:44.681+0000] {logging_mixin.py:188} INFO - [2025-12-11T04:33:44.681+0000] {dag.py:3096} INFO - Sync 1 DAGs
[2025-12-11T04:33:44.780+0000] {logging_mixin.py:188} INFO - [2025-12-11T04:33:44.780+0000] {dag.py:3954} INFO - Setting next_dagrun for example_branch_dop_operator_v3 to 2025-12-11 04:32:00+00:00, run_after=2025-12-11 04:33:00+00:00
[2025-12-11T04:33:44.883+0000] {processor.py:183} INFO - Processing /home/airflow/.local/lib/python3.9/site-packages/airflow/example_dags/example_branch_python_dop_operator_3.py took 0.437 seconds
[2025-12-11T04:34:15.424+0000] {processor.py:161} INFO - Started process (PID=2090) to work on /home/airflow/.local/lib/python3.9/site-packages/airflow/example_dags/example_branch_python_dop_operator_3.py
[2025-12-11T04:34:15.430+0000] {processor.py:830} INFO - Processing file /home/airflow/.local/lib/python3.9/site-packages/airflow/example_dags/example_branch_python_dop_operator_3.py for tasks to queue
[2025-12-11T04:34:15.439+0000] {logging_mixin.py:188} INFO - [2025-12-11T04:34:15.438+0000] {dagbag.py:545} INFO - Filling up the DagBag from /home/airflow/.local/lib/python3.9/site-packages/airflow/example_dags/example_branch_python_dop_operator_3.py
[2025-12-11T04:34:15.464+0000] {processor.py:840} INFO - DAG(s) 'example_branch_dop_operator_v3' retrieved from /home/airflow/.local/lib/python3.9/site-packages/airflow/example_dags/example_branch_python_dop_operator_3.py
[2025-12-11T04:34:15.520+0000] {logging_mixin.py:188} INFO - [2025-12-11T04:34:15.519+0000] {dag.py:3096} INFO - Sync 1 DAGs
[2025-12-11T04:34:15.580+0000] {logging_mixin.py:188} INFO - [2025-12-11T04:34:15.579+0000] {dag.py:3954} INFO - Setting next_dagrun for example_branch_dop_operator_v3 to 2025-12-11 04:33:00+00:00, run_after=2025-12-11 04:34:00+00:00
[2025-12-11T04:34:15.623+0000] {processor.py:183} INFO - Processing /home/airflow/.local/lib/python3.9/site-packages/airflow/example_dags/example_branch_python_dop_operator_3.py took 0.218 seconds
[2025-12-11T04:34:46.461+0000] {processor.py:161} INFO - Started process (PID=2157) to work on /home/airflow/.local/lib/python3.9/site-packages/airflow/example_dags/example_branch_python_dop_operator_3.py
[2025-12-11T04:34:46.463+0000] {processor.py:830} INFO - Processing file /home/airflow/.local/lib/python3.9/site-packages/airflow/example_dags/example_branch_python_dop_operator_3.py for tasks to queue
[2025-12-11T04:34:46.467+0000] {logging_mixin.py:188} INFO - [2025-12-11T04:34:46.466+0000] {dagbag.py:545} INFO - Filling up the DagBag from /home/airflow/.local/lib/python3.9/site-packages/airflow/example_dags/example_branch_python_dop_operator_3.py
[2025-12-11T04:34:46.486+0000] {processor.py:840} INFO - DAG(s) 'example_branch_dop_operator_v3' retrieved from /home/airflow/.local/lib/python3.9/site-packages/airflow/example_dags/example_branch_python_dop_operator_3.py
[2025-12-11T04:34:46.531+0000] {logging_mixin.py:188} INFO - [2025-12-11T04:34:46.530+0000] {dag.py:3096} INFO - Sync 1 DAGs
[2025-12-11T04:34:46.586+0000] {logging_mixin.py:188} INFO - [2025-12-11T04:34:46.586+0000] {dag.py:3954} INFO - Setting next_dagrun for example_branch_dop_operator_v3 to 2025-12-11 04:33:00+00:00, run_after=2025-12-11 04:34:00+00:00
[2025-12-11T04:34:46.622+0000] {processor.py:183} INFO - Processing /home/airflow/.local/lib/python3.9/site-packages/airflow/example_dags/example_branch_python_dop_operator_3.py took 0.176 seconds
[2025-12-11T04:35:17.453+0000] {processor.py:161} INFO - Started process (PID=2224) to work on /home/airflow/.local/lib/python3.9/site-packages/airflow/example_dags/example_branch_python_dop_operator_3.py
[2025-12-11T04:35:17.455+0000] {processor.py:830} INFO - Processing file /home/airflow/.local/lib/python3.9/site-packages/airflow/example_dags/example_branch_python_dop_operator_3.py for tasks to queue
[2025-12-11T04:35:17.458+0000] {logging_mixin.py:188} INFO - [2025-12-11T04:35:17.458+0000] {dagbag.py:545} INFO - Filling up the DagBag from /home/airflow/.local/lib/python3.9/site-packages/airflow/example_dags/example_branch_python_dop_operator_3.py
[2025-12-11T04:35:17.471+0000] {processor.py:840} INFO - DAG(s) 'example_branch_dop_operator_v3' retrieved from /home/airflow/.local/lib/python3.9/site-packages/airflow/example_dags/example_branch_python_dop_operator_3.py
[2025-12-11T04:35:17.508+0000] {logging_mixin.py:188} INFO - [2025-12-11T04:35:17.508+0000] {dag.py:3096} INFO - Sync 1 DAGs
[2025-12-11T04:35:17.554+0000] {logging_mixin.py:188} INFO - [2025-12-11T04:35:17.553+0000] {dag.py:3954} INFO - Setting next_dagrun for example_branch_dop_operator_v3 to 2025-12-11 04:34:00+00:00, run_after=2025-12-11 04:35:00+00:00
[2025-12-11T04:35:17.585+0000] {processor.py:183} INFO - Processing /home/airflow/.local/lib/python3.9/site-packages/airflow/example_dags/example_branch_python_dop_operator_3.py took 0.142 seconds
[2025-12-11T04:35:48.267+0000] {processor.py:161} INFO - Started process (PID=2299) to work on /home/airflow/.local/lib/python3.9/site-packages/airflow/example_dags/example_branch_python_dop_operator_3.py
[2025-12-11T04:35:48.310+0000] {processor.py:830} INFO - Processing file /home/airflow/.local/lib/python3.9/site-packages/airflow/example_dags/example_branch_python_dop_operator_3.py for tasks to queue
[2025-12-11T04:35:48.314+0000] {logging_mixin.py:188} INFO - [2025-12-11T04:35:48.314+0000] {dagbag.py:545} INFO - Filling up the DagBag from /home/airflow/.local/lib/python3.9/site-packages/airflow/example_dags/example_branch_python_dop_operator_3.py
[2025-12-11T04:35:48.343+0000] {processor.py:840} INFO - DAG(s) 'example_branch_dop_operator_v3' retrieved from /home/airflow/.local/lib/python3.9/site-packages/airflow/example_dags/example_branch_python_dop_operator_3.py
[2025-12-11T04:35:48.424+0000] {logging_mixin.py:188} INFO - [2025-12-11T04:35:48.424+0000] {dag.py:3096} INFO - Sync 1 DAGs
[2025-12-11T04:35:48.501+0000] {logging_mixin.py:188} INFO - [2025-12-11T04:35:48.500+0000] {dag.py:3954} INFO - Setting next_dagrun for example_branch_dop_operator_v3 to 2025-12-11 04:34:00+00:00, run_after=2025-12-11 04:35:00+00:00
[2025-12-11T04:35:48.665+0000] {processor.py:183} INFO - Processing /home/airflow/.local/lib/python3.9/site-packages/airflow/example_dags/example_branch_python_dop_operator_3.py took 0.418 seconds
[2025-12-11T04:36:18.793+0000] {processor.py:161} INFO - Started process (PID=2359) to work on /home/airflow/.local/lib/python3.9/site-packages/airflow/example_dags/example_branch_python_dop_operator_3.py
[2025-12-11T04:36:18.800+0000] {processor.py:830} INFO - Processing file /home/airflow/.local/lib/python3.9/site-packages/airflow/example_dags/example_branch_python_dop_operator_3.py for tasks to queue
[2025-12-11T04:36:18.803+0000] {logging_mixin.py:188} INFO - [2025-12-11T04:36:18.802+0000] {dagbag.py:545} INFO - Filling up the DagBag from /home/airflow/.local/lib/python3.9/site-packages/airflow/example_dags/example_branch_python_dop_operator_3.py
[2025-12-11T04:36:18.821+0000] {processor.py:840} INFO - DAG(s) 'example_branch_dop_operator_v3' retrieved from /home/airflow/.local/lib/python3.9/site-packages/airflow/example_dags/example_branch_python_dop_operator_3.py
[2025-12-11T04:36:18.902+0000] {logging_mixin.py:188} INFO - [2025-12-11T04:36:18.901+0000] {dag.py:3096} INFO - Sync 1 DAGs
[2025-12-11T04:36:18.977+0000] {logging_mixin.py:188} INFO - [2025-12-11T04:36:18.970+0000] {dag.py:3954} INFO - Setting next_dagrun for example_branch_dop_operator_v3 to 2025-12-11 04:35:00+00:00, run_after=2025-12-11 04:36:00+00:00
[2025-12-11T04:36:19.024+0000] {processor.py:183} INFO - Processing /home/airflow/.local/lib/python3.9/site-packages/airflow/example_dags/example_branch_python_dop_operator_3.py took 0.241 seconds
[2025-12-11T04:36:49.659+0000] {processor.py:161} INFO - Started process (PID=2426) to work on /home/airflow/.local/lib/python3.9/site-packages/airflow/example_dags/example_branch_python_dop_operator_3.py
[2025-12-11T04:36:49.664+0000] {processor.py:830} INFO - Processing file /home/airflow/.local/lib/python3.9/site-packages/airflow/example_dags/example_branch_python_dop_operator_3.py for tasks to queue
[2025-12-11T04:36:49.668+0000] {logging_mixin.py:188} INFO - [2025-12-11T04:36:49.667+0000] {dagbag.py:545} INFO - Filling up the DagBag from /home/airflow/.local/lib/python3.9/site-packages/airflow/example_dags/example_branch_python_dop_operator_3.py
[2025-12-11T04:36:49.686+0000] {processor.py:840} INFO - DAG(s) 'example_branch_dop_operator_v3' retrieved from /home/airflow/.local/lib/python3.9/site-packages/airflow/example_dags/example_branch_python_dop_operator_3.py
[2025-12-11T04:36:49.732+0000] {logging_mixin.py:188} INFO - [2025-12-11T04:36:49.732+0000] {dag.py:3096} INFO - Sync 1 DAGs
[2025-12-11T04:36:49.784+0000] {logging_mixin.py:188} INFO - [2025-12-11T04:36:49.783+0000] {dag.py:3954} INFO - Setting next_dagrun for example_branch_dop_operator_v3 to 2025-12-11 04:35:00+00:00, run_after=2025-12-11 04:36:00+00:00
[2025-12-11T04:36:49.814+0000] {processor.py:183} INFO - Processing /home/airflow/.local/lib/python3.9/site-packages/airflow/example_dags/example_branch_python_dop_operator_3.py took 0.168 seconds
[2025-12-11T04:37:20.347+0000] {processor.py:161} INFO - Started process (PID=2493) to work on /home/airflow/.local/lib/python3.9/site-packages/airflow/example_dags/example_branch_python_dop_operator_3.py
[2025-12-11T04:37:20.350+0000] {processor.py:830} INFO - Processing file /home/airflow/.local/lib/python3.9/site-packages/airflow/example_dags/example_branch_python_dop_operator_3.py for tasks to queue
[2025-12-11T04:37:20.354+0000] {logging_mixin.py:188} INFO - [2025-12-11T04:37:20.354+0000] {dagbag.py:545} INFO - Filling up the DagBag from /home/airflow/.local/lib/python3.9/site-packages/airflow/example_dags/example_branch_python_dop_operator_3.py
[2025-12-11T04:37:20.373+0000] {processor.py:840} INFO - DAG(s) 'example_branch_dop_operator_v3' retrieved from /home/airflow/.local/lib/python3.9/site-packages/airflow/example_dags/example_branch_python_dop_operator_3.py
[2025-12-11T04:37:20.425+0000] {logging_mixin.py:188} INFO - [2025-12-11T04:37:20.424+0000] {dag.py:3096} INFO - Sync 1 DAGs
[2025-12-11T04:37:20.483+0000] {logging_mixin.py:188} INFO - [2025-12-11T04:37:20.482+0000] {dag.py:3954} INFO - Setting next_dagrun for example_branch_dop_operator_v3 to 2025-12-11 04:36:00+00:00, run_after=2025-12-11 04:37:00+00:00
[2025-12-11T04:37:20.523+0000] {processor.py:183} INFO - Processing /home/airflow/.local/lib/python3.9/site-packages/airflow/example_dags/example_branch_python_dop_operator_3.py took 0.189 seconds
[2025-12-11T04:37:51.343+0000] {processor.py:161} INFO - Started process (PID=2560) to work on /home/airflow/.local/lib/python3.9/site-packages/airflow/example_dags/example_branch_python_dop_operator_3.py
[2025-12-11T04:37:51.344+0000] {processor.py:830} INFO - Processing file /home/airflow/.local/lib/python3.9/site-packages/airflow/example_dags/example_branch_python_dop_operator_3.py for tasks to queue
[2025-12-11T04:37:51.347+0000] {logging_mixin.py:188} INFO - [2025-12-11T04:37:51.347+0000] {dagbag.py:545} INFO - Filling up the DagBag from /home/airflow/.local/lib/python3.9/site-packages/airflow/example_dags/example_branch_python_dop_operator_3.py
[2025-12-11T04:37:51.363+0000] {processor.py:840} INFO - DAG(s) 'example_branch_dop_operator_v3' retrieved from /home/airflow/.local/lib/python3.9/site-packages/airflow/example_dags/example_branch_python_dop_operator_3.py
[2025-12-11T04:37:51.401+0000] {logging_mixin.py:188} INFO - [2025-12-11T04:37:51.401+0000] {dag.py:3096} INFO - Sync 1 DAGs
[2025-12-11T04:37:51.454+0000] {logging_mixin.py:188} INFO - [2025-12-11T04:37:51.454+0000] {dag.py:3954} INFO - Setting next_dagrun for example_branch_dop_operator_v3 to 2025-12-11 04:36:00+00:00, run_after=2025-12-11 04:37:00+00:00
[2025-12-11T04:37:51.488+0000] {processor.py:183} INFO - Processing /home/airflow/.local/lib/python3.9/site-packages/airflow/example_dags/example_branch_python_dop_operator_3.py took 0.157 seconds
[2025-12-11T04:38:22.395+0000] {processor.py:161} INFO - Started process (PID=2627) to work on /home/airflow/.local/lib/python3.9/site-packages/airflow/example_dags/example_branch_python_dop_operator_3.py
[2025-12-11T04:38:22.425+0000] {processor.py:830} INFO - Processing file /home/airflow/.local/lib/python3.9/site-packages/airflow/example_dags/example_branch_python_dop_operator_3.py for tasks to queue
[2025-12-11T04:38:22.430+0000] {logging_mixin.py:188} INFO - [2025-12-11T04:38:22.429+0000] {dagbag.py:545} INFO - Filling up the DagBag from /home/airflow/.local/lib/python3.9/site-packages/airflow/example_dags/example_branch_python_dop_operator_3.py
[2025-12-11T04:38:22.447+0000] {processor.py:840} INFO - DAG(s) 'example_branch_dop_operator_v3' retrieved from /home/airflow/.local/lib/python3.9/site-packages/airflow/example_dags/example_branch_python_dop_operator_3.py
[2025-12-11T04:38:22.517+0000] {logging_mixin.py:188} INFO - [2025-12-11T04:38:22.511+0000] {dag.py:3096} INFO - Sync 1 DAGs
[2025-12-11T04:38:22.568+0000] {logging_mixin.py:188} INFO - [2025-12-11T04:38:22.567+0000] {dag.py:3954} INFO - Setting next_dagrun for example_branch_dop_operator_v3 to 2025-12-11 04:37:00+00:00, run_after=2025-12-11 04:38:00+00:00
[2025-12-11T04:38:22.781+0000] {processor.py:183} INFO - Processing /home/airflow/.local/lib/python3.9/site-packages/airflow/example_dags/example_branch_python_dop_operator_3.py took 0.398 seconds
[2025-12-11T04:38:52.900+0000] {processor.py:161} INFO - Started process (PID=2693) to work on /home/airflow/.local/lib/python3.9/site-packages/airflow/example_dags/example_branch_python_dop_operator_3.py
[2025-12-11T04:38:52.902+0000] {processor.py:830} INFO - Processing file /home/airflow/.local/lib/python3.9/site-packages/airflow/example_dags/example_branch_python_dop_operator_3.py for tasks to queue
[2025-12-11T04:38:52.905+0000] {logging_mixin.py:188} INFO - [2025-12-11T04:38:52.904+0000] {dagbag.py:545} INFO - Filling up the DagBag from /home/airflow/.local/lib/python3.9/site-packages/airflow/example_dags/example_branch_python_dop_operator_3.py
[2025-12-11T04:38:52.918+0000] {processor.py:840} INFO - DAG(s) 'example_branch_dop_operator_v3' retrieved from /home/airflow/.local/lib/python3.9/site-packages/airflow/example_dags/example_branch_python_dop_operator_3.py
[2025-12-11T04:38:52.954+0000] {logging_mixin.py:188} INFO - [2025-12-11T04:38:52.953+0000] {dag.py:3096} INFO - Sync 1 DAGs
[2025-12-11T04:38:52.990+0000] {logging_mixin.py:188} INFO - [2025-12-11T04:38:52.990+0000] {dag.py:3954} INFO - Setting next_dagrun for example_branch_dop_operator_v3 to 2025-12-11 04:37:00+00:00, run_after=2025-12-11 04:38:00+00:00
[2025-12-11T04:38:53.020+0000] {processor.py:183} INFO - Processing /home/airflow/.local/lib/python3.9/site-packages/airflow/example_dags/example_branch_python_dop_operator_3.py took 0.130 seconds
[2025-12-11T04:39:24.842+0000] {processor.py:161} INFO - Started process (PID=2760) to work on /home/airflow/.local/lib/python3.9/site-packages/airflow/example_dags/example_branch_python_dop_operator_3.py
[2025-12-11T04:39:24.844+0000] {processor.py:830} INFO - Processing file /home/airflow/.local/lib/python3.9/site-packages/airflow/example_dags/example_branch_python_dop_operator_3.py for tasks to queue
[2025-12-11T04:39:24.859+0000] {logging_mixin.py:188} INFO - [2025-12-11T04:39:24.858+0000] {dagbag.py:545} INFO - Filling up the DagBag from /home/airflow/.local/lib/python3.9/site-packages/airflow/example_dags/example_branch_python_dop_operator_3.py
[2025-12-11T04:39:24.881+0000] {processor.py:840} INFO - DAG(s) 'example_branch_dop_operator_v3' retrieved from /home/airflow/.local/lib/python3.9/site-packages/airflow/example_dags/example_branch_python_dop_operator_3.py
[2025-12-11T04:39:24.965+0000] {logging_mixin.py:188} INFO - [2025-12-11T04:39:24.964+0000] {dag.py:3096} INFO - Sync 1 DAGs
[2025-12-11T04:39:25.062+0000] {logging_mixin.py:188} INFO - [2025-12-11T04:39:25.062+0000] {dag.py:3954} INFO - Setting next_dagrun for example_branch_dop_operator_v3 to 2025-12-11 04:38:00+00:00, run_after=2025-12-11 04:39:00+00:00
[2025-12-11T04:39:25.137+0000] {processor.py:183} INFO - Processing /home/airflow/.local/lib/python3.9/site-packages/airflow/example_dags/example_branch_python_dop_operator_3.py took 0.315 seconds
[2025-12-11T04:39:55.557+0000] {processor.py:161} INFO - Started process (PID=2826) to work on /home/airflow/.local/lib/python3.9/site-packages/airflow/example_dags/example_branch_python_dop_operator_3.py
[2025-12-11T04:39:55.560+0000] {processor.py:830} INFO - Processing file /home/airflow/.local/lib/python3.9/site-packages/airflow/example_dags/example_branch_python_dop_operator_3.py for tasks to queue
[2025-12-11T04:39:55.562+0000] {logging_mixin.py:188} INFO - [2025-12-11T04:39:55.562+0000] {dagbag.py:545} INFO - Filling up the DagBag from /home/airflow/.local/lib/python3.9/site-packages/airflow/example_dags/example_branch_python_dop_operator_3.py
[2025-12-11T04:39:55.582+0000] {processor.py:840} INFO - DAG(s) 'example_branch_dop_operator_v3' retrieved from /home/airflow/.local/lib/python3.9/site-packages/airflow/example_dags/example_branch_python_dop_operator_3.py
[2025-12-11T04:39:55.634+0000] {logging_mixin.py:188} INFO - [2025-12-11T04:39:55.633+0000] {dag.py:3096} INFO - Sync 1 DAGs
[2025-12-11T04:39:55.685+0000] {logging_mixin.py:188} INFO - [2025-12-11T04:39:55.684+0000] {dag.py:3954} INFO - Setting next_dagrun for example_branch_dop_operator_v3 to 2025-12-11 04:38:00+00:00, run_after=2025-12-11 04:39:00+00:00
[2025-12-11T04:39:55.725+0000] {processor.py:183} INFO - Processing /home/airflow/.local/lib/python3.9/site-packages/airflow/example_dags/example_branch_python_dop_operator_3.py took 0.182 seconds
[2025-12-11T04:40:26.637+0000] {processor.py:161} INFO - Started process (PID=2893) to work on /home/airflow/.local/lib/python3.9/site-packages/airflow/example_dags/example_branch_python_dop_operator_3.py
[2025-12-11T04:40:26.639+0000] {processor.py:830} INFO - Processing file /home/airflow/.local/lib/python3.9/site-packages/airflow/example_dags/example_branch_python_dop_operator_3.py for tasks to queue
[2025-12-11T04:40:26.642+0000] {logging_mixin.py:188} INFO - [2025-12-11T04:40:26.641+0000] {dagbag.py:545} INFO - Filling up the DagBag from /home/airflow/.local/lib/python3.9/site-packages/airflow/example_dags/example_branch_python_dop_operator_3.py
[2025-12-11T04:40:26.654+0000] {processor.py:840} INFO - DAG(s) 'example_branch_dop_operator_v3' retrieved from /home/airflow/.local/lib/python3.9/site-packages/airflow/example_dags/example_branch_python_dop_operator_3.py
[2025-12-11T04:40:26.693+0000] {logging_mixin.py:188} INFO - [2025-12-11T04:40:26.693+0000] {dag.py:3096} INFO - Sync 1 DAGs
[2025-12-11T04:40:26.735+0000] {logging_mixin.py:188} INFO - [2025-12-11T04:40:26.735+0000] {dag.py:3954} INFO - Setting next_dagrun for example_branch_dop_operator_v3 to 2025-12-11 04:39:00+00:00, run_after=2025-12-11 04:40:00+00:00
[2025-12-11T04:40:26.764+0000] {processor.py:183} INFO - Processing /home/airflow/.local/lib/python3.9/site-packages/airflow/example_dags/example_branch_python_dop_operator_3.py took 0.138 seconds
[2025-12-11T04:40:57.402+0000] {processor.py:161} INFO - Started process (PID=2960) to work on /home/airflow/.local/lib/python3.9/site-packages/airflow/example_dags/example_branch_python_dop_operator_3.py
[2025-12-11T04:40:57.447+0000] {processor.py:830} INFO - Processing file /home/airflow/.local/lib/python3.9/site-packages/airflow/example_dags/example_branch_python_dop_operator_3.py for tasks to queue
[2025-12-11T04:40:57.450+0000] {logging_mixin.py:188} INFO - [2025-12-11T04:40:57.450+0000] {dagbag.py:545} INFO - Filling up the DagBag from /home/airflow/.local/lib/python3.9/site-packages/airflow/example_dags/example_branch_python_dop_operator_3.py
[2025-12-11T04:40:57.469+0000] {processor.py:840} INFO - DAG(s) 'example_branch_dop_operator_v3' retrieved from /home/airflow/.local/lib/python3.9/site-packages/airflow/example_dags/example_branch_python_dop_operator_3.py
[2025-12-11T04:40:57.510+0000] {logging_mixin.py:188} INFO - [2025-12-11T04:40:57.509+0000] {dag.py:3096} INFO - Sync 1 DAGs
[2025-12-11T04:40:57.559+0000] {logging_mixin.py:188} INFO - [2025-12-11T04:40:57.559+0000] {dag.py:3954} INFO - Setting next_dagrun for example_branch_dop_operator_v3 to 2025-12-11 04:39:00+00:00, run_after=2025-12-11 04:40:00+00:00
[2025-12-11T04:40:57.635+0000] {processor.py:183} INFO - Processing /home/airflow/.local/lib/python3.9/site-packages/airflow/example_dags/example_branch_python_dop_operator_3.py took 0.247 seconds
[2025-12-11T04:41:28.624+0000] {processor.py:161} INFO - Started process (PID=3027) to work on /home/airflow/.local/lib/python3.9/site-packages/airflow/example_dags/example_branch_python_dop_operator_3.py
[2025-12-11T04:41:28.662+0000] {processor.py:830} INFO - Processing file /home/airflow/.local/lib/python3.9/site-packages/airflow/example_dags/example_branch_python_dop_operator_3.py for tasks to queue
[2025-12-11T04:41:28.665+0000] {logging_mixin.py:188} INFO - [2025-12-11T04:41:28.665+0000] {dagbag.py:545} INFO - Filling up the DagBag from /home/airflow/.local/lib/python3.9/site-packages/airflow/example_dags/example_branch_python_dop_operator_3.py
[2025-12-11T04:41:28.680+0000] {processor.py:840} INFO - DAG(s) 'example_branch_dop_operator_v3' retrieved from /home/airflow/.local/lib/python3.9/site-packages/airflow/example_dags/example_branch_python_dop_operator_3.py
[2025-12-11T04:41:28.723+0000] {logging_mixin.py:188} INFO - [2025-12-11T04:41:28.723+0000] {dag.py:3096} INFO - Sync 1 DAGs
[2025-12-11T04:41:28.770+0000] {logging_mixin.py:188} INFO - [2025-12-11T04:41:28.769+0000] {dag.py:3954} INFO - Setting next_dagrun for example_branch_dop_operator_v3 to 2025-12-11 04:40:00+00:00, run_after=2025-12-11 04:41:00+00:00
[2025-12-11T04:41:28.813+0000] {processor.py:183} INFO - Processing /home/airflow/.local/lib/python3.9/site-packages/airflow/example_dags/example_branch_python_dop_operator_3.py took 0.202 seconds
[2025-12-11T04:41:59.686+0000] {processor.py:161} INFO - Started process (PID=3095) to work on /home/airflow/.local/lib/python3.9/site-packages/airflow/example_dags/example_branch_python_dop_operator_3.py
[2025-12-11T04:41:59.732+0000] {processor.py:830} INFO - Processing file /home/airflow/.local/lib/python3.9/site-packages/airflow/example_dags/example_branch_python_dop_operator_3.py for tasks to queue
[2025-12-11T04:41:59.736+0000] {logging_mixin.py:188} INFO - [2025-12-11T04:41:59.736+0000] {dagbag.py:545} INFO - Filling up the DagBag from /home/airflow/.local/lib/python3.9/site-packages/airflow/example_dags/example_branch_python_dop_operator_3.py
[2025-12-11T04:41:59.753+0000] {processor.py:840} INFO - DAG(s) 'example_branch_dop_operator_v3' retrieved from /home/airflow/.local/lib/python3.9/site-packages/airflow/example_dags/example_branch_python_dop_operator_3.py
[2025-12-11T04:41:59.792+0000] {logging_mixin.py:188} INFO - [2025-12-11T04:41:59.792+0000] {dag.py:3096} INFO - Sync 1 DAGs
[2025-12-11T04:42:00.137+0000] {logging_mixin.py:188} INFO - [2025-12-11T04:42:00.137+0000] {dag.py:3954} INFO - Setting next_dagrun for example_branch_dop_operator_v3 to 2025-12-11 04:41:00+00:00, run_after=2025-12-11 04:42:00+00:00
[2025-12-11T04:42:00.161+0000] {processor.py:183} INFO - Processing /home/airflow/.local/lib/python3.9/site-packages/airflow/example_dags/example_branch_python_dop_operator_3.py took 0.485 seconds
[2025-12-11T04:42:30.961+0000] {processor.py:161} INFO - Started process (PID=3162) to work on /home/airflow/.local/lib/python3.9/site-packages/airflow/example_dags/example_branch_python_dop_operator_3.py
[2025-12-11T04:42:30.963+0000] {processor.py:830} INFO - Processing file /home/airflow/.local/lib/python3.9/site-packages/airflow/example_dags/example_branch_python_dop_operator_3.py for tasks to queue
[2025-12-11T04:42:30.979+0000] {logging_mixin.py:188} INFO - [2025-12-11T04:42:30.978+0000] {dagbag.py:545} INFO - Filling up the DagBag from /home/airflow/.local/lib/python3.9/site-packages/airflow/example_dags/example_branch_python_dop_operator_3.py
[2025-12-11T04:42:31.021+0000] {processor.py:840} INFO - DAG(s) 'example_branch_dop_operator_v3' retrieved from /home/airflow/.local/lib/python3.9/site-packages/airflow/example_dags/example_branch_python_dop_operator_3.py
[2025-12-11T04:42:31.121+0000] {logging_mixin.py:188} INFO - [2025-12-11T04:42:31.120+0000] {dag.py:3096} INFO - Sync 1 DAGs
[2025-12-11T04:42:31.300+0000] {logging_mixin.py:188} INFO - [2025-12-11T04:42:31.285+0000] {dag.py:3954} INFO - Setting next_dagrun for example_branch_dop_operator_v3 to 2025-12-11 04:41:00+00:00, run_after=2025-12-11 04:42:00+00:00
[2025-12-11T04:42:31.422+0000] {processor.py:183} INFO - Processing /home/airflow/.local/lib/python3.9/site-packages/airflow/example_dags/example_branch_python_dop_operator_3.py took 0.500 seconds
[2025-12-11T04:43:02.223+0000] {processor.py:161} INFO - Started process (PID=3229) to work on /home/airflow/.local/lib/python3.9/site-packages/airflow/example_dags/example_branch_python_dop_operator_3.py
[2025-12-11T04:43:02.225+0000] {processor.py:830} INFO - Processing file /home/airflow/.local/lib/python3.9/site-packages/airflow/example_dags/example_branch_python_dop_operator_3.py for tasks to queue
[2025-12-11T04:43:02.227+0000] {logging_mixin.py:188} INFO - [2025-12-11T04:43:02.227+0000] {dagbag.py:545} INFO - Filling up the DagBag from /home/airflow/.local/lib/python3.9/site-packages/airflow/example_dags/example_branch_python_dop_operator_3.py
[2025-12-11T04:43:02.241+0000] {processor.py:840} INFO - DAG(s) 'example_branch_dop_operator_v3' retrieved from /home/airflow/.local/lib/python3.9/site-packages/airflow/example_dags/example_branch_python_dop_operator_3.py
[2025-12-11T04:43:02.278+0000] {logging_mixin.py:188} INFO - [2025-12-11T04:43:02.277+0000] {dag.py:3096} INFO - Sync 1 DAGs
[2025-12-11T04:43:02.347+0000] {logging_mixin.py:188} INFO - [2025-12-11T04:43:02.347+0000] {dag.py:3954} INFO - Setting next_dagrun for example_branch_dop_operator_v3 to 2025-12-11 04:42:00+00:00, run_after=2025-12-11 04:43:00+00:00
[2025-12-11T04:43:02.404+0000] {processor.py:183} INFO - Processing /home/airflow/.local/lib/python3.9/site-packages/airflow/example_dags/example_branch_python_dop_operator_3.py took 0.191 seconds
[2025-12-11T04:43:32.687+0000] {processor.py:161} INFO - Started process (PID=3296) to work on /home/airflow/.local/lib/python3.9/site-packages/airflow/example_dags/example_branch_python_dop_operator_3.py
[2025-12-11T04:43:32.688+0000] {processor.py:830} INFO - Processing file /home/airflow/.local/lib/python3.9/site-packages/airflow/example_dags/example_branch_python_dop_operator_3.py for tasks to queue
[2025-12-11T04:43:32.699+0000] {logging_mixin.py:188} INFO - [2025-12-11T04:43:32.698+0000] {dagbag.py:545} INFO - Filling up the DagBag from /home/airflow/.local/lib/python3.9/site-packages/airflow/example_dags/example_branch_python_dop_operator_3.py
[2025-12-11T04:43:32.718+0000] {processor.py:840} INFO - DAG(s) 'example_branch_dop_operator_v3' retrieved from /home/airflow/.local/lib/python3.9/site-packages/airflow/example_dags/example_branch_python_dop_operator_3.py
[2025-12-11T04:43:32.801+0000] {logging_mixin.py:188} INFO - [2025-12-11T04:43:32.801+0000] {dag.py:3096} INFO - Sync 1 DAGs
[2025-12-11T04:43:32.879+0000] {logging_mixin.py:188} INFO - [2025-12-11T04:43:32.878+0000] {dag.py:3954} INFO - Setting next_dagrun for example_branch_dop_operator_v3 to 2025-12-11 04:42:00+00:00, run_after=2025-12-11 04:43:00+00:00
[2025-12-11T04:43:32.941+0000] {processor.py:183} INFO - Processing /home/airflow/.local/lib/python3.9/site-packages/airflow/example_dags/example_branch_python_dop_operator_3.py took 0.264 seconds
[2025-12-11T04:44:03.377+0000] {processor.py:161} INFO - Started process (PID=3363) to work on /home/airflow/.local/lib/python3.9/site-packages/airflow/example_dags/example_branch_python_dop_operator_3.py
[2025-12-11T04:44:03.384+0000] {processor.py:830} INFO - Processing file /home/airflow/.local/lib/python3.9/site-packages/airflow/example_dags/example_branch_python_dop_operator_3.py for tasks to queue
[2025-12-11T04:44:03.387+0000] {logging_mixin.py:188} INFO - [2025-12-11T04:44:03.387+0000] {dagbag.py:545} INFO - Filling up the DagBag from /home/airflow/.local/lib/python3.9/site-packages/airflow/example_dags/example_branch_python_dop_operator_3.py
[2025-12-11T04:44:03.407+0000] {processor.py:840} INFO - DAG(s) 'example_branch_dop_operator_v3' retrieved from /home/airflow/.local/lib/python3.9/site-packages/airflow/example_dags/example_branch_python_dop_operator_3.py
[2025-12-11T04:44:03.464+0000] {logging_mixin.py:188} INFO - [2025-12-11T04:44:03.464+0000] {dag.py:3096} INFO - Sync 1 DAGs
[2025-12-11T04:44:03.528+0000] {logging_mixin.py:188} INFO - [2025-12-11T04:44:03.527+0000] {dag.py:3954} INFO - Setting next_dagrun for example_branch_dop_operator_v3 to 2025-12-11 04:43:00+00:00, run_after=2025-12-11 04:44:00+00:00
[2025-12-11T04:44:03.569+0000] {processor.py:183} INFO - Processing /home/airflow/.local/lib/python3.9/site-packages/airflow/example_dags/example_branch_python_dop_operator_3.py took 0.206 seconds
[2025-12-11T04:44:33.895+0000] {processor.py:161} INFO - Started process (PID=3430) to work on /home/airflow/.local/lib/python3.9/site-packages/airflow/example_dags/example_branch_python_dop_operator_3.py
[2025-12-11T04:44:33.941+0000] {processor.py:830} INFO - Processing file /home/airflow/.local/lib/python3.9/site-packages/airflow/example_dags/example_branch_python_dop_operator_3.py for tasks to queue
[2025-12-11T04:44:33.944+0000] {logging_mixin.py:188} INFO - [2025-12-11T04:44:33.943+0000] {dagbag.py:545} INFO - Filling up the DagBag from /home/airflow/.local/lib/python3.9/site-packages/airflow/example_dags/example_branch_python_dop_operator_3.py
[2025-12-11T04:44:33.962+0000] {processor.py:840} INFO - DAG(s) 'example_branch_dop_operator_v3' retrieved from /home/airflow/.local/lib/python3.9/site-packages/airflow/example_dags/example_branch_python_dop_operator_3.py
[2025-12-11T04:44:34.039+0000] {logging_mixin.py:188} INFO - [2025-12-11T04:44:34.039+0000] {dag.py:3096} INFO - Sync 1 DAGs
[2025-12-11T04:44:34.127+0000] {logging_mixin.py:188} INFO - [2025-12-11T04:44:34.126+0000] {dag.py:3954} INFO - Setting next_dagrun for example_branch_dop_operator_v3 to 2025-12-11 04:43:00+00:00, run_after=2025-12-11 04:44:00+00:00
[2025-12-11T04:44:34.178+0000] {processor.py:183} INFO - Processing /home/airflow/.local/lib/python3.9/site-packages/airflow/example_dags/example_branch_python_dop_operator_3.py took 0.294 seconds
[2025-12-11T04:45:04.392+0000] {processor.py:161} INFO - Started process (PID=3499) to work on /home/airflow/.local/lib/python3.9/site-packages/airflow/example_dags/example_branch_python_dop_operator_3.py
[2025-12-11T04:45:04.393+0000] {processor.py:830} INFO - Processing file /home/airflow/.local/lib/python3.9/site-packages/airflow/example_dags/example_branch_python_dop_operator_3.py for tasks to queue
[2025-12-11T04:45:04.396+0000] {logging_mixin.py:188} INFO - [2025-12-11T04:45:04.396+0000] {dagbag.py:545} INFO - Filling up the DagBag from /home/airflow/.local/lib/python3.9/site-packages/airflow/example_dags/example_branch_python_dop_operator_3.py
[2025-12-11T04:45:04.411+0000] {processor.py:840} INFO - DAG(s) 'example_branch_dop_operator_v3' retrieved from /home/airflow/.local/lib/python3.9/site-packages/airflow/example_dags/example_branch_python_dop_operator_3.py
[2025-12-11T04:45:04.450+0000] {logging_mixin.py:188} INFO - [2025-12-11T04:45:04.450+0000] {dag.py:3096} INFO - Sync 1 DAGs
[2025-12-11T04:45:04.499+0000] {logging_mixin.py:188} INFO - [2025-12-11T04:45:04.498+0000] {dag.py:3954} INFO - Setting next_dagrun for example_branch_dop_operator_v3 to 2025-12-11 04:44:00+00:00, run_after=2025-12-11 04:45:00+00:00
[2025-12-11T04:45:04.529+0000] {processor.py:183} INFO - Processing /home/airflow/.local/lib/python3.9/site-packages/airflow/example_dags/example_branch_python_dop_operator_3.py took 0.148 seconds
[2025-12-11T04:45:34.762+0000] {processor.py:161} INFO - Started process (PID=3574) to work on /home/airflow/.local/lib/python3.9/site-packages/airflow/example_dags/example_branch_python_dop_operator_3.py
[2025-12-11T04:45:34.764+0000] {processor.py:830} INFO - Processing file /home/airflow/.local/lib/python3.9/site-packages/airflow/example_dags/example_branch_python_dop_operator_3.py for tasks to queue
[2025-12-11T04:45:34.767+0000] {logging_mixin.py:188} INFO - [2025-12-11T04:45:34.766+0000] {dagbag.py:545} INFO - Filling up the DagBag from /home/airflow/.local/lib/python3.9/site-packages/airflow/example_dags/example_branch_python_dop_operator_3.py
[2025-12-11T04:45:34.783+0000] {processor.py:840} INFO - DAG(s) 'example_branch_dop_operator_v3' retrieved from /home/airflow/.local/lib/python3.9/site-packages/airflow/example_dags/example_branch_python_dop_operator_3.py
[2025-12-11T04:45:34.821+0000] {logging_mixin.py:188} INFO - [2025-12-11T04:45:34.820+0000] {dag.py:3096} INFO - Sync 1 DAGs
[2025-12-11T04:45:34.866+0000] {logging_mixin.py:188} INFO - [2025-12-11T04:45:34.865+0000] {dag.py:3954} INFO - Setting next_dagrun for example_branch_dop_operator_v3 to 2025-12-11 04:44:00+00:00, run_after=2025-12-11 04:45:00+00:00
[2025-12-11T04:45:34.895+0000] {processor.py:183} INFO - Processing /home/airflow/.local/lib/python3.9/site-packages/airflow/example_dags/example_branch_python_dop_operator_3.py took 0.146 seconds
[2025-12-11T04:46:05.180+0000] {processor.py:161} INFO - Started process (PID=3640) to work on /home/airflow/.local/lib/python3.9/site-packages/airflow/example_dags/example_branch_python_dop_operator_3.py
[2025-12-11T04:46:05.181+0000] {processor.py:830} INFO - Processing file /home/airflow/.local/lib/python3.9/site-packages/airflow/example_dags/example_branch_python_dop_operator_3.py for tasks to queue
[2025-12-11T04:46:05.184+0000] {logging_mixin.py:188} INFO - [2025-12-11T04:46:05.184+0000] {dagbag.py:545} INFO - Filling up the DagBag from /home/airflow/.local/lib/python3.9/site-packages/airflow/example_dags/example_branch_python_dop_operator_3.py
[2025-12-11T04:46:05.210+0000] {processor.py:840} INFO - DAG(s) 'example_branch_dop_operator_v3' retrieved from /home/airflow/.local/lib/python3.9/site-packages/airflow/example_dags/example_branch_python_dop_operator_3.py
[2025-12-11T04:46:05.264+0000] {logging_mixin.py:188} INFO - [2025-12-11T04:46:05.263+0000] {dag.py:3096} INFO - Sync 1 DAGs
[2025-12-11T04:46:05.322+0000] {logging_mixin.py:188} INFO - [2025-12-11T04:46:05.322+0000] {dag.py:3954} INFO - Setting next_dagrun for example_branch_dop_operator_v3 to 2025-12-11 04:45:00+00:00, run_after=2025-12-11 04:46:00+00:00
[2025-12-11T04:46:05.372+0000] {processor.py:183} INFO - Processing /home/airflow/.local/lib/python3.9/site-packages/airflow/example_dags/example_branch_python_dop_operator_3.py took 0.211 seconds
[2025-12-11T04:46:36.182+0000] {processor.py:161} INFO - Started process (PID=3707) to work on /home/airflow/.local/lib/python3.9/site-packages/airflow/example_dags/example_branch_python_dop_operator_3.py
[2025-12-11T04:46:36.184+0000] {processor.py:830} INFO - Processing file /home/airflow/.local/lib/python3.9/site-packages/airflow/example_dags/example_branch_python_dop_operator_3.py for tasks to queue
[2025-12-11T04:46:36.186+0000] {logging_mixin.py:188} INFO - [2025-12-11T04:46:36.186+0000] {dagbag.py:545} INFO - Filling up the DagBag from /home/airflow/.local/lib/python3.9/site-packages/airflow/example_dags/example_branch_python_dop_operator_3.py
[2025-12-11T04:46:36.218+0000] {processor.py:840} INFO - DAG(s) 'example_branch_dop_operator_v3' retrieved from /home/airflow/.local/lib/python3.9/site-packages/airflow/example_dags/example_branch_python_dop_operator_3.py
[2025-12-11T04:46:36.297+0000] {logging_mixin.py:188} INFO - [2025-12-11T04:46:36.286+0000] {dag.py:3096} INFO - Sync 1 DAGs
[2025-12-11T04:46:36.377+0000] {logging_mixin.py:188} INFO - [2025-12-11T04:46:36.367+0000] {dag.py:3954} INFO - Setting next_dagrun for example_branch_dop_operator_v3 to 2025-12-11 04:45:00+00:00, run_after=2025-12-11 04:46:00+00:00
[2025-12-11T04:46:36.439+0000] {processor.py:183} INFO - Processing /home/airflow/.local/lib/python3.9/site-packages/airflow/example_dags/example_branch_python_dop_operator_3.py took 0.276 seconds
[2025-12-11T04:47:06.709+0000] {processor.py:161} INFO - Started process (PID=3774) to work on /home/airflow/.local/lib/python3.9/site-packages/airflow/example_dags/example_branch_python_dop_operator_3.py
[2025-12-11T04:47:06.710+0000] {processor.py:830} INFO - Processing file /home/airflow/.local/lib/python3.9/site-packages/airflow/example_dags/example_branch_python_dop_operator_3.py for tasks to queue
[2025-12-11T04:47:06.713+0000] {logging_mixin.py:188} INFO - [2025-12-11T04:47:06.712+0000] {dagbag.py:545} INFO - Filling up the DagBag from /home/airflow/.local/lib/python3.9/site-packages/airflow/example_dags/example_branch_python_dop_operator_3.py
[2025-12-11T04:47:06.727+0000] {processor.py:840} INFO - DAG(s) 'example_branch_dop_operator_v3' retrieved from /home/airflow/.local/lib/python3.9/site-packages/airflow/example_dags/example_branch_python_dop_operator_3.py
[2025-12-11T04:47:06.770+0000] {logging_mixin.py:188} INFO - [2025-12-11T04:47:06.770+0000] {dag.py:3096} INFO - Sync 1 DAGs
[2025-12-11T04:47:06.816+0000] {logging_mixin.py:188} INFO - [2025-12-11T04:47:06.815+0000] {dag.py:3954} INFO - Setting next_dagrun for example_branch_dop_operator_v3 to 2025-12-11 04:46:00+00:00, run_after=2025-12-11 04:47:00+00:00
[2025-12-11T04:47:06.848+0000] {processor.py:183} INFO - Processing /home/airflow/.local/lib/python3.9/site-packages/airflow/example_dags/example_branch_python_dop_operator_3.py took 0.149 seconds
[2025-12-11T04:47:37.404+0000] {processor.py:161} INFO - Started process (PID=3841) to work on /home/airflow/.local/lib/python3.9/site-packages/airflow/example_dags/example_branch_python_dop_operator_3.py
[2025-12-11T04:47:37.433+0000] {processor.py:830} INFO - Processing file /home/airflow/.local/lib/python3.9/site-packages/airflow/example_dags/example_branch_python_dop_operator_3.py for tasks to queue
[2025-12-11T04:47:37.436+0000] {logging_mixin.py:188} INFO - [2025-12-11T04:47:37.435+0000] {dagbag.py:545} INFO - Filling up the DagBag from /home/airflow/.local/lib/python3.9/site-packages/airflow/example_dags/example_branch_python_dop_operator_3.py
[2025-12-11T04:47:37.451+0000] {processor.py:840} INFO - DAG(s) 'example_branch_dop_operator_v3' retrieved from /home/airflow/.local/lib/python3.9/site-packages/airflow/example_dags/example_branch_python_dop_operator_3.py
[2025-12-11T04:47:37.497+0000] {logging_mixin.py:188} INFO - [2025-12-11T04:47:37.496+0000] {dag.py:3096} INFO - Sync 1 DAGs
[2025-12-11T04:47:37.537+0000] {logging_mixin.py:188} INFO - [2025-12-11T04:47:37.537+0000] {dag.py:3954} INFO - Setting next_dagrun for example_branch_dop_operator_v3 to 2025-12-11 04:46:00+00:00, run_after=2025-12-11 04:47:00+00:00
[2025-12-11T04:47:37.565+0000] {processor.py:183} INFO - Processing /home/airflow/.local/lib/python3.9/site-packages/airflow/example_dags/example_branch_python_dop_operator_3.py took 0.181 seconds
[2025-12-11T04:48:08.167+0000] {processor.py:161} INFO - Started process (PID=3908) to work on /home/airflow/.local/lib/python3.9/site-packages/airflow/example_dags/example_branch_python_dop_operator_3.py
[2025-12-11T04:48:08.177+0000] {processor.py:830} INFO - Processing file /home/airflow/.local/lib/python3.9/site-packages/airflow/example_dags/example_branch_python_dop_operator_3.py for tasks to queue
[2025-12-11T04:48:08.180+0000] {logging_mixin.py:188} INFO - [2025-12-11T04:48:08.179+0000] {dagbag.py:545} INFO - Filling up the DagBag from /home/airflow/.local/lib/python3.9/site-packages/airflow/example_dags/example_branch_python_dop_operator_3.py
[2025-12-11T04:48:08.203+0000] {processor.py:840} INFO - DAG(s) 'example_branch_dop_operator_v3' retrieved from /home/airflow/.local/lib/python3.9/site-packages/airflow/example_dags/example_branch_python_dop_operator_3.py
[2025-12-11T04:48:08.284+0000] {logging_mixin.py:188} INFO - [2025-12-11T04:48:08.284+0000] {dag.py:3096} INFO - Sync 1 DAGs
[2025-12-11T04:48:08.367+0000] {logging_mixin.py:188} INFO - [2025-12-11T04:48:08.366+0000] {dag.py:3954} INFO - Setting next_dagrun for example_branch_dop_operator_v3 to 2025-12-11 04:47:00+00:00, run_after=2025-12-11 04:48:00+00:00
[2025-12-11T04:48:08.407+0000] {processor.py:183} INFO - Processing /home/airflow/.local/lib/python3.9/site-packages/airflow/example_dags/example_branch_python_dop_operator_3.py took 0.249 seconds
[2025-12-11T04:48:38.973+0000] {processor.py:161} INFO - Started process (PID=3975) to work on /home/airflow/.local/lib/python3.9/site-packages/airflow/example_dags/example_branch_python_dop_operator_3.py
[2025-12-11T04:48:38.987+0000] {processor.py:830} INFO - Processing file /home/airflow/.local/lib/python3.9/site-packages/airflow/example_dags/example_branch_python_dop_operator_3.py for tasks to queue
[2025-12-11T04:48:38.991+0000] {logging_mixin.py:188} INFO - [2025-12-11T04:48:38.990+0000] {dagbag.py:545} INFO - Filling up the DagBag from /home/airflow/.local/lib/python3.9/site-packages/airflow/example_dags/example_branch_python_dop_operator_3.py
[2025-12-11T04:48:39.008+0000] {processor.py:840} INFO - DAG(s) 'example_branch_dop_operator_v3' retrieved from /home/airflow/.local/lib/python3.9/site-packages/airflow/example_dags/example_branch_python_dop_operator_3.py
[2025-12-11T04:48:39.069+0000] {logging_mixin.py:188} INFO - [2025-12-11T04:48:39.068+0000] {dag.py:3096} INFO - Sync 1 DAGs
[2025-12-11T04:48:39.111+0000] {logging_mixin.py:188} INFO - [2025-12-11T04:48:39.111+0000] {dag.py:3954} INFO - Setting next_dagrun for example_branch_dop_operator_v3 to 2025-12-11 04:47:00+00:00, run_after=2025-12-11 04:48:00+00:00
[2025-12-11T04:48:39.434+0000] {processor.py:183} INFO - Processing /home/airflow/.local/lib/python3.9/site-packages/airflow/example_dags/example_branch_python_dop_operator_3.py took 0.472 seconds
[2025-12-11T04:49:09.748+0000] {processor.py:161} INFO - Started process (PID=4042) to work on /home/airflow/.local/lib/python3.9/site-packages/airflow/example_dags/example_branch_python_dop_operator_3.py
[2025-12-11T04:49:09.755+0000] {processor.py:830} INFO - Processing file /home/airflow/.local/lib/python3.9/site-packages/airflow/example_dags/example_branch_python_dop_operator_3.py for tasks to queue
[2025-12-11T04:49:09.758+0000] {logging_mixin.py:188} INFO - [2025-12-11T04:49:09.757+0000] {dagbag.py:545} INFO - Filling up the DagBag from /home/airflow/.local/lib/python3.9/site-packages/airflow/example_dags/example_branch_python_dop_operator_3.py
[2025-12-11T04:49:09.773+0000] {processor.py:840} INFO - DAG(s) 'example_branch_dop_operator_v3' retrieved from /home/airflow/.local/lib/python3.9/site-packages/airflow/example_dags/example_branch_python_dop_operator_3.py
[2025-12-11T04:49:09.814+0000] {logging_mixin.py:188} INFO - [2025-12-11T04:49:09.813+0000] {dag.py:3096} INFO - Sync 1 DAGs
[2025-12-11T04:49:09.871+0000] {logging_mixin.py:188} INFO - [2025-12-11T04:49:09.870+0000] {dag.py:3954} INFO - Setting next_dagrun for example_branch_dop_operator_v3 to 2025-12-11 04:48:00+00:00, run_after=2025-12-11 04:49:00+00:00
[2025-12-11T04:49:09.965+0000] {processor.py:183} INFO - Processing /home/airflow/.local/lib/python3.9/site-packages/airflow/example_dags/example_branch_python_dop_operator_3.py took 0.227 seconds
[2025-12-11T04:49:40.440+0000] {processor.py:161} INFO - Started process (PID=4109) to work on /home/airflow/.local/lib/python3.9/site-packages/airflow/example_dags/example_branch_python_dop_operator_3.py
[2025-12-11T04:49:40.445+0000] {processor.py:830} INFO - Processing file /home/airflow/.local/lib/python3.9/site-packages/airflow/example_dags/example_branch_python_dop_operator_3.py for tasks to queue
[2025-12-11T04:49:40.448+0000] {logging_mixin.py:188} INFO - [2025-12-11T04:49:40.448+0000] {dagbag.py:545} INFO - Filling up the DagBag from /home/airflow/.local/lib/python3.9/site-packages/airflow/example_dags/example_branch_python_dop_operator_3.py
[2025-12-11T04:49:40.467+0000] {processor.py:840} INFO - DAG(s) 'example_branch_dop_operator_v3' retrieved from /home/airflow/.local/lib/python3.9/site-packages/airflow/example_dags/example_branch_python_dop_operator_3.py
[2025-12-11T04:49:40.541+0000] {logging_mixin.py:188} INFO - [2025-12-11T04:49:40.541+0000] {dag.py:3096} INFO - Sync 1 DAGs
[2025-12-11T04:49:40.621+0000] {logging_mixin.py:188} INFO - [2025-12-11T04:49:40.620+0000] {dag.py:3954} INFO - Setting next_dagrun for example_branch_dop_operator_v3 to 2025-12-11 04:48:00+00:00, run_after=2025-12-11 04:49:00+00:00
[2025-12-11T04:49:40.745+0000] {processor.py:183} INFO - Processing /home/airflow/.local/lib/python3.9/site-packages/airflow/example_dags/example_branch_python_dop_operator_3.py took 0.323 seconds
[2025-12-11T04:50:10.936+0000] {processor.py:161} INFO - Started process (PID=4174) to work on /home/airflow/.local/lib/python3.9/site-packages/airflow/example_dags/example_branch_python_dop_operator_3.py
[2025-12-11T04:50:10.988+0000] {processor.py:830} INFO - Processing file /home/airflow/.local/lib/python3.9/site-packages/airflow/example_dags/example_branch_python_dop_operator_3.py for tasks to queue
[2025-12-11T04:50:10.990+0000] {logging_mixin.py:188} INFO - [2025-12-11T04:50:10.990+0000] {dagbag.py:545} INFO - Filling up the DagBag from /home/airflow/.local/lib/python3.9/site-packages/airflow/example_dags/example_branch_python_dop_operator_3.py
[2025-12-11T04:50:11.004+0000] {processor.py:840} INFO - DAG(s) 'example_branch_dop_operator_v3' retrieved from /home/airflow/.local/lib/python3.9/site-packages/airflow/example_dags/example_branch_python_dop_operator_3.py
[2025-12-11T04:50:11.048+0000] {logging_mixin.py:188} INFO - [2025-12-11T04:50:11.047+0000] {dag.py:3096} INFO - Sync 1 DAGs
[2025-12-11T04:50:11.104+0000] {logging_mixin.py:188} INFO - [2025-12-11T04:50:11.104+0000] {dag.py:3954} INFO - Setting next_dagrun for example_branch_dop_operator_v3 to 2025-12-11 04:49:00+00:00, run_after=2025-12-11 04:50:00+00:00
[2025-12-11T04:50:11.300+0000] {processor.py:183} INFO - Processing /home/airflow/.local/lib/python3.9/site-packages/airflow/example_dags/example_branch_python_dop_operator_3.py took 0.376 seconds
[2025-12-11T04:50:41.370+0000] {processor.py:161} INFO - Started process (PID=4241) to work on /home/airflow/.local/lib/python3.9/site-packages/airflow/example_dags/example_branch_python_dop_operator_3.py
[2025-12-11T04:50:41.372+0000] {processor.py:830} INFO - Processing file /home/airflow/.local/lib/python3.9/site-packages/airflow/example_dags/example_branch_python_dop_operator_3.py for tasks to queue
[2025-12-11T04:50:41.375+0000] {logging_mixin.py:188} INFO - [2025-12-11T04:50:41.374+0000] {dagbag.py:545} INFO - Filling up the DagBag from /home/airflow/.local/lib/python3.9/site-packages/airflow/example_dags/example_branch_python_dop_operator_3.py
[2025-12-11T04:50:41.388+0000] {processor.py:840} INFO - DAG(s) 'example_branch_dop_operator_v3' retrieved from /home/airflow/.local/lib/python3.9/site-packages/airflow/example_dags/example_branch_python_dop_operator_3.py
[2025-12-11T04:50:41.429+0000] {logging_mixin.py:188} INFO - [2025-12-11T04:50:41.428+0000] {dag.py:3096} INFO - Sync 1 DAGs
[2025-12-11T04:50:41.473+0000] {logging_mixin.py:188} INFO - [2025-12-11T04:50:41.473+0000] {dag.py:3954} INFO - Setting next_dagrun for example_branch_dop_operator_v3 to 2025-12-11 04:49:00+00:00, run_after=2025-12-11 04:50:00+00:00
[2025-12-11T04:50:41.500+0000] {processor.py:183} INFO - Processing /home/airflow/.local/lib/python3.9/site-packages/airflow/example_dags/example_branch_python_dop_operator_3.py took 0.139 seconds
[2025-12-11T04:51:11.606+0000] {processor.py:161} INFO - Started process (PID=4315) to work on /home/airflow/.local/lib/python3.9/site-packages/airflow/example_dags/example_branch_python_dop_operator_3.py
[2025-12-11T04:51:11.617+0000] {processor.py:830} INFO - Processing file /home/airflow/.local/lib/python3.9/site-packages/airflow/example_dags/example_branch_python_dop_operator_3.py for tasks to queue
[2025-12-11T04:51:11.620+0000] {logging_mixin.py:188} INFO - [2025-12-11T04:51:11.620+0000] {dagbag.py:545} INFO - Filling up the DagBag from /home/airflow/.local/lib/python3.9/site-packages/airflow/example_dags/example_branch_python_dop_operator_3.py
[2025-12-11T04:51:11.641+0000] {processor.py:840} INFO - DAG(s) 'example_branch_dop_operator_v3' retrieved from /home/airflow/.local/lib/python3.9/site-packages/airflow/example_dags/example_branch_python_dop_operator_3.py
[2025-12-11T04:51:11.698+0000] {logging_mixin.py:188} INFO - [2025-12-11T04:51:11.697+0000] {dag.py:3096} INFO - Sync 1 DAGs
[2025-12-11T04:51:11.757+0000] {logging_mixin.py:188} INFO - [2025-12-11T04:51:11.757+0000] {dag.py:3954} INFO - Setting next_dagrun for example_branch_dop_operator_v3 to 2025-12-11 04:50:00+00:00, run_after=2025-12-11 04:51:00+00:00
[2025-12-11T04:51:11.802+0000] {processor.py:183} INFO - Processing /home/airflow/.local/lib/python3.9/site-packages/airflow/example_dags/example_branch_python_dop_operator_3.py took 0.214 seconds
[2025-12-11T04:51:42.457+0000] {processor.py:161} INFO - Started process (PID=4382) to work on /home/airflow/.local/lib/python3.9/site-packages/airflow/example_dags/example_branch_python_dop_operator_3.py
[2025-12-11T04:51:42.465+0000] {processor.py:830} INFO - Processing file /home/airflow/.local/lib/python3.9/site-packages/airflow/example_dags/example_branch_python_dop_operator_3.py for tasks to queue
[2025-12-11T04:51:42.479+0000] {logging_mixin.py:188} INFO - [2025-12-11T04:51:42.479+0000] {dagbag.py:545} INFO - Filling up the DagBag from /home/airflow/.local/lib/python3.9/site-packages/airflow/example_dags/example_branch_python_dop_operator_3.py
[2025-12-11T04:51:42.521+0000] {processor.py:840} INFO - DAG(s) 'example_branch_dop_operator_v3' retrieved from /home/airflow/.local/lib/python3.9/site-packages/airflow/example_dags/example_branch_python_dop_operator_3.py
[2025-12-11T04:51:42.637+0000] {logging_mixin.py:188} INFO - [2025-12-11T04:51:42.637+0000] {dag.py:3096} INFO - Sync 1 DAGs
[2025-12-11T04:51:42.743+0000] {logging_mixin.py:188} INFO - [2025-12-11T04:51:42.743+0000] {dag.py:3954} INFO - Setting next_dagrun for example_branch_dop_operator_v3 to 2025-12-11 04:50:00+00:00, run_after=2025-12-11 04:51:00+00:00
[2025-12-11T04:51:42.842+0000] {processor.py:183} INFO - Processing /home/airflow/.local/lib/python3.9/site-packages/airflow/example_dags/example_branch_python_dop_operator_3.py took 0.411 seconds
[2025-12-11T04:52:13.117+0000] {processor.py:161} INFO - Started process (PID=4449) to work on /home/airflow/.local/lib/python3.9/site-packages/airflow/example_dags/example_branch_python_dop_operator_3.py
[2025-12-11T04:52:13.163+0000] {processor.py:830} INFO - Processing file /home/airflow/.local/lib/python3.9/site-packages/airflow/example_dags/example_branch_python_dop_operator_3.py for tasks to queue
[2025-12-11T04:52:13.166+0000] {logging_mixin.py:188} INFO - [2025-12-11T04:52:13.165+0000] {dagbag.py:545} INFO - Filling up the DagBag from /home/airflow/.local/lib/python3.9/site-packages/airflow/example_dags/example_branch_python_dop_operator_3.py
[2025-12-11T04:52:13.203+0000] {processor.py:840} INFO - DAG(s) 'example_branch_dop_operator_v3' retrieved from /home/airflow/.local/lib/python3.9/site-packages/airflow/example_dags/example_branch_python_dop_operator_3.py
[2025-12-11T04:52:13.324+0000] {logging_mixin.py:188} INFO - [2025-12-11T04:52:13.323+0000] {dag.py:3096} INFO - Sync 1 DAGs
[2025-12-11T04:52:13.459+0000] {logging_mixin.py:188} INFO - [2025-12-11T04:52:13.458+0000] {dag.py:3954} INFO - Setting next_dagrun for example_branch_dop_operator_v3 to 2025-12-11 04:51:00+00:00, run_after=2025-12-11 04:52:00+00:00
[2025-12-11T04:52:13.542+0000] {processor.py:183} INFO - Processing /home/airflow/.local/lib/python3.9/site-packages/airflow/example_dags/example_branch_python_dop_operator_3.py took 0.455 seconds
[2025-12-11T04:52:43.918+0000] {processor.py:161} INFO - Started process (PID=4509) to work on /home/airflow/.local/lib/python3.9/site-packages/airflow/example_dags/example_branch_python_dop_operator_3.py
[2025-12-11T04:52:43.919+0000] {processor.py:830} INFO - Processing file /home/airflow/.local/lib/python3.9/site-packages/airflow/example_dags/example_branch_python_dop_operator_3.py for tasks to queue
[2025-12-11T04:52:43.922+0000] {logging_mixin.py:188} INFO - [2025-12-11T04:52:43.922+0000] {dagbag.py:545} INFO - Filling up the DagBag from /home/airflow/.local/lib/python3.9/site-packages/airflow/example_dags/example_branch_python_dop_operator_3.py
[2025-12-11T04:52:43.940+0000] {processor.py:840} INFO - DAG(s) 'example_branch_dop_operator_v3' retrieved from /home/airflow/.local/lib/python3.9/site-packages/airflow/example_dags/example_branch_python_dop_operator_3.py
[2025-12-11T04:52:44.006+0000] {logging_mixin.py:188} INFO - [2025-12-11T04:52:44.005+0000] {dag.py:3096} INFO - Sync 1 DAGs
[2025-12-11T04:52:44.125+0000] {logging_mixin.py:188} INFO - [2025-12-11T04:52:44.125+0000] {dag.py:3954} INFO - Setting next_dagrun for example_branch_dop_operator_v3 to 2025-12-11 04:51:00+00:00, run_after=2025-12-11 04:52:00+00:00
[2025-12-11T04:52:44.197+0000] {processor.py:183} INFO - Processing /home/airflow/.local/lib/python3.9/site-packages/airflow/example_dags/example_branch_python_dop_operator_3.py took 0.296 seconds
