[2025-12-11T04:18:44.911+0000] {processor.py:161} INFO - Started process (PID=101) to work on /home/airflow/.local/lib/python3.9/site-packages/airflow/example_dags/example_bash_operator.py
[2025-12-11T04:18:45.101+0000] {processor.py:830} INFO - Processing file /home/airflow/.local/lib/python3.9/site-packages/airflow/example_dags/example_bash_operator.py for tasks to queue
[2025-12-11T04:18:45.105+0000] {logging_mixin.py:188} INFO - [2025-12-11T04:18:45.104+0000] {dagbag.py:545} INFO - Filling up the DagBag from /home/airflow/.local/lib/python3.9/site-packages/airflow/example_dags/example_bash_operator.py
[2025-12-11T04:18:45.163+0000] {processor.py:840} INFO - DAG(s) 'example_bash_operator' retrieved from /home/airflow/.local/lib/python3.9/site-packages/airflow/example_dags/example_bash_operator.py
[2025-12-11T04:18:45.497+0000] {logging_mixin.py:188} INFO - [2025-12-11T04:18:45.489+0000] {dag.py:3096} INFO - Sync 1 DAGs
[2025-12-11T04:18:45.561+0000] {logging_mixin.py:188} INFO - [2025-12-11T04:18:45.560+0000] {dag.py:3954} INFO - Setting next_dagrun for example_bash_operator to 2025-12-10 00:00:00+00:00, run_after=2025-12-11 00:00:00+00:00
[2025-12-11T04:18:46.899+0000] {processor.py:183} INFO - Processing /home/airflow/.local/lib/python3.9/site-packages/airflow/example_dags/example_bash_operator.py took 2.001 seconds
[2025-12-11T04:19:19.601+0000] {processor.py:161} INFO - Started process (PID=167) to work on /home/airflow/.local/lib/python3.9/site-packages/airflow/example_dags/example_bash_operator.py
[2025-12-11T04:19:19.609+0000] {processor.py:830} INFO - Processing file /home/airflow/.local/lib/python3.9/site-packages/airflow/example_dags/example_bash_operator.py for tasks to queue
[2025-12-11T04:19:19.613+0000] {logging_mixin.py:188} INFO - [2025-12-11T04:19:19.612+0000] {dagbag.py:545} INFO - Filling up the DagBag from /home/airflow/.local/lib/python3.9/site-packages/airflow/example_dags/example_bash_operator.py
[2025-12-11T04:19:19.633+0000] {processor.py:840} INFO - DAG(s) 'example_bash_operator' retrieved from /home/airflow/.local/lib/python3.9/site-packages/airflow/example_dags/example_bash_operator.py
[2025-12-11T04:19:19.730+0000] {logging_mixin.py:188} INFO - [2025-12-11T04:19:19.730+0000] {dag.py:3096} INFO - Sync 1 DAGs
[2025-12-11T04:19:19.767+0000] {logging_mixin.py:188} INFO - [2025-12-11T04:19:19.767+0000] {dag.py:3954} INFO - Setting next_dagrun for example_bash_operator to 2025-12-10 00:00:00+00:00, run_after=2025-12-11 00:00:00+00:00
[2025-12-11T04:19:19.794+0000] {processor.py:183} INFO - Processing /home/airflow/.local/lib/python3.9/site-packages/airflow/example_dags/example_bash_operator.py took 0.203 seconds
[2025-12-11T04:19:50.066+0000] {processor.py:161} INFO - Started process (PID=231) to work on /home/airflow/.local/lib/python3.9/site-packages/airflow/example_dags/example_bash_operator.py
[2025-12-11T04:19:50.087+0000] {processor.py:830} INFO - Processing file /home/airflow/.local/lib/python3.9/site-packages/airflow/example_dags/example_bash_operator.py for tasks to queue
[2025-12-11T04:19:50.099+0000] {logging_mixin.py:188} INFO - [2025-12-11T04:19:50.098+0000] {dagbag.py:545} INFO - Filling up the DagBag from /home/airflow/.local/lib/python3.9/site-packages/airflow/example_dags/example_bash_operator.py
[2025-12-11T04:19:50.124+0000] {processor.py:840} INFO - DAG(s) 'example_bash_operator' retrieved from /home/airflow/.local/lib/python3.9/site-packages/airflow/example_dags/example_bash_operator.py
[2025-12-11T04:19:50.264+0000] {logging_mixin.py:188} INFO - [2025-12-11T04:19:50.263+0000] {dag.py:3096} INFO - Sync 1 DAGs
[2025-12-11T04:19:50.400+0000] {logging_mixin.py:188} INFO - [2025-12-11T04:19:50.399+0000] {dag.py:3954} INFO - Setting next_dagrun for example_bash_operator to 2025-12-10 00:00:00+00:00, run_after=2025-12-11 00:00:00+00:00
[2025-12-11T04:19:50.481+0000] {processor.py:183} INFO - Processing /home/airflow/.local/lib/python3.9/site-packages/airflow/example_dags/example_bash_operator.py took 0.433 seconds
[2025-12-11T04:20:21.299+0000] {processor.py:161} INFO - Started process (PID=297) to work on /home/airflow/.local/lib/python3.9/site-packages/airflow/example_dags/example_bash_operator.py
[2025-12-11T04:20:21.305+0000] {processor.py:830} INFO - Processing file /home/airflow/.local/lib/python3.9/site-packages/airflow/example_dags/example_bash_operator.py for tasks to queue
[2025-12-11T04:20:21.319+0000] {logging_mixin.py:188} INFO - [2025-12-11T04:20:21.318+0000] {dagbag.py:545} INFO - Filling up the DagBag from /home/airflow/.local/lib/python3.9/site-packages/airflow/example_dags/example_bash_operator.py
[2025-12-11T04:20:21.358+0000] {processor.py:840} INFO - DAG(s) 'example_bash_operator' retrieved from /home/airflow/.local/lib/python3.9/site-packages/airflow/example_dags/example_bash_operator.py
[2025-12-11T04:20:21.457+0000] {logging_mixin.py:188} INFO - [2025-12-11T04:20:21.443+0000] {dag.py:3096} INFO - Sync 1 DAGs
[2025-12-11T04:20:21.560+0000] {logging_mixin.py:188} INFO - [2025-12-11T04:20:21.559+0000] {dag.py:3954} INFO - Setting next_dagrun for example_bash_operator to 2025-12-10 00:00:00+00:00, run_after=2025-12-11 00:00:00+00:00
[2025-12-11T04:20:21.620+0000] {processor.py:183} INFO - Processing /home/airflow/.local/lib/python3.9/site-packages/airflow/example_dags/example_bash_operator.py took 0.341 seconds
[2025-12-11T04:20:52.462+0000] {processor.py:161} INFO - Started process (PID=363) to work on /home/airflow/.local/lib/python3.9/site-packages/airflow/example_dags/example_bash_operator.py
[2025-12-11T04:20:52.465+0000] {processor.py:830} INFO - Processing file /home/airflow/.local/lib/python3.9/site-packages/airflow/example_dags/example_bash_operator.py for tasks to queue
[2025-12-11T04:20:52.479+0000] {logging_mixin.py:188} INFO - [2025-12-11T04:20:52.479+0000] {dagbag.py:545} INFO - Filling up the DagBag from /home/airflow/.local/lib/python3.9/site-packages/airflow/example_dags/example_bash_operator.py
[2025-12-11T04:20:52.538+0000] {processor.py:840} INFO - DAG(s) 'example_bash_operator' retrieved from /home/airflow/.local/lib/python3.9/site-packages/airflow/example_dags/example_bash_operator.py
[2025-12-11T04:20:52.660+0000] {logging_mixin.py:188} INFO - [2025-12-11T04:20:52.659+0000] {dag.py:3096} INFO - Sync 1 DAGs
[2025-12-11T04:20:52.762+0000] {logging_mixin.py:188} INFO - [2025-12-11T04:20:52.762+0000] {dag.py:3954} INFO - Setting next_dagrun for example_bash_operator to 2025-12-10 00:00:00+00:00, run_after=2025-12-11 00:00:00+00:00
[2025-12-11T04:20:52.823+0000] {processor.py:183} INFO - Processing /home/airflow/.local/lib/python3.9/site-packages/airflow/example_dags/example_bash_operator.py took 0.382 seconds
[2025-12-11T04:21:23.906+0000] {processor.py:161} INFO - Started process (PID=428) to work on /home/airflow/.local/lib/python3.9/site-packages/airflow/example_dags/example_bash_operator.py
[2025-12-11T04:21:23.917+0000] {processor.py:830} INFO - Processing file /home/airflow/.local/lib/python3.9/site-packages/airflow/example_dags/example_bash_operator.py for tasks to queue
[2025-12-11T04:21:23.920+0000] {logging_mixin.py:188} INFO - [2025-12-11T04:21:23.920+0000] {dagbag.py:545} INFO - Filling up the DagBag from /home/airflow/.local/lib/python3.9/site-packages/airflow/example_dags/example_bash_operator.py
[2025-12-11T04:21:23.961+0000] {processor.py:840} INFO - DAG(s) 'example_bash_operator' retrieved from /home/airflow/.local/lib/python3.9/site-packages/airflow/example_dags/example_bash_operator.py
[2025-12-11T04:21:24.080+0000] {logging_mixin.py:188} INFO - [2025-12-11T04:21:24.079+0000] {dag.py:3096} INFO - Sync 1 DAGs
[2025-12-11T04:21:24.159+0000] {logging_mixin.py:188} INFO - [2025-12-11T04:21:24.158+0000] {dag.py:3954} INFO - Setting next_dagrun for example_bash_operator to 2025-12-10 00:00:00+00:00, run_after=2025-12-11 00:00:00+00:00
[2025-12-11T04:21:24.238+0000] {processor.py:183} INFO - Processing /home/airflow/.local/lib/python3.9/site-packages/airflow/example_dags/example_bash_operator.py took 0.351 seconds
[2025-12-11T04:21:54.517+0000] {processor.py:161} INFO - Started process (PID=494) to work on /home/airflow/.local/lib/python3.9/site-packages/airflow/example_dags/example_bash_operator.py
[2025-12-11T04:21:54.529+0000] {processor.py:830} INFO - Processing file /home/airflow/.local/lib/python3.9/site-packages/airflow/example_dags/example_bash_operator.py for tasks to queue
[2025-12-11T04:21:54.533+0000] {logging_mixin.py:188} INFO - [2025-12-11T04:21:54.532+0000] {dagbag.py:545} INFO - Filling up the DagBag from /home/airflow/.local/lib/python3.9/site-packages/airflow/example_dags/example_bash_operator.py
[2025-12-11T04:21:54.554+0000] {processor.py:840} INFO - DAG(s) 'example_bash_operator' retrieved from /home/airflow/.local/lib/python3.9/site-packages/airflow/example_dags/example_bash_operator.py
[2025-12-11T04:21:54.604+0000] {logging_mixin.py:188} INFO - [2025-12-11T04:21:54.604+0000] {dag.py:3096} INFO - Sync 1 DAGs
[2025-12-11T04:21:54.654+0000] {logging_mixin.py:188} INFO - [2025-12-11T04:21:54.654+0000] {dag.py:3954} INFO - Setting next_dagrun for example_bash_operator to 2025-12-10 00:00:00+00:00, run_after=2025-12-11 00:00:00+00:00
[2025-12-11T04:21:54.908+0000] {processor.py:183} INFO - Processing /home/airflow/.local/lib/python3.9/site-packages/airflow/example_dags/example_bash_operator.py took 0.406 seconds
[2025-12-11T04:22:25.045+0000] {processor.py:161} INFO - Started process (PID=560) to work on /home/airflow/.local/lib/python3.9/site-packages/airflow/example_dags/example_bash_operator.py
[2025-12-11T04:22:25.057+0000] {processor.py:830} INFO - Processing file /home/airflow/.local/lib/python3.9/site-packages/airflow/example_dags/example_bash_operator.py for tasks to queue
[2025-12-11T04:22:25.060+0000] {logging_mixin.py:188} INFO - [2025-12-11T04:22:25.059+0000] {dagbag.py:545} INFO - Filling up the DagBag from /home/airflow/.local/lib/python3.9/site-packages/airflow/example_dags/example_bash_operator.py
[2025-12-11T04:22:25.088+0000] {processor.py:840} INFO - DAG(s) 'example_bash_operator' retrieved from /home/airflow/.local/lib/python3.9/site-packages/airflow/example_dags/example_bash_operator.py
[2025-12-11T04:22:25.178+0000] {logging_mixin.py:188} INFO - [2025-12-11T04:22:25.177+0000] {dag.py:3096} INFO - Sync 1 DAGs
[2025-12-11T04:22:25.227+0000] {logging_mixin.py:188} INFO - [2025-12-11T04:22:25.226+0000] {dag.py:3954} INFO - Setting next_dagrun for example_bash_operator to 2025-12-10 00:00:00+00:00, run_after=2025-12-11 00:00:00+00:00
[2025-12-11T04:22:25.268+0000] {processor.py:183} INFO - Processing /home/airflow/.local/lib/python3.9/site-packages/airflow/example_dags/example_bash_operator.py took 0.246 seconds
[2025-12-11T04:22:55.803+0000] {processor.py:161} INFO - Started process (PID=626) to work on /home/airflow/.local/lib/python3.9/site-packages/airflow/example_dags/example_bash_operator.py
[2025-12-11T04:22:55.805+0000] {processor.py:830} INFO - Processing file /home/airflow/.local/lib/python3.9/site-packages/airflow/example_dags/example_bash_operator.py for tasks to queue
[2025-12-11T04:22:55.819+0000] {logging_mixin.py:188} INFO - [2025-12-11T04:22:55.819+0000] {dagbag.py:545} INFO - Filling up the DagBag from /home/airflow/.local/lib/python3.9/site-packages/airflow/example_dags/example_bash_operator.py
[2025-12-11T04:22:55.863+0000] {processor.py:840} INFO - DAG(s) 'example_bash_operator' retrieved from /home/airflow/.local/lib/python3.9/site-packages/airflow/example_dags/example_bash_operator.py
[2025-12-11T04:22:55.997+0000] {logging_mixin.py:188} INFO - [2025-12-11T04:22:55.985+0000] {dag.py:3096} INFO - Sync 1 DAGs
[2025-12-11T04:22:56.141+0000] {logging_mixin.py:188} INFO - [2025-12-11T04:22:56.141+0000] {dag.py:3954} INFO - Setting next_dagrun for example_bash_operator to 2025-12-10 00:00:00+00:00, run_after=2025-12-11 00:00:00+00:00
[2025-12-11T04:22:56.192+0000] {processor.py:183} INFO - Processing /home/airflow/.local/lib/python3.9/site-packages/airflow/example_dags/example_bash_operator.py took 0.413 seconds
[2025-12-11T04:23:26.325+0000] {processor.py:161} INFO - Started process (PID=692) to work on /home/airflow/.local/lib/python3.9/site-packages/airflow/example_dags/example_bash_operator.py
[2025-12-11T04:23:26.335+0000] {processor.py:830} INFO - Processing file /home/airflow/.local/lib/python3.9/site-packages/airflow/example_dags/example_bash_operator.py for tasks to queue
[2025-12-11T04:23:26.338+0000] {logging_mixin.py:188} INFO - [2025-12-11T04:23:26.338+0000] {dagbag.py:545} INFO - Filling up the DagBag from /home/airflow/.local/lib/python3.9/site-packages/airflow/example_dags/example_bash_operator.py
[2025-12-11T04:23:26.355+0000] {processor.py:840} INFO - DAG(s) 'example_bash_operator' retrieved from /home/airflow/.local/lib/python3.9/site-packages/airflow/example_dags/example_bash_operator.py
[2025-12-11T04:23:26.402+0000] {logging_mixin.py:188} INFO - [2025-12-11T04:23:26.402+0000] {dag.py:3096} INFO - Sync 1 DAGs
[2025-12-11T04:23:26.444+0000] {logging_mixin.py:188} INFO - [2025-12-11T04:23:26.443+0000] {dag.py:3954} INFO - Setting next_dagrun for example_bash_operator to 2025-12-10 00:00:00+00:00, run_after=2025-12-11 00:00:00+00:00
[2025-12-11T04:23:26.475+0000] {processor.py:183} INFO - Processing /home/airflow/.local/lib/python3.9/site-packages/airflow/example_dags/example_bash_operator.py took 0.160 seconds
[2025-12-11T04:23:56.901+0000] {processor.py:161} INFO - Started process (PID=758) to work on /home/airflow/.local/lib/python3.9/site-packages/airflow/example_dags/example_bash_operator.py
[2025-12-11T04:23:56.903+0000] {processor.py:830} INFO - Processing file /home/airflow/.local/lib/python3.9/site-packages/airflow/example_dags/example_bash_operator.py for tasks to queue
[2025-12-11T04:23:56.906+0000] {logging_mixin.py:188} INFO - [2025-12-11T04:23:56.905+0000] {dagbag.py:545} INFO - Filling up the DagBag from /home/airflow/.local/lib/python3.9/site-packages/airflow/example_dags/example_bash_operator.py
[2025-12-11T04:23:56.940+0000] {processor.py:840} INFO - DAG(s) 'example_bash_operator' retrieved from /home/airflow/.local/lib/python3.9/site-packages/airflow/example_dags/example_bash_operator.py
[2025-12-11T04:23:57.017+0000] {logging_mixin.py:188} INFO - [2025-12-11T04:23:57.010+0000] {dag.py:3096} INFO - Sync 1 DAGs
[2025-12-11T04:23:57.069+0000] {logging_mixin.py:188} INFO - [2025-12-11T04:23:57.069+0000] {dag.py:3954} INFO - Setting next_dagrun for example_bash_operator to 2025-12-10 00:00:00+00:00, run_after=2025-12-11 00:00:00+00:00
[2025-12-11T04:23:57.119+0000] {processor.py:183} INFO - Processing /home/airflow/.local/lib/python3.9/site-packages/airflow/example_dags/example_bash_operator.py took 0.237 seconds
[2025-12-11T04:24:27.467+0000] {processor.py:161} INFO - Started process (PID=824) to work on /home/airflow/.local/lib/python3.9/site-packages/airflow/example_dags/example_bash_operator.py
[2025-12-11T04:24:27.476+0000] {processor.py:830} INFO - Processing file /home/airflow/.local/lib/python3.9/site-packages/airflow/example_dags/example_bash_operator.py for tasks to queue
[2025-12-11T04:24:27.479+0000] {logging_mixin.py:188} INFO - [2025-12-11T04:24:27.479+0000] {dagbag.py:545} INFO - Filling up the DagBag from /home/airflow/.local/lib/python3.9/site-packages/airflow/example_dags/example_bash_operator.py
[2025-12-11T04:24:27.500+0000] {processor.py:840} INFO - DAG(s) 'example_bash_operator' retrieved from /home/airflow/.local/lib/python3.9/site-packages/airflow/example_dags/example_bash_operator.py
[2025-12-11T04:24:27.577+0000] {logging_mixin.py:188} INFO - [2025-12-11T04:24:27.572+0000] {dag.py:3096} INFO - Sync 1 DAGs
[2025-12-11T04:24:27.624+0000] {logging_mixin.py:188} INFO - [2025-12-11T04:24:27.623+0000] {dag.py:3954} INFO - Setting next_dagrun for example_bash_operator to 2025-12-10 00:00:00+00:00, run_after=2025-12-11 00:00:00+00:00
[2025-12-11T04:24:27.780+0000] {processor.py:183} INFO - Processing /home/airflow/.local/lib/python3.9/site-packages/airflow/example_dags/example_bash_operator.py took 0.323 seconds
[2025-12-11T04:24:58.532+0000] {processor.py:161} INFO - Started process (PID=890) to work on /home/airflow/.local/lib/python3.9/site-packages/airflow/example_dags/example_bash_operator.py
[2025-12-11T04:24:58.670+0000] {processor.py:830} INFO - Processing file /home/airflow/.local/lib/python3.9/site-packages/airflow/example_dags/example_bash_operator.py for tasks to queue
[2025-12-11T04:24:58.673+0000] {logging_mixin.py:188} INFO - [2025-12-11T04:24:58.672+0000] {dagbag.py:545} INFO - Filling up the DagBag from /home/airflow/.local/lib/python3.9/site-packages/airflow/example_dags/example_bash_operator.py
[2025-12-11T04:24:58.694+0000] {processor.py:840} INFO - DAG(s) 'example_bash_operator' retrieved from /home/airflow/.local/lib/python3.9/site-packages/airflow/example_dags/example_bash_operator.py
[2025-12-11T04:24:58.755+0000] {logging_mixin.py:188} INFO - [2025-12-11T04:24:58.754+0000] {dag.py:3096} INFO - Sync 1 DAGs
[2025-12-11T04:24:58.798+0000] {logging_mixin.py:188} INFO - [2025-12-11T04:24:58.798+0000] {dag.py:3954} INFO - Setting next_dagrun for example_bash_operator to 2025-12-10 00:00:00+00:00, run_after=2025-12-11 00:00:00+00:00
[2025-12-11T04:24:59.044+0000] {processor.py:183} INFO - Processing /home/airflow/.local/lib/python3.9/site-packages/airflow/example_dags/example_bash_operator.py took 0.522 seconds
[2025-12-11T04:25:29.771+0000] {processor.py:161} INFO - Started process (PID=955) to work on /home/airflow/.local/lib/python3.9/site-packages/airflow/example_dags/example_bash_operator.py
[2025-12-11T04:25:29.779+0000] {processor.py:830} INFO - Processing file /home/airflow/.local/lib/python3.9/site-packages/airflow/example_dags/example_bash_operator.py for tasks to queue
[2025-12-11T04:25:29.781+0000] {logging_mixin.py:188} INFO - [2025-12-11T04:25:29.781+0000] {dagbag.py:545} INFO - Filling up the DagBag from /home/airflow/.local/lib/python3.9/site-packages/airflow/example_dags/example_bash_operator.py
[2025-12-11T04:25:29.799+0000] {processor.py:840} INFO - DAG(s) 'example_bash_operator' retrieved from /home/airflow/.local/lib/python3.9/site-packages/airflow/example_dags/example_bash_operator.py
[2025-12-11T04:25:29.847+0000] {logging_mixin.py:188} INFO - [2025-12-11T04:25:29.847+0000] {dag.py:3096} INFO - Sync 1 DAGs
[2025-12-11T04:25:29.902+0000] {logging_mixin.py:188} INFO - [2025-12-11T04:25:29.902+0000] {dag.py:3954} INFO - Setting next_dagrun for example_bash_operator to 2025-12-10 00:00:00+00:00, run_after=2025-12-11 00:00:00+00:00
[2025-12-11T04:25:29.929+0000] {processor.py:183} INFO - Processing /home/airflow/.local/lib/python3.9/site-packages/airflow/example_dags/example_bash_operator.py took 0.168 seconds
[2025-12-11T04:26:00.024+0000] {processor.py:161} INFO - Started process (PID=1021) to work on /home/airflow/.local/lib/python3.9/site-packages/airflow/example_dags/example_bash_operator.py
[2025-12-11T04:26:00.032+0000] {processor.py:830} INFO - Processing file /home/airflow/.local/lib/python3.9/site-packages/airflow/example_dags/example_bash_operator.py for tasks to queue
[2025-12-11T04:26:00.035+0000] {logging_mixin.py:188} INFO - [2025-12-11T04:26:00.035+0000] {dagbag.py:545} INFO - Filling up the DagBag from /home/airflow/.local/lib/python3.9/site-packages/airflow/example_dags/example_bash_operator.py
[2025-12-11T04:26:00.054+0000] {processor.py:840} INFO - DAG(s) 'example_bash_operator' retrieved from /home/airflow/.local/lib/python3.9/site-packages/airflow/example_dags/example_bash_operator.py
[2025-12-11T04:26:00.186+0000] {logging_mixin.py:188} INFO - [2025-12-11T04:26:00.185+0000] {dag.py:3096} INFO - Sync 1 DAGs
[2025-12-11T04:26:00.260+0000] {logging_mixin.py:188} INFO - [2025-12-11T04:26:00.260+0000] {dag.py:3954} INFO - Setting next_dagrun for example_bash_operator to 2025-12-10 00:00:00+00:00, run_after=2025-12-11 00:00:00+00:00
[2025-12-11T04:26:00.288+0000] {processor.py:183} INFO - Processing /home/airflow/.local/lib/python3.9/site-packages/airflow/example_dags/example_bash_operator.py took 0.274 seconds
[2025-12-11T04:26:30.664+0000] {processor.py:161} INFO - Started process (PID=1087) to work on /home/airflow/.local/lib/python3.9/site-packages/airflow/example_dags/example_bash_operator.py
[2025-12-11T04:26:30.673+0000] {processor.py:830} INFO - Processing file /home/airflow/.local/lib/python3.9/site-packages/airflow/example_dags/example_bash_operator.py for tasks to queue
[2025-12-11T04:26:30.676+0000] {logging_mixin.py:188} INFO - [2025-12-11T04:26:30.676+0000] {dagbag.py:545} INFO - Filling up the DagBag from /home/airflow/.local/lib/python3.9/site-packages/airflow/example_dags/example_bash_operator.py
[2025-12-11T04:26:30.693+0000] {processor.py:840} INFO - DAG(s) 'example_bash_operator' retrieved from /home/airflow/.local/lib/python3.9/site-packages/airflow/example_dags/example_bash_operator.py
[2025-12-11T04:26:30.740+0000] {logging_mixin.py:188} INFO - [2025-12-11T04:26:30.740+0000] {dag.py:3096} INFO - Sync 1 DAGs
[2025-12-11T04:26:30.775+0000] {logging_mixin.py:188} INFO - [2025-12-11T04:26:30.775+0000] {dag.py:3954} INFO - Setting next_dagrun for example_bash_operator to 2025-12-10 00:00:00+00:00, run_after=2025-12-11 00:00:00+00:00
[2025-12-11T04:26:30.803+0000] {processor.py:183} INFO - Processing /home/airflow/.local/lib/python3.9/site-packages/airflow/example_dags/example_bash_operator.py took 0.149 seconds
[2025-12-11T04:27:01.603+0000] {processor.py:161} INFO - Started process (PID=1160) to work on /home/airflow/.local/lib/python3.9/site-packages/airflow/example_dags/example_bash_operator.py
[2025-12-11T04:27:01.607+0000] {processor.py:830} INFO - Processing file /home/airflow/.local/lib/python3.9/site-packages/airflow/example_dags/example_bash_operator.py for tasks to queue
[2025-12-11T04:27:01.610+0000] {logging_mixin.py:188} INFO - [2025-12-11T04:27:01.609+0000] {dagbag.py:545} INFO - Filling up the DagBag from /home/airflow/.local/lib/python3.9/site-packages/airflow/example_dags/example_bash_operator.py
[2025-12-11T04:27:01.630+0000] {processor.py:840} INFO - DAG(s) 'example_bash_operator' retrieved from /home/airflow/.local/lib/python3.9/site-packages/airflow/example_dags/example_bash_operator.py
[2025-12-11T04:27:01.701+0000] {logging_mixin.py:188} INFO - [2025-12-11T04:27:01.700+0000] {dag.py:3096} INFO - Sync 1 DAGs
[2025-12-11T04:27:01.757+0000] {logging_mixin.py:188} INFO - [2025-12-11T04:27:01.753+0000] {dag.py:3954} INFO - Setting next_dagrun for example_bash_operator to 2025-12-10 00:00:00+00:00, run_after=2025-12-11 00:00:00+00:00
[2025-12-11T04:27:02.008+0000] {processor.py:183} INFO - Processing /home/airflow/.local/lib/python3.9/site-packages/airflow/example_dags/example_bash_operator.py took 0.417 seconds
[2025-12-11T04:27:32.547+0000] {processor.py:161} INFO - Started process (PID=1226) to work on /home/airflow/.local/lib/python3.9/site-packages/airflow/example_dags/example_bash_operator.py
[2025-12-11T04:27:32.561+0000] {processor.py:830} INFO - Processing file /home/airflow/.local/lib/python3.9/site-packages/airflow/example_dags/example_bash_operator.py for tasks to queue
[2025-12-11T04:27:32.565+0000] {logging_mixin.py:188} INFO - [2025-12-11T04:27:32.564+0000] {dagbag.py:545} INFO - Filling up the DagBag from /home/airflow/.local/lib/python3.9/site-packages/airflow/example_dags/example_bash_operator.py
[2025-12-11T04:27:32.618+0000] {processor.py:840} INFO - DAG(s) 'example_bash_operator' retrieved from /home/airflow/.local/lib/python3.9/site-packages/airflow/example_dags/example_bash_operator.py
[2025-12-11T04:27:32.759+0000] {logging_mixin.py:188} INFO - [2025-12-11T04:27:32.759+0000] {dag.py:3096} INFO - Sync 1 DAGs
[2025-12-11T04:27:32.844+0000] {logging_mixin.py:188} INFO - [2025-12-11T04:27:32.843+0000] {dag.py:3954} INFO - Setting next_dagrun for example_bash_operator to 2025-12-10 00:00:00+00:00, run_after=2025-12-11 00:00:00+00:00
[2025-12-11T04:27:32.920+0000] {processor.py:183} INFO - Processing /home/airflow/.local/lib/python3.9/site-packages/airflow/example_dags/example_bash_operator.py took 0.393 seconds
[2025-12-11T04:28:03.901+0000] {processor.py:161} INFO - Started process (PID=1292) to work on /home/airflow/.local/lib/python3.9/site-packages/airflow/example_dags/example_bash_operator.py
[2025-12-11T04:28:03.903+0000] {processor.py:830} INFO - Processing file /home/airflow/.local/lib/python3.9/site-packages/airflow/example_dags/example_bash_operator.py for tasks to queue
[2025-12-11T04:28:03.919+0000] {logging_mixin.py:188} INFO - [2025-12-11T04:28:03.918+0000] {dagbag.py:545} INFO - Filling up the DagBag from /home/airflow/.local/lib/python3.9/site-packages/airflow/example_dags/example_bash_operator.py
[2025-12-11T04:28:03.959+0000] {processor.py:840} INFO - DAG(s) 'example_bash_operator' retrieved from /home/airflow/.local/lib/python3.9/site-packages/airflow/example_dags/example_bash_operator.py
[2025-12-11T04:28:04.080+0000] {logging_mixin.py:188} INFO - [2025-12-11T04:28:04.079+0000] {dag.py:3096} INFO - Sync 1 DAGs
[2025-12-11T04:28:04.164+0000] {logging_mixin.py:188} INFO - [2025-12-11T04:28:04.164+0000] {dag.py:3954} INFO - Setting next_dagrun for example_bash_operator to 2025-12-10 00:00:00+00:00, run_after=2025-12-11 00:00:00+00:00
[2025-12-11T04:28:04.260+0000] {processor.py:183} INFO - Processing /home/airflow/.local/lib/python3.9/site-packages/airflow/example_dags/example_bash_operator.py took 0.378 seconds
[2025-12-11T04:28:34.908+0000] {processor.py:161} INFO - Started process (PID=1358) to work on /home/airflow/.local/lib/python3.9/site-packages/airflow/example_dags/example_bash_operator.py
[2025-12-11T04:28:34.921+0000] {processor.py:830} INFO - Processing file /home/airflow/.local/lib/python3.9/site-packages/airflow/example_dags/example_bash_operator.py for tasks to queue
[2025-12-11T04:28:34.924+0000] {logging_mixin.py:188} INFO - [2025-12-11T04:28:34.923+0000] {dagbag.py:545} INFO - Filling up the DagBag from /home/airflow/.local/lib/python3.9/site-packages/airflow/example_dags/example_bash_operator.py
[2025-12-11T04:28:34.965+0000] {processor.py:840} INFO - DAG(s) 'example_bash_operator' retrieved from /home/airflow/.local/lib/python3.9/site-packages/airflow/example_dags/example_bash_operator.py
[2025-12-11T04:28:35.068+0000] {logging_mixin.py:188} INFO - [2025-12-11T04:28:35.068+0000] {dag.py:3096} INFO - Sync 1 DAGs
[2025-12-11T04:28:35.123+0000] {logging_mixin.py:188} INFO - [2025-12-11T04:28:35.123+0000] {dag.py:3954} INFO - Setting next_dagrun for example_bash_operator to 2025-12-10 00:00:00+00:00, run_after=2025-12-11 00:00:00+00:00
[2025-12-11T04:28:35.261+0000] {processor.py:183} INFO - Processing /home/airflow/.local/lib/python3.9/site-packages/airflow/example_dags/example_bash_operator.py took 0.375 seconds
[2025-12-11T04:29:05.682+0000] {processor.py:161} INFO - Started process (PID=1424) to work on /home/airflow/.local/lib/python3.9/site-packages/airflow/example_dags/example_bash_operator.py
[2025-12-11T04:29:05.694+0000] {processor.py:830} INFO - Processing file /home/airflow/.local/lib/python3.9/site-packages/airflow/example_dags/example_bash_operator.py for tasks to queue
[2025-12-11T04:29:05.703+0000] {logging_mixin.py:188} INFO - [2025-12-11T04:29:05.702+0000] {dagbag.py:545} INFO - Filling up the DagBag from /home/airflow/.local/lib/python3.9/site-packages/airflow/example_dags/example_bash_operator.py
[2025-12-11T04:29:05.741+0000] {processor.py:840} INFO - DAG(s) 'example_bash_operator' retrieved from /home/airflow/.local/lib/python3.9/site-packages/airflow/example_dags/example_bash_operator.py
[2025-12-11T04:29:05.821+0000] {logging_mixin.py:188} INFO - [2025-12-11T04:29:05.820+0000] {dag.py:3096} INFO - Sync 1 DAGs
[2025-12-11T04:29:05.869+0000] {logging_mixin.py:188} INFO - [2025-12-11T04:29:05.869+0000] {dag.py:3954} INFO - Setting next_dagrun for example_bash_operator to 2025-12-10 00:00:00+00:00, run_after=2025-12-11 00:00:00+00:00
[2025-12-11T04:29:05.907+0000] {processor.py:183} INFO - Processing /home/airflow/.local/lib/python3.9/site-packages/airflow/example_dags/example_bash_operator.py took 0.250 seconds
[2025-12-11T04:29:36.424+0000] {processor.py:161} INFO - Started process (PID=1490) to work on /home/airflow/.local/lib/python3.9/site-packages/airflow/example_dags/example_bash_operator.py
[2025-12-11T04:29:36.426+0000] {processor.py:830} INFO - Processing file /home/airflow/.local/lib/python3.9/site-packages/airflow/example_dags/example_bash_operator.py for tasks to queue
[2025-12-11T04:29:36.428+0000] {logging_mixin.py:188} INFO - [2025-12-11T04:29:36.428+0000] {dagbag.py:545} INFO - Filling up the DagBag from /home/airflow/.local/lib/python3.9/site-packages/airflow/example_dags/example_bash_operator.py
[2025-12-11T04:29:36.463+0000] {processor.py:840} INFO - DAG(s) 'example_bash_operator' retrieved from /home/airflow/.local/lib/python3.9/site-packages/airflow/example_dags/example_bash_operator.py
[2025-12-11T04:29:36.548+0000] {logging_mixin.py:188} INFO - [2025-12-11T04:29:36.548+0000] {dag.py:3096} INFO - Sync 1 DAGs
[2025-12-11T04:29:36.662+0000] {logging_mixin.py:188} INFO - [2025-12-11T04:29:36.661+0000] {dag.py:3954} INFO - Setting next_dagrun for example_bash_operator to 2025-12-10 00:00:00+00:00, run_after=2025-12-11 00:00:00+00:00
[2025-12-11T04:29:36.799+0000] {processor.py:183} INFO - Processing /home/airflow/.local/lib/python3.9/site-packages/airflow/example_dags/example_bash_operator.py took 0.398 seconds
[2025-12-11T04:30:07.280+0000] {processor.py:161} INFO - Started process (PID=1556) to work on /home/airflow/.local/lib/python3.9/site-packages/airflow/example_dags/example_bash_operator.py
[2025-12-11T04:30:07.303+0000] {processor.py:830} INFO - Processing file /home/airflow/.local/lib/python3.9/site-packages/airflow/example_dags/example_bash_operator.py for tasks to queue
[2025-12-11T04:30:07.306+0000] {logging_mixin.py:188} INFO - [2025-12-11T04:30:07.305+0000] {dagbag.py:545} INFO - Filling up the DagBag from /home/airflow/.local/lib/python3.9/site-packages/airflow/example_dags/example_bash_operator.py
[2025-12-11T04:30:07.345+0000] {processor.py:840} INFO - DAG(s) 'example_bash_operator' retrieved from /home/airflow/.local/lib/python3.9/site-packages/airflow/example_dags/example_bash_operator.py
[2025-12-11T04:30:07.484+0000] {logging_mixin.py:188} INFO - [2025-12-11T04:30:07.483+0000] {dag.py:3096} INFO - Sync 1 DAGs
[2025-12-11T04:30:07.581+0000] {logging_mixin.py:188} INFO - [2025-12-11T04:30:07.580+0000] {dag.py:3954} INFO - Setting next_dagrun for example_bash_operator to 2025-12-10 00:00:00+00:00, run_after=2025-12-11 00:00:00+00:00
[2025-12-11T04:30:07.706+0000] {processor.py:183} INFO - Processing /home/airflow/.local/lib/python3.9/site-packages/airflow/example_dags/example_bash_operator.py took 0.448 seconds
[2025-12-11T04:30:38.324+0000] {processor.py:161} INFO - Started process (PID=1621) to work on /home/airflow/.local/lib/python3.9/site-packages/airflow/example_dags/example_bash_operator.py
[2025-12-11T04:30:38.334+0000] {processor.py:830} INFO - Processing file /home/airflow/.local/lib/python3.9/site-packages/airflow/example_dags/example_bash_operator.py for tasks to queue
[2025-12-11T04:30:38.338+0000] {logging_mixin.py:188} INFO - [2025-12-11T04:30:38.338+0000] {dagbag.py:545} INFO - Filling up the DagBag from /home/airflow/.local/lib/python3.9/site-packages/airflow/example_dags/example_bash_operator.py
[2025-12-11T04:30:38.365+0000] {processor.py:840} INFO - DAG(s) 'example_bash_operator' retrieved from /home/airflow/.local/lib/python3.9/site-packages/airflow/example_dags/example_bash_operator.py
[2025-12-11T04:30:38.466+0000] {logging_mixin.py:188} INFO - [2025-12-11T04:30:38.465+0000] {dag.py:3096} INFO - Sync 1 DAGs
[2025-12-11T04:30:38.669+0000] {logging_mixin.py:188} INFO - [2025-12-11T04:30:38.669+0000] {dag.py:3954} INFO - Setting next_dagrun for example_bash_operator to 2025-12-10 00:00:00+00:00, run_after=2025-12-11 00:00:00+00:00
[2025-12-11T04:30:38.782+0000] {processor.py:183} INFO - Processing /home/airflow/.local/lib/python3.9/site-packages/airflow/example_dags/example_bash_operator.py took 0.475 seconds
[2025-12-11T04:31:09.525+0000] {processor.py:161} INFO - Started process (PID=1687) to work on /home/airflow/.local/lib/python3.9/site-packages/airflow/example_dags/example_bash_operator.py
[2025-12-11T04:31:09.527+0000] {processor.py:830} INFO - Processing file /home/airflow/.local/lib/python3.9/site-packages/airflow/example_dags/example_bash_operator.py for tasks to queue
[2025-12-11T04:31:09.530+0000] {logging_mixin.py:188} INFO - [2025-12-11T04:31:09.529+0000] {dagbag.py:545} INFO - Filling up the DagBag from /home/airflow/.local/lib/python3.9/site-packages/airflow/example_dags/example_bash_operator.py
[2025-12-11T04:31:09.562+0000] {processor.py:840} INFO - DAG(s) 'example_bash_operator' retrieved from /home/airflow/.local/lib/python3.9/site-packages/airflow/example_dags/example_bash_operator.py
[2025-12-11T04:31:09.644+0000] {logging_mixin.py:188} INFO - [2025-12-11T04:31:09.644+0000] {dag.py:3096} INFO - Sync 1 DAGs
[2025-12-11T04:31:09.705+0000] {logging_mixin.py:188} INFO - [2025-12-11T04:31:09.704+0000] {dag.py:3954} INFO - Setting next_dagrun for example_bash_operator to 2025-12-10 00:00:00+00:00, run_after=2025-12-11 00:00:00+00:00
[2025-12-11T04:31:09.748+0000] {processor.py:183} INFO - Processing /home/airflow/.local/lib/python3.9/site-packages/airflow/example_dags/example_bash_operator.py took 0.242 seconds
[2025-12-11T04:31:39.943+0000] {processor.py:161} INFO - Started process (PID=1753) to work on /home/airflow/.local/lib/python3.9/site-packages/airflow/example_dags/example_bash_operator.py
[2025-12-11T04:31:39.944+0000] {processor.py:830} INFO - Processing file /home/airflow/.local/lib/python3.9/site-packages/airflow/example_dags/example_bash_operator.py for tasks to queue
[2025-12-11T04:31:39.947+0000] {logging_mixin.py:188} INFO - [2025-12-11T04:31:39.946+0000] {dagbag.py:545} INFO - Filling up the DagBag from /home/airflow/.local/lib/python3.9/site-packages/airflow/example_dags/example_bash_operator.py
[2025-12-11T04:31:39.978+0000] {processor.py:840} INFO - DAG(s) 'example_bash_operator' retrieved from /home/airflow/.local/lib/python3.9/site-packages/airflow/example_dags/example_bash_operator.py
[2025-12-11T04:31:40.057+0000] {logging_mixin.py:188} INFO - [2025-12-11T04:31:40.057+0000] {dag.py:3096} INFO - Sync 1 DAGs
[2025-12-11T04:31:40.124+0000] {logging_mixin.py:188} INFO - [2025-12-11T04:31:40.123+0000] {dag.py:3954} INFO - Setting next_dagrun for example_bash_operator to 2025-12-10 00:00:00+00:00, run_after=2025-12-11 00:00:00+00:00
[2025-12-11T04:31:40.181+0000] {processor.py:183} INFO - Processing /home/airflow/.local/lib/python3.9/site-packages/airflow/example_dags/example_bash_operator.py took 0.257 seconds
[2025-12-11T04:32:10.423+0000] {processor.py:161} INFO - Started process (PID=1819) to work on /home/airflow/.local/lib/python3.9/site-packages/airflow/example_dags/example_bash_operator.py
[2025-12-11T04:32:10.427+0000] {processor.py:830} INFO - Processing file /home/airflow/.local/lib/python3.9/site-packages/airflow/example_dags/example_bash_operator.py for tasks to queue
[2025-12-11T04:32:10.430+0000] {logging_mixin.py:188} INFO - [2025-12-11T04:32:10.429+0000] {dagbag.py:545} INFO - Filling up the DagBag from /home/airflow/.local/lib/python3.9/site-packages/airflow/example_dags/example_bash_operator.py
[2025-12-11T04:32:10.449+0000] {processor.py:840} INFO - DAG(s) 'example_bash_operator' retrieved from /home/airflow/.local/lib/python3.9/site-packages/airflow/example_dags/example_bash_operator.py
[2025-12-11T04:32:10.528+0000] {logging_mixin.py:188} INFO - [2025-12-11T04:32:10.527+0000] {dag.py:3096} INFO - Sync 1 DAGs
[2025-12-11T04:32:10.604+0000] {logging_mixin.py:188} INFO - [2025-12-11T04:32:10.603+0000] {dag.py:3954} INFO - Setting next_dagrun for example_bash_operator to 2025-12-10 00:00:00+00:00, run_after=2025-12-11 00:00:00+00:00
[2025-12-11T04:32:10.659+0000] {processor.py:183} INFO - Processing /home/airflow/.local/lib/python3.9/site-packages/airflow/example_dags/example_bash_operator.py took 0.253 seconds
[2025-12-11T04:32:41.245+0000] {processor.py:161} INFO - Started process (PID=1885) to work on /home/airflow/.local/lib/python3.9/site-packages/airflow/example_dags/example_bash_operator.py
[2025-12-11T04:32:41.247+0000] {processor.py:830} INFO - Processing file /home/airflow/.local/lib/python3.9/site-packages/airflow/example_dags/example_bash_operator.py for tasks to queue
[2025-12-11T04:32:41.251+0000] {logging_mixin.py:188} INFO - [2025-12-11T04:32:41.250+0000] {dagbag.py:545} INFO - Filling up the DagBag from /home/airflow/.local/lib/python3.9/site-packages/airflow/example_dags/example_bash_operator.py
[2025-12-11T04:32:41.279+0000] {processor.py:840} INFO - DAG(s) 'example_bash_operator' retrieved from /home/airflow/.local/lib/python3.9/site-packages/airflow/example_dags/example_bash_operator.py
[2025-12-11T04:32:41.345+0000] {logging_mixin.py:188} INFO - [2025-12-11T04:32:41.344+0000] {dag.py:3096} INFO - Sync 1 DAGs
[2025-12-11T04:32:41.425+0000] {logging_mixin.py:188} INFO - [2025-12-11T04:32:41.424+0000] {dag.py:3954} INFO - Setting next_dagrun for example_bash_operator to 2025-12-10 00:00:00+00:00, run_after=2025-12-11 00:00:00+00:00
[2025-12-11T04:32:41.499+0000] {processor.py:183} INFO - Processing /home/airflow/.local/lib/python3.9/site-packages/airflow/example_dags/example_bash_operator.py took 0.272 seconds
[2025-12-11T04:33:11.901+0000] {processor.py:161} INFO - Started process (PID=1951) to work on /home/airflow/.local/lib/python3.9/site-packages/airflow/example_dags/example_bash_operator.py
[2025-12-11T04:33:11.903+0000] {processor.py:830} INFO - Processing file /home/airflow/.local/lib/python3.9/site-packages/airflow/example_dags/example_bash_operator.py for tasks to queue
[2025-12-11T04:33:11.905+0000] {logging_mixin.py:188} INFO - [2025-12-11T04:33:11.905+0000] {dagbag.py:545} INFO - Filling up the DagBag from /home/airflow/.local/lib/python3.9/site-packages/airflow/example_dags/example_bash_operator.py
[2025-12-11T04:33:11.924+0000] {processor.py:840} INFO - DAG(s) 'example_bash_operator' retrieved from /home/airflow/.local/lib/python3.9/site-packages/airflow/example_dags/example_bash_operator.py
[2025-12-11T04:33:11.987+0000] {logging_mixin.py:188} INFO - [2025-12-11T04:33:11.986+0000] {dag.py:3096} INFO - Sync 1 DAGs
[2025-12-11T04:33:12.033+0000] {logging_mixin.py:188} INFO - [2025-12-11T04:33:12.032+0000] {dag.py:3954} INFO - Setting next_dagrun for example_bash_operator to 2025-12-10 00:00:00+00:00, run_after=2025-12-11 00:00:00+00:00
[2025-12-11T04:33:12.065+0000] {processor.py:183} INFO - Processing /home/airflow/.local/lib/python3.9/site-packages/airflow/example_dags/example_bash_operator.py took 0.177 seconds
[2025-12-11T04:33:42.606+0000] {processor.py:161} INFO - Started process (PID=2018) to work on /home/airflow/.local/lib/python3.9/site-packages/airflow/example_dags/example_bash_operator.py
[2025-12-11T04:33:42.617+0000] {processor.py:830} INFO - Processing file /home/airflow/.local/lib/python3.9/site-packages/airflow/example_dags/example_bash_operator.py for tasks to queue
[2025-12-11T04:33:42.620+0000] {logging_mixin.py:188} INFO - [2025-12-11T04:33:42.620+0000] {dagbag.py:545} INFO - Filling up the DagBag from /home/airflow/.local/lib/python3.9/site-packages/airflow/example_dags/example_bash_operator.py
[2025-12-11T04:33:42.648+0000] {processor.py:840} INFO - DAG(s) 'example_bash_operator' retrieved from /home/airflow/.local/lib/python3.9/site-packages/airflow/example_dags/example_bash_operator.py
[2025-12-11T04:33:42.797+0000] {logging_mixin.py:188} INFO - [2025-12-11T04:33:42.780+0000] {dag.py:3096} INFO - Sync 1 DAGs
[2025-12-11T04:33:42.958+0000] {logging_mixin.py:188} INFO - [2025-12-11T04:33:42.958+0000] {dag.py:3954} INFO - Setting next_dagrun for example_bash_operator to 2025-12-10 00:00:00+00:00, run_after=2025-12-11 00:00:00+00:00
[2025-12-11T04:33:43.064+0000] {processor.py:183} INFO - Processing /home/airflow/.local/lib/python3.9/site-packages/airflow/example_dags/example_bash_operator.py took 0.479 seconds
[2025-12-11T04:34:13.329+0000] {processor.py:161} INFO - Started process (PID=2085) to work on /home/airflow/.local/lib/python3.9/site-packages/airflow/example_dags/example_bash_operator.py
[2025-12-11T04:34:13.348+0000] {processor.py:830} INFO - Processing file /home/airflow/.local/lib/python3.9/site-packages/airflow/example_dags/example_bash_operator.py for tasks to queue
[2025-12-11T04:34:13.351+0000] {logging_mixin.py:188} INFO - [2025-12-11T04:34:13.350+0000] {dagbag.py:545} INFO - Filling up the DagBag from /home/airflow/.local/lib/python3.9/site-packages/airflow/example_dags/example_bash_operator.py
[2025-12-11T04:34:13.367+0000] {processor.py:840} INFO - DAG(s) 'example_bash_operator' retrieved from /home/airflow/.local/lib/python3.9/site-packages/airflow/example_dags/example_bash_operator.py
[2025-12-11T04:34:13.405+0000] {logging_mixin.py:188} INFO - [2025-12-11T04:34:13.405+0000] {dag.py:3096} INFO - Sync 1 DAGs
[2025-12-11T04:34:13.437+0000] {logging_mixin.py:188} INFO - [2025-12-11T04:34:13.437+0000] {dag.py:3954} INFO - Setting next_dagrun for example_bash_operator to 2025-12-10 00:00:00+00:00, run_after=2025-12-11 00:00:00+00:00
[2025-12-11T04:34:13.560+0000] {processor.py:183} INFO - Processing /home/airflow/.local/lib/python3.9/site-packages/airflow/example_dags/example_bash_operator.py took 0.241 seconds
[2025-12-11T04:34:44.925+0000] {processor.py:161} INFO - Started process (PID=2153) to work on /home/airflow/.local/lib/python3.9/site-packages/airflow/example_dags/example_bash_operator.py
[2025-12-11T04:34:44.927+0000] {processor.py:830} INFO - Processing file /home/airflow/.local/lib/python3.9/site-packages/airflow/example_dags/example_bash_operator.py for tasks to queue
[2025-12-11T04:34:44.929+0000] {logging_mixin.py:188} INFO - [2025-12-11T04:34:44.929+0000] {dagbag.py:545} INFO - Filling up the DagBag from /home/airflow/.local/lib/python3.9/site-packages/airflow/example_dags/example_bash_operator.py
[2025-12-11T04:34:44.962+0000] {processor.py:840} INFO - DAG(s) 'example_bash_operator' retrieved from /home/airflow/.local/lib/python3.9/site-packages/airflow/example_dags/example_bash_operator.py
[2025-12-11T04:34:45.060+0000] {logging_mixin.py:188} INFO - [2025-12-11T04:34:45.059+0000] {dag.py:3096} INFO - Sync 1 DAGs
[2025-12-11T04:34:45.126+0000] {logging_mixin.py:188} INFO - [2025-12-11T04:34:45.126+0000] {dag.py:3954} INFO - Setting next_dagrun for example_bash_operator to 2025-12-10 00:00:00+00:00, run_after=2025-12-11 00:00:00+00:00
[2025-12-11T04:34:45.177+0000] {processor.py:183} INFO - Processing /home/airflow/.local/lib/python3.9/site-packages/airflow/example_dags/example_bash_operator.py took 0.271 seconds
[2025-12-11T04:35:16.047+0000] {processor.py:161} INFO - Started process (PID=2220) to work on /home/airflow/.local/lib/python3.9/site-packages/airflow/example_dags/example_bash_operator.py
[2025-12-11T04:35:16.049+0000] {processor.py:830} INFO - Processing file /home/airflow/.local/lib/python3.9/site-packages/airflow/example_dags/example_bash_operator.py for tasks to queue
[2025-12-11T04:35:16.052+0000] {logging_mixin.py:188} INFO - [2025-12-11T04:35:16.051+0000] {dagbag.py:545} INFO - Filling up the DagBag from /home/airflow/.local/lib/python3.9/site-packages/airflow/example_dags/example_bash_operator.py
[2025-12-11T04:35:16.071+0000] {processor.py:840} INFO - DAG(s) 'example_bash_operator' retrieved from /home/airflow/.local/lib/python3.9/site-packages/airflow/example_dags/example_bash_operator.py
[2025-12-11T04:35:16.118+0000] {logging_mixin.py:188} INFO - [2025-12-11T04:35:16.118+0000] {dag.py:3096} INFO - Sync 1 DAGs
[2025-12-11T04:35:16.156+0000] {logging_mixin.py:188} INFO - [2025-12-11T04:35:16.156+0000] {dag.py:3954} INFO - Setting next_dagrun for example_bash_operator to 2025-12-10 00:00:00+00:00, run_after=2025-12-11 00:00:00+00:00
[2025-12-11T04:35:16.182+0000] {processor.py:183} INFO - Processing /home/airflow/.local/lib/python3.9/site-packages/airflow/example_dags/example_bash_operator.py took 0.146 seconds
[2025-12-11T04:35:47.251+0000] {processor.py:161} INFO - Started process (PID=2295) to work on /home/airflow/.local/lib/python3.9/site-packages/airflow/example_dags/example_bash_operator.py
[2025-12-11T04:35:47.425+0000] {processor.py:830} INFO - Processing file /home/airflow/.local/lib/python3.9/site-packages/airflow/example_dags/example_bash_operator.py for tasks to queue
[2025-12-11T04:35:47.429+0000] {logging_mixin.py:188} INFO - [2025-12-11T04:35:47.428+0000] {dagbag.py:545} INFO - Filling up the DagBag from /home/airflow/.local/lib/python3.9/site-packages/airflow/example_dags/example_bash_operator.py
[2025-12-11T04:35:47.449+0000] {processor.py:840} INFO - DAG(s) 'example_bash_operator' retrieved from /home/airflow/.local/lib/python3.9/site-packages/airflow/example_dags/example_bash_operator.py
[2025-12-11T04:35:47.526+0000] {logging_mixin.py:188} INFO - [2025-12-11T04:35:47.526+0000] {dag.py:3096} INFO - Sync 1 DAGs
[2025-12-11T04:35:47.643+0000] {logging_mixin.py:188} INFO - [2025-12-11T04:35:47.643+0000] {dag.py:3954} INFO - Setting next_dagrun for example_bash_operator to 2025-12-10 00:00:00+00:00, run_after=2025-12-11 00:00:00+00:00
[2025-12-11T04:35:47.732+0000] {processor.py:183} INFO - Processing /home/airflow/.local/lib/python3.9/site-packages/airflow/example_dags/example_bash_operator.py took 0.501 seconds
[2025-12-11T04:36:18.007+0000] {processor.py:161} INFO - Started process (PID=2355) to work on /home/airflow/.local/lib/python3.9/site-packages/airflow/example_dags/example_bash_operator.py
[2025-12-11T04:36:18.165+0000] {processor.py:830} INFO - Processing file /home/airflow/.local/lib/python3.9/site-packages/airflow/example_dags/example_bash_operator.py for tasks to queue
[2025-12-11T04:36:18.169+0000] {logging_mixin.py:188} INFO - [2025-12-11T04:36:18.168+0000] {dagbag.py:545} INFO - Filling up the DagBag from /home/airflow/.local/lib/python3.9/site-packages/airflow/example_dags/example_bash_operator.py
[2025-12-11T04:36:18.192+0000] {processor.py:840} INFO - DAG(s) 'example_bash_operator' retrieved from /home/airflow/.local/lib/python3.9/site-packages/airflow/example_dags/example_bash_operator.py
[2025-12-11T04:36:18.257+0000] {logging_mixin.py:188} INFO - [2025-12-11T04:36:18.254+0000] {dag.py:3096} INFO - Sync 1 DAGs
[2025-12-11T04:36:18.303+0000] {logging_mixin.py:188} INFO - [2025-12-11T04:36:18.303+0000] {dag.py:3954} INFO - Setting next_dagrun for example_bash_operator to 2025-12-10 00:00:00+00:00, run_after=2025-12-11 00:00:00+00:00
[2025-12-11T04:36:18.384+0000] {processor.py:183} INFO - Processing /home/airflow/.local/lib/python3.9/site-packages/airflow/example_dags/example_bash_operator.py took 0.393 seconds
[2025-12-11T04:36:49.047+0000] {processor.py:161} INFO - Started process (PID=2422) to work on /home/airflow/.local/lib/python3.9/site-packages/airflow/example_dags/example_bash_operator.py
[2025-12-11T04:36:49.049+0000] {processor.py:830} INFO - Processing file /home/airflow/.local/lib/python3.9/site-packages/airflow/example_dags/example_bash_operator.py for tasks to queue
[2025-12-11T04:36:49.052+0000] {logging_mixin.py:188} INFO - [2025-12-11T04:36:49.051+0000] {dagbag.py:545} INFO - Filling up the DagBag from /home/airflow/.local/lib/python3.9/site-packages/airflow/example_dags/example_bash_operator.py
[2025-12-11T04:36:49.069+0000] {processor.py:840} INFO - DAG(s) 'example_bash_operator' retrieved from /home/airflow/.local/lib/python3.9/site-packages/airflow/example_dags/example_bash_operator.py
[2025-12-11T04:36:49.121+0000] {logging_mixin.py:188} INFO - [2025-12-11T04:36:49.121+0000] {dag.py:3096} INFO - Sync 1 DAGs
[2025-12-11T04:36:49.164+0000] {logging_mixin.py:188} INFO - [2025-12-11T04:36:49.163+0000] {dag.py:3954} INFO - Setting next_dagrun for example_bash_operator to 2025-12-10 00:00:00+00:00, run_after=2025-12-11 00:00:00+00:00
[2025-12-11T04:36:49.199+0000] {processor.py:183} INFO - Processing /home/airflow/.local/lib/python3.9/site-packages/airflow/example_dags/example_bash_operator.py took 0.162 seconds
[2025-12-11T04:37:19.327+0000] {processor.py:161} INFO - Started process (PID=2488) to work on /home/airflow/.local/lib/python3.9/site-packages/airflow/example_dags/example_bash_operator.py
[2025-12-11T04:37:19.328+0000] {processor.py:830} INFO - Processing file /home/airflow/.local/lib/python3.9/site-packages/airflow/example_dags/example_bash_operator.py for tasks to queue
[2025-12-11T04:37:19.331+0000] {logging_mixin.py:188} INFO - [2025-12-11T04:37:19.330+0000] {dagbag.py:545} INFO - Filling up the DagBag from /home/airflow/.local/lib/python3.9/site-packages/airflow/example_dags/example_bash_operator.py
[2025-12-11T04:37:19.351+0000] {processor.py:840} INFO - DAG(s) 'example_bash_operator' retrieved from /home/airflow/.local/lib/python3.9/site-packages/airflow/example_dags/example_bash_operator.py
[2025-12-11T04:37:19.438+0000] {logging_mixin.py:188} INFO - [2025-12-11T04:37:19.437+0000] {dag.py:3096} INFO - Sync 1 DAGs
[2025-12-11T04:37:19.505+0000] {logging_mixin.py:188} INFO - [2025-12-11T04:37:19.504+0000] {dag.py:3954} INFO - Setting next_dagrun for example_bash_operator to 2025-12-10 00:00:00+00:00, run_after=2025-12-11 00:00:00+00:00
[2025-12-11T04:37:19.560+0000] {processor.py:183} INFO - Processing /home/airflow/.local/lib/python3.9/site-packages/airflow/example_dags/example_bash_operator.py took 0.244 seconds
[2025-12-11T04:37:50.446+0000] {processor.py:161} INFO - Started process (PID=2555) to work on /home/airflow/.local/lib/python3.9/site-packages/airflow/example_dags/example_bash_operator.py
[2025-12-11T04:37:50.447+0000] {processor.py:830} INFO - Processing file /home/airflow/.local/lib/python3.9/site-packages/airflow/example_dags/example_bash_operator.py for tasks to queue
[2025-12-11T04:37:50.450+0000] {logging_mixin.py:188} INFO - [2025-12-11T04:37:50.449+0000] {dagbag.py:545} INFO - Filling up the DagBag from /home/airflow/.local/lib/python3.9/site-packages/airflow/example_dags/example_bash_operator.py
[2025-12-11T04:37:50.469+0000] {processor.py:840} INFO - DAG(s) 'example_bash_operator' retrieved from /home/airflow/.local/lib/python3.9/site-packages/airflow/example_dags/example_bash_operator.py
[2025-12-11T04:37:50.519+0000] {logging_mixin.py:188} INFO - [2025-12-11T04:37:50.519+0000] {dag.py:3096} INFO - Sync 1 DAGs
[2025-12-11T04:37:50.560+0000] {logging_mixin.py:188} INFO - [2025-12-11T04:37:50.560+0000] {dag.py:3954} INFO - Setting next_dagrun for example_bash_operator to 2025-12-10 00:00:00+00:00, run_after=2025-12-11 00:00:00+00:00
[2025-12-11T04:37:50.589+0000] {processor.py:183} INFO - Processing /home/airflow/.local/lib/python3.9/site-packages/airflow/example_dags/example_bash_operator.py took 0.152 seconds
[2025-12-11T04:38:21.389+0000] {processor.py:161} INFO - Started process (PID=2622) to work on /home/airflow/.local/lib/python3.9/site-packages/airflow/example_dags/example_bash_operator.py
[2025-12-11T04:38:21.405+0000] {processor.py:830} INFO - Processing file /home/airflow/.local/lib/python3.9/site-packages/airflow/example_dags/example_bash_operator.py for tasks to queue
[2025-12-11T04:38:21.408+0000] {logging_mixin.py:188} INFO - [2025-12-11T04:38:21.407+0000] {dagbag.py:545} INFO - Filling up the DagBag from /home/airflow/.local/lib/python3.9/site-packages/airflow/example_dags/example_bash_operator.py
[2025-12-11T04:38:21.427+0000] {processor.py:840} INFO - DAG(s) 'example_bash_operator' retrieved from /home/airflow/.local/lib/python3.9/site-packages/airflow/example_dags/example_bash_operator.py
[2025-12-11T04:38:21.478+0000] {logging_mixin.py:188} INFO - [2025-12-11T04:38:21.477+0000] {dag.py:3096} INFO - Sync 1 DAGs
[2025-12-11T04:38:21.522+0000] {logging_mixin.py:188} INFO - [2025-12-11T04:38:21.521+0000] {dag.py:3954} INFO - Setting next_dagrun for example_bash_operator to 2025-12-10 00:00:00+00:00, run_after=2025-12-11 00:00:00+00:00
[2025-12-11T04:38:21.572+0000] {processor.py:183} INFO - Processing /home/airflow/.local/lib/python3.9/site-packages/airflow/example_dags/example_bash_operator.py took 0.191 seconds
[2025-12-11T04:38:52.257+0000] {processor.py:161} INFO - Started process (PID=2689) to work on /home/airflow/.local/lib/python3.9/site-packages/airflow/example_dags/example_bash_operator.py
[2025-12-11T04:38:52.259+0000] {processor.py:830} INFO - Processing file /home/airflow/.local/lib/python3.9/site-packages/airflow/example_dags/example_bash_operator.py for tasks to queue
[2025-12-11T04:38:52.262+0000] {logging_mixin.py:188} INFO - [2025-12-11T04:38:52.261+0000] {dagbag.py:545} INFO - Filling up the DagBag from /home/airflow/.local/lib/python3.9/site-packages/airflow/example_dags/example_bash_operator.py
[2025-12-11T04:38:52.279+0000] {processor.py:840} INFO - DAG(s) 'example_bash_operator' retrieved from /home/airflow/.local/lib/python3.9/site-packages/airflow/example_dags/example_bash_operator.py
[2025-12-11T04:38:52.325+0000] {logging_mixin.py:188} INFO - [2025-12-11T04:38:52.325+0000] {dag.py:3096} INFO - Sync 1 DAGs
[2025-12-11T04:38:52.362+0000] {logging_mixin.py:188} INFO - [2025-12-11T04:38:52.362+0000] {dag.py:3954} INFO - Setting next_dagrun for example_bash_operator to 2025-12-10 00:00:00+00:00, run_after=2025-12-11 00:00:00+00:00
[2025-12-11T04:38:52.387+0000] {processor.py:183} INFO - Processing /home/airflow/.local/lib/python3.9/site-packages/airflow/example_dags/example_bash_operator.py took 0.144 seconds
[2025-12-11T04:39:23.263+0000] {processor.py:161} INFO - Started process (PID=2756) to work on /home/airflow/.local/lib/python3.9/site-packages/airflow/example_dags/example_bash_operator.py
[2025-12-11T04:39:23.322+0000] {processor.py:830} INFO - Processing file /home/airflow/.local/lib/python3.9/site-packages/airflow/example_dags/example_bash_operator.py for tasks to queue
[2025-12-11T04:39:23.325+0000] {logging_mixin.py:188} INFO - [2025-12-11T04:39:23.324+0000] {dagbag.py:545} INFO - Filling up the DagBag from /home/airflow/.local/lib/python3.9/site-packages/airflow/example_dags/example_bash_operator.py
[2025-12-11T04:39:23.365+0000] {processor.py:840} INFO - DAG(s) 'example_bash_operator' retrieved from /home/airflow/.local/lib/python3.9/site-packages/airflow/example_dags/example_bash_operator.py
[2025-12-11T04:39:23.503+0000] {logging_mixin.py:188} INFO - [2025-12-11T04:39:23.502+0000] {dag.py:3096} INFO - Sync 1 DAGs
[2025-12-11T04:39:23.584+0000] {logging_mixin.py:188} INFO - [2025-12-11T04:39:23.584+0000] {dag.py:3954} INFO - Setting next_dagrun for example_bash_operator to 2025-12-10 00:00:00+00:00, run_after=2025-12-11 00:00:00+00:00
[2025-12-11T04:39:23.677+0000] {processor.py:183} INFO - Processing /home/airflow/.local/lib/python3.9/site-packages/airflow/example_dags/example_bash_operator.py took 0.434 seconds
[2025-12-11T04:39:54.003+0000] {processor.py:161} INFO - Started process (PID=2821) to work on /home/airflow/.local/lib/python3.9/site-packages/airflow/example_dags/example_bash_operator.py
[2025-12-11T04:39:54.005+0000] {processor.py:830} INFO - Processing file /home/airflow/.local/lib/python3.9/site-packages/airflow/example_dags/example_bash_operator.py for tasks to queue
[2025-12-11T04:39:54.008+0000] {logging_mixin.py:188} INFO - [2025-12-11T04:39:54.008+0000] {dagbag.py:545} INFO - Filling up the DagBag from /home/airflow/.local/lib/python3.9/site-packages/airflow/example_dags/example_bash_operator.py
[2025-12-11T04:39:54.027+0000] {processor.py:840} INFO - DAG(s) 'example_bash_operator' retrieved from /home/airflow/.local/lib/python3.9/site-packages/airflow/example_dags/example_bash_operator.py
[2025-12-11T04:39:54.108+0000] {logging_mixin.py:188} INFO - [2025-12-11T04:39:54.107+0000] {dag.py:3096} INFO - Sync 1 DAGs
[2025-12-11T04:39:54.164+0000] {logging_mixin.py:188} INFO - [2025-12-11T04:39:54.163+0000] {dag.py:3954} INFO - Setting next_dagrun for example_bash_operator to 2025-12-10 00:00:00+00:00, run_after=2025-12-11 00:00:00+00:00
[2025-12-11T04:39:54.208+0000] {processor.py:183} INFO - Processing /home/airflow/.local/lib/python3.9/site-packages/airflow/example_dags/example_bash_operator.py took 0.215 seconds
[2025-12-11T04:40:25.151+0000] {processor.py:161} INFO - Started process (PID=2888) to work on /home/airflow/.local/lib/python3.9/site-packages/airflow/example_dags/example_bash_operator.py
[2025-12-11T04:40:25.157+0000] {processor.py:830} INFO - Processing file /home/airflow/.local/lib/python3.9/site-packages/airflow/example_dags/example_bash_operator.py for tasks to queue
[2025-12-11T04:40:25.162+0000] {logging_mixin.py:188} INFO - [2025-12-11T04:40:25.161+0000] {dagbag.py:545} INFO - Filling up the DagBag from /home/airflow/.local/lib/python3.9/site-packages/airflow/example_dags/example_bash_operator.py
[2025-12-11T04:40:25.191+0000] {processor.py:840} INFO - DAG(s) 'example_bash_operator' retrieved from /home/airflow/.local/lib/python3.9/site-packages/airflow/example_dags/example_bash_operator.py
[2025-12-11T04:40:25.264+0000] {logging_mixin.py:188} INFO - [2025-12-11T04:40:25.263+0000] {dag.py:3096} INFO - Sync 1 DAGs
[2025-12-11T04:40:25.311+0000] {logging_mixin.py:188} INFO - [2025-12-11T04:40:25.310+0000] {dag.py:3954} INFO - Setting next_dagrun for example_bash_operator to 2025-12-10 00:00:00+00:00, run_after=2025-12-11 00:00:00+00:00
[2025-12-11T04:40:25.343+0000] {processor.py:183} INFO - Processing /home/airflow/.local/lib/python3.9/site-packages/airflow/example_dags/example_bash_operator.py took 0.206 seconds
[2025-12-11T04:40:55.771+0000] {processor.py:161} INFO - Started process (PID=2955) to work on /home/airflow/.local/lib/python3.9/site-packages/airflow/example_dags/example_bash_operator.py
[2025-12-11T04:40:55.803+0000] {processor.py:830} INFO - Processing file /home/airflow/.local/lib/python3.9/site-packages/airflow/example_dags/example_bash_operator.py for tasks to queue
[2025-12-11T04:40:55.808+0000] {logging_mixin.py:188} INFO - [2025-12-11T04:40:55.807+0000] {dagbag.py:545} INFO - Filling up the DagBag from /home/airflow/.local/lib/python3.9/site-packages/airflow/example_dags/example_bash_operator.py
[2025-12-11T04:40:55.825+0000] {processor.py:840} INFO - DAG(s) 'example_bash_operator' retrieved from /home/airflow/.local/lib/python3.9/site-packages/airflow/example_dags/example_bash_operator.py
[2025-12-11T04:40:55.877+0000] {logging_mixin.py:188} INFO - [2025-12-11T04:40:55.876+0000] {dag.py:3096} INFO - Sync 1 DAGs
[2025-12-11T04:40:55.919+0000] {logging_mixin.py:188} INFO - [2025-12-11T04:40:55.918+0000] {dag.py:3954} INFO - Setting next_dagrun for example_bash_operator to 2025-12-10 00:00:00+00:00, run_after=2025-12-11 00:00:00+00:00
[2025-12-11T04:40:55.952+0000] {processor.py:183} INFO - Processing /home/airflow/.local/lib/python3.9/site-packages/airflow/example_dags/example_bash_operator.py took 0.193 seconds
[2025-12-11T04:41:26.463+0000] {processor.py:161} INFO - Started process (PID=3022) to work on /home/airflow/.local/lib/python3.9/site-packages/airflow/example_dags/example_bash_operator.py
[2025-12-11T04:41:26.465+0000] {processor.py:830} INFO - Processing file /home/airflow/.local/lib/python3.9/site-packages/airflow/example_dags/example_bash_operator.py for tasks to queue
[2025-12-11T04:41:26.468+0000] {logging_mixin.py:188} INFO - [2025-12-11T04:41:26.468+0000] {dagbag.py:545} INFO - Filling up the DagBag from /home/airflow/.local/lib/python3.9/site-packages/airflow/example_dags/example_bash_operator.py
[2025-12-11T04:41:26.497+0000] {processor.py:840} INFO - DAG(s) 'example_bash_operator' retrieved from /home/airflow/.local/lib/python3.9/site-packages/airflow/example_dags/example_bash_operator.py
[2025-12-11T04:41:26.789+0000] {logging_mixin.py:188} INFO - [2025-12-11T04:41:26.788+0000] {dag.py:3096} INFO - Sync 1 DAGs
[2025-12-11T04:41:26.821+0000] {logging_mixin.py:188} INFO - [2025-12-11T04:41:26.820+0000] {dag.py:3954} INFO - Setting next_dagrun for example_bash_operator to 2025-12-10 00:00:00+00:00, run_after=2025-12-11 00:00:00+00:00
[2025-12-11T04:41:26.844+0000] {processor.py:183} INFO - Processing /home/airflow/.local/lib/python3.9/site-packages/airflow/example_dags/example_bash_operator.py took 0.393 seconds
[2025-12-11T04:41:57.160+0000] {processor.py:161} INFO - Started process (PID=3090) to work on /home/airflow/.local/lib/python3.9/site-packages/airflow/example_dags/example_bash_operator.py
[2025-12-11T04:41:57.162+0000] {processor.py:830} INFO - Processing file /home/airflow/.local/lib/python3.9/site-packages/airflow/example_dags/example_bash_operator.py for tasks to queue
[2025-12-11T04:41:57.165+0000] {logging_mixin.py:188} INFO - [2025-12-11T04:41:57.164+0000] {dagbag.py:545} INFO - Filling up the DagBag from /home/airflow/.local/lib/python3.9/site-packages/airflow/example_dags/example_bash_operator.py
[2025-12-11T04:41:57.185+0000] {processor.py:840} INFO - DAG(s) 'example_bash_operator' retrieved from /home/airflow/.local/lib/python3.9/site-packages/airflow/example_dags/example_bash_operator.py
[2025-12-11T04:41:57.237+0000] {logging_mixin.py:188} INFO - [2025-12-11T04:41:57.237+0000] {dag.py:3096} INFO - Sync 1 DAGs
[2025-12-11T04:41:57.570+0000] {logging_mixin.py:188} INFO - [2025-12-11T04:41:57.569+0000] {dag.py:3954} INFO - Setting next_dagrun for example_bash_operator to 2025-12-10 00:00:00+00:00, run_after=2025-12-11 00:00:00+00:00
[2025-12-11T04:41:57.593+0000] {processor.py:183} INFO - Processing /home/airflow/.local/lib/python3.9/site-packages/airflow/example_dags/example_bash_operator.py took 0.443 seconds
[2025-12-11T04:42:28.097+0000] {processor.py:161} INFO - Started process (PID=3157) to work on /home/airflow/.local/lib/python3.9/site-packages/airflow/example_dags/example_bash_operator.py
[2025-12-11T04:42:28.098+0000] {processor.py:830} INFO - Processing file /home/airflow/.local/lib/python3.9/site-packages/airflow/example_dags/example_bash_operator.py for tasks to queue
[2025-12-11T04:42:28.102+0000] {logging_mixin.py:188} INFO - [2025-12-11T04:42:28.102+0000] {dagbag.py:545} INFO - Filling up the DagBag from /home/airflow/.local/lib/python3.9/site-packages/airflow/example_dags/example_bash_operator.py
[2025-12-11T04:42:28.125+0000] {processor.py:840} INFO - DAG(s) 'example_bash_operator' retrieved from /home/airflow/.local/lib/python3.9/site-packages/airflow/example_dags/example_bash_operator.py
[2025-12-11T04:42:28.188+0000] {logging_mixin.py:188} INFO - [2025-12-11T04:42:28.187+0000] {dag.py:3096} INFO - Sync 1 DAGs
[2025-12-11T04:42:28.262+0000] {logging_mixin.py:188} INFO - [2025-12-11T04:42:28.261+0000] {dag.py:3954} INFO - Setting next_dagrun for example_bash_operator to 2025-12-10 00:00:00+00:00, run_after=2025-12-11 00:00:00+00:00
[2025-12-11T04:42:28.342+0000] {processor.py:183} INFO - Processing /home/airflow/.local/lib/python3.9/site-packages/airflow/example_dags/example_bash_operator.py took 0.262 seconds
[2025-12-11T04:42:58.709+0000] {processor.py:161} INFO - Started process (PID=3224) to work on /home/airflow/.local/lib/python3.9/site-packages/airflow/example_dags/example_bash_operator.py
[2025-12-11T04:42:58.711+0000] {processor.py:830} INFO - Processing file /home/airflow/.local/lib/python3.9/site-packages/airflow/example_dags/example_bash_operator.py for tasks to queue
[2025-12-11T04:42:58.714+0000] {logging_mixin.py:188} INFO - [2025-12-11T04:42:58.714+0000] {dagbag.py:545} INFO - Filling up the DagBag from /home/airflow/.local/lib/python3.9/site-packages/airflow/example_dags/example_bash_operator.py
[2025-12-11T04:42:58.730+0000] {processor.py:840} INFO - DAG(s) 'example_bash_operator' retrieved from /home/airflow/.local/lib/python3.9/site-packages/airflow/example_dags/example_bash_operator.py
[2025-12-11T04:42:58.781+0000] {logging_mixin.py:188} INFO - [2025-12-11T04:42:58.780+0000] {dag.py:3096} INFO - Sync 1 DAGs
[2025-12-11T04:42:58.820+0000] {logging_mixin.py:188} INFO - [2025-12-11T04:42:58.820+0000] {dag.py:3954} INFO - Setting next_dagrun for example_bash_operator to 2025-12-10 00:00:00+00:00, run_after=2025-12-11 00:00:00+00:00
[2025-12-11T04:42:58.849+0000] {processor.py:183} INFO - Processing /home/airflow/.local/lib/python3.9/site-packages/airflow/example_dags/example_bash_operator.py took 0.149 seconds
[2025-12-11T04:43:29.017+0000] {processor.py:161} INFO - Started process (PID=3291) to work on /home/airflow/.local/lib/python3.9/site-packages/airflow/example_dags/example_bash_operator.py
[2025-12-11T04:43:29.018+0000] {processor.py:830} INFO - Processing file /home/airflow/.local/lib/python3.9/site-packages/airflow/example_dags/example_bash_operator.py for tasks to queue
[2025-12-11T04:43:29.022+0000] {logging_mixin.py:188} INFO - [2025-12-11T04:43:29.022+0000] {dagbag.py:545} INFO - Filling up the DagBag from /home/airflow/.local/lib/python3.9/site-packages/airflow/example_dags/example_bash_operator.py
[2025-12-11T04:43:29.046+0000] {processor.py:840} INFO - DAG(s) 'example_bash_operator' retrieved from /home/airflow/.local/lib/python3.9/site-packages/airflow/example_dags/example_bash_operator.py
[2025-12-11T04:43:29.108+0000] {logging_mixin.py:188} INFO - [2025-12-11T04:43:29.108+0000] {dag.py:3096} INFO - Sync 1 DAGs
[2025-12-11T04:43:29.146+0000] {logging_mixin.py:188} INFO - [2025-12-11T04:43:29.146+0000] {dag.py:3954} INFO - Setting next_dagrun for example_bash_operator to 2025-12-10 00:00:00+00:00, run_after=2025-12-11 00:00:00+00:00
[2025-12-11T04:43:29.173+0000] {processor.py:183} INFO - Processing /home/airflow/.local/lib/python3.9/site-packages/airflow/example_dags/example_bash_operator.py took 0.170 seconds
[2025-12-11T04:43:59.371+0000] {processor.py:161} INFO - Started process (PID=3358) to work on /home/airflow/.local/lib/python3.9/site-packages/airflow/example_dags/example_bash_operator.py
[2025-12-11T04:43:59.385+0000] {processor.py:830} INFO - Processing file /home/airflow/.local/lib/python3.9/site-packages/airflow/example_dags/example_bash_operator.py for tasks to queue
[2025-12-11T04:43:59.389+0000] {logging_mixin.py:188} INFO - [2025-12-11T04:43:59.389+0000] {dagbag.py:545} INFO - Filling up the DagBag from /home/airflow/.local/lib/python3.9/site-packages/airflow/example_dags/example_bash_operator.py
[2025-12-11T04:43:59.406+0000] {processor.py:840} INFO - DAG(s) 'example_bash_operator' retrieved from /home/airflow/.local/lib/python3.9/site-packages/airflow/example_dags/example_bash_operator.py
[2025-12-11T04:43:59.459+0000] {logging_mixin.py:188} INFO - [2025-12-11T04:43:59.459+0000] {dag.py:3096} INFO - Sync 1 DAGs
[2025-12-11T04:43:59.493+0000] {logging_mixin.py:188} INFO - [2025-12-11T04:43:59.493+0000] {dag.py:3954} INFO - Setting next_dagrun for example_bash_operator to 2025-12-10 00:00:00+00:00, run_after=2025-12-11 00:00:00+00:00
[2025-12-11T04:43:59.519+0000] {processor.py:183} INFO - Processing /home/airflow/.local/lib/python3.9/site-packages/airflow/example_dags/example_bash_operator.py took 0.159 seconds
[2025-12-11T04:44:29.937+0000] {processor.py:161} INFO - Started process (PID=3425) to work on /home/airflow/.local/lib/python3.9/site-packages/airflow/example_dags/example_bash_operator.py
[2025-12-11T04:44:29.996+0000] {processor.py:830} INFO - Processing file /home/airflow/.local/lib/python3.9/site-packages/airflow/example_dags/example_bash_operator.py for tasks to queue
[2025-12-11T04:44:30.001+0000] {logging_mixin.py:188} INFO - [2025-12-11T04:44:30.000+0000] {dagbag.py:545} INFO - Filling up the DagBag from /home/airflow/.local/lib/python3.9/site-packages/airflow/example_dags/example_bash_operator.py
[2025-12-11T04:44:30.021+0000] {processor.py:840} INFO - DAG(s) 'example_bash_operator' retrieved from /home/airflow/.local/lib/python3.9/site-packages/airflow/example_dags/example_bash_operator.py
[2025-12-11T04:44:30.107+0000] {logging_mixin.py:188} INFO - [2025-12-11T04:44:30.107+0000] {dag.py:3096} INFO - Sync 1 DAGs
[2025-12-11T04:44:30.188+0000] {logging_mixin.py:188} INFO - [2025-12-11T04:44:30.187+0000] {dag.py:3954} INFO - Setting next_dagrun for example_bash_operator to 2025-12-10 00:00:00+00:00, run_after=2025-12-11 00:00:00+00:00
[2025-12-11T04:44:30.351+0000] {processor.py:183} INFO - Processing /home/airflow/.local/lib/python3.9/site-packages/airflow/example_dags/example_bash_operator.py took 0.423 seconds
[2025-12-11T04:45:00.593+0000] {processor.py:161} INFO - Started process (PID=3493) to work on /home/airflow/.local/lib/python3.9/site-packages/airflow/example_dags/example_bash_operator.py
[2025-12-11T04:45:00.600+0000] {processor.py:830} INFO - Processing file /home/airflow/.local/lib/python3.9/site-packages/airflow/example_dags/example_bash_operator.py for tasks to queue
[2025-12-11T04:45:00.602+0000] {logging_mixin.py:188} INFO - [2025-12-11T04:45:00.602+0000] {dagbag.py:545} INFO - Filling up the DagBag from /home/airflow/.local/lib/python3.9/site-packages/airflow/example_dags/example_bash_operator.py
[2025-12-11T04:45:00.626+0000] {processor.py:840} INFO - DAG(s) 'example_bash_operator' retrieved from /home/airflow/.local/lib/python3.9/site-packages/airflow/example_dags/example_bash_operator.py
[2025-12-11T04:45:00.702+0000] {logging_mixin.py:188} INFO - [2025-12-11T04:45:00.701+0000] {dag.py:3096} INFO - Sync 1 DAGs
[2025-12-11T04:45:00.759+0000] {logging_mixin.py:188} INFO - [2025-12-11T04:45:00.758+0000] {dag.py:3954} INFO - Setting next_dagrun for example_bash_operator to 2025-12-10 00:00:00+00:00, run_after=2025-12-11 00:00:00+00:00
[2025-12-11T04:45:00.817+0000] {processor.py:183} INFO - Processing /home/airflow/.local/lib/python3.9/site-packages/airflow/example_dags/example_bash_operator.py took 0.235 seconds
[2025-12-11T04:45:31.022+0000] {processor.py:161} INFO - Started process (PID=3560) to work on /home/airflow/.local/lib/python3.9/site-packages/airflow/example_dags/example_bash_operator.py
[2025-12-11T04:45:31.023+0000] {processor.py:830} INFO - Processing file /home/airflow/.local/lib/python3.9/site-packages/airflow/example_dags/example_bash_operator.py for tasks to queue
[2025-12-11T04:45:31.026+0000] {logging_mixin.py:188} INFO - [2025-12-11T04:45:31.026+0000] {dagbag.py:545} INFO - Filling up the DagBag from /home/airflow/.local/lib/python3.9/site-packages/airflow/example_dags/example_bash_operator.py
[2025-12-11T04:45:31.062+0000] {processor.py:840} INFO - DAG(s) 'example_bash_operator' retrieved from /home/airflow/.local/lib/python3.9/site-packages/airflow/example_dags/example_bash_operator.py
[2025-12-11T04:45:31.149+0000] {logging_mixin.py:188} INFO - [2025-12-11T04:45:31.149+0000] {dag.py:3096} INFO - Sync 1 DAGs
[2025-12-11T04:45:31.220+0000] {logging_mixin.py:188} INFO - [2025-12-11T04:45:31.220+0000] {dag.py:3954} INFO - Setting next_dagrun for example_bash_operator to 2025-12-10 00:00:00+00:00, run_after=2025-12-11 00:00:00+00:00
[2025-12-11T04:45:31.262+0000] {processor.py:183} INFO - Processing /home/airflow/.local/lib/python3.9/site-packages/airflow/example_dags/example_bash_operator.py took 0.258 seconds
[2025-12-11T04:46:01.964+0000] {processor.py:161} INFO - Started process (PID=3628) to work on /home/airflow/.local/lib/python3.9/site-packages/airflow/example_dags/example_bash_operator.py
[2025-12-11T04:46:01.967+0000] {processor.py:830} INFO - Processing file /home/airflow/.local/lib/python3.9/site-packages/airflow/example_dags/example_bash_operator.py for tasks to queue
[2025-12-11T04:46:01.969+0000] {logging_mixin.py:188} INFO - [2025-12-11T04:46:01.969+0000] {dagbag.py:545} INFO - Filling up the DagBag from /home/airflow/.local/lib/python3.9/site-packages/airflow/example_dags/example_bash_operator.py
[2025-12-11T04:46:01.996+0000] {processor.py:840} INFO - DAG(s) 'example_bash_operator' retrieved from /home/airflow/.local/lib/python3.9/site-packages/airflow/example_dags/example_bash_operator.py
[2025-12-11T04:46:02.062+0000] {logging_mixin.py:188} INFO - [2025-12-11T04:46:02.062+0000] {dag.py:3096} INFO - Sync 1 DAGs
[2025-12-11T04:46:02.113+0000] {logging_mixin.py:188} INFO - [2025-12-11T04:46:02.113+0000] {dag.py:3954} INFO - Setting next_dagrun for example_bash_operator to 2025-12-10 00:00:00+00:00, run_after=2025-12-11 00:00:00+00:00
[2025-12-11T04:46:02.213+0000] {processor.py:183} INFO - Processing /home/airflow/.local/lib/python3.9/site-packages/airflow/example_dags/example_bash_operator.py took 0.261 seconds
[2025-12-11T04:46:32.522+0000] {processor.py:161} INFO - Started process (PID=3695) to work on /home/airflow/.local/lib/python3.9/site-packages/airflow/example_dags/example_bash_operator.py
[2025-12-11T04:46:32.524+0000] {processor.py:830} INFO - Processing file /home/airflow/.local/lib/python3.9/site-packages/airflow/example_dags/example_bash_operator.py for tasks to queue
[2025-12-11T04:46:32.527+0000] {logging_mixin.py:188} INFO - [2025-12-11T04:46:32.526+0000] {dagbag.py:545} INFO - Filling up the DagBag from /home/airflow/.local/lib/python3.9/site-packages/airflow/example_dags/example_bash_operator.py
[2025-12-11T04:46:32.543+0000] {processor.py:840} INFO - DAG(s) 'example_bash_operator' retrieved from /home/airflow/.local/lib/python3.9/site-packages/airflow/example_dags/example_bash_operator.py
[2025-12-11T04:46:32.598+0000] {logging_mixin.py:188} INFO - [2025-12-11T04:46:32.598+0000] {dag.py:3096} INFO - Sync 1 DAGs
[2025-12-11T04:46:32.637+0000] {logging_mixin.py:188} INFO - [2025-12-11T04:46:32.637+0000] {dag.py:3954} INFO - Setting next_dagrun for example_bash_operator to 2025-12-10 00:00:00+00:00, run_after=2025-12-11 00:00:00+00:00
[2025-12-11T04:46:32.665+0000] {processor.py:183} INFO - Processing /home/airflow/.local/lib/python3.9/site-packages/airflow/example_dags/example_bash_operator.py took 0.153 seconds
[2025-12-11T04:47:02.879+0000] {processor.py:161} INFO - Started process (PID=3769) to work on /home/airflow/.local/lib/python3.9/site-packages/airflow/example_dags/example_bash_operator.py
[2025-12-11T04:47:02.881+0000] {processor.py:830} INFO - Processing file /home/airflow/.local/lib/python3.9/site-packages/airflow/example_dags/example_bash_operator.py for tasks to queue
[2025-12-11T04:47:02.883+0000] {logging_mixin.py:188} INFO - [2025-12-11T04:47:02.883+0000] {dagbag.py:545} INFO - Filling up the DagBag from /home/airflow/.local/lib/python3.9/site-packages/airflow/example_dags/example_bash_operator.py
[2025-12-11T04:47:02.919+0000] {processor.py:840} INFO - DAG(s) 'example_bash_operator' retrieved from /home/airflow/.local/lib/python3.9/site-packages/airflow/example_dags/example_bash_operator.py
[2025-12-11T04:47:03.050+0000] {logging_mixin.py:188} INFO - [2025-12-11T04:47:03.049+0000] {dag.py:3096} INFO - Sync 1 DAGs
[2025-12-11T04:47:03.128+0000] {logging_mixin.py:188} INFO - [2025-12-11T04:47:03.128+0000] {dag.py:3954} INFO - Setting next_dagrun for example_bash_operator to 2025-12-10 00:00:00+00:00, run_after=2025-12-11 00:00:00+00:00
[2025-12-11T04:47:03.186+0000] {processor.py:183} INFO - Processing /home/airflow/.local/lib/python3.9/site-packages/airflow/example_dags/example_bash_operator.py took 0.328 seconds
[2025-12-11T04:47:33.437+0000] {processor.py:161} INFO - Started process (PID=3836) to work on /home/airflow/.local/lib/python3.9/site-packages/airflow/example_dags/example_bash_operator.py
[2025-12-11T04:47:33.441+0000] {processor.py:830} INFO - Processing file /home/airflow/.local/lib/python3.9/site-packages/airflow/example_dags/example_bash_operator.py for tasks to queue
[2025-12-11T04:47:33.444+0000] {logging_mixin.py:188} INFO - [2025-12-11T04:47:33.444+0000] {dagbag.py:545} INFO - Filling up the DagBag from /home/airflow/.local/lib/python3.9/site-packages/airflow/example_dags/example_bash_operator.py
[2025-12-11T04:47:33.474+0000] {processor.py:840} INFO - DAG(s) 'example_bash_operator' retrieved from /home/airflow/.local/lib/python3.9/site-packages/airflow/example_dags/example_bash_operator.py
[2025-12-11T04:47:33.551+0000] {logging_mixin.py:188} INFO - [2025-12-11T04:47:33.551+0000] {dag.py:3096} INFO - Sync 1 DAGs
[2025-12-11T04:47:33.620+0000] {logging_mixin.py:188} INFO - [2025-12-11T04:47:33.620+0000] {dag.py:3954} INFO - Setting next_dagrun for example_bash_operator to 2025-12-10 00:00:00+00:00, run_after=2025-12-11 00:00:00+00:00
[2025-12-11T04:47:33.717+0000] {processor.py:183} INFO - Processing /home/airflow/.local/lib/python3.9/site-packages/airflow/example_dags/example_bash_operator.py took 0.300 seconds
[2025-12-11T04:48:04.002+0000] {processor.py:161} INFO - Started process (PID=3903) to work on /home/airflow/.local/lib/python3.9/site-packages/airflow/example_dags/example_bash_operator.py
[2025-12-11T04:48:04.004+0000] {processor.py:830} INFO - Processing file /home/airflow/.local/lib/python3.9/site-packages/airflow/example_dags/example_bash_operator.py for tasks to queue
[2025-12-11T04:48:04.007+0000] {logging_mixin.py:188} INFO - [2025-12-11T04:48:04.006+0000] {dagbag.py:545} INFO - Filling up the DagBag from /home/airflow/.local/lib/python3.9/site-packages/airflow/example_dags/example_bash_operator.py
[2025-12-11T04:48:04.025+0000] {processor.py:840} INFO - DAG(s) 'example_bash_operator' retrieved from /home/airflow/.local/lib/python3.9/site-packages/airflow/example_dags/example_bash_operator.py
[2025-12-11T04:48:04.087+0000] {logging_mixin.py:188} INFO - [2025-12-11T04:48:04.086+0000] {dag.py:3096} INFO - Sync 1 DAGs
[2025-12-11T04:48:04.134+0000] {logging_mixin.py:188} INFO - [2025-12-11T04:48:04.133+0000] {dag.py:3954} INFO - Setting next_dagrun for example_bash_operator to 2025-12-10 00:00:00+00:00, run_after=2025-12-11 00:00:00+00:00
[2025-12-11T04:48:04.165+0000] {processor.py:183} INFO - Processing /home/airflow/.local/lib/python3.9/site-packages/airflow/example_dags/example_bash_operator.py took 0.173 seconds
[2025-12-11T04:48:34.709+0000] {processor.py:161} INFO - Started process (PID=3970) to work on /home/airflow/.local/lib/python3.9/site-packages/airflow/example_dags/example_bash_operator.py
[2025-12-11T04:48:34.725+0000] {processor.py:830} INFO - Processing file /home/airflow/.local/lib/python3.9/site-packages/airflow/example_dags/example_bash_operator.py for tasks to queue
[2025-12-11T04:48:34.728+0000] {logging_mixin.py:188} INFO - [2025-12-11T04:48:34.728+0000] {dagbag.py:545} INFO - Filling up the DagBag from /home/airflow/.local/lib/python3.9/site-packages/airflow/example_dags/example_bash_operator.py
[2025-12-11T04:48:34.752+0000] {processor.py:840} INFO - DAG(s) 'example_bash_operator' retrieved from /home/airflow/.local/lib/python3.9/site-packages/airflow/example_dags/example_bash_operator.py
[2025-12-11T04:48:34.816+0000] {logging_mixin.py:188} INFO - [2025-12-11T04:48:34.816+0000] {dag.py:3096} INFO - Sync 1 DAGs
[2025-12-11T04:48:34.901+0000] {logging_mixin.py:188} INFO - [2025-12-11T04:48:34.901+0000] {dag.py:3954} INFO - Setting next_dagrun for example_bash_operator to 2025-12-10 00:00:00+00:00, run_after=2025-12-11 00:00:00+00:00
[2025-12-11T04:48:35.106+0000] {processor.py:183} INFO - Processing /home/airflow/.local/lib/python3.9/site-packages/airflow/example_dags/example_bash_operator.py took 0.410 seconds
[2025-12-11T04:49:05.281+0000] {processor.py:161} INFO - Started process (PID=4035) to work on /home/airflow/.local/lib/python3.9/site-packages/airflow/example_dags/example_bash_operator.py
[2025-12-11T04:49:05.283+0000] {processor.py:830} INFO - Processing file /home/airflow/.local/lib/python3.9/site-packages/airflow/example_dags/example_bash_operator.py for tasks to queue
[2025-12-11T04:49:05.285+0000] {logging_mixin.py:188} INFO - [2025-12-11T04:49:05.285+0000] {dagbag.py:545} INFO - Filling up the DagBag from /home/airflow/.local/lib/python3.9/site-packages/airflow/example_dags/example_bash_operator.py
[2025-12-11T04:49:05.319+0000] {processor.py:840} INFO - DAG(s) 'example_bash_operator' retrieved from /home/airflow/.local/lib/python3.9/site-packages/airflow/example_dags/example_bash_operator.py
[2025-12-11T04:49:05.403+0000] {logging_mixin.py:188} INFO - [2025-12-11T04:49:05.403+0000] {dag.py:3096} INFO - Sync 1 DAGs
[2025-12-11T04:49:05.480+0000] {logging_mixin.py:188} INFO - [2025-12-11T04:49:05.480+0000] {dag.py:3954} INFO - Setting next_dagrun for example_bash_operator to 2025-12-10 00:00:00+00:00, run_after=2025-12-11 00:00:00+00:00
[2025-12-11T04:49:05.527+0000] {processor.py:183} INFO - Processing /home/airflow/.local/lib/python3.9/site-packages/airflow/example_dags/example_bash_operator.py took 0.259 seconds
[2025-12-11T04:49:36.186+0000] {processor.py:161} INFO - Started process (PID=4102) to work on /home/airflow/.local/lib/python3.9/site-packages/airflow/example_dags/example_bash_operator.py
[2025-12-11T04:49:36.187+0000] {processor.py:830} INFO - Processing file /home/airflow/.local/lib/python3.9/site-packages/airflow/example_dags/example_bash_operator.py for tasks to queue
[2025-12-11T04:49:36.198+0000] {logging_mixin.py:188} INFO - [2025-12-11T04:49:36.197+0000] {dagbag.py:545} INFO - Filling up the DagBag from /home/airflow/.local/lib/python3.9/site-packages/airflow/example_dags/example_bash_operator.py
[2025-12-11T04:49:36.223+0000] {processor.py:840} INFO - DAG(s) 'example_bash_operator' retrieved from /home/airflow/.local/lib/python3.9/site-packages/airflow/example_dags/example_bash_operator.py
[2025-12-11T04:49:36.298+0000] {logging_mixin.py:188} INFO - [2025-12-11T04:49:36.297+0000] {dag.py:3096} INFO - Sync 1 DAGs
[2025-12-11T04:49:36.357+0000] {logging_mixin.py:188} INFO - [2025-12-11T04:49:36.357+0000] {dag.py:3954} INFO - Setting next_dagrun for example_bash_operator to 2025-12-10 00:00:00+00:00, run_after=2025-12-11 00:00:00+00:00
[2025-12-11T04:49:36.403+0000] {processor.py:183} INFO - Processing /home/airflow/.local/lib/python3.9/site-packages/airflow/example_dags/example_bash_operator.py took 0.227 seconds
[2025-12-11T04:50:07.057+0000] {processor.py:161} INFO - Started process (PID=4167) to work on /home/airflow/.local/lib/python3.9/site-packages/airflow/example_dags/example_bash_operator.py
[2025-12-11T04:50:07.060+0000] {processor.py:830} INFO - Processing file /home/airflow/.local/lib/python3.9/site-packages/airflow/example_dags/example_bash_operator.py for tasks to queue
[2025-12-11T04:50:07.063+0000] {logging_mixin.py:188} INFO - [2025-12-11T04:50:07.063+0000] {dagbag.py:545} INFO - Filling up the DagBag from /home/airflow/.local/lib/python3.9/site-packages/airflow/example_dags/example_bash_operator.py
[2025-12-11T04:50:07.084+0000] {processor.py:840} INFO - DAG(s) 'example_bash_operator' retrieved from /home/airflow/.local/lib/python3.9/site-packages/airflow/example_dags/example_bash_operator.py
[2025-12-11T04:50:07.163+0000] {logging_mixin.py:188} INFO - [2025-12-11T04:50:07.163+0000] {dag.py:3096} INFO - Sync 1 DAGs
[2025-12-11T04:50:07.211+0000] {logging_mixin.py:188} INFO - [2025-12-11T04:50:07.211+0000] {dag.py:3954} INFO - Setting next_dagrun for example_bash_operator to 2025-12-10 00:00:00+00:00, run_after=2025-12-11 00:00:00+00:00
[2025-12-11T04:50:07.250+0000] {processor.py:183} INFO - Processing /home/airflow/.local/lib/python3.9/site-packages/airflow/example_dags/example_bash_operator.py took 0.206 seconds
[2025-12-11T04:50:37.728+0000] {processor.py:161} INFO - Started process (PID=4234) to work on /home/airflow/.local/lib/python3.9/site-packages/airflow/example_dags/example_bash_operator.py
[2025-12-11T04:50:37.729+0000] {processor.py:830} INFO - Processing file /home/airflow/.local/lib/python3.9/site-packages/airflow/example_dags/example_bash_operator.py for tasks to queue
[2025-12-11T04:50:37.732+0000] {logging_mixin.py:188} INFO - [2025-12-11T04:50:37.732+0000] {dagbag.py:545} INFO - Filling up the DagBag from /home/airflow/.local/lib/python3.9/site-packages/airflow/example_dags/example_bash_operator.py
[2025-12-11T04:50:37.758+0000] {processor.py:840} INFO - DAG(s) 'example_bash_operator' retrieved from /home/airflow/.local/lib/python3.9/site-packages/airflow/example_dags/example_bash_operator.py
[2025-12-11T04:50:37.847+0000] {logging_mixin.py:188} INFO - [2025-12-11T04:50:37.846+0000] {dag.py:3096} INFO - Sync 1 DAGs
[2025-12-11T04:50:37.885+0000] {logging_mixin.py:188} INFO - [2025-12-11T04:50:37.885+0000] {dag.py:3954} INFO - Setting next_dagrun for example_bash_operator to 2025-12-10 00:00:00+00:00, run_after=2025-12-11 00:00:00+00:00
[2025-12-11T04:50:37.911+0000] {processor.py:183} INFO - Processing /home/airflow/.local/lib/python3.9/site-packages/airflow/example_dags/example_bash_operator.py took 0.193 seconds
[2025-12-11T04:51:08.673+0000] {processor.py:161} INFO - Started process (PID=4301) to work on /home/airflow/.local/lib/python3.9/site-packages/airflow/example_dags/example_bash_operator.py
[2025-12-11T04:51:08.676+0000] {processor.py:830} INFO - Processing file /home/airflow/.local/lib/python3.9/site-packages/airflow/example_dags/example_bash_operator.py for tasks to queue
[2025-12-11T04:51:08.679+0000] {logging_mixin.py:188} INFO - [2025-12-11T04:51:08.679+0000] {dagbag.py:545} INFO - Filling up the DagBag from /home/airflow/.local/lib/python3.9/site-packages/airflow/example_dags/example_bash_operator.py
[2025-12-11T04:51:08.695+0000] {processor.py:840} INFO - DAG(s) 'example_bash_operator' retrieved from /home/airflow/.local/lib/python3.9/site-packages/airflow/example_dags/example_bash_operator.py
[2025-12-11T04:51:08.742+0000] {logging_mixin.py:188} INFO - [2025-12-11T04:51:08.742+0000] {dag.py:3096} INFO - Sync 1 DAGs
[2025-12-11T04:51:08.777+0000] {logging_mixin.py:188} INFO - [2025-12-11T04:51:08.777+0000] {dag.py:3954} INFO - Setting next_dagrun for example_bash_operator to 2025-12-10 00:00:00+00:00, run_after=2025-12-11 00:00:00+00:00
[2025-12-11T04:51:08.801+0000] {processor.py:183} INFO - Processing /home/airflow/.local/lib/python3.9/site-packages/airflow/example_dags/example_bash_operator.py took 0.137 seconds
[2025-12-11T04:51:39.385+0000] {processor.py:161} INFO - Started process (PID=4368) to work on /home/airflow/.local/lib/python3.9/site-packages/airflow/example_dags/example_bash_operator.py
[2025-12-11T04:51:39.409+0000] {processor.py:830} INFO - Processing file /home/airflow/.local/lib/python3.9/site-packages/airflow/example_dags/example_bash_operator.py for tasks to queue
[2025-12-11T04:51:39.412+0000] {logging_mixin.py:188} INFO - [2025-12-11T04:51:39.412+0000] {dagbag.py:545} INFO - Filling up the DagBag from /home/airflow/.local/lib/python3.9/site-packages/airflow/example_dags/example_bash_operator.py
[2025-12-11T04:51:39.433+0000] {processor.py:840} INFO - DAG(s) 'example_bash_operator' retrieved from /home/airflow/.local/lib/python3.9/site-packages/airflow/example_dags/example_bash_operator.py
[2025-12-11T04:51:39.494+0000] {logging_mixin.py:188} INFO - [2025-12-11T04:51:39.494+0000] {dag.py:3096} INFO - Sync 1 DAGs
[2025-12-11T04:51:39.546+0000] {logging_mixin.py:188} INFO - [2025-12-11T04:51:39.545+0000] {dag.py:3954} INFO - Setting next_dagrun for example_bash_operator to 2025-12-10 00:00:00+00:00, run_after=2025-12-11 00:00:00+00:00
[2025-12-11T04:51:39.582+0000] {processor.py:183} INFO - Processing /home/airflow/.local/lib/python3.9/site-packages/airflow/example_dags/example_bash_operator.py took 0.207 seconds
[2025-12-11T04:52:10.142+0000] {processor.py:161} INFO - Started process (PID=4435) to work on /home/airflow/.local/lib/python3.9/site-packages/airflow/example_dags/example_bash_operator.py
[2025-12-11T04:52:10.165+0000] {processor.py:830} INFO - Processing file /home/airflow/.local/lib/python3.9/site-packages/airflow/example_dags/example_bash_operator.py for tasks to queue
[2025-12-11T04:52:10.168+0000] {logging_mixin.py:188} INFO - [2025-12-11T04:52:10.168+0000] {dagbag.py:545} INFO - Filling up the DagBag from /home/airflow/.local/lib/python3.9/site-packages/airflow/example_dags/example_bash_operator.py
[2025-12-11T04:52:10.194+0000] {processor.py:840} INFO - DAG(s) 'example_bash_operator' retrieved from /home/airflow/.local/lib/python3.9/site-packages/airflow/example_dags/example_bash_operator.py
[2025-12-11T04:52:10.246+0000] {logging_mixin.py:188} INFO - [2025-12-11T04:52:10.246+0000] {dag.py:3096} INFO - Sync 1 DAGs
[2025-12-11T04:52:10.289+0000] {logging_mixin.py:188} INFO - [2025-12-11T04:52:10.288+0000] {dag.py:3954} INFO - Setting next_dagrun for example_bash_operator to 2025-12-10 00:00:00+00:00, run_after=2025-12-11 00:00:00+00:00
[2025-12-11T04:52:10.316+0000] {processor.py:183} INFO - Processing /home/airflow/.local/lib/python3.9/site-packages/airflow/example_dags/example_bash_operator.py took 0.214 seconds
[2025-12-11T04:52:40.385+0000] {processor.py:161} INFO - Started process (PID=4502) to work on /home/airflow/.local/lib/python3.9/site-packages/airflow/example_dags/example_bash_operator.py
[2025-12-11T04:52:40.392+0000] {processor.py:830} INFO - Processing file /home/airflow/.local/lib/python3.9/site-packages/airflow/example_dags/example_bash_operator.py for tasks to queue
[2025-12-11T04:52:40.395+0000] {logging_mixin.py:188} INFO - [2025-12-11T04:52:40.395+0000] {dagbag.py:545} INFO - Filling up the DagBag from /home/airflow/.local/lib/python3.9/site-packages/airflow/example_dags/example_bash_operator.py
[2025-12-11T04:52:40.412+0000] {processor.py:840} INFO - DAG(s) 'example_bash_operator' retrieved from /home/airflow/.local/lib/python3.9/site-packages/airflow/example_dags/example_bash_operator.py
[2025-12-11T04:52:40.456+0000] {logging_mixin.py:188} INFO - [2025-12-11T04:52:40.455+0000] {dag.py:3096} INFO - Sync 1 DAGs
[2025-12-11T04:52:40.489+0000] {logging_mixin.py:188} INFO - [2025-12-11T04:52:40.489+0000] {dag.py:3954} INFO - Setting next_dagrun for example_bash_operator to 2025-12-10 00:00:00+00:00, run_after=2025-12-11 00:00:00+00:00
[2025-12-11T04:52:40.518+0000] {processor.py:183} INFO - Processing /home/airflow/.local/lib/python3.9/site-packages/airflow/example_dags/example_bash_operator.py took 0.144 seconds
