[2025-12-11T04:19:02.764+0000] {processor.py:161} INFO - Started process (PID=123) to work on /home/airflow/.local/lib/python3.9/site-packages/airflow/example_dags/example_params_ui_tutorial.py
[2025-12-11T04:19:02.765+0000] {processor.py:830} INFO - Processing file /home/airflow/.local/lib/python3.9/site-packages/airflow/example_dags/example_params_ui_tutorial.py for tasks to queue
[2025-12-11T04:19:02.777+0000] {logging_mixin.py:188} INFO - [2025-12-11T04:19:02.768+0000] {dagbag.py:545} INFO - Filling up the DagBag from /home/airflow/.local/lib/python3.9/site-packages/airflow/example_dags/example_params_ui_tutorial.py
[2025-12-11T04:19:02.839+0000] {processor.py:840} INFO - DAG(s) 'example_params_ui_tutorial' retrieved from /home/airflow/.local/lib/python3.9/site-packages/airflow/example_dags/example_params_ui_tutorial.py
[2025-12-11T04:19:03.282+0000] {logging_mixin.py:188} INFO - [2025-12-11T04:19:03.281+0000] {dag.py:3096} INFO - Sync 1 DAGs
[2025-12-11T04:19:03.308+0000] {logging_mixin.py:188} INFO - [2025-12-11T04:19:03.307+0000] {dag.py:3954} INFO - Setting next_dagrun for example_params_ui_tutorial to None, run_after=None
[2025-12-11T04:19:03.368+0000] {processor.py:183} INFO - Processing /home/airflow/.local/lib/python3.9/site-packages/airflow/example_dags/example_params_ui_tutorial.py took 0.619 seconds
[2025-12-11T04:19:33.899+0000] {processor.py:161} INFO - Started process (PID=189) to work on /home/airflow/.local/lib/python3.9/site-packages/airflow/example_dags/example_params_ui_tutorial.py
[2025-12-11T04:19:33.982+0000] {processor.py:830} INFO - Processing file /home/airflow/.local/lib/python3.9/site-packages/airflow/example_dags/example_params_ui_tutorial.py for tasks to queue
[2025-12-11T04:19:33.985+0000] {logging_mixin.py:188} INFO - [2025-12-11T04:19:33.984+0000] {dagbag.py:545} INFO - Filling up the DagBag from /home/airflow/.local/lib/python3.9/site-packages/airflow/example_dags/example_params_ui_tutorial.py
[2025-12-11T04:19:34.007+0000] {processor.py:840} INFO - DAG(s) 'example_params_ui_tutorial' retrieved from /home/airflow/.local/lib/python3.9/site-packages/airflow/example_dags/example_params_ui_tutorial.py
[2025-12-11T04:19:34.186+0000] {logging_mixin.py:188} INFO - [2025-12-11T04:19:34.185+0000] {dag.py:3096} INFO - Sync 1 DAGs
[2025-12-11T04:19:34.223+0000] {logging_mixin.py:188} INFO - [2025-12-11T04:19:34.223+0000] {dag.py:3954} INFO - Setting next_dagrun for example_params_ui_tutorial to None, run_after=None
[2025-12-11T04:19:34.444+0000] {processor.py:183} INFO - Processing /home/airflow/.local/lib/python3.9/site-packages/airflow/example_dags/example_params_ui_tutorial.py took 0.562 seconds
[2025-12-11T04:20:05.120+0000] {processor.py:161} INFO - Started process (PID=255) to work on /home/airflow/.local/lib/python3.9/site-packages/airflow/example_dags/example_params_ui_tutorial.py
[2025-12-11T04:20:05.122+0000] {processor.py:830} INFO - Processing file /home/airflow/.local/lib/python3.9/site-packages/airflow/example_dags/example_params_ui_tutorial.py for tasks to queue
[2025-12-11T04:20:05.124+0000] {logging_mixin.py:188} INFO - [2025-12-11T04:20:05.124+0000] {dagbag.py:545} INFO - Filling up the DagBag from /home/airflow/.local/lib/python3.9/site-packages/airflow/example_dags/example_params_ui_tutorial.py
[2025-12-11T04:20:05.160+0000] {processor.py:840} INFO - DAG(s) 'example_params_ui_tutorial' retrieved from /home/airflow/.local/lib/python3.9/site-packages/airflow/example_dags/example_params_ui_tutorial.py
[2025-12-11T04:20:05.446+0000] {logging_mixin.py:188} INFO - [2025-12-11T04:20:05.445+0000] {dag.py:3096} INFO - Sync 1 DAGs
[2025-12-11T04:20:05.504+0000] {logging_mixin.py:188} INFO - [2025-12-11T04:20:05.503+0000] {dag.py:3954} INFO - Setting next_dagrun for example_params_ui_tutorial to None, run_after=None
[2025-12-11T04:20:05.639+0000] {processor.py:183} INFO - Processing /home/airflow/.local/lib/python3.9/site-packages/airflow/example_dags/example_params_ui_tutorial.py took 0.556 seconds
[2025-12-11T04:20:35.947+0000] {processor.py:161} INFO - Started process (PID=321) to work on /home/airflow/.local/lib/python3.9/site-packages/airflow/example_dags/example_params_ui_tutorial.py
[2025-12-11T04:20:35.949+0000] {processor.py:830} INFO - Processing file /home/airflow/.local/lib/python3.9/site-packages/airflow/example_dags/example_params_ui_tutorial.py for tasks to queue
[2025-12-11T04:20:35.959+0000] {logging_mixin.py:188} INFO - [2025-12-11T04:20:35.958+0000] {dagbag.py:545} INFO - Filling up the DagBag from /home/airflow/.local/lib/python3.9/site-packages/airflow/example_dags/example_params_ui_tutorial.py
[2025-12-11T04:20:35.997+0000] {processor.py:840} INFO - DAG(s) 'example_params_ui_tutorial' retrieved from /home/airflow/.local/lib/python3.9/site-packages/airflow/example_dags/example_params_ui_tutorial.py
[2025-12-11T04:20:36.246+0000] {logging_mixin.py:188} INFO - [2025-12-11T04:20:36.246+0000] {dag.py:3096} INFO - Sync 1 DAGs
[2025-12-11T04:20:36.303+0000] {logging_mixin.py:188} INFO - [2025-12-11T04:20:36.303+0000] {dag.py:3954} INFO - Setting next_dagrun for example_params_ui_tutorial to None, run_after=None
[2025-12-11T04:20:36.426+0000] {processor.py:183} INFO - Processing /home/airflow/.local/lib/python3.9/site-packages/airflow/example_dags/example_params_ui_tutorial.py took 0.488 seconds
[2025-12-11T04:21:06.745+0000] {processor.py:161} INFO - Started process (PID=380) to work on /home/airflow/.local/lib/python3.9/site-packages/airflow/example_dags/example_params_ui_tutorial.py
[2025-12-11T04:21:06.747+0000] {processor.py:830} INFO - Processing file /home/airflow/.local/lib/python3.9/site-packages/airflow/example_dags/example_params_ui_tutorial.py for tasks to queue
[2025-12-11T04:21:06.757+0000] {logging_mixin.py:188} INFO - [2025-12-11T04:21:06.749+0000] {dagbag.py:545} INFO - Filling up the DagBag from /home/airflow/.local/lib/python3.9/site-packages/airflow/example_dags/example_params_ui_tutorial.py
[2025-12-11T04:21:06.787+0000] {processor.py:840} INFO - DAG(s) 'example_params_ui_tutorial' retrieved from /home/airflow/.local/lib/python3.9/site-packages/airflow/example_dags/example_params_ui_tutorial.py
[2025-12-11T04:21:06.963+0000] {logging_mixin.py:188} INFO - [2025-12-11T04:21:06.963+0000] {dag.py:3096} INFO - Sync 1 DAGs
[2025-12-11T04:21:07.008+0000] {logging_mixin.py:188} INFO - [2025-12-11T04:21:07.007+0000] {dag.py:3954} INFO - Setting next_dagrun for example_params_ui_tutorial to None, run_after=None
[2025-12-11T04:21:07.118+0000] {processor.py:183} INFO - Processing /home/airflow/.local/lib/python3.9/site-packages/airflow/example_dags/example_params_ui_tutorial.py took 0.393 seconds
[2025-12-11T04:21:37.260+0000] {processor.py:161} INFO - Started process (PID=445) to work on /home/airflow/.local/lib/python3.9/site-packages/airflow/example_dags/example_params_ui_tutorial.py
[2025-12-11T04:21:37.266+0000] {processor.py:830} INFO - Processing file /home/airflow/.local/lib/python3.9/site-packages/airflow/example_dags/example_params_ui_tutorial.py for tasks to queue
[2025-12-11T04:21:37.268+0000] {logging_mixin.py:188} INFO - [2025-12-11T04:21:37.268+0000] {dagbag.py:545} INFO - Filling up the DagBag from /home/airflow/.local/lib/python3.9/site-packages/airflow/example_dags/example_params_ui_tutorial.py
[2025-12-11T04:21:37.298+0000] {processor.py:840} INFO - DAG(s) 'example_params_ui_tutorial' retrieved from /home/airflow/.local/lib/python3.9/site-packages/airflow/example_dags/example_params_ui_tutorial.py
[2025-12-11T04:21:37.419+0000] {logging_mixin.py:188} INFO - [2025-12-11T04:21:37.419+0000] {dag.py:3096} INFO - Sync 1 DAGs
[2025-12-11T04:21:37.447+0000] {logging_mixin.py:188} INFO - [2025-12-11T04:21:37.446+0000] {dag.py:3954} INFO - Setting next_dagrun for example_params_ui_tutorial to None, run_after=None
[2025-12-11T04:21:37.490+0000] {processor.py:183} INFO - Processing /home/airflow/.local/lib/python3.9/site-packages/airflow/example_dags/example_params_ui_tutorial.py took 0.249 seconds
[2025-12-11T04:22:08.361+0000] {processor.py:161} INFO - Started process (PID=518) to work on /home/airflow/.local/lib/python3.9/site-packages/airflow/example_dags/example_params_ui_tutorial.py
[2025-12-11T04:22:08.377+0000] {processor.py:830} INFO - Processing file /home/airflow/.local/lib/python3.9/site-packages/airflow/example_dags/example_params_ui_tutorial.py for tasks to queue
[2025-12-11T04:22:08.380+0000] {logging_mixin.py:188} INFO - [2025-12-11T04:22:08.380+0000] {dagbag.py:545} INFO - Filling up the DagBag from /home/airflow/.local/lib/python3.9/site-packages/airflow/example_dags/example_params_ui_tutorial.py
[2025-12-11T04:22:08.419+0000] {processor.py:840} INFO - DAG(s) 'example_params_ui_tutorial' retrieved from /home/airflow/.local/lib/python3.9/site-packages/airflow/example_dags/example_params_ui_tutorial.py
[2025-12-11T04:22:08.544+0000] {logging_mixin.py:188} INFO - [2025-12-11T04:22:08.543+0000] {dag.py:3096} INFO - Sync 1 DAGs
[2025-12-11T04:22:08.567+0000] {logging_mixin.py:188} INFO - [2025-12-11T04:22:08.566+0000] {dag.py:3954} INFO - Setting next_dagrun for example_params_ui_tutorial to None, run_after=None
[2025-12-11T04:22:08.839+0000] {processor.py:183} INFO - Processing /home/airflow/.local/lib/python3.9/site-packages/airflow/example_dags/example_params_ui_tutorial.py took 0.500 seconds
[2025-12-11T04:22:39.324+0000] {processor.py:161} INFO - Started process (PID=584) to work on /home/airflow/.local/lib/python3.9/site-packages/airflow/example_dags/example_params_ui_tutorial.py
[2025-12-11T04:22:39.326+0000] {processor.py:830} INFO - Processing file /home/airflow/.local/lib/python3.9/site-packages/airflow/example_dags/example_params_ui_tutorial.py for tasks to queue
[2025-12-11T04:22:39.330+0000] {logging_mixin.py:188} INFO - [2025-12-11T04:22:39.329+0000] {dagbag.py:545} INFO - Filling up the DagBag from /home/airflow/.local/lib/python3.9/site-packages/airflow/example_dags/example_params_ui_tutorial.py
[2025-12-11T04:22:39.361+0000] {processor.py:840} INFO - DAG(s) 'example_params_ui_tutorial' retrieved from /home/airflow/.local/lib/python3.9/site-packages/airflow/example_dags/example_params_ui_tutorial.py
[2025-12-11T04:22:39.501+0000] {logging_mixin.py:188} INFO - [2025-12-11T04:22:39.500+0000] {dag.py:3096} INFO - Sync 1 DAGs
[2025-12-11T04:22:39.542+0000] {logging_mixin.py:188} INFO - [2025-12-11T04:22:39.542+0000] {dag.py:3954} INFO - Setting next_dagrun for example_params_ui_tutorial to None, run_after=None
[2025-12-11T04:22:39.617+0000] {processor.py:183} INFO - Processing /home/airflow/.local/lib/python3.9/site-packages/airflow/example_dags/example_params_ui_tutorial.py took 0.318 seconds
[2025-12-11T04:23:10.314+0000] {processor.py:161} INFO - Started process (PID=650) to work on /home/airflow/.local/lib/python3.9/site-packages/airflow/example_dags/example_params_ui_tutorial.py
[2025-12-11T04:23:10.320+0000] {processor.py:830} INFO - Processing file /home/airflow/.local/lib/python3.9/site-packages/airflow/example_dags/example_params_ui_tutorial.py for tasks to queue
[2025-12-11T04:23:10.324+0000] {logging_mixin.py:188} INFO - [2025-12-11T04:23:10.323+0000] {dagbag.py:545} INFO - Filling up the DagBag from /home/airflow/.local/lib/python3.9/site-packages/airflow/example_dags/example_params_ui_tutorial.py
[2025-12-11T04:23:10.360+0000] {processor.py:840} INFO - DAG(s) 'example_params_ui_tutorial' retrieved from /home/airflow/.local/lib/python3.9/site-packages/airflow/example_dags/example_params_ui_tutorial.py
[2025-12-11T04:23:10.538+0000] {logging_mixin.py:188} INFO - [2025-12-11T04:23:10.537+0000] {dag.py:3096} INFO - Sync 1 DAGs
[2025-12-11T04:23:10.580+0000] {logging_mixin.py:188} INFO - [2025-12-11T04:23:10.579+0000] {dag.py:3954} INFO - Setting next_dagrun for example_params_ui_tutorial to None, run_after=None
[2025-12-11T04:23:10.864+0000] {processor.py:183} INFO - Processing /home/airflow/.local/lib/python3.9/site-packages/airflow/example_dags/example_params_ui_tutorial.py took 0.561 seconds
[2025-12-11T04:23:40.955+0000] {processor.py:161} INFO - Started process (PID=716) to work on /home/airflow/.local/lib/python3.9/site-packages/airflow/example_dags/example_params_ui_tutorial.py
[2025-12-11T04:23:40.957+0000] {processor.py:830} INFO - Processing file /home/airflow/.local/lib/python3.9/site-packages/airflow/example_dags/example_params_ui_tutorial.py for tasks to queue
[2025-12-11T04:23:40.959+0000] {logging_mixin.py:188} INFO - [2025-12-11T04:23:40.959+0000] {dagbag.py:545} INFO - Filling up the DagBag from /home/airflow/.local/lib/python3.9/site-packages/airflow/example_dags/example_params_ui_tutorial.py
[2025-12-11T04:23:40.978+0000] {processor.py:840} INFO - DAG(s) 'example_params_ui_tutorial' retrieved from /home/airflow/.local/lib/python3.9/site-packages/airflow/example_dags/example_params_ui_tutorial.py
[2025-12-11T04:23:41.065+0000] {logging_mixin.py:188} INFO - [2025-12-11T04:23:41.064+0000] {dag.py:3096} INFO - Sync 1 DAGs
[2025-12-11T04:23:41.102+0000] {logging_mixin.py:188} INFO - [2025-12-11T04:23:41.101+0000] {dag.py:3954} INFO - Setting next_dagrun for example_params_ui_tutorial to None, run_after=None
[2025-12-11T04:23:41.158+0000] {processor.py:183} INFO - Processing /home/airflow/.local/lib/python3.9/site-packages/airflow/example_dags/example_params_ui_tutorial.py took 0.213 seconds
[2025-12-11T04:24:11.482+0000] {processor.py:161} INFO - Started process (PID=782) to work on /home/airflow/.local/lib/python3.9/site-packages/airflow/example_dags/example_params_ui_tutorial.py
[2025-12-11T04:24:11.484+0000] {processor.py:830} INFO - Processing file /home/airflow/.local/lib/python3.9/site-packages/airflow/example_dags/example_params_ui_tutorial.py for tasks to queue
[2025-12-11T04:24:11.497+0000] {logging_mixin.py:188} INFO - [2025-12-11T04:24:11.497+0000] {dagbag.py:545} INFO - Filling up the DagBag from /home/airflow/.local/lib/python3.9/site-packages/airflow/example_dags/example_params_ui_tutorial.py
[2025-12-11T04:24:11.558+0000] {processor.py:840} INFO - DAG(s) 'example_params_ui_tutorial' retrieved from /home/airflow/.local/lib/python3.9/site-packages/airflow/example_dags/example_params_ui_tutorial.py
[2025-12-11T04:24:11.766+0000] {logging_mixin.py:188} INFO - [2025-12-11T04:24:11.765+0000] {dag.py:3096} INFO - Sync 1 DAGs
[2025-12-11T04:24:11.826+0000] {logging_mixin.py:188} INFO - [2025-12-11T04:24:11.826+0000] {dag.py:3954} INFO - Setting next_dagrun for example_params_ui_tutorial to None, run_after=None
[2025-12-11T04:24:11.904+0000] {processor.py:183} INFO - Processing /home/airflow/.local/lib/python3.9/site-packages/airflow/example_dags/example_params_ui_tutorial.py took 0.457 seconds
[2025-12-11T04:24:42.026+0000] {processor.py:161} INFO - Started process (PID=848) to work on /home/airflow/.local/lib/python3.9/site-packages/airflow/example_dags/example_params_ui_tutorial.py
[2025-12-11T04:24:42.054+0000] {processor.py:830} INFO - Processing file /home/airflow/.local/lib/python3.9/site-packages/airflow/example_dags/example_params_ui_tutorial.py for tasks to queue
[2025-12-11T04:24:42.057+0000] {logging_mixin.py:188} INFO - [2025-12-11T04:24:42.056+0000] {dagbag.py:545} INFO - Filling up the DagBag from /home/airflow/.local/lib/python3.9/site-packages/airflow/example_dags/example_params_ui_tutorial.py
[2025-12-11T04:24:42.075+0000] {processor.py:840} INFO - DAG(s) 'example_params_ui_tutorial' retrieved from /home/airflow/.local/lib/python3.9/site-packages/airflow/example_dags/example_params_ui_tutorial.py
[2025-12-11T04:24:42.153+0000] {logging_mixin.py:188} INFO - [2025-12-11T04:24:42.152+0000] {dag.py:3096} INFO - Sync 1 DAGs
[2025-12-11T04:24:42.171+0000] {logging_mixin.py:188} INFO - [2025-12-11T04:24:42.171+0000] {dag.py:3954} INFO - Setting next_dagrun for example_params_ui_tutorial to None, run_after=None
[2025-12-11T04:24:42.344+0000] {processor.py:183} INFO - Processing /home/airflow/.local/lib/python3.9/site-packages/airflow/example_dags/example_params_ui_tutorial.py took 0.335 seconds
[2025-12-11T04:25:12.746+0000] {processor.py:161} INFO - Started process (PID=913) to work on /home/airflow/.local/lib/python3.9/site-packages/airflow/example_dags/example_params_ui_tutorial.py
[2025-12-11T04:25:12.769+0000] {processor.py:830} INFO - Processing file /home/airflow/.local/lib/python3.9/site-packages/airflow/example_dags/example_params_ui_tutorial.py for tasks to queue
[2025-12-11T04:25:12.772+0000] {logging_mixin.py:188} INFO - [2025-12-11T04:25:12.771+0000] {dagbag.py:545} INFO - Filling up the DagBag from /home/airflow/.local/lib/python3.9/site-packages/airflow/example_dags/example_params_ui_tutorial.py
[2025-12-11T04:25:12.793+0000] {processor.py:840} INFO - DAG(s) 'example_params_ui_tutorial' retrieved from /home/airflow/.local/lib/python3.9/site-packages/airflow/example_dags/example_params_ui_tutorial.py
[2025-12-11T04:25:12.890+0000] {logging_mixin.py:188} INFO - [2025-12-11T04:25:12.889+0000] {dag.py:3096} INFO - Sync 1 DAGs
[2025-12-11T04:25:12.920+0000] {logging_mixin.py:188} INFO - [2025-12-11T04:25:12.920+0000] {dag.py:3954} INFO - Setting next_dagrun for example_params_ui_tutorial to None, run_after=None
[2025-12-11T04:25:12.958+0000] {processor.py:183} INFO - Processing /home/airflow/.local/lib/python3.9/site-packages/airflow/example_dags/example_params_ui_tutorial.py took 0.222 seconds
[2025-12-11T04:25:43.529+0000] {processor.py:161} INFO - Started process (PID=979) to work on /home/airflow/.local/lib/python3.9/site-packages/airflow/example_dags/example_params_ui_tutorial.py
[2025-12-11T04:25:43.583+0000] {processor.py:830} INFO - Processing file /home/airflow/.local/lib/python3.9/site-packages/airflow/example_dags/example_params_ui_tutorial.py for tasks to queue
[2025-12-11T04:25:43.586+0000] {logging_mixin.py:188} INFO - [2025-12-11T04:25:43.585+0000] {dagbag.py:545} INFO - Filling up the DagBag from /home/airflow/.local/lib/python3.9/site-packages/airflow/example_dags/example_params_ui_tutorial.py
[2025-12-11T04:25:43.621+0000] {processor.py:840} INFO - DAG(s) 'example_params_ui_tutorial' retrieved from /home/airflow/.local/lib/python3.9/site-packages/airflow/example_dags/example_params_ui_tutorial.py
[2025-12-11T04:25:43.773+0000] {logging_mixin.py:188} INFO - [2025-12-11T04:25:43.772+0000] {dag.py:3096} INFO - Sync 1 DAGs
[2025-12-11T04:25:43.800+0000] {logging_mixin.py:188} INFO - [2025-12-11T04:25:43.799+0000] {dag.py:3954} INFO - Setting next_dagrun for example_params_ui_tutorial to None, run_after=None
[2025-12-11T04:25:44.083+0000] {processor.py:183} INFO - Processing /home/airflow/.local/lib/python3.9/site-packages/airflow/example_dags/example_params_ui_tutorial.py took 0.567 seconds
[2025-12-11T04:26:14.678+0000] {processor.py:161} INFO - Started process (PID=1045) to work on /home/airflow/.local/lib/python3.9/site-packages/airflow/example_dags/example_params_ui_tutorial.py
[2025-12-11T04:26:14.679+0000] {processor.py:830} INFO - Processing file /home/airflow/.local/lib/python3.9/site-packages/airflow/example_dags/example_params_ui_tutorial.py for tasks to queue
[2025-12-11T04:26:14.682+0000] {logging_mixin.py:188} INFO - [2025-12-11T04:26:14.682+0000] {dagbag.py:545} INFO - Filling up the DagBag from /home/airflow/.local/lib/python3.9/site-packages/airflow/example_dags/example_params_ui_tutorial.py
[2025-12-11T04:26:14.701+0000] {processor.py:840} INFO - DAG(s) 'example_params_ui_tutorial' retrieved from /home/airflow/.local/lib/python3.9/site-packages/airflow/example_dags/example_params_ui_tutorial.py
[2025-12-11T04:26:14.783+0000] {logging_mixin.py:188} INFO - [2025-12-11T04:26:14.782+0000] {dag.py:3096} INFO - Sync 1 DAGs
[2025-12-11T04:26:14.804+0000] {logging_mixin.py:188} INFO - [2025-12-11T04:26:14.804+0000] {dag.py:3954} INFO - Setting next_dagrun for example_params_ui_tutorial to None, run_after=None
[2025-12-11T04:26:14.840+0000] {processor.py:183} INFO - Processing /home/airflow/.local/lib/python3.9/site-packages/airflow/example_dags/example_params_ui_tutorial.py took 0.173 seconds
[2025-12-11T04:26:45.127+0000] {processor.py:161} INFO - Started process (PID=1111) to work on /home/airflow/.local/lib/python3.9/site-packages/airflow/example_dags/example_params_ui_tutorial.py
[2025-12-11T04:26:45.129+0000] {processor.py:830} INFO - Processing file /home/airflow/.local/lib/python3.9/site-packages/airflow/example_dags/example_params_ui_tutorial.py for tasks to queue
[2025-12-11T04:26:45.132+0000] {logging_mixin.py:188} INFO - [2025-12-11T04:26:45.131+0000] {dagbag.py:545} INFO - Filling up the DagBag from /home/airflow/.local/lib/python3.9/site-packages/airflow/example_dags/example_params_ui_tutorial.py
[2025-12-11T04:26:45.151+0000] {processor.py:840} INFO - DAG(s) 'example_params_ui_tutorial' retrieved from /home/airflow/.local/lib/python3.9/site-packages/airflow/example_dags/example_params_ui_tutorial.py
[2025-12-11T04:26:45.235+0000] {logging_mixin.py:188} INFO - [2025-12-11T04:26:45.235+0000] {dag.py:3096} INFO - Sync 1 DAGs
[2025-12-11T04:26:45.258+0000] {logging_mixin.py:188} INFO - [2025-12-11T04:26:45.257+0000] {dag.py:3954} INFO - Setting next_dagrun for example_params_ui_tutorial to None, run_after=None
[2025-12-11T04:26:45.285+0000] {processor.py:183} INFO - Processing /home/airflow/.local/lib/python3.9/site-packages/airflow/example_dags/example_params_ui_tutorial.py took 0.176 seconds
[2025-12-11T04:27:15.419+0000] {processor.py:161} INFO - Started process (PID=1184) to work on /home/airflow/.local/lib/python3.9/site-packages/airflow/example_dags/example_params_ui_tutorial.py
[2025-12-11T04:27:15.421+0000] {processor.py:830} INFO - Processing file /home/airflow/.local/lib/python3.9/site-packages/airflow/example_dags/example_params_ui_tutorial.py for tasks to queue
[2025-12-11T04:27:15.424+0000] {logging_mixin.py:188} INFO - [2025-12-11T04:27:15.423+0000] {dagbag.py:545} INFO - Filling up the DagBag from /home/airflow/.local/lib/python3.9/site-packages/airflow/example_dags/example_params_ui_tutorial.py
[2025-12-11T04:27:15.447+0000] {processor.py:840} INFO - DAG(s) 'example_params_ui_tutorial' retrieved from /home/airflow/.local/lib/python3.9/site-packages/airflow/example_dags/example_params_ui_tutorial.py
[2025-12-11T04:27:15.587+0000] {logging_mixin.py:188} INFO - [2025-12-11T04:27:15.587+0000] {dag.py:3096} INFO - Sync 1 DAGs
[2025-12-11T04:27:15.627+0000] {logging_mixin.py:188} INFO - [2025-12-11T04:27:15.627+0000] {dag.py:3954} INFO - Setting next_dagrun for example_params_ui_tutorial to None, run_after=None
[2025-12-11T04:27:15.685+0000] {processor.py:183} INFO - Processing /home/airflow/.local/lib/python3.9/site-packages/airflow/example_dags/example_params_ui_tutorial.py took 0.287 seconds
[2025-12-11T04:27:45.838+0000] {processor.py:161} INFO - Started process (PID=1243) to work on /home/airflow/.local/lib/python3.9/site-packages/airflow/example_dags/example_params_ui_tutorial.py
[2025-12-11T04:27:45.839+0000] {processor.py:830} INFO - Processing file /home/airflow/.local/lib/python3.9/site-packages/airflow/example_dags/example_params_ui_tutorial.py for tasks to queue
[2025-12-11T04:27:45.842+0000] {logging_mixin.py:188} INFO - [2025-12-11T04:27:45.842+0000] {dagbag.py:545} INFO - Filling up the DagBag from /home/airflow/.local/lib/python3.9/site-packages/airflow/example_dags/example_params_ui_tutorial.py
[2025-12-11T04:27:45.861+0000] {processor.py:840} INFO - DAG(s) 'example_params_ui_tutorial' retrieved from /home/airflow/.local/lib/python3.9/site-packages/airflow/example_dags/example_params_ui_tutorial.py
[2025-12-11T04:27:45.984+0000] {logging_mixin.py:188} INFO - [2025-12-11T04:27:45.984+0000] {dag.py:3096} INFO - Sync 1 DAGs
[2025-12-11T04:27:46.020+0000] {logging_mixin.py:188} INFO - [2025-12-11T04:27:46.019+0000] {dag.py:3954} INFO - Setting next_dagrun for example_params_ui_tutorial to None, run_after=None
[2025-12-11T04:27:46.080+0000] {processor.py:183} INFO - Processing /home/airflow/.local/lib/python3.9/site-packages/airflow/example_dags/example_params_ui_tutorial.py took 0.254 seconds
[2025-12-11T04:28:16.244+0000] {processor.py:161} INFO - Started process (PID=1309) to work on /home/airflow/.local/lib/python3.9/site-packages/airflow/example_dags/example_params_ui_tutorial.py
[2025-12-11T04:28:16.246+0000] {processor.py:830} INFO - Processing file /home/airflow/.local/lib/python3.9/site-packages/airflow/example_dags/example_params_ui_tutorial.py for tasks to queue
[2025-12-11T04:28:16.249+0000] {logging_mixin.py:188} INFO - [2025-12-11T04:28:16.249+0000] {dagbag.py:545} INFO - Filling up the DagBag from /home/airflow/.local/lib/python3.9/site-packages/airflow/example_dags/example_params_ui_tutorial.py
[2025-12-11T04:28:16.274+0000] {processor.py:840} INFO - DAG(s) 'example_params_ui_tutorial' retrieved from /home/airflow/.local/lib/python3.9/site-packages/airflow/example_dags/example_params_ui_tutorial.py
[2025-12-11T04:28:16.381+0000] {logging_mixin.py:188} INFO - [2025-12-11T04:28:16.380+0000] {dag.py:3096} INFO - Sync 1 DAGs
[2025-12-11T04:28:16.413+0000] {logging_mixin.py:188} INFO - [2025-12-11T04:28:16.413+0000] {dag.py:3954} INFO - Setting next_dagrun for example_params_ui_tutorial to None, run_after=None
[2025-12-11T04:28:16.460+0000] {processor.py:183} INFO - Processing /home/airflow/.local/lib/python3.9/site-packages/airflow/example_dags/example_params_ui_tutorial.py took 0.231 seconds
[2025-12-11T04:28:46.728+0000] {processor.py:161} INFO - Started process (PID=1375) to work on /home/airflow/.local/lib/python3.9/site-packages/airflow/example_dags/example_params_ui_tutorial.py
[2025-12-11T04:28:46.754+0000] {processor.py:830} INFO - Processing file /home/airflow/.local/lib/python3.9/site-packages/airflow/example_dags/example_params_ui_tutorial.py for tasks to queue
[2025-12-11T04:28:46.759+0000] {logging_mixin.py:188} INFO - [2025-12-11T04:28:46.758+0000] {dagbag.py:545} INFO - Filling up the DagBag from /home/airflow/.local/lib/python3.9/site-packages/airflow/example_dags/example_params_ui_tutorial.py
[2025-12-11T04:28:46.784+0000] {processor.py:840} INFO - DAG(s) 'example_params_ui_tutorial' retrieved from /home/airflow/.local/lib/python3.9/site-packages/airflow/example_dags/example_params_ui_tutorial.py
[2025-12-11T04:28:46.877+0000] {logging_mixin.py:188} INFO - [2025-12-11T04:28:46.876+0000] {dag.py:3096} INFO - Sync 1 DAGs
[2025-12-11T04:28:46.911+0000] {logging_mixin.py:188} INFO - [2025-12-11T04:28:46.911+0000] {dag.py:3954} INFO - Setting next_dagrun for example_params_ui_tutorial to None, run_after=None
[2025-12-11T04:28:47.067+0000] {processor.py:183} INFO - Processing /home/airflow/.local/lib/python3.9/site-packages/airflow/example_dags/example_params_ui_tutorial.py took 0.352 seconds
[2025-12-11T04:29:17.851+0000] {processor.py:161} INFO - Started process (PID=1441) to work on /home/airflow/.local/lib/python3.9/site-packages/airflow/example_dags/example_params_ui_tutorial.py
[2025-12-11T04:29:17.915+0000] {processor.py:830} INFO - Processing file /home/airflow/.local/lib/python3.9/site-packages/airflow/example_dags/example_params_ui_tutorial.py for tasks to queue
[2025-12-11T04:29:17.918+0000] {logging_mixin.py:188} INFO - [2025-12-11T04:29:17.918+0000] {dagbag.py:545} INFO - Filling up the DagBag from /home/airflow/.local/lib/python3.9/site-packages/airflow/example_dags/example_params_ui_tutorial.py
[2025-12-11T04:29:17.935+0000] {processor.py:840} INFO - DAG(s) 'example_params_ui_tutorial' retrieved from /home/airflow/.local/lib/python3.9/site-packages/airflow/example_dags/example_params_ui_tutorial.py
[2025-12-11T04:29:18.016+0000] {logging_mixin.py:188} INFO - [2025-12-11T04:29:18.015+0000] {dag.py:3096} INFO - Sync 1 DAGs
[2025-12-11T04:29:18.045+0000] {logging_mixin.py:188} INFO - [2025-12-11T04:29:18.044+0000] {dag.py:3954} INFO - Setting next_dagrun for example_params_ui_tutorial to None, run_after=None
[2025-12-11T04:29:18.079+0000] {processor.py:183} INFO - Processing /home/airflow/.local/lib/python3.9/site-packages/airflow/example_dags/example_params_ui_tutorial.py took 0.240 seconds
[2025-12-11T04:29:48.886+0000] {processor.py:161} INFO - Started process (PID=1507) to work on /home/airflow/.local/lib/python3.9/site-packages/airflow/example_dags/example_params_ui_tutorial.py
[2025-12-11T04:29:48.893+0000] {processor.py:830} INFO - Processing file /home/airflow/.local/lib/python3.9/site-packages/airflow/example_dags/example_params_ui_tutorial.py for tasks to queue
[2025-12-11T04:29:48.899+0000] {logging_mixin.py:188} INFO - [2025-12-11T04:29:48.898+0000] {dagbag.py:545} INFO - Filling up the DagBag from /home/airflow/.local/lib/python3.9/site-packages/airflow/example_dags/example_params_ui_tutorial.py
[2025-12-11T04:29:48.938+0000] {processor.py:840} INFO - DAG(s) 'example_params_ui_tutorial' retrieved from /home/airflow/.local/lib/python3.9/site-packages/airflow/example_dags/example_params_ui_tutorial.py
[2025-12-11T04:29:49.083+0000] {logging_mixin.py:188} INFO - [2025-12-11T04:29:49.082+0000] {dag.py:3096} INFO - Sync 1 DAGs
[2025-12-11T04:29:49.119+0000] {logging_mixin.py:188} INFO - [2025-12-11T04:29:49.118+0000] {dag.py:3954} INFO - Setting next_dagrun for example_params_ui_tutorial to None, run_after=None
[2025-12-11T04:29:49.149+0000] {processor.py:183} INFO - Processing /home/airflow/.local/lib/python3.9/site-packages/airflow/example_dags/example_params_ui_tutorial.py took 0.275 seconds
[2025-12-11T04:30:19.328+0000] {processor.py:161} INFO - Started process (PID=1573) to work on /home/airflow/.local/lib/python3.9/site-packages/airflow/example_dags/example_params_ui_tutorial.py
[2025-12-11T04:30:19.385+0000] {processor.py:830} INFO - Processing file /home/airflow/.local/lib/python3.9/site-packages/airflow/example_dags/example_params_ui_tutorial.py for tasks to queue
[2025-12-11T04:30:19.389+0000] {logging_mixin.py:188} INFO - [2025-12-11T04:30:19.388+0000] {dagbag.py:545} INFO - Filling up the DagBag from /home/airflow/.local/lib/python3.9/site-packages/airflow/example_dags/example_params_ui_tutorial.py
[2025-12-11T04:30:19.414+0000] {processor.py:840} INFO - DAG(s) 'example_params_ui_tutorial' retrieved from /home/airflow/.local/lib/python3.9/site-packages/airflow/example_dags/example_params_ui_tutorial.py
[2025-12-11T04:30:19.577+0000] {logging_mixin.py:188} INFO - [2025-12-11T04:30:19.570+0000] {dag.py:3096} INFO - Sync 1 DAGs
[2025-12-11T04:30:19.622+0000] {logging_mixin.py:188} INFO - [2025-12-11T04:30:19.622+0000] {dag.py:3954} INFO - Setting next_dagrun for example_params_ui_tutorial to None, run_after=None
[2025-12-11T04:30:19.718+0000] {processor.py:183} INFO - Processing /home/airflow/.local/lib/python3.9/site-packages/airflow/example_dags/example_params_ui_tutorial.py took 0.411 seconds
[2025-12-11T04:30:50.339+0000] {processor.py:161} INFO - Started process (PID=1638) to work on /home/airflow/.local/lib/python3.9/site-packages/airflow/example_dags/example_params_ui_tutorial.py
[2025-12-11T04:30:50.347+0000] {processor.py:830} INFO - Processing file /home/airflow/.local/lib/python3.9/site-packages/airflow/example_dags/example_params_ui_tutorial.py for tasks to queue
[2025-12-11T04:30:50.350+0000] {logging_mixin.py:188} INFO - [2025-12-11T04:30:50.350+0000] {dagbag.py:545} INFO - Filling up the DagBag from /home/airflow/.local/lib/python3.9/site-packages/airflow/example_dags/example_params_ui_tutorial.py
[2025-12-11T04:30:50.372+0000] {processor.py:840} INFO - DAG(s) 'example_params_ui_tutorial' retrieved from /home/airflow/.local/lib/python3.9/site-packages/airflow/example_dags/example_params_ui_tutorial.py
[2025-12-11T04:30:50.487+0000] {logging_mixin.py:188} INFO - [2025-12-11T04:30:50.487+0000] {dag.py:3096} INFO - Sync 1 DAGs
[2025-12-11T04:30:50.524+0000] {logging_mixin.py:188} INFO - [2025-12-11T04:30:50.523+0000] {dag.py:3954} INFO - Setting next_dagrun for example_params_ui_tutorial to None, run_after=None
[2025-12-11T04:30:50.568+0000] {processor.py:183} INFO - Processing /home/airflow/.local/lib/python3.9/site-packages/airflow/example_dags/example_params_ui_tutorial.py took 0.249 seconds
[2025-12-11T04:31:21.243+0000] {processor.py:161} INFO - Started process (PID=1711) to work on /home/airflow/.local/lib/python3.9/site-packages/airflow/example_dags/example_params_ui_tutorial.py
[2025-12-11T04:31:21.264+0000] {processor.py:830} INFO - Processing file /home/airflow/.local/lib/python3.9/site-packages/airflow/example_dags/example_params_ui_tutorial.py for tasks to queue
[2025-12-11T04:31:21.279+0000] {logging_mixin.py:188} INFO - [2025-12-11T04:31:21.279+0000] {dagbag.py:545} INFO - Filling up the DagBag from /home/airflow/.local/lib/python3.9/site-packages/airflow/example_dags/example_params_ui_tutorial.py
[2025-12-11T04:31:21.324+0000] {processor.py:840} INFO - DAG(s) 'example_params_ui_tutorial' retrieved from /home/airflow/.local/lib/python3.9/site-packages/airflow/example_dags/example_params_ui_tutorial.py
[2025-12-11T04:31:21.537+0000] {logging_mixin.py:188} INFO - [2025-12-11T04:31:21.522+0000] {dag.py:3096} INFO - Sync 1 DAGs
[2025-12-11T04:31:21.581+0000] {logging_mixin.py:188} INFO - [2025-12-11T04:31:21.581+0000] {dag.py:3954} INFO - Setting next_dagrun for example_params_ui_tutorial to None, run_after=None
[2025-12-11T04:31:21.643+0000] {processor.py:183} INFO - Processing /home/airflow/.local/lib/python3.9/site-packages/airflow/example_dags/example_params_ui_tutorial.py took 0.426 seconds
[2025-12-11T04:31:51.986+0000] {processor.py:161} INFO - Started process (PID=1777) to work on /home/airflow/.local/lib/python3.9/site-packages/airflow/example_dags/example_params_ui_tutorial.py
[2025-12-11T04:31:51.997+0000] {processor.py:830} INFO - Processing file /home/airflow/.local/lib/python3.9/site-packages/airflow/example_dags/example_params_ui_tutorial.py for tasks to queue
[2025-12-11T04:31:52.000+0000] {logging_mixin.py:188} INFO - [2025-12-11T04:31:52.000+0000] {dagbag.py:545} INFO - Filling up the DagBag from /home/airflow/.local/lib/python3.9/site-packages/airflow/example_dags/example_params_ui_tutorial.py
[2025-12-11T04:31:52.041+0000] {processor.py:840} INFO - DAG(s) 'example_params_ui_tutorial' retrieved from /home/airflow/.local/lib/python3.9/site-packages/airflow/example_dags/example_params_ui_tutorial.py
[2025-12-11T04:31:52.228+0000] {logging_mixin.py:188} INFO - [2025-12-11T04:31:52.228+0000] {dag.py:3096} INFO - Sync 1 DAGs
[2025-12-11T04:31:52.283+0000] {logging_mixin.py:188} INFO - [2025-12-11T04:31:52.283+0000] {dag.py:3954} INFO - Setting next_dagrun for example_params_ui_tutorial to None, run_after=None
[2025-12-11T04:31:52.362+0000] {processor.py:183} INFO - Processing /home/airflow/.local/lib/python3.9/site-packages/airflow/example_dags/example_params_ui_tutorial.py took 0.395 seconds
[2025-12-11T04:32:22.467+0000] {processor.py:161} INFO - Started process (PID=1841) to work on /home/airflow/.local/lib/python3.9/site-packages/airflow/example_dags/example_params_ui_tutorial.py
[2025-12-11T04:32:22.496+0000] {processor.py:830} INFO - Processing file /home/airflow/.local/lib/python3.9/site-packages/airflow/example_dags/example_params_ui_tutorial.py for tasks to queue
[2025-12-11T04:32:22.500+0000] {logging_mixin.py:188} INFO - [2025-12-11T04:32:22.499+0000] {dagbag.py:545} INFO - Filling up the DagBag from /home/airflow/.local/lib/python3.9/site-packages/airflow/example_dags/example_params_ui_tutorial.py
[2025-12-11T04:32:22.523+0000] {processor.py:840} INFO - DAG(s) 'example_params_ui_tutorial' retrieved from /home/airflow/.local/lib/python3.9/site-packages/airflow/example_dags/example_params_ui_tutorial.py
[2025-12-11T04:32:22.641+0000] {logging_mixin.py:188} INFO - [2025-12-11T04:32:22.640+0000] {dag.py:3096} INFO - Sync 1 DAGs
[2025-12-11T04:32:22.668+0000] {logging_mixin.py:188} INFO - [2025-12-11T04:32:22.667+0000] {dag.py:3954} INFO - Setting next_dagrun for example_params_ui_tutorial to None, run_after=None
[2025-12-11T04:32:22.902+0000] {processor.py:183} INFO - Processing /home/airflow/.local/lib/python3.9/site-packages/airflow/example_dags/example_params_ui_tutorial.py took 0.445 seconds
[2025-12-11T04:32:53.245+0000] {processor.py:161} INFO - Started process (PID=1907) to work on /home/airflow/.local/lib/python3.9/site-packages/airflow/example_dags/example_params_ui_tutorial.py
[2025-12-11T04:32:53.247+0000] {processor.py:830} INFO - Processing file /home/airflow/.local/lib/python3.9/site-packages/airflow/example_dags/example_params_ui_tutorial.py for tasks to queue
[2025-12-11T04:32:53.257+0000] {logging_mixin.py:188} INFO - [2025-12-11T04:32:53.250+0000] {dagbag.py:545} INFO - Filling up the DagBag from /home/airflow/.local/lib/python3.9/site-packages/airflow/example_dags/example_params_ui_tutorial.py
[2025-12-11T04:32:53.280+0000] {processor.py:840} INFO - DAG(s) 'example_params_ui_tutorial' retrieved from /home/airflow/.local/lib/python3.9/site-packages/airflow/example_dags/example_params_ui_tutorial.py
[2025-12-11T04:32:53.401+0000] {logging_mixin.py:188} INFO - [2025-12-11T04:32:53.400+0000] {dag.py:3096} INFO - Sync 1 DAGs
[2025-12-11T04:32:53.440+0000] {logging_mixin.py:188} INFO - [2025-12-11T04:32:53.440+0000] {dag.py:3954} INFO - Setting next_dagrun for example_params_ui_tutorial to None, run_after=None
[2025-12-11T04:32:53.491+0000] {processor.py:183} INFO - Processing /home/airflow/.local/lib/python3.9/site-packages/airflow/example_dags/example_params_ui_tutorial.py took 0.256 seconds
[2025-12-11T04:33:23.757+0000] {processor.py:161} INFO - Started process (PID=1973) to work on /home/airflow/.local/lib/python3.9/site-packages/airflow/example_dags/example_params_ui_tutorial.py
[2025-12-11T04:33:23.777+0000] {processor.py:830} INFO - Processing file /home/airflow/.local/lib/python3.9/site-packages/airflow/example_dags/example_params_ui_tutorial.py for tasks to queue
[2025-12-11T04:33:23.780+0000] {logging_mixin.py:188} INFO - [2025-12-11T04:33:23.779+0000] {dagbag.py:545} INFO - Filling up the DagBag from /home/airflow/.local/lib/python3.9/site-packages/airflow/example_dags/example_params_ui_tutorial.py
[2025-12-11T04:33:23.805+0000] {processor.py:840} INFO - DAG(s) 'example_params_ui_tutorial' retrieved from /home/airflow/.local/lib/python3.9/site-packages/airflow/example_dags/example_params_ui_tutorial.py
[2025-12-11T04:33:23.957+0000] {logging_mixin.py:188} INFO - [2025-12-11T04:33:23.956+0000] {dag.py:3096} INFO - Sync 1 DAGs
[2025-12-11T04:33:23.998+0000] {logging_mixin.py:188} INFO - [2025-12-11T04:33:23.997+0000] {dag.py:3954} INFO - Setting next_dagrun for example_params_ui_tutorial to None, run_after=None
[2025-12-11T04:33:24.040+0000] {processor.py:183} INFO - Processing /home/airflow/.local/lib/python3.9/site-packages/airflow/example_dags/example_params_ui_tutorial.py took 0.297 seconds
[2025-12-11T04:33:54.250+0000] {processor.py:161} INFO - Started process (PID=2042) to work on /home/airflow/.local/lib/python3.9/site-packages/airflow/example_dags/example_params_ui_tutorial.py
[2025-12-11T04:33:54.288+0000] {processor.py:830} INFO - Processing file /home/airflow/.local/lib/python3.9/site-packages/airflow/example_dags/example_params_ui_tutorial.py for tasks to queue
[2025-12-11T04:33:54.291+0000] {logging_mixin.py:188} INFO - [2025-12-11T04:33:54.290+0000] {dagbag.py:545} INFO - Filling up the DagBag from /home/airflow/.local/lib/python3.9/site-packages/airflow/example_dags/example_params_ui_tutorial.py
[2025-12-11T04:33:54.309+0000] {processor.py:840} INFO - DAG(s) 'example_params_ui_tutorial' retrieved from /home/airflow/.local/lib/python3.9/site-packages/airflow/example_dags/example_params_ui_tutorial.py
[2025-12-11T04:33:54.403+0000] {logging_mixin.py:188} INFO - [2025-12-11T04:33:54.402+0000] {dag.py:3096} INFO - Sync 1 DAGs
[2025-12-11T04:33:54.434+0000] {logging_mixin.py:188} INFO - [2025-12-11T04:33:54.433+0000] {dag.py:3954} INFO - Setting next_dagrun for example_params_ui_tutorial to None, run_after=None
[2025-12-11T04:33:54.622+0000] {processor.py:183} INFO - Processing /home/airflow/.local/lib/python3.9/site-packages/airflow/example_dags/example_params_ui_tutorial.py took 0.381 seconds
[2025-12-11T04:34:25.558+0000] {processor.py:161} INFO - Started process (PID=2109) to work on /home/airflow/.local/lib/python3.9/site-packages/airflow/example_dags/example_params_ui_tutorial.py
[2025-12-11T04:34:25.578+0000] {processor.py:830} INFO - Processing file /home/airflow/.local/lib/python3.9/site-packages/airflow/example_dags/example_params_ui_tutorial.py for tasks to queue
[2025-12-11T04:34:25.581+0000] {logging_mixin.py:188} INFO - [2025-12-11T04:34:25.581+0000] {dagbag.py:545} INFO - Filling up the DagBag from /home/airflow/.local/lib/python3.9/site-packages/airflow/example_dags/example_params_ui_tutorial.py
[2025-12-11T04:34:25.599+0000] {processor.py:840} INFO - DAG(s) 'example_params_ui_tutorial' retrieved from /home/airflow/.local/lib/python3.9/site-packages/airflow/example_dags/example_params_ui_tutorial.py
[2025-12-11T04:34:25.700+0000] {logging_mixin.py:188} INFO - [2025-12-11T04:34:25.699+0000] {dag.py:3096} INFO - Sync 1 DAGs
[2025-12-11T04:34:25.734+0000] {logging_mixin.py:188} INFO - [2025-12-11T04:34:25.734+0000] {dag.py:3954} INFO - Setting next_dagrun for example_params_ui_tutorial to None, run_after=None
[2025-12-11T04:34:25.772+0000] {processor.py:183} INFO - Processing /home/airflow/.local/lib/python3.9/site-packages/airflow/example_dags/example_params_ui_tutorial.py took 0.224 seconds
[2025-12-11T04:34:56.000+0000] {processor.py:161} INFO - Started process (PID=2176) to work on /home/airflow/.local/lib/python3.9/site-packages/airflow/example_dags/example_params_ui_tutorial.py
[2025-12-11T04:34:56.001+0000] {processor.py:830} INFO - Processing file /home/airflow/.local/lib/python3.9/site-packages/airflow/example_dags/example_params_ui_tutorial.py for tasks to queue
[2025-12-11T04:34:56.005+0000] {logging_mixin.py:188} INFO - [2025-12-11T04:34:56.004+0000] {dagbag.py:545} INFO - Filling up the DagBag from /home/airflow/.local/lib/python3.9/site-packages/airflow/example_dags/example_params_ui_tutorial.py
[2025-12-11T04:34:56.028+0000] {processor.py:840} INFO - DAG(s) 'example_params_ui_tutorial' retrieved from /home/airflow/.local/lib/python3.9/site-packages/airflow/example_dags/example_params_ui_tutorial.py
[2025-12-11T04:34:56.161+0000] {logging_mixin.py:188} INFO - [2025-12-11T04:34:56.161+0000] {dag.py:3096} INFO - Sync 1 DAGs
[2025-12-11T04:34:56.188+0000] {logging_mixin.py:188} INFO - [2025-12-11T04:34:56.187+0000] {dag.py:3954} INFO - Setting next_dagrun for example_params_ui_tutorial to None, run_after=None
[2025-12-11T04:34:56.227+0000] {processor.py:183} INFO - Processing /home/airflow/.local/lib/python3.9/site-packages/airflow/example_dags/example_params_ui_tutorial.py took 0.247 seconds
[2025-12-11T04:35:26.785+0000] {processor.py:161} INFO - Started process (PID=2244) to work on /home/airflow/.local/lib/python3.9/site-packages/airflow/example_dags/example_params_ui_tutorial.py
[2025-12-11T04:35:26.787+0000] {processor.py:830} INFO - Processing file /home/airflow/.local/lib/python3.9/site-packages/airflow/example_dags/example_params_ui_tutorial.py for tasks to queue
[2025-12-11T04:35:26.790+0000] {logging_mixin.py:188} INFO - [2025-12-11T04:35:26.789+0000] {dagbag.py:545} INFO - Filling up the DagBag from /home/airflow/.local/lib/python3.9/site-packages/airflow/example_dags/example_params_ui_tutorial.py
[2025-12-11T04:35:26.808+0000] {processor.py:840} INFO - DAG(s) 'example_params_ui_tutorial' retrieved from /home/airflow/.local/lib/python3.9/site-packages/airflow/example_dags/example_params_ui_tutorial.py
[2025-12-11T04:35:26.900+0000] {logging_mixin.py:188} INFO - [2025-12-11T04:35:26.900+0000] {dag.py:3096} INFO - Sync 1 DAGs
[2025-12-11T04:35:26.920+0000] {logging_mixin.py:188} INFO - [2025-12-11T04:35:26.920+0000] {dag.py:3954} INFO - Setting next_dagrun for example_params_ui_tutorial to None, run_after=None
[2025-12-11T04:35:26.947+0000] {processor.py:183} INFO - Processing /home/airflow/.local/lib/python3.9/site-packages/airflow/example_dags/example_params_ui_tutorial.py took 0.175 seconds
[2025-12-11T04:35:57.307+0000] {processor.py:161} INFO - Started process (PID=2311) to work on /home/airflow/.local/lib/python3.9/site-packages/airflow/example_dags/example_params_ui_tutorial.py
[2025-12-11T04:35:57.332+0000] {processor.py:830} INFO - Processing file /home/airflow/.local/lib/python3.9/site-packages/airflow/example_dags/example_params_ui_tutorial.py for tasks to queue
[2025-12-11T04:35:57.337+0000] {logging_mixin.py:188} INFO - [2025-12-11T04:35:57.336+0000] {dagbag.py:545} INFO - Filling up the DagBag from /home/airflow/.local/lib/python3.9/site-packages/airflow/example_dags/example_params_ui_tutorial.py
[2025-12-11T04:35:57.360+0000] {processor.py:840} INFO - DAG(s) 'example_params_ui_tutorial' retrieved from /home/airflow/.local/lib/python3.9/site-packages/airflow/example_dags/example_params_ui_tutorial.py
[2025-12-11T04:35:57.445+0000] {logging_mixin.py:188} INFO - [2025-12-11T04:35:57.445+0000] {dag.py:3096} INFO - Sync 1 DAGs
[2025-12-11T04:35:57.465+0000] {logging_mixin.py:188} INFO - [2025-12-11T04:35:57.465+0000] {dag.py:3954} INFO - Setting next_dagrun for example_params_ui_tutorial to None, run_after=None
[2025-12-11T04:35:57.718+0000] {processor.py:183} INFO - Processing /home/airflow/.local/lib/python3.9/site-packages/airflow/example_dags/example_params_ui_tutorial.py took 0.422 seconds
[2025-12-11T04:36:28.717+0000] {processor.py:161} INFO - Started process (PID=2378) to work on /home/airflow/.local/lib/python3.9/site-packages/airflow/example_dags/example_params_ui_tutorial.py
[2025-12-11T04:36:28.719+0000] {processor.py:830} INFO - Processing file /home/airflow/.local/lib/python3.9/site-packages/airflow/example_dags/example_params_ui_tutorial.py for tasks to queue
[2025-12-11T04:36:28.722+0000] {logging_mixin.py:188} INFO - [2025-12-11T04:36:28.721+0000] {dagbag.py:545} INFO - Filling up the DagBag from /home/airflow/.local/lib/python3.9/site-packages/airflow/example_dags/example_params_ui_tutorial.py
[2025-12-11T04:36:28.739+0000] {processor.py:840} INFO - DAG(s) 'example_params_ui_tutorial' retrieved from /home/airflow/.local/lib/python3.9/site-packages/airflow/example_dags/example_params_ui_tutorial.py
[2025-12-11T04:36:28.858+0000] {logging_mixin.py:188} INFO - [2025-12-11T04:36:28.857+0000] {dag.py:3096} INFO - Sync 1 DAGs
[2025-12-11T04:36:28.882+0000] {logging_mixin.py:188} INFO - [2025-12-11T04:36:28.881+0000] {dag.py:3954} INFO - Setting next_dagrun for example_params_ui_tutorial to None, run_after=None
[2025-12-11T04:36:28.907+0000] {processor.py:183} INFO - Processing /home/airflow/.local/lib/python3.9/site-packages/airflow/example_dags/example_params_ui_tutorial.py took 0.200 seconds
[2025-12-11T04:36:59.096+0000] {processor.py:161} INFO - Started process (PID=2445) to work on /home/airflow/.local/lib/python3.9/site-packages/airflow/example_dags/example_params_ui_tutorial.py
[2025-12-11T04:36:59.102+0000] {processor.py:830} INFO - Processing file /home/airflow/.local/lib/python3.9/site-packages/airflow/example_dags/example_params_ui_tutorial.py for tasks to queue
[2025-12-11T04:36:59.106+0000] {logging_mixin.py:188} INFO - [2025-12-11T04:36:59.105+0000] {dagbag.py:545} INFO - Filling up the DagBag from /home/airflow/.local/lib/python3.9/site-packages/airflow/example_dags/example_params_ui_tutorial.py
[2025-12-11T04:36:59.128+0000] {processor.py:840} INFO - DAG(s) 'example_params_ui_tutorial' retrieved from /home/airflow/.local/lib/python3.9/site-packages/airflow/example_dags/example_params_ui_tutorial.py
[2025-12-11T04:36:59.208+0000] {logging_mixin.py:188} INFO - [2025-12-11T04:36:59.208+0000] {dag.py:3096} INFO - Sync 1 DAGs
[2025-12-11T04:36:59.228+0000] {logging_mixin.py:188} INFO - [2025-12-11T04:36:59.228+0000] {dag.py:3954} INFO - Setting next_dagrun for example_params_ui_tutorial to None, run_after=None
[2025-12-11T04:36:59.257+0000] {processor.py:183} INFO - Processing /home/airflow/.local/lib/python3.9/site-packages/airflow/example_dags/example_params_ui_tutorial.py took 0.175 seconds
[2025-12-11T04:37:30.138+0000] {processor.py:161} INFO - Started process (PID=2512) to work on /home/airflow/.local/lib/python3.9/site-packages/airflow/example_dags/example_params_ui_tutorial.py
[2025-12-11T04:37:30.217+0000] {processor.py:830} INFO - Processing file /home/airflow/.local/lib/python3.9/site-packages/airflow/example_dags/example_params_ui_tutorial.py for tasks to queue
[2025-12-11T04:37:30.220+0000] {logging_mixin.py:188} INFO - [2025-12-11T04:37:30.219+0000] {dagbag.py:545} INFO - Filling up the DagBag from /home/airflow/.local/lib/python3.9/site-packages/airflow/example_dags/example_params_ui_tutorial.py
[2025-12-11T04:37:30.237+0000] {processor.py:840} INFO - DAG(s) 'example_params_ui_tutorial' retrieved from /home/airflow/.local/lib/python3.9/site-packages/airflow/example_dags/example_params_ui_tutorial.py
[2025-12-11T04:37:30.316+0000] {logging_mixin.py:188} INFO - [2025-12-11T04:37:30.315+0000] {dag.py:3096} INFO - Sync 1 DAGs
[2025-12-11T04:37:30.337+0000] {logging_mixin.py:188} INFO - [2025-12-11T04:37:30.337+0000] {dag.py:3954} INFO - Setting next_dagrun for example_params_ui_tutorial to None, run_after=None
[2025-12-11T04:37:30.524+0000] {processor.py:183} INFO - Processing /home/airflow/.local/lib/python3.9/site-packages/airflow/example_dags/example_params_ui_tutorial.py took 0.398 seconds
[2025-12-11T04:38:00.840+0000] {processor.py:161} INFO - Started process (PID=2579) to work on /home/airflow/.local/lib/python3.9/site-packages/airflow/example_dags/example_params_ui_tutorial.py
[2025-12-11T04:38:00.865+0000] {processor.py:830} INFO - Processing file /home/airflow/.local/lib/python3.9/site-packages/airflow/example_dags/example_params_ui_tutorial.py for tasks to queue
[2025-12-11T04:38:00.867+0000] {logging_mixin.py:188} INFO - [2025-12-11T04:38:00.867+0000] {dagbag.py:545} INFO - Filling up the DagBag from /home/airflow/.local/lib/python3.9/site-packages/airflow/example_dags/example_params_ui_tutorial.py
[2025-12-11T04:38:00.885+0000] {processor.py:840} INFO - DAG(s) 'example_params_ui_tutorial' retrieved from /home/airflow/.local/lib/python3.9/site-packages/airflow/example_dags/example_params_ui_tutorial.py
[2025-12-11T04:38:00.974+0000] {logging_mixin.py:188} INFO - [2025-12-11T04:38:00.974+0000] {dag.py:3096} INFO - Sync 1 DAGs
[2025-12-11T04:38:00.994+0000] {logging_mixin.py:188} INFO - [2025-12-11T04:38:00.994+0000] {dag.py:3954} INFO - Setting next_dagrun for example_params_ui_tutorial to None, run_after=None
[2025-12-11T04:38:01.125+0000] {processor.py:183} INFO - Processing /home/airflow/.local/lib/python3.9/site-packages/airflow/example_dags/example_params_ui_tutorial.py took 0.296 seconds
[2025-12-11T04:38:31.871+0000] {processor.py:161} INFO - Started process (PID=2646) to work on /home/airflow/.local/lib/python3.9/site-packages/airflow/example_dags/example_params_ui_tutorial.py
[2025-12-11T04:38:31.915+0000] {processor.py:830} INFO - Processing file /home/airflow/.local/lib/python3.9/site-packages/airflow/example_dags/example_params_ui_tutorial.py for tasks to queue
[2025-12-11T04:38:31.918+0000] {logging_mixin.py:188} INFO - [2025-12-11T04:38:31.918+0000] {dagbag.py:545} INFO - Filling up the DagBag from /home/airflow/.local/lib/python3.9/site-packages/airflow/example_dags/example_params_ui_tutorial.py
[2025-12-11T04:38:31.939+0000] {processor.py:840} INFO - DAG(s) 'example_params_ui_tutorial' retrieved from /home/airflow/.local/lib/python3.9/site-packages/airflow/example_dags/example_params_ui_tutorial.py
[2025-12-11T04:38:32.035+0000] {logging_mixin.py:188} INFO - [2025-12-11T04:38:32.034+0000] {dag.py:3096} INFO - Sync 1 DAGs
[2025-12-11T04:38:32.060+0000] {logging_mixin.py:188} INFO - [2025-12-11T04:38:32.059+0000] {dag.py:3954} INFO - Setting next_dagrun for example_params_ui_tutorial to None, run_after=None
[2025-12-11T04:38:32.293+0000] {processor.py:183} INFO - Processing /home/airflow/.local/lib/python3.9/site-packages/airflow/example_dags/example_params_ui_tutorial.py took 0.435 seconds
[2025-12-11T04:39:02.379+0000] {processor.py:161} INFO - Started process (PID=2713) to work on /home/airflow/.local/lib/python3.9/site-packages/airflow/example_dags/example_params_ui_tutorial.py
[2025-12-11T04:39:02.381+0000] {processor.py:830} INFO - Processing file /home/airflow/.local/lib/python3.9/site-packages/airflow/example_dags/example_params_ui_tutorial.py for tasks to queue
[2025-12-11T04:39:02.383+0000] {logging_mixin.py:188} INFO - [2025-12-11T04:39:02.383+0000] {dagbag.py:545} INFO - Filling up the DagBag from /home/airflow/.local/lib/python3.9/site-packages/airflow/example_dags/example_params_ui_tutorial.py
[2025-12-11T04:39:02.400+0000] {processor.py:840} INFO - DAG(s) 'example_params_ui_tutorial' retrieved from /home/airflow/.local/lib/python3.9/site-packages/airflow/example_dags/example_params_ui_tutorial.py
[2025-12-11T04:39:02.484+0000] {logging_mixin.py:188} INFO - [2025-12-11T04:39:02.483+0000] {dag.py:3096} INFO - Sync 1 DAGs
[2025-12-11T04:39:02.508+0000] {logging_mixin.py:188} INFO - [2025-12-11T04:39:02.508+0000] {dag.py:3954} INFO - Setting next_dagrun for example_params_ui_tutorial to None, run_after=None
[2025-12-11T04:39:02.540+0000] {processor.py:183} INFO - Processing /home/airflow/.local/lib/python3.9/site-packages/airflow/example_dags/example_params_ui_tutorial.py took 0.171 seconds
[2025-12-11T04:39:33.057+0000] {processor.py:161} INFO - Started process (PID=2779) to work on /home/airflow/.local/lib/python3.9/site-packages/airflow/example_dags/example_params_ui_tutorial.py
[2025-12-11T04:39:33.064+0000] {processor.py:830} INFO - Processing file /home/airflow/.local/lib/python3.9/site-packages/airflow/example_dags/example_params_ui_tutorial.py for tasks to queue
[2025-12-11T04:39:33.080+0000] {logging_mixin.py:188} INFO - [2025-12-11T04:39:33.079+0000] {dagbag.py:545} INFO - Filling up the DagBag from /home/airflow/.local/lib/python3.9/site-packages/airflow/example_dags/example_params_ui_tutorial.py
[2025-12-11T04:39:33.121+0000] {processor.py:840} INFO - DAG(s) 'example_params_ui_tutorial' retrieved from /home/airflow/.local/lib/python3.9/site-packages/airflow/example_dags/example_params_ui_tutorial.py
[2025-12-11T04:39:33.262+0000] {logging_mixin.py:188} INFO - [2025-12-11T04:39:33.261+0000] {dag.py:3096} INFO - Sync 1 DAGs
[2025-12-11T04:39:33.307+0000] {logging_mixin.py:188} INFO - [2025-12-11T04:39:33.306+0000] {dag.py:3954} INFO - Setting next_dagrun for example_params_ui_tutorial to None, run_after=None
[2025-12-11T04:39:33.382+0000] {processor.py:183} INFO - Processing /home/airflow/.local/lib/python3.9/site-packages/airflow/example_dags/example_params_ui_tutorial.py took 0.353 seconds
[2025-12-11T04:40:04.201+0000] {processor.py:161} INFO - Started process (PID=2846) to work on /home/airflow/.local/lib/python3.9/site-packages/airflow/example_dags/example_params_ui_tutorial.py
[2025-12-11T04:40:04.209+0000] {processor.py:830} INFO - Processing file /home/airflow/.local/lib/python3.9/site-packages/airflow/example_dags/example_params_ui_tutorial.py for tasks to queue
[2025-12-11T04:40:04.212+0000] {logging_mixin.py:188} INFO - [2025-12-11T04:40:04.211+0000] {dagbag.py:545} INFO - Filling up the DagBag from /home/airflow/.local/lib/python3.9/site-packages/airflow/example_dags/example_params_ui_tutorial.py
[2025-12-11T04:40:04.241+0000] {processor.py:840} INFO - DAG(s) 'example_params_ui_tutorial' retrieved from /home/airflow/.local/lib/python3.9/site-packages/airflow/example_dags/example_params_ui_tutorial.py
[2025-12-11T04:40:04.411+0000] {logging_mixin.py:188} INFO - [2025-12-11T04:40:04.411+0000] {dag.py:3096} INFO - Sync 1 DAGs
[2025-12-11T04:40:04.446+0000] {logging_mixin.py:188} INFO - [2025-12-11T04:40:04.446+0000] {dag.py:3954} INFO - Setting next_dagrun for example_params_ui_tutorial to None, run_after=None
[2025-12-11T04:40:04.498+0000] {processor.py:183} INFO - Processing /home/airflow/.local/lib/python3.9/site-packages/airflow/example_dags/example_params_ui_tutorial.py took 0.308 seconds
[2025-12-11T04:40:35.498+0000] {processor.py:161} INFO - Started process (PID=2913) to work on /home/airflow/.local/lib/python3.9/site-packages/airflow/example_dags/example_params_ui_tutorial.py
[2025-12-11T04:40:35.537+0000] {processor.py:830} INFO - Processing file /home/airflow/.local/lib/python3.9/site-packages/airflow/example_dags/example_params_ui_tutorial.py for tasks to queue
[2025-12-11T04:40:35.540+0000] {logging_mixin.py:188} INFO - [2025-12-11T04:40:35.539+0000] {dagbag.py:545} INFO - Filling up the DagBag from /home/airflow/.local/lib/python3.9/site-packages/airflow/example_dags/example_params_ui_tutorial.py
[2025-12-11T04:40:35.560+0000] {processor.py:840} INFO - DAG(s) 'example_params_ui_tutorial' retrieved from /home/airflow/.local/lib/python3.9/site-packages/airflow/example_dags/example_params_ui_tutorial.py
[2025-12-11T04:40:35.662+0000] {logging_mixin.py:188} INFO - [2025-12-11T04:40:35.661+0000] {dag.py:3096} INFO - Sync 1 DAGs
[2025-12-11T04:40:35.704+0000] {logging_mixin.py:188} INFO - [2025-12-11T04:40:35.703+0000] {dag.py:3954} INFO - Setting next_dagrun for example_params_ui_tutorial to None, run_after=None
[2025-12-11T04:40:35.801+0000] {processor.py:183} INFO - Processing /home/airflow/.local/lib/python3.9/site-packages/airflow/example_dags/example_params_ui_tutorial.py took 0.321 seconds
[2025-12-11T04:41:06.146+0000] {processor.py:161} INFO - Started process (PID=2980) to work on /home/airflow/.local/lib/python3.9/site-packages/airflow/example_dags/example_params_ui_tutorial.py
[2025-12-11T04:41:06.190+0000] {processor.py:830} INFO - Processing file /home/airflow/.local/lib/python3.9/site-packages/airflow/example_dags/example_params_ui_tutorial.py for tasks to queue
[2025-12-11T04:41:06.195+0000] {logging_mixin.py:188} INFO - [2025-12-11T04:41:06.194+0000] {dagbag.py:545} INFO - Filling up the DagBag from /home/airflow/.local/lib/python3.9/site-packages/airflow/example_dags/example_params_ui_tutorial.py
[2025-12-11T04:41:06.220+0000] {processor.py:840} INFO - DAG(s) 'example_params_ui_tutorial' retrieved from /home/airflow/.local/lib/python3.9/site-packages/airflow/example_dags/example_params_ui_tutorial.py
[2025-12-11T04:41:06.381+0000] {logging_mixin.py:188} INFO - [2025-12-11T04:41:06.381+0000] {dag.py:3096} INFO - Sync 1 DAGs
[2025-12-11T04:41:06.422+0000] {logging_mixin.py:188} INFO - [2025-12-11T04:41:06.421+0000] {dag.py:3954} INFO - Setting next_dagrun for example_params_ui_tutorial to None, run_after=None
[2025-12-11T04:41:06.700+0000] {processor.py:183} INFO - Processing /home/airflow/.local/lib/python3.9/site-packages/airflow/example_dags/example_params_ui_tutorial.py took 0.566 seconds
[2025-12-11T04:41:37.598+0000] {processor.py:161} INFO - Started process (PID=3047) to work on /home/airflow/.local/lib/python3.9/site-packages/airflow/example_dags/example_params_ui_tutorial.py
[2025-12-11T04:41:37.607+0000] {processor.py:830} INFO - Processing file /home/airflow/.local/lib/python3.9/site-packages/airflow/example_dags/example_params_ui_tutorial.py for tasks to queue
[2025-12-11T04:41:37.610+0000] {logging_mixin.py:188} INFO - [2025-12-11T04:41:37.609+0000] {dagbag.py:545} INFO - Filling up the DagBag from /home/airflow/.local/lib/python3.9/site-packages/airflow/example_dags/example_params_ui_tutorial.py
[2025-12-11T04:41:37.639+0000] {processor.py:840} INFO - DAG(s) 'example_params_ui_tutorial' retrieved from /home/airflow/.local/lib/python3.9/site-packages/airflow/example_dags/example_params_ui_tutorial.py
[2025-12-11T04:41:37.865+0000] {logging_mixin.py:188} INFO - [2025-12-11T04:41:37.862+0000] {dag.py:3096} INFO - Sync 1 DAGs
[2025-12-11T04:41:37.900+0000] {logging_mixin.py:188} INFO - [2025-12-11T04:41:37.899+0000] {dag.py:3954} INFO - Setting next_dagrun for example_params_ui_tutorial to None, run_after=None
[2025-12-11T04:41:38.119+0000] {processor.py:183} INFO - Processing /home/airflow/.local/lib/python3.9/site-packages/airflow/example_dags/example_params_ui_tutorial.py took 0.540 seconds
[2025-12-11T04:42:08.525+0000] {processor.py:161} INFO - Started process (PID=3115) to work on /home/airflow/.local/lib/python3.9/site-packages/airflow/example_dags/example_params_ui_tutorial.py
[2025-12-11T04:42:08.546+0000] {processor.py:830} INFO - Processing file /home/airflow/.local/lib/python3.9/site-packages/airflow/example_dags/example_params_ui_tutorial.py for tasks to queue
[2025-12-11T04:42:08.550+0000] {logging_mixin.py:188} INFO - [2025-12-11T04:42:08.549+0000] {dagbag.py:545} INFO - Filling up the DagBag from /home/airflow/.local/lib/python3.9/site-packages/airflow/example_dags/example_params_ui_tutorial.py
[2025-12-11T04:42:08.575+0000] {processor.py:840} INFO - DAG(s) 'example_params_ui_tutorial' retrieved from /home/airflow/.local/lib/python3.9/site-packages/airflow/example_dags/example_params_ui_tutorial.py
[2025-12-11T04:42:08.743+0000] {logging_mixin.py:188} INFO - [2025-12-11T04:42:08.743+0000] {dag.py:3096} INFO - Sync 1 DAGs
[2025-12-11T04:42:08.889+0000] {logging_mixin.py:188} INFO - [2025-12-11T04:42:08.888+0000] {dag.py:3954} INFO - Setting next_dagrun for example_params_ui_tutorial to None, run_after=None
[2025-12-11T04:42:08.965+0000] {processor.py:183} INFO - Processing /home/airflow/.local/lib/python3.9/site-packages/airflow/example_dags/example_params_ui_tutorial.py took 0.458 seconds
[2025-12-11T04:42:39.078+0000] {processor.py:161} INFO - Started process (PID=3182) to work on /home/airflow/.local/lib/python3.9/site-packages/airflow/example_dags/example_params_ui_tutorial.py
[2025-12-11T04:42:39.084+0000] {processor.py:830} INFO - Processing file /home/airflow/.local/lib/python3.9/site-packages/airflow/example_dags/example_params_ui_tutorial.py for tasks to queue
[2025-12-11T04:42:39.099+0000] {logging_mixin.py:188} INFO - [2025-12-11T04:42:39.099+0000] {dagbag.py:545} INFO - Filling up the DagBag from /home/airflow/.local/lib/python3.9/site-packages/airflow/example_dags/example_params_ui_tutorial.py
[2025-12-11T04:42:39.127+0000] {processor.py:840} INFO - DAG(s) 'example_params_ui_tutorial' retrieved from /home/airflow/.local/lib/python3.9/site-packages/airflow/example_dags/example_params_ui_tutorial.py
[2025-12-11T04:42:39.321+0000] {logging_mixin.py:188} INFO - [2025-12-11T04:42:39.321+0000] {dag.py:3096} INFO - Sync 1 DAGs
[2025-12-11T04:42:39.362+0000] {logging_mixin.py:188} INFO - [2025-12-11T04:42:39.361+0000] {dag.py:3954} INFO - Setting next_dagrun for example_params_ui_tutorial to None, run_after=None
[2025-12-11T04:42:39.479+0000] {processor.py:183} INFO - Processing /home/airflow/.local/lib/python3.9/site-packages/airflow/example_dags/example_params_ui_tutorial.py took 0.422 seconds
[2025-12-11T04:43:09.665+0000] {processor.py:161} INFO - Started process (PID=3249) to work on /home/airflow/.local/lib/python3.9/site-packages/airflow/example_dags/example_params_ui_tutorial.py
[2025-12-11T04:43:09.667+0000] {processor.py:830} INFO - Processing file /home/airflow/.local/lib/python3.9/site-packages/airflow/example_dags/example_params_ui_tutorial.py for tasks to queue
[2025-12-11T04:43:09.677+0000] {logging_mixin.py:188} INFO - [2025-12-11T04:43:09.669+0000] {dagbag.py:545} INFO - Filling up the DagBag from /home/airflow/.local/lib/python3.9/site-packages/airflow/example_dags/example_params_ui_tutorial.py
[2025-12-11T04:43:09.702+0000] {processor.py:840} INFO - DAG(s) 'example_params_ui_tutorial' retrieved from /home/airflow/.local/lib/python3.9/site-packages/airflow/example_dags/example_params_ui_tutorial.py
[2025-12-11T04:43:09.848+0000] {logging_mixin.py:188} INFO - [2025-12-11T04:43:09.848+0000] {dag.py:3096} INFO - Sync 1 DAGs
[2025-12-11T04:43:09.879+0000] {logging_mixin.py:188} INFO - [2025-12-11T04:43:09.878+0000] {dag.py:3954} INFO - Setting next_dagrun for example_params_ui_tutorial to None, run_after=None
[2025-12-11T04:43:09.929+0000] {processor.py:183} INFO - Processing /home/airflow/.local/lib/python3.9/site-packages/airflow/example_dags/example_params_ui_tutorial.py took 0.279 seconds
[2025-12-11T04:43:40.027+0000] {processor.py:161} INFO - Started process (PID=3316) to work on /home/airflow/.local/lib/python3.9/site-packages/airflow/example_dags/example_params_ui_tutorial.py
[2025-12-11T04:43:40.111+0000] {processor.py:830} INFO - Processing file /home/airflow/.local/lib/python3.9/site-packages/airflow/example_dags/example_params_ui_tutorial.py for tasks to queue
[2025-12-11T04:43:40.114+0000] {logging_mixin.py:188} INFO - [2025-12-11T04:43:40.114+0000] {dagbag.py:545} INFO - Filling up the DagBag from /home/airflow/.local/lib/python3.9/site-packages/airflow/example_dags/example_params_ui_tutorial.py
[2025-12-11T04:43:40.135+0000] {processor.py:840} INFO - DAG(s) 'example_params_ui_tutorial' retrieved from /home/airflow/.local/lib/python3.9/site-packages/airflow/example_dags/example_params_ui_tutorial.py
[2025-12-11T04:43:40.281+0000] {logging_mixin.py:188} INFO - [2025-12-11T04:43:40.280+0000] {dag.py:3096} INFO - Sync 1 DAGs
[2025-12-11T04:43:40.342+0000] {logging_mixin.py:188} INFO - [2025-12-11T04:43:40.341+0000] {dag.py:3954} INFO - Setting next_dagrun for example_params_ui_tutorial to None, run_after=None
[2025-12-11T04:43:40.456+0000] {processor.py:183} INFO - Processing /home/airflow/.local/lib/python3.9/site-packages/airflow/example_dags/example_params_ui_tutorial.py took 0.440 seconds
[2025-12-11T04:44:11.380+0000] {processor.py:161} INFO - Started process (PID=3383) to work on /home/airflow/.local/lib/python3.9/site-packages/airflow/example_dags/example_params_ui_tutorial.py
[2025-12-11T04:44:11.382+0000] {processor.py:830} INFO - Processing file /home/airflow/.local/lib/python3.9/site-packages/airflow/example_dags/example_params_ui_tutorial.py for tasks to queue
[2025-12-11T04:44:11.385+0000] {logging_mixin.py:188} INFO - [2025-12-11T04:44:11.385+0000] {dagbag.py:545} INFO - Filling up the DagBag from /home/airflow/.local/lib/python3.9/site-packages/airflow/example_dags/example_params_ui_tutorial.py
[2025-12-11T04:44:11.408+0000] {processor.py:840} INFO - DAG(s) 'example_params_ui_tutorial' retrieved from /home/airflow/.local/lib/python3.9/site-packages/airflow/example_dags/example_params_ui_tutorial.py
[2025-12-11T04:44:11.557+0000] {logging_mixin.py:188} INFO - [2025-12-11T04:44:11.548+0000] {dag.py:3096} INFO - Sync 1 DAGs
[2025-12-11T04:44:11.590+0000] {logging_mixin.py:188} INFO - [2025-12-11T04:44:11.590+0000] {dag.py:3954} INFO - Setting next_dagrun for example_params_ui_tutorial to None, run_after=None
[2025-12-11T04:44:11.624+0000] {processor.py:183} INFO - Processing /home/airflow/.local/lib/python3.9/site-packages/airflow/example_dags/example_params_ui_tutorial.py took 0.255 seconds
[2025-12-11T04:44:42.331+0000] {processor.py:161} INFO - Started process (PID=3450) to work on /home/airflow/.local/lib/python3.9/site-packages/airflow/example_dags/example_params_ui_tutorial.py
[2025-12-11T04:44:42.333+0000] {processor.py:830} INFO - Processing file /home/airflow/.local/lib/python3.9/site-packages/airflow/example_dags/example_params_ui_tutorial.py for tasks to queue
[2025-12-11T04:44:42.337+0000] {logging_mixin.py:188} INFO - [2025-12-11T04:44:42.336+0000] {dagbag.py:545} INFO - Filling up the DagBag from /home/airflow/.local/lib/python3.9/site-packages/airflow/example_dags/example_params_ui_tutorial.py
[2025-12-11T04:44:42.356+0000] {processor.py:840} INFO - DAG(s) 'example_params_ui_tutorial' retrieved from /home/airflow/.local/lib/python3.9/site-packages/airflow/example_dags/example_params_ui_tutorial.py
[2025-12-11T04:44:42.441+0000] {logging_mixin.py:188} INFO - [2025-12-11T04:44:42.441+0000] {dag.py:3096} INFO - Sync 1 DAGs
[2025-12-11T04:44:42.461+0000] {logging_mixin.py:188} INFO - [2025-12-11T04:44:42.460+0000] {dag.py:3954} INFO - Setting next_dagrun for example_params_ui_tutorial to None, run_after=None
[2025-12-11T04:44:42.487+0000] {processor.py:183} INFO - Processing /home/airflow/.local/lib/python3.9/site-packages/airflow/example_dags/example_params_ui_tutorial.py took 0.167 seconds
[2025-12-11T04:45:12.568+0000] {processor.py:161} INFO - Started process (PID=3518) to work on /home/airflow/.local/lib/python3.9/site-packages/airflow/example_dags/example_params_ui_tutorial.py
[2025-12-11T04:45:12.569+0000] {processor.py:830} INFO - Processing file /home/airflow/.local/lib/python3.9/site-packages/airflow/example_dags/example_params_ui_tutorial.py for tasks to queue
[2025-12-11T04:45:12.572+0000] {logging_mixin.py:188} INFO - [2025-12-11T04:45:12.572+0000] {dagbag.py:545} INFO - Filling up the DagBag from /home/airflow/.local/lib/python3.9/site-packages/airflow/example_dags/example_params_ui_tutorial.py
[2025-12-11T04:45:12.592+0000] {processor.py:840} INFO - DAG(s) 'example_params_ui_tutorial' retrieved from /home/airflow/.local/lib/python3.9/site-packages/airflow/example_dags/example_params_ui_tutorial.py
[2025-12-11T04:45:12.695+0000] {logging_mixin.py:188} INFO - [2025-12-11T04:45:12.695+0000] {dag.py:3096} INFO - Sync 1 DAGs
[2025-12-11T04:45:12.718+0000] {logging_mixin.py:188} INFO - [2025-12-11T04:45:12.718+0000] {dag.py:3954} INFO - Setting next_dagrun for example_params_ui_tutorial to None, run_after=None
[2025-12-11T04:45:12.751+0000] {processor.py:183} INFO - Processing /home/airflow/.local/lib/python3.9/site-packages/airflow/example_dags/example_params_ui_tutorial.py took 0.195 seconds
[2025-12-11T04:45:42.960+0000] {processor.py:161} INFO - Started process (PID=3586) to work on /home/airflow/.local/lib/python3.9/site-packages/airflow/example_dags/example_params_ui_tutorial.py
[2025-12-11T04:45:43.024+0000] {processor.py:830} INFO - Processing file /home/airflow/.local/lib/python3.9/site-packages/airflow/example_dags/example_params_ui_tutorial.py for tasks to queue
[2025-12-11T04:45:43.031+0000] {logging_mixin.py:188} INFO - [2025-12-11T04:45:43.030+0000] {dagbag.py:545} INFO - Filling up the DagBag from /home/airflow/.local/lib/python3.9/site-packages/airflow/example_dags/example_params_ui_tutorial.py
[2025-12-11T04:45:43.064+0000] {processor.py:840} INFO - DAG(s) 'example_params_ui_tutorial' retrieved from /home/airflow/.local/lib/python3.9/site-packages/airflow/example_dags/example_params_ui_tutorial.py
[2025-12-11T04:45:43.239+0000] {logging_mixin.py:188} INFO - [2025-12-11T04:45:43.238+0000] {dag.py:3096} INFO - Sync 1 DAGs
[2025-12-11T04:45:43.280+0000] {logging_mixin.py:188} INFO - [2025-12-11T04:45:43.279+0000] {dag.py:3954} INFO - Setting next_dagrun for example_params_ui_tutorial to None, run_after=None
[2025-12-11T04:45:43.337+0000] {processor.py:183} INFO - Processing /home/airflow/.local/lib/python3.9/site-packages/airflow/example_dags/example_params_ui_tutorial.py took 0.400 seconds
[2025-12-11T04:46:13.584+0000] {processor.py:161} INFO - Started process (PID=3653) to work on /home/airflow/.local/lib/python3.9/site-packages/airflow/example_dags/example_params_ui_tutorial.py
[2025-12-11T04:46:13.591+0000] {processor.py:830} INFO - Processing file /home/airflow/.local/lib/python3.9/site-packages/airflow/example_dags/example_params_ui_tutorial.py for tasks to queue
[2025-12-11T04:46:13.600+0000] {logging_mixin.py:188} INFO - [2025-12-11T04:46:13.599+0000] {dagbag.py:545} INFO - Filling up the DagBag from /home/airflow/.local/lib/python3.9/site-packages/airflow/example_dags/example_params_ui_tutorial.py
[2025-12-11T04:46:13.642+0000] {processor.py:840} INFO - DAG(s) 'example_params_ui_tutorial' retrieved from /home/airflow/.local/lib/python3.9/site-packages/airflow/example_dags/example_params_ui_tutorial.py
[2025-12-11T04:46:13.784+0000] {logging_mixin.py:188} INFO - [2025-12-11T04:46:13.784+0000] {dag.py:3096} INFO - Sync 1 DAGs
[2025-12-11T04:46:13.808+0000] {logging_mixin.py:188} INFO - [2025-12-11T04:46:13.808+0000] {dag.py:3954} INFO - Setting next_dagrun for example_params_ui_tutorial to None, run_after=None
[2025-12-11T04:46:14.061+0000] {processor.py:183} INFO - Processing /home/airflow/.local/lib/python3.9/site-packages/airflow/example_dags/example_params_ui_tutorial.py took 0.504 seconds
[2025-12-11T04:46:44.661+0000] {processor.py:161} INFO - Started process (PID=3720) to work on /home/airflow/.local/lib/python3.9/site-packages/airflow/example_dags/example_params_ui_tutorial.py
[2025-12-11T04:46:44.662+0000] {processor.py:830} INFO - Processing file /home/airflow/.local/lib/python3.9/site-packages/airflow/example_dags/example_params_ui_tutorial.py for tasks to queue
[2025-12-11T04:46:44.665+0000] {logging_mixin.py:188} INFO - [2025-12-11T04:46:44.665+0000] {dagbag.py:545} INFO - Filling up the DagBag from /home/airflow/.local/lib/python3.9/site-packages/airflow/example_dags/example_params_ui_tutorial.py
[2025-12-11T04:46:44.703+0000] {processor.py:840} INFO - DAG(s) 'example_params_ui_tutorial' retrieved from /home/airflow/.local/lib/python3.9/site-packages/airflow/example_dags/example_params_ui_tutorial.py
[2025-12-11T04:46:44.829+0000] {logging_mixin.py:188} INFO - [2025-12-11T04:46:44.829+0000] {dag.py:3096} INFO - Sync 1 DAGs
[2025-12-11T04:46:44.880+0000] {logging_mixin.py:188} INFO - [2025-12-11T04:46:44.879+0000] {dag.py:3954} INFO - Setting next_dagrun for example_params_ui_tutorial to None, run_after=None
[2025-12-11T04:46:44.962+0000] {processor.py:183} INFO - Processing /home/airflow/.local/lib/python3.9/site-packages/airflow/example_dags/example_params_ui_tutorial.py took 0.315 seconds
[2025-12-11T04:47:15.532+0000] {processor.py:161} INFO - Started process (PID=3787) to work on /home/airflow/.local/lib/python3.9/site-packages/airflow/example_dags/example_params_ui_tutorial.py
[2025-12-11T04:47:15.538+0000] {processor.py:830} INFO - Processing file /home/airflow/.local/lib/python3.9/site-packages/airflow/example_dags/example_params_ui_tutorial.py for tasks to queue
[2025-12-11T04:47:15.542+0000] {logging_mixin.py:188} INFO - [2025-12-11T04:47:15.541+0000] {dagbag.py:545} INFO - Filling up the DagBag from /home/airflow/.local/lib/python3.9/site-packages/airflow/example_dags/example_params_ui_tutorial.py
[2025-12-11T04:47:15.578+0000] {processor.py:840} INFO - DAG(s) 'example_params_ui_tutorial' retrieved from /home/airflow/.local/lib/python3.9/site-packages/airflow/example_dags/example_params_ui_tutorial.py
[2025-12-11T04:47:15.672+0000] {logging_mixin.py:188} INFO - [2025-12-11T04:47:15.672+0000] {dag.py:3096} INFO - Sync 1 DAGs
[2025-12-11T04:47:15.696+0000] {logging_mixin.py:188} INFO - [2025-12-11T04:47:15.696+0000] {dag.py:3954} INFO - Setting next_dagrun for example_params_ui_tutorial to None, run_after=None
[2025-12-11T04:47:15.722+0000] {processor.py:183} INFO - Processing /home/airflow/.local/lib/python3.9/site-packages/airflow/example_dags/example_params_ui_tutorial.py took 0.203 seconds
[2025-12-11T04:47:46.107+0000] {processor.py:161} INFO - Started process (PID=3861) to work on /home/airflow/.local/lib/python3.9/site-packages/airflow/example_dags/example_params_ui_tutorial.py
[2025-12-11T04:47:46.118+0000] {processor.py:830} INFO - Processing file /home/airflow/.local/lib/python3.9/site-packages/airflow/example_dags/example_params_ui_tutorial.py for tasks to queue
[2025-12-11T04:47:46.124+0000] {logging_mixin.py:188} INFO - [2025-12-11T04:47:46.123+0000] {dagbag.py:545} INFO - Filling up the DagBag from /home/airflow/.local/lib/python3.9/site-packages/airflow/example_dags/example_params_ui_tutorial.py
[2025-12-11T04:47:46.165+0000] {processor.py:840} INFO - DAG(s) 'example_params_ui_tutorial' retrieved from /home/airflow/.local/lib/python3.9/site-packages/airflow/example_dags/example_params_ui_tutorial.py
[2025-12-11T04:47:46.303+0000] {logging_mixin.py:188} INFO - [2025-12-11T04:47:46.302+0000] {dag.py:3096} INFO - Sync 1 DAGs
[2025-12-11T04:47:46.338+0000] {logging_mixin.py:188} INFO - [2025-12-11T04:47:46.338+0000] {dag.py:3954} INFO - Setting next_dagrun for example_params_ui_tutorial to None, run_after=None
[2025-12-11T04:47:46.467+0000] {processor.py:183} INFO - Processing /home/airflow/.local/lib/python3.9/site-packages/airflow/example_dags/example_params_ui_tutorial.py took 0.374 seconds
[2025-12-11T04:48:16.714+0000] {processor.py:161} INFO - Started process (PID=3928) to work on /home/airflow/.local/lib/python3.9/site-packages/airflow/example_dags/example_params_ui_tutorial.py
[2025-12-11T04:48:16.720+0000] {processor.py:830} INFO - Processing file /home/airflow/.local/lib/python3.9/site-packages/airflow/example_dags/example_params_ui_tutorial.py for tasks to queue
[2025-12-11T04:48:16.723+0000] {logging_mixin.py:188} INFO - [2025-12-11T04:48:16.722+0000] {dagbag.py:545} INFO - Filling up the DagBag from /home/airflow/.local/lib/python3.9/site-packages/airflow/example_dags/example_params_ui_tutorial.py
[2025-12-11T04:48:16.762+0000] {processor.py:840} INFO - DAG(s) 'example_params_ui_tutorial' retrieved from /home/airflow/.local/lib/python3.9/site-packages/airflow/example_dags/example_params_ui_tutorial.py
[2025-12-11T04:48:16.925+0000] {logging_mixin.py:188} INFO - [2025-12-11T04:48:16.925+0000] {dag.py:3096} INFO - Sync 1 DAGs
[2025-12-11T04:48:16.969+0000] {logging_mixin.py:188} INFO - [2025-12-11T04:48:16.968+0000] {dag.py:3954} INFO - Setting next_dagrun for example_params_ui_tutorial to None, run_after=None
[2025-12-11T04:48:17.030+0000] {processor.py:183} INFO - Processing /home/airflow/.local/lib/python3.9/site-packages/airflow/example_dags/example_params_ui_tutorial.py took 0.354 seconds
[2025-12-11T04:48:47.186+0000] {processor.py:161} INFO - Started process (PID=3995) to work on /home/airflow/.local/lib/python3.9/site-packages/airflow/example_dags/example_params_ui_tutorial.py
[2025-12-11T04:48:47.303+0000] {processor.py:830} INFO - Processing file /home/airflow/.local/lib/python3.9/site-packages/airflow/example_dags/example_params_ui_tutorial.py for tasks to queue
[2025-12-11T04:48:47.306+0000] {logging_mixin.py:188} INFO - [2025-12-11T04:48:47.306+0000] {dagbag.py:545} INFO - Filling up the DagBag from /home/airflow/.local/lib/python3.9/site-packages/airflow/example_dags/example_params_ui_tutorial.py
[2025-12-11T04:48:47.358+0000] {processor.py:840} INFO - DAG(s) 'example_params_ui_tutorial' retrieved from /home/airflow/.local/lib/python3.9/site-packages/airflow/example_dags/example_params_ui_tutorial.py
[2025-12-11T04:48:47.507+0000] {logging_mixin.py:188} INFO - [2025-12-11T04:48:47.506+0000] {dag.py:3096} INFO - Sync 1 DAGs
[2025-12-11T04:48:47.531+0000] {logging_mixin.py:188} INFO - [2025-12-11T04:48:47.531+0000] {dag.py:3954} INFO - Setting next_dagrun for example_params_ui_tutorial to None, run_after=None
[2025-12-11T04:48:47.569+0000] {processor.py:183} INFO - Processing /home/airflow/.local/lib/python3.9/site-packages/airflow/example_dags/example_params_ui_tutorial.py took 0.408 seconds
[2025-12-11T04:49:18.058+0000] {processor.py:161} INFO - Started process (PID=4062) to work on /home/airflow/.local/lib/python3.9/site-packages/airflow/example_dags/example_params_ui_tutorial.py
[2025-12-11T04:49:18.129+0000] {processor.py:830} INFO - Processing file /home/airflow/.local/lib/python3.9/site-packages/airflow/example_dags/example_params_ui_tutorial.py for tasks to queue
[2025-12-11T04:49:18.133+0000] {logging_mixin.py:188} INFO - [2025-12-11T04:49:18.132+0000] {dagbag.py:545} INFO - Filling up the DagBag from /home/airflow/.local/lib/python3.9/site-packages/airflow/example_dags/example_params_ui_tutorial.py
[2025-12-11T04:49:18.151+0000] {processor.py:840} INFO - DAG(s) 'example_params_ui_tutorial' retrieved from /home/airflow/.local/lib/python3.9/site-packages/airflow/example_dags/example_params_ui_tutorial.py
[2025-12-11T04:49:18.235+0000] {logging_mixin.py:188} INFO - [2025-12-11T04:49:18.234+0000] {dag.py:3096} INFO - Sync 1 DAGs
[2025-12-11T04:49:18.255+0000] {logging_mixin.py:188} INFO - [2025-12-11T04:49:18.255+0000] {dag.py:3954} INFO - Setting next_dagrun for example_params_ui_tutorial to None, run_after=None
[2025-12-11T04:49:18.304+0000] {processor.py:183} INFO - Processing /home/airflow/.local/lib/python3.9/site-packages/airflow/example_dags/example_params_ui_tutorial.py took 0.256 seconds
[2025-12-11T04:49:49.089+0000] {processor.py:161} INFO - Started process (PID=4128) to work on /home/airflow/.local/lib/python3.9/site-packages/airflow/example_dags/example_params_ui_tutorial.py
[2025-12-11T04:49:49.105+0000] {processor.py:830} INFO - Processing file /home/airflow/.local/lib/python3.9/site-packages/airflow/example_dags/example_params_ui_tutorial.py for tasks to queue
[2025-12-11T04:49:49.113+0000] {logging_mixin.py:188} INFO - [2025-12-11T04:49:49.112+0000] {dagbag.py:545} INFO - Filling up the DagBag from /home/airflow/.local/lib/python3.9/site-packages/airflow/example_dags/example_params_ui_tutorial.py
[2025-12-11T04:49:49.160+0000] {processor.py:840} INFO - DAG(s) 'example_params_ui_tutorial' retrieved from /home/airflow/.local/lib/python3.9/site-packages/airflow/example_dags/example_params_ui_tutorial.py
[2025-12-11T04:49:49.320+0000] {logging_mixin.py:188} INFO - [2025-12-11T04:49:49.320+0000] {dag.py:3096} INFO - Sync 1 DAGs
[2025-12-11T04:49:49.343+0000] {logging_mixin.py:188} INFO - [2025-12-11T04:49:49.343+0000] {dag.py:3954} INFO - Setting next_dagrun for example_params_ui_tutorial to None, run_after=None
[2025-12-11T04:49:49.560+0000] {processor.py:183} INFO - Processing /home/airflow/.local/lib/python3.9/site-packages/airflow/example_dags/example_params_ui_tutorial.py took 0.486 seconds
[2025-12-11T04:50:19.802+0000] {processor.py:161} INFO - Started process (PID=4195) to work on /home/airflow/.local/lib/python3.9/site-packages/airflow/example_dags/example_params_ui_tutorial.py
[2025-12-11T04:50:19.804+0000] {processor.py:830} INFO - Processing file /home/airflow/.local/lib/python3.9/site-packages/airflow/example_dags/example_params_ui_tutorial.py for tasks to queue
[2025-12-11T04:50:19.807+0000] {logging_mixin.py:188} INFO - [2025-12-11T04:50:19.806+0000] {dagbag.py:545} INFO - Filling up the DagBag from /home/airflow/.local/lib/python3.9/site-packages/airflow/example_dags/example_params_ui_tutorial.py
[2025-12-11T04:50:19.826+0000] {processor.py:840} INFO - DAG(s) 'example_params_ui_tutorial' retrieved from /home/airflow/.local/lib/python3.9/site-packages/airflow/example_dags/example_params_ui_tutorial.py
[2025-12-11T04:50:19.918+0000] {logging_mixin.py:188} INFO - [2025-12-11T04:50:19.918+0000] {dag.py:3096} INFO - Sync 1 DAGs
[2025-12-11T04:50:19.940+0000] {logging_mixin.py:188} INFO - [2025-12-11T04:50:19.940+0000] {dag.py:3954} INFO - Setting next_dagrun for example_params_ui_tutorial to None, run_after=None
[2025-12-11T04:50:19.969+0000] {processor.py:183} INFO - Processing /home/airflow/.local/lib/python3.9/site-packages/airflow/example_dags/example_params_ui_tutorial.py took 0.179 seconds
[2025-12-11T04:50:50.967+0000] {processor.py:161} INFO - Started process (PID=4262) to work on /home/airflow/.local/lib/python3.9/site-packages/airflow/example_dags/example_params_ui_tutorial.py
[2025-12-11T04:50:50.969+0000] {processor.py:830} INFO - Processing file /home/airflow/.local/lib/python3.9/site-packages/airflow/example_dags/example_params_ui_tutorial.py for tasks to queue
[2025-12-11T04:50:50.972+0000] {logging_mixin.py:188} INFO - [2025-12-11T04:50:50.971+0000] {dagbag.py:545} INFO - Filling up the DagBag from /home/airflow/.local/lib/python3.9/site-packages/airflow/example_dags/example_params_ui_tutorial.py
[2025-12-11T04:50:50.990+0000] {processor.py:840} INFO - DAG(s) 'example_params_ui_tutorial' retrieved from /home/airflow/.local/lib/python3.9/site-packages/airflow/example_dags/example_params_ui_tutorial.py
[2025-12-11T04:50:51.087+0000] {logging_mixin.py:188} INFO - [2025-12-11T04:50:51.086+0000] {dag.py:3096} INFO - Sync 1 DAGs
[2025-12-11T04:50:51.114+0000] {logging_mixin.py:188} INFO - [2025-12-11T04:50:51.113+0000] {dag.py:3954} INFO - Setting next_dagrun for example_params_ui_tutorial to None, run_after=None
[2025-12-11T04:50:51.154+0000] {processor.py:183} INFO - Processing /home/airflow/.local/lib/python3.9/site-packages/airflow/example_dags/example_params_ui_tutorial.py took 0.198 seconds
[2025-12-11T04:51:22.018+0000] {processor.py:161} INFO - Started process (PID=4329) to work on /home/airflow/.local/lib/python3.9/site-packages/airflow/example_dags/example_params_ui_tutorial.py
[2025-12-11T04:51:22.026+0000] {processor.py:830} INFO - Processing file /home/airflow/.local/lib/python3.9/site-packages/airflow/example_dags/example_params_ui_tutorial.py for tasks to queue
[2025-12-11T04:51:22.030+0000] {logging_mixin.py:188} INFO - [2025-12-11T04:51:22.030+0000] {dagbag.py:545} INFO - Filling up the DagBag from /home/airflow/.local/lib/python3.9/site-packages/airflow/example_dags/example_params_ui_tutorial.py
[2025-12-11T04:51:22.054+0000] {processor.py:840} INFO - DAG(s) 'example_params_ui_tutorial' retrieved from /home/airflow/.local/lib/python3.9/site-packages/airflow/example_dags/example_params_ui_tutorial.py
[2025-12-11T04:51:22.182+0000] {logging_mixin.py:188} INFO - [2025-12-11T04:51:22.181+0000] {dag.py:3096} INFO - Sync 1 DAGs
[2025-12-11T04:51:22.205+0000] {logging_mixin.py:188} INFO - [2025-12-11T04:51:22.205+0000] {dag.py:3954} INFO - Setting next_dagrun for example_params_ui_tutorial to None, run_after=None
[2025-12-11T04:51:22.541+0000] {processor.py:183} INFO - Processing /home/airflow/.local/lib/python3.9/site-packages/airflow/example_dags/example_params_ui_tutorial.py took 0.537 seconds
[2025-12-11T04:51:52.873+0000] {processor.py:161} INFO - Started process (PID=4396) to work on /home/airflow/.local/lib/python3.9/site-packages/airflow/example_dags/example_params_ui_tutorial.py
[2025-12-11T04:51:52.875+0000] {processor.py:830} INFO - Processing file /home/airflow/.local/lib/python3.9/site-packages/airflow/example_dags/example_params_ui_tutorial.py for tasks to queue
[2025-12-11T04:51:52.878+0000] {logging_mixin.py:188} INFO - [2025-12-11T04:51:52.878+0000] {dagbag.py:545} INFO - Filling up the DagBag from /home/airflow/.local/lib/python3.9/site-packages/airflow/example_dags/example_params_ui_tutorial.py
[2025-12-11T04:51:52.902+0000] {processor.py:840} INFO - DAG(s) 'example_params_ui_tutorial' retrieved from /home/airflow/.local/lib/python3.9/site-packages/airflow/example_dags/example_params_ui_tutorial.py
[2025-12-11T04:51:52.999+0000] {logging_mixin.py:188} INFO - [2025-12-11T04:51:52.999+0000] {dag.py:3096} INFO - Sync 1 DAGs
[2025-12-11T04:51:53.020+0000] {logging_mixin.py:188} INFO - [2025-12-11T04:51:53.020+0000] {dag.py:3954} INFO - Setting next_dagrun for example_params_ui_tutorial to None, run_after=None
[2025-12-11T04:51:53.048+0000] {processor.py:183} INFO - Processing /home/airflow/.local/lib/python3.9/site-packages/airflow/example_dags/example_params_ui_tutorial.py took 0.186 seconds
[2025-12-11T04:52:23.368+0000] {processor.py:161} INFO - Started process (PID=4463) to work on /home/airflow/.local/lib/python3.9/site-packages/airflow/example_dags/example_params_ui_tutorial.py
[2025-12-11T04:52:23.374+0000] {processor.py:830} INFO - Processing file /home/airflow/.local/lib/python3.9/site-packages/airflow/example_dags/example_params_ui_tutorial.py for tasks to queue
[2025-12-11T04:52:23.377+0000] {logging_mixin.py:188} INFO - [2025-12-11T04:52:23.376+0000] {dagbag.py:545} INFO - Filling up the DagBag from /home/airflow/.local/lib/python3.9/site-packages/airflow/example_dags/example_params_ui_tutorial.py
[2025-12-11T04:52:23.401+0000] {processor.py:840} INFO - DAG(s) 'example_params_ui_tutorial' retrieved from /home/airflow/.local/lib/python3.9/site-packages/airflow/example_dags/example_params_ui_tutorial.py
[2025-12-11T04:52:23.531+0000] {logging_mixin.py:188} INFO - [2025-12-11T04:52:23.530+0000] {dag.py:3096} INFO - Sync 1 DAGs
[2025-12-11T04:52:23.555+0000] {logging_mixin.py:188} INFO - [2025-12-11T04:52:23.555+0000] {dag.py:3954} INFO - Setting next_dagrun for example_params_ui_tutorial to None, run_after=None
[2025-12-11T04:52:23.598+0000] {processor.py:183} INFO - Processing /home/airflow/.local/lib/python3.9/site-packages/airflow/example_dags/example_params_ui_tutorial.py took 0.244 seconds
[2025-12-11T04:52:54.235+0000] {processor.py:161} INFO - Started process (PID=4530) to work on /home/airflow/.local/lib/python3.9/site-packages/airflow/example_dags/example_params_ui_tutorial.py
[2025-12-11T04:52:54.243+0000] {processor.py:830} INFO - Processing file /home/airflow/.local/lib/python3.9/site-packages/airflow/example_dags/example_params_ui_tutorial.py for tasks to queue
[2025-12-11T04:52:54.245+0000] {logging_mixin.py:188} INFO - [2025-12-11T04:52:54.245+0000] {dagbag.py:545} INFO - Filling up the DagBag from /home/airflow/.local/lib/python3.9/site-packages/airflow/example_dags/example_params_ui_tutorial.py
[2025-12-11T04:52:54.263+0000] {processor.py:840} INFO - DAG(s) 'example_params_ui_tutorial' retrieved from /home/airflow/.local/lib/python3.9/site-packages/airflow/example_dags/example_params_ui_tutorial.py
[2025-12-11T04:52:54.342+0000] {logging_mixin.py:188} INFO - [2025-12-11T04:52:54.341+0000] {dag.py:3096} INFO - Sync 1 DAGs
[2025-12-11T04:52:54.360+0000] {logging_mixin.py:188} INFO - [2025-12-11T04:52:54.360+0000] {dag.py:3954} INFO - Setting next_dagrun for example_params_ui_tutorial to None, run_after=None
[2025-12-11T04:52:54.392+0000] {processor.py:183} INFO - Processing /home/airflow/.local/lib/python3.9/site-packages/airflow/example_dags/example_params_ui_tutorial.py took 0.170 seconds
