[2025-12-11T04:19:10.077+0000] {processor.py:161} INFO - Started process (PID=146) to work on /home/airflow/.local/lib/python3.9/site-packages/airflow/example_dags/example_sensors.py
[2025-12-11T04:19:10.081+0000] {processor.py:830} INFO - Processing file /home/airflow/.local/lib/python3.9/site-packages/airflow/example_dags/example_sensors.py for tasks to queue
[2025-12-11T04:19:10.085+0000] {logging_mixin.py:188} INFO - [2025-12-11T04:19:10.084+0000] {dagbag.py:545} INFO - Filling up the DagBag from /home/airflow/.local/lib/python3.9/site-packages/airflow/example_dags/example_sensors.py
[2025-12-11T04:19:10.144+0000] {processor.py:840} INFO - DAG(s) 'example_sensors' retrieved from /home/airflow/.local/lib/python3.9/site-packages/airflow/example_dags/example_sensors.py
[2025-12-11T04:19:10.640+0000] {logging_mixin.py:188} INFO - [2025-12-11T04:19:10.639+0000] {dag.py:3096} INFO - Sync 1 DAGs
[2025-12-11T04:19:10.703+0000] {logging_mixin.py:188} INFO - [2025-12-11T04:19:10.702+0000] {dag.py:3954} INFO - Setting next_dagrun for example_sensors to None, run_after=None
[2025-12-11T04:19:11.043+0000] {processor.py:183} INFO - Processing /home/airflow/.local/lib/python3.9/site-packages/airflow/example_dags/example_sensors.py took 1.001 seconds
[2025-12-11T04:19:41.444+0000] {processor.py:161} INFO - Started process (PID=212) to work on /home/airflow/.local/lib/python3.9/site-packages/airflow/example_dags/example_sensors.py
[2025-12-11T04:19:41.503+0000] {processor.py:830} INFO - Processing file /home/airflow/.local/lib/python3.9/site-packages/airflow/example_dags/example_sensors.py for tasks to queue
[2025-12-11T04:19:41.520+0000] {logging_mixin.py:188} INFO - [2025-12-11T04:19:41.519+0000] {dagbag.py:545} INFO - Filling up the DagBag from /home/airflow/.local/lib/python3.9/site-packages/airflow/example_dags/example_sensors.py
[2025-12-11T04:19:41.544+0000] {processor.py:840} INFO - DAG(s) 'example_sensors' retrieved from /home/airflow/.local/lib/python3.9/site-packages/airflow/example_dags/example_sensors.py
[2025-12-11T04:19:41.677+0000] {logging_mixin.py:188} INFO - [2025-12-11T04:19:41.662+0000] {dag.py:3096} INFO - Sync 1 DAGs
[2025-12-11T04:19:41.738+0000] {logging_mixin.py:188} INFO - [2025-12-11T04:19:41.738+0000] {dag.py:3954} INFO - Setting next_dagrun for example_sensors to None, run_after=None
[2025-12-11T04:19:41.863+0000] {processor.py:183} INFO - Processing /home/airflow/.local/lib/python3.9/site-packages/airflow/example_dags/example_sensors.py took 0.460 seconds
[2025-12-11T04:20:12.436+0000] {processor.py:161} INFO - Started process (PID=271) to work on /home/airflow/.local/lib/python3.9/site-packages/airflow/example_dags/example_sensors.py
[2025-12-11T04:20:12.438+0000] {processor.py:830} INFO - Processing file /home/airflow/.local/lib/python3.9/site-packages/airflow/example_dags/example_sensors.py for tasks to queue
[2025-12-11T04:20:12.440+0000] {logging_mixin.py:188} INFO - [2025-12-11T04:20:12.440+0000] {dagbag.py:545} INFO - Filling up the DagBag from /home/airflow/.local/lib/python3.9/site-packages/airflow/example_dags/example_sensors.py
[2025-12-11T04:20:12.457+0000] {processor.py:840} INFO - DAG(s) 'example_sensors' retrieved from /home/airflow/.local/lib/python3.9/site-packages/airflow/example_dags/example_sensors.py
[2025-12-11T04:20:12.517+0000] {logging_mixin.py:188} INFO - [2025-12-11T04:20:12.517+0000] {dag.py:3096} INFO - Sync 1 DAGs
[2025-12-11T04:20:12.543+0000] {logging_mixin.py:188} INFO - [2025-12-11T04:20:12.542+0000] {dag.py:3954} INFO - Setting next_dagrun for example_sensors to None, run_after=None
[2025-12-11T04:20:12.568+0000] {processor.py:183} INFO - Processing /home/airflow/.local/lib/python3.9/site-packages/airflow/example_dags/example_sensors.py took 0.142 seconds
[2025-12-11T04:20:42.739+0000] {processor.py:161} INFO - Started process (PID=337) to work on /home/airflow/.local/lib/python3.9/site-packages/airflow/example_dags/example_sensors.py
[2025-12-11T04:20:42.741+0000] {processor.py:830} INFO - Processing file /home/airflow/.local/lib/python3.9/site-packages/airflow/example_dags/example_sensors.py for tasks to queue
[2025-12-11T04:20:42.744+0000] {logging_mixin.py:188} INFO - [2025-12-11T04:20:42.743+0000] {dagbag.py:545} INFO - Filling up the DagBag from /home/airflow/.local/lib/python3.9/site-packages/airflow/example_dags/example_sensors.py
[2025-12-11T04:20:42.757+0000] {processor.py:840} INFO - DAG(s) 'example_sensors' retrieved from /home/airflow/.local/lib/python3.9/site-packages/airflow/example_dags/example_sensors.py
[2025-12-11T04:20:42.817+0000] {logging_mixin.py:188} INFO - [2025-12-11T04:20:42.810+0000] {dag.py:3096} INFO - Sync 1 DAGs
[2025-12-11T04:20:42.845+0000] {logging_mixin.py:188} INFO - [2025-12-11T04:20:42.845+0000] {dag.py:3954} INFO - Setting next_dagrun for example_sensors to None, run_after=None
[2025-12-11T04:20:42.878+0000] {processor.py:183} INFO - Processing /home/airflow/.local/lib/python3.9/site-packages/airflow/example_dags/example_sensors.py took 0.150 seconds
[2025-12-11T04:21:13.525+0000] {processor.py:161} INFO - Started process (PID=403) to work on /home/airflow/.local/lib/python3.9/site-packages/airflow/example_dags/example_sensors.py
[2025-12-11T04:21:13.527+0000] {processor.py:830} INFO - Processing file /home/airflow/.local/lib/python3.9/site-packages/airflow/example_dags/example_sensors.py for tasks to queue
[2025-12-11T04:21:13.530+0000] {logging_mixin.py:188} INFO - [2025-12-11T04:21:13.529+0000] {dagbag.py:545} INFO - Filling up the DagBag from /home/airflow/.local/lib/python3.9/site-packages/airflow/example_dags/example_sensors.py
[2025-12-11T04:21:13.546+0000] {processor.py:840} INFO - DAG(s) 'example_sensors' retrieved from /home/airflow/.local/lib/python3.9/site-packages/airflow/example_dags/example_sensors.py
[2025-12-11T04:21:13.625+0000] {logging_mixin.py:188} INFO - [2025-12-11T04:21:13.625+0000] {dag.py:3096} INFO - Sync 1 DAGs
[2025-12-11T04:21:13.663+0000] {logging_mixin.py:188} INFO - [2025-12-11T04:21:13.663+0000] {dag.py:3954} INFO - Setting next_dagrun for example_sensors to None, run_after=None
[2025-12-11T04:21:13.691+0000] {processor.py:183} INFO - Processing /home/airflow/.local/lib/python3.9/site-packages/airflow/example_dags/example_sensors.py took 0.177 seconds
[2025-12-11T04:21:44.328+0000] {processor.py:161} INFO - Started process (PID=468) to work on /home/airflow/.local/lib/python3.9/site-packages/airflow/example_dags/example_sensors.py
[2025-12-11T04:21:44.329+0000] {processor.py:830} INFO - Processing file /home/airflow/.local/lib/python3.9/site-packages/airflow/example_dags/example_sensors.py for tasks to queue
[2025-12-11T04:21:44.332+0000] {logging_mixin.py:188} INFO - [2025-12-11T04:21:44.332+0000] {dagbag.py:545} INFO - Filling up the DagBag from /home/airflow/.local/lib/python3.9/site-packages/airflow/example_dags/example_sensors.py
[2025-12-11T04:21:44.347+0000] {processor.py:840} INFO - DAG(s) 'example_sensors' retrieved from /home/airflow/.local/lib/python3.9/site-packages/airflow/example_dags/example_sensors.py
[2025-12-11T04:21:44.398+0000] {logging_mixin.py:188} INFO - [2025-12-11T04:21:44.397+0000] {dag.py:3096} INFO - Sync 1 DAGs
[2025-12-11T04:21:44.419+0000] {logging_mixin.py:188} INFO - [2025-12-11T04:21:44.419+0000] {dag.py:3954} INFO - Setting next_dagrun for example_sensors to None, run_after=None
[2025-12-11T04:21:44.447+0000] {processor.py:183} INFO - Processing /home/airflow/.local/lib/python3.9/site-packages/airflow/example_dags/example_sensors.py took 0.130 seconds
[2025-12-11T04:22:14.813+0000] {processor.py:161} INFO - Started process (PID=535) to work on /home/airflow/.local/lib/python3.9/site-packages/airflow/example_dags/example_sensors.py
[2025-12-11T04:22:14.815+0000] {processor.py:830} INFO - Processing file /home/airflow/.local/lib/python3.9/site-packages/airflow/example_dags/example_sensors.py for tasks to queue
[2025-12-11T04:22:14.818+0000] {logging_mixin.py:188} INFO - [2025-12-11T04:22:14.818+0000] {dagbag.py:545} INFO - Filling up the DagBag from /home/airflow/.local/lib/python3.9/site-packages/airflow/example_dags/example_sensors.py
[2025-12-11T04:22:14.830+0000] {processor.py:840} INFO - DAG(s) 'example_sensors' retrieved from /home/airflow/.local/lib/python3.9/site-packages/airflow/example_dags/example_sensors.py
[2025-12-11T04:22:14.889+0000] {logging_mixin.py:188} INFO - [2025-12-11T04:22:14.888+0000] {dag.py:3096} INFO - Sync 1 DAGs
[2025-12-11T04:22:14.927+0000] {logging_mixin.py:188} INFO - [2025-12-11T04:22:14.926+0000] {dag.py:3954} INFO - Setting next_dagrun for example_sensors to None, run_after=None
[2025-12-11T04:22:14.960+0000] {processor.py:183} INFO - Processing /home/airflow/.local/lib/python3.9/site-packages/airflow/example_dags/example_sensors.py took 0.158 seconds
[2025-12-11T04:22:45.557+0000] {processor.py:161} INFO - Started process (PID=600) to work on /home/airflow/.local/lib/python3.9/site-packages/airflow/example_dags/example_sensors.py
[2025-12-11T04:22:45.559+0000] {processor.py:830} INFO - Processing file /home/airflow/.local/lib/python3.9/site-packages/airflow/example_dags/example_sensors.py for tasks to queue
[2025-12-11T04:22:45.580+0000] {logging_mixin.py:188} INFO - [2025-12-11T04:22:45.579+0000] {dagbag.py:545} INFO - Filling up the DagBag from /home/airflow/.local/lib/python3.9/site-packages/airflow/example_dags/example_sensors.py
[2025-12-11T04:22:45.618+0000] {processor.py:840} INFO - DAG(s) 'example_sensors' retrieved from /home/airflow/.local/lib/python3.9/site-packages/airflow/example_dags/example_sensors.py
[2025-12-11T04:22:45.741+0000] {logging_mixin.py:188} INFO - [2025-12-11T04:22:45.741+0000] {dag.py:3096} INFO - Sync 1 DAGs
[2025-12-11T04:22:45.780+0000] {logging_mixin.py:188} INFO - [2025-12-11T04:22:45.779+0000] {dag.py:3954} INFO - Setting next_dagrun for example_sensors to None, run_after=None
[2025-12-11T04:22:45.857+0000] {processor.py:183} INFO - Processing /home/airflow/.local/lib/python3.9/site-packages/airflow/example_dags/example_sensors.py took 0.333 seconds
[2025-12-11T04:23:17.609+0000] {processor.py:161} INFO - Started process (PID=666) to work on /home/airflow/.local/lib/python3.9/site-packages/airflow/example_dags/example_sensors.py
[2025-12-11T04:23:17.616+0000] {processor.py:830} INFO - Processing file /home/airflow/.local/lib/python3.9/site-packages/airflow/example_dags/example_sensors.py for tasks to queue
[2025-12-11T04:23:17.619+0000] {logging_mixin.py:188} INFO - [2025-12-11T04:23:17.618+0000] {dagbag.py:545} INFO - Filling up the DagBag from /home/airflow/.local/lib/python3.9/site-packages/airflow/example_dags/example_sensors.py
[2025-12-11T04:23:17.635+0000] {processor.py:840} INFO - DAG(s) 'example_sensors' retrieved from /home/airflow/.local/lib/python3.9/site-packages/airflow/example_dags/example_sensors.py
[2025-12-11T04:23:17.685+0000] {logging_mixin.py:188} INFO - [2025-12-11T04:23:17.684+0000] {dag.py:3096} INFO - Sync 1 DAGs
[2025-12-11T04:23:17.707+0000] {logging_mixin.py:188} INFO - [2025-12-11T04:23:17.707+0000] {dag.py:3954} INFO - Setting next_dagrun for example_sensors to None, run_after=None
[2025-12-11T04:23:18.001+0000] {processor.py:183} INFO - Processing /home/airflow/.local/lib/python3.9/site-packages/airflow/example_dags/example_sensors.py took 0.404 seconds
[2025-12-11T04:23:48.988+0000] {processor.py:161} INFO - Started process (PID=734) to work on /home/airflow/.local/lib/python3.9/site-packages/airflow/example_dags/example_sensors.py
[2025-12-11T04:23:48.995+0000] {processor.py:830} INFO - Processing file /home/airflow/.local/lib/python3.9/site-packages/airflow/example_dags/example_sensors.py for tasks to queue
[2025-12-11T04:23:48.998+0000] {logging_mixin.py:188} INFO - [2025-12-11T04:23:48.998+0000] {dagbag.py:545} INFO - Filling up the DagBag from /home/airflow/.local/lib/python3.9/site-packages/airflow/example_dags/example_sensors.py
[2025-12-11T04:23:49.012+0000] {processor.py:840} INFO - DAG(s) 'example_sensors' retrieved from /home/airflow/.local/lib/python3.9/site-packages/airflow/example_dags/example_sensors.py
[2025-12-11T04:23:49.060+0000] {logging_mixin.py:188} INFO - [2025-12-11T04:23:49.059+0000] {dag.py:3096} INFO - Sync 1 DAGs
[2025-12-11T04:23:49.081+0000] {logging_mixin.py:188} INFO - [2025-12-11T04:23:49.081+0000] {dag.py:3954} INFO - Setting next_dagrun for example_sensors to None, run_after=None
[2025-12-11T04:23:49.112+0000] {processor.py:183} INFO - Processing /home/airflow/.local/lib/python3.9/site-packages/airflow/example_dags/example_sensors.py took 0.134 seconds
[2025-12-11T04:24:19.527+0000] {processor.py:161} INFO - Started process (PID=807) to work on /home/airflow/.local/lib/python3.9/site-packages/airflow/example_dags/example_sensors.py
[2025-12-11T04:24:19.532+0000] {processor.py:830} INFO - Processing file /home/airflow/.local/lib/python3.9/site-packages/airflow/example_dags/example_sensors.py for tasks to queue
[2025-12-11T04:24:19.536+0000] {logging_mixin.py:188} INFO - [2025-12-11T04:24:19.535+0000] {dagbag.py:545} INFO - Filling up the DagBag from /home/airflow/.local/lib/python3.9/site-packages/airflow/example_dags/example_sensors.py
[2025-12-11T04:24:19.553+0000] {processor.py:840} INFO - DAG(s) 'example_sensors' retrieved from /home/airflow/.local/lib/python3.9/site-packages/airflow/example_dags/example_sensors.py
[2025-12-11T04:24:19.599+0000] {logging_mixin.py:188} INFO - [2025-12-11T04:24:19.599+0000] {dag.py:3096} INFO - Sync 1 DAGs
[2025-12-11T04:24:19.621+0000] {logging_mixin.py:188} INFO - [2025-12-11T04:24:19.621+0000] {dag.py:3954} INFO - Setting next_dagrun for example_sensors to None, run_after=None
[2025-12-11T04:24:19.657+0000] {processor.py:183} INFO - Processing /home/airflow/.local/lib/python3.9/site-packages/airflow/example_dags/example_sensors.py took 0.153 seconds
[2025-12-11T04:24:51.297+0000] {processor.py:161} INFO - Started process (PID=873) to work on /home/airflow/.local/lib/python3.9/site-packages/airflow/example_dags/example_sensors.py
[2025-12-11T04:24:51.375+0000] {processor.py:830} INFO - Processing file /home/airflow/.local/lib/python3.9/site-packages/airflow/example_dags/example_sensors.py for tasks to queue
[2025-12-11T04:24:51.384+0000] {logging_mixin.py:188} INFO - [2025-12-11T04:24:51.383+0000] {dagbag.py:545} INFO - Filling up the DagBag from /home/airflow/.local/lib/python3.9/site-packages/airflow/example_dags/example_sensors.py
[2025-12-11T04:24:51.408+0000] {processor.py:840} INFO - DAG(s) 'example_sensors' retrieved from /home/airflow/.local/lib/python3.9/site-packages/airflow/example_dags/example_sensors.py
[2025-12-11T04:24:51.664+0000] {logging_mixin.py:188} INFO - [2025-12-11T04:24:51.663+0000] {dag.py:3096} INFO - Sync 1 DAGs
[2025-12-11T04:24:51.708+0000] {logging_mixin.py:188} INFO - [2025-12-11T04:24:51.708+0000] {dag.py:3954} INFO - Setting next_dagrun for example_sensors to None, run_after=None
[2025-12-11T04:24:51.780+0000] {processor.py:183} INFO - Processing /home/airflow/.local/lib/python3.9/site-packages/airflow/example_dags/example_sensors.py took 0.513 seconds
[2025-12-11T04:25:22.017+0000] {processor.py:161} INFO - Started process (PID=939) to work on /home/airflow/.local/lib/python3.9/site-packages/airflow/example_dags/example_sensors.py
[2025-12-11T04:25:22.027+0000] {processor.py:830} INFO - Processing file /home/airflow/.local/lib/python3.9/site-packages/airflow/example_dags/example_sensors.py for tasks to queue
[2025-12-11T04:25:22.039+0000] {logging_mixin.py:188} INFO - [2025-12-11T04:25:22.039+0000] {dagbag.py:545} INFO - Filling up the DagBag from /home/airflow/.local/lib/python3.9/site-packages/airflow/example_dags/example_sensors.py
[2025-12-11T04:25:22.078+0000] {processor.py:840} INFO - DAG(s) 'example_sensors' retrieved from /home/airflow/.local/lib/python3.9/site-packages/airflow/example_dags/example_sensors.py
[2025-12-11T04:25:22.197+0000] {logging_mixin.py:188} INFO - [2025-12-11T04:25:22.185+0000] {dag.py:3096} INFO - Sync 1 DAGs
[2025-12-11T04:25:22.240+0000] {logging_mixin.py:188} INFO - [2025-12-11T04:25:22.239+0000] {dag.py:3954} INFO - Setting next_dagrun for example_sensors to None, run_after=None
[2025-12-11T04:25:22.320+0000] {processor.py:183} INFO - Processing /home/airflow/.local/lib/python3.9/site-packages/airflow/example_dags/example_sensors.py took 0.335 seconds
[2025-12-11T04:25:52.623+0000] {processor.py:161} INFO - Started process (PID=1004) to work on /home/airflow/.local/lib/python3.9/site-packages/airflow/example_dags/example_sensors.py
[2025-12-11T04:25:52.718+0000] {processor.py:830} INFO - Processing file /home/airflow/.local/lib/python3.9/site-packages/airflow/example_dags/example_sensors.py for tasks to queue
[2025-12-11T04:25:52.726+0000] {logging_mixin.py:188} INFO - [2025-12-11T04:25:52.725+0000] {dagbag.py:545} INFO - Filling up the DagBag from /home/airflow/.local/lib/python3.9/site-packages/airflow/example_dags/example_sensors.py
[2025-12-11T04:25:52.745+0000] {processor.py:840} INFO - DAG(s) 'example_sensors' retrieved from /home/airflow/.local/lib/python3.9/site-packages/airflow/example_dags/example_sensors.py
[2025-12-11T04:25:52.817+0000] {logging_mixin.py:188} INFO - [2025-12-11T04:25:52.809+0000] {dag.py:3096} INFO - Sync 1 DAGs
[2025-12-11T04:25:52.850+0000] {logging_mixin.py:188} INFO - [2025-12-11T04:25:52.849+0000] {dag.py:3954} INFO - Setting next_dagrun for example_sensors to None, run_after=None
[2025-12-11T04:25:52.958+0000] {processor.py:183} INFO - Processing /home/airflow/.local/lib/python3.9/site-packages/airflow/example_dags/example_sensors.py took 0.355 seconds
[2025-12-11T04:26:23.147+0000] {processor.py:161} INFO - Started process (PID=1070) to work on /home/airflow/.local/lib/python3.9/site-packages/airflow/example_dags/example_sensors.py
[2025-12-11T04:26:23.289+0000] {processor.py:830} INFO - Processing file /home/airflow/.local/lib/python3.9/site-packages/airflow/example_dags/example_sensors.py for tasks to queue
[2025-12-11T04:26:23.291+0000] {logging_mixin.py:188} INFO - [2025-12-11T04:26:23.291+0000] {dagbag.py:545} INFO - Filling up the DagBag from /home/airflow/.local/lib/python3.9/site-packages/airflow/example_dags/example_sensors.py
[2025-12-11T04:26:23.304+0000] {processor.py:840} INFO - DAG(s) 'example_sensors' retrieved from /home/airflow/.local/lib/python3.9/site-packages/airflow/example_dags/example_sensors.py
[2025-12-11T04:26:23.440+0000] {logging_mixin.py:188} INFO - [2025-12-11T04:26:23.439+0000] {dag.py:3096} INFO - Sync 1 DAGs
[2025-12-11T04:26:23.487+0000] {logging_mixin.py:188} INFO - [2025-12-11T04:26:23.486+0000] {dag.py:3954} INFO - Setting next_dagrun for example_sensors to None, run_after=None
[2025-12-11T04:26:23.800+0000] {processor.py:183} INFO - Processing /home/airflow/.local/lib/python3.9/site-packages/airflow/example_dags/example_sensors.py took 0.663 seconds
[2025-12-11T04:26:54.274+0000] {processor.py:161} INFO - Started process (PID=1137) to work on /home/airflow/.local/lib/python3.9/site-packages/airflow/example_dags/example_sensors.py
[2025-12-11T04:26:54.329+0000] {processor.py:830} INFO - Processing file /home/airflow/.local/lib/python3.9/site-packages/airflow/example_dags/example_sensors.py for tasks to queue
[2025-12-11T04:26:54.332+0000] {logging_mixin.py:188} INFO - [2025-12-11T04:26:54.332+0000] {dagbag.py:545} INFO - Filling up the DagBag from /home/airflow/.local/lib/python3.9/site-packages/airflow/example_dags/example_sensors.py
[2025-12-11T04:26:54.348+0000] {processor.py:840} INFO - DAG(s) 'example_sensors' retrieved from /home/airflow/.local/lib/python3.9/site-packages/airflow/example_dags/example_sensors.py
[2025-12-11T04:26:54.406+0000] {logging_mixin.py:188} INFO - [2025-12-11T04:26:54.406+0000] {dag.py:3096} INFO - Sync 1 DAGs
[2025-12-11T04:26:54.435+0000] {logging_mixin.py:188} INFO - [2025-12-11T04:26:54.435+0000] {dag.py:3954} INFO - Setting next_dagrun for example_sensors to None, run_after=None
[2025-12-11T04:26:54.477+0000] {processor.py:183} INFO - Processing /home/airflow/.local/lib/python3.9/site-packages/airflow/example_dags/example_sensors.py took 0.213 seconds
[2025-12-11T04:27:25.049+0000] {processor.py:161} INFO - Started process (PID=1202) to work on /home/airflow/.local/lib/python3.9/site-packages/airflow/example_dags/example_sensors.py
[2025-12-11T04:27:25.050+0000] {processor.py:830} INFO - Processing file /home/airflow/.local/lib/python3.9/site-packages/airflow/example_dags/example_sensors.py for tasks to queue
[2025-12-11T04:27:25.053+0000] {logging_mixin.py:188} INFO - [2025-12-11T04:27:25.053+0000] {dagbag.py:545} INFO - Filling up the DagBag from /home/airflow/.local/lib/python3.9/site-packages/airflow/example_dags/example_sensors.py
[2025-12-11T04:27:25.070+0000] {processor.py:840} INFO - DAG(s) 'example_sensors' retrieved from /home/airflow/.local/lib/python3.9/site-packages/airflow/example_dags/example_sensors.py
[2025-12-11T04:27:25.131+0000] {logging_mixin.py:188} INFO - [2025-12-11T04:27:25.130+0000] {dag.py:3096} INFO - Sync 1 DAGs
[2025-12-11T04:27:25.179+0000] {logging_mixin.py:188} INFO - [2025-12-11T04:27:25.179+0000] {dag.py:3954} INFO - Setting next_dagrun for example_sensors to None, run_after=None
[2025-12-11T04:27:25.216+0000] {processor.py:183} INFO - Processing /home/airflow/.local/lib/python3.9/site-packages/airflow/example_dags/example_sensors.py took 0.176 seconds
[2025-12-11T04:27:55.525+0000] {processor.py:161} INFO - Started process (PID=1268) to work on /home/airflow/.local/lib/python3.9/site-packages/airflow/example_dags/example_sensors.py
[2025-12-11T04:27:55.527+0000] {processor.py:830} INFO - Processing file /home/airflow/.local/lib/python3.9/site-packages/airflow/example_dags/example_sensors.py for tasks to queue
[2025-12-11T04:27:55.529+0000] {logging_mixin.py:188} INFO - [2025-12-11T04:27:55.529+0000] {dagbag.py:545} INFO - Filling up the DagBag from /home/airflow/.local/lib/python3.9/site-packages/airflow/example_dags/example_sensors.py
[2025-12-11T04:27:55.545+0000] {processor.py:840} INFO - DAG(s) 'example_sensors' retrieved from /home/airflow/.local/lib/python3.9/site-packages/airflow/example_dags/example_sensors.py
[2025-12-11T04:27:55.596+0000] {logging_mixin.py:188} INFO - [2025-12-11T04:27:55.596+0000] {dag.py:3096} INFO - Sync 1 DAGs
[2025-12-11T04:27:55.617+0000] {logging_mixin.py:188} INFO - [2025-12-11T04:27:55.616+0000] {dag.py:3954} INFO - Setting next_dagrun for example_sensors to None, run_after=None
[2025-12-11T04:27:55.643+0000] {processor.py:183} INFO - Processing /home/airflow/.local/lib/python3.9/site-packages/airflow/example_dags/example_sensors.py took 0.133 seconds
[2025-12-11T04:28:26.085+0000] {processor.py:161} INFO - Started process (PID=1334) to work on /home/airflow/.local/lib/python3.9/site-packages/airflow/example_dags/example_sensors.py
[2025-12-11T04:28:26.170+0000] {processor.py:830} INFO - Processing file /home/airflow/.local/lib/python3.9/site-packages/airflow/example_dags/example_sensors.py for tasks to queue
[2025-12-11T04:28:26.173+0000] {logging_mixin.py:188} INFO - [2025-12-11T04:28:26.173+0000] {dagbag.py:545} INFO - Filling up the DagBag from /home/airflow/.local/lib/python3.9/site-packages/airflow/example_dags/example_sensors.py
[2025-12-11T04:28:26.188+0000] {processor.py:840} INFO - DAG(s) 'example_sensors' retrieved from /home/airflow/.local/lib/python3.9/site-packages/airflow/example_dags/example_sensors.py
[2025-12-11T04:28:26.234+0000] {logging_mixin.py:188} INFO - [2025-12-11T04:28:26.234+0000] {dag.py:3096} INFO - Sync 1 DAGs
[2025-12-11T04:28:26.255+0000] {logging_mixin.py:188} INFO - [2025-12-11T04:28:26.255+0000] {dag.py:3954} INFO - Setting next_dagrun for example_sensors to None, run_after=None
[2025-12-11T04:28:26.412+0000] {processor.py:183} INFO - Processing /home/airflow/.local/lib/python3.9/site-packages/airflow/example_dags/example_sensors.py took 0.341 seconds
[2025-12-11T04:28:57.147+0000] {processor.py:161} INFO - Started process (PID=1400) to work on /home/airflow/.local/lib/python3.9/site-packages/airflow/example_dags/example_sensors.py
[2025-12-11T04:28:57.149+0000] {processor.py:830} INFO - Processing file /home/airflow/.local/lib/python3.9/site-packages/airflow/example_dags/example_sensors.py for tasks to queue
[2025-12-11T04:28:57.151+0000] {logging_mixin.py:188} INFO - [2025-12-11T04:28:57.151+0000] {dagbag.py:545} INFO - Filling up the DagBag from /home/airflow/.local/lib/python3.9/site-packages/airflow/example_dags/example_sensors.py
[2025-12-11T04:28:57.167+0000] {processor.py:840} INFO - DAG(s) 'example_sensors' retrieved from /home/airflow/.local/lib/python3.9/site-packages/airflow/example_dags/example_sensors.py
[2025-12-11T04:28:57.214+0000] {logging_mixin.py:188} INFO - [2025-12-11T04:28:57.214+0000] {dag.py:3096} INFO - Sync 1 DAGs
[2025-12-11T04:28:57.234+0000] {logging_mixin.py:188} INFO - [2025-12-11T04:28:57.234+0000] {dag.py:3954} INFO - Setting next_dagrun for example_sensors to None, run_after=None
[2025-12-11T04:28:57.261+0000] {processor.py:183} INFO - Processing /home/airflow/.local/lib/python3.9/site-packages/airflow/example_dags/example_sensors.py took 0.123 seconds
[2025-12-11T04:29:28.155+0000] {processor.py:161} INFO - Started process (PID=1466) to work on /home/airflow/.local/lib/python3.9/site-packages/airflow/example_dags/example_sensors.py
[2025-12-11T04:29:28.157+0000] {processor.py:830} INFO - Processing file /home/airflow/.local/lib/python3.9/site-packages/airflow/example_dags/example_sensors.py for tasks to queue
[2025-12-11T04:29:28.160+0000] {logging_mixin.py:188} INFO - [2025-12-11T04:29:28.159+0000] {dagbag.py:545} INFO - Filling up the DagBag from /home/airflow/.local/lib/python3.9/site-packages/airflow/example_dags/example_sensors.py
[2025-12-11T04:29:28.171+0000] {processor.py:840} INFO - DAG(s) 'example_sensors' retrieved from /home/airflow/.local/lib/python3.9/site-packages/airflow/example_dags/example_sensors.py
[2025-12-11T04:29:28.215+0000] {logging_mixin.py:188} INFO - [2025-12-11T04:29:28.215+0000] {dag.py:3096} INFO - Sync 1 DAGs
[2025-12-11T04:29:28.236+0000] {logging_mixin.py:188} INFO - [2025-12-11T04:29:28.235+0000] {dag.py:3954} INFO - Setting next_dagrun for example_sensors to None, run_after=None
[2025-12-11T04:29:28.268+0000] {processor.py:183} INFO - Processing /home/airflow/.local/lib/python3.9/site-packages/airflow/example_dags/example_sensors.py took 0.123 seconds
[2025-12-11T04:29:58.873+0000] {processor.py:161} INFO - Started process (PID=1532) to work on /home/airflow/.local/lib/python3.9/site-packages/airflow/example_dags/example_sensors.py
[2025-12-11T04:29:58.991+0000] {processor.py:830} INFO - Processing file /home/airflow/.local/lib/python3.9/site-packages/airflow/example_dags/example_sensors.py for tasks to queue
[2025-12-11T04:29:58.994+0000] {logging_mixin.py:188} INFO - [2025-12-11T04:29:58.994+0000] {dagbag.py:545} INFO - Filling up the DagBag from /home/airflow/.local/lib/python3.9/site-packages/airflow/example_dags/example_sensors.py
[2025-12-11T04:29:59.063+0000] {processor.py:840} INFO - DAG(s) 'example_sensors' retrieved from /home/airflow/.local/lib/python3.9/site-packages/airflow/example_dags/example_sensors.py
[2025-12-11T04:29:59.160+0000] {logging_mixin.py:188} INFO - [2025-12-11T04:29:59.159+0000] {dag.py:3096} INFO - Sync 1 DAGs
[2025-12-11T04:29:59.190+0000] {logging_mixin.py:188} INFO - [2025-12-11T04:29:59.190+0000] {dag.py:3954} INFO - Setting next_dagrun for example_sensors to None, run_after=None
[2025-12-11T04:29:59.275+0000] {processor.py:183} INFO - Processing /home/airflow/.local/lib/python3.9/site-packages/airflow/example_dags/example_sensors.py took 0.415 seconds
[2025-12-11T04:30:29.985+0000] {processor.py:161} INFO - Started process (PID=1599) to work on /home/airflow/.local/lib/python3.9/site-packages/airflow/example_dags/example_sensors.py
[2025-12-11T04:30:29.993+0000] {processor.py:830} INFO - Processing file /home/airflow/.local/lib/python3.9/site-packages/airflow/example_dags/example_sensors.py for tasks to queue
[2025-12-11T04:30:29.998+0000] {logging_mixin.py:188} INFO - [2025-12-11T04:30:29.998+0000] {dagbag.py:545} INFO - Filling up the DagBag from /home/airflow/.local/lib/python3.9/site-packages/airflow/example_dags/example_sensors.py
[2025-12-11T04:30:30.021+0000] {processor.py:840} INFO - DAG(s) 'example_sensors' retrieved from /home/airflow/.local/lib/python3.9/site-packages/airflow/example_dags/example_sensors.py
[2025-12-11T04:30:30.108+0000] {logging_mixin.py:188} INFO - [2025-12-11T04:30:30.108+0000] {dag.py:3096} INFO - Sync 1 DAGs
[2025-12-11T04:30:30.131+0000] {logging_mixin.py:188} INFO - [2025-12-11T04:30:30.131+0000] {dag.py:3954} INFO - Setting next_dagrun for example_sensors to None, run_after=None
[2025-12-11T04:30:30.159+0000] {processor.py:183} INFO - Processing /home/airflow/.local/lib/python3.9/site-packages/airflow/example_dags/example_sensors.py took 0.187 seconds
[2025-12-11T04:31:00.935+0000] {processor.py:161} INFO - Started process (PID=1665) to work on /home/airflow/.local/lib/python3.9/site-packages/airflow/example_dags/example_sensors.py
[2025-12-11T04:31:00.939+0000] {processor.py:830} INFO - Processing file /home/airflow/.local/lib/python3.9/site-packages/airflow/example_dags/example_sensors.py for tasks to queue
[2025-12-11T04:31:00.942+0000] {logging_mixin.py:188} INFO - [2025-12-11T04:31:00.941+0000] {dagbag.py:545} INFO - Filling up the DagBag from /home/airflow/.local/lib/python3.9/site-packages/airflow/example_dags/example_sensors.py
[2025-12-11T04:31:00.957+0000] {processor.py:840} INFO - DAG(s) 'example_sensors' retrieved from /home/airflow/.local/lib/python3.9/site-packages/airflow/example_dags/example_sensors.py
[2025-12-11T04:31:01.002+0000] {logging_mixin.py:188} INFO - [2025-12-11T04:31:01.001+0000] {dag.py:3096} INFO - Sync 1 DAGs
[2025-12-11T04:31:01.025+0000] {logging_mixin.py:188} INFO - [2025-12-11T04:31:01.025+0000] {dag.py:3954} INFO - Setting next_dagrun for example_sensors to None, run_after=None
[2025-12-11T04:31:01.057+0000] {processor.py:183} INFO - Processing /home/airflow/.local/lib/python3.9/site-packages/airflow/example_dags/example_sensors.py took 0.133 seconds
[2025-12-11T04:31:31.767+0000] {processor.py:161} INFO - Started process (PID=1731) to work on /home/airflow/.local/lib/python3.9/site-packages/airflow/example_dags/example_sensors.py
[2025-12-11T04:31:31.769+0000] {processor.py:830} INFO - Processing file /home/airflow/.local/lib/python3.9/site-packages/airflow/example_dags/example_sensors.py for tasks to queue
[2025-12-11T04:31:31.772+0000] {logging_mixin.py:188} INFO - [2025-12-11T04:31:31.771+0000] {dagbag.py:545} INFO - Filling up the DagBag from /home/airflow/.local/lib/python3.9/site-packages/airflow/example_dags/example_sensors.py
[2025-12-11T04:31:31.786+0000] {processor.py:840} INFO - DAG(s) 'example_sensors' retrieved from /home/airflow/.local/lib/python3.9/site-packages/airflow/example_dags/example_sensors.py
[2025-12-11T04:31:31.834+0000] {logging_mixin.py:188} INFO - [2025-12-11T04:31:31.833+0000] {dag.py:3096} INFO - Sync 1 DAGs
[2025-12-11T04:31:31.854+0000] {logging_mixin.py:188} INFO - [2025-12-11T04:31:31.854+0000] {dag.py:3954} INFO - Setting next_dagrun for example_sensors to None, run_after=None
[2025-12-11T04:31:31.883+0000] {processor.py:183} INFO - Processing /home/airflow/.local/lib/python3.9/site-packages/airflow/example_dags/example_sensors.py took 0.125 seconds
[2025-12-11T04:32:02.671+0000] {processor.py:161} INFO - Started process (PID=1797) to work on /home/airflow/.local/lib/python3.9/site-packages/airflow/example_dags/example_sensors.py
[2025-12-11T04:32:02.675+0000] {processor.py:830} INFO - Processing file /home/airflow/.local/lib/python3.9/site-packages/airflow/example_dags/example_sensors.py for tasks to queue
[2025-12-11T04:32:02.678+0000] {logging_mixin.py:188} INFO - [2025-12-11T04:32:02.677+0000] {dagbag.py:545} INFO - Filling up the DagBag from /home/airflow/.local/lib/python3.9/site-packages/airflow/example_dags/example_sensors.py
[2025-12-11T04:32:02.690+0000] {processor.py:840} INFO - DAG(s) 'example_sensors' retrieved from /home/airflow/.local/lib/python3.9/site-packages/airflow/example_dags/example_sensors.py
[2025-12-11T04:32:02.736+0000] {logging_mixin.py:188} INFO - [2025-12-11T04:32:02.735+0000] {dag.py:3096} INFO - Sync 1 DAGs
[2025-12-11T04:32:02.758+0000] {logging_mixin.py:188} INFO - [2025-12-11T04:32:02.757+0000] {dag.py:3954} INFO - Setting next_dagrun for example_sensors to None, run_after=None
[2025-12-11T04:32:02.789+0000] {processor.py:183} INFO - Processing /home/airflow/.local/lib/python3.9/site-packages/airflow/example_dags/example_sensors.py took 0.127 seconds
[2025-12-11T04:32:32.886+0000] {processor.py:161} INFO - Started process (PID=1864) to work on /home/airflow/.local/lib/python3.9/site-packages/airflow/example_dags/example_sensors.py
[2025-12-11T04:32:32.888+0000] {processor.py:830} INFO - Processing file /home/airflow/.local/lib/python3.9/site-packages/airflow/example_dags/example_sensors.py for tasks to queue
[2025-12-11T04:32:32.891+0000] {logging_mixin.py:188} INFO - [2025-12-11T04:32:32.890+0000] {dagbag.py:545} INFO - Filling up the DagBag from /home/airflow/.local/lib/python3.9/site-packages/airflow/example_dags/example_sensors.py
[2025-12-11T04:32:32.907+0000] {processor.py:840} INFO - DAG(s) 'example_sensors' retrieved from /home/airflow/.local/lib/python3.9/site-packages/airflow/example_dags/example_sensors.py
[2025-12-11T04:32:32.979+0000] {logging_mixin.py:188} INFO - [2025-12-11T04:32:32.978+0000] {dag.py:3096} INFO - Sync 1 DAGs
[2025-12-11T04:32:33.007+0000] {logging_mixin.py:188} INFO - [2025-12-11T04:32:33.006+0000] {dag.py:3954} INFO - Setting next_dagrun for example_sensors to None, run_after=None
[2025-12-11T04:32:33.060+0000] {processor.py:183} INFO - Processing /home/airflow/.local/lib/python3.9/site-packages/airflow/example_dags/example_sensors.py took 0.193 seconds
[2025-12-11T04:33:03.459+0000] {processor.py:161} INFO - Started process (PID=1929) to work on /home/airflow/.local/lib/python3.9/site-packages/airflow/example_dags/example_sensors.py
[2025-12-11T04:33:03.474+0000] {processor.py:830} INFO - Processing file /home/airflow/.local/lib/python3.9/site-packages/airflow/example_dags/example_sensors.py for tasks to queue
[2025-12-11T04:33:03.479+0000] {logging_mixin.py:188} INFO - [2025-12-11T04:33:03.478+0000] {dagbag.py:545} INFO - Filling up the DagBag from /home/airflow/.local/lib/python3.9/site-packages/airflow/example_dags/example_sensors.py
[2025-12-11T04:33:03.492+0000] {processor.py:840} INFO - DAG(s) 'example_sensors' retrieved from /home/airflow/.local/lib/python3.9/site-packages/airflow/example_dags/example_sensors.py
[2025-12-11T04:33:03.546+0000] {logging_mixin.py:188} INFO - [2025-12-11T04:33:03.545+0000] {dag.py:3096} INFO - Sync 1 DAGs
[2025-12-11T04:33:03.565+0000] {logging_mixin.py:188} INFO - [2025-12-11T04:33:03.565+0000] {dag.py:3954} INFO - Setting next_dagrun for example_sensors to None, run_after=None
[2025-12-11T04:33:03.627+0000] {processor.py:183} INFO - Processing /home/airflow/.local/lib/python3.9/site-packages/airflow/example_dags/example_sensors.py took 0.184 seconds
[2025-12-11T04:33:34.193+0000] {processor.py:161} INFO - Started process (PID=1996) to work on /home/airflow/.local/lib/python3.9/site-packages/airflow/example_dags/example_sensors.py
[2025-12-11T04:33:34.195+0000] {processor.py:830} INFO - Processing file /home/airflow/.local/lib/python3.9/site-packages/airflow/example_dags/example_sensors.py for tasks to queue
[2025-12-11T04:33:34.198+0000] {logging_mixin.py:188} INFO - [2025-12-11T04:33:34.197+0000] {dagbag.py:545} INFO - Filling up the DagBag from /home/airflow/.local/lib/python3.9/site-packages/airflow/example_dags/example_sensors.py
[2025-12-11T04:33:34.211+0000] {processor.py:840} INFO - DAG(s) 'example_sensors' retrieved from /home/airflow/.local/lib/python3.9/site-packages/airflow/example_dags/example_sensors.py
[2025-12-11T04:33:34.277+0000] {logging_mixin.py:188} INFO - [2025-12-11T04:33:34.267+0000] {dag.py:3096} INFO - Sync 1 DAGs
[2025-12-11T04:33:34.302+0000] {logging_mixin.py:188} INFO - [2025-12-11T04:33:34.301+0000] {dag.py:3954} INFO - Setting next_dagrun for example_sensors to None, run_after=None
[2025-12-11T04:33:34.362+0000] {processor.py:183} INFO - Processing /home/airflow/.local/lib/python3.9/site-packages/airflow/example_dags/example_sensors.py took 0.179 seconds
[2025-12-11T04:34:04.726+0000] {processor.py:161} INFO - Started process (PID=2071) to work on /home/airflow/.local/lib/python3.9/site-packages/airflow/example_dags/example_sensors.py
[2025-12-11T04:34:04.727+0000] {processor.py:830} INFO - Processing file /home/airflow/.local/lib/python3.9/site-packages/airflow/example_dags/example_sensors.py for tasks to queue
[2025-12-11T04:34:04.739+0000] {logging_mixin.py:188} INFO - [2025-12-11T04:34:04.738+0000] {dagbag.py:545} INFO - Filling up the DagBag from /home/airflow/.local/lib/python3.9/site-packages/airflow/example_dags/example_sensors.py
[2025-12-11T04:34:04.759+0000] {processor.py:840} INFO - DAG(s) 'example_sensors' retrieved from /home/airflow/.local/lib/python3.9/site-packages/airflow/example_dags/example_sensors.py
[2025-12-11T04:34:04.848+0000] {logging_mixin.py:188} INFO - [2025-12-11T04:34:04.848+0000] {dag.py:3096} INFO - Sync 1 DAGs
[2025-12-11T04:34:04.924+0000] {logging_mixin.py:188} INFO - [2025-12-11T04:34:04.923+0000] {dag.py:3954} INFO - Setting next_dagrun for example_sensors to None, run_after=None
[2025-12-11T04:34:04.986+0000] {processor.py:183} INFO - Processing /home/airflow/.local/lib/python3.9/site-packages/airflow/example_dags/example_sensors.py took 0.275 seconds
[2025-12-11T04:34:35.889+0000] {processor.py:161} INFO - Started process (PID=2139) to work on /home/airflow/.local/lib/python3.9/site-packages/airflow/example_dags/example_sensors.py
[2025-12-11T04:34:35.900+0000] {processor.py:830} INFO - Processing file /home/airflow/.local/lib/python3.9/site-packages/airflow/example_dags/example_sensors.py for tasks to queue
[2025-12-11T04:34:35.902+0000] {logging_mixin.py:188} INFO - [2025-12-11T04:34:35.902+0000] {dagbag.py:545} INFO - Filling up the DagBag from /home/airflow/.local/lib/python3.9/site-packages/airflow/example_dags/example_sensors.py
[2025-12-11T04:34:35.924+0000] {processor.py:840} INFO - DAG(s) 'example_sensors' retrieved from /home/airflow/.local/lib/python3.9/site-packages/airflow/example_dags/example_sensors.py
[2025-12-11T04:34:36.000+0000] {logging_mixin.py:188} INFO - [2025-12-11T04:34:35.999+0000] {dag.py:3096} INFO - Sync 1 DAGs
[2025-12-11T04:34:36.029+0000] {logging_mixin.py:188} INFO - [2025-12-11T04:34:36.028+0000] {dag.py:3954} INFO - Setting next_dagrun for example_sensors to None, run_after=None
[2025-12-11T04:34:36.083+0000] {processor.py:183} INFO - Processing /home/airflow/.local/lib/python3.9/site-packages/airflow/example_dags/example_sensors.py took 0.205 seconds
[2025-12-11T04:35:06.468+0000] {processor.py:161} INFO - Started process (PID=2206) to work on /home/airflow/.local/lib/python3.9/site-packages/airflow/example_dags/example_sensors.py
[2025-12-11T04:35:06.470+0000] {processor.py:830} INFO - Processing file /home/airflow/.local/lib/python3.9/site-packages/airflow/example_dags/example_sensors.py for tasks to queue
[2025-12-11T04:35:06.479+0000] {logging_mixin.py:188} INFO - [2025-12-11T04:35:06.479+0000] {dagbag.py:545} INFO - Filling up the DagBag from /home/airflow/.local/lib/python3.9/site-packages/airflow/example_dags/example_sensors.py
[2025-12-11T04:35:06.492+0000] {processor.py:840} INFO - DAG(s) 'example_sensors' retrieved from /home/airflow/.local/lib/python3.9/site-packages/airflow/example_dags/example_sensors.py
[2025-12-11T04:35:06.562+0000] {logging_mixin.py:188} INFO - [2025-12-11T04:35:06.562+0000] {dag.py:3096} INFO - Sync 1 DAGs
[2025-12-11T04:35:06.586+0000] {logging_mixin.py:188} INFO - [2025-12-11T04:35:06.586+0000] {dag.py:3954} INFO - Setting next_dagrun for example_sensors to None, run_after=None
[2025-12-11T04:35:06.626+0000] {processor.py:183} INFO - Processing /home/airflow/.local/lib/python3.9/site-packages/airflow/example_dags/example_sensors.py took 0.179 seconds
[2025-12-11T04:35:36.726+0000] {processor.py:161} INFO - Started process (PID=2274) to work on /home/airflow/.local/lib/python3.9/site-packages/airflow/example_dags/example_sensors.py
[2025-12-11T04:35:36.727+0000] {processor.py:830} INFO - Processing file /home/airflow/.local/lib/python3.9/site-packages/airflow/example_dags/example_sensors.py for tasks to queue
[2025-12-11T04:35:36.730+0000] {logging_mixin.py:188} INFO - [2025-12-11T04:35:36.730+0000] {dagbag.py:545} INFO - Filling up the DagBag from /home/airflow/.local/lib/python3.9/site-packages/airflow/example_dags/example_sensors.py
[2025-12-11T04:35:36.743+0000] {processor.py:840} INFO - DAG(s) 'example_sensors' retrieved from /home/airflow/.local/lib/python3.9/site-packages/airflow/example_dags/example_sensors.py
[2025-12-11T04:35:36.786+0000] {logging_mixin.py:188} INFO - [2025-12-11T04:35:36.786+0000] {dag.py:3096} INFO - Sync 1 DAGs
[2025-12-11T04:35:36.819+0000] {logging_mixin.py:188} INFO - [2025-12-11T04:35:36.819+0000] {dag.py:3954} INFO - Setting next_dagrun for example_sensors to None, run_after=None
[2025-12-11T04:35:36.877+0000] {processor.py:183} INFO - Processing /home/airflow/.local/lib/python3.9/site-packages/airflow/example_dags/example_sensors.py took 0.162 seconds
[2025-12-11T04:36:07.819+0000] {processor.py:161} INFO - Started process (PID=2342) to work on /home/airflow/.local/lib/python3.9/site-packages/airflow/example_dags/example_sensors.py
[2025-12-11T04:36:07.834+0000] {processor.py:830} INFO - Processing file /home/airflow/.local/lib/python3.9/site-packages/airflow/example_dags/example_sensors.py for tasks to queue
[2025-12-11T04:36:07.840+0000] {logging_mixin.py:188} INFO - [2025-12-11T04:36:07.839+0000] {dagbag.py:545} INFO - Filling up the DagBag from /home/airflow/.local/lib/python3.9/site-packages/airflow/example_dags/example_sensors.py
[2025-12-11T04:36:07.879+0000] {processor.py:840} INFO - DAG(s) 'example_sensors' retrieved from /home/airflow/.local/lib/python3.9/site-packages/airflow/example_dags/example_sensors.py
[2025-12-11T04:36:07.998+0000] {logging_mixin.py:188} INFO - [2025-12-11T04:36:07.997+0000] {dag.py:3096} INFO - Sync 1 DAGs
[2025-12-11T04:36:08.058+0000] {logging_mixin.py:188} INFO - [2025-12-11T04:36:08.057+0000] {dag.py:3954} INFO - Setting next_dagrun for example_sensors to None, run_after=None
[2025-12-11T04:36:08.181+0000] {processor.py:183} INFO - Processing /home/airflow/.local/lib/python3.9/site-packages/airflow/example_dags/example_sensors.py took 0.398 seconds
[2025-12-11T04:36:38.542+0000] {processor.py:161} INFO - Started process (PID=2408) to work on /home/airflow/.local/lib/python3.9/site-packages/airflow/example_dags/example_sensors.py
[2025-12-11T04:36:38.557+0000] {processor.py:830} INFO - Processing file /home/airflow/.local/lib/python3.9/site-packages/airflow/example_dags/example_sensors.py for tasks to queue
[2025-12-11T04:36:38.561+0000] {logging_mixin.py:188} INFO - [2025-12-11T04:36:38.560+0000] {dagbag.py:545} INFO - Filling up the DagBag from /home/airflow/.local/lib/python3.9/site-packages/airflow/example_dags/example_sensors.py
[2025-12-11T04:36:38.600+0000] {processor.py:840} INFO - DAG(s) 'example_sensors' retrieved from /home/airflow/.local/lib/python3.9/site-packages/airflow/example_dags/example_sensors.py
[2025-12-11T04:36:38.758+0000] {logging_mixin.py:188} INFO - [2025-12-11T04:36:38.758+0000] {dag.py:3096} INFO - Sync 1 DAGs
[2025-12-11T04:36:38.907+0000] {logging_mixin.py:188} INFO - [2025-12-11T04:36:38.906+0000] {dag.py:3954} INFO - Setting next_dagrun for example_sensors to None, run_after=None
[2025-12-11T04:36:38.983+0000] {processor.py:183} INFO - Processing /home/airflow/.local/lib/python3.9/site-packages/airflow/example_dags/example_sensors.py took 0.462 seconds
[2025-12-11T04:37:09.600+0000] {processor.py:161} INFO - Started process (PID=2475) to work on /home/airflow/.local/lib/python3.9/site-packages/airflow/example_dags/example_sensors.py
[2025-12-11T04:37:09.673+0000] {processor.py:830} INFO - Processing file /home/airflow/.local/lib/python3.9/site-packages/airflow/example_dags/example_sensors.py for tasks to queue
[2025-12-11T04:37:09.680+0000] {logging_mixin.py:188} INFO - [2025-12-11T04:37:09.679+0000] {dagbag.py:545} INFO - Filling up the DagBag from /home/airflow/.local/lib/python3.9/site-packages/airflow/example_dags/example_sensors.py
[2025-12-11T04:37:09.719+0000] {processor.py:840} INFO - DAG(s) 'example_sensors' retrieved from /home/airflow/.local/lib/python3.9/site-packages/airflow/example_dags/example_sensors.py
[2025-12-11T04:37:09.826+0000] {logging_mixin.py:188} INFO - [2025-12-11T04:37:09.825+0000] {dag.py:3096} INFO - Sync 1 DAGs
[2025-12-11T04:37:09.866+0000] {logging_mixin.py:188} INFO - [2025-12-11T04:37:09.866+0000] {dag.py:3954} INFO - Setting next_dagrun for example_sensors to None, run_after=None
[2025-12-11T04:37:10.020+0000] {processor.py:183} INFO - Processing /home/airflow/.local/lib/python3.9/site-packages/airflow/example_dags/example_sensors.py took 0.463 seconds
[2025-12-11T04:37:40.399+0000] {processor.py:161} INFO - Started process (PID=2542) to work on /home/airflow/.local/lib/python3.9/site-packages/airflow/example_dags/example_sensors.py
[2025-12-11T04:37:40.407+0000] {processor.py:830} INFO - Processing file /home/airflow/.local/lib/python3.9/site-packages/airflow/example_dags/example_sensors.py for tasks to queue
[2025-12-11T04:37:40.420+0000] {logging_mixin.py:188} INFO - [2025-12-11T04:37:40.419+0000] {dagbag.py:545} INFO - Filling up the DagBag from /home/airflow/.local/lib/python3.9/site-packages/airflow/example_dags/example_sensors.py
[2025-12-11T04:37:40.442+0000] {processor.py:840} INFO - DAG(s) 'example_sensors' retrieved from /home/airflow/.local/lib/python3.9/site-packages/airflow/example_dags/example_sensors.py
[2025-12-11T04:37:40.558+0000] {logging_mixin.py:188} INFO - [2025-12-11T04:37:40.558+0000] {dag.py:3096} INFO - Sync 1 DAGs
[2025-12-11T04:37:40.607+0000] {logging_mixin.py:188} INFO - [2025-12-11T04:37:40.606+0000] {dag.py:3954} INFO - Setting next_dagrun for example_sensors to None, run_after=None
[2025-12-11T04:37:40.947+0000] {processor.py:183} INFO - Processing /home/airflow/.local/lib/python3.9/site-packages/airflow/example_dags/example_sensors.py took 0.570 seconds
[2025-12-11T04:38:11.206+0000] {processor.py:161} INFO - Started process (PID=2610) to work on /home/airflow/.local/lib/python3.9/site-packages/airflow/example_dags/example_sensors.py
[2025-12-11T04:38:11.208+0000] {processor.py:830} INFO - Processing file /home/airflow/.local/lib/python3.9/site-packages/airflow/example_dags/example_sensors.py for tasks to queue
[2025-12-11T04:38:11.218+0000] {logging_mixin.py:188} INFO - [2025-12-11T04:38:11.218+0000] {dagbag.py:545} INFO - Filling up the DagBag from /home/airflow/.local/lib/python3.9/site-packages/airflow/example_dags/example_sensors.py
[2025-12-11T04:38:11.241+0000] {processor.py:840} INFO - DAG(s) 'example_sensors' retrieved from /home/airflow/.local/lib/python3.9/site-packages/airflow/example_dags/example_sensors.py
[2025-12-11T04:38:11.361+0000] {logging_mixin.py:188} INFO - [2025-12-11T04:38:11.361+0000] {dag.py:3096} INFO - Sync 1 DAGs
[2025-12-11T04:38:11.423+0000] {logging_mixin.py:188} INFO - [2025-12-11T04:38:11.422+0000] {dag.py:3954} INFO - Setting next_dagrun for example_sensors to None, run_after=None
[2025-12-11T04:38:11.502+0000] {processor.py:183} INFO - Processing /home/airflow/.local/lib/python3.9/site-packages/airflow/example_dags/example_sensors.py took 0.320 seconds
[2025-12-11T04:38:41.644+0000] {processor.py:161} INFO - Started process (PID=2670) to work on /home/airflow/.local/lib/python3.9/site-packages/airflow/example_dags/example_sensors.py
[2025-12-11T04:38:41.648+0000] {processor.py:830} INFO - Processing file /home/airflow/.local/lib/python3.9/site-packages/airflow/example_dags/example_sensors.py for tasks to queue
[2025-12-11T04:38:41.662+0000] {logging_mixin.py:188} INFO - [2025-12-11T04:38:41.661+0000] {dagbag.py:545} INFO - Filling up the DagBag from /home/airflow/.local/lib/python3.9/site-packages/airflow/example_dags/example_sensors.py
[2025-12-11T04:38:41.698+0000] {processor.py:840} INFO - DAG(s) 'example_sensors' retrieved from /home/airflow/.local/lib/python3.9/site-packages/airflow/example_dags/example_sensors.py
[2025-12-11T04:38:41.801+0000] {logging_mixin.py:188} INFO - [2025-12-11T04:38:41.800+0000] {dag.py:3096} INFO - Sync 1 DAGs
[2025-12-11T04:38:41.881+0000] {logging_mixin.py:188} INFO - [2025-12-11T04:38:41.880+0000] {dag.py:3954} INFO - Setting next_dagrun for example_sensors to None, run_after=None
[2025-12-11T04:38:41.979+0000] {processor.py:183} INFO - Processing /home/airflow/.local/lib/python3.9/site-packages/airflow/example_dags/example_sensors.py took 0.356 seconds
[2025-12-11T04:39:12.462+0000] {processor.py:161} INFO - Started process (PID=2741) to work on /home/airflow/.local/lib/python3.9/site-packages/airflow/example_dags/example_sensors.py
[2025-12-11T04:39:12.477+0000] {processor.py:830} INFO - Processing file /home/airflow/.local/lib/python3.9/site-packages/airflow/example_dags/example_sensors.py for tasks to queue
[2025-12-11T04:39:12.480+0000] {logging_mixin.py:188} INFO - [2025-12-11T04:39:12.480+0000] {dagbag.py:545} INFO - Filling up the DagBag from /home/airflow/.local/lib/python3.9/site-packages/airflow/example_dags/example_sensors.py
[2025-12-11T04:39:12.502+0000] {processor.py:840} INFO - DAG(s) 'example_sensors' retrieved from /home/airflow/.local/lib/python3.9/site-packages/airflow/example_dags/example_sensors.py
[2025-12-11T04:39:12.565+0000] {logging_mixin.py:188} INFO - [2025-12-11T04:39:12.564+0000] {dag.py:3096} INFO - Sync 1 DAGs
[2025-12-11T04:39:12.598+0000] {logging_mixin.py:188} INFO - [2025-12-11T04:39:12.597+0000] {dag.py:3954} INFO - Setting next_dagrun for example_sensors to None, run_after=None
[2025-12-11T04:39:12.628+0000] {processor.py:183} INFO - Processing /home/airflow/.local/lib/python3.9/site-packages/airflow/example_dags/example_sensors.py took 0.186 seconds
[2025-12-11T04:39:43.528+0000] {processor.py:161} INFO - Started process (PID=2800) to work on /home/airflow/.local/lib/python3.9/site-packages/airflow/example_dags/example_sensors.py
[2025-12-11T04:39:43.539+0000] {processor.py:830} INFO - Processing file /home/airflow/.local/lib/python3.9/site-packages/airflow/example_dags/example_sensors.py for tasks to queue
[2025-12-11T04:39:43.542+0000] {logging_mixin.py:188} INFO - [2025-12-11T04:39:43.541+0000] {dagbag.py:545} INFO - Filling up the DagBag from /home/airflow/.local/lib/python3.9/site-packages/airflow/example_dags/example_sensors.py
[2025-12-11T04:39:43.566+0000] {processor.py:840} INFO - DAG(s) 'example_sensors' retrieved from /home/airflow/.local/lib/python3.9/site-packages/airflow/example_dags/example_sensors.py
[2025-12-11T04:39:43.659+0000] {logging_mixin.py:188} INFO - [2025-12-11T04:39:43.659+0000] {dag.py:3096} INFO - Sync 1 DAGs
[2025-12-11T04:39:43.699+0000] {logging_mixin.py:188} INFO - [2025-12-11T04:39:43.699+0000] {dag.py:3954} INFO - Setting next_dagrun for example_sensors to None, run_after=None
[2025-12-11T04:39:43.783+0000] {processor.py:183} INFO - Processing /home/airflow/.local/lib/python3.9/site-packages/airflow/example_dags/example_sensors.py took 0.274 seconds
[2025-12-11T04:40:14.319+0000] {processor.py:161} INFO - Started process (PID=2866) to work on /home/airflow/.local/lib/python3.9/site-packages/airflow/example_dags/example_sensors.py
[2025-12-11T04:40:14.321+0000] {processor.py:830} INFO - Processing file /home/airflow/.local/lib/python3.9/site-packages/airflow/example_dags/example_sensors.py for tasks to queue
[2025-12-11T04:40:14.324+0000] {logging_mixin.py:188} INFO - [2025-12-11T04:40:14.324+0000] {dagbag.py:545} INFO - Filling up the DagBag from /home/airflow/.local/lib/python3.9/site-packages/airflow/example_dags/example_sensors.py
[2025-12-11T04:40:14.346+0000] {processor.py:840} INFO - DAG(s) 'example_sensors' retrieved from /home/airflow/.local/lib/python3.9/site-packages/airflow/example_dags/example_sensors.py
[2025-12-11T04:40:14.429+0000] {logging_mixin.py:188} INFO - [2025-12-11T04:40:14.429+0000] {dag.py:3096} INFO - Sync 1 DAGs
[2025-12-11T04:40:14.466+0000] {logging_mixin.py:188} INFO - [2025-12-11T04:40:14.465+0000] {dag.py:3954} INFO - Setting next_dagrun for example_sensors to None, run_after=None
[2025-12-11T04:40:14.527+0000] {processor.py:183} INFO - Processing /home/airflow/.local/lib/python3.9/site-packages/airflow/example_dags/example_sensors.py took 0.221 seconds
[2025-12-11T04:40:45.085+0000] {processor.py:161} INFO - Started process (PID=2934) to work on /home/airflow/.local/lib/python3.9/site-packages/airflow/example_dags/example_sensors.py
[2025-12-11T04:40:45.087+0000] {processor.py:830} INFO - Processing file /home/airflow/.local/lib/python3.9/site-packages/airflow/example_dags/example_sensors.py for tasks to queue
[2025-12-11T04:40:45.097+0000] {logging_mixin.py:188} INFO - [2025-12-11T04:40:45.090+0000] {dagbag.py:545} INFO - Filling up the DagBag from /home/airflow/.local/lib/python3.9/site-packages/airflow/example_dags/example_sensors.py
[2025-12-11T04:40:45.122+0000] {processor.py:840} INFO - DAG(s) 'example_sensors' retrieved from /home/airflow/.local/lib/python3.9/site-packages/airflow/example_dags/example_sensors.py
[2025-12-11T04:40:45.213+0000] {logging_mixin.py:188} INFO - [2025-12-11T04:40:45.212+0000] {dag.py:3096} INFO - Sync 1 DAGs
[2025-12-11T04:40:45.899+0000] {logging_mixin.py:188} INFO - [2025-12-11T04:40:45.898+0000] {dag.py:3954} INFO - Setting next_dagrun for example_sensors to None, run_after=None
[2025-12-11T04:40:45.978+0000] {processor.py:183} INFO - Processing /home/airflow/.local/lib/python3.9/site-packages/airflow/example_dags/example_sensors.py took 0.914 seconds
[2025-12-11T04:41:16.311+0000] {processor.py:161} INFO - Started process (PID=3001) to work on /home/airflow/.local/lib/python3.9/site-packages/airflow/example_dags/example_sensors.py
[2025-12-11T04:41:16.343+0000] {processor.py:830} INFO - Processing file /home/airflow/.local/lib/python3.9/site-packages/airflow/example_dags/example_sensors.py for tasks to queue
[2025-12-11T04:41:16.347+0000] {logging_mixin.py:188} INFO - [2025-12-11T04:41:16.346+0000] {dagbag.py:545} INFO - Filling up the DagBag from /home/airflow/.local/lib/python3.9/site-packages/airflow/example_dags/example_sensors.py
[2025-12-11T04:41:16.366+0000] {processor.py:840} INFO - DAG(s) 'example_sensors' retrieved from /home/airflow/.local/lib/python3.9/site-packages/airflow/example_dags/example_sensors.py
[2025-12-11T04:41:16.484+0000] {logging_mixin.py:188} INFO - [2025-12-11T04:41:16.484+0000] {dag.py:3096} INFO - Sync 1 DAGs
[2025-12-11T04:41:16.544+0000] {logging_mixin.py:188} INFO - [2025-12-11T04:41:16.543+0000] {dag.py:3954} INFO - Setting next_dagrun for example_sensors to None, run_after=None
[2025-12-11T04:41:17.378+0000] {processor.py:183} INFO - Processing /home/airflow/.local/lib/python3.9/site-packages/airflow/example_dags/example_sensors.py took 1.076 seconds
[2025-12-11T04:41:47.746+0000] {processor.py:161} INFO - Started process (PID=3068) to work on /home/airflow/.local/lib/python3.9/site-packages/airflow/example_dags/example_sensors.py
[2025-12-11T04:41:47.748+0000] {processor.py:830} INFO - Processing file /home/airflow/.local/lib/python3.9/site-packages/airflow/example_dags/example_sensors.py for tasks to queue
[2025-12-11T04:41:47.758+0000] {logging_mixin.py:188} INFO - [2025-12-11T04:41:47.758+0000] {dagbag.py:545} INFO - Filling up the DagBag from /home/airflow/.local/lib/python3.9/site-packages/airflow/example_dags/example_sensors.py
[2025-12-11T04:41:47.777+0000] {processor.py:840} INFO - DAG(s) 'example_sensors' retrieved from /home/airflow/.local/lib/python3.9/site-packages/airflow/example_dags/example_sensors.py
[2025-12-11T04:41:47.831+0000] {logging_mixin.py:188} INFO - [2025-12-11T04:41:47.830+0000] {dag.py:3096} INFO - Sync 1 DAGs
[2025-12-11T04:41:47.866+0000] {logging_mixin.py:188} INFO - [2025-12-11T04:41:47.865+0000] {dag.py:3954} INFO - Setting next_dagrun for example_sensors to None, run_after=None
[2025-12-11T04:41:47.921+0000] {processor.py:183} INFO - Processing /home/airflow/.local/lib/python3.9/site-packages/airflow/example_dags/example_sensors.py took 0.190 seconds
[2025-12-11T04:42:18.065+0000] {processor.py:161} INFO - Started process (PID=3136) to work on /home/airflow/.local/lib/python3.9/site-packages/airflow/example_dags/example_sensors.py
[2025-12-11T04:42:18.067+0000] {processor.py:830} INFO - Processing file /home/airflow/.local/lib/python3.9/site-packages/airflow/example_dags/example_sensors.py for tasks to queue
[2025-12-11T04:42:18.080+0000] {logging_mixin.py:188} INFO - [2025-12-11T04:42:18.079+0000] {dagbag.py:545} INFO - Filling up the DagBag from /home/airflow/.local/lib/python3.9/site-packages/airflow/example_dags/example_sensors.py
[2025-12-11T04:42:18.106+0000] {processor.py:840} INFO - DAG(s) 'example_sensors' retrieved from /home/airflow/.local/lib/python3.9/site-packages/airflow/example_dags/example_sensors.py
[2025-12-11T04:42:18.197+0000] {logging_mixin.py:188} INFO - [2025-12-11T04:42:18.197+0000] {dag.py:3096} INFO - Sync 1 DAGs
[2025-12-11T04:42:18.224+0000] {logging_mixin.py:188} INFO - [2025-12-11T04:42:18.224+0000] {dag.py:3954} INFO - Setting next_dagrun for example_sensors to None, run_after=None
[2025-12-11T04:42:18.289+0000] {processor.py:183} INFO - Processing /home/airflow/.local/lib/python3.9/site-packages/airflow/example_dags/example_sensors.py took 0.245 seconds
[2025-12-11T04:42:48.941+0000] {processor.py:161} INFO - Started process (PID=3203) to work on /home/airflow/.local/lib/python3.9/site-packages/airflow/example_dags/example_sensors.py
[2025-12-11T04:42:48.943+0000] {processor.py:830} INFO - Processing file /home/airflow/.local/lib/python3.9/site-packages/airflow/example_dags/example_sensors.py for tasks to queue
[2025-12-11T04:42:48.958+0000] {logging_mixin.py:188} INFO - [2025-12-11T04:42:48.958+0000] {dagbag.py:545} INFO - Filling up the DagBag from /home/airflow/.local/lib/python3.9/site-packages/airflow/example_dags/example_sensors.py
[2025-12-11T04:42:48.978+0000] {processor.py:840} INFO - DAG(s) 'example_sensors' retrieved from /home/airflow/.local/lib/python3.9/site-packages/airflow/example_dags/example_sensors.py
[2025-12-11T04:42:49.088+0000] {logging_mixin.py:188} INFO - [2025-12-11T04:42:49.087+0000] {dag.py:3096} INFO - Sync 1 DAGs
[2025-12-11T04:42:49.138+0000] {logging_mixin.py:188} INFO - [2025-12-11T04:42:49.138+0000] {dag.py:3954} INFO - Setting next_dagrun for example_sensors to None, run_after=None
[2025-12-11T04:42:49.201+0000] {processor.py:183} INFO - Processing /home/airflow/.local/lib/python3.9/site-packages/airflow/example_dags/example_sensors.py took 0.282 seconds
[2025-12-11T04:43:19.951+0000] {processor.py:161} INFO - Started process (PID=3270) to work on /home/airflow/.local/lib/python3.9/site-packages/airflow/example_dags/example_sensors.py
[2025-12-11T04:43:19.959+0000] {processor.py:830} INFO - Processing file /home/airflow/.local/lib/python3.9/site-packages/airflow/example_dags/example_sensors.py for tasks to queue
[2025-12-11T04:43:19.962+0000] {logging_mixin.py:188} INFO - [2025-12-11T04:43:19.962+0000] {dagbag.py:545} INFO - Filling up the DagBag from /home/airflow/.local/lib/python3.9/site-packages/airflow/example_dags/example_sensors.py
[2025-12-11T04:43:19.984+0000] {processor.py:840} INFO - DAG(s) 'example_sensors' retrieved from /home/airflow/.local/lib/python3.9/site-packages/airflow/example_dags/example_sensors.py
[2025-12-11T04:43:20.075+0000] {logging_mixin.py:188} INFO - [2025-12-11T04:43:20.075+0000] {dag.py:3096} INFO - Sync 1 DAGs
[2025-12-11T04:43:20.111+0000] {logging_mixin.py:188} INFO - [2025-12-11T04:43:20.110+0000] {dag.py:3954} INFO - Setting next_dagrun for example_sensors to None, run_after=None
[2025-12-11T04:43:20.263+0000] {processor.py:183} INFO - Processing /home/airflow/.local/lib/python3.9/site-packages/airflow/example_dags/example_sensors.py took 0.326 seconds
[2025-12-11T04:43:50.378+0000] {processor.py:161} INFO - Started process (PID=3337) to work on /home/airflow/.local/lib/python3.9/site-packages/airflow/example_dags/example_sensors.py
[2025-12-11T04:43:50.380+0000] {processor.py:830} INFO - Processing file /home/airflow/.local/lib/python3.9/site-packages/airflow/example_dags/example_sensors.py for tasks to queue
[2025-12-11T04:43:50.384+0000] {logging_mixin.py:188} INFO - [2025-12-11T04:43:50.383+0000] {dagbag.py:545} INFO - Filling up the DagBag from /home/airflow/.local/lib/python3.9/site-packages/airflow/example_dags/example_sensors.py
[2025-12-11T04:43:50.406+0000] {processor.py:840} INFO - DAG(s) 'example_sensors' retrieved from /home/airflow/.local/lib/python3.9/site-packages/airflow/example_dags/example_sensors.py
[2025-12-11T04:43:50.498+0000] {logging_mixin.py:188} INFO - [2025-12-11T04:43:50.491+0000] {dag.py:3096} INFO - Sync 1 DAGs
[2025-12-11T04:43:50.546+0000] {logging_mixin.py:188} INFO - [2025-12-11T04:43:50.544+0000] {dag.py:3954} INFO - Setting next_dagrun for example_sensors to None, run_after=None
[2025-12-11T04:43:50.604+0000] {processor.py:183} INFO - Processing /home/airflow/.local/lib/python3.9/site-packages/airflow/example_dags/example_sensors.py took 0.246 seconds
[2025-12-11T04:44:21.029+0000] {processor.py:161} INFO - Started process (PID=3404) to work on /home/airflow/.local/lib/python3.9/site-packages/airflow/example_dags/example_sensors.py
[2025-12-11T04:44:21.102+0000] {processor.py:830} INFO - Processing file /home/airflow/.local/lib/python3.9/site-packages/airflow/example_dags/example_sensors.py for tasks to queue
[2025-12-11T04:44:21.109+0000] {logging_mixin.py:188} INFO - [2025-12-11T04:44:21.105+0000] {dagbag.py:545} INFO - Filling up the DagBag from /home/airflow/.local/lib/python3.9/site-packages/airflow/example_dags/example_sensors.py
[2025-12-11T04:44:21.126+0000] {processor.py:840} INFO - DAG(s) 'example_sensors' retrieved from /home/airflow/.local/lib/python3.9/site-packages/airflow/example_dags/example_sensors.py
[2025-12-11T04:44:21.190+0000] {logging_mixin.py:188} INFO - [2025-12-11T04:44:21.189+0000] {dag.py:3096} INFO - Sync 1 DAGs
[2025-12-11T04:44:21.220+0000] {logging_mixin.py:188} INFO - [2025-12-11T04:44:21.218+0000] {dag.py:3954} INFO - Setting next_dagrun for example_sensors to None, run_after=None
[2025-12-11T04:44:21.262+0000] {processor.py:183} INFO - Processing /home/airflow/.local/lib/python3.9/site-packages/airflow/example_dags/example_sensors.py took 0.244 seconds
[2025-12-11T04:44:51.598+0000] {processor.py:161} INFO - Started process (PID=3479) to work on /home/airflow/.local/lib/python3.9/site-packages/airflow/example_dags/example_sensors.py
[2025-12-11T04:44:51.746+0000] {processor.py:830} INFO - Processing file /home/airflow/.local/lib/python3.9/site-packages/airflow/example_dags/example_sensors.py for tasks to queue
[2025-12-11T04:44:51.749+0000] {logging_mixin.py:188} INFO - [2025-12-11T04:44:51.749+0000] {dagbag.py:545} INFO - Filling up the DagBag from /home/airflow/.local/lib/python3.9/site-packages/airflow/example_dags/example_sensors.py
[2025-12-11T04:44:51.763+0000] {processor.py:840} INFO - DAG(s) 'example_sensors' retrieved from /home/airflow/.local/lib/python3.9/site-packages/airflow/example_dags/example_sensors.py
[2025-12-11T04:44:51.815+0000] {logging_mixin.py:188} INFO - [2025-12-11T04:44:51.815+0000] {dag.py:3096} INFO - Sync 1 DAGs
[2025-12-11T04:44:51.965+0000] {logging_mixin.py:188} INFO - [2025-12-11T04:44:51.964+0000] {dag.py:3954} INFO - Setting next_dagrun for example_sensors to None, run_after=None
[2025-12-11T04:44:52.065+0000] {processor.py:183} INFO - Processing /home/airflow/.local/lib/python3.9/site-packages/airflow/example_dags/example_sensors.py took 0.488 seconds
[2025-12-11T04:45:22.442+0000] {processor.py:161} INFO - Started process (PID=3546) to work on /home/airflow/.local/lib/python3.9/site-packages/airflow/example_dags/example_sensors.py
[2025-12-11T04:45:22.451+0000] {processor.py:830} INFO - Processing file /home/airflow/.local/lib/python3.9/site-packages/airflow/example_dags/example_sensors.py for tasks to queue
[2025-12-11T04:45:22.459+0000] {logging_mixin.py:188} INFO - [2025-12-11T04:45:22.458+0000] {dagbag.py:545} INFO - Filling up the DagBag from /home/airflow/.local/lib/python3.9/site-packages/airflow/example_dags/example_sensors.py
[2025-12-11T04:45:22.482+0000] {processor.py:840} INFO - DAG(s) 'example_sensors' retrieved from /home/airflow/.local/lib/python3.9/site-packages/airflow/example_dags/example_sensors.py
[2025-12-11T04:45:22.564+0000] {logging_mixin.py:188} INFO - [2025-12-11T04:45:22.563+0000] {dag.py:3096} INFO - Sync 1 DAGs
[2025-12-11T04:45:22.609+0000] {logging_mixin.py:188} INFO - [2025-12-11T04:45:22.608+0000] {dag.py:3954} INFO - Setting next_dagrun for example_sensors to None, run_after=None
[2025-12-11T04:45:22.677+0000] {processor.py:183} INFO - Processing /home/airflow/.local/lib/python3.9/site-packages/airflow/example_dags/example_sensors.py took 0.250 seconds
[2025-12-11T04:45:53.207+0000] {processor.py:161} INFO - Started process (PID=3614) to work on /home/airflow/.local/lib/python3.9/site-packages/airflow/example_dags/example_sensors.py
[2025-12-11T04:45:53.216+0000] {processor.py:830} INFO - Processing file /home/airflow/.local/lib/python3.9/site-packages/airflow/example_dags/example_sensors.py for tasks to queue
[2025-12-11T04:45:53.219+0000] {logging_mixin.py:188} INFO - [2025-12-11T04:45:53.219+0000] {dagbag.py:545} INFO - Filling up the DagBag from /home/airflow/.local/lib/python3.9/site-packages/airflow/example_dags/example_sensors.py
[2025-12-11T04:45:53.232+0000] {processor.py:840} INFO - DAG(s) 'example_sensors' retrieved from /home/airflow/.local/lib/python3.9/site-packages/airflow/example_dags/example_sensors.py
[2025-12-11T04:45:53.274+0000] {logging_mixin.py:188} INFO - [2025-12-11T04:45:53.274+0000] {dag.py:3096} INFO - Sync 1 DAGs
[2025-12-11T04:45:53.297+0000] {logging_mixin.py:188} INFO - [2025-12-11T04:45:53.293+0000] {dag.py:3954} INFO - Setting next_dagrun for example_sensors to None, run_after=None
[2025-12-11T04:45:53.630+0000] {processor.py:183} INFO - Processing /home/airflow/.local/lib/python3.9/site-packages/airflow/example_dags/example_sensors.py took 0.432 seconds
[2025-12-11T04:46:24.163+0000] {processor.py:161} INFO - Started process (PID=3681) to work on /home/airflow/.local/lib/python3.9/site-packages/airflow/example_dags/example_sensors.py
[2025-12-11T04:46:24.165+0000] {processor.py:830} INFO - Processing file /home/airflow/.local/lib/python3.9/site-packages/airflow/example_dags/example_sensors.py for tasks to queue
[2025-12-11T04:46:24.169+0000] {logging_mixin.py:188} INFO - [2025-12-11T04:46:24.168+0000] {dagbag.py:545} INFO - Filling up the DagBag from /home/airflow/.local/lib/python3.9/site-packages/airflow/example_dags/example_sensors.py
[2025-12-11T04:46:24.204+0000] {processor.py:840} INFO - DAG(s) 'example_sensors' retrieved from /home/airflow/.local/lib/python3.9/site-packages/airflow/example_dags/example_sensors.py
[2025-12-11T04:46:24.306+0000] {logging_mixin.py:188} INFO - [2025-12-11T04:46:24.305+0000] {dag.py:3096} INFO - Sync 1 DAGs
[2025-12-11T04:46:24.343+0000] {logging_mixin.py:188} INFO - [2025-12-11T04:46:24.343+0000] {dag.py:3954} INFO - Setting next_dagrun for example_sensors to None, run_after=None
[2025-12-11T04:46:24.400+0000] {processor.py:183} INFO - Processing /home/airflow/.local/lib/python3.9/site-packages/airflow/example_dags/example_sensors.py took 0.257 seconds
[2025-12-11T04:46:54.485+0000] {processor.py:161} INFO - Started process (PID=3748) to work on /home/airflow/.local/lib/python3.9/site-packages/airflow/example_dags/example_sensors.py
[2025-12-11T04:46:54.487+0000] {processor.py:830} INFO - Processing file /home/airflow/.local/lib/python3.9/site-packages/airflow/example_dags/example_sensors.py for tasks to queue
[2025-12-11T04:46:54.490+0000] {logging_mixin.py:188} INFO - [2025-12-11T04:46:54.489+0000] {dagbag.py:545} INFO - Filling up the DagBag from /home/airflow/.local/lib/python3.9/site-packages/airflow/example_dags/example_sensors.py
[2025-12-11T04:46:54.508+0000] {processor.py:840} INFO - DAG(s) 'example_sensors' retrieved from /home/airflow/.local/lib/python3.9/site-packages/airflow/example_dags/example_sensors.py
[2025-12-11T04:46:54.557+0000] {logging_mixin.py:188} INFO - [2025-12-11T04:46:54.556+0000] {dag.py:3096} INFO - Sync 1 DAGs
[2025-12-11T04:46:54.580+0000] {logging_mixin.py:188} INFO - [2025-12-11T04:46:54.579+0000] {dag.py:3954} INFO - Setting next_dagrun for example_sensors to None, run_after=None
[2025-12-11T04:46:54.609+0000] {processor.py:183} INFO - Processing /home/airflow/.local/lib/python3.9/site-packages/airflow/example_dags/example_sensors.py took 0.137 seconds
[2025-12-11T04:47:25.022+0000] {processor.py:161} INFO - Started process (PID=3815) to work on /home/airflow/.local/lib/python3.9/site-packages/airflow/example_dags/example_sensors.py
[2025-12-11T04:47:25.024+0000] {processor.py:830} INFO - Processing file /home/airflow/.local/lib/python3.9/site-packages/airflow/example_dags/example_sensors.py for tasks to queue
[2025-12-11T04:47:25.027+0000] {logging_mixin.py:188} INFO - [2025-12-11T04:47:25.026+0000] {dagbag.py:545} INFO - Filling up the DagBag from /home/airflow/.local/lib/python3.9/site-packages/airflow/example_dags/example_sensors.py
[2025-12-11T04:47:25.048+0000] {processor.py:840} INFO - DAG(s) 'example_sensors' retrieved from /home/airflow/.local/lib/python3.9/site-packages/airflow/example_dags/example_sensors.py
[2025-12-11T04:47:25.125+0000] {logging_mixin.py:188} INFO - [2025-12-11T04:47:25.124+0000] {dag.py:3096} INFO - Sync 1 DAGs
[2025-12-11T04:47:25.157+0000] {logging_mixin.py:188} INFO - [2025-12-11T04:47:25.150+0000] {dag.py:3954} INFO - Setting next_dagrun for example_sensors to None, run_after=None
[2025-12-11T04:47:25.206+0000] {processor.py:183} INFO - Processing /home/airflow/.local/lib/python3.9/site-packages/airflow/example_dags/example_sensors.py took 0.204 seconds
[2025-12-11T04:47:55.606+0000] {processor.py:161} INFO - Started process (PID=3882) to work on /home/airflow/.local/lib/python3.9/site-packages/airflow/example_dags/example_sensors.py
[2025-12-11T04:47:55.608+0000] {processor.py:830} INFO - Processing file /home/airflow/.local/lib/python3.9/site-packages/airflow/example_dags/example_sensors.py for tasks to queue
[2025-12-11T04:47:55.619+0000] {logging_mixin.py:188} INFO - [2025-12-11T04:47:55.618+0000] {dagbag.py:545} INFO - Filling up the DagBag from /home/airflow/.local/lib/python3.9/site-packages/airflow/example_dags/example_sensors.py
[2025-12-11T04:47:55.633+0000] {processor.py:840} INFO - DAG(s) 'example_sensors' retrieved from /home/airflow/.local/lib/python3.9/site-packages/airflow/example_dags/example_sensors.py
[2025-12-11T04:47:55.681+0000] {logging_mixin.py:188} INFO - [2025-12-11T04:47:55.681+0000] {dag.py:3096} INFO - Sync 1 DAGs
[2025-12-11T04:47:55.702+0000] {logging_mixin.py:188} INFO - [2025-12-11T04:47:55.702+0000] {dag.py:3954} INFO - Setting next_dagrun for example_sensors to None, run_after=None
[2025-12-11T04:47:55.743+0000] {processor.py:183} INFO - Processing /home/airflow/.local/lib/python3.9/site-packages/airflow/example_dags/example_sensors.py took 0.154 seconds
[2025-12-11T04:48:26.194+0000] {processor.py:161} INFO - Started process (PID=3949) to work on /home/airflow/.local/lib/python3.9/site-packages/airflow/example_dags/example_sensors.py
[2025-12-11T04:48:26.252+0000] {processor.py:830} INFO - Processing file /home/airflow/.local/lib/python3.9/site-packages/airflow/example_dags/example_sensors.py for tasks to queue
[2025-12-11T04:48:26.255+0000] {logging_mixin.py:188} INFO - [2025-12-11T04:48:26.255+0000] {dagbag.py:545} INFO - Filling up the DagBag from /home/airflow/.local/lib/python3.9/site-packages/airflow/example_dags/example_sensors.py
[2025-12-11T04:48:26.268+0000] {processor.py:840} INFO - DAG(s) 'example_sensors' retrieved from /home/airflow/.local/lib/python3.9/site-packages/airflow/example_dags/example_sensors.py
[2025-12-11T04:48:26.356+0000] {logging_mixin.py:188} INFO - [2025-12-11T04:48:26.356+0000] {dag.py:3096} INFO - Sync 1 DAGs
[2025-12-11T04:48:26.377+0000] {logging_mixin.py:188} INFO - [2025-12-11T04:48:26.377+0000] {dag.py:3954} INFO - Setting next_dagrun for example_sensors to None, run_after=None
[2025-12-11T04:48:26.830+0000] {processor.py:183} INFO - Processing /home/airflow/.local/lib/python3.9/site-packages/airflow/example_dags/example_sensors.py took 0.646 seconds
[2025-12-11T04:48:57.041+0000] {processor.py:161} INFO - Started process (PID=4016) to work on /home/airflow/.local/lib/python3.9/site-packages/airflow/example_dags/example_sensors.py
[2025-12-11T04:48:57.042+0000] {processor.py:830} INFO - Processing file /home/airflow/.local/lib/python3.9/site-packages/airflow/example_dags/example_sensors.py for tasks to queue
[2025-12-11T04:48:57.045+0000] {logging_mixin.py:188} INFO - [2025-12-11T04:48:57.045+0000] {dagbag.py:545} INFO - Filling up the DagBag from /home/airflow/.local/lib/python3.9/site-packages/airflow/example_dags/example_sensors.py
[2025-12-11T04:48:57.064+0000] {processor.py:840} INFO - DAG(s) 'example_sensors' retrieved from /home/airflow/.local/lib/python3.9/site-packages/airflow/example_dags/example_sensors.py
[2025-12-11T04:48:57.111+0000] {logging_mixin.py:188} INFO - [2025-12-11T04:48:57.111+0000] {dag.py:3096} INFO - Sync 1 DAGs
[2025-12-11T04:48:57.133+0000] {logging_mixin.py:188} INFO - [2025-12-11T04:48:57.133+0000] {dag.py:3954} INFO - Setting next_dagrun for example_sensors to None, run_after=None
[2025-12-11T04:48:57.164+0000] {processor.py:183} INFO - Processing /home/airflow/.local/lib/python3.9/site-packages/airflow/example_dags/example_sensors.py took 0.135 seconds
[2025-12-11T04:49:27.727+0000] {processor.py:161} INFO - Started process (PID=4083) to work on /home/airflow/.local/lib/python3.9/site-packages/airflow/example_dags/example_sensors.py
[2025-12-11T04:49:27.736+0000] {processor.py:830} INFO - Processing file /home/airflow/.local/lib/python3.9/site-packages/airflow/example_dags/example_sensors.py for tasks to queue
[2025-12-11T04:49:27.739+0000] {logging_mixin.py:188} INFO - [2025-12-11T04:49:27.738+0000] {dagbag.py:545} INFO - Filling up the DagBag from /home/airflow/.local/lib/python3.9/site-packages/airflow/example_dags/example_sensors.py
[2025-12-11T04:49:27.758+0000] {processor.py:840} INFO - DAG(s) 'example_sensors' retrieved from /home/airflow/.local/lib/python3.9/site-packages/airflow/example_dags/example_sensors.py
[2025-12-11T04:49:27.814+0000] {logging_mixin.py:188} INFO - [2025-12-11T04:49:27.813+0000] {dag.py:3096} INFO - Sync 1 DAGs
[2025-12-11T04:49:27.833+0000] {logging_mixin.py:188} INFO - [2025-12-11T04:49:27.833+0000] {dag.py:3954} INFO - Setting next_dagrun for example_sensors to None, run_after=None
[2025-12-11T04:49:27.864+0000] {processor.py:183} INFO - Processing /home/airflow/.local/lib/python3.9/site-packages/airflow/example_dags/example_sensors.py took 0.153 seconds
[2025-12-11T04:49:58.682+0000] {processor.py:161} INFO - Started process (PID=4155) to work on /home/airflow/.local/lib/python3.9/site-packages/airflow/example_dags/example_sensors.py
[2025-12-11T04:49:58.684+0000] {processor.py:830} INFO - Processing file /home/airflow/.local/lib/python3.9/site-packages/airflow/example_dags/example_sensors.py for tasks to queue
[2025-12-11T04:49:58.686+0000] {logging_mixin.py:188} INFO - [2025-12-11T04:49:58.686+0000] {dagbag.py:545} INFO - Filling up the DagBag from /home/airflow/.local/lib/python3.9/site-packages/airflow/example_dags/example_sensors.py
[2025-12-11T04:49:58.706+0000] {processor.py:840} INFO - DAG(s) 'example_sensors' retrieved from /home/airflow/.local/lib/python3.9/site-packages/airflow/example_dags/example_sensors.py
[2025-12-11T04:49:58.785+0000] {logging_mixin.py:188} INFO - [2025-12-11T04:49:58.784+0000] {dag.py:3096} INFO - Sync 1 DAGs
[2025-12-11T04:49:58.819+0000] {logging_mixin.py:188} INFO - [2025-12-11T04:49:58.818+0000] {dag.py:3954} INFO - Setting next_dagrun for example_sensors to None, run_after=None
[2025-12-11T04:49:58.865+0000] {processor.py:183} INFO - Processing /home/airflow/.local/lib/python3.9/site-packages/airflow/example_dags/example_sensors.py took 0.202 seconds
[2025-12-11T04:50:29.700+0000] {processor.py:161} INFO - Started process (PID=4222) to work on /home/airflow/.local/lib/python3.9/site-packages/airflow/example_dags/example_sensors.py
[2025-12-11T04:50:29.701+0000] {processor.py:830} INFO - Processing file /home/airflow/.local/lib/python3.9/site-packages/airflow/example_dags/example_sensors.py for tasks to queue
[2025-12-11T04:50:29.704+0000] {logging_mixin.py:188} INFO - [2025-12-11T04:50:29.703+0000] {dagbag.py:545} INFO - Filling up the DagBag from /home/airflow/.local/lib/python3.9/site-packages/airflow/example_dags/example_sensors.py
[2025-12-11T04:50:29.723+0000] {processor.py:840} INFO - DAG(s) 'example_sensors' retrieved from /home/airflow/.local/lib/python3.9/site-packages/airflow/example_dags/example_sensors.py
[2025-12-11T04:50:29.785+0000] {logging_mixin.py:188} INFO - [2025-12-11T04:50:29.784+0000] {dag.py:3096} INFO - Sync 1 DAGs
[2025-12-11T04:50:29.818+0000] {logging_mixin.py:188} INFO - [2025-12-11T04:50:29.817+0000] {dag.py:3954} INFO - Setting next_dagrun for example_sensors to None, run_after=None
[2025-12-11T04:50:29.861+0000] {processor.py:183} INFO - Processing /home/airflow/.local/lib/python3.9/site-packages/airflow/example_dags/example_sensors.py took 0.179 seconds
[2025-12-11T04:51:00.610+0000] {processor.py:161} INFO - Started process (PID=4289) to work on /home/airflow/.local/lib/python3.9/site-packages/airflow/example_dags/example_sensors.py
[2025-12-11T04:51:00.646+0000] {processor.py:830} INFO - Processing file /home/airflow/.local/lib/python3.9/site-packages/airflow/example_dags/example_sensors.py for tasks to queue
[2025-12-11T04:51:00.649+0000] {logging_mixin.py:188} INFO - [2025-12-11T04:51:00.648+0000] {dagbag.py:545} INFO - Filling up the DagBag from /home/airflow/.local/lib/python3.9/site-packages/airflow/example_dags/example_sensors.py
[2025-12-11T04:51:00.661+0000] {processor.py:840} INFO - DAG(s) 'example_sensors' retrieved from /home/airflow/.local/lib/python3.9/site-packages/airflow/example_dags/example_sensors.py
[2025-12-11T04:51:00.721+0000] {logging_mixin.py:188} INFO - [2025-12-11T04:51:00.721+0000] {dag.py:3096} INFO - Sync 1 DAGs
[2025-12-11T04:51:00.747+0000] {logging_mixin.py:188} INFO - [2025-12-11T04:51:00.746+0000] {dag.py:3954} INFO - Setting next_dagrun for example_sensors to None, run_after=None
[2025-12-11T04:51:00.787+0000] {processor.py:183} INFO - Processing /home/airflow/.local/lib/python3.9/site-packages/airflow/example_dags/example_sensors.py took 0.186 seconds
[2025-12-11T04:51:30.917+0000] {processor.py:161} INFO - Started process (PID=4355) to work on /home/airflow/.local/lib/python3.9/site-packages/airflow/example_dags/example_sensors.py
[2025-12-11T04:51:30.919+0000] {processor.py:830} INFO - Processing file /home/airflow/.local/lib/python3.9/site-packages/airflow/example_dags/example_sensors.py for tasks to queue
[2025-12-11T04:51:30.922+0000] {logging_mixin.py:188} INFO - [2025-12-11T04:51:30.922+0000] {dagbag.py:545} INFO - Filling up the DagBag from /home/airflow/.local/lib/python3.9/site-packages/airflow/example_dags/example_sensors.py
[2025-12-11T04:51:30.948+0000] {processor.py:840} INFO - DAG(s) 'example_sensors' retrieved from /home/airflow/.local/lib/python3.9/site-packages/airflow/example_dags/example_sensors.py
[2025-12-11T04:51:31.028+0000] {logging_mixin.py:188} INFO - [2025-12-11T04:51:31.027+0000] {dag.py:3096} INFO - Sync 1 DAGs
[2025-12-11T04:51:31.068+0000] {logging_mixin.py:188} INFO - [2025-12-11T04:51:31.067+0000] {dag.py:3954} INFO - Setting next_dagrun for example_sensors to None, run_after=None
[2025-12-11T04:51:31.120+0000] {processor.py:183} INFO - Processing /home/airflow/.local/lib/python3.9/site-packages/airflow/example_dags/example_sensors.py took 0.236 seconds
[2025-12-11T04:52:01.818+0000] {processor.py:161} INFO - Started process (PID=4423) to work on /home/airflow/.local/lib/python3.9/site-packages/airflow/example_dags/example_sensors.py
[2025-12-11T04:52:01.820+0000] {processor.py:830} INFO - Processing file /home/airflow/.local/lib/python3.9/site-packages/airflow/example_dags/example_sensors.py for tasks to queue
[2025-12-11T04:52:01.822+0000] {logging_mixin.py:188} INFO - [2025-12-11T04:52:01.822+0000] {dagbag.py:545} INFO - Filling up the DagBag from /home/airflow/.local/lib/python3.9/site-packages/airflow/example_dags/example_sensors.py
[2025-12-11T04:52:01.846+0000] {processor.py:840} INFO - DAG(s) 'example_sensors' retrieved from /home/airflow/.local/lib/python3.9/site-packages/airflow/example_dags/example_sensors.py
[2025-12-11T04:52:01.941+0000] {logging_mixin.py:188} INFO - [2025-12-11T04:52:01.940+0000] {dag.py:3096} INFO - Sync 1 DAGs
[2025-12-11T04:52:01.983+0000] {logging_mixin.py:188} INFO - [2025-12-11T04:52:01.983+0000] {dag.py:3954} INFO - Setting next_dagrun for example_sensors to None, run_after=None
[2025-12-11T04:52:02.085+0000] {processor.py:183} INFO - Processing /home/airflow/.local/lib/python3.9/site-packages/airflow/example_dags/example_sensors.py took 0.303 seconds
[2025-12-11T04:52:32.681+0000] {processor.py:161} INFO - Started process (PID=4490) to work on /home/airflow/.local/lib/python3.9/site-packages/airflow/example_dags/example_sensors.py
[2025-12-11T04:52:32.686+0000] {processor.py:830} INFO - Processing file /home/airflow/.local/lib/python3.9/site-packages/airflow/example_dags/example_sensors.py for tasks to queue
[2025-12-11T04:52:32.689+0000] {logging_mixin.py:188} INFO - [2025-12-11T04:52:32.689+0000] {dagbag.py:545} INFO - Filling up the DagBag from /home/airflow/.local/lib/python3.9/site-packages/airflow/example_dags/example_sensors.py
[2025-12-11T04:52:32.717+0000] {processor.py:840} INFO - DAG(s) 'example_sensors' retrieved from /home/airflow/.local/lib/python3.9/site-packages/airflow/example_dags/example_sensors.py
[2025-12-11T04:52:32.823+0000] {logging_mixin.py:188} INFO - [2025-12-11T04:52:32.822+0000] {dag.py:3096} INFO - Sync 1 DAGs
[2025-12-11T04:52:32.879+0000] {logging_mixin.py:188} INFO - [2025-12-11T04:52:32.879+0000] {dag.py:3954} INFO - Setting next_dagrun for example_sensors to None, run_after=None
[2025-12-11T04:52:33.046+0000] {processor.py:183} INFO - Processing /home/airflow/.local/lib/python3.9/site-packages/airflow/example_dags/example_sensors.py took 0.383 seconds
[2025-12-11T04:53:03.342+0000] {processor.py:161} INFO - Started process (PID=4557) to work on /home/airflow/.local/lib/python3.9/site-packages/airflow/example_dags/example_sensors.py
[2025-12-11T04:53:03.403+0000] {processor.py:830} INFO - Processing file /home/airflow/.local/lib/python3.9/site-packages/airflow/example_dags/example_sensors.py for tasks to queue
[2025-12-11T04:53:03.406+0000] {logging_mixin.py:188} INFO - [2025-12-11T04:53:03.406+0000] {dagbag.py:545} INFO - Filling up the DagBag from /home/airflow/.local/lib/python3.9/site-packages/airflow/example_dags/example_sensors.py
[2025-12-11T04:53:03.438+0000] {processor.py:840} INFO - DAG(s) 'example_sensors' retrieved from /home/airflow/.local/lib/python3.9/site-packages/airflow/example_dags/example_sensors.py
[2025-12-11T04:53:03.558+0000] {logging_mixin.py:188} INFO - [2025-12-11T04:53:03.558+0000] {dag.py:3096} INFO - Sync 1 DAGs
[2025-12-11T04:53:03.640+0000] {logging_mixin.py:188} INFO - [2025-12-11T04:53:03.639+0000] {dag.py:3954} INFO - Setting next_dagrun for example_sensors to None, run_after=None
[2025-12-11T04:53:03.721+0000] {processor.py:183} INFO - Processing /home/airflow/.local/lib/python3.9/site-packages/airflow/example_dags/example_sensors.py took 0.403 seconds
