[2025-12-11T04:18:41.048+0000] {processor.py:161} INFO - Started process (PID=96) to work on /home/airflow/.local/lib/python3.9/site-packages/airflow/example_dags/example_python_operator.py
[2025-12-11T04:18:41.057+0000] {processor.py:830} INFO - Processing file /home/airflow/.local/lib/python3.9/site-packages/airflow/example_dags/example_python_operator.py for tasks to queue
[2025-12-11T04:18:41.060+0000] {logging_mixin.py:188} INFO - [2025-12-11T04:18:41.060+0000] {dagbag.py:545} INFO - Filling up the DagBag from /home/airflow/.local/lib/python3.9/site-packages/airflow/example_dags/example_python_operator.py
[2025-12-11T04:18:41.140+0000] {processor.py:840} INFO - DAG(s) 'example_python_operator' retrieved from /home/airflow/.local/lib/python3.9/site-packages/airflow/example_dags/example_python_operator.py
[2025-12-11T04:18:41.698+0000] {logging_mixin.py:188} INFO - [2025-12-11T04:18:41.697+0000] {dag.py:3096} INFO - Sync 1 DAGs
[2025-12-11T04:18:41.778+0000] {logging_mixin.py:188} INFO - [2025-12-11T04:18:41.778+0000] {dag.py:3954} INFO - Setting next_dagrun for example_python_operator to None, run_after=None
[2025-12-11T04:18:41.882+0000] {processor.py:183} INFO - Processing /home/airflow/.local/lib/python3.9/site-packages/airflow/example_dags/example_python_operator.py took 0.862 seconds
[2025-12-11T04:19:17.671+0000] {processor.py:161} INFO - Started process (PID=162) to work on /home/airflow/.local/lib/python3.9/site-packages/airflow/example_dags/example_python_operator.py
[2025-12-11T04:19:17.687+0000] {processor.py:830} INFO - Processing file /home/airflow/.local/lib/python3.9/site-packages/airflow/example_dags/example_python_operator.py for tasks to queue
[2025-12-11T04:19:17.691+0000] {logging_mixin.py:188} INFO - [2025-12-11T04:19:17.691+0000] {dagbag.py:545} INFO - Filling up the DagBag from /home/airflow/.local/lib/python3.9/site-packages/airflow/example_dags/example_python_operator.py
[2025-12-11T04:19:17.714+0000] {processor.py:840} INFO - DAG(s) 'example_python_operator' retrieved from /home/airflow/.local/lib/python3.9/site-packages/airflow/example_dags/example_python_operator.py
[2025-12-11T04:19:17.765+0000] {logging_mixin.py:188} INFO - [2025-12-11T04:19:17.765+0000] {dag.py:3096} INFO - Sync 1 DAGs
[2025-12-11T04:19:17.788+0000] {logging_mixin.py:188} INFO - [2025-12-11T04:19:17.787+0000] {dag.py:3954} INFO - Setting next_dagrun for example_python_operator to None, run_after=None
[2025-12-11T04:19:17.852+0000] {processor.py:183} INFO - Processing /home/airflow/.local/lib/python3.9/site-packages/airflow/example_dags/example_python_operator.py took 0.193 seconds
[2025-12-11T04:19:48.144+0000] {processor.py:161} INFO - Started process (PID=226) to work on /home/airflow/.local/lib/python3.9/site-packages/airflow/example_dags/example_python_operator.py
[2025-12-11T04:19:48.252+0000] {processor.py:830} INFO - Processing file /home/airflow/.local/lib/python3.9/site-packages/airflow/example_dags/example_python_operator.py for tasks to queue
[2025-12-11T04:19:48.263+0000] {logging_mixin.py:188} INFO - [2025-12-11T04:19:48.262+0000] {dagbag.py:545} INFO - Filling up the DagBag from /home/airflow/.local/lib/python3.9/site-packages/airflow/example_dags/example_python_operator.py
[2025-12-11T04:19:48.321+0000] {processor.py:840} INFO - DAG(s) 'example_python_operator' retrieved from /home/airflow/.local/lib/python3.9/site-packages/airflow/example_dags/example_python_operator.py
[2025-12-11T04:19:48.444+0000] {logging_mixin.py:188} INFO - [2025-12-11T04:19:48.444+0000] {dag.py:3096} INFO - Sync 1 DAGs
[2025-12-11T04:19:48.519+0000] {logging_mixin.py:188} INFO - [2025-12-11T04:19:48.519+0000] {dag.py:3954} INFO - Setting next_dagrun for example_python_operator to None, run_after=None
[2025-12-11T04:19:48.823+0000] {processor.py:183} INFO - Processing /home/airflow/.local/lib/python3.9/site-packages/airflow/example_dags/example_python_operator.py took 0.700 seconds
[2025-12-11T04:20:19.799+0000] {processor.py:161} INFO - Started process (PID=292) to work on /home/airflow/.local/lib/python3.9/site-packages/airflow/example_dags/example_python_operator.py
[2025-12-11T04:20:19.804+0000] {processor.py:830} INFO - Processing file /home/airflow/.local/lib/python3.9/site-packages/airflow/example_dags/example_python_operator.py for tasks to queue
[2025-12-11T04:20:19.819+0000] {logging_mixin.py:188} INFO - [2025-12-11T04:20:19.819+0000] {dagbag.py:545} INFO - Filling up the DagBag from /home/airflow/.local/lib/python3.9/site-packages/airflow/example_dags/example_python_operator.py
[2025-12-11T04:20:19.865+0000] {processor.py:840} INFO - DAG(s) 'example_python_operator' retrieved from /home/airflow/.local/lib/python3.9/site-packages/airflow/example_dags/example_python_operator.py
[2025-12-11T04:20:19.966+0000] {logging_mixin.py:188} INFO - [2025-12-11T04:20:19.965+0000] {dag.py:3096} INFO - Sync 1 DAGs
[2025-12-11T04:20:20.024+0000] {logging_mixin.py:188} INFO - [2025-12-11T04:20:20.024+0000] {dag.py:3954} INFO - Setting next_dagrun for example_python_operator to None, run_after=None
[2025-12-11T04:20:20.119+0000] {processor.py:183} INFO - Processing /home/airflow/.local/lib/python3.9/site-packages/airflow/example_dags/example_python_operator.py took 0.352 seconds
[2025-12-11T04:20:50.343+0000] {processor.py:161} INFO - Started process (PID=351) to work on /home/airflow/.local/lib/python3.9/site-packages/airflow/example_dags/example_python_operator.py
[2025-12-11T04:20:50.352+0000] {processor.py:830} INFO - Processing file /home/airflow/.local/lib/python3.9/site-packages/airflow/example_dags/example_python_operator.py for tasks to queue
[2025-12-11T04:20:50.358+0000] {logging_mixin.py:188} INFO - [2025-12-11T04:20:50.357+0000] {dagbag.py:545} INFO - Filling up the DagBag from /home/airflow/.local/lib/python3.9/site-packages/airflow/example_dags/example_python_operator.py
[2025-12-11T04:20:50.384+0000] {processor.py:840} INFO - DAG(s) 'example_python_operator' retrieved from /home/airflow/.local/lib/python3.9/site-packages/airflow/example_dags/example_python_operator.py
[2025-12-11T04:20:50.448+0000] {logging_mixin.py:188} INFO - [2025-12-11T04:20:50.447+0000] {dag.py:3096} INFO - Sync 1 DAGs
[2025-12-11T04:20:50.478+0000] {logging_mixin.py:188} INFO - [2025-12-11T04:20:50.477+0000] {dag.py:3954} INFO - Setting next_dagrun for example_python_operator to None, run_after=None
[2025-12-11T04:20:50.528+0000] {processor.py:183} INFO - Processing /home/airflow/.local/lib/python3.9/site-packages/airflow/example_dags/example_python_operator.py took 0.203 seconds
[2025-12-11T04:21:20.780+0000] {processor.py:161} INFO - Started process (PID=417) to work on /home/airflow/.local/lib/python3.9/site-packages/airflow/example_dags/example_python_operator.py
[2025-12-11T04:21:20.782+0000] {processor.py:830} INFO - Processing file /home/airflow/.local/lib/python3.9/site-packages/airflow/example_dags/example_python_operator.py for tasks to queue
[2025-12-11T04:21:20.784+0000] {logging_mixin.py:188} INFO - [2025-12-11T04:21:20.784+0000] {dagbag.py:545} INFO - Filling up the DagBag from /home/airflow/.local/lib/python3.9/site-packages/airflow/example_dags/example_python_operator.py
[2025-12-11T04:21:20.807+0000] {processor.py:840} INFO - DAG(s) 'example_python_operator' retrieved from /home/airflow/.local/lib/python3.9/site-packages/airflow/example_dags/example_python_operator.py
[2025-12-11T04:21:20.886+0000] {logging_mixin.py:188} INFO - [2025-12-11T04:21:20.885+0000] {dag.py:3096} INFO - Sync 1 DAGs
[2025-12-11T04:21:20.918+0000] {logging_mixin.py:188} INFO - [2025-12-11T04:21:20.917+0000] {dag.py:3954} INFO - Setting next_dagrun for example_python_operator to None, run_after=None
[2025-12-11T04:21:20.963+0000] {processor.py:183} INFO - Processing /home/airflow/.local/lib/python3.9/site-packages/airflow/example_dags/example_python_operator.py took 0.201 seconds
[2025-12-11T04:21:51.503+0000] {processor.py:161} INFO - Started process (PID=482) to work on /home/airflow/.local/lib/python3.9/site-packages/airflow/example_dags/example_python_operator.py
[2025-12-11T04:21:51.505+0000] {processor.py:830} INFO - Processing file /home/airflow/.local/lib/python3.9/site-packages/airflow/example_dags/example_python_operator.py for tasks to queue
[2025-12-11T04:21:51.507+0000] {logging_mixin.py:188} INFO - [2025-12-11T04:21:51.507+0000] {dagbag.py:545} INFO - Filling up the DagBag from /home/airflow/.local/lib/python3.9/site-packages/airflow/example_dags/example_python_operator.py
[2025-12-11T04:21:51.527+0000] {processor.py:840} INFO - DAG(s) 'example_python_operator' retrieved from /home/airflow/.local/lib/python3.9/site-packages/airflow/example_dags/example_python_operator.py
[2025-12-11T04:21:51.597+0000] {logging_mixin.py:188} INFO - [2025-12-11T04:21:51.588+0000] {dag.py:3096} INFO - Sync 1 DAGs
[2025-12-11T04:21:51.626+0000] {logging_mixin.py:188} INFO - [2025-12-11T04:21:51.626+0000] {dag.py:3954} INFO - Setting next_dagrun for example_python_operator to None, run_after=None
[2025-12-11T04:21:51.682+0000] {processor.py:183} INFO - Processing /home/airflow/.local/lib/python3.9/site-packages/airflow/example_dags/example_python_operator.py took 0.194 seconds
[2025-12-11T04:22:22.292+0000] {processor.py:161} INFO - Started process (PID=548) to work on /home/airflow/.local/lib/python3.9/site-packages/airflow/example_dags/example_python_operator.py
[2025-12-11T04:22:22.297+0000] {processor.py:830} INFO - Processing file /home/airflow/.local/lib/python3.9/site-packages/airflow/example_dags/example_python_operator.py for tasks to queue
[2025-12-11T04:22:22.300+0000] {logging_mixin.py:188} INFO - [2025-12-11T04:22:22.300+0000] {dagbag.py:545} INFO - Filling up the DagBag from /home/airflow/.local/lib/python3.9/site-packages/airflow/example_dags/example_python_operator.py
[2025-12-11T04:22:22.327+0000] {processor.py:840} INFO - DAG(s) 'example_python_operator' retrieved from /home/airflow/.local/lib/python3.9/site-packages/airflow/example_dags/example_python_operator.py
[2025-12-11T04:22:22.370+0000] {logging_mixin.py:188} INFO - [2025-12-11T04:22:22.369+0000] {dag.py:3096} INFO - Sync 1 DAGs
[2025-12-11T04:22:22.397+0000] {logging_mixin.py:188} INFO - [2025-12-11T04:22:22.397+0000] {dag.py:3954} INFO - Setting next_dagrun for example_python_operator to None, run_after=None
[2025-12-11T04:22:22.439+0000] {processor.py:183} INFO - Processing /home/airflow/.local/lib/python3.9/site-packages/airflow/example_dags/example_python_operator.py took 0.160 seconds
[2025-12-11T04:22:52.997+0000] {processor.py:161} INFO - Started process (PID=621) to work on /home/airflow/.local/lib/python3.9/site-packages/airflow/example_dags/example_python_operator.py
[2025-12-11T04:22:53.001+0000] {processor.py:830} INFO - Processing file /home/airflow/.local/lib/python3.9/site-packages/airflow/example_dags/example_python_operator.py for tasks to queue
[2025-12-11T04:22:53.005+0000] {logging_mixin.py:188} INFO - [2025-12-11T04:22:53.005+0000] {dagbag.py:545} INFO - Filling up the DagBag from /home/airflow/.local/lib/python3.9/site-packages/airflow/example_dags/example_python_operator.py
[2025-12-11T04:22:53.046+0000] {processor.py:840} INFO - DAG(s) 'example_python_operator' retrieved from /home/airflow/.local/lib/python3.9/site-packages/airflow/example_dags/example_python_operator.py
[2025-12-11T04:22:53.112+0000] {logging_mixin.py:188} INFO - [2025-12-11T04:22:53.111+0000] {dag.py:3096} INFO - Sync 1 DAGs
[2025-12-11T04:22:53.139+0000] {logging_mixin.py:188} INFO - [2025-12-11T04:22:53.138+0000] {dag.py:3954} INFO - Setting next_dagrun for example_python_operator to None, run_after=None
[2025-12-11T04:22:53.252+0000] {processor.py:183} INFO - Processing /home/airflow/.local/lib/python3.9/site-packages/airflow/example_dags/example_python_operator.py took 0.286 seconds
[2025-12-11T04:23:23.510+0000] {processor.py:161} INFO - Started process (PID=687) to work on /home/airflow/.local/lib/python3.9/site-packages/airflow/example_dags/example_python_operator.py
[2025-12-11T04:23:23.516+0000] {processor.py:830} INFO - Processing file /home/airflow/.local/lib/python3.9/site-packages/airflow/example_dags/example_python_operator.py for tasks to queue
[2025-12-11T04:23:23.520+0000] {logging_mixin.py:188} INFO - [2025-12-11T04:23:23.519+0000] {dagbag.py:545} INFO - Filling up the DagBag from /home/airflow/.local/lib/python3.9/site-packages/airflow/example_dags/example_python_operator.py
[2025-12-11T04:23:23.545+0000] {processor.py:840} INFO - DAG(s) 'example_python_operator' retrieved from /home/airflow/.local/lib/python3.9/site-packages/airflow/example_dags/example_python_operator.py
[2025-12-11T04:23:23.606+0000] {logging_mixin.py:188} INFO - [2025-12-11T04:23:23.606+0000] {dag.py:3096} INFO - Sync 1 DAGs
[2025-12-11T04:23:23.638+0000] {logging_mixin.py:188} INFO - [2025-12-11T04:23:23.638+0000] {dag.py:3954} INFO - Setting next_dagrun for example_python_operator to None, run_after=None
[2025-12-11T04:23:23.668+0000] {processor.py:183} INFO - Processing /home/airflow/.local/lib/python3.9/site-packages/airflow/example_dags/example_python_operator.py took 0.174 seconds
[2025-12-11T04:23:54.237+0000] {processor.py:161} INFO - Started process (PID=753) to work on /home/airflow/.local/lib/python3.9/site-packages/airflow/example_dags/example_python_operator.py
[2025-12-11T04:23:54.239+0000] {processor.py:830} INFO - Processing file /home/airflow/.local/lib/python3.9/site-packages/airflow/example_dags/example_python_operator.py for tasks to queue
[2025-12-11T04:23:54.241+0000] {logging_mixin.py:188} INFO - [2025-12-11T04:23:54.241+0000] {dagbag.py:545} INFO - Filling up the DagBag from /home/airflow/.local/lib/python3.9/site-packages/airflow/example_dags/example_python_operator.py
[2025-12-11T04:23:54.258+0000] {processor.py:840} INFO - DAG(s) 'example_python_operator' retrieved from /home/airflow/.local/lib/python3.9/site-packages/airflow/example_dags/example_python_operator.py
[2025-12-11T04:23:54.295+0000] {logging_mixin.py:188} INFO - [2025-12-11T04:23:54.295+0000] {dag.py:3096} INFO - Sync 1 DAGs
[2025-12-11T04:23:54.314+0000] {logging_mixin.py:188} INFO - [2025-12-11T04:23:54.313+0000] {dag.py:3954} INFO - Setting next_dagrun for example_python_operator to None, run_after=None
[2025-12-11T04:23:54.338+0000] {processor.py:183} INFO - Processing /home/airflow/.local/lib/python3.9/site-packages/airflow/example_dags/example_python_operator.py took 0.111 seconds
[2025-12-11T04:24:24.667+0000] {processor.py:161} INFO - Started process (PID=819) to work on /home/airflow/.local/lib/python3.9/site-packages/airflow/example_dags/example_python_operator.py
[2025-12-11T04:24:24.677+0000] {processor.py:830} INFO - Processing file /home/airflow/.local/lib/python3.9/site-packages/airflow/example_dags/example_python_operator.py for tasks to queue
[2025-12-11T04:24:24.680+0000] {logging_mixin.py:188} INFO - [2025-12-11T04:24:24.679+0000] {dagbag.py:545} INFO - Filling up the DagBag from /home/airflow/.local/lib/python3.9/site-packages/airflow/example_dags/example_python_operator.py
[2025-12-11T04:24:24.703+0000] {processor.py:840} INFO - DAG(s) 'example_python_operator' retrieved from /home/airflow/.local/lib/python3.9/site-packages/airflow/example_dags/example_python_operator.py
[2025-12-11T04:24:24.760+0000] {logging_mixin.py:188} INFO - [2025-12-11T04:24:24.760+0000] {dag.py:3096} INFO - Sync 1 DAGs
[2025-12-11T04:24:24.787+0000] {logging_mixin.py:188} INFO - [2025-12-11T04:24:24.787+0000] {dag.py:3954} INFO - Setting next_dagrun for example_python_operator to None, run_after=None
[2025-12-11T04:24:24.829+0000] {processor.py:183} INFO - Processing /home/airflow/.local/lib/python3.9/site-packages/airflow/example_dags/example_python_operator.py took 0.181 seconds
[2025-12-11T04:24:56.537+0000] {processor.py:161} INFO - Started process (PID=885) to work on /home/airflow/.local/lib/python3.9/site-packages/airflow/example_dags/example_python_operator.py
[2025-12-11T04:24:56.549+0000] {processor.py:830} INFO - Processing file /home/airflow/.local/lib/python3.9/site-packages/airflow/example_dags/example_python_operator.py for tasks to queue
[2025-12-11T04:24:56.559+0000] {logging_mixin.py:188} INFO - [2025-12-11T04:24:56.558+0000] {dagbag.py:545} INFO - Filling up the DagBag from /home/airflow/.local/lib/python3.9/site-packages/airflow/example_dags/example_python_operator.py
[2025-12-11T04:24:56.584+0000] {processor.py:840} INFO - DAG(s) 'example_python_operator' retrieved from /home/airflow/.local/lib/python3.9/site-packages/airflow/example_dags/example_python_operator.py
[2025-12-11T04:24:56.661+0000] {logging_mixin.py:188} INFO - [2025-12-11T04:24:56.660+0000] {dag.py:3096} INFO - Sync 1 DAGs
[2025-12-11T04:24:56.698+0000] {logging_mixin.py:188} INFO - [2025-12-11T04:24:56.697+0000] {dag.py:3954} INFO - Setting next_dagrun for example_python_operator to None, run_after=None
[2025-12-11T04:24:56.744+0000] {processor.py:183} INFO - Processing /home/airflow/.local/lib/python3.9/site-packages/airflow/example_dags/example_python_operator.py took 0.226 seconds
[2025-12-11T04:25:27.765+0000] {processor.py:161} INFO - Started process (PID=950) to work on /home/airflow/.local/lib/python3.9/site-packages/airflow/example_dags/example_python_operator.py
[2025-12-11T04:25:27.771+0000] {processor.py:830} INFO - Processing file /home/airflow/.local/lib/python3.9/site-packages/airflow/example_dags/example_python_operator.py for tasks to queue
[2025-12-11T04:25:27.781+0000] {logging_mixin.py:188} INFO - [2025-12-11T04:25:27.781+0000] {dagbag.py:545} INFO - Filling up the DagBag from /home/airflow/.local/lib/python3.9/site-packages/airflow/example_dags/example_python_operator.py
[2025-12-11T04:25:27.811+0000] {processor.py:840} INFO - DAG(s) 'example_python_operator' retrieved from /home/airflow/.local/lib/python3.9/site-packages/airflow/example_dags/example_python_operator.py
[2025-12-11T04:25:27.879+0000] {logging_mixin.py:188} INFO - [2025-12-11T04:25:27.879+0000] {dag.py:3096} INFO - Sync 1 DAGs
[2025-12-11T04:25:27.908+0000] {logging_mixin.py:188} INFO - [2025-12-11T04:25:27.907+0000] {dag.py:3954} INFO - Setting next_dagrun for example_python_operator to None, run_after=None
[2025-12-11T04:25:28.024+0000] {processor.py:183} INFO - Processing /home/airflow/.local/lib/python3.9/site-packages/airflow/example_dags/example_python_operator.py took 0.284 seconds
[2025-12-11T04:25:58.391+0000] {processor.py:161} INFO - Started process (PID=1016) to work on /home/airflow/.local/lib/python3.9/site-packages/airflow/example_dags/example_python_operator.py
[2025-12-11T04:25:58.400+0000] {processor.py:830} INFO - Processing file /home/airflow/.local/lib/python3.9/site-packages/airflow/example_dags/example_python_operator.py for tasks to queue
[2025-12-11T04:25:58.403+0000] {logging_mixin.py:188} INFO - [2025-12-11T04:25:58.402+0000] {dagbag.py:545} INFO - Filling up the DagBag from /home/airflow/.local/lib/python3.9/site-packages/airflow/example_dags/example_python_operator.py
[2025-12-11T04:25:58.418+0000] {processor.py:840} INFO - DAG(s) 'example_python_operator' retrieved from /home/airflow/.local/lib/python3.9/site-packages/airflow/example_dags/example_python_operator.py
[2025-12-11T04:25:58.455+0000] {logging_mixin.py:188} INFO - [2025-12-11T04:25:58.455+0000] {dag.py:3096} INFO - Sync 1 DAGs
[2025-12-11T04:25:58.474+0000] {logging_mixin.py:188} INFO - [2025-12-11T04:25:58.473+0000] {dag.py:3954} INFO - Setting next_dagrun for example_python_operator to None, run_after=None
[2025-12-11T04:25:58.502+0000] {processor.py:183} INFO - Processing /home/airflow/.local/lib/python3.9/site-packages/airflow/example_dags/example_python_operator.py took 0.120 seconds
[2025-12-11T04:26:29.045+0000] {processor.py:161} INFO - Started process (PID=1082) to work on /home/airflow/.local/lib/python3.9/site-packages/airflow/example_dags/example_python_operator.py
[2025-12-11T04:26:29.152+0000] {processor.py:830} INFO - Processing file /home/airflow/.local/lib/python3.9/site-packages/airflow/example_dags/example_python_operator.py for tasks to queue
[2025-12-11T04:26:29.156+0000] {logging_mixin.py:188} INFO - [2025-12-11T04:26:29.155+0000] {dagbag.py:545} INFO - Filling up the DagBag from /home/airflow/.local/lib/python3.9/site-packages/airflow/example_dags/example_python_operator.py
[2025-12-11T04:26:29.173+0000] {processor.py:840} INFO - DAG(s) 'example_python_operator' retrieved from /home/airflow/.local/lib/python3.9/site-packages/airflow/example_dags/example_python_operator.py
[2025-12-11T04:26:29.216+0000] {logging_mixin.py:188} INFO - [2025-12-11T04:26:29.215+0000] {dag.py:3096} INFO - Sync 1 DAGs
[2025-12-11T04:26:29.237+0000] {logging_mixin.py:188} INFO - [2025-12-11T04:26:29.237+0000] {dag.py:3954} INFO - Setting next_dagrun for example_python_operator to None, run_after=None
[2025-12-11T04:26:29.270+0000] {processor.py:183} INFO - Processing /home/airflow/.local/lib/python3.9/site-packages/airflow/example_dags/example_python_operator.py took 0.239 seconds
[2025-12-11T04:26:59.899+0000] {processor.py:161} INFO - Started process (PID=1148) to work on /home/airflow/.local/lib/python3.9/site-packages/airflow/example_dags/example_python_operator.py
[2025-12-11T04:26:59.969+0000] {processor.py:830} INFO - Processing file /home/airflow/.local/lib/python3.9/site-packages/airflow/example_dags/example_python_operator.py for tasks to queue
[2025-12-11T04:26:59.973+0000] {logging_mixin.py:188} INFO - [2025-12-11T04:26:59.973+0000] {dagbag.py:545} INFO - Filling up the DagBag from /home/airflow/.local/lib/python3.9/site-packages/airflow/example_dags/example_python_operator.py
[2025-12-11T04:27:00.003+0000] {processor.py:840} INFO - DAG(s) 'example_python_operator' retrieved from /home/airflow/.local/lib/python3.9/site-packages/airflow/example_dags/example_python_operator.py
[2025-12-11T04:27:00.082+0000] {logging_mixin.py:188} INFO - [2025-12-11T04:27:00.081+0000] {dag.py:3096} INFO - Sync 1 DAGs
[2025-12-11T04:27:00.105+0000] {logging_mixin.py:188} INFO - [2025-12-11T04:27:00.104+0000] {dag.py:3954} INFO - Setting next_dagrun for example_python_operator to None, run_after=None
[2025-12-11T04:27:00.409+0000] {processor.py:183} INFO - Processing /home/airflow/.local/lib/python3.9/site-packages/airflow/example_dags/example_python_operator.py took 0.521 seconds
[2025-12-11T04:27:30.747+0000] {processor.py:161} INFO - Started process (PID=1221) to work on /home/airflow/.local/lib/python3.9/site-packages/airflow/example_dags/example_python_operator.py
[2025-12-11T04:27:30.765+0000] {processor.py:830} INFO - Processing file /home/airflow/.local/lib/python3.9/site-packages/airflow/example_dags/example_python_operator.py for tasks to queue
[2025-12-11T04:27:30.767+0000] {logging_mixin.py:188} INFO - [2025-12-11T04:27:30.767+0000] {dagbag.py:545} INFO - Filling up the DagBag from /home/airflow/.local/lib/python3.9/site-packages/airflow/example_dags/example_python_operator.py
[2025-12-11T04:27:30.785+0000] {processor.py:840} INFO - DAG(s) 'example_python_operator' retrieved from /home/airflow/.local/lib/python3.9/site-packages/airflow/example_dags/example_python_operator.py
[2025-12-11T04:27:30.851+0000] {logging_mixin.py:188} INFO - [2025-12-11T04:27:30.850+0000] {dag.py:3096} INFO - Sync 1 DAGs
[2025-12-11T04:27:30.883+0000] {logging_mixin.py:188} INFO - [2025-12-11T04:27:30.883+0000] {dag.py:3954} INFO - Setting next_dagrun for example_python_operator to None, run_after=None
[2025-12-11T04:27:30.939+0000] {processor.py:183} INFO - Processing /home/airflow/.local/lib/python3.9/site-packages/airflow/example_dags/example_python_operator.py took 0.202 seconds
[2025-12-11T04:28:01.495+0000] {processor.py:161} INFO - Started process (PID=1280) to work on /home/airflow/.local/lib/python3.9/site-packages/airflow/example_dags/example_python_operator.py
[2025-12-11T04:28:01.496+0000] {processor.py:830} INFO - Processing file /home/airflow/.local/lib/python3.9/site-packages/airflow/example_dags/example_python_operator.py for tasks to queue
[2025-12-11T04:28:01.499+0000] {logging_mixin.py:188} INFO - [2025-12-11T04:28:01.499+0000] {dagbag.py:545} INFO - Filling up the DagBag from /home/airflow/.local/lib/python3.9/site-packages/airflow/example_dags/example_python_operator.py
[2025-12-11T04:28:01.537+0000] {processor.py:840} INFO - DAG(s) 'example_python_operator' retrieved from /home/airflow/.local/lib/python3.9/site-packages/airflow/example_dags/example_python_operator.py
[2025-12-11T04:28:01.643+0000] {logging_mixin.py:188} INFO - [2025-12-11T04:28:01.643+0000] {dag.py:3096} INFO - Sync 1 DAGs
[2025-12-11T04:28:01.703+0000] {logging_mixin.py:188} INFO - [2025-12-11T04:28:01.703+0000] {dag.py:3954} INFO - Setting next_dagrun for example_python_operator to None, run_after=None
[2025-12-11T04:28:01.779+0000] {processor.py:183} INFO - Processing /home/airflow/.local/lib/python3.9/site-packages/airflow/example_dags/example_python_operator.py took 0.294 seconds
[2025-12-11T04:28:32.263+0000] {processor.py:161} INFO - Started process (PID=1345) to work on /home/airflow/.local/lib/python3.9/site-packages/airflow/example_dags/example_python_operator.py
[2025-12-11T04:28:32.265+0000] {processor.py:830} INFO - Processing file /home/airflow/.local/lib/python3.9/site-packages/airflow/example_dags/example_python_operator.py for tasks to queue
[2025-12-11T04:28:32.268+0000] {logging_mixin.py:188} INFO - [2025-12-11T04:28:32.267+0000] {dagbag.py:545} INFO - Filling up the DagBag from /home/airflow/.local/lib/python3.9/site-packages/airflow/example_dags/example_python_operator.py
[2025-12-11T04:28:32.287+0000] {processor.py:840} INFO - DAG(s) 'example_python_operator' retrieved from /home/airflow/.local/lib/python3.9/site-packages/airflow/example_dags/example_python_operator.py
[2025-12-11T04:28:32.342+0000] {logging_mixin.py:188} INFO - [2025-12-11T04:28:32.341+0000] {dag.py:3096} INFO - Sync 1 DAGs
[2025-12-11T04:28:32.376+0000] {logging_mixin.py:188} INFO - [2025-12-11T04:28:32.375+0000] {dag.py:3954} INFO - Setting next_dagrun for example_python_operator to None, run_after=None
[2025-12-11T04:28:32.423+0000] {processor.py:183} INFO - Processing /home/airflow/.local/lib/python3.9/site-packages/airflow/example_dags/example_python_operator.py took 0.172 seconds
[2025-12-11T04:29:03.323+0000] {processor.py:161} INFO - Started process (PID=1412) to work on /home/airflow/.local/lib/python3.9/site-packages/airflow/example_dags/example_python_operator.py
[2025-12-11T04:29:03.324+0000] {processor.py:830} INFO - Processing file /home/airflow/.local/lib/python3.9/site-packages/airflow/example_dags/example_python_operator.py for tasks to queue
[2025-12-11T04:29:03.327+0000] {logging_mixin.py:188} INFO - [2025-12-11T04:29:03.327+0000] {dagbag.py:545} INFO - Filling up the DagBag from /home/airflow/.local/lib/python3.9/site-packages/airflow/example_dags/example_python_operator.py
[2025-12-11T04:29:03.359+0000] {processor.py:840} INFO - DAG(s) 'example_python_operator' retrieved from /home/airflow/.local/lib/python3.9/site-packages/airflow/example_dags/example_python_operator.py
[2025-12-11T04:29:03.423+0000] {logging_mixin.py:188} INFO - [2025-12-11T04:29:03.423+0000] {dag.py:3096} INFO - Sync 1 DAGs
[2025-12-11T04:29:03.458+0000] {logging_mixin.py:188} INFO - [2025-12-11T04:29:03.458+0000] {dag.py:3954} INFO - Setting next_dagrun for example_python_operator to None, run_after=None
[2025-12-11T04:29:03.507+0000] {processor.py:183} INFO - Processing /home/airflow/.local/lib/python3.9/site-packages/airflow/example_dags/example_python_operator.py took 0.201 seconds
[2025-12-11T04:29:34.042+0000] {processor.py:161} INFO - Started process (PID=1478) to work on /home/airflow/.local/lib/python3.9/site-packages/airflow/example_dags/example_python_operator.py
[2025-12-11T04:29:34.045+0000] {processor.py:830} INFO - Processing file /home/airflow/.local/lib/python3.9/site-packages/airflow/example_dags/example_python_operator.py for tasks to queue
[2025-12-11T04:29:34.047+0000] {logging_mixin.py:188} INFO - [2025-12-11T04:29:34.047+0000] {dagbag.py:545} INFO - Filling up the DagBag from /home/airflow/.local/lib/python3.9/site-packages/airflow/example_dags/example_python_operator.py
[2025-12-11T04:29:34.078+0000] {processor.py:840} INFO - DAG(s) 'example_python_operator' retrieved from /home/airflow/.local/lib/python3.9/site-packages/airflow/example_dags/example_python_operator.py
[2025-12-11T04:29:34.163+0000] {logging_mixin.py:188} INFO - [2025-12-11T04:29:34.162+0000] {dag.py:3096} INFO - Sync 1 DAGs
[2025-12-11T04:29:34.203+0000] {logging_mixin.py:188} INFO - [2025-12-11T04:29:34.202+0000] {dag.py:3954} INFO - Setting next_dagrun for example_python_operator to None, run_after=None
[2025-12-11T04:29:34.284+0000] {processor.py:183} INFO - Processing /home/airflow/.local/lib/python3.9/site-packages/airflow/example_dags/example_python_operator.py took 0.260 seconds
[2025-12-11T04:30:04.502+0000] {processor.py:161} INFO - Started process (PID=1543) to work on /home/airflow/.local/lib/python3.9/site-packages/airflow/example_dags/example_python_operator.py
[2025-12-11T04:30:04.510+0000] {processor.py:830} INFO - Processing file /home/airflow/.local/lib/python3.9/site-packages/airflow/example_dags/example_python_operator.py for tasks to queue
[2025-12-11T04:30:04.513+0000] {logging_mixin.py:188} INFO - [2025-12-11T04:30:04.513+0000] {dagbag.py:545} INFO - Filling up the DagBag from /home/airflow/.local/lib/python3.9/site-packages/airflow/example_dags/example_python_operator.py
[2025-12-11T04:30:04.529+0000] {processor.py:840} INFO - DAG(s) 'example_python_operator' retrieved from /home/airflow/.local/lib/python3.9/site-packages/airflow/example_dags/example_python_operator.py
[2025-12-11T04:30:04.572+0000] {logging_mixin.py:188} INFO - [2025-12-11T04:30:04.572+0000] {dag.py:3096} INFO - Sync 1 DAGs
[2025-12-11T04:30:04.595+0000] {logging_mixin.py:188} INFO - [2025-12-11T04:30:04.595+0000] {dag.py:3954} INFO - Setting next_dagrun for example_python_operator to None, run_after=None
[2025-12-11T04:30:04.628+0000] {processor.py:183} INFO - Processing /home/airflow/.local/lib/python3.9/site-packages/airflow/example_dags/example_python_operator.py took 0.136 seconds
[2025-12-11T04:30:34.917+0000] {processor.py:161} INFO - Started process (PID=1609) to work on /home/airflow/.local/lib/python3.9/site-packages/airflow/example_dags/example_python_operator.py
[2025-12-11T04:30:34.940+0000] {processor.py:830} INFO - Processing file /home/airflow/.local/lib/python3.9/site-packages/airflow/example_dags/example_python_operator.py for tasks to queue
[2025-12-11T04:30:34.943+0000] {logging_mixin.py:188} INFO - [2025-12-11T04:30:34.942+0000] {dagbag.py:545} INFO - Filling up the DagBag from /home/airflow/.local/lib/python3.9/site-packages/airflow/example_dags/example_python_operator.py
[2025-12-11T04:30:34.960+0000] {processor.py:840} INFO - DAG(s) 'example_python_operator' retrieved from /home/airflow/.local/lib/python3.9/site-packages/airflow/example_dags/example_python_operator.py
[2025-12-11T04:30:35.011+0000] {logging_mixin.py:188} INFO - [2025-12-11T04:30:35.010+0000] {dag.py:3096} INFO - Sync 1 DAGs
[2025-12-11T04:30:35.047+0000] {logging_mixin.py:188} INFO - [2025-12-11T04:30:35.046+0000] {dag.py:3954} INFO - Setting next_dagrun for example_python_operator to None, run_after=None
[2025-12-11T04:30:35.488+0000] {processor.py:183} INFO - Processing /home/airflow/.local/lib/python3.9/site-packages/airflow/example_dags/example_python_operator.py took 0.586 seconds
[2025-12-11T04:31:05.844+0000] {processor.py:161} INFO - Started process (PID=1674) to work on /home/airflow/.local/lib/python3.9/site-packages/airflow/example_dags/example_python_operator.py
[2025-12-11T04:31:05.848+0000] {processor.py:830} INFO - Processing file /home/airflow/.local/lib/python3.9/site-packages/airflow/example_dags/example_python_operator.py for tasks to queue
[2025-12-11T04:31:05.852+0000] {logging_mixin.py:188} INFO - [2025-12-11T04:31:05.851+0000] {dagbag.py:545} INFO - Filling up the DagBag from /home/airflow/.local/lib/python3.9/site-packages/airflow/example_dags/example_python_operator.py
[2025-12-11T04:31:05.890+0000] {processor.py:840} INFO - DAG(s) 'example_python_operator' retrieved from /home/airflow/.local/lib/python3.9/site-packages/airflow/example_dags/example_python_operator.py
[2025-12-11T04:31:05.967+0000] {logging_mixin.py:188} INFO - [2025-12-11T04:31:05.967+0000] {dag.py:3096} INFO - Sync 1 DAGs
[2025-12-11T04:31:06.009+0000] {logging_mixin.py:188} INFO - [2025-12-11T04:31:06.008+0000] {dag.py:3954} INFO - Setting next_dagrun for example_python_operator to None, run_after=None
[2025-12-11T04:31:06.060+0000] {processor.py:183} INFO - Processing /home/airflow/.local/lib/python3.9/site-packages/airflow/example_dags/example_python_operator.py took 0.237 seconds
[2025-12-11T04:31:36.779+0000] {processor.py:161} INFO - Started process (PID=1748) to work on /home/airflow/.local/lib/python3.9/site-packages/airflow/example_dags/example_python_operator.py
[2025-12-11T04:31:36.781+0000] {processor.py:830} INFO - Processing file /home/airflow/.local/lib/python3.9/site-packages/airflow/example_dags/example_python_operator.py for tasks to queue
[2025-12-11T04:31:36.784+0000] {logging_mixin.py:188} INFO - [2025-12-11T04:31:36.783+0000] {dagbag.py:545} INFO - Filling up the DagBag from /home/airflow/.local/lib/python3.9/site-packages/airflow/example_dags/example_python_operator.py
[2025-12-11T04:31:36.823+0000] {processor.py:840} INFO - DAG(s) 'example_python_operator' retrieved from /home/airflow/.local/lib/python3.9/site-packages/airflow/example_dags/example_python_operator.py
[2025-12-11T04:31:36.926+0000] {logging_mixin.py:188} INFO - [2025-12-11T04:31:36.925+0000] {dag.py:3096} INFO - Sync 1 DAGs
[2025-12-11T04:31:36.979+0000] {logging_mixin.py:188} INFO - [2025-12-11T04:31:36.978+0000] {dag.py:3954} INFO - Setting next_dagrun for example_python_operator to None, run_after=None
[2025-12-11T04:31:37.081+0000] {processor.py:183} INFO - Processing /home/airflow/.local/lib/python3.9/site-packages/airflow/example_dags/example_python_operator.py took 0.340 seconds
[2025-12-11T04:32:07.657+0000] {processor.py:161} INFO - Started process (PID=1814) to work on /home/airflow/.local/lib/python3.9/site-packages/airflow/example_dags/example_python_operator.py
[2025-12-11T04:32:07.659+0000] {processor.py:830} INFO - Processing file /home/airflow/.local/lib/python3.9/site-packages/airflow/example_dags/example_python_operator.py for tasks to queue
[2025-12-11T04:32:07.661+0000] {logging_mixin.py:188} INFO - [2025-12-11T04:32:07.661+0000] {dagbag.py:545} INFO - Filling up the DagBag from /home/airflow/.local/lib/python3.9/site-packages/airflow/example_dags/example_python_operator.py
[2025-12-11T04:32:07.682+0000] {processor.py:840} INFO - DAG(s) 'example_python_operator' retrieved from /home/airflow/.local/lib/python3.9/site-packages/airflow/example_dags/example_python_operator.py
[2025-12-11T04:32:07.746+0000] {logging_mixin.py:188} INFO - [2025-12-11T04:32:07.746+0000] {dag.py:3096} INFO - Sync 1 DAGs
[2025-12-11T04:32:07.779+0000] {logging_mixin.py:188} INFO - [2025-12-11T04:32:07.778+0000] {dag.py:3954} INFO - Setting next_dagrun for example_python_operator to None, run_after=None
[2025-12-11T04:32:07.820+0000] {processor.py:183} INFO - Processing /home/airflow/.local/lib/python3.9/site-packages/airflow/example_dags/example_python_operator.py took 0.190 seconds
[2025-12-11T04:32:37.980+0000] {processor.py:161} INFO - Started process (PID=1879) to work on /home/airflow/.local/lib/python3.9/site-packages/airflow/example_dags/example_python_operator.py
[2025-12-11T04:32:37.987+0000] {processor.py:830} INFO - Processing file /home/airflow/.local/lib/python3.9/site-packages/airflow/example_dags/example_python_operator.py for tasks to queue
[2025-12-11T04:32:37.990+0000] {logging_mixin.py:188} INFO - [2025-12-11T04:32:37.990+0000] {dagbag.py:545} INFO - Filling up the DagBag from /home/airflow/.local/lib/python3.9/site-packages/airflow/example_dags/example_python_operator.py
[2025-12-11T04:32:38.008+0000] {processor.py:840} INFO - DAG(s) 'example_python_operator' retrieved from /home/airflow/.local/lib/python3.9/site-packages/airflow/example_dags/example_python_operator.py
[2025-12-11T04:32:38.051+0000] {logging_mixin.py:188} INFO - [2025-12-11T04:32:38.050+0000] {dag.py:3096} INFO - Sync 1 DAGs
[2025-12-11T04:32:38.080+0000] {logging_mixin.py:188} INFO - [2025-12-11T04:32:38.080+0000] {dag.py:3954} INFO - Setting next_dagrun for example_python_operator to None, run_after=None
[2025-12-11T04:32:38.115+0000] {processor.py:183} INFO - Processing /home/airflow/.local/lib/python3.9/site-packages/airflow/example_dags/example_python_operator.py took 0.146 seconds
[2025-12-11T04:33:08.488+0000] {processor.py:161} INFO - Started process (PID=1945) to work on /home/airflow/.local/lib/python3.9/site-packages/airflow/example_dags/example_python_operator.py
[2025-12-11T04:33:08.490+0000] {processor.py:830} INFO - Processing file /home/airflow/.local/lib/python3.9/site-packages/airflow/example_dags/example_python_operator.py for tasks to queue
[2025-12-11T04:33:08.493+0000] {logging_mixin.py:188} INFO - [2025-12-11T04:33:08.492+0000] {dagbag.py:545} INFO - Filling up the DagBag from /home/airflow/.local/lib/python3.9/site-packages/airflow/example_dags/example_python_operator.py
[2025-12-11T04:33:08.512+0000] {processor.py:840} INFO - DAG(s) 'example_python_operator' retrieved from /home/airflow/.local/lib/python3.9/site-packages/airflow/example_dags/example_python_operator.py
[2025-12-11T04:33:08.564+0000] {logging_mixin.py:188} INFO - [2025-12-11T04:33:08.564+0000] {dag.py:3096} INFO - Sync 1 DAGs
[2025-12-11T04:33:08.596+0000] {logging_mixin.py:188} INFO - [2025-12-11T04:33:08.595+0000] {dag.py:3954} INFO - Setting next_dagrun for example_python_operator to None, run_after=None
[2025-12-11T04:33:08.638+0000] {processor.py:183} INFO - Processing /home/airflow/.local/lib/python3.9/site-packages/airflow/example_dags/example_python_operator.py took 0.160 seconds
[2025-12-11T04:33:38.704+0000] {processor.py:161} INFO - Started process (PID=2012) to work on /home/airflow/.local/lib/python3.9/site-packages/airflow/example_dags/example_python_operator.py
[2025-12-11T04:33:38.711+0000] {processor.py:830} INFO - Processing file /home/airflow/.local/lib/python3.9/site-packages/airflow/example_dags/example_python_operator.py for tasks to queue
[2025-12-11T04:33:38.714+0000] {logging_mixin.py:188} INFO - [2025-12-11T04:33:38.713+0000] {dagbag.py:545} INFO - Filling up the DagBag from /home/airflow/.local/lib/python3.9/site-packages/airflow/example_dags/example_python_operator.py
[2025-12-11T04:33:38.732+0000] {processor.py:840} INFO - DAG(s) 'example_python_operator' retrieved from /home/airflow/.local/lib/python3.9/site-packages/airflow/example_dags/example_python_operator.py
[2025-12-11T04:33:38.777+0000] {logging_mixin.py:188} INFO - [2025-12-11T04:33:38.777+0000] {dag.py:3096} INFO - Sync 1 DAGs
[2025-12-11T04:33:38.798+0000] {logging_mixin.py:188} INFO - [2025-12-11T04:33:38.798+0000] {dag.py:3954} INFO - Setting next_dagrun for example_python_operator to None, run_after=None
[2025-12-11T04:33:39.135+0000] {processor.py:183} INFO - Processing /home/airflow/.local/lib/python3.9/site-packages/airflow/example_dags/example_python_operator.py took 0.443 seconds
[2025-12-11T04:34:09.921+0000] {processor.py:161} INFO - Started process (PID=2080) to work on /home/airflow/.local/lib/python3.9/site-packages/airflow/example_dags/example_python_operator.py
[2025-12-11T04:34:10.134+0000] {processor.py:830} INFO - Processing file /home/airflow/.local/lib/python3.9/site-packages/airflow/example_dags/example_python_operator.py for tasks to queue
[2025-12-11T04:34:10.139+0000] {logging_mixin.py:188} INFO - [2025-12-11T04:34:10.138+0000] {dagbag.py:545} INFO - Filling up the DagBag from /home/airflow/.local/lib/python3.9/site-packages/airflow/example_dags/example_python_operator.py
[2025-12-11T04:34:10.165+0000] {processor.py:840} INFO - DAG(s) 'example_python_operator' retrieved from /home/airflow/.local/lib/python3.9/site-packages/airflow/example_dags/example_python_operator.py
[2025-12-11T04:34:10.230+0000] {logging_mixin.py:188} INFO - [2025-12-11T04:34:10.229+0000] {dag.py:3096} INFO - Sync 1 DAGs
[2025-12-11T04:34:10.252+0000] {logging_mixin.py:188} INFO - [2025-12-11T04:34:10.251+0000] {dag.py:3954} INFO - Setting next_dagrun for example_python_operator to None, run_after=None
[2025-12-11T04:34:10.308+0000] {processor.py:183} INFO - Processing /home/airflow/.local/lib/python3.9/site-packages/airflow/example_dags/example_python_operator.py took 0.399 seconds
[2025-12-11T04:34:40.860+0000] {processor.py:161} INFO - Started process (PID=2147) to work on /home/airflow/.local/lib/python3.9/site-packages/airflow/example_dags/example_python_operator.py
[2025-12-11T04:34:40.862+0000] {processor.py:830} INFO - Processing file /home/airflow/.local/lib/python3.9/site-packages/airflow/example_dags/example_python_operator.py for tasks to queue
[2025-12-11T04:34:40.864+0000] {logging_mixin.py:188} INFO - [2025-12-11T04:34:40.864+0000] {dagbag.py:545} INFO - Filling up the DagBag from /home/airflow/.local/lib/python3.9/site-packages/airflow/example_dags/example_python_operator.py
[2025-12-11T04:34:40.897+0000] {processor.py:840} INFO - DAG(s) 'example_python_operator' retrieved from /home/airflow/.local/lib/python3.9/site-packages/airflow/example_dags/example_python_operator.py
[2025-12-11T04:34:40.957+0000] {logging_mixin.py:188} INFO - [2025-12-11T04:34:40.957+0000] {dag.py:3096} INFO - Sync 1 DAGs
[2025-12-11T04:34:40.986+0000] {logging_mixin.py:188} INFO - [2025-12-11T04:34:40.985+0000] {dag.py:3954} INFO - Setting next_dagrun for example_python_operator to None, run_after=None
[2025-12-11T04:34:41.027+0000] {processor.py:183} INFO - Processing /home/airflow/.local/lib/python3.9/site-packages/airflow/example_dags/example_python_operator.py took 0.180 seconds
[2025-12-11T04:35:11.284+0000] {processor.py:161} INFO - Started process (PID=2214) to work on /home/airflow/.local/lib/python3.9/site-packages/airflow/example_dags/example_python_operator.py
[2025-12-11T04:35:11.286+0000] {processor.py:830} INFO - Processing file /home/airflow/.local/lib/python3.9/site-packages/airflow/example_dags/example_python_operator.py for tasks to queue
[2025-12-11T04:35:11.299+0000] {logging_mixin.py:188} INFO - [2025-12-11T04:35:11.298+0000] {dagbag.py:545} INFO - Filling up the DagBag from /home/airflow/.local/lib/python3.9/site-packages/airflow/example_dags/example_python_operator.py
[2025-12-11T04:35:11.318+0000] {processor.py:840} INFO - DAG(s) 'example_python_operator' retrieved from /home/airflow/.local/lib/python3.9/site-packages/airflow/example_dags/example_python_operator.py
[2025-12-11T04:35:11.380+0000] {logging_mixin.py:188} INFO - [2025-12-11T04:35:11.379+0000] {dag.py:3096} INFO - Sync 1 DAGs
[2025-12-11T04:35:11.403+0000] {logging_mixin.py:188} INFO - [2025-12-11T04:35:11.402+0000] {dag.py:3954} INFO - Setting next_dagrun for example_python_operator to None, run_after=None
[2025-12-11T04:35:11.439+0000] {processor.py:183} INFO - Processing /home/airflow/.local/lib/python3.9/site-packages/airflow/example_dags/example_python_operator.py took 0.173 seconds
[2025-12-11T04:35:41.548+0000] {processor.py:161} INFO - Started process (PID=2282) to work on /home/airflow/.local/lib/python3.9/site-packages/airflow/example_dags/example_python_operator.py
[2025-12-11T04:35:41.598+0000] {processor.py:830} INFO - Processing file /home/airflow/.local/lib/python3.9/site-packages/airflow/example_dags/example_python_operator.py for tasks to queue
[2025-12-11T04:35:41.601+0000] {logging_mixin.py:188} INFO - [2025-12-11T04:35:41.601+0000] {dagbag.py:545} INFO - Filling up the DagBag from /home/airflow/.local/lib/python3.9/site-packages/airflow/example_dags/example_python_operator.py
[2025-12-11T04:35:41.637+0000] {processor.py:840} INFO - DAG(s) 'example_python_operator' retrieved from /home/airflow/.local/lib/python3.9/site-packages/airflow/example_dags/example_python_operator.py
[2025-12-11T04:35:41.734+0000] {logging_mixin.py:188} INFO - [2025-12-11T04:35:41.733+0000] {dag.py:3096} INFO - Sync 1 DAGs
[2025-12-11T04:35:41.900+0000] {logging_mixin.py:188} INFO - [2025-12-11T04:35:41.900+0000] {dag.py:3954} INFO - Setting next_dagrun for example_python_operator to None, run_after=None
[2025-12-11T04:35:42.173+0000] {processor.py:183} INFO - Processing /home/airflow/.local/lib/python3.9/site-packages/airflow/example_dags/example_python_operator.py took 0.636 seconds
[2025-12-11T04:36:12.827+0000] {processor.py:161} INFO - Started process (PID=2349) to work on /home/airflow/.local/lib/python3.9/site-packages/airflow/example_dags/example_python_operator.py
[2025-12-11T04:36:12.829+0000] {processor.py:830} INFO - Processing file /home/airflow/.local/lib/python3.9/site-packages/airflow/example_dags/example_python_operator.py for tasks to queue
[2025-12-11T04:36:12.832+0000] {logging_mixin.py:188} INFO - [2025-12-11T04:36:12.831+0000] {dagbag.py:545} INFO - Filling up the DagBag from /home/airflow/.local/lib/python3.9/site-packages/airflow/example_dags/example_python_operator.py
[2025-12-11T04:36:12.848+0000] {processor.py:840} INFO - DAG(s) 'example_python_operator' retrieved from /home/airflow/.local/lib/python3.9/site-packages/airflow/example_dags/example_python_operator.py
[2025-12-11T04:36:12.887+0000] {logging_mixin.py:188} INFO - [2025-12-11T04:36:12.887+0000] {dag.py:3096} INFO - Sync 1 DAGs
[2025-12-11T04:36:12.910+0000] {logging_mixin.py:188} INFO - [2025-12-11T04:36:12.909+0000] {dag.py:3954} INFO - Setting next_dagrun for example_python_operator to None, run_after=None
[2025-12-11T04:36:12.961+0000] {processor.py:183} INFO - Processing /home/airflow/.local/lib/python3.9/site-packages/airflow/example_dags/example_python_operator.py took 0.143 seconds
[2025-12-11T04:36:43.339+0000] {processor.py:161} INFO - Started process (PID=2416) to work on /home/airflow/.local/lib/python3.9/site-packages/airflow/example_dags/example_python_operator.py
[2025-12-11T04:36:43.367+0000] {processor.py:830} INFO - Processing file /home/airflow/.local/lib/python3.9/site-packages/airflow/example_dags/example_python_operator.py for tasks to queue
[2025-12-11T04:36:43.370+0000] {logging_mixin.py:188} INFO - [2025-12-11T04:36:43.370+0000] {dagbag.py:545} INFO - Filling up the DagBag from /home/airflow/.local/lib/python3.9/site-packages/airflow/example_dags/example_python_operator.py
[2025-12-11T04:36:43.385+0000] {processor.py:840} INFO - DAG(s) 'example_python_operator' retrieved from /home/airflow/.local/lib/python3.9/site-packages/airflow/example_dags/example_python_operator.py
[2025-12-11T04:36:43.427+0000] {logging_mixin.py:188} INFO - [2025-12-11T04:36:43.426+0000] {dag.py:3096} INFO - Sync 1 DAGs
[2025-12-11T04:36:43.448+0000] {logging_mixin.py:188} INFO - [2025-12-11T04:36:43.448+0000] {dag.py:3954} INFO - Setting next_dagrun for example_python_operator to None, run_after=None
[2025-12-11T04:36:43.480+0000] {processor.py:183} INFO - Processing /home/airflow/.local/lib/python3.9/site-packages/airflow/example_dags/example_python_operator.py took 0.152 seconds
[2025-12-11T04:37:13.771+0000] {processor.py:161} INFO - Started process (PID=2483) to work on /home/airflow/.local/lib/python3.9/site-packages/airflow/example_dags/example_python_operator.py
[2025-12-11T04:37:13.802+0000] {processor.py:830} INFO - Processing file /home/airflow/.local/lib/python3.9/site-packages/airflow/example_dags/example_python_operator.py for tasks to queue
[2025-12-11T04:37:13.806+0000] {logging_mixin.py:188} INFO - [2025-12-11T04:37:13.805+0000] {dagbag.py:545} INFO - Filling up the DagBag from /home/airflow/.local/lib/python3.9/site-packages/airflow/example_dags/example_python_operator.py
[2025-12-11T04:37:13.823+0000] {processor.py:840} INFO - DAG(s) 'example_python_operator' retrieved from /home/airflow/.local/lib/python3.9/site-packages/airflow/example_dags/example_python_operator.py
[2025-12-11T04:37:13.866+0000] {logging_mixin.py:188} INFO - [2025-12-11T04:37:13.865+0000] {dag.py:3096} INFO - Sync 1 DAGs
[2025-12-11T04:37:13.886+0000] {logging_mixin.py:188} INFO - [2025-12-11T04:37:13.886+0000] {dag.py:3954} INFO - Setting next_dagrun for example_python_operator to None, run_after=None
[2025-12-11T04:37:13.987+0000] {processor.py:183} INFO - Processing /home/airflow/.local/lib/python3.9/site-packages/airflow/example_dags/example_python_operator.py took 0.227 seconds
[2025-12-11T04:37:44.780+0000] {processor.py:161} INFO - Started process (PID=2550) to work on /home/airflow/.local/lib/python3.9/site-packages/airflow/example_dags/example_python_operator.py
[2025-12-11T04:37:44.781+0000] {processor.py:830} INFO - Processing file /home/airflow/.local/lib/python3.9/site-packages/airflow/example_dags/example_python_operator.py for tasks to queue
[2025-12-11T04:37:44.784+0000] {logging_mixin.py:188} INFO - [2025-12-11T04:37:44.784+0000] {dagbag.py:545} INFO - Filling up the DagBag from /home/airflow/.local/lib/python3.9/site-packages/airflow/example_dags/example_python_operator.py
[2025-12-11T04:37:44.819+0000] {processor.py:840} INFO - DAG(s) 'example_python_operator' retrieved from /home/airflow/.local/lib/python3.9/site-packages/airflow/example_dags/example_python_operator.py
[2025-12-11T04:37:44.881+0000] {logging_mixin.py:188} INFO - [2025-12-11T04:37:44.880+0000] {dag.py:3096} INFO - Sync 1 DAGs
[2025-12-11T04:37:44.911+0000] {logging_mixin.py:188} INFO - [2025-12-11T04:37:44.911+0000] {dag.py:3954} INFO - Setting next_dagrun for example_python_operator to None, run_after=None
[2025-12-11T04:37:44.951+0000] {processor.py:183} INFO - Processing /home/airflow/.local/lib/python3.9/site-packages/airflow/example_dags/example_python_operator.py took 0.192 seconds
[2025-12-11T04:38:15.683+0000] {processor.py:161} INFO - Started process (PID=2617) to work on /home/airflow/.local/lib/python3.9/site-packages/airflow/example_dags/example_python_operator.py
[2025-12-11T04:38:15.738+0000] {processor.py:830} INFO - Processing file /home/airflow/.local/lib/python3.9/site-packages/airflow/example_dags/example_python_operator.py for tasks to queue
[2025-12-11T04:38:15.741+0000] {logging_mixin.py:188} INFO - [2025-12-11T04:38:15.740+0000] {dagbag.py:545} INFO - Filling up the DagBag from /home/airflow/.local/lib/python3.9/site-packages/airflow/example_dags/example_python_operator.py
[2025-12-11T04:38:15.762+0000] {processor.py:840} INFO - DAG(s) 'example_python_operator' retrieved from /home/airflow/.local/lib/python3.9/site-packages/airflow/example_dags/example_python_operator.py
[2025-12-11T04:38:15.808+0000] {logging_mixin.py:188} INFO - [2025-12-11T04:38:15.808+0000] {dag.py:3096} INFO - Sync 1 DAGs
[2025-12-11T04:38:15.831+0000] {logging_mixin.py:188} INFO - [2025-12-11T04:38:15.830+0000] {dag.py:3954} INFO - Setting next_dagrun for example_python_operator to None, run_after=None
[2025-12-11T04:38:15.959+0000] {processor.py:183} INFO - Processing /home/airflow/.local/lib/python3.9/site-packages/airflow/example_dags/example_python_operator.py took 0.318 seconds
[2025-12-11T04:38:46.986+0000] {processor.py:161} INFO - Started process (PID=2684) to work on /home/airflow/.local/lib/python3.9/site-packages/airflow/example_dags/example_python_operator.py
[2025-12-11T04:38:46.988+0000] {processor.py:830} INFO - Processing file /home/airflow/.local/lib/python3.9/site-packages/airflow/example_dags/example_python_operator.py for tasks to queue
[2025-12-11T04:38:46.999+0000] {logging_mixin.py:188} INFO - [2025-12-11T04:38:46.998+0000] {dagbag.py:545} INFO - Filling up the DagBag from /home/airflow/.local/lib/python3.9/site-packages/airflow/example_dags/example_python_operator.py
[2025-12-11T04:38:47.039+0000] {processor.py:840} INFO - DAG(s) 'example_python_operator' retrieved from /home/airflow/.local/lib/python3.9/site-packages/airflow/example_dags/example_python_operator.py
[2025-12-11T04:38:47.123+0000] {logging_mixin.py:188} INFO - [2025-12-11T04:38:47.123+0000] {dag.py:3096} INFO - Sync 1 DAGs
[2025-12-11T04:38:47.178+0000] {logging_mixin.py:188} INFO - [2025-12-11T04:38:47.177+0000] {dag.py:3954} INFO - Setting next_dagrun for example_python_operator to None, run_after=None
[2025-12-11T04:38:47.226+0000] {processor.py:183} INFO - Processing /home/airflow/.local/lib/python3.9/site-packages/airflow/example_dags/example_python_operator.py took 0.256 seconds
[2025-12-11T04:39:17.726+0000] {processor.py:161} INFO - Started process (PID=2751) to work on /home/airflow/.local/lib/python3.9/site-packages/airflow/example_dags/example_python_operator.py
[2025-12-11T04:39:17.728+0000] {processor.py:830} INFO - Processing file /home/airflow/.local/lib/python3.9/site-packages/airflow/example_dags/example_python_operator.py for tasks to queue
[2025-12-11T04:39:17.730+0000] {logging_mixin.py:188} INFO - [2025-12-11T04:39:17.730+0000] {dagbag.py:545} INFO - Filling up the DagBag from /home/airflow/.local/lib/python3.9/site-packages/airflow/example_dags/example_python_operator.py
[2025-12-11T04:39:17.747+0000] {processor.py:840} INFO - DAG(s) 'example_python_operator' retrieved from /home/airflow/.local/lib/python3.9/site-packages/airflow/example_dags/example_python_operator.py
[2025-12-11T04:39:17.789+0000] {logging_mixin.py:188} INFO - [2025-12-11T04:39:17.789+0000] {dag.py:3096} INFO - Sync 1 DAGs
[2025-12-11T04:39:17.809+0000] {logging_mixin.py:188} INFO - [2025-12-11T04:39:17.809+0000] {dag.py:3954} INFO - Setting next_dagrun for example_python_operator to None, run_after=None
[2025-12-11T04:39:17.839+0000] {processor.py:183} INFO - Processing /home/airflow/.local/lib/python3.9/site-packages/airflow/example_dags/example_python_operator.py took 0.122 seconds
[2025-12-11T04:39:48.701+0000] {processor.py:161} INFO - Started process (PID=2817) to work on /home/airflow/.local/lib/python3.9/site-packages/airflow/example_dags/example_python_operator.py
[2025-12-11T04:39:48.703+0000] {processor.py:830} INFO - Processing file /home/airflow/.local/lib/python3.9/site-packages/airflow/example_dags/example_python_operator.py for tasks to queue
[2025-12-11T04:39:48.706+0000] {logging_mixin.py:188} INFO - [2025-12-11T04:39:48.706+0000] {dagbag.py:545} INFO - Filling up the DagBag from /home/airflow/.local/lib/python3.9/site-packages/airflow/example_dags/example_python_operator.py
[2025-12-11T04:39:48.743+0000] {processor.py:840} INFO - DAG(s) 'example_python_operator' retrieved from /home/airflow/.local/lib/python3.9/site-packages/airflow/example_dags/example_python_operator.py
[2025-12-11T04:39:48.812+0000] {logging_mixin.py:188} INFO - [2025-12-11T04:39:48.812+0000] {dag.py:3096} INFO - Sync 1 DAGs
[2025-12-11T04:39:48.841+0000] {logging_mixin.py:188} INFO - [2025-12-11T04:39:48.840+0000] {dag.py:3954} INFO - Setting next_dagrun for example_python_operator to None, run_after=None
[2025-12-11T04:39:48.897+0000] {processor.py:183} INFO - Processing /home/airflow/.local/lib/python3.9/site-packages/airflow/example_dags/example_python_operator.py took 0.218 seconds
[2025-12-11T04:40:19.668+0000] {processor.py:161} INFO - Started process (PID=2884) to work on /home/airflow/.local/lib/python3.9/site-packages/airflow/example_dags/example_python_operator.py
[2025-12-11T04:40:19.677+0000] {processor.py:830} INFO - Processing file /home/airflow/.local/lib/python3.9/site-packages/airflow/example_dags/example_python_operator.py for tasks to queue
[2025-12-11T04:40:19.680+0000] {logging_mixin.py:188} INFO - [2025-12-11T04:40:19.679+0000] {dagbag.py:545} INFO - Filling up the DagBag from /home/airflow/.local/lib/python3.9/site-packages/airflow/example_dags/example_python_operator.py
[2025-12-11T04:40:19.707+0000] {processor.py:840} INFO - DAG(s) 'example_python_operator' retrieved from /home/airflow/.local/lib/python3.9/site-packages/airflow/example_dags/example_python_operator.py
[2025-12-11T04:40:19.766+0000] {logging_mixin.py:188} INFO - [2025-12-11T04:40:19.766+0000] {dag.py:3096} INFO - Sync 1 DAGs
[2025-12-11T04:40:19.798+0000] {logging_mixin.py:188} INFO - [2025-12-11T04:40:19.797+0000] {dag.py:3954} INFO - Setting next_dagrun for example_python_operator to None, run_after=None
[2025-12-11T04:40:19.846+0000] {processor.py:183} INFO - Processing /home/airflow/.local/lib/python3.9/site-packages/airflow/example_dags/example_python_operator.py took 0.189 seconds
[2025-12-11T04:40:50.164+0000] {processor.py:161} INFO - Started process (PID=2951) to work on /home/airflow/.local/lib/python3.9/site-packages/airflow/example_dags/example_python_operator.py
[2025-12-11T04:40:50.166+0000] {processor.py:830} INFO - Processing file /home/airflow/.local/lib/python3.9/site-packages/airflow/example_dags/example_python_operator.py for tasks to queue
[2025-12-11T04:40:50.178+0000] {logging_mixin.py:188} INFO - [2025-12-11T04:40:50.177+0000] {dagbag.py:545} INFO - Filling up the DagBag from /home/airflow/.local/lib/python3.9/site-packages/airflow/example_dags/example_python_operator.py
[2025-12-11T04:40:50.217+0000] {processor.py:840} INFO - DAG(s) 'example_python_operator' retrieved from /home/airflow/.local/lib/python3.9/site-packages/airflow/example_dags/example_python_operator.py
[2025-12-11T04:40:50.326+0000] {logging_mixin.py:188} INFO - [2025-12-11T04:40:50.325+0000] {dag.py:3096} INFO - Sync 1 DAGs
[2025-12-11T04:40:50.470+0000] {logging_mixin.py:188} INFO - [2025-12-11T04:40:50.470+0000] {dag.py:3954} INFO - Setting next_dagrun for example_python_operator to None, run_after=None
[2025-12-11T04:40:50.557+0000] {processor.py:183} INFO - Processing /home/airflow/.local/lib/python3.9/site-packages/airflow/example_dags/example_python_operator.py took 0.408 seconds
[2025-12-11T04:41:20.742+0000] {processor.py:161} INFO - Started process (PID=3016) to work on /home/airflow/.local/lib/python3.9/site-packages/airflow/example_dags/example_python_operator.py
[2025-12-11T04:41:20.746+0000] {processor.py:830} INFO - Processing file /home/airflow/.local/lib/python3.9/site-packages/airflow/example_dags/example_python_operator.py for tasks to queue
[2025-12-11T04:41:20.750+0000] {logging_mixin.py:188} INFO - [2025-12-11T04:41:20.749+0000] {dagbag.py:545} INFO - Filling up the DagBag from /home/airflow/.local/lib/python3.9/site-packages/airflow/example_dags/example_python_operator.py
[2025-12-11T04:41:20.772+0000] {processor.py:840} INFO - DAG(s) 'example_python_operator' retrieved from /home/airflow/.local/lib/python3.9/site-packages/airflow/example_dags/example_python_operator.py
[2025-12-11T04:41:21.323+0000] {logging_mixin.py:188} INFO - [2025-12-11T04:41:21.323+0000] {dag.py:3096} INFO - Sync 1 DAGs
[2025-12-11T04:41:21.364+0000] {logging_mixin.py:188} INFO - [2025-12-11T04:41:21.363+0000] {dag.py:3954} INFO - Setting next_dagrun for example_python_operator to None, run_after=None
[2025-12-11T04:41:21.418+0000] {processor.py:183} INFO - Processing /home/airflow/.local/lib/python3.9/site-packages/airflow/example_dags/example_python_operator.py took 0.695 seconds
[2025-12-11T04:41:51.924+0000] {processor.py:161} INFO - Started process (PID=3084) to work on /home/airflow/.local/lib/python3.9/site-packages/airflow/example_dags/example_python_operator.py
[2025-12-11T04:41:51.926+0000] {processor.py:830} INFO - Processing file /home/airflow/.local/lib/python3.9/site-packages/airflow/example_dags/example_python_operator.py for tasks to queue
[2025-12-11T04:41:51.928+0000] {logging_mixin.py:188} INFO - [2025-12-11T04:41:51.928+0000] {dagbag.py:545} INFO - Filling up the DagBag from /home/airflow/.local/lib/python3.9/site-packages/airflow/example_dags/example_python_operator.py
[2025-12-11T04:41:51.947+0000] {processor.py:840} INFO - DAG(s) 'example_python_operator' retrieved from /home/airflow/.local/lib/python3.9/site-packages/airflow/example_dags/example_python_operator.py
[2025-12-11T04:41:52.007+0000] {logging_mixin.py:188} INFO - [2025-12-11T04:41:52.006+0000] {dag.py:3096} INFO - Sync 1 DAGs
[2025-12-11T04:41:52.403+0000] {logging_mixin.py:188} INFO - [2025-12-11T04:41:52.403+0000] {dag.py:3954} INFO - Setting next_dagrun for example_python_operator to None, run_after=None
[2025-12-11T04:41:52.442+0000] {processor.py:183} INFO - Processing /home/airflow/.local/lib/python3.9/site-packages/airflow/example_dags/example_python_operator.py took 0.536 seconds
[2025-12-11T04:42:23.148+0000] {processor.py:161} INFO - Started process (PID=3151) to work on /home/airflow/.local/lib/python3.9/site-packages/airflow/example_dags/example_python_operator.py
[2025-12-11T04:42:23.161+0000] {processor.py:830} INFO - Processing file /home/airflow/.local/lib/python3.9/site-packages/airflow/example_dags/example_python_operator.py for tasks to queue
[2025-12-11T04:42:23.164+0000] {logging_mixin.py:188} INFO - [2025-12-11T04:42:23.164+0000] {dagbag.py:545} INFO - Filling up the DagBag from /home/airflow/.local/lib/python3.9/site-packages/airflow/example_dags/example_python_operator.py
[2025-12-11T04:42:23.185+0000] {processor.py:840} INFO - DAG(s) 'example_python_operator' retrieved from /home/airflow/.local/lib/python3.9/site-packages/airflow/example_dags/example_python_operator.py
[2025-12-11T04:42:23.260+0000] {logging_mixin.py:188} INFO - [2025-12-11T04:42:23.260+0000] {dag.py:3096} INFO - Sync 1 DAGs
[2025-12-11T04:42:23.299+0000] {logging_mixin.py:188} INFO - [2025-12-11T04:42:23.298+0000] {dag.py:3954} INFO - Setting next_dagrun for example_python_operator to None, run_after=None
[2025-12-11T04:42:23.725+0000] {processor.py:183} INFO - Processing /home/airflow/.local/lib/python3.9/site-packages/airflow/example_dags/example_python_operator.py took 0.588 seconds
[2025-12-11T04:42:53.900+0000] {processor.py:161} INFO - Started process (PID=3218) to work on /home/airflow/.local/lib/python3.9/site-packages/airflow/example_dags/example_python_operator.py
[2025-12-11T04:42:53.902+0000] {processor.py:830} INFO - Processing file /home/airflow/.local/lib/python3.9/site-packages/airflow/example_dags/example_python_operator.py for tasks to queue
[2025-12-11T04:42:53.905+0000] {logging_mixin.py:188} INFO - [2025-12-11T04:42:53.905+0000] {dagbag.py:545} INFO - Filling up the DagBag from /home/airflow/.local/lib/python3.9/site-packages/airflow/example_dags/example_python_operator.py
[2025-12-11T04:42:53.941+0000] {processor.py:840} INFO - DAG(s) 'example_python_operator' retrieved from /home/airflow/.local/lib/python3.9/site-packages/airflow/example_dags/example_python_operator.py
[2025-12-11T04:42:54.003+0000] {logging_mixin.py:188} INFO - [2025-12-11T04:42:54.002+0000] {dag.py:3096} INFO - Sync 1 DAGs
[2025-12-11T04:42:54.043+0000] {logging_mixin.py:188} INFO - [2025-12-11T04:42:54.042+0000] {dag.py:3954} INFO - Setting next_dagrun for example_python_operator to None, run_after=None
[2025-12-11T04:42:54.088+0000] {processor.py:183} INFO - Processing /home/airflow/.local/lib/python3.9/site-packages/airflow/example_dags/example_python_operator.py took 0.206 seconds
[2025-12-11T04:43:24.185+0000] {processor.py:161} INFO - Started process (PID=3285) to work on /home/airflow/.local/lib/python3.9/site-packages/airflow/example_dags/example_python_operator.py
[2025-12-11T04:43:24.187+0000] {processor.py:830} INFO - Processing file /home/airflow/.local/lib/python3.9/site-packages/airflow/example_dags/example_python_operator.py for tasks to queue
[2025-12-11T04:43:24.190+0000] {logging_mixin.py:188} INFO - [2025-12-11T04:43:24.190+0000] {dagbag.py:545} INFO - Filling up the DagBag from /home/airflow/.local/lib/python3.9/site-packages/airflow/example_dags/example_python_operator.py
[2025-12-11T04:43:24.208+0000] {processor.py:840} INFO - DAG(s) 'example_python_operator' retrieved from /home/airflow/.local/lib/python3.9/site-packages/airflow/example_dags/example_python_operator.py
[2025-12-11T04:43:24.264+0000] {logging_mixin.py:188} INFO - [2025-12-11T04:43:24.264+0000] {dag.py:3096} INFO - Sync 1 DAGs
[2025-12-11T04:43:24.296+0000] {logging_mixin.py:188} INFO - [2025-12-11T04:43:24.295+0000] {dag.py:3954} INFO - Setting next_dagrun for example_python_operator to None, run_after=None
[2025-12-11T04:43:24.326+0000] {processor.py:183} INFO - Processing /home/airflow/.local/lib/python3.9/site-packages/airflow/example_dags/example_python_operator.py took 0.157 seconds
[2025-12-11T04:43:54.561+0000] {processor.py:161} INFO - Started process (PID=3352) to work on /home/airflow/.local/lib/python3.9/site-packages/airflow/example_dags/example_python_operator.py
[2025-12-11T04:43:54.563+0000] {processor.py:830} INFO - Processing file /home/airflow/.local/lib/python3.9/site-packages/airflow/example_dags/example_python_operator.py for tasks to queue
[2025-12-11T04:43:54.566+0000] {logging_mixin.py:188} INFO - [2025-12-11T04:43:54.566+0000] {dagbag.py:545} INFO - Filling up the DagBag from /home/airflow/.local/lib/python3.9/site-packages/airflow/example_dags/example_python_operator.py
[2025-12-11T04:43:54.585+0000] {processor.py:840} INFO - DAG(s) 'example_python_operator' retrieved from /home/airflow/.local/lib/python3.9/site-packages/airflow/example_dags/example_python_operator.py
[2025-12-11T04:43:54.631+0000] {logging_mixin.py:188} INFO - [2025-12-11T04:43:54.630+0000] {dag.py:3096} INFO - Sync 1 DAGs
[2025-12-11T04:43:54.653+0000] {logging_mixin.py:188} INFO - [2025-12-11T04:43:54.653+0000] {dag.py:3954} INFO - Setting next_dagrun for example_python_operator to None, run_after=None
[2025-12-11T04:43:54.684+0000] {processor.py:183} INFO - Processing /home/airflow/.local/lib/python3.9/site-packages/airflow/example_dags/example_python_operator.py took 0.135 seconds
[2025-12-11T04:44:25.108+0000] {processor.py:161} INFO - Started process (PID=3419) to work on /home/airflow/.local/lib/python3.9/site-packages/airflow/example_dags/example_python_operator.py
[2025-12-11T04:44:25.110+0000] {processor.py:830} INFO - Processing file /home/airflow/.local/lib/python3.9/site-packages/airflow/example_dags/example_python_operator.py for tasks to queue
[2025-12-11T04:44:25.117+0000] {logging_mixin.py:188} INFO - [2025-12-11T04:44:25.117+0000] {dagbag.py:545} INFO - Filling up the DagBag from /home/airflow/.local/lib/python3.9/site-packages/airflow/example_dags/example_python_operator.py
[2025-12-11T04:44:25.138+0000] {processor.py:840} INFO - DAG(s) 'example_python_operator' retrieved from /home/airflow/.local/lib/python3.9/site-packages/airflow/example_dags/example_python_operator.py
[2025-12-11T04:44:25.192+0000] {logging_mixin.py:188} INFO - [2025-12-11T04:44:25.192+0000] {dag.py:3096} INFO - Sync 1 DAGs
[2025-12-11T04:44:25.213+0000] {logging_mixin.py:188} INFO - [2025-12-11T04:44:25.212+0000] {dag.py:3954} INFO - Setting next_dagrun for example_python_operator to None, run_after=None
[2025-12-11T04:44:25.241+0000] {processor.py:183} INFO - Processing /home/airflow/.local/lib/python3.9/site-packages/airflow/example_dags/example_python_operator.py took 0.144 seconds
[2025-12-11T04:44:56.353+0000] {processor.py:161} INFO - Started process (PID=3487) to work on /home/airflow/.local/lib/python3.9/site-packages/airflow/example_dags/example_python_operator.py
[2025-12-11T04:44:56.378+0000] {processor.py:830} INFO - Processing file /home/airflow/.local/lib/python3.9/site-packages/airflow/example_dags/example_python_operator.py for tasks to queue
[2025-12-11T04:44:56.381+0000] {logging_mixin.py:188} INFO - [2025-12-11T04:44:56.380+0000] {dagbag.py:545} INFO - Filling up the DagBag from /home/airflow/.local/lib/python3.9/site-packages/airflow/example_dags/example_python_operator.py
[2025-12-11T04:44:56.397+0000] {processor.py:840} INFO - DAG(s) 'example_python_operator' retrieved from /home/airflow/.local/lib/python3.9/site-packages/airflow/example_dags/example_python_operator.py
[2025-12-11T04:44:56.445+0000] {logging_mixin.py:188} INFO - [2025-12-11T04:44:56.445+0000] {dag.py:3096} INFO - Sync 1 DAGs
[2025-12-11T04:44:56.483+0000] {logging_mixin.py:188} INFO - [2025-12-11T04:44:56.483+0000] {dag.py:3954} INFO - Setting next_dagrun for example_python_operator to None, run_after=None
[2025-12-11T04:44:56.795+0000] {processor.py:183} INFO - Processing /home/airflow/.local/lib/python3.9/site-packages/airflow/example_dags/example_python_operator.py took 0.454 seconds
[2025-12-11T04:45:27.627+0000] {processor.py:161} INFO - Started process (PID=3554) to work on /home/airflow/.local/lib/python3.9/site-packages/airflow/example_dags/example_python_operator.py
[2025-12-11T04:45:27.641+0000] {processor.py:830} INFO - Processing file /home/airflow/.local/lib/python3.9/site-packages/airflow/example_dags/example_python_operator.py for tasks to queue
[2025-12-11T04:45:27.645+0000] {logging_mixin.py:188} INFO - [2025-12-11T04:45:27.644+0000] {dagbag.py:545} INFO - Filling up the DagBag from /home/airflow/.local/lib/python3.9/site-packages/airflow/example_dags/example_python_operator.py
[2025-12-11T04:45:27.672+0000] {processor.py:840} INFO - DAG(s) 'example_python_operator' retrieved from /home/airflow/.local/lib/python3.9/site-packages/airflow/example_dags/example_python_operator.py
[2025-12-11T04:45:27.746+0000] {logging_mixin.py:188} INFO - [2025-12-11T04:45:27.745+0000] {dag.py:3096} INFO - Sync 1 DAGs
[2025-12-11T04:45:27.779+0000] {logging_mixin.py:188} INFO - [2025-12-11T04:45:27.778+0000] {dag.py:3954} INFO - Setting next_dagrun for example_python_operator to None, run_after=None
[2025-12-11T04:45:28.050+0000] {processor.py:183} INFO - Processing /home/airflow/.local/lib/python3.9/site-packages/airflow/example_dags/example_python_operator.py took 0.433 seconds
[2025-12-11T04:45:58.362+0000] {processor.py:161} INFO - Started process (PID=3622) to work on /home/airflow/.local/lib/python3.9/site-packages/airflow/example_dags/example_python_operator.py
[2025-12-11T04:45:58.417+0000] {processor.py:830} INFO - Processing file /home/airflow/.local/lib/python3.9/site-packages/airflow/example_dags/example_python_operator.py for tasks to queue
[2025-12-11T04:45:58.421+0000] {logging_mixin.py:188} INFO - [2025-12-11T04:45:58.420+0000] {dagbag.py:545} INFO - Filling up the DagBag from /home/airflow/.local/lib/python3.9/site-packages/airflow/example_dags/example_python_operator.py
[2025-12-11T04:45:58.445+0000] {processor.py:840} INFO - DAG(s) 'example_python_operator' retrieved from /home/airflow/.local/lib/python3.9/site-packages/airflow/example_dags/example_python_operator.py
[2025-12-11T04:45:58.526+0000] {logging_mixin.py:188} INFO - [2025-12-11T04:45:58.526+0000] {dag.py:3096} INFO - Sync 1 DAGs
[2025-12-11T04:45:58.551+0000] {logging_mixin.py:188} INFO - [2025-12-11T04:45:58.551+0000] {dag.py:3954} INFO - Setting next_dagrun for example_python_operator to None, run_after=None
[2025-12-11T04:45:58.638+0000] {processor.py:183} INFO - Processing /home/airflow/.local/lib/python3.9/site-packages/airflow/example_dags/example_python_operator.py took 0.295 seconds
[2025-12-11T04:46:29.306+0000] {processor.py:161} INFO - Started process (PID=3689) to work on /home/airflow/.local/lib/python3.9/site-packages/airflow/example_dags/example_python_operator.py
[2025-12-11T04:46:29.317+0000] {processor.py:830} INFO - Processing file /home/airflow/.local/lib/python3.9/site-packages/airflow/example_dags/example_python_operator.py for tasks to queue
[2025-12-11T04:46:29.319+0000] {logging_mixin.py:188} INFO - [2025-12-11T04:46:29.319+0000] {dagbag.py:545} INFO - Filling up the DagBag from /home/airflow/.local/lib/python3.9/site-packages/airflow/example_dags/example_python_operator.py
[2025-12-11T04:46:29.357+0000] {processor.py:840} INFO - DAG(s) 'example_python_operator' retrieved from /home/airflow/.local/lib/python3.9/site-packages/airflow/example_dags/example_python_operator.py
[2025-12-11T04:46:29.444+0000] {logging_mixin.py:188} INFO - [2025-12-11T04:46:29.444+0000] {dag.py:3096} INFO - Sync 1 DAGs
[2025-12-11T04:46:29.497+0000] {logging_mixin.py:188} INFO - [2025-12-11T04:46:29.488+0000] {dag.py:3954} INFO - Setting next_dagrun for example_python_operator to None, run_after=None
[2025-12-11T04:46:29.565+0000] {processor.py:183} INFO - Processing /home/airflow/.local/lib/python3.9/site-packages/airflow/example_dags/example_python_operator.py took 0.280 seconds
[2025-12-11T04:47:00.196+0000] {processor.py:161} INFO - Started process (PID=3756) to work on /home/airflow/.local/lib/python3.9/site-packages/airflow/example_dags/example_python_operator.py
[2025-12-11T04:47:00.197+0000] {processor.py:830} INFO - Processing file /home/airflow/.local/lib/python3.9/site-packages/airflow/example_dags/example_python_operator.py for tasks to queue
[2025-12-11T04:47:00.200+0000] {logging_mixin.py:188} INFO - [2025-12-11T04:47:00.199+0000] {dagbag.py:545} INFO - Filling up the DagBag from /home/airflow/.local/lib/python3.9/site-packages/airflow/example_dags/example_python_operator.py
[2025-12-11T04:47:00.218+0000] {processor.py:840} INFO - DAG(s) 'example_python_operator' retrieved from /home/airflow/.local/lib/python3.9/site-packages/airflow/example_dags/example_python_operator.py
[2025-12-11T04:47:00.264+0000] {logging_mixin.py:188} INFO - [2025-12-11T04:47:00.263+0000] {dag.py:3096} INFO - Sync 1 DAGs
[2025-12-11T04:47:00.287+0000] {logging_mixin.py:188} INFO - [2025-12-11T04:47:00.287+0000] {dag.py:3954} INFO - Setting next_dagrun for example_python_operator to None, run_after=None
[2025-12-11T04:47:00.318+0000] {processor.py:183} INFO - Processing /home/airflow/.local/lib/python3.9/site-packages/airflow/example_dags/example_python_operator.py took 0.133 seconds
[2025-12-11T04:47:31.127+0000] {processor.py:161} INFO - Started process (PID=3830) to work on /home/airflow/.local/lib/python3.9/site-packages/airflow/example_dags/example_python_operator.py
[2025-12-11T04:47:31.137+0000] {processor.py:830} INFO - Processing file /home/airflow/.local/lib/python3.9/site-packages/airflow/example_dags/example_python_operator.py for tasks to queue
[2025-12-11T04:47:31.140+0000] {logging_mixin.py:188} INFO - [2025-12-11T04:47:31.139+0000] {dagbag.py:545} INFO - Filling up the DagBag from /home/airflow/.local/lib/python3.9/site-packages/airflow/example_dags/example_python_operator.py
[2025-12-11T04:47:31.164+0000] {processor.py:840} INFO - DAG(s) 'example_python_operator' retrieved from /home/airflow/.local/lib/python3.9/site-packages/airflow/example_dags/example_python_operator.py
[2025-12-11T04:47:31.239+0000] {logging_mixin.py:188} INFO - [2025-12-11T04:47:31.238+0000] {dag.py:3096} INFO - Sync 1 DAGs
[2025-12-11T04:47:31.286+0000] {logging_mixin.py:188} INFO - [2025-12-11T04:47:31.286+0000] {dag.py:3954} INFO - Setting next_dagrun for example_python_operator to None, run_after=None
[2025-12-11T04:47:31.428+0000] {processor.py:183} INFO - Processing /home/airflow/.local/lib/python3.9/site-packages/airflow/example_dags/example_python_operator.py took 0.311 seconds
[2025-12-11T04:48:01.533+0000] {processor.py:161} INFO - Started process (PID=3897) to work on /home/airflow/.local/lib/python3.9/site-packages/airflow/example_dags/example_python_operator.py
[2025-12-11T04:48:01.541+0000] {processor.py:830} INFO - Processing file /home/airflow/.local/lib/python3.9/site-packages/airflow/example_dags/example_python_operator.py for tasks to queue
[2025-12-11T04:48:01.543+0000] {logging_mixin.py:188} INFO - [2025-12-11T04:48:01.543+0000] {dagbag.py:545} INFO - Filling up the DagBag from /home/airflow/.local/lib/python3.9/site-packages/airflow/example_dags/example_python_operator.py
[2025-12-11T04:48:01.565+0000] {processor.py:840} INFO - DAG(s) 'example_python_operator' retrieved from /home/airflow/.local/lib/python3.9/site-packages/airflow/example_dags/example_python_operator.py
[2025-12-11T04:48:01.628+0000] {logging_mixin.py:188} INFO - [2025-12-11T04:48:01.628+0000] {dag.py:3096} INFO - Sync 1 DAGs
[2025-12-11T04:48:01.668+0000] {logging_mixin.py:188} INFO - [2025-12-11T04:48:01.667+0000] {dag.py:3954} INFO - Setting next_dagrun for example_python_operator to None, run_after=None
[2025-12-11T04:48:01.721+0000] {processor.py:183} INFO - Processing /home/airflow/.local/lib/python3.9/site-packages/airflow/example_dags/example_python_operator.py took 0.199 seconds
[2025-12-11T04:48:32.039+0000] {processor.py:161} INFO - Started process (PID=3964) to work on /home/airflow/.local/lib/python3.9/site-packages/airflow/example_dags/example_python_operator.py
[2025-12-11T04:48:32.067+0000] {processor.py:830} INFO - Processing file /home/airflow/.local/lib/python3.9/site-packages/airflow/example_dags/example_python_operator.py for tasks to queue
[2025-12-11T04:48:32.070+0000] {logging_mixin.py:188} INFO - [2025-12-11T04:48:32.070+0000] {dagbag.py:545} INFO - Filling up the DagBag from /home/airflow/.local/lib/python3.9/site-packages/airflow/example_dags/example_python_operator.py
[2025-12-11T04:48:32.092+0000] {processor.py:840} INFO - DAG(s) 'example_python_operator' retrieved from /home/airflow/.local/lib/python3.9/site-packages/airflow/example_dags/example_python_operator.py
[2025-12-11T04:48:32.146+0000] {logging_mixin.py:188} INFO - [2025-12-11T04:48:32.145+0000] {dag.py:3096} INFO - Sync 1 DAGs
[2025-12-11T04:48:32.194+0000] {logging_mixin.py:188} INFO - [2025-12-11T04:48:32.193+0000] {dag.py:3954} INFO - Setting next_dagrun for example_python_operator to None, run_after=None
[2025-12-11T04:48:32.329+0000] {processor.py:183} INFO - Processing /home/airflow/.local/lib/python3.9/site-packages/airflow/example_dags/example_python_operator.py took 0.328 seconds
[2025-12-11T04:49:02.985+0000] {processor.py:161} INFO - Started process (PID=4031) to work on /home/airflow/.local/lib/python3.9/site-packages/airflow/example_dags/example_python_operator.py
[2025-12-11T04:49:02.987+0000] {processor.py:830} INFO - Processing file /home/airflow/.local/lib/python3.9/site-packages/airflow/example_dags/example_python_operator.py for tasks to queue
[2025-12-11T04:49:02.997+0000] {logging_mixin.py:188} INFO - [2025-12-11T04:49:02.997+0000] {dagbag.py:545} INFO - Filling up the DagBag from /home/airflow/.local/lib/python3.9/site-packages/airflow/example_dags/example_python_operator.py
[2025-12-11T04:49:03.025+0000] {processor.py:840} INFO - DAG(s) 'example_python_operator' retrieved from /home/airflow/.local/lib/python3.9/site-packages/airflow/example_dags/example_python_operator.py
[2025-12-11T04:49:03.097+0000] {logging_mixin.py:188} INFO - [2025-12-11T04:49:03.092+0000] {dag.py:3096} INFO - Sync 1 DAGs
[2025-12-11T04:49:03.124+0000] {logging_mixin.py:188} INFO - [2025-12-11T04:49:03.124+0000] {dag.py:3954} INFO - Setting next_dagrun for example_python_operator to None, run_after=None
[2025-12-11T04:49:03.179+0000] {processor.py:183} INFO - Processing /home/airflow/.local/lib/python3.9/site-packages/airflow/example_dags/example_python_operator.py took 0.217 seconds
[2025-12-11T04:49:33.840+0000] {processor.py:161} INFO - Started process (PID=4098) to work on /home/airflow/.local/lib/python3.9/site-packages/airflow/example_dags/example_python_operator.py
[2025-12-11T04:49:33.842+0000] {processor.py:830} INFO - Processing file /home/airflow/.local/lib/python3.9/site-packages/airflow/example_dags/example_python_operator.py for tasks to queue
[2025-12-11T04:49:33.844+0000] {logging_mixin.py:188} INFO - [2025-12-11T04:49:33.844+0000] {dagbag.py:545} INFO - Filling up the DagBag from /home/airflow/.local/lib/python3.9/site-packages/airflow/example_dags/example_python_operator.py
[2025-12-11T04:49:33.869+0000] {processor.py:840} INFO - DAG(s) 'example_python_operator' retrieved from /home/airflow/.local/lib/python3.9/site-packages/airflow/example_dags/example_python_operator.py
[2025-12-11T04:49:33.940+0000] {logging_mixin.py:188} INFO - [2025-12-11T04:49:33.940+0000] {dag.py:3096} INFO - Sync 1 DAGs
[2025-12-11T04:49:33.969+0000] {logging_mixin.py:188} INFO - [2025-12-11T04:49:33.969+0000] {dag.py:3954} INFO - Setting next_dagrun for example_python_operator to None, run_after=None
[2025-12-11T04:49:34.024+0000] {processor.py:183} INFO - Processing /home/airflow/.local/lib/python3.9/site-packages/airflow/example_dags/example_python_operator.py took 0.200 seconds
[2025-12-11T04:50:04.708+0000] {processor.py:161} INFO - Started process (PID=4163) to work on /home/airflow/.local/lib/python3.9/site-packages/airflow/example_dags/example_python_operator.py
[2025-12-11T04:50:04.710+0000] {processor.py:830} INFO - Processing file /home/airflow/.local/lib/python3.9/site-packages/airflow/example_dags/example_python_operator.py for tasks to queue
[2025-12-11T04:50:04.718+0000] {logging_mixin.py:188} INFO - [2025-12-11T04:50:04.718+0000] {dagbag.py:545} INFO - Filling up the DagBag from /home/airflow/.local/lib/python3.9/site-packages/airflow/example_dags/example_python_operator.py
[2025-12-11T04:50:04.745+0000] {processor.py:840} INFO - DAG(s) 'example_python_operator' retrieved from /home/airflow/.local/lib/python3.9/site-packages/airflow/example_dags/example_python_operator.py
[2025-12-11T04:50:04.800+0000] {logging_mixin.py:188} INFO - [2025-12-11T04:50:04.799+0000] {dag.py:3096} INFO - Sync 1 DAGs
[2025-12-11T04:50:04.823+0000] {logging_mixin.py:188} INFO - [2025-12-11T04:50:04.823+0000] {dag.py:3954} INFO - Setting next_dagrun for example_python_operator to None, run_after=None
[2025-12-11T04:50:04.857+0000] {processor.py:183} INFO - Processing /home/airflow/.local/lib/python3.9/site-packages/airflow/example_dags/example_python_operator.py took 0.160 seconds
[2025-12-11T04:50:35.506+0000] {processor.py:161} INFO - Started process (PID=4230) to work on /home/airflow/.local/lib/python3.9/site-packages/airflow/example_dags/example_python_operator.py
[2025-12-11T04:50:35.508+0000] {processor.py:830} INFO - Processing file /home/airflow/.local/lib/python3.9/site-packages/airflow/example_dags/example_python_operator.py for tasks to queue
[2025-12-11T04:50:35.510+0000] {logging_mixin.py:188} INFO - [2025-12-11T04:50:35.510+0000] {dagbag.py:545} INFO - Filling up the DagBag from /home/airflow/.local/lib/python3.9/site-packages/airflow/example_dags/example_python_operator.py
[2025-12-11T04:50:35.528+0000] {processor.py:840} INFO - DAG(s) 'example_python_operator' retrieved from /home/airflow/.local/lib/python3.9/site-packages/airflow/example_dags/example_python_operator.py
[2025-12-11T04:50:35.570+0000] {logging_mixin.py:188} INFO - [2025-12-11T04:50:35.570+0000] {dag.py:3096} INFO - Sync 1 DAGs
[2025-12-11T04:50:35.590+0000] {logging_mixin.py:188} INFO - [2025-12-11T04:50:35.590+0000] {dag.py:3954} INFO - Setting next_dagrun for example_python_operator to None, run_after=None
[2025-12-11T04:50:35.620+0000] {processor.py:183} INFO - Processing /home/airflow/.local/lib/python3.9/site-packages/airflow/example_dags/example_python_operator.py took 0.129 seconds
[2025-12-11T04:51:06.404+0000] {processor.py:161} INFO - Started process (PID=4297) to work on /home/airflow/.local/lib/python3.9/site-packages/airflow/example_dags/example_python_operator.py
[2025-12-11T04:51:06.409+0000] {processor.py:830} INFO - Processing file /home/airflow/.local/lib/python3.9/site-packages/airflow/example_dags/example_python_operator.py for tasks to queue
[2025-12-11T04:51:06.412+0000] {logging_mixin.py:188} INFO - [2025-12-11T04:51:06.412+0000] {dagbag.py:545} INFO - Filling up the DagBag from /home/airflow/.local/lib/python3.9/site-packages/airflow/example_dags/example_python_operator.py
[2025-12-11T04:51:06.429+0000] {processor.py:840} INFO - DAG(s) 'example_python_operator' retrieved from /home/airflow/.local/lib/python3.9/site-packages/airflow/example_dags/example_python_operator.py
[2025-12-11T04:51:06.470+0000] {logging_mixin.py:188} INFO - [2025-12-11T04:51:06.470+0000] {dag.py:3096} INFO - Sync 1 DAGs
[2025-12-11T04:51:06.491+0000] {logging_mixin.py:188} INFO - [2025-12-11T04:51:06.491+0000] {dag.py:3954} INFO - Setting next_dagrun for example_python_operator to None, run_after=None
[2025-12-11T04:51:06.523+0000] {processor.py:183} INFO - Processing /home/airflow/.local/lib/python3.9/site-packages/airflow/example_dags/example_python_operator.py took 0.129 seconds
[2025-12-11T04:51:36.889+0000] {processor.py:161} INFO - Started process (PID=4364) to work on /home/airflow/.local/lib/python3.9/site-packages/airflow/example_dags/example_python_operator.py
[2025-12-11T04:51:36.890+0000] {processor.py:830} INFO - Processing file /home/airflow/.local/lib/python3.9/site-packages/airflow/example_dags/example_python_operator.py for tasks to queue
[2025-12-11T04:51:36.893+0000] {logging_mixin.py:188} INFO - [2025-12-11T04:51:36.893+0000] {dagbag.py:545} INFO - Filling up the DagBag from /home/airflow/.local/lib/python3.9/site-packages/airflow/example_dags/example_python_operator.py
[2025-12-11T04:51:36.911+0000] {processor.py:840} INFO - DAG(s) 'example_python_operator' retrieved from /home/airflow/.local/lib/python3.9/site-packages/airflow/example_dags/example_python_operator.py
[2025-12-11T04:51:36.967+0000] {logging_mixin.py:188} INFO - [2025-12-11T04:51:36.967+0000] {dag.py:3096} INFO - Sync 1 DAGs
[2025-12-11T04:51:36.997+0000] {logging_mixin.py:188} INFO - [2025-12-11T04:51:36.997+0000] {dag.py:3954} INFO - Setting next_dagrun for example_python_operator to None, run_after=None
[2025-12-11T04:51:37.049+0000] {processor.py:183} INFO - Processing /home/airflow/.local/lib/python3.9/site-packages/airflow/example_dags/example_python_operator.py took 0.171 seconds
[2025-12-11T04:52:07.873+0000] {processor.py:161} INFO - Started process (PID=4431) to work on /home/airflow/.local/lib/python3.9/site-packages/airflow/example_dags/example_python_operator.py
[2025-12-11T04:52:07.879+0000] {processor.py:830} INFO - Processing file /home/airflow/.local/lib/python3.9/site-packages/airflow/example_dags/example_python_operator.py for tasks to queue
[2025-12-11T04:52:07.882+0000] {logging_mixin.py:188} INFO - [2025-12-11T04:52:07.881+0000] {dagbag.py:545} INFO - Filling up the DagBag from /home/airflow/.local/lib/python3.9/site-packages/airflow/example_dags/example_python_operator.py
[2025-12-11T04:52:07.898+0000] {processor.py:840} INFO - DAG(s) 'example_python_operator' retrieved from /home/airflow/.local/lib/python3.9/site-packages/airflow/example_dags/example_python_operator.py
[2025-12-11T04:52:07.938+0000] {logging_mixin.py:188} INFO - [2025-12-11T04:52:07.938+0000] {dag.py:3096} INFO - Sync 1 DAGs
[2025-12-11T04:52:07.960+0000] {logging_mixin.py:188} INFO - [2025-12-11T04:52:07.959+0000] {dag.py:3954} INFO - Setting next_dagrun for example_python_operator to None, run_after=None
[2025-12-11T04:52:07.987+0000] {processor.py:183} INFO - Processing /home/airflow/.local/lib/python3.9/site-packages/airflow/example_dags/example_python_operator.py took 0.125 seconds
[2025-12-11T04:52:39.183+0000] {processor.py:161} INFO - Started process (PID=4498) to work on /home/airflow/.local/lib/python3.9/site-packages/airflow/example_dags/example_python_operator.py
[2025-12-11T04:52:39.221+0000] {processor.py:830} INFO - Processing file /home/airflow/.local/lib/python3.9/site-packages/airflow/example_dags/example_python_operator.py for tasks to queue
[2025-12-11T04:52:39.225+0000] {logging_mixin.py:188} INFO - [2025-12-11T04:52:39.225+0000] {dagbag.py:545} INFO - Filling up the DagBag from /home/airflow/.local/lib/python3.9/site-packages/airflow/example_dags/example_python_operator.py
[2025-12-11T04:52:39.263+0000] {processor.py:840} INFO - DAG(s) 'example_python_operator' retrieved from /home/airflow/.local/lib/python3.9/site-packages/airflow/example_dags/example_python_operator.py
[2025-12-11T04:52:39.315+0000] {logging_mixin.py:188} INFO - [2025-12-11T04:52:39.314+0000] {dag.py:3096} INFO - Sync 1 DAGs
[2025-12-11T04:52:39.336+0000] {logging_mixin.py:188} INFO - [2025-12-11T04:52:39.335+0000] {dag.py:3954} INFO - Setting next_dagrun for example_python_operator to None, run_after=None
[2025-12-11T04:52:39.564+0000] {processor.py:183} INFO - Processing /home/airflow/.local/lib/python3.9/site-packages/airflow/example_dags/example_python_operator.py took 0.398 seconds
