[2025-12-11T04:18:30.839+0000] {processor.py:161} INFO - Started process (PID=87) to work on /home/airflow/.local/lib/python3.9/site-packages/airflow/example_dags/example_xcom.py
[2025-12-11T04:18:30.841+0000] {processor.py:830} INFO - Processing file /home/airflow/.local/lib/python3.9/site-packages/airflow/example_dags/example_xcom.py for tasks to queue
[2025-12-11T04:18:30.860+0000] {logging_mixin.py:188} INFO - [2025-12-11T04:18:30.859+0000] {dagbag.py:545} INFO - Filling up the DagBag from /home/airflow/.local/lib/python3.9/site-packages/airflow/example_dags/example_xcom.py
[2025-12-11T04:18:31.061+0000] {processor.py:840} INFO - DAG(s) 'example_xcom' retrieved from /home/airflow/.local/lib/python3.9/site-packages/airflow/example_dags/example_xcom.py
[2025-12-11T04:18:33.998+0000] {logging_mixin.py:188} INFO - [2025-12-11T04:18:33.998+0000] {dag.py:3096} INFO - Sync 1 DAGs
[2025-12-11T04:18:34.239+0000] {logging_mixin.py:188} INFO - [2025-12-11T04:18:34.238+0000] {dag.py:3954} INFO - Setting next_dagrun for example_xcom to 2021-01-01 00:00:00+00:00, run_after=2021-01-01 00:00:00+00:00
[2025-12-11T04:18:34.637+0000] {processor.py:183} INFO - Processing /home/airflow/.local/lib/python3.9/site-packages/airflow/example_dags/example_xcom.py took 3.824 seconds
[2025-12-11T04:19:12.943+0000] {processor.py:161} INFO - Started process (PID=153) to work on /home/airflow/.local/lib/python3.9/site-packages/airflow/example_dags/example_xcom.py
[2025-12-11T04:19:12.964+0000] {processor.py:830} INFO - Processing file /home/airflow/.local/lib/python3.9/site-packages/airflow/example_dags/example_xcom.py for tasks to queue
[2025-12-11T04:19:12.967+0000] {logging_mixin.py:188} INFO - [2025-12-11T04:19:12.967+0000] {dagbag.py:545} INFO - Filling up the DagBag from /home/airflow/.local/lib/python3.9/site-packages/airflow/example_dags/example_xcom.py
[2025-12-11T04:19:12.986+0000] {processor.py:840} INFO - DAG(s) 'example_xcom' retrieved from /home/airflow/.local/lib/python3.9/site-packages/airflow/example_dags/example_xcom.py
[2025-12-11T04:19:13.137+0000] {logging_mixin.py:188} INFO - [2025-12-11T04:19:13.125+0000] {dag.py:3096} INFO - Sync 1 DAGs
[2025-12-11T04:19:13.222+0000] {logging_mixin.py:188} INFO - [2025-12-11T04:19:13.221+0000] {dag.py:3954} INFO - Setting next_dagrun for example_xcom to 2021-01-01 00:00:00+00:00, run_after=2021-01-01 00:00:00+00:00
[2025-12-11T04:19:13.579+0000] {processor.py:183} INFO - Processing /home/airflow/.local/lib/python3.9/site-packages/airflow/example_dags/example_xcom.py took 0.656 seconds
[2025-12-11T04:19:44.140+0000] {processor.py:161} INFO - Started process (PID=217) to work on /home/airflow/.local/lib/python3.9/site-packages/airflow/example_dags/example_xcom.py
[2025-12-11T04:19:44.148+0000] {processor.py:830} INFO - Processing file /home/airflow/.local/lib/python3.9/site-packages/airflow/example_dags/example_xcom.py for tasks to queue
[2025-12-11T04:19:44.159+0000] {logging_mixin.py:188} INFO - [2025-12-11T04:19:44.158+0000] {dagbag.py:545} INFO - Filling up the DagBag from /home/airflow/.local/lib/python3.9/site-packages/airflow/example_dags/example_xcom.py
[2025-12-11T04:19:44.199+0000] {processor.py:840} INFO - DAG(s) 'example_xcom' retrieved from /home/airflow/.local/lib/python3.9/site-packages/airflow/example_dags/example_xcom.py
[2025-12-11T04:19:44.300+0000] {logging_mixin.py:188} INFO - [2025-12-11T04:19:44.300+0000] {dag.py:3096} INFO - Sync 1 DAGs
[2025-12-11T04:19:44.402+0000] {logging_mixin.py:188} INFO - [2025-12-11T04:19:44.402+0000] {dag.py:3954} INFO - Setting next_dagrun for example_xcom to 2021-01-01 00:00:00+00:00, run_after=2021-01-01 00:00:00+00:00
[2025-12-11T04:19:44.463+0000] {processor.py:183} INFO - Processing /home/airflow/.local/lib/python3.9/site-packages/airflow/example_dags/example_xcom.py took 0.360 seconds
[2025-12-11T04:20:14.709+0000] {processor.py:161} INFO - Started process (PID=276) to work on /home/airflow/.local/lib/python3.9/site-packages/airflow/example_dags/example_xcom.py
[2025-12-11T04:20:14.711+0000] {processor.py:830} INFO - Processing file /home/airflow/.local/lib/python3.9/site-packages/airflow/example_dags/example_xcom.py for tasks to queue
[2025-12-11T04:20:14.713+0000] {logging_mixin.py:188} INFO - [2025-12-11T04:20:14.713+0000] {dagbag.py:545} INFO - Filling up the DagBag from /home/airflow/.local/lib/python3.9/site-packages/airflow/example_dags/example_xcom.py
[2025-12-11T04:20:14.727+0000] {processor.py:840} INFO - DAG(s) 'example_xcom' retrieved from /home/airflow/.local/lib/python3.9/site-packages/airflow/example_dags/example_xcom.py
[2025-12-11T04:20:14.766+0000] {logging_mixin.py:188} INFO - [2025-12-11T04:20:14.766+0000] {dag.py:3096} INFO - Sync 1 DAGs
[2025-12-11T04:20:14.800+0000] {logging_mixin.py:188} INFO - [2025-12-11T04:20:14.800+0000] {dag.py:3954} INFO - Setting next_dagrun for example_xcom to 2021-01-01 00:00:00+00:00, run_after=2021-01-01 00:00:00+00:00
[2025-12-11T04:20:14.825+0000] {processor.py:183} INFO - Processing /home/airflow/.local/lib/python3.9/site-packages/airflow/example_dags/example_xcom.py took 0.125 seconds
[2025-12-11T04:20:45.026+0000] {processor.py:161} INFO - Started process (PID=342) to work on /home/airflow/.local/lib/python3.9/site-packages/airflow/example_dags/example_xcom.py
[2025-12-11T04:20:45.028+0000] {processor.py:830} INFO - Processing file /home/airflow/.local/lib/python3.9/site-packages/airflow/example_dags/example_xcom.py for tasks to queue
[2025-12-11T04:20:45.031+0000] {logging_mixin.py:188} INFO - [2025-12-11T04:20:45.030+0000] {dagbag.py:545} INFO - Filling up the DagBag from /home/airflow/.local/lib/python3.9/site-packages/airflow/example_dags/example_xcom.py
[2025-12-11T04:20:45.047+0000] {processor.py:840} INFO - DAG(s) 'example_xcom' retrieved from /home/airflow/.local/lib/python3.9/site-packages/airflow/example_dags/example_xcom.py
[2025-12-11T04:20:45.090+0000] {logging_mixin.py:188} INFO - [2025-12-11T04:20:45.089+0000] {dag.py:3096} INFO - Sync 1 DAGs
[2025-12-11T04:20:45.124+0000] {logging_mixin.py:188} INFO - [2025-12-11T04:20:45.124+0000] {dag.py:3954} INFO - Setting next_dagrun for example_xcom to 2021-01-01 00:00:00+00:00, run_after=2021-01-01 00:00:00+00:00
[2025-12-11T04:20:45.149+0000] {processor.py:183} INFO - Processing /home/airflow/.local/lib/python3.9/site-packages/airflow/example_dags/example_xcom.py took 0.134 seconds
[2025-12-11T04:21:15.899+0000] {processor.py:161} INFO - Started process (PID=408) to work on /home/airflow/.local/lib/python3.9/site-packages/airflow/example_dags/example_xcom.py
[2025-12-11T04:21:15.900+0000] {processor.py:830} INFO - Processing file /home/airflow/.local/lib/python3.9/site-packages/airflow/example_dags/example_xcom.py for tasks to queue
[2025-12-11T04:21:15.903+0000] {logging_mixin.py:188} INFO - [2025-12-11T04:21:15.903+0000] {dagbag.py:545} INFO - Filling up the DagBag from /home/airflow/.local/lib/python3.9/site-packages/airflow/example_dags/example_xcom.py
[2025-12-11T04:21:15.917+0000] {processor.py:840} INFO - DAG(s) 'example_xcom' retrieved from /home/airflow/.local/lib/python3.9/site-packages/airflow/example_dags/example_xcom.py
[2025-12-11T04:21:15.957+0000] {logging_mixin.py:188} INFO - [2025-12-11T04:21:15.957+0000] {dag.py:3096} INFO - Sync 1 DAGs
[2025-12-11T04:21:15.992+0000] {logging_mixin.py:188} INFO - [2025-12-11T04:21:15.992+0000] {dag.py:3954} INFO - Setting next_dagrun for example_xcom to 2021-01-01 00:00:00+00:00, run_after=2021-01-01 00:00:00+00:00
[2025-12-11T04:21:16.028+0000] {processor.py:183} INFO - Processing /home/airflow/.local/lib/python3.9/site-packages/airflow/example_dags/example_xcom.py took 0.140 seconds
[2025-12-11T04:21:46.624+0000] {processor.py:161} INFO - Started process (PID=473) to work on /home/airflow/.local/lib/python3.9/site-packages/airflow/example_dags/example_xcom.py
[2025-12-11T04:21:46.634+0000] {processor.py:830} INFO - Processing file /home/airflow/.local/lib/python3.9/site-packages/airflow/example_dags/example_xcom.py for tasks to queue
[2025-12-11T04:21:46.637+0000] {logging_mixin.py:188} INFO - [2025-12-11T04:21:46.636+0000] {dagbag.py:545} INFO - Filling up the DagBag from /home/airflow/.local/lib/python3.9/site-packages/airflow/example_dags/example_xcom.py
[2025-12-11T04:21:46.649+0000] {processor.py:840} INFO - DAG(s) 'example_xcom' retrieved from /home/airflow/.local/lib/python3.9/site-packages/airflow/example_dags/example_xcom.py
[2025-12-11T04:21:46.700+0000] {logging_mixin.py:188} INFO - [2025-12-11T04:21:46.699+0000] {dag.py:3096} INFO - Sync 1 DAGs
[2025-12-11T04:21:46.740+0000] {logging_mixin.py:188} INFO - [2025-12-11T04:21:46.739+0000] {dag.py:3954} INFO - Setting next_dagrun for example_xcom to 2021-01-01 00:00:00+00:00, run_after=2021-01-01 00:00:00+00:00
[2025-12-11T04:21:46.763+0000] {processor.py:183} INFO - Processing /home/airflow/.local/lib/python3.9/site-packages/airflow/example_dags/example_xcom.py took 0.150 seconds
[2025-12-11T04:22:17.128+0000] {processor.py:161} INFO - Started process (PID=539) to work on /home/airflow/.local/lib/python3.9/site-packages/airflow/example_dags/example_xcom.py
[2025-12-11T04:22:17.130+0000] {processor.py:830} INFO - Processing file /home/airflow/.local/lib/python3.9/site-packages/airflow/example_dags/example_xcom.py for tasks to queue
[2025-12-11T04:22:17.133+0000] {logging_mixin.py:188} INFO - [2025-12-11T04:22:17.132+0000] {dagbag.py:545} INFO - Filling up the DagBag from /home/airflow/.local/lib/python3.9/site-packages/airflow/example_dags/example_xcom.py
[2025-12-11T04:22:17.147+0000] {processor.py:840} INFO - DAG(s) 'example_xcom' retrieved from /home/airflow/.local/lib/python3.9/site-packages/airflow/example_dags/example_xcom.py
[2025-12-11T04:22:17.190+0000] {logging_mixin.py:188} INFO - [2025-12-11T04:22:17.189+0000] {dag.py:3096} INFO - Sync 1 DAGs
[2025-12-11T04:22:17.223+0000] {logging_mixin.py:188} INFO - [2025-12-11T04:22:17.222+0000] {dag.py:3954} INFO - Setting next_dagrun for example_xcom to 2021-01-01 00:00:00+00:00, run_after=2021-01-01 00:00:00+00:00
[2025-12-11T04:22:17.246+0000] {processor.py:183} INFO - Processing /home/airflow/.local/lib/python3.9/site-packages/airflow/example_dags/example_xcom.py took 0.127 seconds
[2025-12-11T04:22:47.952+0000] {processor.py:161} INFO - Started process (PID=605) to work on /home/airflow/.local/lib/python3.9/site-packages/airflow/example_dags/example_xcom.py
[2025-12-11T04:22:47.957+0000] {processor.py:830} INFO - Processing file /home/airflow/.local/lib/python3.9/site-packages/airflow/example_dags/example_xcom.py for tasks to queue
[2025-12-11T04:22:47.960+0000] {logging_mixin.py:188} INFO - [2025-12-11T04:22:47.959+0000] {dagbag.py:545} INFO - Filling up the DagBag from /home/airflow/.local/lib/python3.9/site-packages/airflow/example_dags/example_xcom.py
[2025-12-11T04:22:47.980+0000] {processor.py:840} INFO - DAG(s) 'example_xcom' retrieved from /home/airflow/.local/lib/python3.9/site-packages/airflow/example_dags/example_xcom.py
[2025-12-11T04:22:48.047+0000] {logging_mixin.py:188} INFO - [2025-12-11T04:22:48.046+0000] {dag.py:3096} INFO - Sync 1 DAGs
[2025-12-11T04:22:48.110+0000] {logging_mixin.py:188} INFO - [2025-12-11T04:22:48.109+0000] {dag.py:3954} INFO - Setting next_dagrun for example_xcom to 2021-01-01 00:00:00+00:00, run_after=2021-01-01 00:00:00+00:00
[2025-12-11T04:22:48.159+0000] {processor.py:183} INFO - Processing /home/airflow/.local/lib/python3.9/site-packages/airflow/example_dags/example_xcom.py took 0.217 seconds
[2025-12-11T04:23:18.242+0000] {processor.py:161} INFO - Started process (PID=669) to work on /home/airflow/.local/lib/python3.9/site-packages/airflow/example_dags/example_xcom.py
[2025-12-11T04:23:18.248+0000] {processor.py:830} INFO - Processing file /home/airflow/.local/lib/python3.9/site-packages/airflow/example_dags/example_xcom.py for tasks to queue
[2025-12-11T04:23:18.250+0000] {logging_mixin.py:188} INFO - [2025-12-11T04:23:18.250+0000] {dagbag.py:545} INFO - Filling up the DagBag from /home/airflow/.local/lib/python3.9/site-packages/airflow/example_dags/example_xcom.py
[2025-12-11T04:23:18.263+0000] {processor.py:840} INFO - DAG(s) 'example_xcom' retrieved from /home/airflow/.local/lib/python3.9/site-packages/airflow/example_dags/example_xcom.py
[2025-12-11T04:23:18.311+0000] {logging_mixin.py:188} INFO - [2025-12-11T04:23:18.311+0000] {dag.py:3096} INFO - Sync 1 DAGs
[2025-12-11T04:23:18.364+0000] {logging_mixin.py:188} INFO - [2025-12-11T04:23:18.363+0000] {dag.py:3954} INFO - Setting next_dagrun for example_xcom to 2021-01-01 00:00:00+00:00, run_after=2021-01-01 00:00:00+00:00
[2025-12-11T04:23:18.398+0000] {processor.py:183} INFO - Processing /home/airflow/.local/lib/python3.9/site-packages/airflow/example_dags/example_xcom.py took 0.172 seconds
[2025-12-11T04:23:48.834+0000] {processor.py:161} INFO - Started process (PID=732) to work on /home/airflow/.local/lib/python3.9/site-packages/airflow/example_dags/example_xcom.py
[2025-12-11T04:23:48.843+0000] {processor.py:830} INFO - Processing file /home/airflow/.local/lib/python3.9/site-packages/airflow/example_dags/example_xcom.py for tasks to queue
[2025-12-11T04:23:48.846+0000] {logging_mixin.py:188} INFO - [2025-12-11T04:23:48.845+0000] {dagbag.py:545} INFO - Filling up the DagBag from /home/airflow/.local/lib/python3.9/site-packages/airflow/example_dags/example_xcom.py
[2025-12-11T04:23:48.859+0000] {processor.py:840} INFO - DAG(s) 'example_xcom' retrieved from /home/airflow/.local/lib/python3.9/site-packages/airflow/example_dags/example_xcom.py
[2025-12-11T04:23:48.897+0000] {logging_mixin.py:188} INFO - [2025-12-11T04:23:48.896+0000] {dag.py:3096} INFO - Sync 1 DAGs
[2025-12-11T04:23:48.931+0000] {logging_mixin.py:188} INFO - [2025-12-11T04:23:48.931+0000] {dag.py:3954} INFO - Setting next_dagrun for example_xcom to 2021-01-01 00:00:00+00:00, run_after=2021-01-01 00:00:00+00:00
[2025-12-11T04:23:48.954+0000] {processor.py:183} INFO - Processing /home/airflow/.local/lib/python3.9/site-packages/airflow/example_dags/example_xcom.py took 0.132 seconds
[2025-12-11T04:24:19.239+0000] {processor.py:161} INFO - Started process (PID=805) to work on /home/airflow/.local/lib/python3.9/site-packages/airflow/example_dags/example_xcom.py
[2025-12-11T04:24:19.241+0000] {processor.py:830} INFO - Processing file /home/airflow/.local/lib/python3.9/site-packages/airflow/example_dags/example_xcom.py for tasks to queue
[2025-12-11T04:24:19.244+0000] {logging_mixin.py:188} INFO - [2025-12-11T04:24:19.243+0000] {dagbag.py:545} INFO - Filling up the DagBag from /home/airflow/.local/lib/python3.9/site-packages/airflow/example_dags/example_xcom.py
[2025-12-11T04:24:19.258+0000] {processor.py:840} INFO - DAG(s) 'example_xcom' retrieved from /home/airflow/.local/lib/python3.9/site-packages/airflow/example_dags/example_xcom.py
[2025-12-11T04:24:19.326+0000] {logging_mixin.py:188} INFO - [2025-12-11T04:24:19.326+0000] {dag.py:3096} INFO - Sync 1 DAGs
[2025-12-11T04:24:19.399+0000] {logging_mixin.py:188} INFO - [2025-12-11T04:24:19.398+0000] {dag.py:3954} INFO - Setting next_dagrun for example_xcom to 2021-01-01 00:00:00+00:00, run_after=2021-01-01 00:00:00+00:00
[2025-12-11T04:24:19.450+0000] {processor.py:183} INFO - Processing /home/airflow/.local/lib/python3.9/site-packages/airflow/example_dags/example_xcom.py took 0.229 seconds
[2025-12-11T04:24:50.123+0000] {processor.py:161} INFO - Started process (PID=870) to work on /home/airflow/.local/lib/python3.9/site-packages/airflow/example_dags/example_xcom.py
[2025-12-11T04:24:50.352+0000] {processor.py:830} INFO - Processing file /home/airflow/.local/lib/python3.9/site-packages/airflow/example_dags/example_xcom.py for tasks to queue
[2025-12-11T04:24:50.355+0000] {logging_mixin.py:188} INFO - [2025-12-11T04:24:50.355+0000] {dagbag.py:545} INFO - Filling up the DagBag from /home/airflow/.local/lib/python3.9/site-packages/airflow/example_dags/example_xcom.py
[2025-12-11T04:24:50.367+0000] {processor.py:840} INFO - DAG(s) 'example_xcom' retrieved from /home/airflow/.local/lib/python3.9/site-packages/airflow/example_dags/example_xcom.py
[2025-12-11T04:24:50.426+0000] {logging_mixin.py:188} INFO - [2025-12-11T04:24:50.425+0000] {dag.py:3096} INFO - Sync 1 DAGs
[2025-12-11T04:24:50.557+0000] {logging_mixin.py:188} INFO - [2025-12-11T04:24:50.547+0000] {dag.py:3954} INFO - Setting next_dagrun for example_xcom to 2021-01-01 00:00:00+00:00, run_after=2021-01-01 00:00:00+00:00
[2025-12-11T04:24:50.645+0000] {processor.py:183} INFO - Processing /home/airflow/.local/lib/python3.9/site-packages/airflow/example_dags/example_xcom.py took 0.546 seconds
[2025-12-11T04:25:21.344+0000] {processor.py:161} INFO - Started process (PID=935) to work on /home/airflow/.local/lib/python3.9/site-packages/airflow/example_dags/example_xcom.py
[2025-12-11T04:25:21.397+0000] {processor.py:830} INFO - Processing file /home/airflow/.local/lib/python3.9/site-packages/airflow/example_dags/example_xcom.py for tasks to queue
[2025-12-11T04:25:21.400+0000] {logging_mixin.py:188} INFO - [2025-12-11T04:25:21.400+0000] {dagbag.py:545} INFO - Filling up the DagBag from /home/airflow/.local/lib/python3.9/site-packages/airflow/example_dags/example_xcom.py
[2025-12-11T04:25:21.458+0000] {processor.py:840} INFO - DAG(s) 'example_xcom' retrieved from /home/airflow/.local/lib/python3.9/site-packages/airflow/example_dags/example_xcom.py
[2025-12-11T04:25:21.543+0000] {logging_mixin.py:188} INFO - [2025-12-11T04:25:21.543+0000] {dag.py:3096} INFO - Sync 1 DAGs
[2025-12-11T04:25:21.662+0000] {logging_mixin.py:188} INFO - [2025-12-11T04:25:21.661+0000] {dag.py:3954} INFO - Setting next_dagrun for example_xcom to 2021-01-01 00:00:00+00:00, run_after=2021-01-01 00:00:00+00:00
[2025-12-11T04:25:21.722+0000] {processor.py:183} INFO - Processing /home/airflow/.local/lib/python3.9/site-packages/airflow/example_dags/example_xcom.py took 0.397 seconds
[2025-12-11T04:25:51.963+0000] {processor.py:161} INFO - Started process (PID=1001) to work on /home/airflow/.local/lib/python3.9/site-packages/airflow/example_dags/example_xcom.py
[2025-12-11T04:25:52.105+0000] {processor.py:830} INFO - Processing file /home/airflow/.local/lib/python3.9/site-packages/airflow/example_dags/example_xcom.py for tasks to queue
[2025-12-11T04:25:52.108+0000] {logging_mixin.py:188} INFO - [2025-12-11T04:25:52.107+0000] {dagbag.py:545} INFO - Filling up the DagBag from /home/airflow/.local/lib/python3.9/site-packages/airflow/example_dags/example_xcom.py
[2025-12-11T04:25:52.125+0000] {processor.py:840} INFO - DAG(s) 'example_xcom' retrieved from /home/airflow/.local/lib/python3.9/site-packages/airflow/example_dags/example_xcom.py
[2025-12-11T04:25:52.261+0000] {logging_mixin.py:188} INFO - [2025-12-11T04:25:52.261+0000] {dag.py:3096} INFO - Sync 1 DAGs
[2025-12-11T04:25:52.387+0000] {logging_mixin.py:188} INFO - [2025-12-11T04:25:52.387+0000] {dag.py:3954} INFO - Setting next_dagrun for example_xcom to 2021-01-01 00:00:00+00:00, run_after=2021-01-01 00:00:00+00:00
[2025-12-11T04:25:52.556+0000] {processor.py:183} INFO - Processing /home/airflow/.local/lib/python3.9/site-packages/airflow/example_dags/example_xcom.py took 0.618 seconds
[2025-12-11T04:26:22.632+0000] {processor.py:161} INFO - Started process (PID=1067) to work on /home/airflow/.local/lib/python3.9/site-packages/airflow/example_dags/example_xcom.py
[2025-12-11T04:26:22.736+0000] {processor.py:830} INFO - Processing file /home/airflow/.local/lib/python3.9/site-packages/airflow/example_dags/example_xcom.py for tasks to queue
[2025-12-11T04:26:22.739+0000] {logging_mixin.py:188} INFO - [2025-12-11T04:26:22.739+0000] {dagbag.py:545} INFO - Filling up the DagBag from /home/airflow/.local/lib/python3.9/site-packages/airflow/example_dags/example_xcom.py
[2025-12-11T04:26:22.751+0000] {processor.py:840} INFO - DAG(s) 'example_xcom' retrieved from /home/airflow/.local/lib/python3.9/site-packages/airflow/example_dags/example_xcom.py
[2025-12-11T04:26:22.789+0000] {logging_mixin.py:188} INFO - [2025-12-11T04:26:22.789+0000] {dag.py:3096} INFO - Sync 1 DAGs
[2025-12-11T04:26:22.831+0000] {logging_mixin.py:188} INFO - [2025-12-11T04:26:22.830+0000] {dag.py:3954} INFO - Setting next_dagrun for example_xcom to 2021-01-01 00:00:00+00:00, run_after=2021-01-01 00:00:00+00:00
[2025-12-11T04:26:22.904+0000] {processor.py:183} INFO - Processing /home/airflow/.local/lib/python3.9/site-packages/airflow/example_dags/example_xcom.py took 0.285 seconds
[2025-12-11T04:26:53.282+0000] {processor.py:161} INFO - Started process (PID=1133) to work on /home/airflow/.local/lib/python3.9/site-packages/airflow/example_dags/example_xcom.py
[2025-12-11T04:26:53.407+0000] {processor.py:830} INFO - Processing file /home/airflow/.local/lib/python3.9/site-packages/airflow/example_dags/example_xcom.py for tasks to queue
[2025-12-11T04:26:53.411+0000] {logging_mixin.py:188} INFO - [2025-12-11T04:26:53.410+0000] {dagbag.py:545} INFO - Filling up the DagBag from /home/airflow/.local/lib/python3.9/site-packages/airflow/example_dags/example_xcom.py
[2025-12-11T04:26:53.423+0000] {processor.py:840} INFO - DAG(s) 'example_xcom' retrieved from /home/airflow/.local/lib/python3.9/site-packages/airflow/example_dags/example_xcom.py
[2025-12-11T04:26:53.459+0000] {logging_mixin.py:188} INFO - [2025-12-11T04:26:53.458+0000] {dag.py:3096} INFO - Sync 1 DAGs
[2025-12-11T04:26:53.494+0000] {logging_mixin.py:188} INFO - [2025-12-11T04:26:53.494+0000] {dag.py:3954} INFO - Setting next_dagrun for example_xcom to 2021-01-01 00:00:00+00:00, run_after=2021-01-01 00:00:00+00:00
[2025-12-11T04:26:53.646+0000] {processor.py:183} INFO - Processing /home/airflow/.local/lib/python3.9/site-packages/airflow/example_dags/example_xcom.py took 0.377 seconds
[2025-12-11T04:27:23.791+0000] {processor.py:161} INFO - Started process (PID=1199) to work on /home/airflow/.local/lib/python3.9/site-packages/airflow/example_dags/example_xcom.py
[2025-12-11T04:27:23.812+0000] {processor.py:830} INFO - Processing file /home/airflow/.local/lib/python3.9/site-packages/airflow/example_dags/example_xcom.py for tasks to queue
[2025-12-11T04:27:23.815+0000] {logging_mixin.py:188} INFO - [2025-12-11T04:27:23.814+0000] {dagbag.py:545} INFO - Filling up the DagBag from /home/airflow/.local/lib/python3.9/site-packages/airflow/example_dags/example_xcom.py
[2025-12-11T04:27:23.827+0000] {processor.py:840} INFO - DAG(s) 'example_xcom' retrieved from /home/airflow/.local/lib/python3.9/site-packages/airflow/example_dags/example_xcom.py
[2025-12-11T04:27:23.887+0000] {logging_mixin.py:188} INFO - [2025-12-11T04:27:23.887+0000] {dag.py:3096} INFO - Sync 1 DAGs
[2025-12-11T04:27:23.944+0000] {logging_mixin.py:188} INFO - [2025-12-11T04:27:23.943+0000] {dag.py:3954} INFO - Setting next_dagrun for example_xcom to 2021-01-01 00:00:00+00:00, run_after=2021-01-01 00:00:00+00:00
[2025-12-11T04:27:23.980+0000] {processor.py:183} INFO - Processing /home/airflow/.local/lib/python3.9/site-packages/airflow/example_dags/example_xcom.py took 0.199 seconds
[2025-12-11T04:27:54.279+0000] {processor.py:161} INFO - Started process (PID=1265) to work on /home/airflow/.local/lib/python3.9/site-packages/airflow/example_dags/example_xcom.py
[2025-12-11T04:27:54.280+0000] {processor.py:830} INFO - Processing file /home/airflow/.local/lib/python3.9/site-packages/airflow/example_dags/example_xcom.py for tasks to queue
[2025-12-11T04:27:54.283+0000] {logging_mixin.py:188} INFO - [2025-12-11T04:27:54.283+0000] {dagbag.py:545} INFO - Filling up the DagBag from /home/airflow/.local/lib/python3.9/site-packages/airflow/example_dags/example_xcom.py
[2025-12-11T04:27:54.294+0000] {processor.py:840} INFO - DAG(s) 'example_xcom' retrieved from /home/airflow/.local/lib/python3.9/site-packages/airflow/example_dags/example_xcom.py
[2025-12-11T04:27:54.333+0000] {logging_mixin.py:188} INFO - [2025-12-11T04:27:54.332+0000] {dag.py:3096} INFO - Sync 1 DAGs
[2025-12-11T04:27:54.398+0000] {logging_mixin.py:188} INFO - [2025-12-11T04:27:54.397+0000] {dag.py:3954} INFO - Setting next_dagrun for example_xcom to 2021-01-01 00:00:00+00:00, run_after=2021-01-01 00:00:00+00:00
[2025-12-11T04:27:54.449+0000] {processor.py:183} INFO - Processing /home/airflow/.local/lib/python3.9/site-packages/airflow/example_dags/example_xcom.py took 0.179 seconds
[2025-12-11T04:28:24.762+0000] {processor.py:161} INFO - Started process (PID=1331) to work on /home/airflow/.local/lib/python3.9/site-packages/airflow/example_dags/example_xcom.py
[2025-12-11T04:28:24.826+0000] {processor.py:830} INFO - Processing file /home/airflow/.local/lib/python3.9/site-packages/airflow/example_dags/example_xcom.py for tasks to queue
[2025-12-11T04:28:24.830+0000] {logging_mixin.py:188} INFO - [2025-12-11T04:28:24.829+0000] {dagbag.py:545} INFO - Filling up the DagBag from /home/airflow/.local/lib/python3.9/site-packages/airflow/example_dags/example_xcom.py
[2025-12-11T04:28:24.845+0000] {processor.py:840} INFO - DAG(s) 'example_xcom' retrieved from /home/airflow/.local/lib/python3.9/site-packages/airflow/example_dags/example_xcom.py
[2025-12-11T04:28:24.893+0000] {logging_mixin.py:188} INFO - [2025-12-11T04:28:24.892+0000] {dag.py:3096} INFO - Sync 1 DAGs
[2025-12-11T04:28:24.938+0000] {logging_mixin.py:188} INFO - [2025-12-11T04:28:24.938+0000] {dag.py:3954} INFO - Setting next_dagrun for example_xcom to 2021-01-01 00:00:00+00:00, run_after=2021-01-01 00:00:00+00:00
[2025-12-11T04:28:25.227+0000] {processor.py:183} INFO - Processing /home/airflow/.local/lib/python3.9/site-packages/airflow/example_dags/example_xcom.py took 0.478 seconds
[2025-12-11T04:28:55.939+0000] {processor.py:161} INFO - Started process (PID=1397) to work on /home/airflow/.local/lib/python3.9/site-packages/airflow/example_dags/example_xcom.py
[2025-12-11T04:28:55.941+0000] {processor.py:830} INFO - Processing file /home/airflow/.local/lib/python3.9/site-packages/airflow/example_dags/example_xcom.py for tasks to queue
[2025-12-11T04:28:55.944+0000] {logging_mixin.py:188} INFO - [2025-12-11T04:28:55.943+0000] {dagbag.py:545} INFO - Filling up the DagBag from /home/airflow/.local/lib/python3.9/site-packages/airflow/example_dags/example_xcom.py
[2025-12-11T04:28:55.959+0000] {processor.py:840} INFO - DAG(s) 'example_xcom' retrieved from /home/airflow/.local/lib/python3.9/site-packages/airflow/example_dags/example_xcom.py
[2025-12-11T04:28:56.007+0000] {logging_mixin.py:188} INFO - [2025-12-11T04:28:56.006+0000] {dag.py:3096} INFO - Sync 1 DAGs
[2025-12-11T04:28:56.060+0000] {logging_mixin.py:188} INFO - [2025-12-11T04:28:56.060+0000] {dag.py:3954} INFO - Setting next_dagrun for example_xcom to 2021-01-01 00:00:00+00:00, run_after=2021-01-01 00:00:00+00:00
[2025-12-11T04:28:56.102+0000] {processor.py:183} INFO - Processing /home/airflow/.local/lib/python3.9/site-packages/airflow/example_dags/example_xcom.py took 0.174 seconds
[2025-12-11T04:29:26.989+0000] {processor.py:161} INFO - Started process (PID=1463) to work on /home/airflow/.local/lib/python3.9/site-packages/airflow/example_dags/example_xcom.py
[2025-12-11T04:29:26.990+0000] {processor.py:830} INFO - Processing file /home/airflow/.local/lib/python3.9/site-packages/airflow/example_dags/example_xcom.py for tasks to queue
[2025-12-11T04:29:26.993+0000] {logging_mixin.py:188} INFO - [2025-12-11T04:29:26.993+0000] {dagbag.py:545} INFO - Filling up the DagBag from /home/airflow/.local/lib/python3.9/site-packages/airflow/example_dags/example_xcom.py
[2025-12-11T04:29:27.009+0000] {processor.py:840} INFO - DAG(s) 'example_xcom' retrieved from /home/airflow/.local/lib/python3.9/site-packages/airflow/example_dags/example_xcom.py
[2025-12-11T04:29:27.055+0000] {logging_mixin.py:188} INFO - [2025-12-11T04:29:27.055+0000] {dag.py:3096} INFO - Sync 1 DAGs
[2025-12-11T04:29:27.102+0000] {logging_mixin.py:188} INFO - [2025-12-11T04:29:27.102+0000] {dag.py:3954} INFO - Setting next_dagrun for example_xcom to 2021-01-01 00:00:00+00:00, run_after=2021-01-01 00:00:00+00:00
[2025-12-11T04:29:27.129+0000] {processor.py:183} INFO - Processing /home/airflow/.local/lib/python3.9/site-packages/airflow/example_dags/example_xcom.py took 0.151 seconds
[2025-12-11T04:29:57.766+0000] {processor.py:161} INFO - Started process (PID=1529) to work on /home/airflow/.local/lib/python3.9/site-packages/airflow/example_dags/example_xcom.py
[2025-12-11T04:29:57.775+0000] {processor.py:830} INFO - Processing file /home/airflow/.local/lib/python3.9/site-packages/airflow/example_dags/example_xcom.py for tasks to queue
[2025-12-11T04:29:57.779+0000] {logging_mixin.py:188} INFO - [2025-12-11T04:29:57.778+0000] {dagbag.py:545} INFO - Filling up the DagBag from /home/airflow/.local/lib/python3.9/site-packages/airflow/example_dags/example_xcom.py
[2025-12-11T04:29:57.791+0000] {processor.py:840} INFO - DAG(s) 'example_xcom' retrieved from /home/airflow/.local/lib/python3.9/site-packages/airflow/example_dags/example_xcom.py
[2025-12-11T04:29:57.829+0000] {logging_mixin.py:188} INFO - [2025-12-11T04:29:57.828+0000] {dag.py:3096} INFO - Sync 1 DAGs
[2025-12-11T04:29:57.863+0000] {logging_mixin.py:188} INFO - [2025-12-11T04:29:57.862+0000] {dag.py:3954} INFO - Setting next_dagrun for example_xcom to 2021-01-01 00:00:00+00:00, run_after=2021-01-01 00:00:00+00:00
[2025-12-11T04:29:57.891+0000] {processor.py:183} INFO - Processing /home/airflow/.local/lib/python3.9/site-packages/airflow/example_dags/example_xcom.py took 0.136 seconds
[2025-12-11T04:30:28.417+0000] {processor.py:161} INFO - Started process (PID=1595) to work on /home/airflow/.local/lib/python3.9/site-packages/airflow/example_dags/example_xcom.py
[2025-12-11T04:30:28.446+0000] {processor.py:830} INFO - Processing file /home/airflow/.local/lib/python3.9/site-packages/airflow/example_dags/example_xcom.py for tasks to queue
[2025-12-11T04:30:28.449+0000] {logging_mixin.py:188} INFO - [2025-12-11T04:30:28.449+0000] {dagbag.py:545} INFO - Filling up the DagBag from /home/airflow/.local/lib/python3.9/site-packages/airflow/example_dags/example_xcom.py
[2025-12-11T04:30:28.463+0000] {processor.py:840} INFO - DAG(s) 'example_xcom' retrieved from /home/airflow/.local/lib/python3.9/site-packages/airflow/example_dags/example_xcom.py
[2025-12-11T04:30:28.507+0000] {logging_mixin.py:188} INFO - [2025-12-11T04:30:28.507+0000] {dag.py:3096} INFO - Sync 1 DAGs
[2025-12-11T04:30:28.545+0000] {logging_mixin.py:188} INFO - [2025-12-11T04:30:28.544+0000] {dag.py:3954} INFO - Setting next_dagrun for example_xcom to 2021-01-01 00:00:00+00:00, run_after=2021-01-01 00:00:00+00:00
[2025-12-11T04:30:28.804+0000] {processor.py:183} INFO - Processing /home/airflow/.local/lib/python3.9/site-packages/airflow/example_dags/example_xcom.py took 0.400 seconds
[2025-12-11T04:30:59.570+0000] {processor.py:161} INFO - Started process (PID=1660) to work on /home/airflow/.local/lib/python3.9/site-packages/airflow/example_dags/example_xcom.py
[2025-12-11T04:30:59.571+0000] {processor.py:830} INFO - Processing file /home/airflow/.local/lib/python3.9/site-packages/airflow/example_dags/example_xcom.py for tasks to queue
[2025-12-11T04:30:59.574+0000] {logging_mixin.py:188} INFO - [2025-12-11T04:30:59.573+0000] {dagbag.py:545} INFO - Filling up the DagBag from /home/airflow/.local/lib/python3.9/site-packages/airflow/example_dags/example_xcom.py
[2025-12-11T04:30:59.585+0000] {processor.py:840} INFO - DAG(s) 'example_xcom' retrieved from /home/airflow/.local/lib/python3.9/site-packages/airflow/example_dags/example_xcom.py
[2025-12-11T04:30:59.623+0000] {logging_mixin.py:188} INFO - [2025-12-11T04:30:59.623+0000] {dag.py:3096} INFO - Sync 1 DAGs
[2025-12-11T04:30:59.660+0000] {logging_mixin.py:188} INFO - [2025-12-11T04:30:59.660+0000] {dag.py:3954} INFO - Setting next_dagrun for example_xcom to 2021-01-01 00:00:00+00:00, run_after=2021-01-01 00:00:00+00:00
[2025-12-11T04:30:59.692+0000] {processor.py:183} INFO - Processing /home/airflow/.local/lib/python3.9/site-packages/airflow/example_dags/example_xcom.py took 0.131 seconds
[2025-12-11T04:31:30.415+0000] {processor.py:161} INFO - Started process (PID=1726) to work on /home/airflow/.local/lib/python3.9/site-packages/airflow/example_dags/example_xcom.py
[2025-12-11T04:31:30.417+0000] {processor.py:830} INFO - Processing file /home/airflow/.local/lib/python3.9/site-packages/airflow/example_dags/example_xcom.py for tasks to queue
[2025-12-11T04:31:30.419+0000] {logging_mixin.py:188} INFO - [2025-12-11T04:31:30.419+0000] {dagbag.py:545} INFO - Filling up the DagBag from /home/airflow/.local/lib/python3.9/site-packages/airflow/example_dags/example_xcom.py
[2025-12-11T04:31:30.430+0000] {processor.py:840} INFO - DAG(s) 'example_xcom' retrieved from /home/airflow/.local/lib/python3.9/site-packages/airflow/example_dags/example_xcom.py
[2025-12-11T04:31:30.474+0000] {logging_mixin.py:188} INFO - [2025-12-11T04:31:30.474+0000] {dag.py:3096} INFO - Sync 1 DAGs
[2025-12-11T04:31:30.509+0000] {logging_mixin.py:188} INFO - [2025-12-11T04:31:30.508+0000] {dag.py:3954} INFO - Setting next_dagrun for example_xcom to 2021-01-01 00:00:00+00:00, run_after=2021-01-01 00:00:00+00:00
[2025-12-11T04:31:30.535+0000] {processor.py:183} INFO - Processing /home/airflow/.local/lib/python3.9/site-packages/airflow/example_dags/example_xcom.py took 0.129 seconds
[2025-12-11T04:32:00.634+0000] {processor.py:161} INFO - Started process (PID=1792) to work on /home/airflow/.local/lib/python3.9/site-packages/airflow/example_dags/example_xcom.py
[2025-12-11T04:32:00.640+0000] {processor.py:830} INFO - Processing file /home/airflow/.local/lib/python3.9/site-packages/airflow/example_dags/example_xcom.py for tasks to queue
[2025-12-11T04:32:00.644+0000] {logging_mixin.py:188} INFO - [2025-12-11T04:32:00.643+0000] {dagbag.py:545} INFO - Filling up the DagBag from /home/airflow/.local/lib/python3.9/site-packages/airflow/example_dags/example_xcom.py
[2025-12-11T04:32:00.661+0000] {processor.py:840} INFO - DAG(s) 'example_xcom' retrieved from /home/airflow/.local/lib/python3.9/site-packages/airflow/example_dags/example_xcom.py
[2025-12-11T04:32:00.717+0000] {logging_mixin.py:188} INFO - [2025-12-11T04:32:00.716+0000] {dag.py:3096} INFO - Sync 1 DAGs
[2025-12-11T04:32:00.755+0000] {logging_mixin.py:188} INFO - [2025-12-11T04:32:00.754+0000] {dag.py:3954} INFO - Setting next_dagrun for example_xcom to 2021-01-01 00:00:00+00:00, run_after=2021-01-01 00:00:00+00:00
[2025-12-11T04:32:00.782+0000] {processor.py:183} INFO - Processing /home/airflow/.local/lib/python3.9/site-packages/airflow/example_dags/example_xcom.py took 0.174 seconds
[2025-12-11T04:32:31.261+0000] {processor.py:161} INFO - Started process (PID=1858) to work on /home/airflow/.local/lib/python3.9/site-packages/airflow/example_dags/example_xcom.py
[2025-12-11T04:32:31.262+0000] {processor.py:830} INFO - Processing file /home/airflow/.local/lib/python3.9/site-packages/airflow/example_dags/example_xcom.py for tasks to queue
[2025-12-11T04:32:31.265+0000] {logging_mixin.py:188} INFO - [2025-12-11T04:32:31.265+0000] {dagbag.py:545} INFO - Filling up the DagBag from /home/airflow/.local/lib/python3.9/site-packages/airflow/example_dags/example_xcom.py
[2025-12-11T04:32:31.286+0000] {processor.py:840} INFO - DAG(s) 'example_xcom' retrieved from /home/airflow/.local/lib/python3.9/site-packages/airflow/example_dags/example_xcom.py
[2025-12-11T04:32:31.357+0000] {logging_mixin.py:188} INFO - [2025-12-11T04:32:31.357+0000] {dag.py:3096} INFO - Sync 1 DAGs
[2025-12-11T04:32:31.408+0000] {logging_mixin.py:188} INFO - [2025-12-11T04:32:31.407+0000] {dag.py:3954} INFO - Setting next_dagrun for example_xcom to 2021-01-01 00:00:00+00:00, run_after=2021-01-01 00:00:00+00:00
[2025-12-11T04:32:31.444+0000] {processor.py:183} INFO - Processing /home/airflow/.local/lib/python3.9/site-packages/airflow/example_dags/example_xcom.py took 0.203 seconds
[2025-12-11T04:33:01.918+0000] {processor.py:161} INFO - Started process (PID=1924) to work on /home/airflow/.local/lib/python3.9/site-packages/airflow/example_dags/example_xcom.py
[2025-12-11T04:33:01.920+0000] {processor.py:830} INFO - Processing file /home/airflow/.local/lib/python3.9/site-packages/airflow/example_dags/example_xcom.py for tasks to queue
[2025-12-11T04:33:01.937+0000] {logging_mixin.py:188} INFO - [2025-12-11T04:33:01.923+0000] {dagbag.py:545} INFO - Filling up the DagBag from /home/airflow/.local/lib/python3.9/site-packages/airflow/example_dags/example_xcom.py
[2025-12-11T04:33:01.979+0000] {processor.py:840} INFO - DAG(s) 'example_xcom' retrieved from /home/airflow/.local/lib/python3.9/site-packages/airflow/example_dags/example_xcom.py
[2025-12-11T04:33:02.066+0000] {logging_mixin.py:188} INFO - [2025-12-11T04:33:02.065+0000] {dag.py:3096} INFO - Sync 1 DAGs
[2025-12-11T04:33:02.126+0000] {logging_mixin.py:188} INFO - [2025-12-11T04:33:02.126+0000] {dag.py:3954} INFO - Setting next_dagrun for example_xcom to 2021-01-01 00:00:00+00:00, run_after=2021-01-01 00:00:00+00:00
[2025-12-11T04:33:02.181+0000] {processor.py:183} INFO - Processing /home/airflow/.local/lib/python3.9/site-packages/airflow/example_dags/example_xcom.py took 0.293 seconds
[2025-12-11T04:33:32.771+0000] {processor.py:161} INFO - Started process (PID=1991) to work on /home/airflow/.local/lib/python3.9/site-packages/airflow/example_dags/example_xcom.py
[2025-12-11T04:33:32.783+0000] {processor.py:830} INFO - Processing file /home/airflow/.local/lib/python3.9/site-packages/airflow/example_dags/example_xcom.py for tasks to queue
[2025-12-11T04:33:32.785+0000] {logging_mixin.py:188} INFO - [2025-12-11T04:33:32.785+0000] {dagbag.py:545} INFO - Filling up the DagBag from /home/airflow/.local/lib/python3.9/site-packages/airflow/example_dags/example_xcom.py
[2025-12-11T04:33:32.799+0000] {processor.py:840} INFO - DAG(s) 'example_xcom' retrieved from /home/airflow/.local/lib/python3.9/site-packages/airflow/example_dags/example_xcom.py
[2025-12-11T04:33:32.844+0000] {logging_mixin.py:188} INFO - [2025-12-11T04:33:32.844+0000] {dag.py:3096} INFO - Sync 1 DAGs
[2025-12-11T04:33:32.892+0000] {logging_mixin.py:188} INFO - [2025-12-11T04:33:32.891+0000] {dag.py:3954} INFO - Setting next_dagrun for example_xcom to 2021-01-01 00:00:00+00:00, run_after=2021-01-01 00:00:00+00:00
[2025-12-11T04:33:32.953+0000] {processor.py:183} INFO - Processing /home/airflow/.local/lib/python3.9/site-packages/airflow/example_dags/example_xcom.py took 0.193 seconds
[2025-12-11T04:34:03.182+0000] {processor.py:161} INFO - Started process (PID=2059) to work on /home/airflow/.local/lib/python3.9/site-packages/airflow/example_dags/example_xcom.py
[2025-12-11T04:34:03.186+0000] {processor.py:830} INFO - Processing file /home/airflow/.local/lib/python3.9/site-packages/airflow/example_dags/example_xcom.py for tasks to queue
[2025-12-11T04:34:03.190+0000] {logging_mixin.py:188} INFO - [2025-12-11T04:34:03.189+0000] {dagbag.py:545} INFO - Filling up the DagBag from /home/airflow/.local/lib/python3.9/site-packages/airflow/example_dags/example_xcom.py
[2025-12-11T04:34:03.204+0000] {processor.py:840} INFO - DAG(s) 'example_xcom' retrieved from /home/airflow/.local/lib/python3.9/site-packages/airflow/example_dags/example_xcom.py
[2025-12-11T04:34:03.260+0000] {logging_mixin.py:188} INFO - [2025-12-11T04:34:03.260+0000] {dag.py:3096} INFO - Sync 1 DAGs
[2025-12-11T04:34:03.300+0000] {logging_mixin.py:188} INFO - [2025-12-11T04:34:03.300+0000] {dag.py:3954} INFO - Setting next_dagrun for example_xcom to 2021-01-01 00:00:00+00:00, run_after=2021-01-01 00:00:00+00:00
[2025-12-11T04:34:03.333+0000] {processor.py:183} INFO - Processing /home/airflow/.local/lib/python3.9/site-packages/airflow/example_dags/example_xcom.py took 0.164 seconds
[2025-12-11T04:34:33.720+0000] {processor.py:161} INFO - Started process (PID=2126) to work on /home/airflow/.local/lib/python3.9/site-packages/airflow/example_dags/example_xcom.py
[2025-12-11T04:34:33.737+0000] {processor.py:830} INFO - Processing file /home/airflow/.local/lib/python3.9/site-packages/airflow/example_dags/example_xcom.py for tasks to queue
[2025-12-11T04:34:33.740+0000] {logging_mixin.py:188} INFO - [2025-12-11T04:34:33.740+0000] {dagbag.py:545} INFO - Filling up the DagBag from /home/airflow/.local/lib/python3.9/site-packages/airflow/example_dags/example_xcom.py
[2025-12-11T04:34:33.759+0000] {processor.py:840} INFO - DAG(s) 'example_xcom' retrieved from /home/airflow/.local/lib/python3.9/site-packages/airflow/example_dags/example_xcom.py
[2025-12-11T04:34:33.846+0000] {logging_mixin.py:188} INFO - [2025-12-11T04:34:33.846+0000] {dag.py:3096} INFO - Sync 1 DAGs
[2025-12-11T04:34:33.892+0000] {logging_mixin.py:188} INFO - [2025-12-11T04:34:33.892+0000] {dag.py:3954} INFO - Setting next_dagrun for example_xcom to 2021-01-01 00:00:00+00:00, run_after=2021-01-01 00:00:00+00:00
[2025-12-11T04:34:33.920+0000] {processor.py:183} INFO - Processing /home/airflow/.local/lib/python3.9/site-packages/airflow/example_dags/example_xcom.py took 0.211 seconds
[2025-12-11T04:35:04.001+0000] {processor.py:161} INFO - Started process (PID=2200) to work on /home/airflow/.local/lib/python3.9/site-packages/airflow/example_dags/example_xcom.py
[2025-12-11T04:35:04.002+0000] {processor.py:830} INFO - Processing file /home/airflow/.local/lib/python3.9/site-packages/airflow/example_dags/example_xcom.py for tasks to queue
[2025-12-11T04:35:04.006+0000] {logging_mixin.py:188} INFO - [2025-12-11T04:35:04.005+0000] {dagbag.py:545} INFO - Filling up the DagBag from /home/airflow/.local/lib/python3.9/site-packages/airflow/example_dags/example_xcom.py
[2025-12-11T04:35:04.028+0000] {processor.py:840} INFO - DAG(s) 'example_xcom' retrieved from /home/airflow/.local/lib/python3.9/site-packages/airflow/example_dags/example_xcom.py
[2025-12-11T04:35:04.106+0000] {logging_mixin.py:188} INFO - [2025-12-11T04:35:04.105+0000] {dag.py:3096} INFO - Sync 1 DAGs
[2025-12-11T04:35:04.177+0000] {logging_mixin.py:188} INFO - [2025-12-11T04:35:04.177+0000] {dag.py:3954} INFO - Setting next_dagrun for example_xcom to 2021-01-01 00:00:00+00:00, run_after=2021-01-01 00:00:00+00:00
[2025-12-11T04:35:04.209+0000] {processor.py:183} INFO - Processing /home/airflow/.local/lib/python3.9/site-packages/airflow/example_dags/example_xcom.py took 0.219 seconds
[2025-12-11T04:35:35.081+0000] {processor.py:161} INFO - Started process (PID=2268) to work on /home/airflow/.local/lib/python3.9/site-packages/airflow/example_dags/example_xcom.py
[2025-12-11T04:35:35.082+0000] {processor.py:830} INFO - Processing file /home/airflow/.local/lib/python3.9/site-packages/airflow/example_dags/example_xcom.py for tasks to queue
[2025-12-11T04:35:35.085+0000] {logging_mixin.py:188} INFO - [2025-12-11T04:35:35.084+0000] {dagbag.py:545} INFO - Filling up the DagBag from /home/airflow/.local/lib/python3.9/site-packages/airflow/example_dags/example_xcom.py
[2025-12-11T04:35:35.103+0000] {processor.py:840} INFO - DAG(s) 'example_xcom' retrieved from /home/airflow/.local/lib/python3.9/site-packages/airflow/example_dags/example_xcom.py
[2025-12-11T04:35:35.163+0000] {logging_mixin.py:188} INFO - [2025-12-11T04:35:35.162+0000] {dag.py:3096} INFO - Sync 1 DAGs
[2025-12-11T04:35:35.220+0000] {logging_mixin.py:188} INFO - [2025-12-11T04:35:35.219+0000] {dag.py:3954} INFO - Setting next_dagrun for example_xcom to 2021-01-01 00:00:00+00:00, run_after=2021-01-01 00:00:00+00:00
[2025-12-11T04:35:35.266+0000] {processor.py:183} INFO - Processing /home/airflow/.local/lib/python3.9/site-packages/airflow/example_dags/example_xcom.py took 0.197 seconds
[2025-12-11T04:36:05.521+0000] {processor.py:161} INFO - Started process (PID=2335) to work on /home/airflow/.local/lib/python3.9/site-packages/airflow/example_dags/example_xcom.py
[2025-12-11T04:36:05.522+0000] {processor.py:830} INFO - Processing file /home/airflow/.local/lib/python3.9/site-packages/airflow/example_dags/example_xcom.py for tasks to queue
[2025-12-11T04:36:05.525+0000] {logging_mixin.py:188} INFO - [2025-12-11T04:36:05.524+0000] {dagbag.py:545} INFO - Filling up the DagBag from /home/airflow/.local/lib/python3.9/site-packages/airflow/example_dags/example_xcom.py
[2025-12-11T04:36:05.546+0000] {processor.py:840} INFO - DAG(s) 'example_xcom' retrieved from /home/airflow/.local/lib/python3.9/site-packages/airflow/example_dags/example_xcom.py
[2025-12-11T04:36:05.624+0000] {logging_mixin.py:188} INFO - [2025-12-11T04:36:05.623+0000] {dag.py:3096} INFO - Sync 1 DAGs
[2025-12-11T04:36:05.737+0000] {logging_mixin.py:188} INFO - [2025-12-11T04:36:05.737+0000] {dag.py:3954} INFO - Setting next_dagrun for example_xcom to 2021-01-01 00:00:00+00:00, run_after=2021-01-01 00:00:00+00:00
[2025-12-11T04:36:05.803+0000] {processor.py:183} INFO - Processing /home/airflow/.local/lib/python3.9/site-packages/airflow/example_dags/example_xcom.py took 0.300 seconds
[2025-12-11T04:36:36.340+0000] {processor.py:161} INFO - Started process (PID=2402) to work on /home/airflow/.local/lib/python3.9/site-packages/airflow/example_dags/example_xcom.py
[2025-12-11T04:36:36.342+0000] {processor.py:830} INFO - Processing file /home/airflow/.local/lib/python3.9/site-packages/airflow/example_dags/example_xcom.py for tasks to queue
[2025-12-11T04:36:36.345+0000] {logging_mixin.py:188} INFO - [2025-12-11T04:36:36.344+0000] {dagbag.py:545} INFO - Filling up the DagBag from /home/airflow/.local/lib/python3.9/site-packages/airflow/example_dags/example_xcom.py
[2025-12-11T04:36:36.381+0000] {processor.py:840} INFO - DAG(s) 'example_xcom' retrieved from /home/airflow/.local/lib/python3.9/site-packages/airflow/example_dags/example_xcom.py
[2025-12-11T04:36:36.467+0000] {logging_mixin.py:188} INFO - [2025-12-11T04:36:36.467+0000] {dag.py:3096} INFO - Sync 1 DAGs
[2025-12-11T04:36:36.541+0000] {logging_mixin.py:188} INFO - [2025-12-11T04:36:36.541+0000] {dag.py:3954} INFO - Setting next_dagrun for example_xcom to 2021-01-01 00:00:00+00:00, run_after=2021-01-01 00:00:00+00:00
[2025-12-11T04:36:36.661+0000] {processor.py:183} INFO - Processing /home/airflow/.local/lib/python3.9/site-packages/airflow/example_dags/example_xcom.py took 0.354 seconds
[2025-12-11T04:37:07.242+0000] {processor.py:161} INFO - Started process (PID=2469) to work on /home/airflow/.local/lib/python3.9/site-packages/airflow/example_dags/example_xcom.py
[2025-12-11T04:37:07.249+0000] {processor.py:830} INFO - Processing file /home/airflow/.local/lib/python3.9/site-packages/airflow/example_dags/example_xcom.py for tasks to queue
[2025-12-11T04:37:07.259+0000] {logging_mixin.py:188} INFO - [2025-12-11T04:37:07.259+0000] {dagbag.py:545} INFO - Filling up the DagBag from /home/airflow/.local/lib/python3.9/site-packages/airflow/example_dags/example_xcom.py
[2025-12-11T04:37:07.282+0000] {processor.py:840} INFO - DAG(s) 'example_xcom' retrieved from /home/airflow/.local/lib/python3.9/site-packages/airflow/example_dags/example_xcom.py
[2025-12-11T04:37:07.359+0000] {logging_mixin.py:188} INFO - [2025-12-11T04:37:07.359+0000] {dag.py:3096} INFO - Sync 1 DAGs
[2025-12-11T04:37:07.459+0000] {logging_mixin.py:188} INFO - [2025-12-11T04:37:07.458+0000] {dag.py:3954} INFO - Setting next_dagrun for example_xcom to 2021-01-01 00:00:00+00:00, run_after=2021-01-01 00:00:00+00:00
[2025-12-11T04:37:07.524+0000] {processor.py:183} INFO - Processing /home/airflow/.local/lib/python3.9/site-packages/airflow/example_dags/example_xcom.py took 0.302 seconds
[2025-12-11T04:37:37.920+0000] {processor.py:161} INFO - Started process (PID=2536) to work on /home/airflow/.local/lib/python3.9/site-packages/airflow/example_dags/example_xcom.py
[2025-12-11T04:37:37.927+0000] {processor.py:830} INFO - Processing file /home/airflow/.local/lib/python3.9/site-packages/airflow/example_dags/example_xcom.py for tasks to queue
[2025-12-11T04:37:37.930+0000] {logging_mixin.py:188} INFO - [2025-12-11T04:37:37.929+0000] {dagbag.py:545} INFO - Filling up the DagBag from /home/airflow/.local/lib/python3.9/site-packages/airflow/example_dags/example_xcom.py
[2025-12-11T04:37:37.945+0000] {processor.py:840} INFO - DAG(s) 'example_xcom' retrieved from /home/airflow/.local/lib/python3.9/site-packages/airflow/example_dags/example_xcom.py
[2025-12-11T04:37:37.997+0000] {logging_mixin.py:188} INFO - [2025-12-11T04:37:37.990+0000] {dag.py:3096} INFO - Sync 1 DAGs
[2025-12-11T04:37:38.100+0000] {logging_mixin.py:188} INFO - [2025-12-11T04:37:38.099+0000] {dag.py:3954} INFO - Setting next_dagrun for example_xcom to 2021-01-01 00:00:00+00:00, run_after=2021-01-01 00:00:00+00:00
[2025-12-11T04:37:38.219+0000] {processor.py:183} INFO - Processing /home/airflow/.local/lib/python3.9/site-packages/airflow/example_dags/example_xcom.py took 0.336 seconds
[2025-12-11T04:38:08.682+0000] {processor.py:161} INFO - Started process (PID=2594) to work on /home/airflow/.local/lib/python3.9/site-packages/airflow/example_dags/example_xcom.py
[2025-12-11T04:38:08.751+0000] {processor.py:830} INFO - Processing file /home/airflow/.local/lib/python3.9/site-packages/airflow/example_dags/example_xcom.py for tasks to queue
[2025-12-11T04:38:08.755+0000] {logging_mixin.py:188} INFO - [2025-12-11T04:38:08.755+0000] {dagbag.py:545} INFO - Filling up the DagBag from /home/airflow/.local/lib/python3.9/site-packages/airflow/example_dags/example_xcom.py
[2025-12-11T04:38:08.771+0000] {processor.py:840} INFO - DAG(s) 'example_xcom' retrieved from /home/airflow/.local/lib/python3.9/site-packages/airflow/example_dags/example_xcom.py
[2025-12-11T04:38:08.844+0000] {logging_mixin.py:188} INFO - [2025-12-11T04:38:08.844+0000] {dag.py:3096} INFO - Sync 1 DAGs
[2025-12-11T04:38:09.003+0000] {logging_mixin.py:188} INFO - [2025-12-11T04:38:09.003+0000] {dag.py:3954} INFO - Setting next_dagrun for example_xcom to 2021-01-01 00:00:00+00:00, run_after=2021-01-01 00:00:00+00:00
[2025-12-11T04:38:09.100+0000] {processor.py:183} INFO - Processing /home/airflow/.local/lib/python3.9/site-packages/airflow/example_dags/example_xcom.py took 0.439 seconds
[2025-12-11T04:38:39.387+0000] {processor.py:161} INFO - Started process (PID=2661) to work on /home/airflow/.local/lib/python3.9/site-packages/airflow/example_dags/example_xcom.py
[2025-12-11T04:38:39.407+0000] {processor.py:830} INFO - Processing file /home/airflow/.local/lib/python3.9/site-packages/airflow/example_dags/example_xcom.py for tasks to queue
[2025-12-11T04:38:39.418+0000] {logging_mixin.py:188} INFO - [2025-12-11T04:38:39.417+0000] {dagbag.py:545} INFO - Filling up the DagBag from /home/airflow/.local/lib/python3.9/site-packages/airflow/example_dags/example_xcom.py
[2025-12-11T04:38:39.465+0000] {processor.py:840} INFO - DAG(s) 'example_xcom' retrieved from /home/airflow/.local/lib/python3.9/site-packages/airflow/example_dags/example_xcom.py
[2025-12-11T04:38:39.545+0000] {logging_mixin.py:188} INFO - [2025-12-11T04:38:39.544+0000] {dag.py:3096} INFO - Sync 1 DAGs
[2025-12-11T04:38:39.601+0000] {logging_mixin.py:188} INFO - [2025-12-11T04:38:39.601+0000] {dag.py:3954} INFO - Setting next_dagrun for example_xcom to 2021-01-01 00:00:00+00:00, run_after=2021-01-01 00:00:00+00:00
[2025-12-11T04:38:39.646+0000] {processor.py:183} INFO - Processing /home/airflow/.local/lib/python3.9/site-packages/airflow/example_dags/example_xcom.py took 0.269 seconds
[2025-12-11T04:39:09.844+0000] {processor.py:161} INFO - Started process (PID=2728) to work on /home/airflow/.local/lib/python3.9/site-packages/airflow/example_dags/example_xcom.py
[2025-12-11T04:39:09.845+0000] {processor.py:830} INFO - Processing file /home/airflow/.local/lib/python3.9/site-packages/airflow/example_dags/example_xcom.py for tasks to queue
[2025-12-11T04:39:09.857+0000] {logging_mixin.py:188} INFO - [2025-12-11T04:39:09.848+0000] {dagbag.py:545} INFO - Filling up the DagBag from /home/airflow/.local/lib/python3.9/site-packages/airflow/example_dags/example_xcom.py
[2025-12-11T04:39:09.867+0000] {processor.py:840} INFO - DAG(s) 'example_xcom' retrieved from /home/airflow/.local/lib/python3.9/site-packages/airflow/example_dags/example_xcom.py
[2025-12-11T04:39:09.941+0000] {logging_mixin.py:188} INFO - [2025-12-11T04:39:09.940+0000] {dag.py:3096} INFO - Sync 1 DAGs
[2025-12-11T04:39:09.986+0000] {logging_mixin.py:188} INFO - [2025-12-11T04:39:09.985+0000] {dag.py:3954} INFO - Setting next_dagrun for example_xcom to 2021-01-01 00:00:00+00:00, run_after=2021-01-01 00:00:00+00:00
[2025-12-11T04:39:10.028+0000] {processor.py:183} INFO - Processing /home/airflow/.local/lib/python3.9/site-packages/airflow/example_dags/example_xcom.py took 0.199 seconds
[2025-12-11T04:39:40.373+0000] {processor.py:161} INFO - Started process (PID=2794) to work on /home/airflow/.local/lib/python3.9/site-packages/airflow/example_dags/example_xcom.py
[2025-12-11T04:39:40.374+0000] {processor.py:830} INFO - Processing file /home/airflow/.local/lib/python3.9/site-packages/airflow/example_dags/example_xcom.py for tasks to queue
[2025-12-11T04:39:40.377+0000] {logging_mixin.py:188} INFO - [2025-12-11T04:39:40.377+0000] {dagbag.py:545} INFO - Filling up the DagBag from /home/airflow/.local/lib/python3.9/site-packages/airflow/example_dags/example_xcom.py
[2025-12-11T04:39:40.388+0000] {processor.py:840} INFO - DAG(s) 'example_xcom' retrieved from /home/airflow/.local/lib/python3.9/site-packages/airflow/example_dags/example_xcom.py
[2025-12-11T04:39:40.434+0000] {logging_mixin.py:188} INFO - [2025-12-11T04:39:40.433+0000] {dag.py:3096} INFO - Sync 1 DAGs
[2025-12-11T04:39:40.828+0000] {logging_mixin.py:188} INFO - [2025-12-11T04:39:40.827+0000] {dag.py:3954} INFO - Setting next_dagrun for example_xcom to 2021-01-01 00:00:00+00:00, run_after=2021-01-01 00:00:00+00:00
[2025-12-11T04:39:40.932+0000] {processor.py:183} INFO - Processing /home/airflow/.local/lib/python3.9/site-packages/airflow/example_dags/example_xcom.py took 0.569 seconds
[2025-12-11T04:40:11.047+0000] {processor.py:161} INFO - Started process (PID=2861) to work on /home/airflow/.local/lib/python3.9/site-packages/airflow/example_dags/example_xcom.py
[2025-12-11T04:40:11.049+0000] {processor.py:830} INFO - Processing file /home/airflow/.local/lib/python3.9/site-packages/airflow/example_dags/example_xcom.py for tasks to queue
[2025-12-11T04:40:11.052+0000] {logging_mixin.py:188} INFO - [2025-12-11T04:40:11.051+0000] {dagbag.py:545} INFO - Filling up the DagBag from /home/airflow/.local/lib/python3.9/site-packages/airflow/example_dags/example_xcom.py
[2025-12-11T04:40:11.065+0000] {processor.py:840} INFO - DAG(s) 'example_xcom' retrieved from /home/airflow/.local/lib/python3.9/site-packages/airflow/example_dags/example_xcom.py
[2025-12-11T04:40:11.119+0000] {logging_mixin.py:188} INFO - [2025-12-11T04:40:11.118+0000] {dag.py:3096} INFO - Sync 1 DAGs
[2025-12-11T04:40:11.396+0000] {logging_mixin.py:188} INFO - [2025-12-11T04:40:11.395+0000] {dag.py:3954} INFO - Setting next_dagrun for example_xcom to 2021-01-01 00:00:00+00:00, run_after=2021-01-01 00:00:00+00:00
[2025-12-11T04:40:11.420+0000] {processor.py:183} INFO - Processing /home/airflow/.local/lib/python3.9/site-packages/airflow/example_dags/example_xcom.py took 0.383 seconds
[2025-12-11T04:40:41.509+0000] {processor.py:161} INFO - Started process (PID=2927) to work on /home/airflow/.local/lib/python3.9/site-packages/airflow/example_dags/example_xcom.py
[2025-12-11T04:40:41.511+0000] {processor.py:830} INFO - Processing file /home/airflow/.local/lib/python3.9/site-packages/airflow/example_dags/example_xcom.py for tasks to queue
[2025-12-11T04:40:41.519+0000] {logging_mixin.py:188} INFO - [2025-12-11T04:40:41.519+0000] {dagbag.py:545} INFO - Filling up the DagBag from /home/airflow/.local/lib/python3.9/site-packages/airflow/example_dags/example_xcom.py
[2025-12-11T04:40:41.531+0000] {processor.py:840} INFO - DAG(s) 'example_xcom' retrieved from /home/airflow/.local/lib/python3.9/site-packages/airflow/example_dags/example_xcom.py
[2025-12-11T04:40:41.575+0000] {logging_mixin.py:188} INFO - [2025-12-11T04:40:41.574+0000] {dag.py:3096} INFO - Sync 1 DAGs
[2025-12-11T04:40:41.892+0000] {logging_mixin.py:188} INFO - [2025-12-11T04:40:41.891+0000] {dag.py:3954} INFO - Setting next_dagrun for example_xcom to 2021-01-01 00:00:00+00:00, run_after=2021-01-01 00:00:00+00:00
[2025-12-11T04:40:41.925+0000] {processor.py:183} INFO - Processing /home/airflow/.local/lib/python3.9/site-packages/airflow/example_dags/example_xcom.py took 0.430 seconds
[2025-12-11T04:41:12.307+0000] {processor.py:161} INFO - Started process (PID=2994) to work on /home/airflow/.local/lib/python3.9/site-packages/airflow/example_dags/example_xcom.py
[2025-12-11T04:41:12.309+0000] {processor.py:830} INFO - Processing file /home/airflow/.local/lib/python3.9/site-packages/airflow/example_dags/example_xcom.py for tasks to queue
[2025-12-11T04:41:12.312+0000] {logging_mixin.py:188} INFO - [2025-12-11T04:41:12.311+0000] {dagbag.py:545} INFO - Filling up the DagBag from /home/airflow/.local/lib/python3.9/site-packages/airflow/example_dags/example_xcom.py
[2025-12-11T04:41:12.329+0000] {processor.py:840} INFO - DAG(s) 'example_xcom' retrieved from /home/airflow/.local/lib/python3.9/site-packages/airflow/example_dags/example_xcom.py
[2025-12-11T04:41:12.371+0000] {logging_mixin.py:188} INFO - [2025-12-11T04:41:12.370+0000] {dag.py:3096} INFO - Sync 1 DAGs
[2025-12-11T04:41:12.410+0000] {logging_mixin.py:188} INFO - [2025-12-11T04:41:12.409+0000] {dag.py:3954} INFO - Setting next_dagrun for example_xcom to 2021-01-01 00:00:00+00:00, run_after=2021-01-01 00:00:00+00:00
[2025-12-11T04:41:12.444+0000] {processor.py:183} INFO - Processing /home/airflow/.local/lib/python3.9/site-packages/airflow/example_dags/example_xcom.py took 0.147 seconds
[2025-12-11T04:41:42.568+0000] {processor.py:161} INFO - Started process (PID=3060) to work on /home/airflow/.local/lib/python3.9/site-packages/airflow/example_dags/example_xcom.py
[2025-12-11T04:41:42.570+0000] {processor.py:830} INFO - Processing file /home/airflow/.local/lib/python3.9/site-packages/airflow/example_dags/example_xcom.py for tasks to queue
[2025-12-11T04:41:42.573+0000] {logging_mixin.py:188} INFO - [2025-12-11T04:41:42.572+0000] {dagbag.py:545} INFO - Filling up the DagBag from /home/airflow/.local/lib/python3.9/site-packages/airflow/example_dags/example_xcom.py
[2025-12-11T04:41:42.583+0000] {processor.py:840} INFO - DAG(s) 'example_xcom' retrieved from /home/airflow/.local/lib/python3.9/site-packages/airflow/example_dags/example_xcom.py
[2025-12-11T04:41:42.620+0000] {logging_mixin.py:188} INFO - [2025-12-11T04:41:42.620+0000] {dag.py:3096} INFO - Sync 1 DAGs
[2025-12-11T04:41:42.655+0000] {logging_mixin.py:188} INFO - [2025-12-11T04:41:42.654+0000] {dag.py:3954} INFO - Setting next_dagrun for example_xcom to 2021-01-01 00:00:00+00:00, run_after=2021-01-01 00:00:00+00:00
[2025-12-11T04:41:42.678+0000] {processor.py:183} INFO - Processing /home/airflow/.local/lib/python3.9/site-packages/airflow/example_dags/example_xcom.py took 0.119 seconds
[2025-12-11T04:42:13.523+0000] {processor.py:161} INFO - Started process (PID=3129) to work on /home/airflow/.local/lib/python3.9/site-packages/airflow/example_dags/example_xcom.py
[2025-12-11T04:42:13.525+0000] {processor.py:830} INFO - Processing file /home/airflow/.local/lib/python3.9/site-packages/airflow/example_dags/example_xcom.py for tasks to queue
[2025-12-11T04:42:13.528+0000] {logging_mixin.py:188} INFO - [2025-12-11T04:42:13.528+0000] {dagbag.py:545} INFO - Filling up the DagBag from /home/airflow/.local/lib/python3.9/site-packages/airflow/example_dags/example_xcom.py
[2025-12-11T04:42:13.540+0000] {processor.py:840} INFO - DAG(s) 'example_xcom' retrieved from /home/airflow/.local/lib/python3.9/site-packages/airflow/example_dags/example_xcom.py
[2025-12-11T04:42:13.587+0000] {logging_mixin.py:188} INFO - [2025-12-11T04:42:13.587+0000] {dag.py:3096} INFO - Sync 1 DAGs
[2025-12-11T04:42:13.628+0000] {logging_mixin.py:188} INFO - [2025-12-11T04:42:13.627+0000] {dag.py:3954} INFO - Setting next_dagrun for example_xcom to 2021-01-01 00:00:00+00:00, run_after=2021-01-01 00:00:00+00:00
[2025-12-11T04:42:13.656+0000] {processor.py:183} INFO - Processing /home/airflow/.local/lib/python3.9/site-packages/airflow/example_dags/example_xcom.py took 0.142 seconds
[2025-12-11T04:42:44.140+0000] {processor.py:161} INFO - Started process (PID=3196) to work on /home/airflow/.local/lib/python3.9/site-packages/airflow/example_dags/example_xcom.py
[2025-12-11T04:42:44.142+0000] {processor.py:830} INFO - Processing file /home/airflow/.local/lib/python3.9/site-packages/airflow/example_dags/example_xcom.py for tasks to queue
[2025-12-11T04:42:44.145+0000] {logging_mixin.py:188} INFO - [2025-12-11T04:42:44.145+0000] {dagbag.py:545} INFO - Filling up the DagBag from /home/airflow/.local/lib/python3.9/site-packages/airflow/example_dags/example_xcom.py
[2025-12-11T04:42:44.164+0000] {processor.py:840} INFO - DAG(s) 'example_xcom' retrieved from /home/airflow/.local/lib/python3.9/site-packages/airflow/example_dags/example_xcom.py
[2025-12-11T04:42:44.224+0000] {logging_mixin.py:188} INFO - [2025-12-11T04:42:44.224+0000] {dag.py:3096} INFO - Sync 1 DAGs
[2025-12-11T04:42:44.264+0000] {logging_mixin.py:188} INFO - [2025-12-11T04:42:44.263+0000] {dag.py:3954} INFO - Setting next_dagrun for example_xcom to 2021-01-01 00:00:00+00:00, run_after=2021-01-01 00:00:00+00:00
[2025-12-11T04:42:44.289+0000] {processor.py:183} INFO - Processing /home/airflow/.local/lib/python3.9/site-packages/airflow/example_dags/example_xcom.py took 0.167 seconds
[2025-12-11T04:43:15.170+0000] {processor.py:161} INFO - Started process (PID=3263) to work on /home/airflow/.local/lib/python3.9/site-packages/airflow/example_dags/example_xcom.py
[2025-12-11T04:43:15.172+0000] {processor.py:830} INFO - Processing file /home/airflow/.local/lib/python3.9/site-packages/airflow/example_dags/example_xcom.py for tasks to queue
[2025-12-11T04:43:15.176+0000] {logging_mixin.py:188} INFO - [2025-12-11T04:43:15.175+0000] {dagbag.py:545} INFO - Filling up the DagBag from /home/airflow/.local/lib/python3.9/site-packages/airflow/example_dags/example_xcom.py
[2025-12-11T04:43:15.187+0000] {processor.py:840} INFO - DAG(s) 'example_xcom' retrieved from /home/airflow/.local/lib/python3.9/site-packages/airflow/example_dags/example_xcom.py
[2025-12-11T04:43:15.229+0000] {logging_mixin.py:188} INFO - [2025-12-11T04:43:15.228+0000] {dag.py:3096} INFO - Sync 1 DAGs
[2025-12-11T04:43:15.268+0000] {logging_mixin.py:188} INFO - [2025-12-11T04:43:15.267+0000] {dag.py:3954} INFO - Setting next_dagrun for example_xcom to 2021-01-01 00:00:00+00:00, run_after=2021-01-01 00:00:00+00:00
[2025-12-11T04:43:15.293+0000] {processor.py:183} INFO - Processing /home/airflow/.local/lib/python3.9/site-packages/airflow/example_dags/example_xcom.py took 0.135 seconds
[2025-12-11T04:43:45.738+0000] {processor.py:161} INFO - Started process (PID=3330) to work on /home/airflow/.local/lib/python3.9/site-packages/airflow/example_dags/example_xcom.py
[2025-12-11T04:43:45.797+0000] {processor.py:830} INFO - Processing file /home/airflow/.local/lib/python3.9/site-packages/airflow/example_dags/example_xcom.py for tasks to queue
[2025-12-11T04:43:45.800+0000] {logging_mixin.py:188} INFO - [2025-12-11T04:43:45.799+0000] {dagbag.py:545} INFO - Filling up the DagBag from /home/airflow/.local/lib/python3.9/site-packages/airflow/example_dags/example_xcom.py
[2025-12-11T04:43:45.822+0000] {processor.py:840} INFO - DAG(s) 'example_xcom' retrieved from /home/airflow/.local/lib/python3.9/site-packages/airflow/example_dags/example_xcom.py
[2025-12-11T04:43:45.872+0000] {logging_mixin.py:188} INFO - [2025-12-11T04:43:45.871+0000] {dag.py:3096} INFO - Sync 1 DAGs
[2025-12-11T04:43:45.911+0000] {logging_mixin.py:188} INFO - [2025-12-11T04:43:45.910+0000] {dag.py:3954} INFO - Setting next_dagrun for example_xcom to 2021-01-01 00:00:00+00:00, run_after=2021-01-01 00:00:00+00:00
[2025-12-11T04:43:45.979+0000] {processor.py:183} INFO - Processing /home/airflow/.local/lib/python3.9/site-packages/airflow/example_dags/example_xcom.py took 0.250 seconds
[2025-12-11T04:44:16.133+0000] {processor.py:161} INFO - Started process (PID=3397) to work on /home/airflow/.local/lib/python3.9/site-packages/airflow/example_dags/example_xcom.py
[2025-12-11T04:44:16.144+0000] {processor.py:830} INFO - Processing file /home/airflow/.local/lib/python3.9/site-packages/airflow/example_dags/example_xcom.py for tasks to queue
[2025-12-11T04:44:16.147+0000] {logging_mixin.py:188} INFO - [2025-12-11T04:44:16.147+0000] {dagbag.py:545} INFO - Filling up the DagBag from /home/airflow/.local/lib/python3.9/site-packages/airflow/example_dags/example_xcom.py
[2025-12-11T04:44:16.179+0000] {processor.py:840} INFO - DAG(s) 'example_xcom' retrieved from /home/airflow/.local/lib/python3.9/site-packages/airflow/example_dags/example_xcom.py
[2025-12-11T04:44:16.251+0000] {logging_mixin.py:188} INFO - [2025-12-11T04:44:16.250+0000] {dag.py:3096} INFO - Sync 1 DAGs
[2025-12-11T04:44:16.305+0000] {logging_mixin.py:188} INFO - [2025-12-11T04:44:16.304+0000] {dag.py:3954} INFO - Setting next_dagrun for example_xcom to 2021-01-01 00:00:00+00:00, run_after=2021-01-01 00:00:00+00:00
[2025-12-11T04:44:16.359+0000] {processor.py:183} INFO - Processing /home/airflow/.local/lib/python3.9/site-packages/airflow/example_dags/example_xcom.py took 0.236 seconds
[2025-12-11T04:44:46.453+0000] {processor.py:161} INFO - Started process (PID=3463) to work on /home/airflow/.local/lib/python3.9/site-packages/airflow/example_dags/example_xcom.py
[2025-12-11T04:44:46.458+0000] {processor.py:830} INFO - Processing file /home/airflow/.local/lib/python3.9/site-packages/airflow/example_dags/example_xcom.py for tasks to queue
[2025-12-11T04:44:46.460+0000] {logging_mixin.py:188} INFO - [2025-12-11T04:44:46.460+0000] {dagbag.py:545} INFO - Filling up the DagBag from /home/airflow/.local/lib/python3.9/site-packages/airflow/example_dags/example_xcom.py
[2025-12-11T04:44:46.472+0000] {processor.py:840} INFO - DAG(s) 'example_xcom' retrieved from /home/airflow/.local/lib/python3.9/site-packages/airflow/example_dags/example_xcom.py
[2025-12-11T04:44:46.515+0000] {logging_mixin.py:188} INFO - [2025-12-11T04:44:46.515+0000] {dag.py:3096} INFO - Sync 1 DAGs
[2025-12-11T04:44:46.564+0000] {logging_mixin.py:188} INFO - [2025-12-11T04:44:46.564+0000] {dag.py:3954} INFO - Setting next_dagrun for example_xcom to 2021-01-01 00:00:00+00:00, run_after=2021-01-01 00:00:00+00:00
[2025-12-11T04:44:46.601+0000] {processor.py:183} INFO - Processing /home/airflow/.local/lib/python3.9/site-packages/airflow/example_dags/example_xcom.py took 0.159 seconds
[2025-12-11T04:45:17.066+0000] {processor.py:161} INFO - Started process (PID=3528) to work on /home/airflow/.local/lib/python3.9/site-packages/airflow/example_dags/example_xcom.py
[2025-12-11T04:45:17.068+0000] {processor.py:830} INFO - Processing file /home/airflow/.local/lib/python3.9/site-packages/airflow/example_dags/example_xcom.py for tasks to queue
[2025-12-11T04:45:17.072+0000] {logging_mixin.py:188} INFO - [2025-12-11T04:45:17.071+0000] {dagbag.py:545} INFO - Filling up the DagBag from /home/airflow/.local/lib/python3.9/site-packages/airflow/example_dags/example_xcom.py
[2025-12-11T04:45:17.099+0000] {processor.py:840} INFO - DAG(s) 'example_xcom' retrieved from /home/airflow/.local/lib/python3.9/site-packages/airflow/example_dags/example_xcom.py
[2025-12-11T04:45:17.153+0000] {logging_mixin.py:188} INFO - [2025-12-11T04:45:17.152+0000] {dag.py:3096} INFO - Sync 1 DAGs
[2025-12-11T04:45:17.196+0000] {logging_mixin.py:188} INFO - [2025-12-11T04:45:17.195+0000] {dag.py:3954} INFO - Setting next_dagrun for example_xcom to 2021-01-01 00:00:00+00:00, run_after=2021-01-01 00:00:00+00:00
[2025-12-11T04:45:17.226+0000] {processor.py:183} INFO - Processing /home/airflow/.local/lib/python3.9/site-packages/airflow/example_dags/example_xcom.py took 0.183 seconds
[2025-12-11T04:45:47.419+0000] {processor.py:161} INFO - Started process (PID=3595) to work on /home/airflow/.local/lib/python3.9/site-packages/airflow/example_dags/example_xcom.py
[2025-12-11T04:45:47.462+0000] {processor.py:830} INFO - Processing file /home/airflow/.local/lib/python3.9/site-packages/airflow/example_dags/example_xcom.py for tasks to queue
[2025-12-11T04:45:47.465+0000] {logging_mixin.py:188} INFO - [2025-12-11T04:45:47.465+0000] {dagbag.py:545} INFO - Filling up the DagBag from /home/airflow/.local/lib/python3.9/site-packages/airflow/example_dags/example_xcom.py
[2025-12-11T04:45:47.479+0000] {processor.py:840} INFO - DAG(s) 'example_xcom' retrieved from /home/airflow/.local/lib/python3.9/site-packages/airflow/example_dags/example_xcom.py
[2025-12-11T04:45:47.524+0000] {logging_mixin.py:188} INFO - [2025-12-11T04:45:47.524+0000] {dag.py:3096} INFO - Sync 1 DAGs
[2025-12-11T04:45:47.555+0000] {logging_mixin.py:188} INFO - [2025-12-11T04:45:47.555+0000] {dag.py:3954} INFO - Setting next_dagrun for example_xcom to 2021-01-01 00:00:00+00:00, run_after=2021-01-01 00:00:00+00:00
[2025-12-11T04:45:47.865+0000] {processor.py:183} INFO - Processing /home/airflow/.local/lib/python3.9/site-packages/airflow/example_dags/example_xcom.py took 0.458 seconds
[2025-12-11T04:46:18.300+0000] {processor.py:161} INFO - Started process (PID=3669) to work on /home/airflow/.local/lib/python3.9/site-packages/airflow/example_dags/example_xcom.py
[2025-12-11T04:46:18.308+0000] {processor.py:830} INFO - Processing file /home/airflow/.local/lib/python3.9/site-packages/airflow/example_dags/example_xcom.py for tasks to queue
[2025-12-11T04:46:18.319+0000] {logging_mixin.py:188} INFO - [2025-12-11T04:46:18.319+0000] {dagbag.py:545} INFO - Filling up the DagBag from /home/airflow/.local/lib/python3.9/site-packages/airflow/example_dags/example_xcom.py
[2025-12-11T04:46:18.339+0000] {processor.py:840} INFO - DAG(s) 'example_xcom' retrieved from /home/airflow/.local/lib/python3.9/site-packages/airflow/example_dags/example_xcom.py
[2025-12-11T04:46:18.412+0000] {logging_mixin.py:188} INFO - [2025-12-11T04:46:18.412+0000] {dag.py:3096} INFO - Sync 1 DAGs
[2025-12-11T04:46:18.487+0000] {logging_mixin.py:188} INFO - [2025-12-11T04:46:18.487+0000] {dag.py:3954} INFO - Setting next_dagrun for example_xcom to 2021-01-01 00:00:00+00:00, run_after=2021-01-01 00:00:00+00:00
[2025-12-11T04:46:18.559+0000] {processor.py:183} INFO - Processing /home/airflow/.local/lib/python3.9/site-packages/airflow/example_dags/example_xcom.py took 0.271 seconds
[2025-12-11T04:46:48.701+0000] {processor.py:161} INFO - Started process (PID=3735) to work on /home/airflow/.local/lib/python3.9/site-packages/airflow/example_dags/example_xcom.py
[2025-12-11T04:46:48.702+0000] {processor.py:830} INFO - Processing file /home/airflow/.local/lib/python3.9/site-packages/airflow/example_dags/example_xcom.py for tasks to queue
[2025-12-11T04:46:48.705+0000] {logging_mixin.py:188} INFO - [2025-12-11T04:46:48.704+0000] {dagbag.py:545} INFO - Filling up the DagBag from /home/airflow/.local/lib/python3.9/site-packages/airflow/example_dags/example_xcom.py
[2025-12-11T04:46:48.725+0000] {processor.py:840} INFO - DAG(s) 'example_xcom' retrieved from /home/airflow/.local/lib/python3.9/site-packages/airflow/example_dags/example_xcom.py
[2025-12-11T04:46:48.797+0000] {logging_mixin.py:188} INFO - [2025-12-11T04:46:48.791+0000] {dag.py:3096} INFO - Sync 1 DAGs
[2025-12-11T04:46:48.862+0000] {logging_mixin.py:188} INFO - [2025-12-11T04:46:48.861+0000] {dag.py:3954} INFO - Setting next_dagrun for example_xcom to 2021-01-01 00:00:00+00:00, run_after=2021-01-01 00:00:00+00:00
[2025-12-11T04:46:48.921+0000] {processor.py:183} INFO - Processing /home/airflow/.local/lib/python3.9/site-packages/airflow/example_dags/example_xcom.py took 0.240 seconds
[2025-12-11T04:47:19.037+0000] {processor.py:161} INFO - Started process (PID=3799) to work on /home/airflow/.local/lib/python3.9/site-packages/airflow/example_dags/example_xcom.py
[2025-12-11T04:47:19.046+0000] {processor.py:830} INFO - Processing file /home/airflow/.local/lib/python3.9/site-packages/airflow/example_dags/example_xcom.py for tasks to queue
[2025-12-11T04:47:19.049+0000] {logging_mixin.py:188} INFO - [2025-12-11T04:47:19.049+0000] {dagbag.py:545} INFO - Filling up the DagBag from /home/airflow/.local/lib/python3.9/site-packages/airflow/example_dags/example_xcom.py
[2025-12-11T04:47:19.065+0000] {processor.py:840} INFO - DAG(s) 'example_xcom' retrieved from /home/airflow/.local/lib/python3.9/site-packages/airflow/example_dags/example_xcom.py
[2025-12-11T04:47:19.125+0000] {logging_mixin.py:188} INFO - [2025-12-11T04:47:19.124+0000] {dag.py:3096} INFO - Sync 1 DAGs
[2025-12-11T04:47:19.180+0000] {logging_mixin.py:188} INFO - [2025-12-11T04:47:19.180+0000] {dag.py:3954} INFO - Setting next_dagrun for example_xcom to 2021-01-01 00:00:00+00:00, run_after=2021-01-01 00:00:00+00:00
[2025-12-11T04:47:19.225+0000] {processor.py:183} INFO - Processing /home/airflow/.local/lib/python3.9/site-packages/airflow/example_dags/example_xcom.py took 0.211 seconds
[2025-12-11T04:47:49.846+0000] {processor.py:161} INFO - Started process (PID=3866) to work on /home/airflow/.local/lib/python3.9/site-packages/airflow/example_dags/example_xcom.py
[2025-12-11T04:47:49.848+0000] {processor.py:830} INFO - Processing file /home/airflow/.local/lib/python3.9/site-packages/airflow/example_dags/example_xcom.py for tasks to queue
[2025-12-11T04:47:49.860+0000] {logging_mixin.py:188} INFO - [2025-12-11T04:47:49.859+0000] {dagbag.py:545} INFO - Filling up the DagBag from /home/airflow/.local/lib/python3.9/site-packages/airflow/example_dags/example_xcom.py
[2025-12-11T04:47:49.884+0000] {processor.py:840} INFO - DAG(s) 'example_xcom' retrieved from /home/airflow/.local/lib/python3.9/site-packages/airflow/example_dags/example_xcom.py
[2025-12-11T04:47:49.947+0000] {logging_mixin.py:188} INFO - [2025-12-11T04:47:49.947+0000] {dag.py:3096} INFO - Sync 1 DAGs
[2025-12-11T04:47:50.001+0000] {logging_mixin.py:188} INFO - [2025-12-11T04:47:50.001+0000] {dag.py:3954} INFO - Setting next_dagrun for example_xcom to 2021-01-01 00:00:00+00:00, run_after=2021-01-01 00:00:00+00:00
[2025-12-11T04:47:50.086+0000] {processor.py:183} INFO - Processing /home/airflow/.local/lib/python3.9/site-packages/airflow/example_dags/example_xcom.py took 0.249 seconds
[2025-12-11T04:48:20.506+0000] {processor.py:161} INFO - Started process (PID=3933) to work on /home/airflow/.local/lib/python3.9/site-packages/airflow/example_dags/example_xcom.py
[2025-12-11T04:48:20.512+0000] {processor.py:830} INFO - Processing file /home/airflow/.local/lib/python3.9/site-packages/airflow/example_dags/example_xcom.py for tasks to queue
[2025-12-11T04:48:20.519+0000] {logging_mixin.py:188} INFO - [2025-12-11T04:48:20.519+0000] {dagbag.py:545} INFO - Filling up the DagBag from /home/airflow/.local/lib/python3.9/site-packages/airflow/example_dags/example_xcom.py
[2025-12-11T04:48:20.540+0000] {processor.py:840} INFO - DAG(s) 'example_xcom' retrieved from /home/airflow/.local/lib/python3.9/site-packages/airflow/example_dags/example_xcom.py
[2025-12-11T04:48:20.623+0000] {logging_mixin.py:188} INFO - [2025-12-11T04:48:20.622+0000] {dag.py:3096} INFO - Sync 1 DAGs
[2025-12-11T04:48:20.680+0000] {logging_mixin.py:188} INFO - [2025-12-11T04:48:20.680+0000] {dag.py:3954} INFO - Setting next_dagrun for example_xcom to 2021-01-01 00:00:00+00:00, run_after=2021-01-01 00:00:00+00:00
[2025-12-11T04:48:20.744+0000] {processor.py:183} INFO - Processing /home/airflow/.local/lib/python3.9/site-packages/airflow/example_dags/example_xcom.py took 0.249 seconds
[2025-12-11T04:48:50.926+0000] {processor.py:161} INFO - Started process (PID=4000) to work on /home/airflow/.local/lib/python3.9/site-packages/airflow/example_dags/example_xcom.py
[2025-12-11T04:48:50.928+0000] {processor.py:830} INFO - Processing file /home/airflow/.local/lib/python3.9/site-packages/airflow/example_dags/example_xcom.py for tasks to queue
[2025-12-11T04:48:50.939+0000] {logging_mixin.py:188} INFO - [2025-12-11T04:48:50.938+0000] {dagbag.py:545} INFO - Filling up the DagBag from /home/airflow/.local/lib/python3.9/site-packages/airflow/example_dags/example_xcom.py
[2025-12-11T04:48:50.960+0000] {processor.py:840} INFO - DAG(s) 'example_xcom' retrieved from /home/airflow/.local/lib/python3.9/site-packages/airflow/example_dags/example_xcom.py
[2025-12-11T04:48:51.024+0000] {logging_mixin.py:188} INFO - [2025-12-11T04:48:51.023+0000] {dag.py:3096} INFO - Sync 1 DAGs
[2025-12-11T04:48:51.104+0000] {logging_mixin.py:188} INFO - [2025-12-11T04:48:51.103+0000] {dag.py:3954} INFO - Setting next_dagrun for example_xcom to 2021-01-01 00:00:00+00:00, run_after=2021-01-01 00:00:00+00:00
[2025-12-11T04:48:51.180+0000] {processor.py:183} INFO - Processing /home/airflow/.local/lib/python3.9/site-packages/airflow/example_dags/example_xcom.py took 0.265 seconds
[2025-12-11T04:49:21.637+0000] {processor.py:161} INFO - Started process (PID=4067) to work on /home/airflow/.local/lib/python3.9/site-packages/airflow/example_dags/example_xcom.py
[2025-12-11T04:49:21.638+0000] {processor.py:830} INFO - Processing file /home/airflow/.local/lib/python3.9/site-packages/airflow/example_dags/example_xcom.py for tasks to queue
[2025-12-11T04:49:21.641+0000] {logging_mixin.py:188} INFO - [2025-12-11T04:49:21.641+0000] {dagbag.py:545} INFO - Filling up the DagBag from /home/airflow/.local/lib/python3.9/site-packages/airflow/example_dags/example_xcom.py
[2025-12-11T04:49:21.666+0000] {processor.py:840} INFO - DAG(s) 'example_xcom' retrieved from /home/airflow/.local/lib/python3.9/site-packages/airflow/example_dags/example_xcom.py
[2025-12-11T04:49:21.725+0000] {logging_mixin.py:188} INFO - [2025-12-11T04:49:21.725+0000] {dag.py:3096} INFO - Sync 1 DAGs
[2025-12-11T04:49:21.788+0000] {logging_mixin.py:188} INFO - [2025-12-11T04:49:21.787+0000] {dag.py:3954} INFO - Setting next_dagrun for example_xcom to 2021-01-01 00:00:00+00:00, run_after=2021-01-01 00:00:00+00:00
[2025-12-11T04:49:21.839+0000] {processor.py:183} INFO - Processing /home/airflow/.local/lib/python3.9/site-packages/airflow/example_dags/example_xcom.py took 0.213 seconds
[2025-12-11T04:49:51.957+0000] {processor.py:161} INFO - Started process (PID=4133) to work on /home/airflow/.local/lib/python3.9/site-packages/airflow/example_dags/example_xcom.py
[2025-12-11T04:49:52.010+0000] {processor.py:830} INFO - Processing file /home/airflow/.local/lib/python3.9/site-packages/airflow/example_dags/example_xcom.py for tasks to queue
[2025-12-11T04:49:52.013+0000] {logging_mixin.py:188} INFO - [2025-12-11T04:49:52.013+0000] {dagbag.py:545} INFO - Filling up the DagBag from /home/airflow/.local/lib/python3.9/site-packages/airflow/example_dags/example_xcom.py
[2025-12-11T04:49:52.028+0000] {processor.py:840} INFO - DAG(s) 'example_xcom' retrieved from /home/airflow/.local/lib/python3.9/site-packages/airflow/example_dags/example_xcom.py
[2025-12-11T04:49:52.076+0000] {logging_mixin.py:188} INFO - [2025-12-11T04:49:52.076+0000] {dag.py:3096} INFO - Sync 1 DAGs
[2025-12-11T04:49:52.128+0000] {logging_mixin.py:188} INFO - [2025-12-11T04:49:52.127+0000] {dag.py:3954} INFO - Setting next_dagrun for example_xcom to 2021-01-01 00:00:00+00:00, run_after=2021-01-01 00:00:00+00:00
[2025-12-11T04:49:52.185+0000] {processor.py:183} INFO - Processing /home/airflow/.local/lib/python3.9/site-packages/airflow/example_dags/example_xcom.py took 0.242 seconds
[2025-12-11T04:50:23.183+0000] {processor.py:161} INFO - Started process (PID=4199) to work on /home/airflow/.local/lib/python3.9/site-packages/airflow/example_dags/example_xcom.py
[2025-12-11T04:50:23.185+0000] {processor.py:830} INFO - Processing file /home/airflow/.local/lib/python3.9/site-packages/airflow/example_dags/example_xcom.py for tasks to queue
[2025-12-11T04:50:23.189+0000] {logging_mixin.py:188} INFO - [2025-12-11T04:50:23.188+0000] {dagbag.py:545} INFO - Filling up the DagBag from /home/airflow/.local/lib/python3.9/site-packages/airflow/example_dags/example_xcom.py
[2025-12-11T04:50:23.207+0000] {processor.py:840} INFO - DAG(s) 'example_xcom' retrieved from /home/airflow/.local/lib/python3.9/site-packages/airflow/example_dags/example_xcom.py
[2025-12-11T04:50:23.249+0000] {logging_mixin.py:188} INFO - [2025-12-11T04:50:23.249+0000] {dag.py:3096} INFO - Sync 1 DAGs
[2025-12-11T04:50:23.289+0000] {logging_mixin.py:188} INFO - [2025-12-11T04:50:23.288+0000] {dag.py:3954} INFO - Setting next_dagrun for example_xcom to 2021-01-01 00:00:00+00:00, run_after=2021-01-01 00:00:00+00:00
[2025-12-11T04:50:23.314+0000] {processor.py:183} INFO - Processing /home/airflow/.local/lib/python3.9/site-packages/airflow/example_dags/example_xcom.py took 0.144 seconds
[2025-12-11T04:50:53.418+0000] {processor.py:161} INFO - Started process (PID=4266) to work on /home/airflow/.local/lib/python3.9/site-packages/airflow/example_dags/example_xcom.py
[2025-12-11T04:50:53.420+0000] {processor.py:830} INFO - Processing file /home/airflow/.local/lib/python3.9/site-packages/airflow/example_dags/example_xcom.py for tasks to queue
[2025-12-11T04:50:53.424+0000] {logging_mixin.py:188} INFO - [2025-12-11T04:50:53.423+0000] {dagbag.py:545} INFO - Filling up the DagBag from /home/airflow/.local/lib/python3.9/site-packages/airflow/example_dags/example_xcom.py
[2025-12-11T04:50:53.439+0000] {processor.py:840} INFO - DAG(s) 'example_xcom' retrieved from /home/airflow/.local/lib/python3.9/site-packages/airflow/example_dags/example_xcom.py
[2025-12-11T04:50:53.486+0000] {logging_mixin.py:188} INFO - [2025-12-11T04:50:53.485+0000] {dag.py:3096} INFO - Sync 1 DAGs
[2025-12-11T04:50:53.528+0000] {logging_mixin.py:188} INFO - [2025-12-11T04:50:53.527+0000] {dag.py:3954} INFO - Setting next_dagrun for example_xcom to 2021-01-01 00:00:00+00:00, run_after=2021-01-01 00:00:00+00:00
[2025-12-11T04:50:53.566+0000] {processor.py:183} INFO - Processing /home/airflow/.local/lib/python3.9/site-packages/airflow/example_dags/example_xcom.py took 0.162 seconds
[2025-12-11T04:51:24.123+0000] {processor.py:161} INFO - Started process (PID=4333) to work on /home/airflow/.local/lib/python3.9/site-packages/airflow/example_dags/example_xcom.py
[2025-12-11T04:51:24.125+0000] {processor.py:830} INFO - Processing file /home/airflow/.local/lib/python3.9/site-packages/airflow/example_dags/example_xcom.py for tasks to queue
[2025-12-11T04:51:24.128+0000] {logging_mixin.py:188} INFO - [2025-12-11T04:51:24.128+0000] {dagbag.py:545} INFO - Filling up the DagBag from /home/airflow/.local/lib/python3.9/site-packages/airflow/example_dags/example_xcom.py
[2025-12-11T04:51:24.157+0000] {processor.py:840} INFO - DAG(s) 'example_xcom' retrieved from /home/airflow/.local/lib/python3.9/site-packages/airflow/example_dags/example_xcom.py
[2025-12-11T04:51:24.209+0000] {logging_mixin.py:188} INFO - [2025-12-11T04:51:24.208+0000] {dag.py:3096} INFO - Sync 1 DAGs
[2025-12-11T04:51:24.248+0000] {logging_mixin.py:188} INFO - [2025-12-11T04:51:24.247+0000] {dag.py:3954} INFO - Setting next_dagrun for example_xcom to 2021-01-01 00:00:00+00:00, run_after=2021-01-01 00:00:00+00:00
[2025-12-11T04:51:24.276+0000] {processor.py:183} INFO - Processing /home/airflow/.local/lib/python3.9/site-packages/airflow/example_dags/example_xcom.py took 0.164 seconds
[2025-12-11T04:51:55.266+0000] {processor.py:161} INFO - Started process (PID=4400) to work on /home/airflow/.local/lib/python3.9/site-packages/airflow/example_dags/example_xcom.py
[2025-12-11T04:51:55.268+0000] {processor.py:830} INFO - Processing file /home/airflow/.local/lib/python3.9/site-packages/airflow/example_dags/example_xcom.py for tasks to queue
[2025-12-11T04:51:55.271+0000] {logging_mixin.py:188} INFO - [2025-12-11T04:51:55.271+0000] {dagbag.py:545} INFO - Filling up the DagBag from /home/airflow/.local/lib/python3.9/site-packages/airflow/example_dags/example_xcom.py
[2025-12-11T04:51:55.285+0000] {processor.py:840} INFO - DAG(s) 'example_xcom' retrieved from /home/airflow/.local/lib/python3.9/site-packages/airflow/example_dags/example_xcom.py
[2025-12-11T04:51:55.329+0000] {logging_mixin.py:188} INFO - [2025-12-11T04:51:55.328+0000] {dag.py:3096} INFO - Sync 1 DAGs
[2025-12-11T04:51:55.401+0000] {logging_mixin.py:188} INFO - [2025-12-11T04:51:55.401+0000] {dag.py:3954} INFO - Setting next_dagrun for example_xcom to 2021-01-01 00:00:00+00:00, run_after=2021-01-01 00:00:00+00:00
[2025-12-11T04:51:55.465+0000] {processor.py:183} INFO - Processing /home/airflow/.local/lib/python3.9/site-packages/airflow/example_dags/example_xcom.py took 0.209 seconds
[2025-12-11T04:52:25.672+0000] {processor.py:161} INFO - Started process (PID=4467) to work on /home/airflow/.local/lib/python3.9/site-packages/airflow/example_dags/example_xcom.py
[2025-12-11T04:52:25.673+0000] {processor.py:830} INFO - Processing file /home/airflow/.local/lib/python3.9/site-packages/airflow/example_dags/example_xcom.py for tasks to queue
[2025-12-11T04:52:25.678+0000] {logging_mixin.py:188} INFO - [2025-12-11T04:52:25.677+0000] {dagbag.py:545} INFO - Filling up the DagBag from /home/airflow/.local/lib/python3.9/site-packages/airflow/example_dags/example_xcom.py
[2025-12-11T04:52:25.698+0000] {processor.py:840} INFO - DAG(s) 'example_xcom' retrieved from /home/airflow/.local/lib/python3.9/site-packages/airflow/example_dags/example_xcom.py
[2025-12-11T04:52:25.758+0000] {logging_mixin.py:188} INFO - [2025-12-11T04:52:25.757+0000] {dag.py:3096} INFO - Sync 1 DAGs
[2025-12-11T04:52:25.864+0000] {logging_mixin.py:188} INFO - [2025-12-11T04:52:25.863+0000] {dag.py:3954} INFO - Setting next_dagrun for example_xcom to 2021-01-01 00:00:00+00:00, run_after=2021-01-01 00:00:00+00:00
[2025-12-11T04:52:25.941+0000] {processor.py:183} INFO - Processing /home/airflow/.local/lib/python3.9/site-packages/airflow/example_dags/example_xcom.py took 0.278 seconds
[2025-12-11T04:52:56.465+0000] {processor.py:161} INFO - Started process (PID=4534) to work on /home/airflow/.local/lib/python3.9/site-packages/airflow/example_dags/example_xcom.py
[2025-12-11T04:52:56.466+0000] {processor.py:830} INFO - Processing file /home/airflow/.local/lib/python3.9/site-packages/airflow/example_dags/example_xcom.py for tasks to queue
[2025-12-11T04:52:56.469+0000] {logging_mixin.py:188} INFO - [2025-12-11T04:52:56.469+0000] {dagbag.py:545} INFO - Filling up the DagBag from /home/airflow/.local/lib/python3.9/site-packages/airflow/example_dags/example_xcom.py
[2025-12-11T04:52:56.480+0000] {processor.py:840} INFO - DAG(s) 'example_xcom' retrieved from /home/airflow/.local/lib/python3.9/site-packages/airflow/example_dags/example_xcom.py
[2025-12-11T04:52:56.518+0000] {logging_mixin.py:188} INFO - [2025-12-11T04:52:56.517+0000] {dag.py:3096} INFO - Sync 1 DAGs
[2025-12-11T04:52:56.553+0000] {logging_mixin.py:188} INFO - [2025-12-11T04:52:56.552+0000] {dag.py:3954} INFO - Setting next_dagrun for example_xcom to 2021-01-01 00:00:00+00:00, run_after=2021-01-01 00:00:00+00:00
[2025-12-11T04:52:56.579+0000] {processor.py:183} INFO - Processing /home/airflow/.local/lib/python3.9/site-packages/airflow/example_dags/example_xcom.py took 0.124 seconds
