[2025-12-11T04:19:05.286+0000] {processor.py:161} INFO - Started process (PID=137) to work on /home/airflow/.local/lib/python3.9/site-packages/airflow/example_dags/example_setup_teardown_taskflow.py
[2025-12-11T04:19:05.298+0000] {processor.py:830} INFO - Processing file /home/airflow/.local/lib/python3.9/site-packages/airflow/example_dags/example_setup_teardown_taskflow.py for tasks to queue
[2025-12-11T04:19:05.301+0000] {logging_mixin.py:188} INFO - [2025-12-11T04:19:05.300+0000] {dagbag.py:545} INFO - Filling up the DagBag from /home/airflow/.local/lib/python3.9/site-packages/airflow/example_dags/example_setup_teardown_taskflow.py
[2025-12-11T04:19:05.325+0000] {processor.py:840} INFO - DAG(s) 'example_setup_teardown_taskflow' retrieved from /home/airflow/.local/lib/python3.9/site-packages/airflow/example_dags/example_setup_teardown_taskflow.py
[2025-12-11T04:19:05.801+0000] {logging_mixin.py:188} INFO - [2025-12-11T04:19:05.801+0000] {dag.py:3096} INFO - Sync 1 DAGs
[2025-12-11T04:19:05.958+0000] {logging_mixin.py:188} INFO - [2025-12-11T04:19:05.957+0000] {dag.py:3954} INFO - Setting next_dagrun for example_setup_teardown_taskflow to 2025-12-10 00:00:00+00:00, run_after=2025-12-11 00:00:00+00:00
[2025-12-11T04:19:06.060+0000] {processor.py:183} INFO - Processing /home/airflow/.local/lib/python3.9/site-packages/airflow/example_dags/example_setup_teardown_taskflow.py took 0.800 seconds
[2025-12-11T04:19:36.463+0000] {processor.py:161} INFO - Started process (PID=196) to work on /home/airflow/.local/lib/python3.9/site-packages/airflow/example_dags/example_setup_teardown_taskflow.py
[2025-12-11T04:19:36.465+0000] {processor.py:830} INFO - Processing file /home/airflow/.local/lib/python3.9/site-packages/airflow/example_dags/example_setup_teardown_taskflow.py for tasks to queue
[2025-12-11T04:19:36.468+0000] {logging_mixin.py:188} INFO - [2025-12-11T04:19:36.468+0000] {dagbag.py:545} INFO - Filling up the DagBag from /home/airflow/.local/lib/python3.9/site-packages/airflow/example_dags/example_setup_teardown_taskflow.py
[2025-12-11T04:19:36.497+0000] {processor.py:840} INFO - DAG(s) 'example_setup_teardown_taskflow' retrieved from /home/airflow/.local/lib/python3.9/site-packages/airflow/example_dags/example_setup_teardown_taskflow.py
[2025-12-11T04:19:36.565+0000] {logging_mixin.py:188} INFO - [2025-12-11T04:19:36.564+0000] {dag.py:3096} INFO - Sync 1 DAGs
[2025-12-11T04:19:36.624+0000] {logging_mixin.py:188} INFO - [2025-12-11T04:19:36.624+0000] {dag.py:3954} INFO - Setting next_dagrun for example_setup_teardown_taskflow to 2025-12-10 00:00:00+00:00, run_after=2025-12-11 00:00:00+00:00
[2025-12-11T04:19:36.682+0000] {processor.py:183} INFO - Processing /home/airflow/.local/lib/python3.9/site-packages/airflow/example_dags/example_setup_teardown_taskflow.py took 0.239 seconds
[2025-12-11T04:20:07.243+0000] {processor.py:161} INFO - Started process (PID=262) to work on /home/airflow/.local/lib/python3.9/site-packages/airflow/example_dags/example_setup_teardown_taskflow.py
[2025-12-11T04:20:07.259+0000] {processor.py:830} INFO - Processing file /home/airflow/.local/lib/python3.9/site-packages/airflow/example_dags/example_setup_teardown_taskflow.py for tasks to queue
[2025-12-11T04:20:07.262+0000] {logging_mixin.py:188} INFO - [2025-12-11T04:20:07.262+0000] {dagbag.py:545} INFO - Filling up the DagBag from /home/airflow/.local/lib/python3.9/site-packages/airflow/example_dags/example_setup_teardown_taskflow.py
[2025-12-11T04:20:07.317+0000] {processor.py:840} INFO - DAG(s) 'example_setup_teardown_taskflow' retrieved from /home/airflow/.local/lib/python3.9/site-packages/airflow/example_dags/example_setup_teardown_taskflow.py
[2025-12-11T04:20:07.439+0000] {logging_mixin.py:188} INFO - [2025-12-11T04:20:07.439+0000] {dag.py:3096} INFO - Sync 1 DAGs
[2025-12-11T04:20:07.557+0000] {logging_mixin.py:188} INFO - [2025-12-11T04:20:07.547+0000] {dag.py:3954} INFO - Setting next_dagrun for example_setup_teardown_taskflow to 2025-12-10 00:00:00+00:00, run_after=2025-12-11 00:00:00+00:00
[2025-12-11T04:20:07.622+0000] {processor.py:183} INFO - Processing /home/airflow/.local/lib/python3.9/site-packages/airflow/example_dags/example_setup_teardown_taskflow.py took 0.405 seconds
[2025-12-11T04:20:38.258+0000] {processor.py:161} INFO - Started process (PID=328) to work on /home/airflow/.local/lib/python3.9/site-packages/airflow/example_dags/example_setup_teardown_taskflow.py
[2025-12-11T04:20:38.261+0000] {processor.py:830} INFO - Processing file /home/airflow/.local/lib/python3.9/site-packages/airflow/example_dags/example_setup_teardown_taskflow.py for tasks to queue
[2025-12-11T04:20:38.263+0000] {logging_mixin.py:188} INFO - [2025-12-11T04:20:38.263+0000] {dagbag.py:545} INFO - Filling up the DagBag from /home/airflow/.local/lib/python3.9/site-packages/airflow/example_dags/example_setup_teardown_taskflow.py
[2025-12-11T04:20:38.319+0000] {processor.py:840} INFO - DAG(s) 'example_setup_teardown_taskflow' retrieved from /home/airflow/.local/lib/python3.9/site-packages/airflow/example_dags/example_setup_teardown_taskflow.py
[2025-12-11T04:20:38.448+0000] {logging_mixin.py:188} INFO - [2025-12-11T04:20:38.447+0000] {dag.py:3096} INFO - Sync 1 DAGs
[2025-12-11T04:20:38.542+0000] {logging_mixin.py:188} INFO - [2025-12-11T04:20:38.541+0000] {dag.py:3954} INFO - Setting next_dagrun for example_setup_teardown_taskflow to 2025-12-10 00:00:00+00:00, run_after=2025-12-11 00:00:00+00:00
[2025-12-11T04:20:38.588+0000] {processor.py:183} INFO - Processing /home/airflow/.local/lib/python3.9/site-packages/airflow/example_dags/example_setup_teardown_taskflow.py took 0.365 seconds
[2025-12-11T04:21:08.897+0000] {processor.py:161} INFO - Started process (PID=394) to work on /home/airflow/.local/lib/python3.9/site-packages/airflow/example_dags/example_setup_teardown_taskflow.py
[2025-12-11T04:21:08.905+0000] {processor.py:830} INFO - Processing file /home/airflow/.local/lib/python3.9/site-packages/airflow/example_dags/example_setup_teardown_taskflow.py for tasks to queue
[2025-12-11T04:21:08.908+0000] {logging_mixin.py:188} INFO - [2025-12-11T04:21:08.907+0000] {dagbag.py:545} INFO - Filling up the DagBag from /home/airflow/.local/lib/python3.9/site-packages/airflow/example_dags/example_setup_teardown_taskflow.py
[2025-12-11T04:21:08.929+0000] {processor.py:840} INFO - DAG(s) 'example_setup_teardown_taskflow' retrieved from /home/airflow/.local/lib/python3.9/site-packages/airflow/example_dags/example_setup_teardown_taskflow.py
[2025-12-11T04:21:08.986+0000] {logging_mixin.py:188} INFO - [2025-12-11T04:21:08.985+0000] {dag.py:3096} INFO - Sync 1 DAGs
[2025-12-11T04:21:09.041+0000] {logging_mixin.py:188} INFO - [2025-12-11T04:21:09.040+0000] {dag.py:3954} INFO - Setting next_dagrun for example_setup_teardown_taskflow to 2025-12-10 00:00:00+00:00, run_after=2025-12-11 00:00:00+00:00
[2025-12-11T04:21:09.084+0000] {processor.py:183} INFO - Processing /home/airflow/.local/lib/python3.9/site-packages/airflow/example_dags/example_setup_teardown_taskflow.py took 0.207 seconds
[2025-12-11T04:21:39.482+0000] {processor.py:161} INFO - Started process (PID=459) to work on /home/airflow/.local/lib/python3.9/site-packages/airflow/example_dags/example_setup_teardown_taskflow.py
[2025-12-11T04:21:39.718+0000] {processor.py:830} INFO - Processing file /home/airflow/.local/lib/python3.9/site-packages/airflow/example_dags/example_setup_teardown_taskflow.py for tasks to queue
[2025-12-11T04:21:39.721+0000] {logging_mixin.py:188} INFO - [2025-12-11T04:21:39.721+0000] {dagbag.py:545} INFO - Filling up the DagBag from /home/airflow/.local/lib/python3.9/site-packages/airflow/example_dags/example_setup_teardown_taskflow.py
[2025-12-11T04:21:39.735+0000] {processor.py:840} INFO - DAG(s) 'example_setup_teardown_taskflow' retrieved from /home/airflow/.local/lib/python3.9/site-packages/airflow/example_dags/example_setup_teardown_taskflow.py
[2025-12-11T04:21:39.862+0000] {logging_mixin.py:188} INFO - [2025-12-11T04:21:39.862+0000] {dag.py:3096} INFO - Sync 1 DAGs
[2025-12-11T04:21:39.907+0000] {logging_mixin.py:188} INFO - [2025-12-11T04:21:39.907+0000] {dag.py:3954} INFO - Setting next_dagrun for example_setup_teardown_taskflow to 2025-12-10 00:00:00+00:00, run_after=2025-12-11 00:00:00+00:00
[2025-12-11T04:21:39.942+0000] {processor.py:183} INFO - Processing /home/airflow/.local/lib/python3.9/site-packages/airflow/example_dags/example_setup_teardown_taskflow.py took 0.480 seconds
[2025-12-11T04:22:10.329+0000] {processor.py:161} INFO - Started process (PID=525) to work on /home/airflow/.local/lib/python3.9/site-packages/airflow/example_dags/example_setup_teardown_taskflow.py
[2025-12-11T04:22:10.406+0000] {processor.py:830} INFO - Processing file /home/airflow/.local/lib/python3.9/site-packages/airflow/example_dags/example_setup_teardown_taskflow.py for tasks to queue
[2025-12-11T04:22:10.410+0000] {logging_mixin.py:188} INFO - [2025-12-11T04:22:10.409+0000] {dagbag.py:545} INFO - Filling up the DagBag from /home/airflow/.local/lib/python3.9/site-packages/airflow/example_dags/example_setup_teardown_taskflow.py
[2025-12-11T04:22:10.424+0000] {processor.py:840} INFO - DAG(s) 'example_setup_teardown_taskflow' retrieved from /home/airflow/.local/lib/python3.9/site-packages/airflow/example_dags/example_setup_teardown_taskflow.py
[2025-12-11T04:22:10.464+0000] {logging_mixin.py:188} INFO - [2025-12-11T04:22:10.464+0000] {dag.py:3096} INFO - Sync 1 DAGs
[2025-12-11T04:22:10.499+0000] {logging_mixin.py:188} INFO - [2025-12-11T04:22:10.499+0000] {dag.py:3954} INFO - Setting next_dagrun for example_setup_teardown_taskflow to 2025-12-10 00:00:00+00:00, run_after=2025-12-11 00:00:00+00:00
[2025-12-11T04:22:10.881+0000] {processor.py:183} INFO - Processing /home/airflow/.local/lib/python3.9/site-packages/airflow/example_dags/example_setup_teardown_taskflow.py took 0.563 seconds
[2025-12-11T04:22:41.385+0000] {processor.py:161} INFO - Started process (PID=591) to work on /home/airflow/.local/lib/python3.9/site-packages/airflow/example_dags/example_setup_teardown_taskflow.py
[2025-12-11T04:22:41.442+0000] {processor.py:830} INFO - Processing file /home/airflow/.local/lib/python3.9/site-packages/airflow/example_dags/example_setup_teardown_taskflow.py for tasks to queue
[2025-12-11T04:22:41.445+0000] {logging_mixin.py:188} INFO - [2025-12-11T04:22:41.444+0000] {dagbag.py:545} INFO - Filling up the DagBag from /home/airflow/.local/lib/python3.9/site-packages/airflow/example_dags/example_setup_teardown_taskflow.py
[2025-12-11T04:22:41.459+0000] {processor.py:840} INFO - DAG(s) 'example_setup_teardown_taskflow' retrieved from /home/airflow/.local/lib/python3.9/site-packages/airflow/example_dags/example_setup_teardown_taskflow.py
[2025-12-11T04:22:41.497+0000] {logging_mixin.py:188} INFO - [2025-12-11T04:22:41.496+0000] {dag.py:3096} INFO - Sync 1 DAGs
[2025-12-11T04:22:41.613+0000] {logging_mixin.py:188} INFO - [2025-12-11T04:22:41.613+0000] {dag.py:3954} INFO - Setting next_dagrun for example_setup_teardown_taskflow to 2025-12-10 00:00:00+00:00, run_after=2025-12-11 00:00:00+00:00
[2025-12-11T04:22:41.651+0000] {processor.py:183} INFO - Processing /home/airflow/.local/lib/python3.9/site-packages/airflow/example_dags/example_setup_teardown_taskflow.py took 0.284 seconds
[2025-12-11T04:23:12.073+0000] {processor.py:161} INFO - Started process (PID=657) to work on /home/airflow/.local/lib/python3.9/site-packages/airflow/example_dags/example_setup_teardown_taskflow.py
[2025-12-11T04:23:12.090+0000] {processor.py:830} INFO - Processing file /home/airflow/.local/lib/python3.9/site-packages/airflow/example_dags/example_setup_teardown_taskflow.py for tasks to queue
[2025-12-11T04:23:12.093+0000] {logging_mixin.py:188} INFO - [2025-12-11T04:23:12.093+0000] {dagbag.py:545} INFO - Filling up the DagBag from /home/airflow/.local/lib/python3.9/site-packages/airflow/example_dags/example_setup_teardown_taskflow.py
[2025-12-11T04:23:12.112+0000] {processor.py:840} INFO - DAG(s) 'example_setup_teardown_taskflow' retrieved from /home/airflow/.local/lib/python3.9/site-packages/airflow/example_dags/example_setup_teardown_taskflow.py
[2025-12-11T04:23:12.184+0000] {logging_mixin.py:188} INFO - [2025-12-11T04:23:12.184+0000] {dag.py:3096} INFO - Sync 1 DAGs
[2025-12-11T04:23:12.228+0000] {logging_mixin.py:188} INFO - [2025-12-11T04:23:12.228+0000] {dag.py:3954} INFO - Setting next_dagrun for example_setup_teardown_taskflow to 2025-12-10 00:00:00+00:00, run_after=2025-12-11 00:00:00+00:00
[2025-12-11T04:23:12.348+0000] {processor.py:183} INFO - Processing /home/airflow/.local/lib/python3.9/site-packages/airflow/example_dags/example_setup_teardown_taskflow.py took 0.288 seconds
[2025-12-11T04:23:42.734+0000] {processor.py:161} INFO - Started process (PID=723) to work on /home/airflow/.local/lib/python3.9/site-packages/airflow/example_dags/example_setup_teardown_taskflow.py
[2025-12-11T04:23:42.736+0000] {processor.py:830} INFO - Processing file /home/airflow/.local/lib/python3.9/site-packages/airflow/example_dags/example_setup_teardown_taskflow.py for tasks to queue
[2025-12-11T04:23:42.739+0000] {logging_mixin.py:188} INFO - [2025-12-11T04:23:42.738+0000] {dagbag.py:545} INFO - Filling up the DagBag from /home/airflow/.local/lib/python3.9/site-packages/airflow/example_dags/example_setup_teardown_taskflow.py
[2025-12-11T04:23:42.751+0000] {processor.py:840} INFO - DAG(s) 'example_setup_teardown_taskflow' retrieved from /home/airflow/.local/lib/python3.9/site-packages/airflow/example_dags/example_setup_teardown_taskflow.py
[2025-12-11T04:23:42.804+0000] {logging_mixin.py:188} INFO - [2025-12-11T04:23:42.803+0000] {dag.py:3096} INFO - Sync 1 DAGs
[2025-12-11T04:23:42.852+0000] {logging_mixin.py:188} INFO - [2025-12-11T04:23:42.851+0000] {dag.py:3954} INFO - Setting next_dagrun for example_setup_teardown_taskflow to 2025-12-10 00:00:00+00:00, run_after=2025-12-11 00:00:00+00:00
[2025-12-11T04:23:42.892+0000] {processor.py:183} INFO - Processing /home/airflow/.local/lib/python3.9/site-packages/airflow/example_dags/example_setup_teardown_taskflow.py took 0.167 seconds
[2025-12-11T04:24:13.709+0000] {processor.py:161} INFO - Started process (PID=789) to work on /home/airflow/.local/lib/python3.9/site-packages/airflow/example_dags/example_setup_teardown_taskflow.py
[2025-12-11T04:24:13.712+0000] {processor.py:830} INFO - Processing file /home/airflow/.local/lib/python3.9/site-packages/airflow/example_dags/example_setup_teardown_taskflow.py for tasks to queue
[2025-12-11T04:24:13.719+0000] {logging_mixin.py:188} INFO - [2025-12-11T04:24:13.718+0000] {dagbag.py:545} INFO - Filling up the DagBag from /home/airflow/.local/lib/python3.9/site-packages/airflow/example_dags/example_setup_teardown_taskflow.py
[2025-12-11T04:24:13.758+0000] {processor.py:840} INFO - DAG(s) 'example_setup_teardown_taskflow' retrieved from /home/airflow/.local/lib/python3.9/site-packages/airflow/example_dags/example_setup_teardown_taskflow.py
[2025-12-11T04:24:13.837+0000] {logging_mixin.py:188} INFO - [2025-12-11T04:24:13.825+0000] {dag.py:3096} INFO - Sync 1 DAGs
[2025-12-11T04:24:13.902+0000] {logging_mixin.py:188} INFO - [2025-12-11T04:24:13.902+0000] {dag.py:3954} INFO - Setting next_dagrun for example_setup_teardown_taskflow to 2025-12-10 00:00:00+00:00, run_after=2025-12-11 00:00:00+00:00
[2025-12-11T04:24:13.943+0000] {processor.py:183} INFO - Processing /home/airflow/.local/lib/python3.9/site-packages/airflow/example_dags/example_setup_teardown_taskflow.py took 0.256 seconds
[2025-12-11T04:24:44.083+0000] {processor.py:161} INFO - Started process (PID=855) to work on /home/airflow/.local/lib/python3.9/site-packages/airflow/example_dags/example_setup_teardown_taskflow.py
[2025-12-11T04:24:44.085+0000] {processor.py:830} INFO - Processing file /home/airflow/.local/lib/python3.9/site-packages/airflow/example_dags/example_setup_teardown_taskflow.py for tasks to queue
[2025-12-11T04:24:44.088+0000] {logging_mixin.py:188} INFO - [2025-12-11T04:24:44.088+0000] {dagbag.py:545} INFO - Filling up the DagBag from /home/airflow/.local/lib/python3.9/site-packages/airflow/example_dags/example_setup_teardown_taskflow.py
[2025-12-11T04:24:44.118+0000] {processor.py:840} INFO - DAG(s) 'example_setup_teardown_taskflow' retrieved from /home/airflow/.local/lib/python3.9/site-packages/airflow/example_dags/example_setup_teardown_taskflow.py
[2025-12-11T04:24:44.208+0000] {logging_mixin.py:188} INFO - [2025-12-11T04:24:44.208+0000] {dag.py:3096} INFO - Sync 1 DAGs
[2025-12-11T04:24:44.280+0000] {logging_mixin.py:188} INFO - [2025-12-11T04:24:44.279+0000] {dag.py:3954} INFO - Setting next_dagrun for example_setup_teardown_taskflow to 2025-12-10 00:00:00+00:00, run_after=2025-12-11 00:00:00+00:00
[2025-12-11T04:24:44.325+0000] {processor.py:183} INFO - Processing /home/airflow/.local/lib/python3.9/site-packages/airflow/example_dags/example_setup_teardown_taskflow.py took 0.262 seconds
[2025-12-11T04:25:14.680+0000] {processor.py:161} INFO - Started process (PID=920) to work on /home/airflow/.local/lib/python3.9/site-packages/airflow/example_dags/example_setup_teardown_taskflow.py
[2025-12-11T04:25:14.682+0000] {processor.py:830} INFO - Processing file /home/airflow/.local/lib/python3.9/site-packages/airflow/example_dags/example_setup_teardown_taskflow.py for tasks to queue
[2025-12-11T04:25:14.685+0000] {logging_mixin.py:188} INFO - [2025-12-11T04:25:14.685+0000] {dagbag.py:545} INFO - Filling up the DagBag from /home/airflow/.local/lib/python3.9/site-packages/airflow/example_dags/example_setup_teardown_taskflow.py
[2025-12-11T04:25:14.698+0000] {processor.py:840} INFO - DAG(s) 'example_setup_teardown_taskflow' retrieved from /home/airflow/.local/lib/python3.9/site-packages/airflow/example_dags/example_setup_teardown_taskflow.py
[2025-12-11T04:25:14.734+0000] {logging_mixin.py:188} INFO - [2025-12-11T04:25:14.734+0000] {dag.py:3096} INFO - Sync 1 DAGs
[2025-12-11T04:25:14.766+0000] {logging_mixin.py:188} INFO - [2025-12-11T04:25:14.766+0000] {dag.py:3954} INFO - Setting next_dagrun for example_setup_teardown_taskflow to 2025-12-10 00:00:00+00:00, run_after=2025-12-11 00:00:00+00:00
[2025-12-11T04:25:14.791+0000] {processor.py:183} INFO - Processing /home/airflow/.local/lib/python3.9/site-packages/airflow/example_dags/example_setup_teardown_taskflow.py took 0.122 seconds
[2025-12-11T04:25:45.127+0000] {processor.py:161} INFO - Started process (PID=986) to work on /home/airflow/.local/lib/python3.9/site-packages/airflow/example_dags/example_setup_teardown_taskflow.py
[2025-12-11T04:25:45.129+0000] {processor.py:830} INFO - Processing file /home/airflow/.local/lib/python3.9/site-packages/airflow/example_dags/example_setup_teardown_taskflow.py for tasks to queue
[2025-12-11T04:25:45.131+0000] {logging_mixin.py:188} INFO - [2025-12-11T04:25:45.131+0000] {dagbag.py:545} INFO - Filling up the DagBag from /home/airflow/.local/lib/python3.9/site-packages/airflow/example_dags/example_setup_teardown_taskflow.py
[2025-12-11T04:25:45.144+0000] {processor.py:840} INFO - DAG(s) 'example_setup_teardown_taskflow' retrieved from /home/airflow/.local/lib/python3.9/site-packages/airflow/example_dags/example_setup_teardown_taskflow.py
[2025-12-11T04:25:45.183+0000] {logging_mixin.py:188} INFO - [2025-12-11T04:25:45.182+0000] {dag.py:3096} INFO - Sync 1 DAGs
[2025-12-11T04:25:45.220+0000] {logging_mixin.py:188} INFO - [2025-12-11T04:25:45.219+0000] {dag.py:3954} INFO - Setting next_dagrun for example_setup_teardown_taskflow to 2025-12-10 00:00:00+00:00, run_after=2025-12-11 00:00:00+00:00
[2025-12-11T04:25:45.248+0000] {processor.py:183} INFO - Processing /home/airflow/.local/lib/python3.9/site-packages/airflow/example_dags/example_setup_teardown_taskflow.py took 0.130 seconds
[2025-12-11T04:26:15.290+0000] {processor.py:161} INFO - Started process (PID=1051) to work on /home/airflow/.local/lib/python3.9/site-packages/airflow/example_dags/example_setup_teardown_taskflow.py
[2025-12-11T04:26:15.291+0000] {processor.py:830} INFO - Processing file /home/airflow/.local/lib/python3.9/site-packages/airflow/example_dags/example_setup_teardown_taskflow.py for tasks to queue
[2025-12-11T04:26:15.294+0000] {logging_mixin.py:188} INFO - [2025-12-11T04:26:15.294+0000] {dagbag.py:545} INFO - Filling up the DagBag from /home/airflow/.local/lib/python3.9/site-packages/airflow/example_dags/example_setup_teardown_taskflow.py
[2025-12-11T04:26:15.308+0000] {processor.py:840} INFO - DAG(s) 'example_setup_teardown_taskflow' retrieved from /home/airflow/.local/lib/python3.9/site-packages/airflow/example_dags/example_setup_teardown_taskflow.py
[2025-12-11T04:26:15.349+0000] {logging_mixin.py:188} INFO - [2025-12-11T04:26:15.348+0000] {dag.py:3096} INFO - Sync 1 DAGs
[2025-12-11T04:26:15.390+0000] {logging_mixin.py:188} INFO - [2025-12-11T04:26:15.390+0000] {dag.py:3954} INFO - Setting next_dagrun for example_setup_teardown_taskflow to 2025-12-10 00:00:00+00:00, run_after=2025-12-11 00:00:00+00:00
[2025-12-11T04:26:15.418+0000] {processor.py:183} INFO - Processing /home/airflow/.local/lib/python3.9/site-packages/airflow/example_dags/example_setup_teardown_taskflow.py took 0.141 seconds
[2025-12-11T04:26:45.997+0000] {processor.py:161} INFO - Started process (PID=1125) to work on /home/airflow/.local/lib/python3.9/site-packages/airflow/example_dags/example_setup_teardown_taskflow.py
[2025-12-11T04:26:45.998+0000] {processor.py:830} INFO - Processing file /home/airflow/.local/lib/python3.9/site-packages/airflow/example_dags/example_setup_teardown_taskflow.py for tasks to queue
[2025-12-11T04:26:46.001+0000] {logging_mixin.py:188} INFO - [2025-12-11T04:26:46.001+0000] {dagbag.py:545} INFO - Filling up the DagBag from /home/airflow/.local/lib/python3.9/site-packages/airflow/example_dags/example_setup_teardown_taskflow.py
[2025-12-11T04:26:46.022+0000] {processor.py:840} INFO - DAG(s) 'example_setup_teardown_taskflow' retrieved from /home/airflow/.local/lib/python3.9/site-packages/airflow/example_dags/example_setup_teardown_taskflow.py
[2025-12-11T04:26:46.089+0000] {logging_mixin.py:188} INFO - [2025-12-11T04:26:46.089+0000] {dag.py:3096} INFO - Sync 1 DAGs
[2025-12-11T04:26:46.158+0000] {logging_mixin.py:188} INFO - [2025-12-11T04:26:46.157+0000] {dag.py:3954} INFO - Setting next_dagrun for example_setup_teardown_taskflow to 2025-12-10 00:00:00+00:00, run_after=2025-12-11 00:00:00+00:00
[2025-12-11T04:26:46.208+0000] {processor.py:183} INFO - Processing /home/airflow/.local/lib/python3.9/site-packages/airflow/example_dags/example_setup_teardown_taskflow.py took 0.226 seconds
[2025-12-11T04:27:16.518+0000] {processor.py:161} INFO - Started process (PID=1191) to work on /home/airflow/.local/lib/python3.9/site-packages/airflow/example_dags/example_setup_teardown_taskflow.py
[2025-12-11T04:27:16.521+0000] {processor.py:830} INFO - Processing file /home/airflow/.local/lib/python3.9/site-packages/airflow/example_dags/example_setup_teardown_taskflow.py for tasks to queue
[2025-12-11T04:27:16.539+0000] {logging_mixin.py:188} INFO - [2025-12-11T04:27:16.538+0000] {dagbag.py:545} INFO - Filling up the DagBag from /home/airflow/.local/lib/python3.9/site-packages/airflow/example_dags/example_setup_teardown_taskflow.py
[2025-12-11T04:27:16.562+0000] {processor.py:840} INFO - DAG(s) 'example_setup_teardown_taskflow' retrieved from /home/airflow/.local/lib/python3.9/site-packages/airflow/example_dags/example_setup_teardown_taskflow.py
[2025-12-11T04:27:16.685+0000] {logging_mixin.py:188} INFO - [2025-12-11T04:27:16.685+0000] {dag.py:3096} INFO - Sync 1 DAGs
[2025-12-11T04:27:16.761+0000] {logging_mixin.py:188} INFO - [2025-12-11T04:27:16.761+0000] {dag.py:3954} INFO - Setting next_dagrun for example_setup_teardown_taskflow to 2025-12-10 00:00:00+00:00, run_after=2025-12-11 00:00:00+00:00
[2025-12-11T04:27:16.845+0000] {processor.py:183} INFO - Processing /home/airflow/.local/lib/python3.9/site-packages/airflow/example_dags/example_setup_teardown_taskflow.py took 0.347 seconds
[2025-12-11T04:27:47.080+0000] {processor.py:161} INFO - Started process (PID=1257) to work on /home/airflow/.local/lib/python3.9/site-packages/airflow/example_dags/example_setup_teardown_taskflow.py
[2025-12-11T04:27:47.082+0000] {processor.py:830} INFO - Processing file /home/airflow/.local/lib/python3.9/site-packages/airflow/example_dags/example_setup_teardown_taskflow.py for tasks to queue
[2025-12-11T04:27:47.085+0000] {logging_mixin.py:188} INFO - [2025-12-11T04:27:47.084+0000] {dagbag.py:545} INFO - Filling up the DagBag from /home/airflow/.local/lib/python3.9/site-packages/airflow/example_dags/example_setup_teardown_taskflow.py
[2025-12-11T04:27:47.123+0000] {processor.py:840} INFO - DAG(s) 'example_setup_teardown_taskflow' retrieved from /home/airflow/.local/lib/python3.9/site-packages/airflow/example_dags/example_setup_teardown_taskflow.py
[2025-12-11T04:27:47.204+0000] {logging_mixin.py:188} INFO - [2025-12-11T04:27:47.203+0000] {dag.py:3096} INFO - Sync 1 DAGs
[2025-12-11T04:27:47.281+0000] {logging_mixin.py:188} INFO - [2025-12-11T04:27:47.280+0000] {dag.py:3954} INFO - Setting next_dagrun for example_setup_teardown_taskflow to 2025-12-10 00:00:00+00:00, run_after=2025-12-11 00:00:00+00:00
[2025-12-11T04:27:47.378+0000] {processor.py:183} INFO - Processing /home/airflow/.local/lib/python3.9/site-packages/airflow/example_dags/example_setup_teardown_taskflow.py took 0.319 seconds
[2025-12-11T04:28:18.127+0000] {processor.py:161} INFO - Started process (PID=1323) to work on /home/airflow/.local/lib/python3.9/site-packages/airflow/example_dags/example_setup_teardown_taskflow.py
[2025-12-11T04:28:18.145+0000] {processor.py:830} INFO - Processing file /home/airflow/.local/lib/python3.9/site-packages/airflow/example_dags/example_setup_teardown_taskflow.py for tasks to queue
[2025-12-11T04:28:18.148+0000] {logging_mixin.py:188} INFO - [2025-12-11T04:28:18.147+0000] {dagbag.py:545} INFO - Filling up the DagBag from /home/airflow/.local/lib/python3.9/site-packages/airflow/example_dags/example_setup_teardown_taskflow.py
[2025-12-11T04:28:18.178+0000] {processor.py:840} INFO - DAG(s) 'example_setup_teardown_taskflow' retrieved from /home/airflow/.local/lib/python3.9/site-packages/airflow/example_dags/example_setup_teardown_taskflow.py
[2025-12-11T04:28:18.299+0000] {logging_mixin.py:188} INFO - [2025-12-11T04:28:18.298+0000] {dag.py:3096} INFO - Sync 1 DAGs
[2025-12-11T04:28:18.401+0000] {logging_mixin.py:188} INFO - [2025-12-11T04:28:18.401+0000] {dag.py:3954} INFO - Setting next_dagrun for example_setup_teardown_taskflow to 2025-12-10 00:00:00+00:00, run_after=2025-12-11 00:00:00+00:00
[2025-12-11T04:28:18.464+0000] {processor.py:183} INFO - Processing /home/airflow/.local/lib/python3.9/site-packages/airflow/example_dags/example_setup_teardown_taskflow.py took 0.356 seconds
[2025-12-11T04:28:48.897+0000] {processor.py:161} INFO - Started process (PID=1382) to work on /home/airflow/.local/lib/python3.9/site-packages/airflow/example_dags/example_setup_teardown_taskflow.py
[2025-12-11T04:28:48.906+0000] {processor.py:830} INFO - Processing file /home/airflow/.local/lib/python3.9/site-packages/airflow/example_dags/example_setup_teardown_taskflow.py for tasks to queue
[2025-12-11T04:28:48.909+0000] {logging_mixin.py:188} INFO - [2025-12-11T04:28:48.908+0000] {dagbag.py:545} INFO - Filling up the DagBag from /home/airflow/.local/lib/python3.9/site-packages/airflow/example_dags/example_setup_teardown_taskflow.py
[2025-12-11T04:28:48.928+0000] {processor.py:840} INFO - DAG(s) 'example_setup_teardown_taskflow' retrieved from /home/airflow/.local/lib/python3.9/site-packages/airflow/example_dags/example_setup_teardown_taskflow.py
[2025-12-11T04:28:48.989+0000] {logging_mixin.py:188} INFO - [2025-12-11T04:28:48.988+0000] {dag.py:3096} INFO - Sync 1 DAGs
[2025-12-11T04:28:49.058+0000] {logging_mixin.py:188} INFO - [2025-12-11T04:28:49.058+0000] {dag.py:3954} INFO - Setting next_dagrun for example_setup_teardown_taskflow to 2025-12-10 00:00:00+00:00, run_after=2025-12-11 00:00:00+00:00
[2025-12-11T04:28:49.104+0000] {processor.py:183} INFO - Processing /home/airflow/.local/lib/python3.9/site-packages/airflow/example_dags/example_setup_teardown_taskflow.py took 0.222 seconds
[2025-12-11T04:29:19.759+0000] {processor.py:161} INFO - Started process (PID=1448) to work on /home/airflow/.local/lib/python3.9/site-packages/airflow/example_dags/example_setup_teardown_taskflow.py
[2025-12-11T04:29:19.761+0000] {processor.py:830} INFO - Processing file /home/airflow/.local/lib/python3.9/site-packages/airflow/example_dags/example_setup_teardown_taskflow.py for tasks to queue
[2025-12-11T04:29:19.764+0000] {logging_mixin.py:188} INFO - [2025-12-11T04:29:19.763+0000] {dagbag.py:545} INFO - Filling up the DagBag from /home/airflow/.local/lib/python3.9/site-packages/airflow/example_dags/example_setup_teardown_taskflow.py
[2025-12-11T04:29:19.803+0000] {processor.py:840} INFO - DAG(s) 'example_setup_teardown_taskflow' retrieved from /home/airflow/.local/lib/python3.9/site-packages/airflow/example_dags/example_setup_teardown_taskflow.py
[2025-12-11T04:29:19.919+0000] {logging_mixin.py:188} INFO - [2025-12-11T04:29:19.918+0000] {dag.py:3096} INFO - Sync 1 DAGs
[2025-12-11T04:29:20.003+0000] {logging_mixin.py:188} INFO - [2025-12-11T04:29:20.002+0000] {dag.py:3954} INFO - Setting next_dagrun for example_setup_teardown_taskflow to 2025-12-10 00:00:00+00:00, run_after=2025-12-11 00:00:00+00:00
[2025-12-11T04:29:20.066+0000] {processor.py:183} INFO - Processing /home/airflow/.local/lib/python3.9/site-packages/airflow/example_dags/example_setup_teardown_taskflow.py took 0.324 seconds
[2025-12-11T04:29:50.648+0000] {processor.py:161} INFO - Started process (PID=1514) to work on /home/airflow/.local/lib/python3.9/site-packages/airflow/example_dags/example_setup_teardown_taskflow.py
[2025-12-11T04:29:50.650+0000] {processor.py:830} INFO - Processing file /home/airflow/.local/lib/python3.9/site-packages/airflow/example_dags/example_setup_teardown_taskflow.py for tasks to queue
[2025-12-11T04:29:50.658+0000] {logging_mixin.py:188} INFO - [2025-12-11T04:29:50.658+0000] {dagbag.py:545} INFO - Filling up the DagBag from /home/airflow/.local/lib/python3.9/site-packages/airflow/example_dags/example_setup_teardown_taskflow.py
[2025-12-11T04:29:50.671+0000] {processor.py:840} INFO - DAG(s) 'example_setup_teardown_taskflow' retrieved from /home/airflow/.local/lib/python3.9/site-packages/airflow/example_dags/example_setup_teardown_taskflow.py
[2025-12-11T04:29:50.742+0000] {logging_mixin.py:188} INFO - [2025-12-11T04:29:50.741+0000] {dag.py:3096} INFO - Sync 1 DAGs
[2025-12-11T04:29:50.797+0000] {logging_mixin.py:188} INFO - [2025-12-11T04:29:50.797+0000] {dag.py:3954} INFO - Setting next_dagrun for example_setup_teardown_taskflow to 2025-12-10 00:00:00+00:00, run_after=2025-12-11 00:00:00+00:00
[2025-12-11T04:29:50.832+0000] {processor.py:183} INFO - Processing /home/airflow/.local/lib/python3.9/site-packages/airflow/example_dags/example_setup_teardown_taskflow.py took 0.194 seconds
[2025-12-11T04:30:21.306+0000] {processor.py:161} INFO - Started process (PID=1586) to work on /home/airflow/.local/lib/python3.9/site-packages/airflow/example_dags/example_setup_teardown_taskflow.py
[2025-12-11T04:30:21.308+0000] {processor.py:830} INFO - Processing file /home/airflow/.local/lib/python3.9/site-packages/airflow/example_dags/example_setup_teardown_taskflow.py for tasks to queue
[2025-12-11T04:30:21.319+0000] {logging_mixin.py:188} INFO - [2025-12-11T04:30:21.319+0000] {dagbag.py:545} INFO - Filling up the DagBag from /home/airflow/.local/lib/python3.9/site-packages/airflow/example_dags/example_setup_teardown_taskflow.py
[2025-12-11T04:30:21.360+0000] {processor.py:840} INFO - DAG(s) 'example_setup_teardown_taskflow' retrieved from /home/airflow/.local/lib/python3.9/site-packages/airflow/example_dags/example_setup_teardown_taskflow.py
[2025-12-11T04:30:21.465+0000] {logging_mixin.py:188} INFO - [2025-12-11T04:30:21.464+0000] {dag.py:3096} INFO - Sync 1 DAGs
[2025-12-11T04:30:21.619+0000] {logging_mixin.py:188} INFO - [2025-12-11T04:30:21.619+0000] {dag.py:3954} INFO - Setting next_dagrun for example_setup_teardown_taskflow to 2025-12-10 00:00:00+00:00, run_after=2025-12-11 00:00:00+00:00
[2025-12-11T04:30:21.703+0000] {processor.py:183} INFO - Processing /home/airflow/.local/lib/python3.9/site-packages/airflow/example_dags/example_setup_teardown_taskflow.py took 0.419 seconds
[2025-12-11T04:30:52.720+0000] {processor.py:161} INFO - Started process (PID=1652) to work on /home/airflow/.local/lib/python3.9/site-packages/airflow/example_dags/example_setup_teardown_taskflow.py
[2025-12-11T04:30:52.732+0000] {processor.py:830} INFO - Processing file /home/airflow/.local/lib/python3.9/site-packages/airflow/example_dags/example_setup_teardown_taskflow.py for tasks to queue
[2025-12-11T04:30:52.739+0000] {logging_mixin.py:188} INFO - [2025-12-11T04:30:52.738+0000] {dagbag.py:545} INFO - Filling up the DagBag from /home/airflow/.local/lib/python3.9/site-packages/airflow/example_dags/example_setup_teardown_taskflow.py
[2025-12-11T04:30:52.763+0000] {processor.py:840} INFO - DAG(s) 'example_setup_teardown_taskflow' retrieved from /home/airflow/.local/lib/python3.9/site-packages/airflow/example_dags/example_setup_teardown_taskflow.py
[2025-12-11T04:30:52.901+0000] {logging_mixin.py:188} INFO - [2025-12-11T04:30:52.900+0000] {dag.py:3096} INFO - Sync 1 DAGs
[2025-12-11T04:30:52.987+0000] {logging_mixin.py:188} INFO - [2025-12-11T04:30:52.986+0000] {dag.py:3954} INFO - Setting next_dagrun for example_setup_teardown_taskflow to 2025-12-10 00:00:00+00:00, run_after=2025-12-11 00:00:00+00:00
[2025-12-11T04:30:53.100+0000] {processor.py:183} INFO - Processing /home/airflow/.local/lib/python3.9/site-packages/airflow/example_dags/example_setup_teardown_taskflow.py took 0.399 seconds
[2025-12-11T04:31:23.544+0000] {processor.py:161} INFO - Started process (PID=1718) to work on /home/airflow/.local/lib/python3.9/site-packages/airflow/example_dags/example_setup_teardown_taskflow.py
[2025-12-11T04:31:23.545+0000] {processor.py:830} INFO - Processing file /home/airflow/.local/lib/python3.9/site-packages/airflow/example_dags/example_setup_teardown_taskflow.py for tasks to queue
[2025-12-11T04:31:23.557+0000] {logging_mixin.py:188} INFO - [2025-12-11T04:31:23.548+0000] {dagbag.py:545} INFO - Filling up the DagBag from /home/airflow/.local/lib/python3.9/site-packages/airflow/example_dags/example_setup_teardown_taskflow.py
[2025-12-11T04:31:23.580+0000] {processor.py:840} INFO - DAG(s) 'example_setup_teardown_taskflow' retrieved from /home/airflow/.local/lib/python3.9/site-packages/airflow/example_dags/example_setup_teardown_taskflow.py
[2025-12-11T04:31:23.657+0000] {logging_mixin.py:188} INFO - [2025-12-11T04:31:23.649+0000] {dag.py:3096} INFO - Sync 1 DAGs
[2025-12-11T04:31:23.737+0000] {logging_mixin.py:188} INFO - [2025-12-11T04:31:23.727+0000] {dag.py:3954} INFO - Setting next_dagrun for example_setup_teardown_taskflow to 2025-12-10 00:00:00+00:00, run_after=2025-12-11 00:00:00+00:00
[2025-12-11T04:31:23.801+0000] {processor.py:183} INFO - Processing /home/airflow/.local/lib/python3.9/site-packages/airflow/example_dags/example_setup_teardown_taskflow.py took 0.283 seconds
[2025-12-11T04:31:54.203+0000] {processor.py:161} INFO - Started process (PID=1784) to work on /home/airflow/.local/lib/python3.9/site-packages/airflow/example_dags/example_setup_teardown_taskflow.py
[2025-12-11T04:31:54.204+0000] {processor.py:830} INFO - Processing file /home/airflow/.local/lib/python3.9/site-packages/airflow/example_dags/example_setup_teardown_taskflow.py for tasks to queue
[2025-12-11T04:31:54.207+0000] {logging_mixin.py:188} INFO - [2025-12-11T04:31:54.206+0000] {dagbag.py:545} INFO - Filling up the DagBag from /home/airflow/.local/lib/python3.9/site-packages/airflow/example_dags/example_setup_teardown_taskflow.py
[2025-12-11T04:31:54.227+0000] {processor.py:840} INFO - DAG(s) 'example_setup_teardown_taskflow' retrieved from /home/airflow/.local/lib/python3.9/site-packages/airflow/example_dags/example_setup_teardown_taskflow.py
[2025-12-11T04:31:54.300+0000] {logging_mixin.py:188} INFO - [2025-12-11T04:31:54.299+0000] {dag.py:3096} INFO - Sync 1 DAGs
[2025-12-11T04:31:54.358+0000] {logging_mixin.py:188} INFO - [2025-12-11T04:31:54.357+0000] {dag.py:3954} INFO - Setting next_dagrun for example_setup_teardown_taskflow to 2025-12-10 00:00:00+00:00, run_after=2025-12-11 00:00:00+00:00
[2025-12-11T04:31:54.419+0000] {processor.py:183} INFO - Processing /home/airflow/.local/lib/python3.9/site-packages/airflow/example_dags/example_setup_teardown_taskflow.py took 0.233 seconds
[2025-12-11T04:32:25.309+0000] {processor.py:161} INFO - Started process (PID=1850) to work on /home/airflow/.local/lib/python3.9/site-packages/airflow/example_dags/example_setup_teardown_taskflow.py
[2025-12-11T04:32:25.317+0000] {processor.py:830} INFO - Processing file /home/airflow/.local/lib/python3.9/site-packages/airflow/example_dags/example_setup_teardown_taskflow.py for tasks to queue
[2025-12-11T04:32:25.320+0000] {logging_mixin.py:188} INFO - [2025-12-11T04:32:25.319+0000] {dagbag.py:545} INFO - Filling up the DagBag from /home/airflow/.local/lib/python3.9/site-packages/airflow/example_dags/example_setup_teardown_taskflow.py
[2025-12-11T04:32:25.342+0000] {processor.py:840} INFO - DAG(s) 'example_setup_teardown_taskflow' retrieved from /home/airflow/.local/lib/python3.9/site-packages/airflow/example_dags/example_setup_teardown_taskflow.py
[2025-12-11T04:32:25.406+0000] {logging_mixin.py:188} INFO - [2025-12-11T04:32:25.405+0000] {dag.py:3096} INFO - Sync 1 DAGs
[2025-12-11T04:32:25.471+0000] {logging_mixin.py:188} INFO - [2025-12-11T04:32:25.471+0000] {dag.py:3954} INFO - Setting next_dagrun for example_setup_teardown_taskflow to 2025-12-10 00:00:00+00:00, run_after=2025-12-11 00:00:00+00:00
[2025-12-11T04:32:25.547+0000] {processor.py:183} INFO - Processing /home/airflow/.local/lib/python3.9/site-packages/airflow/example_dags/example_setup_teardown_taskflow.py took 0.250 seconds
[2025-12-11T04:32:56.081+0000] {processor.py:161} INFO - Started process (PID=1916) to work on /home/airflow/.local/lib/python3.9/site-packages/airflow/example_dags/example_setup_teardown_taskflow.py
[2025-12-11T04:32:56.082+0000] {processor.py:830} INFO - Processing file /home/airflow/.local/lib/python3.9/site-packages/airflow/example_dags/example_setup_teardown_taskflow.py for tasks to queue
[2025-12-11T04:32:56.085+0000] {logging_mixin.py:188} INFO - [2025-12-11T04:32:56.084+0000] {dagbag.py:545} INFO - Filling up the DagBag from /home/airflow/.local/lib/python3.9/site-packages/airflow/example_dags/example_setup_teardown_taskflow.py
[2025-12-11T04:32:56.099+0000] {processor.py:840} INFO - DAG(s) 'example_setup_teardown_taskflow' retrieved from /home/airflow/.local/lib/python3.9/site-packages/airflow/example_dags/example_setup_teardown_taskflow.py
[2025-12-11T04:32:56.139+0000] {logging_mixin.py:188} INFO - [2025-12-11T04:32:56.139+0000] {dag.py:3096} INFO - Sync 1 DAGs
[2025-12-11T04:32:56.177+0000] {logging_mixin.py:188} INFO - [2025-12-11T04:32:56.177+0000] {dag.py:3954} INFO - Setting next_dagrun for example_setup_teardown_taskflow to 2025-12-10 00:00:00+00:00, run_after=2025-12-11 00:00:00+00:00
[2025-12-11T04:32:56.204+0000] {processor.py:183} INFO - Processing /home/airflow/.local/lib/python3.9/site-packages/airflow/example_dags/example_setup_teardown_taskflow.py took 0.134 seconds
[2025-12-11T04:33:26.824+0000] {processor.py:161} INFO - Started process (PID=1980) to work on /home/airflow/.local/lib/python3.9/site-packages/airflow/example_dags/example_setup_teardown_taskflow.py
[2025-12-11T04:33:26.826+0000] {processor.py:830} INFO - Processing file /home/airflow/.local/lib/python3.9/site-packages/airflow/example_dags/example_setup_teardown_taskflow.py for tasks to queue
[2025-12-11T04:33:26.828+0000] {logging_mixin.py:188} INFO - [2025-12-11T04:33:26.828+0000] {dagbag.py:545} INFO - Filling up the DagBag from /home/airflow/.local/lib/python3.9/site-packages/airflow/example_dags/example_setup_teardown_taskflow.py
[2025-12-11T04:33:26.843+0000] {processor.py:840} INFO - DAG(s) 'example_setup_teardown_taskflow' retrieved from /home/airflow/.local/lib/python3.9/site-packages/airflow/example_dags/example_setup_teardown_taskflow.py
[2025-12-11T04:33:26.883+0000] {logging_mixin.py:188} INFO - [2025-12-11T04:33:26.882+0000] {dag.py:3096} INFO - Sync 1 DAGs
[2025-12-11T04:33:26.917+0000] {logging_mixin.py:188} INFO - [2025-12-11T04:33:26.917+0000] {dag.py:3954} INFO - Setting next_dagrun for example_setup_teardown_taskflow to 2025-12-10 00:00:00+00:00, run_after=2025-12-11 00:00:00+00:00
[2025-12-11T04:33:26.942+0000] {processor.py:183} INFO - Processing /home/airflow/.local/lib/python3.9/site-packages/airflow/example_dags/example_setup_teardown_taskflow.py took 0.128 seconds
[2025-12-11T04:33:57.427+0000] {processor.py:161} INFO - Started process (PID=2048) to work on /home/airflow/.local/lib/python3.9/site-packages/airflow/example_dags/example_setup_teardown_taskflow.py
[2025-12-11T04:33:57.428+0000] {processor.py:830} INFO - Processing file /home/airflow/.local/lib/python3.9/site-packages/airflow/example_dags/example_setup_teardown_taskflow.py for tasks to queue
[2025-12-11T04:33:57.431+0000] {logging_mixin.py:188} INFO - [2025-12-11T04:33:57.430+0000] {dagbag.py:545} INFO - Filling up the DagBag from /home/airflow/.local/lib/python3.9/site-packages/airflow/example_dags/example_setup_teardown_taskflow.py
[2025-12-11T04:33:57.443+0000] {processor.py:840} INFO - DAG(s) 'example_setup_teardown_taskflow' retrieved from /home/airflow/.local/lib/python3.9/site-packages/airflow/example_dags/example_setup_teardown_taskflow.py
[2025-12-11T04:33:57.498+0000] {logging_mixin.py:188} INFO - [2025-12-11T04:33:57.497+0000] {dag.py:3096} INFO - Sync 1 DAGs
[2025-12-11T04:33:57.557+0000] {logging_mixin.py:188} INFO - [2025-12-11T04:33:57.557+0000] {dag.py:3954} INFO - Setting next_dagrun for example_setup_teardown_taskflow to 2025-12-10 00:00:00+00:00, run_after=2025-12-11 00:00:00+00:00
[2025-12-11T04:33:57.587+0000] {processor.py:183} INFO - Processing /home/airflow/.local/lib/python3.9/site-packages/airflow/example_dags/example_setup_teardown_taskflow.py took 0.170 seconds
[2025-12-11T04:34:27.703+0000] {processor.py:161} INFO - Started process (PID=2114) to work on /home/airflow/.local/lib/python3.9/site-packages/airflow/example_dags/example_setup_teardown_taskflow.py
[2025-12-11T04:34:27.758+0000] {processor.py:830} INFO - Processing file /home/airflow/.local/lib/python3.9/site-packages/airflow/example_dags/example_setup_teardown_taskflow.py for tasks to queue
[2025-12-11T04:34:27.761+0000] {logging_mixin.py:188} INFO - [2025-12-11T04:34:27.761+0000] {dagbag.py:545} INFO - Filling up the DagBag from /home/airflow/.local/lib/python3.9/site-packages/airflow/example_dags/example_setup_teardown_taskflow.py
[2025-12-11T04:34:27.784+0000] {processor.py:840} INFO - DAG(s) 'example_setup_teardown_taskflow' retrieved from /home/airflow/.local/lib/python3.9/site-packages/airflow/example_dags/example_setup_teardown_taskflow.py
[2025-12-11T04:34:27.877+0000] {logging_mixin.py:188} INFO - [2025-12-11T04:34:27.864+0000] {dag.py:3096} INFO - Sync 1 DAGs
[2025-12-11T04:34:27.957+0000] {logging_mixin.py:188} INFO - [2025-12-11T04:34:27.952+0000] {dag.py:3954} INFO - Setting next_dagrun for example_setup_teardown_taskflow to 2025-12-10 00:00:00+00:00, run_after=2025-12-11 00:00:00+00:00
[2025-12-11T04:34:28.168+0000] {processor.py:183} INFO - Processing /home/airflow/.local/lib/python3.9/site-packages/airflow/example_dags/example_setup_teardown_taskflow.py took 0.486 seconds
[2025-12-11T04:34:58.925+0000] {processor.py:161} INFO - Started process (PID=2182) to work on /home/airflow/.local/lib/python3.9/site-packages/airflow/example_dags/example_setup_teardown_taskflow.py
[2025-12-11T04:34:58.926+0000] {processor.py:830} INFO - Processing file /home/airflow/.local/lib/python3.9/site-packages/airflow/example_dags/example_setup_teardown_taskflow.py for tasks to queue
[2025-12-11T04:34:58.938+0000] {logging_mixin.py:188} INFO - [2025-12-11T04:34:58.937+0000] {dagbag.py:545} INFO - Filling up the DagBag from /home/airflow/.local/lib/python3.9/site-packages/airflow/example_dags/example_setup_teardown_taskflow.py
[2025-12-11T04:34:58.951+0000] {processor.py:840} INFO - DAG(s) 'example_setup_teardown_taskflow' retrieved from /home/airflow/.local/lib/python3.9/site-packages/airflow/example_dags/example_setup_teardown_taskflow.py
[2025-12-11T04:34:59.007+0000] {logging_mixin.py:188} INFO - [2025-12-11T04:34:59.007+0000] {dag.py:3096} INFO - Sync 1 DAGs
[2025-12-11T04:34:59.078+0000] {logging_mixin.py:188} INFO - [2025-12-11T04:34:59.077+0000] {dag.py:3954} INFO - Setting next_dagrun for example_setup_teardown_taskflow to 2025-12-10 00:00:00+00:00, run_after=2025-12-11 00:00:00+00:00
[2025-12-11T04:34:59.138+0000] {processor.py:183} INFO - Processing /home/airflow/.local/lib/python3.9/site-packages/airflow/example_dags/example_setup_teardown_taskflow.py took 0.230 seconds
[2025-12-11T04:35:29.586+0000] {processor.py:161} INFO - Started process (PID=2250) to work on /home/airflow/.local/lib/python3.9/site-packages/airflow/example_dags/example_setup_teardown_taskflow.py
[2025-12-11T04:35:29.588+0000] {processor.py:830} INFO - Processing file /home/airflow/.local/lib/python3.9/site-packages/airflow/example_dags/example_setup_teardown_taskflow.py for tasks to queue
[2025-12-11T04:35:29.592+0000] {logging_mixin.py:188} INFO - [2025-12-11T04:35:29.591+0000] {dagbag.py:545} INFO - Filling up the DagBag from /home/airflow/.local/lib/python3.9/site-packages/airflow/example_dags/example_setup_teardown_taskflow.py
[2025-12-11T04:35:29.608+0000] {processor.py:840} INFO - DAG(s) 'example_setup_teardown_taskflow' retrieved from /home/airflow/.local/lib/python3.9/site-packages/airflow/example_dags/example_setup_teardown_taskflow.py
[2025-12-11T04:35:29.651+0000] {logging_mixin.py:188} INFO - [2025-12-11T04:35:29.651+0000] {dag.py:3096} INFO - Sync 1 DAGs
[2025-12-11T04:35:29.685+0000] {logging_mixin.py:188} INFO - [2025-12-11T04:35:29.685+0000] {dag.py:3954} INFO - Setting next_dagrun for example_setup_teardown_taskflow to 2025-12-10 00:00:00+00:00, run_after=2025-12-11 00:00:00+00:00
[2025-12-11T04:35:29.939+0000] {processor.py:183} INFO - Processing /home/airflow/.local/lib/python3.9/site-packages/airflow/example_dags/example_setup_teardown_taskflow.py took 0.367 seconds
[2025-12-11T04:36:00.768+0000] {processor.py:161} INFO - Started process (PID=2317) to work on /home/airflow/.local/lib/python3.9/site-packages/airflow/example_dags/example_setup_teardown_taskflow.py
[2025-12-11T04:36:00.779+0000] {processor.py:830} INFO - Processing file /home/airflow/.local/lib/python3.9/site-packages/airflow/example_dags/example_setup_teardown_taskflow.py for tasks to queue
[2025-12-11T04:36:00.783+0000] {logging_mixin.py:188} INFO - [2025-12-11T04:36:00.782+0000] {dagbag.py:545} INFO - Filling up the DagBag from /home/airflow/.local/lib/python3.9/site-packages/airflow/example_dags/example_setup_teardown_taskflow.py
[2025-12-11T04:36:00.803+0000] {processor.py:840} INFO - DAG(s) 'example_setup_teardown_taskflow' retrieved from /home/airflow/.local/lib/python3.9/site-packages/airflow/example_dags/example_setup_teardown_taskflow.py
[2025-12-11T04:36:00.849+0000] {logging_mixin.py:188} INFO - [2025-12-11T04:36:00.849+0000] {dag.py:3096} INFO - Sync 1 DAGs
[2025-12-11T04:36:00.904+0000] {logging_mixin.py:188} INFO - [2025-12-11T04:36:00.903+0000] {dag.py:3954} INFO - Setting next_dagrun for example_setup_teardown_taskflow to 2025-12-10 00:00:00+00:00, run_after=2025-12-11 00:00:00+00:00
[2025-12-11T04:36:00.934+0000] {processor.py:183} INFO - Processing /home/airflow/.local/lib/python3.9/site-packages/airflow/example_dags/example_setup_teardown_taskflow.py took 0.177 seconds
[2025-12-11T04:36:31.272+0000] {processor.py:161} INFO - Started process (PID=2384) to work on /home/airflow/.local/lib/python3.9/site-packages/airflow/example_dags/example_setup_teardown_taskflow.py
[2025-12-11T04:36:31.274+0000] {processor.py:830} INFO - Processing file /home/airflow/.local/lib/python3.9/site-packages/airflow/example_dags/example_setup_teardown_taskflow.py for tasks to queue
[2025-12-11T04:36:31.277+0000] {logging_mixin.py:188} INFO - [2025-12-11T04:36:31.277+0000] {dagbag.py:545} INFO - Filling up the DagBag from /home/airflow/.local/lib/python3.9/site-packages/airflow/example_dags/example_setup_teardown_taskflow.py
[2025-12-11T04:36:31.291+0000] {processor.py:840} INFO - DAG(s) 'example_setup_teardown_taskflow' retrieved from /home/airflow/.local/lib/python3.9/site-packages/airflow/example_dags/example_setup_teardown_taskflow.py
[2025-12-11T04:36:31.330+0000] {logging_mixin.py:188} INFO - [2025-12-11T04:36:31.330+0000] {dag.py:3096} INFO - Sync 1 DAGs
[2025-12-11T04:36:31.368+0000] {logging_mixin.py:188} INFO - [2025-12-11T04:36:31.368+0000] {dag.py:3954} INFO - Setting next_dagrun for example_setup_teardown_taskflow to 2025-12-10 00:00:00+00:00, run_after=2025-12-11 00:00:00+00:00
[2025-12-11T04:36:31.393+0000] {processor.py:183} INFO - Processing /home/airflow/.local/lib/python3.9/site-packages/airflow/example_dags/example_setup_teardown_taskflow.py took 0.131 seconds
[2025-12-11T04:37:02.002+0000] {processor.py:161} INFO - Started process (PID=2451) to work on /home/airflow/.local/lib/python3.9/site-packages/airflow/example_dags/example_setup_teardown_taskflow.py
[2025-12-11T04:37:02.004+0000] {processor.py:830} INFO - Processing file /home/airflow/.local/lib/python3.9/site-packages/airflow/example_dags/example_setup_teardown_taskflow.py for tasks to queue
[2025-12-11T04:37:02.007+0000] {logging_mixin.py:188} INFO - [2025-12-11T04:37:02.006+0000] {dagbag.py:545} INFO - Filling up the DagBag from /home/airflow/.local/lib/python3.9/site-packages/airflow/example_dags/example_setup_teardown_taskflow.py
[2025-12-11T04:37:02.020+0000] {processor.py:840} INFO - DAG(s) 'example_setup_teardown_taskflow' retrieved from /home/airflow/.local/lib/python3.9/site-packages/airflow/example_dags/example_setup_teardown_taskflow.py
[2025-12-11T04:37:02.072+0000] {logging_mixin.py:188} INFO - [2025-12-11T04:37:02.071+0000] {dag.py:3096} INFO - Sync 1 DAGs
[2025-12-11T04:37:02.115+0000] {logging_mixin.py:188} INFO - [2025-12-11T04:37:02.115+0000] {dag.py:3954} INFO - Setting next_dagrun for example_setup_teardown_taskflow to 2025-12-10 00:00:00+00:00, run_after=2025-12-11 00:00:00+00:00
[2025-12-11T04:37:02.145+0000] {processor.py:183} INFO - Processing /home/airflow/.local/lib/python3.9/site-packages/airflow/example_dags/example_setup_teardown_taskflow.py took 0.154 seconds
[2025-12-11T04:37:32.261+0000] {processor.py:161} INFO - Started process (PID=2518) to work on /home/airflow/.local/lib/python3.9/site-packages/airflow/example_dags/example_setup_teardown_taskflow.py
[2025-12-11T04:37:32.269+0000] {processor.py:830} INFO - Processing file /home/airflow/.local/lib/python3.9/site-packages/airflow/example_dags/example_setup_teardown_taskflow.py for tasks to queue
[2025-12-11T04:37:32.272+0000] {logging_mixin.py:188} INFO - [2025-12-11T04:37:32.271+0000] {dagbag.py:545} INFO - Filling up the DagBag from /home/airflow/.local/lib/python3.9/site-packages/airflow/example_dags/example_setup_teardown_taskflow.py
[2025-12-11T04:37:32.285+0000] {processor.py:840} INFO - DAG(s) 'example_setup_teardown_taskflow' retrieved from /home/airflow/.local/lib/python3.9/site-packages/airflow/example_dags/example_setup_teardown_taskflow.py
[2025-12-11T04:37:32.332+0000] {logging_mixin.py:188} INFO - [2025-12-11T04:37:32.331+0000] {dag.py:3096} INFO - Sync 1 DAGs
[2025-12-11T04:37:32.367+0000] {logging_mixin.py:188} INFO - [2025-12-11T04:37:32.367+0000] {dag.py:3954} INFO - Setting next_dagrun for example_setup_teardown_taskflow to 2025-12-10 00:00:00+00:00, run_after=2025-12-11 00:00:00+00:00
[2025-12-11T04:37:32.399+0000] {processor.py:183} INFO - Processing /home/airflow/.local/lib/python3.9/site-packages/airflow/example_dags/example_setup_teardown_taskflow.py took 0.147 seconds
[2025-12-11T04:38:02.838+0000] {processor.py:161} INFO - Started process (PID=2585) to work on /home/airflow/.local/lib/python3.9/site-packages/airflow/example_dags/example_setup_teardown_taskflow.py
[2025-12-11T04:38:02.892+0000] {processor.py:830} INFO - Processing file /home/airflow/.local/lib/python3.9/site-packages/airflow/example_dags/example_setup_teardown_taskflow.py for tasks to queue
[2025-12-11T04:38:02.895+0000] {logging_mixin.py:188} INFO - [2025-12-11T04:38:02.894+0000] {dagbag.py:545} INFO - Filling up the DagBag from /home/airflow/.local/lib/python3.9/site-packages/airflow/example_dags/example_setup_teardown_taskflow.py
[2025-12-11T04:38:02.911+0000] {processor.py:840} INFO - DAG(s) 'example_setup_teardown_taskflow' retrieved from /home/airflow/.local/lib/python3.9/site-packages/airflow/example_dags/example_setup_teardown_taskflow.py
[2025-12-11T04:38:02.960+0000] {logging_mixin.py:188} INFO - [2025-12-11T04:38:02.959+0000] {dag.py:3096} INFO - Sync 1 DAGs
[2025-12-11T04:38:03.006+0000] {logging_mixin.py:188} INFO - [2025-12-11T04:38:03.005+0000] {dag.py:3954} INFO - Setting next_dagrun for example_setup_teardown_taskflow to 2025-12-10 00:00:00+00:00, run_after=2025-12-11 00:00:00+00:00
[2025-12-11T04:38:03.282+0000] {processor.py:183} INFO - Processing /home/airflow/.local/lib/python3.9/site-packages/airflow/example_dags/example_setup_teardown_taskflow.py took 0.456 seconds
[2025-12-11T04:38:33.905+0000] {processor.py:161} INFO - Started process (PID=2652) to work on /home/airflow/.local/lib/python3.9/site-packages/airflow/example_dags/example_setup_teardown_taskflow.py
[2025-12-11T04:38:33.914+0000] {processor.py:830} INFO - Processing file /home/airflow/.local/lib/python3.9/site-packages/airflow/example_dags/example_setup_teardown_taskflow.py for tasks to queue
[2025-12-11T04:38:33.917+0000] {logging_mixin.py:188} INFO - [2025-12-11T04:38:33.916+0000] {dagbag.py:545} INFO - Filling up the DagBag from /home/airflow/.local/lib/python3.9/site-packages/airflow/example_dags/example_setup_teardown_taskflow.py
[2025-12-11T04:38:33.932+0000] {processor.py:840} INFO - DAG(s) 'example_setup_teardown_taskflow' retrieved from /home/airflow/.local/lib/python3.9/site-packages/airflow/example_dags/example_setup_teardown_taskflow.py
[2025-12-11T04:38:33.978+0000] {logging_mixin.py:188} INFO - [2025-12-11T04:38:33.977+0000] {dag.py:3096} INFO - Sync 1 DAGs
[2025-12-11T04:38:34.026+0000] {logging_mixin.py:188} INFO - [2025-12-11T04:38:34.026+0000] {dag.py:3954} INFO - Setting next_dagrun for example_setup_teardown_taskflow to 2025-12-10 00:00:00+00:00, run_after=2025-12-11 00:00:00+00:00
[2025-12-11T04:38:34.267+0000] {processor.py:183} INFO - Processing /home/airflow/.local/lib/python3.9/site-packages/airflow/example_dags/example_setup_teardown_taskflow.py took 0.372 seconds
[2025-12-11T04:39:04.497+0000] {processor.py:161} INFO - Started process (PID=2719) to work on /home/airflow/.local/lib/python3.9/site-packages/airflow/example_dags/example_setup_teardown_taskflow.py
[2025-12-11T04:39:04.499+0000] {processor.py:830} INFO - Processing file /home/airflow/.local/lib/python3.9/site-packages/airflow/example_dags/example_setup_teardown_taskflow.py for tasks to queue
[2025-12-11T04:39:04.501+0000] {logging_mixin.py:188} INFO - [2025-12-11T04:39:04.501+0000] {dagbag.py:545} INFO - Filling up the DagBag from /home/airflow/.local/lib/python3.9/site-packages/airflow/example_dags/example_setup_teardown_taskflow.py
[2025-12-11T04:39:04.514+0000] {processor.py:840} INFO - DAG(s) 'example_setup_teardown_taskflow' retrieved from /home/airflow/.local/lib/python3.9/site-packages/airflow/example_dags/example_setup_teardown_taskflow.py
[2025-12-11T04:39:04.551+0000] {logging_mixin.py:188} INFO - [2025-12-11T04:39:04.550+0000] {dag.py:3096} INFO - Sync 1 DAGs
[2025-12-11T04:39:04.586+0000] {logging_mixin.py:188} INFO - [2025-12-11T04:39:04.586+0000] {dag.py:3954} INFO - Setting next_dagrun for example_setup_teardown_taskflow to 2025-12-10 00:00:00+00:00, run_after=2025-12-11 00:00:00+00:00
[2025-12-11T04:39:04.613+0000] {processor.py:183} INFO - Processing /home/airflow/.local/lib/python3.9/site-packages/airflow/example_dags/example_setup_teardown_taskflow.py took 0.125 seconds
[2025-12-11T04:39:36.062+0000] {processor.py:161} INFO - Started process (PID=2785) to work on /home/airflow/.local/lib/python3.9/site-packages/airflow/example_dags/example_setup_teardown_taskflow.py
[2025-12-11T04:39:36.070+0000] {processor.py:830} INFO - Processing file /home/airflow/.local/lib/python3.9/site-packages/airflow/example_dags/example_setup_teardown_taskflow.py for tasks to queue
[2025-12-11T04:39:36.073+0000] {logging_mixin.py:188} INFO - [2025-12-11T04:39:36.072+0000] {dagbag.py:545} INFO - Filling up the DagBag from /home/airflow/.local/lib/python3.9/site-packages/airflow/example_dags/example_setup_teardown_taskflow.py
[2025-12-11T04:39:36.089+0000] {processor.py:840} INFO - DAG(s) 'example_setup_teardown_taskflow' retrieved from /home/airflow/.local/lib/python3.9/site-packages/airflow/example_dags/example_setup_teardown_taskflow.py
[2025-12-11T04:39:36.138+0000] {logging_mixin.py:188} INFO - [2025-12-11T04:39:36.137+0000] {dag.py:3096} INFO - Sync 1 DAGs
[2025-12-11T04:39:36.462+0000] {logging_mixin.py:188} INFO - [2025-12-11T04:39:36.461+0000] {dag.py:3954} INFO - Setting next_dagrun for example_setup_teardown_taskflow to 2025-12-10 00:00:00+00:00, run_after=2025-12-11 00:00:00+00:00
[2025-12-11T04:39:36.507+0000] {processor.py:183} INFO - Processing /home/airflow/.local/lib/python3.9/site-packages/airflow/example_dags/example_setup_teardown_taskflow.py took 0.459 seconds
[2025-12-11T04:40:06.616+0000] {processor.py:161} INFO - Started process (PID=2852) to work on /home/airflow/.local/lib/python3.9/site-packages/airflow/example_dags/example_setup_teardown_taskflow.py
[2025-12-11T04:40:06.618+0000] {processor.py:830} INFO - Processing file /home/airflow/.local/lib/python3.9/site-packages/airflow/example_dags/example_setup_teardown_taskflow.py for tasks to queue
[2025-12-11T04:40:06.620+0000] {logging_mixin.py:188} INFO - [2025-12-11T04:40:06.620+0000] {dagbag.py:545} INFO - Filling up the DagBag from /home/airflow/.local/lib/python3.9/site-packages/airflow/example_dags/example_setup_teardown_taskflow.py
[2025-12-11T04:40:06.633+0000] {processor.py:840} INFO - DAG(s) 'example_setup_teardown_taskflow' retrieved from /home/airflow/.local/lib/python3.9/site-packages/airflow/example_dags/example_setup_teardown_taskflow.py
[2025-12-11T04:40:06.690+0000] {logging_mixin.py:188} INFO - [2025-12-11T04:40:06.689+0000] {dag.py:3096} INFO - Sync 1 DAGs
[2025-12-11T04:40:06.739+0000] {logging_mixin.py:188} INFO - [2025-12-11T04:40:06.739+0000] {dag.py:3954} INFO - Setting next_dagrun for example_setup_teardown_taskflow to 2025-12-10 00:00:00+00:00, run_after=2025-12-11 00:00:00+00:00
[2025-12-11T04:40:07.058+0000] {processor.py:183} INFO - Processing /home/airflow/.local/lib/python3.9/site-packages/airflow/example_dags/example_setup_teardown_taskflow.py took 0.451 seconds
[2025-12-11T04:40:37.750+0000] {processor.py:161} INFO - Started process (PID=2919) to work on /home/airflow/.local/lib/python3.9/site-packages/airflow/example_dags/example_setup_teardown_taskflow.py
[2025-12-11T04:40:37.752+0000] {processor.py:830} INFO - Processing file /home/airflow/.local/lib/python3.9/site-packages/airflow/example_dags/example_setup_teardown_taskflow.py for tasks to queue
[2025-12-11T04:40:37.755+0000] {logging_mixin.py:188} INFO - [2025-12-11T04:40:37.754+0000] {dagbag.py:545} INFO - Filling up the DagBag from /home/airflow/.local/lib/python3.9/site-packages/airflow/example_dags/example_setup_teardown_taskflow.py
[2025-12-11T04:40:37.770+0000] {processor.py:840} INFO - DAG(s) 'example_setup_teardown_taskflow' retrieved from /home/airflow/.local/lib/python3.9/site-packages/airflow/example_dags/example_setup_teardown_taskflow.py
[2025-12-11T04:40:37.823+0000] {logging_mixin.py:188} INFO - [2025-12-11T04:40:37.822+0000] {dag.py:3096} INFO - Sync 1 DAGs
[2025-12-11T04:40:37.878+0000] {logging_mixin.py:188} INFO - [2025-12-11T04:40:37.877+0000] {dag.py:3954} INFO - Setting next_dagrun for example_setup_teardown_taskflow to 2025-12-10 00:00:00+00:00, run_after=2025-12-11 00:00:00+00:00
[2025-12-11T04:40:38.190+0000] {processor.py:183} INFO - Processing /home/airflow/.local/lib/python3.9/site-packages/airflow/example_dags/example_setup_teardown_taskflow.py took 0.449 seconds
[2025-12-11T04:41:08.982+0000] {processor.py:161} INFO - Started process (PID=2986) to work on /home/airflow/.local/lib/python3.9/site-packages/airflow/example_dags/example_setup_teardown_taskflow.py
[2025-12-11T04:41:09.061+0000] {processor.py:830} INFO - Processing file /home/airflow/.local/lib/python3.9/site-packages/airflow/example_dags/example_setup_teardown_taskflow.py for tasks to queue
[2025-12-11T04:41:09.064+0000] {logging_mixin.py:188} INFO - [2025-12-11T04:41:09.064+0000] {dagbag.py:545} INFO - Filling up the DagBag from /home/airflow/.local/lib/python3.9/site-packages/airflow/example_dags/example_setup_teardown_taskflow.py
[2025-12-11T04:41:09.079+0000] {processor.py:840} INFO - DAG(s) 'example_setup_teardown_taskflow' retrieved from /home/airflow/.local/lib/python3.9/site-packages/airflow/example_dags/example_setup_teardown_taskflow.py
[2025-12-11T04:41:09.122+0000] {logging_mixin.py:188} INFO - [2025-12-11T04:41:09.121+0000] {dag.py:3096} INFO - Sync 1 DAGs
[2025-12-11T04:41:09.165+0000] {logging_mixin.py:188} INFO - [2025-12-11T04:41:09.165+0000] {dag.py:3954} INFO - Setting next_dagrun for example_setup_teardown_taskflow to 2025-12-10 00:00:00+00:00, run_after=2025-12-11 00:00:00+00:00
[2025-12-11T04:41:09.279+0000] {processor.py:183} INFO - Processing /home/airflow/.local/lib/python3.9/site-packages/airflow/example_dags/example_setup_teardown_taskflow.py took 0.308 seconds
[2025-12-11T04:41:39.392+0000] {processor.py:161} INFO - Started process (PID=3052) to work on /home/airflow/.local/lib/python3.9/site-packages/airflow/example_dags/example_setup_teardown_taskflow.py
[2025-12-11T04:41:39.409+0000] {processor.py:830} INFO - Processing file /home/airflow/.local/lib/python3.9/site-packages/airflow/example_dags/example_setup_teardown_taskflow.py for tasks to queue
[2025-12-11T04:41:39.412+0000] {logging_mixin.py:188} INFO - [2025-12-11T04:41:39.411+0000] {dagbag.py:545} INFO - Filling up the DagBag from /home/airflow/.local/lib/python3.9/site-packages/airflow/example_dags/example_setup_teardown_taskflow.py
[2025-12-11T04:41:39.430+0000] {processor.py:840} INFO - DAG(s) 'example_setup_teardown_taskflow' retrieved from /home/airflow/.local/lib/python3.9/site-packages/airflow/example_dags/example_setup_teardown_taskflow.py
[2025-12-11T04:41:39.475+0000] {logging_mixin.py:188} INFO - [2025-12-11T04:41:39.475+0000] {dag.py:3096} INFO - Sync 1 DAGs
[2025-12-11T04:41:39.517+0000] {logging_mixin.py:188} INFO - [2025-12-11T04:41:39.516+0000] {dag.py:3954} INFO - Setting next_dagrun for example_setup_teardown_taskflow to 2025-12-10 00:00:00+00:00, run_after=2025-12-11 00:00:00+00:00
[2025-12-11T04:41:39.552+0000] {processor.py:183} INFO - Processing /home/airflow/.local/lib/python3.9/site-packages/airflow/example_dags/example_setup_teardown_taskflow.py took 0.172 seconds
[2025-12-11T04:42:10.234+0000] {processor.py:161} INFO - Started process (PID=3120) to work on /home/airflow/.local/lib/python3.9/site-packages/airflow/example_dags/example_setup_teardown_taskflow.py
[2025-12-11T04:42:10.235+0000] {processor.py:830} INFO - Processing file /home/airflow/.local/lib/python3.9/site-packages/airflow/example_dags/example_setup_teardown_taskflow.py for tasks to queue
[2025-12-11T04:42:10.239+0000] {logging_mixin.py:188} INFO - [2025-12-11T04:42:10.238+0000] {dagbag.py:545} INFO - Filling up the DagBag from /home/airflow/.local/lib/python3.9/site-packages/airflow/example_dags/example_setup_teardown_taskflow.py
[2025-12-11T04:42:10.253+0000] {processor.py:840} INFO - DAG(s) 'example_setup_teardown_taskflow' retrieved from /home/airflow/.local/lib/python3.9/site-packages/airflow/example_dags/example_setup_teardown_taskflow.py
[2025-12-11T04:42:10.311+0000] {logging_mixin.py:188} INFO - [2025-12-11T04:42:10.310+0000] {dag.py:3096} INFO - Sync 1 DAGs
[2025-12-11T04:42:10.364+0000] {logging_mixin.py:188} INFO - [2025-12-11T04:42:10.363+0000] {dag.py:3954} INFO - Setting next_dagrun for example_setup_teardown_taskflow to 2025-12-10 00:00:00+00:00, run_after=2025-12-11 00:00:00+00:00
[2025-12-11T04:42:10.398+0000] {processor.py:183} INFO - Processing /home/airflow/.local/lib/python3.9/site-packages/airflow/example_dags/example_setup_teardown_taskflow.py took 0.175 seconds
[2025-12-11T04:42:41.060+0000] {processor.py:161} INFO - Started process (PID=3187) to work on /home/airflow/.local/lib/python3.9/site-packages/airflow/example_dags/example_setup_teardown_taskflow.py
[2025-12-11T04:42:41.067+0000] {processor.py:830} INFO - Processing file /home/airflow/.local/lib/python3.9/site-packages/airflow/example_dags/example_setup_teardown_taskflow.py for tasks to queue
[2025-12-11T04:42:41.070+0000] {logging_mixin.py:188} INFO - [2025-12-11T04:42:41.070+0000] {dagbag.py:545} INFO - Filling up the DagBag from /home/airflow/.local/lib/python3.9/site-packages/airflow/example_dags/example_setup_teardown_taskflow.py
[2025-12-11T04:42:41.106+0000] {processor.py:840} INFO - DAG(s) 'example_setup_teardown_taskflow' retrieved from /home/airflow/.local/lib/python3.9/site-packages/airflow/example_dags/example_setup_teardown_taskflow.py
[2025-12-11T04:42:41.202+0000] {logging_mixin.py:188} INFO - [2025-12-11T04:42:41.202+0000] {dag.py:3096} INFO - Sync 1 DAGs
[2025-12-11T04:42:41.293+0000] {logging_mixin.py:188} INFO - [2025-12-11T04:42:41.292+0000] {dag.py:3954} INFO - Setting next_dagrun for example_setup_teardown_taskflow to 2025-12-10 00:00:00+00:00, run_after=2025-12-11 00:00:00+00:00
[2025-12-11T04:42:41.338+0000] {processor.py:183} INFO - Processing /home/airflow/.local/lib/python3.9/site-packages/airflow/example_dags/example_setup_teardown_taskflow.py took 0.299 seconds
[2025-12-11T04:43:12.217+0000] {processor.py:161} INFO - Started process (PID=3254) to work on /home/airflow/.local/lib/python3.9/site-packages/airflow/example_dags/example_setup_teardown_taskflow.py
[2025-12-11T04:43:12.219+0000] {processor.py:830} INFO - Processing file /home/airflow/.local/lib/python3.9/site-packages/airflow/example_dags/example_setup_teardown_taskflow.py for tasks to queue
[2025-12-11T04:43:12.221+0000] {logging_mixin.py:188} INFO - [2025-12-11T04:43:12.221+0000] {dagbag.py:545} INFO - Filling up the DagBag from /home/airflow/.local/lib/python3.9/site-packages/airflow/example_dags/example_setup_teardown_taskflow.py
[2025-12-11T04:43:12.237+0000] {processor.py:840} INFO - DAG(s) 'example_setup_teardown_taskflow' retrieved from /home/airflow/.local/lib/python3.9/site-packages/airflow/example_dags/example_setup_teardown_taskflow.py
[2025-12-11T04:43:12.285+0000] {logging_mixin.py:188} INFO - [2025-12-11T04:43:12.284+0000] {dag.py:3096} INFO - Sync 1 DAGs
[2025-12-11T04:43:12.333+0000] {logging_mixin.py:188} INFO - [2025-12-11T04:43:12.333+0000] {dag.py:3954} INFO - Setting next_dagrun for example_setup_teardown_taskflow to 2025-12-10 00:00:00+00:00, run_after=2025-12-11 00:00:00+00:00
[2025-12-11T04:43:12.378+0000] {processor.py:183} INFO - Processing /home/airflow/.local/lib/python3.9/site-packages/airflow/example_dags/example_setup_teardown_taskflow.py took 0.171 seconds
[2025-12-11T04:43:43.108+0000] {processor.py:161} INFO - Started process (PID=3321) to work on /home/airflow/.local/lib/python3.9/site-packages/airflow/example_dags/example_setup_teardown_taskflow.py
[2025-12-11T04:43:43.117+0000] {processor.py:830} INFO - Processing file /home/airflow/.local/lib/python3.9/site-packages/airflow/example_dags/example_setup_teardown_taskflow.py for tasks to queue
[2025-12-11T04:43:43.120+0000] {logging_mixin.py:188} INFO - [2025-12-11T04:43:43.119+0000] {dagbag.py:545} INFO - Filling up the DagBag from /home/airflow/.local/lib/python3.9/site-packages/airflow/example_dags/example_setup_teardown_taskflow.py
[2025-12-11T04:43:43.134+0000] {processor.py:840} INFO - DAG(s) 'example_setup_teardown_taskflow' retrieved from /home/airflow/.local/lib/python3.9/site-packages/airflow/example_dags/example_setup_teardown_taskflow.py
[2025-12-11T04:43:43.178+0000] {logging_mixin.py:188} INFO - [2025-12-11T04:43:43.178+0000] {dag.py:3096} INFO - Sync 1 DAGs
[2025-12-11T04:43:43.228+0000] {logging_mixin.py:188} INFO - [2025-12-11T04:43:43.227+0000] {dag.py:3954} INFO - Setting next_dagrun for example_setup_teardown_taskflow to 2025-12-10 00:00:00+00:00, run_after=2025-12-11 00:00:00+00:00
[2025-12-11T04:43:43.258+0000] {processor.py:183} INFO - Processing /home/airflow/.local/lib/python3.9/site-packages/airflow/example_dags/example_setup_teardown_taskflow.py took 0.160 seconds
[2025-12-11T04:44:13.848+0000] {processor.py:161} INFO - Started process (PID=3388) to work on /home/airflow/.local/lib/python3.9/site-packages/airflow/example_dags/example_setup_teardown_taskflow.py
[2025-12-11T04:44:13.850+0000] {processor.py:830} INFO - Processing file /home/airflow/.local/lib/python3.9/site-packages/airflow/example_dags/example_setup_teardown_taskflow.py for tasks to queue
[2025-12-11T04:44:13.854+0000] {logging_mixin.py:188} INFO - [2025-12-11T04:44:13.853+0000] {dagbag.py:545} INFO - Filling up the DagBag from /home/airflow/.local/lib/python3.9/site-packages/airflow/example_dags/example_setup_teardown_taskflow.py
[2025-12-11T04:44:13.867+0000] {processor.py:840} INFO - DAG(s) 'example_setup_teardown_taskflow' retrieved from /home/airflow/.local/lib/python3.9/site-packages/airflow/example_dags/example_setup_teardown_taskflow.py
[2025-12-11T04:44:13.903+0000] {logging_mixin.py:188} INFO - [2025-12-11T04:44:13.903+0000] {dag.py:3096} INFO - Sync 1 DAGs
[2025-12-11T04:44:13.939+0000] {logging_mixin.py:188} INFO - [2025-12-11T04:44:13.938+0000] {dag.py:3954} INFO - Setting next_dagrun for example_setup_teardown_taskflow to 2025-12-10 00:00:00+00:00, run_after=2025-12-11 00:00:00+00:00
[2025-12-11T04:44:13.964+0000] {processor.py:183} INFO - Processing /home/airflow/.local/lib/python3.9/site-packages/airflow/example_dags/example_setup_teardown_taskflow.py took 0.126 seconds
[2025-12-11T04:44:44.779+0000] {processor.py:161} INFO - Started process (PID=3455) to work on /home/airflow/.local/lib/python3.9/site-packages/airflow/example_dags/example_setup_teardown_taskflow.py
[2025-12-11T04:44:44.801+0000] {processor.py:830} INFO - Processing file /home/airflow/.local/lib/python3.9/site-packages/airflow/example_dags/example_setup_teardown_taskflow.py for tasks to queue
[2025-12-11T04:44:44.804+0000] {logging_mixin.py:188} INFO - [2025-12-11T04:44:44.804+0000] {dagbag.py:545} INFO - Filling up the DagBag from /home/airflow/.local/lib/python3.9/site-packages/airflow/example_dags/example_setup_teardown_taskflow.py
[2025-12-11T04:44:44.820+0000] {processor.py:840} INFO - DAG(s) 'example_setup_teardown_taskflow' retrieved from /home/airflow/.local/lib/python3.9/site-packages/airflow/example_dags/example_setup_teardown_taskflow.py
[2025-12-11T04:44:44.860+0000] {logging_mixin.py:188} INFO - [2025-12-11T04:44:44.860+0000] {dag.py:3096} INFO - Sync 1 DAGs
[2025-12-11T04:44:45.126+0000] {logging_mixin.py:188} INFO - [2025-12-11T04:44:45.125+0000] {dag.py:3954} INFO - Setting next_dagrun for example_setup_teardown_taskflow to 2025-12-10 00:00:00+00:00, run_after=2025-12-11 00:00:00+00:00
[2025-12-11T04:44:45.194+0000] {processor.py:183} INFO - Processing /home/airflow/.local/lib/python3.9/site-packages/airflow/example_dags/example_setup_teardown_taskflow.py took 0.427 seconds
[2025-12-11T04:45:16.184+0000] {processor.py:161} INFO - Started process (PID=3524) to work on /home/airflow/.local/lib/python3.9/site-packages/airflow/example_dags/example_setup_teardown_taskflow.py
[2025-12-11T04:45:16.188+0000] {processor.py:830} INFO - Processing file /home/airflow/.local/lib/python3.9/site-packages/airflow/example_dags/example_setup_teardown_taskflow.py for tasks to queue
[2025-12-11T04:45:16.199+0000] {logging_mixin.py:188} INFO - [2025-12-11T04:45:16.199+0000] {dagbag.py:545} INFO - Filling up the DagBag from /home/airflow/.local/lib/python3.9/site-packages/airflow/example_dags/example_setup_teardown_taskflow.py
[2025-12-11T04:45:16.228+0000] {processor.py:840} INFO - DAG(s) 'example_setup_teardown_taskflow' retrieved from /home/airflow/.local/lib/python3.9/site-packages/airflow/example_dags/example_setup_teardown_taskflow.py
[2025-12-11T04:45:16.304+0000] {logging_mixin.py:188} INFO - [2025-12-11T04:45:16.303+0000] {dag.py:3096} INFO - Sync 1 DAGs
[2025-12-11T04:45:16.366+0000] {logging_mixin.py:188} INFO - [2025-12-11T04:45:16.366+0000] {dag.py:3954} INFO - Setting next_dagrun for example_setup_teardown_taskflow to 2025-12-10 00:00:00+00:00, run_after=2025-12-11 00:00:00+00:00
[2025-12-11T04:45:16.421+0000] {processor.py:183} INFO - Processing /home/airflow/.local/lib/python3.9/site-packages/airflow/example_dags/example_setup_teardown_taskflow.py took 0.255 seconds
[2025-12-11T04:45:46.710+0000] {processor.py:161} INFO - Started process (PID=3592) to work on /home/airflow/.local/lib/python3.9/site-packages/airflow/example_dags/example_setup_teardown_taskflow.py
[2025-12-11T04:45:46.799+0000] {processor.py:830} INFO - Processing file /home/airflow/.local/lib/python3.9/site-packages/airflow/example_dags/example_setup_teardown_taskflow.py for tasks to queue
[2025-12-11T04:45:46.802+0000] {logging_mixin.py:188} INFO - [2025-12-11T04:45:46.802+0000] {dagbag.py:545} INFO - Filling up the DagBag from /home/airflow/.local/lib/python3.9/site-packages/airflow/example_dags/example_setup_teardown_taskflow.py
[2025-12-11T04:45:46.816+0000] {processor.py:840} INFO - DAG(s) 'example_setup_teardown_taskflow' retrieved from /home/airflow/.local/lib/python3.9/site-packages/airflow/example_dags/example_setup_teardown_taskflow.py
[2025-12-11T04:45:46.855+0000] {logging_mixin.py:188} INFO - [2025-12-11T04:45:46.855+0000] {dag.py:3096} INFO - Sync 1 DAGs
[2025-12-11T04:45:46.909+0000] {logging_mixin.py:188} INFO - [2025-12-11T04:45:46.909+0000] {dag.py:3954} INFO - Setting next_dagrun for example_setup_teardown_taskflow to 2025-12-10 00:00:00+00:00, run_after=2025-12-11 00:00:00+00:00
[2025-12-11T04:45:46.962+0000] {processor.py:183} INFO - Processing /home/airflow/.local/lib/python3.9/site-packages/airflow/example_dags/example_setup_teardown_taskflow.py took 0.262 seconds
[2025-12-11T04:46:17.645+0000] {processor.py:161} INFO - Started process (PID=3666) to work on /home/airflow/.local/lib/python3.9/site-packages/airflow/example_dags/example_setup_teardown_taskflow.py
[2025-12-11T04:46:17.655+0000] {processor.py:830} INFO - Processing file /home/airflow/.local/lib/python3.9/site-packages/airflow/example_dags/example_setup_teardown_taskflow.py for tasks to queue
[2025-12-11T04:46:17.659+0000] {logging_mixin.py:188} INFO - [2025-12-11T04:46:17.658+0000] {dagbag.py:545} INFO - Filling up the DagBag from /home/airflow/.local/lib/python3.9/site-packages/airflow/example_dags/example_setup_teardown_taskflow.py
[2025-12-11T04:46:17.684+0000] {processor.py:840} INFO - DAG(s) 'example_setup_teardown_taskflow' retrieved from /home/airflow/.local/lib/python3.9/site-packages/airflow/example_dags/example_setup_teardown_taskflow.py
[2025-12-11T04:46:17.764+0000] {logging_mixin.py:188} INFO - [2025-12-11T04:46:17.764+0000] {dag.py:3096} INFO - Sync 1 DAGs
[2025-12-11T04:46:17.840+0000] {logging_mixin.py:188} INFO - [2025-12-11T04:46:17.839+0000] {dag.py:3954} INFO - Setting next_dagrun for example_setup_teardown_taskflow to 2025-12-10 00:00:00+00:00, run_after=2025-12-11 00:00:00+00:00
[2025-12-11T04:46:17.880+0000] {processor.py:183} INFO - Processing /home/airflow/.local/lib/python3.9/site-packages/airflow/example_dags/example_setup_teardown_taskflow.py took 0.253 seconds
[2025-12-11T04:46:48.267+0000] {processor.py:161} INFO - Started process (PID=3733) to work on /home/airflow/.local/lib/python3.9/site-packages/airflow/example_dags/example_setup_teardown_taskflow.py
[2025-12-11T04:46:48.277+0000] {processor.py:830} INFO - Processing file /home/airflow/.local/lib/python3.9/site-packages/airflow/example_dags/example_setup_teardown_taskflow.py for tasks to queue
[2025-12-11T04:46:48.280+0000] {logging_mixin.py:188} INFO - [2025-12-11T04:46:48.280+0000] {dagbag.py:545} INFO - Filling up the DagBag from /home/airflow/.local/lib/python3.9/site-packages/airflow/example_dags/example_setup_teardown_taskflow.py
[2025-12-11T04:46:48.301+0000] {processor.py:840} INFO - DAG(s) 'example_setup_teardown_taskflow' retrieved from /home/airflow/.local/lib/python3.9/site-packages/airflow/example_dags/example_setup_teardown_taskflow.py
[2025-12-11T04:46:48.364+0000] {logging_mixin.py:188} INFO - [2025-12-11T04:46:48.364+0000] {dag.py:3096} INFO - Sync 1 DAGs
[2025-12-11T04:46:48.422+0000] {logging_mixin.py:188} INFO - [2025-12-11T04:46:48.421+0000] {dag.py:3954} INFO - Setting next_dagrun for example_setup_teardown_taskflow to 2025-12-10 00:00:00+00:00, run_after=2025-12-11 00:00:00+00:00
[2025-12-11T04:46:48.449+0000] {processor.py:183} INFO - Processing /home/airflow/.local/lib/python3.9/site-packages/airflow/example_dags/example_setup_teardown_taskflow.py took 0.191 seconds
[2025-12-11T04:47:19.320+0000] {processor.py:161} INFO - Started process (PID=3801) to work on /home/airflow/.local/lib/python3.9/site-packages/airflow/example_dags/example_setup_teardown_taskflow.py
[2025-12-11T04:47:19.327+0000] {processor.py:830} INFO - Processing file /home/airflow/.local/lib/python3.9/site-packages/airflow/example_dags/example_setup_teardown_taskflow.py for tasks to queue
[2025-12-11T04:47:19.330+0000] {logging_mixin.py:188} INFO - [2025-12-11T04:47:19.329+0000] {dagbag.py:545} INFO - Filling up the DagBag from /home/airflow/.local/lib/python3.9/site-packages/airflow/example_dags/example_setup_teardown_taskflow.py
[2025-12-11T04:47:19.349+0000] {processor.py:840} INFO - DAG(s) 'example_setup_teardown_taskflow' retrieved from /home/airflow/.local/lib/python3.9/site-packages/airflow/example_dags/example_setup_teardown_taskflow.py
[2025-12-11T04:47:19.407+0000] {logging_mixin.py:188} INFO - [2025-12-11T04:47:19.406+0000] {dag.py:3096} INFO - Sync 1 DAGs
[2025-12-11T04:47:19.480+0000] {logging_mixin.py:188} INFO - [2025-12-11T04:47:19.479+0000] {dag.py:3954} INFO - Setting next_dagrun for example_setup_teardown_taskflow to 2025-12-10 00:00:00+00:00, run_after=2025-12-11 00:00:00+00:00
[2025-12-11T04:47:19.528+0000] {processor.py:183} INFO - Processing /home/airflow/.local/lib/python3.9/site-packages/airflow/example_dags/example_setup_teardown_taskflow.py took 0.225 seconds
[2025-12-11T04:47:50.204+0000] {processor.py:161} INFO - Started process (PID=3868) to work on /home/airflow/.local/lib/python3.9/site-packages/airflow/example_dags/example_setup_teardown_taskflow.py
[2025-12-11T04:47:50.211+0000] {processor.py:830} INFO - Processing file /home/airflow/.local/lib/python3.9/site-packages/airflow/example_dags/example_setup_teardown_taskflow.py for tasks to queue
[2025-12-11T04:47:50.221+0000] {logging_mixin.py:188} INFO - [2025-12-11T04:47:50.221+0000] {dagbag.py:545} INFO - Filling up the DagBag from /home/airflow/.local/lib/python3.9/site-packages/airflow/example_dags/example_setup_teardown_taskflow.py
[2025-12-11T04:47:50.251+0000] {processor.py:840} INFO - DAG(s) 'example_setup_teardown_taskflow' retrieved from /home/airflow/.local/lib/python3.9/site-packages/airflow/example_dags/example_setup_teardown_taskflow.py
[2025-12-11T04:47:50.330+0000] {logging_mixin.py:188} INFO - [2025-12-11T04:47:50.329+0000] {dag.py:3096} INFO - Sync 1 DAGs
[2025-12-11T04:47:50.381+0000] {logging_mixin.py:188} INFO - [2025-12-11T04:47:50.380+0000] {dag.py:3954} INFO - Setting next_dagrun for example_setup_teardown_taskflow to 2025-12-10 00:00:00+00:00, run_after=2025-12-11 00:00:00+00:00
[2025-12-11T04:47:50.407+0000] {processor.py:183} INFO - Processing /home/airflow/.local/lib/python3.9/site-packages/airflow/example_dags/example_setup_teardown_taskflow.py took 0.247 seconds
[2025-12-11T04:48:20.839+0000] {processor.py:161} INFO - Started process (PID=3935) to work on /home/airflow/.local/lib/python3.9/site-packages/airflow/example_dags/example_setup_teardown_taskflow.py
[2025-12-11T04:48:20.885+0000] {processor.py:830} INFO - Processing file /home/airflow/.local/lib/python3.9/site-packages/airflow/example_dags/example_setup_teardown_taskflow.py for tasks to queue
[2025-12-11T04:48:20.889+0000] {logging_mixin.py:188} INFO - [2025-12-11T04:48:20.888+0000] {dagbag.py:545} INFO - Filling up the DagBag from /home/airflow/.local/lib/python3.9/site-packages/airflow/example_dags/example_setup_teardown_taskflow.py
[2025-12-11T04:48:20.910+0000] {processor.py:840} INFO - DAG(s) 'example_setup_teardown_taskflow' retrieved from /home/airflow/.local/lib/python3.9/site-packages/airflow/example_dags/example_setup_teardown_taskflow.py
[2025-12-11T04:48:20.979+0000] {logging_mixin.py:188} INFO - [2025-12-11T04:48:20.979+0000] {dag.py:3096} INFO - Sync 1 DAGs
[2025-12-11T04:48:21.038+0000] {logging_mixin.py:188} INFO - [2025-12-11T04:48:21.037+0000] {dag.py:3954} INFO - Setting next_dagrun for example_setup_teardown_taskflow to 2025-12-10 00:00:00+00:00, run_after=2025-12-11 00:00:00+00:00
[2025-12-11T04:48:21.238+0000] {processor.py:183} INFO - Processing /home/airflow/.local/lib/python3.9/site-packages/airflow/example_dags/example_setup_teardown_taskflow.py took 0.418 seconds
[2025-12-11T04:48:52.298+0000] {processor.py:161} INFO - Started process (PID=4003) to work on /home/airflow/.local/lib/python3.9/site-packages/airflow/example_dags/example_setup_teardown_taskflow.py
[2025-12-11T04:48:52.303+0000] {processor.py:830} INFO - Processing file /home/airflow/.local/lib/python3.9/site-packages/airflow/example_dags/example_setup_teardown_taskflow.py for tasks to queue
[2025-12-11T04:48:52.319+0000] {logging_mixin.py:188} INFO - [2025-12-11T04:48:52.318+0000] {dagbag.py:545} INFO - Filling up the DagBag from /home/airflow/.local/lib/python3.9/site-packages/airflow/example_dags/example_setup_teardown_taskflow.py
[2025-12-11T04:48:52.360+0000] {processor.py:840} INFO - DAG(s) 'example_setup_teardown_taskflow' retrieved from /home/airflow/.local/lib/python3.9/site-packages/airflow/example_dags/example_setup_teardown_taskflow.py
[2025-12-11T04:48:52.440+0000] {logging_mixin.py:188} INFO - [2025-12-11T04:48:52.440+0000] {dag.py:3096} INFO - Sync 1 DAGs
[2025-12-11T04:48:52.504+0000] {logging_mixin.py:188} INFO - [2025-12-11T04:48:52.503+0000] {dag.py:3954} INFO - Setting next_dagrun for example_setup_teardown_taskflow to 2025-12-10 00:00:00+00:00, run_after=2025-12-11 00:00:00+00:00
[2025-12-11T04:48:52.567+0000] {processor.py:183} INFO - Processing /home/airflow/.local/lib/python3.9/site-packages/airflow/example_dags/example_setup_teardown_taskflow.py took 0.290 seconds
[2025-12-11T04:49:22.925+0000] {processor.py:161} INFO - Started process (PID=4069) to work on /home/airflow/.local/lib/python3.9/site-packages/airflow/example_dags/example_setup_teardown_taskflow.py
[2025-12-11T04:49:22.930+0000] {processor.py:830} INFO - Processing file /home/airflow/.local/lib/python3.9/site-packages/airflow/example_dags/example_setup_teardown_taskflow.py for tasks to queue
[2025-12-11T04:49:22.936+0000] {logging_mixin.py:188} INFO - [2025-12-11T04:49:22.935+0000] {dagbag.py:545} INFO - Filling up the DagBag from /home/airflow/.local/lib/python3.9/site-packages/airflow/example_dags/example_setup_teardown_taskflow.py
[2025-12-11T04:49:22.954+0000] {processor.py:840} INFO - DAG(s) 'example_setup_teardown_taskflow' retrieved from /home/airflow/.local/lib/python3.9/site-packages/airflow/example_dags/example_setup_teardown_taskflow.py
[2025-12-11T04:49:22.995+0000] {logging_mixin.py:188} INFO - [2025-12-11T04:49:22.995+0000] {dag.py:3096} INFO - Sync 1 DAGs
[2025-12-11T04:49:23.046+0000] {logging_mixin.py:188} INFO - [2025-12-11T04:49:23.045+0000] {dag.py:3954} INFO - Setting next_dagrun for example_setup_teardown_taskflow to 2025-12-10 00:00:00+00:00, run_after=2025-12-11 00:00:00+00:00
[2025-12-11T04:49:23.078+0000] {processor.py:183} INFO - Processing /home/airflow/.local/lib/python3.9/site-packages/airflow/example_dags/example_setup_teardown_taskflow.py took 0.167 seconds
[2025-12-11T04:49:53.249+0000] {processor.py:161} INFO - Started process (PID=4135) to work on /home/airflow/.local/lib/python3.9/site-packages/airflow/example_dags/example_setup_teardown_taskflow.py
[2025-12-11T04:49:53.250+0000] {processor.py:830} INFO - Processing file /home/airflow/.local/lib/python3.9/site-packages/airflow/example_dags/example_setup_teardown_taskflow.py for tasks to queue
[2025-12-11T04:49:53.253+0000] {logging_mixin.py:188} INFO - [2025-12-11T04:49:53.253+0000] {dagbag.py:545} INFO - Filling up the DagBag from /home/airflow/.local/lib/python3.9/site-packages/airflow/example_dags/example_setup_teardown_taskflow.py
[2025-12-11T04:49:53.267+0000] {processor.py:840} INFO - DAG(s) 'example_setup_teardown_taskflow' retrieved from /home/airflow/.local/lib/python3.9/site-packages/airflow/example_dags/example_setup_teardown_taskflow.py
[2025-12-11T04:49:53.304+0000] {logging_mixin.py:188} INFO - [2025-12-11T04:49:53.303+0000] {dag.py:3096} INFO - Sync 1 DAGs
[2025-12-11T04:49:53.338+0000] {logging_mixin.py:188} INFO - [2025-12-11T04:49:53.338+0000] {dag.py:3954} INFO - Setting next_dagrun for example_setup_teardown_taskflow to 2025-12-10 00:00:00+00:00, run_after=2025-12-11 00:00:00+00:00
[2025-12-11T04:49:53.367+0000] {processor.py:183} INFO - Processing /home/airflow/.local/lib/python3.9/site-packages/airflow/example_dags/example_setup_teardown_taskflow.py took 0.129 seconds
[2025-12-11T04:50:24.656+0000] {processor.py:161} INFO - Started process (PID=4204) to work on /home/airflow/.local/lib/python3.9/site-packages/airflow/example_dags/example_setup_teardown_taskflow.py
[2025-12-11T04:50:24.658+0000] {processor.py:830} INFO - Processing file /home/airflow/.local/lib/python3.9/site-packages/airflow/example_dags/example_setup_teardown_taskflow.py for tasks to queue
[2025-12-11T04:50:24.662+0000] {logging_mixin.py:188} INFO - [2025-12-11T04:50:24.661+0000] {dagbag.py:545} INFO - Filling up the DagBag from /home/airflow/.local/lib/python3.9/site-packages/airflow/example_dags/example_setup_teardown_taskflow.py
[2025-12-11T04:50:24.679+0000] {processor.py:840} INFO - DAG(s) 'example_setup_teardown_taskflow' retrieved from /home/airflow/.local/lib/python3.9/site-packages/airflow/example_dags/example_setup_teardown_taskflow.py
[2025-12-11T04:50:24.729+0000] {logging_mixin.py:188} INFO - [2025-12-11T04:50:24.729+0000] {dag.py:3096} INFO - Sync 1 DAGs
[2025-12-11T04:50:24.777+0000] {logging_mixin.py:188} INFO - [2025-12-11T04:50:24.777+0000] {dag.py:3954} INFO - Setting next_dagrun for example_setup_teardown_taskflow to 2025-12-10 00:00:00+00:00, run_after=2025-12-11 00:00:00+00:00
[2025-12-11T04:50:24.815+0000] {processor.py:183} INFO - Processing /home/airflow/.local/lib/python3.9/site-packages/airflow/example_dags/example_setup_teardown_taskflow.py took 0.171 seconds
[2025-12-11T04:50:55.006+0000] {processor.py:161} INFO - Started process (PID=4271) to work on /home/airflow/.local/lib/python3.9/site-packages/airflow/example_dags/example_setup_teardown_taskflow.py
[2025-12-11T04:50:55.008+0000] {processor.py:830} INFO - Processing file /home/airflow/.local/lib/python3.9/site-packages/airflow/example_dags/example_setup_teardown_taskflow.py for tasks to queue
[2025-12-11T04:50:55.010+0000] {logging_mixin.py:188} INFO - [2025-12-11T04:50:55.010+0000] {dagbag.py:545} INFO - Filling up the DagBag from /home/airflow/.local/lib/python3.9/site-packages/airflow/example_dags/example_setup_teardown_taskflow.py
[2025-12-11T04:50:55.025+0000] {processor.py:840} INFO - DAG(s) 'example_setup_teardown_taskflow' retrieved from /home/airflow/.local/lib/python3.9/site-packages/airflow/example_dags/example_setup_teardown_taskflow.py
[2025-12-11T04:50:55.072+0000] {logging_mixin.py:188} INFO - [2025-12-11T04:50:55.071+0000] {dag.py:3096} INFO - Sync 1 DAGs
[2025-12-11T04:50:55.121+0000] {logging_mixin.py:188} INFO - [2025-12-11T04:50:55.121+0000] {dag.py:3954} INFO - Setting next_dagrun for example_setup_teardown_taskflow to 2025-12-10 00:00:00+00:00, run_after=2025-12-11 00:00:00+00:00
[2025-12-11T04:50:55.151+0000] {processor.py:183} INFO - Processing /home/airflow/.local/lib/python3.9/site-packages/airflow/example_dags/example_setup_teardown_taskflow.py took 0.157 seconds
[2025-12-11T04:51:25.847+0000] {processor.py:161} INFO - Started process (PID=4345) to work on /home/airflow/.local/lib/python3.9/site-packages/airflow/example_dags/example_setup_teardown_taskflow.py
[2025-12-11T04:51:25.857+0000] {processor.py:830} INFO - Processing file /home/airflow/.local/lib/python3.9/site-packages/airflow/example_dags/example_setup_teardown_taskflow.py for tasks to queue
[2025-12-11T04:51:25.860+0000] {logging_mixin.py:188} INFO - [2025-12-11T04:51:25.859+0000] {dagbag.py:545} INFO - Filling up the DagBag from /home/airflow/.local/lib/python3.9/site-packages/airflow/example_dags/example_setup_teardown_taskflow.py
[2025-12-11T04:51:25.884+0000] {processor.py:840} INFO - DAG(s) 'example_setup_teardown_taskflow' retrieved from /home/airflow/.local/lib/python3.9/site-packages/airflow/example_dags/example_setup_teardown_taskflow.py
[2025-12-11T04:51:25.948+0000] {logging_mixin.py:188} INFO - [2025-12-11T04:51:25.947+0000] {dag.py:3096} INFO - Sync 1 DAGs
[2025-12-11T04:51:26.018+0000] {logging_mixin.py:188} INFO - [2025-12-11T04:51:26.017+0000] {dag.py:3954} INFO - Setting next_dagrun for example_setup_teardown_taskflow to 2025-12-10 00:00:00+00:00, run_after=2025-12-11 00:00:00+00:00
[2025-12-11T04:51:26.083+0000] {processor.py:183} INFO - Processing /home/airflow/.local/lib/python3.9/site-packages/airflow/example_dags/example_setup_teardown_taskflow.py took 0.246 seconds
[2025-12-11T04:51:57.020+0000] {processor.py:161} INFO - Started process (PID=4412) to work on /home/airflow/.local/lib/python3.9/site-packages/airflow/example_dags/example_setup_teardown_taskflow.py
[2025-12-11T04:51:57.022+0000] {processor.py:830} INFO - Processing file /home/airflow/.local/lib/python3.9/site-packages/airflow/example_dags/example_setup_teardown_taskflow.py for tasks to queue
[2025-12-11T04:51:57.024+0000] {logging_mixin.py:188} INFO - [2025-12-11T04:51:57.024+0000] {dagbag.py:545} INFO - Filling up the DagBag from /home/airflow/.local/lib/python3.9/site-packages/airflow/example_dags/example_setup_teardown_taskflow.py
[2025-12-11T04:51:57.040+0000] {processor.py:840} INFO - DAG(s) 'example_setup_teardown_taskflow' retrieved from /home/airflow/.local/lib/python3.9/site-packages/airflow/example_dags/example_setup_teardown_taskflow.py
[2025-12-11T04:51:57.088+0000] {logging_mixin.py:188} INFO - [2025-12-11T04:51:57.088+0000] {dag.py:3096} INFO - Sync 1 DAGs
[2025-12-11T04:51:57.159+0000] {logging_mixin.py:188} INFO - [2025-12-11T04:51:57.159+0000] {dag.py:3954} INFO - Setting next_dagrun for example_setup_teardown_taskflow to 2025-12-10 00:00:00+00:00, run_after=2025-12-11 00:00:00+00:00
[2025-12-11T04:51:57.200+0000] {processor.py:183} INFO - Processing /home/airflow/.local/lib/python3.9/site-packages/airflow/example_dags/example_setup_teardown_taskflow.py took 0.192 seconds
[2025-12-11T04:52:27.460+0000] {processor.py:161} INFO - Started process (PID=4472) to work on /home/airflow/.local/lib/python3.9/site-packages/airflow/example_dags/example_setup_teardown_taskflow.py
[2025-12-11T04:52:27.484+0000] {processor.py:830} INFO - Processing file /home/airflow/.local/lib/python3.9/site-packages/airflow/example_dags/example_setup_teardown_taskflow.py for tasks to queue
[2025-12-11T04:52:27.487+0000] {logging_mixin.py:188} INFO - [2025-12-11T04:52:27.486+0000] {dagbag.py:545} INFO - Filling up the DagBag from /home/airflow/.local/lib/python3.9/site-packages/airflow/example_dags/example_setup_teardown_taskflow.py
[2025-12-11T04:52:27.503+0000] {processor.py:840} INFO - DAG(s) 'example_setup_teardown_taskflow' retrieved from /home/airflow/.local/lib/python3.9/site-packages/airflow/example_dags/example_setup_teardown_taskflow.py
[2025-12-11T04:52:27.568+0000] {logging_mixin.py:188} INFO - [2025-12-11T04:52:27.568+0000] {dag.py:3096} INFO - Sync 1 DAGs
[2025-12-11T04:52:27.646+0000] {logging_mixin.py:188} INFO - [2025-12-11T04:52:27.645+0000] {dag.py:3954} INFO - Setting next_dagrun for example_setup_teardown_taskflow to 2025-12-10 00:00:00+00:00, run_after=2025-12-11 00:00:00+00:00
[2025-12-11T04:52:27.706+0000] {processor.py:183} INFO - Processing /home/airflow/.local/lib/python3.9/site-packages/airflow/example_dags/example_setup_teardown_taskflow.py took 0.258 seconds
[2025-12-11T04:52:57.946+0000] {processor.py:161} INFO - Started process (PID=4539) to work on /home/airflow/.local/lib/python3.9/site-packages/airflow/example_dags/example_setup_teardown_taskflow.py
[2025-12-11T04:52:57.954+0000] {processor.py:830} INFO - Processing file /home/airflow/.local/lib/python3.9/site-packages/airflow/example_dags/example_setup_teardown_taskflow.py for tasks to queue
[2025-12-11T04:52:57.957+0000] {logging_mixin.py:188} INFO - [2025-12-11T04:52:57.956+0000] {dagbag.py:545} INFO - Filling up the DagBag from /home/airflow/.local/lib/python3.9/site-packages/airflow/example_dags/example_setup_teardown_taskflow.py
[2025-12-11T04:52:57.972+0000] {processor.py:840} INFO - DAG(s) 'example_setup_teardown_taskflow' retrieved from /home/airflow/.local/lib/python3.9/site-packages/airflow/example_dags/example_setup_teardown_taskflow.py
[2025-12-11T04:52:58.011+0000] {logging_mixin.py:188} INFO - [2025-12-11T04:52:58.011+0000] {dag.py:3096} INFO - Sync 1 DAGs
[2025-12-11T04:52:58.056+0000] {logging_mixin.py:188} INFO - [2025-12-11T04:52:58.055+0000] {dag.py:3954} INFO - Setting next_dagrun for example_setup_teardown_taskflow to 2025-12-10 00:00:00+00:00, run_after=2025-12-11 00:00:00+00:00
[2025-12-11T04:52:58.148+0000] {processor.py:183} INFO - Processing /home/airflow/.local/lib/python3.9/site-packages/airflow/example_dags/example_setup_teardown_taskflow.py took 0.217 seconds
