[2025-12-11T04:18:41.780+0000] {processor.py:161} INFO - Started process (PID=97) to work on /home/airflow/.local/lib/python3.9/site-packages/airflow/example_dags/example_display_name.py
[2025-12-11T04:18:41.782+0000] {processor.py:830} INFO - Processing file /home/airflow/.local/lib/python3.9/site-packages/airflow/example_dags/example_display_name.py for tasks to queue
[2025-12-11T04:18:41.800+0000] {logging_mixin.py:188} INFO - [2025-12-11T04:18:41.800+0000] {dagbag.py:545} INFO - Filling up the DagBag from /home/airflow/.local/lib/python3.9/site-packages/airflow/example_dags/example_display_name.py
[2025-12-11T04:18:41.862+0000] {processor.py:840} INFO - DAG(s) 'example_display_name' retrieved from /home/airflow/.local/lib/python3.9/site-packages/airflow/example_dags/example_display_name.py
[2025-12-11T04:18:42.438+0000] {logging_mixin.py:188} INFO - [2025-12-11T04:18:42.437+0000] {dag.py:3096} INFO - Sync 1 DAGs
[2025-12-11T04:18:42.482+0000] {logging_mixin.py:188} INFO - [2025-12-11T04:18:42.481+0000] {dag.py:3954} INFO - Setting next_dagrun for example_display_name to None, run_after=None
[2025-12-11T04:18:42.679+0000] {processor.py:183} INFO - Processing /home/airflow/.local/lib/python3.9/site-packages/airflow/example_dags/example_display_name.py took 0.939 seconds
[2025-12-11T04:19:17.903+0000] {processor.py:161} INFO - Started process (PID=163) to work on /home/airflow/.local/lib/python3.9/site-packages/airflow/example_dags/example_display_name.py
[2025-12-11T04:19:17.909+0000] {processor.py:830} INFO - Processing file /home/airflow/.local/lib/python3.9/site-packages/airflow/example_dags/example_display_name.py for tasks to queue
[2025-12-11T04:19:17.919+0000] {logging_mixin.py:188} INFO - [2025-12-11T04:19:17.919+0000] {dagbag.py:545} INFO - Filling up the DagBag from /home/airflow/.local/lib/python3.9/site-packages/airflow/example_dags/example_display_name.py
[2025-12-11T04:19:17.939+0000] {processor.py:840} INFO - DAG(s) 'example_display_name' retrieved from /home/airflow/.local/lib/python3.9/site-packages/airflow/example_dags/example_display_name.py
[2025-12-11T04:19:17.984+0000] {logging_mixin.py:188} INFO - [2025-12-11T04:19:17.984+0000] {dag.py:3096} INFO - Sync 1 DAGs
[2025-12-11T04:19:18.003+0000] {logging_mixin.py:188} INFO - [2025-12-11T04:19:18.002+0000] {dag.py:3954} INFO - Setting next_dagrun for example_display_name to None, run_after=None
[2025-12-11T04:19:18.102+0000] {processor.py:183} INFO - Processing /home/airflow/.local/lib/python3.9/site-packages/airflow/example_dags/example_display_name.py took 0.212 seconds
[2025-12-11T04:19:48.960+0000] {processor.py:161} INFO - Started process (PID=227) to work on /home/airflow/.local/lib/python3.9/site-packages/airflow/example_dags/example_display_name.py
[2025-12-11T04:19:48.964+0000] {processor.py:830} INFO - Processing file /home/airflow/.local/lib/python3.9/site-packages/airflow/example_dags/example_display_name.py for tasks to queue
[2025-12-11T04:19:48.980+0000] {logging_mixin.py:188} INFO - [2025-12-11T04:19:48.979+0000] {dagbag.py:545} INFO - Filling up the DagBag from /home/airflow/.local/lib/python3.9/site-packages/airflow/example_dags/example_display_name.py
[2025-12-11T04:19:49.018+0000] {processor.py:840} INFO - DAG(s) 'example_display_name' retrieved from /home/airflow/.local/lib/python3.9/site-packages/airflow/example_dags/example_display_name.py
[2025-12-11T04:19:49.160+0000] {logging_mixin.py:188} INFO - [2025-12-11T04:19:49.159+0000] {dag.py:3096} INFO - Sync 1 DAGs
[2025-12-11T04:19:49.223+0000] {logging_mixin.py:188} INFO - [2025-12-11T04:19:49.223+0000] {dag.py:3954} INFO - Setting next_dagrun for example_display_name to None, run_after=None
[2025-12-11T04:19:49.382+0000] {processor.py:183} INFO - Processing /home/airflow/.local/lib/python3.9/site-packages/airflow/example_dags/example_display_name.py took 0.460 seconds
[2025-12-11T04:20:20.181+0000] {processor.py:161} INFO - Started process (PID=293) to work on /home/airflow/.local/lib/python3.9/site-packages/airflow/example_dags/example_display_name.py
[2025-12-11T04:20:20.189+0000] {processor.py:830} INFO - Processing file /home/airflow/.local/lib/python3.9/site-packages/airflow/example_dags/example_display_name.py for tasks to queue
[2025-12-11T04:20:20.198+0000] {logging_mixin.py:188} INFO - [2025-12-11T04:20:20.198+0000] {dagbag.py:545} INFO - Filling up the DagBag from /home/airflow/.local/lib/python3.9/site-packages/airflow/example_dags/example_display_name.py
[2025-12-11T04:20:20.207+0000] {processor.py:840} INFO - DAG(s) 'example_display_name' retrieved from /home/airflow/.local/lib/python3.9/site-packages/airflow/example_dags/example_display_name.py
[2025-12-11T04:20:20.285+0000] {logging_mixin.py:188} INFO - [2025-12-11T04:20:20.285+0000] {dag.py:3096} INFO - Sync 1 DAGs
[2025-12-11T04:20:20.323+0000] {logging_mixin.py:188} INFO - [2025-12-11T04:20:20.322+0000] {dag.py:3954} INFO - Setting next_dagrun for example_display_name to None, run_after=None
[2025-12-11T04:20:20.419+0000] {processor.py:183} INFO - Processing /home/airflow/.local/lib/python3.9/site-packages/airflow/example_dags/example_display_name.py took 0.257 seconds
[2025-12-11T04:20:50.586+0000] {processor.py:161} INFO - Started process (PID=352) to work on /home/airflow/.local/lib/python3.9/site-packages/airflow/example_dags/example_display_name.py
[2025-12-11T04:20:50.595+0000] {processor.py:830} INFO - Processing file /home/airflow/.local/lib/python3.9/site-packages/airflow/example_dags/example_display_name.py for tasks to queue
[2025-12-11T04:20:50.598+0000] {logging_mixin.py:188} INFO - [2025-12-11T04:20:50.597+0000] {dagbag.py:545} INFO - Filling up the DagBag from /home/airflow/.local/lib/python3.9/site-packages/airflow/example_dags/example_display_name.py
[2025-12-11T04:20:50.608+0000] {processor.py:840} INFO - DAG(s) 'example_display_name' retrieved from /home/airflow/.local/lib/python3.9/site-packages/airflow/example_dags/example_display_name.py
[2025-12-11T04:20:50.648+0000] {logging_mixin.py:188} INFO - [2025-12-11T04:20:50.647+0000] {dag.py:3096} INFO - Sync 1 DAGs
[2025-12-11T04:20:50.668+0000] {logging_mixin.py:188} INFO - [2025-12-11T04:20:50.668+0000] {dag.py:3954} INFO - Setting next_dagrun for example_display_name to None, run_after=None
[2025-12-11T04:20:50.693+0000] {processor.py:183} INFO - Processing /home/airflow/.local/lib/python3.9/site-packages/airflow/example_dags/example_display_name.py took 0.119 seconds
[2025-12-11T04:21:21.020+0000] {processor.py:161} INFO - Started process (PID=418) to work on /home/airflow/.local/lib/python3.9/site-packages/airflow/example_dags/example_display_name.py
[2025-12-11T04:21:21.022+0000] {processor.py:830} INFO - Processing file /home/airflow/.local/lib/python3.9/site-packages/airflow/example_dags/example_display_name.py for tasks to queue
[2025-12-11T04:21:21.024+0000] {logging_mixin.py:188} INFO - [2025-12-11T04:21:21.024+0000] {dagbag.py:545} INFO - Filling up the DagBag from /home/airflow/.local/lib/python3.9/site-packages/airflow/example_dags/example_display_name.py
[2025-12-11T04:21:21.037+0000] {processor.py:840} INFO - DAG(s) 'example_display_name' retrieved from /home/airflow/.local/lib/python3.9/site-packages/airflow/example_dags/example_display_name.py
[2025-12-11T04:21:21.080+0000] {logging_mixin.py:188} INFO - [2025-12-11T04:21:21.079+0000] {dag.py:3096} INFO - Sync 1 DAGs
[2025-12-11T04:21:21.100+0000] {logging_mixin.py:188} INFO - [2025-12-11T04:21:21.099+0000] {dag.py:3954} INFO - Setting next_dagrun for example_display_name to None, run_after=None
[2025-12-11T04:21:21.126+0000] {processor.py:183} INFO - Processing /home/airflow/.local/lib/python3.9/site-packages/airflow/example_dags/example_display_name.py took 0.120 seconds
[2025-12-11T04:21:51.759+0000] {processor.py:161} INFO - Started process (PID=483) to work on /home/airflow/.local/lib/python3.9/site-packages/airflow/example_dags/example_display_name.py
[2025-12-11T04:21:51.761+0000] {processor.py:830} INFO - Processing file /home/airflow/.local/lib/python3.9/site-packages/airflow/example_dags/example_display_name.py for tasks to queue
[2025-12-11T04:21:51.764+0000] {logging_mixin.py:188} INFO - [2025-12-11T04:21:51.764+0000] {dagbag.py:545} INFO - Filling up the DagBag from /home/airflow/.local/lib/python3.9/site-packages/airflow/example_dags/example_display_name.py
[2025-12-11T04:21:51.776+0000] {processor.py:840} INFO - DAG(s) 'example_display_name' retrieved from /home/airflow/.local/lib/python3.9/site-packages/airflow/example_dags/example_display_name.py
[2025-12-11T04:21:51.826+0000] {logging_mixin.py:188} INFO - [2025-12-11T04:21:51.826+0000] {dag.py:3096} INFO - Sync 1 DAGs
[2025-12-11T04:21:51.862+0000] {logging_mixin.py:188} INFO - [2025-12-11T04:21:51.861+0000] {dag.py:3954} INFO - Setting next_dagrun for example_display_name to None, run_after=None
[2025-12-11T04:21:51.906+0000] {processor.py:183} INFO - Processing /home/airflow/.local/lib/python3.9/site-packages/airflow/example_dags/example_display_name.py took 0.162 seconds
[2025-12-11T04:22:22.497+0000] {processor.py:161} INFO - Started process (PID=549) to work on /home/airflow/.local/lib/python3.9/site-packages/airflow/example_dags/example_display_name.py
[2025-12-11T04:22:22.499+0000] {processor.py:830} INFO - Processing file /home/airflow/.local/lib/python3.9/site-packages/airflow/example_dags/example_display_name.py for tasks to queue
[2025-12-11T04:22:22.503+0000] {logging_mixin.py:188} INFO - [2025-12-11T04:22:22.502+0000] {dagbag.py:545} INFO - Filling up the DagBag from /home/airflow/.local/lib/python3.9/site-packages/airflow/example_dags/example_display_name.py
[2025-12-11T04:22:22.516+0000] {processor.py:840} INFO - DAG(s) 'example_display_name' retrieved from /home/airflow/.local/lib/python3.9/site-packages/airflow/example_dags/example_display_name.py
[2025-12-11T04:22:22.563+0000] {logging_mixin.py:188} INFO - [2025-12-11T04:22:22.562+0000] {dag.py:3096} INFO - Sync 1 DAGs
[2025-12-11T04:22:22.598+0000] {logging_mixin.py:188} INFO - [2025-12-11T04:22:22.597+0000] {dag.py:3954} INFO - Setting next_dagrun for example_display_name to None, run_after=None
[2025-12-11T04:22:22.635+0000] {processor.py:183} INFO - Processing /home/airflow/.local/lib/python3.9/site-packages/airflow/example_dags/example_display_name.py took 0.150 seconds
[2025-12-11T04:22:53.102+0000] {processor.py:161} INFO - Started process (PID=622) to work on /home/airflow/.local/lib/python3.9/site-packages/airflow/example_dags/example_display_name.py
[2025-12-11T04:22:53.127+0000] {processor.py:830} INFO - Processing file /home/airflow/.local/lib/python3.9/site-packages/airflow/example_dags/example_display_name.py for tasks to queue
[2025-12-11T04:22:53.131+0000] {logging_mixin.py:188} INFO - [2025-12-11T04:22:53.130+0000] {dagbag.py:545} INFO - Filling up the DagBag from /home/airflow/.local/lib/python3.9/site-packages/airflow/example_dags/example_display_name.py
[2025-12-11T04:22:53.145+0000] {processor.py:840} INFO - DAG(s) 'example_display_name' retrieved from /home/airflow/.local/lib/python3.9/site-packages/airflow/example_dags/example_display_name.py
[2025-12-11T04:22:53.243+0000] {logging_mixin.py:188} INFO - [2025-12-11T04:22:53.242+0000] {dag.py:3096} INFO - Sync 1 DAGs
[2025-12-11T04:22:53.289+0000] {logging_mixin.py:188} INFO - [2025-12-11T04:22:53.288+0000] {dag.py:3954} INFO - Setting next_dagrun for example_display_name to None, run_after=None
[2025-12-11T04:22:53.334+0000] {processor.py:183} INFO - Processing /home/airflow/.local/lib/python3.9/site-packages/airflow/example_dags/example_display_name.py took 0.251 seconds
[2025-12-11T04:23:23.739+0000] {processor.py:161} INFO - Started process (PID=688) to work on /home/airflow/.local/lib/python3.9/site-packages/airflow/example_dags/example_display_name.py
[2025-12-11T04:23:23.747+0000] {processor.py:830} INFO - Processing file /home/airflow/.local/lib/python3.9/site-packages/airflow/example_dags/example_display_name.py for tasks to queue
[2025-12-11T04:23:23.750+0000] {logging_mixin.py:188} INFO - [2025-12-11T04:23:23.749+0000] {dagbag.py:545} INFO - Filling up the DagBag from /home/airflow/.local/lib/python3.9/site-packages/airflow/example_dags/example_display_name.py
[2025-12-11T04:23:23.759+0000] {processor.py:840} INFO - DAG(s) 'example_display_name' retrieved from /home/airflow/.local/lib/python3.9/site-packages/airflow/example_dags/example_display_name.py
[2025-12-11T04:23:23.796+0000] {logging_mixin.py:188} INFO - [2025-12-11T04:23:23.796+0000] {dag.py:3096} INFO - Sync 1 DAGs
[2025-12-11T04:23:23.817+0000] {logging_mixin.py:188} INFO - [2025-12-11T04:23:23.817+0000] {dag.py:3954} INFO - Setting next_dagrun for example_display_name to None, run_after=None
[2025-12-11T04:23:23.848+0000] {processor.py:183} INFO - Processing /home/airflow/.local/lib/python3.9/site-packages/airflow/example_dags/example_display_name.py took 0.121 seconds
[2025-12-11T04:23:54.382+0000] {processor.py:161} INFO - Started process (PID=754) to work on /home/airflow/.local/lib/python3.9/site-packages/airflow/example_dags/example_display_name.py
[2025-12-11T04:23:54.384+0000] {processor.py:830} INFO - Processing file /home/airflow/.local/lib/python3.9/site-packages/airflow/example_dags/example_display_name.py for tasks to queue
[2025-12-11T04:23:54.387+0000] {logging_mixin.py:188} INFO - [2025-12-11T04:23:54.386+0000] {dagbag.py:545} INFO - Filling up the DagBag from /home/airflow/.local/lib/python3.9/site-packages/airflow/example_dags/example_display_name.py
[2025-12-11T04:23:54.396+0000] {processor.py:840} INFO - DAG(s) 'example_display_name' retrieved from /home/airflow/.local/lib/python3.9/site-packages/airflow/example_dags/example_display_name.py
[2025-12-11T04:23:54.431+0000] {logging_mixin.py:188} INFO - [2025-12-11T04:23:54.430+0000] {dag.py:3096} INFO - Sync 1 DAGs
[2025-12-11T04:23:54.450+0000] {logging_mixin.py:188} INFO - [2025-12-11T04:23:54.449+0000] {dag.py:3954} INFO - Setting next_dagrun for example_display_name to None, run_after=None
[2025-12-11T04:23:54.475+0000] {processor.py:183} INFO - Processing /home/airflow/.local/lib/python3.9/site-packages/airflow/example_dags/example_display_name.py took 0.103 seconds
[2025-12-11T04:24:24.901+0000] {processor.py:161} INFO - Started process (PID=820) to work on /home/airflow/.local/lib/python3.9/site-packages/airflow/example_dags/example_display_name.py
[2025-12-11T04:24:24.903+0000] {processor.py:830} INFO - Processing file /home/airflow/.local/lib/python3.9/site-packages/airflow/example_dags/example_display_name.py for tasks to queue
[2025-12-11T04:24:24.906+0000] {logging_mixin.py:188} INFO - [2025-12-11T04:24:24.906+0000] {dagbag.py:545} INFO - Filling up the DagBag from /home/airflow/.local/lib/python3.9/site-packages/airflow/example_dags/example_display_name.py
[2025-12-11T04:24:24.923+0000] {processor.py:840} INFO - DAG(s) 'example_display_name' retrieved from /home/airflow/.local/lib/python3.9/site-packages/airflow/example_dags/example_display_name.py
[2025-12-11T04:24:24.965+0000] {logging_mixin.py:188} INFO - [2025-12-11T04:24:24.965+0000] {dag.py:3096} INFO - Sync 1 DAGs
[2025-12-11T04:24:24.986+0000] {logging_mixin.py:188} INFO - [2025-12-11T04:24:24.985+0000] {dag.py:3954} INFO - Setting next_dagrun for example_display_name to None, run_after=None
[2025-12-11T04:24:25.028+0000] {processor.py:183} INFO - Processing /home/airflow/.local/lib/python3.9/site-packages/airflow/example_dags/example_display_name.py took 0.144 seconds
[2025-12-11T04:24:56.659+0000] {processor.py:161} INFO - Started process (PID=886) to work on /home/airflow/.local/lib/python3.9/site-packages/airflow/example_dags/example_display_name.py
[2025-12-11T04:24:56.666+0000] {processor.py:830} INFO - Processing file /home/airflow/.local/lib/python3.9/site-packages/airflow/example_dags/example_display_name.py for tasks to queue
[2025-12-11T04:24:56.669+0000] {logging_mixin.py:188} INFO - [2025-12-11T04:24:56.668+0000] {dagbag.py:545} INFO - Filling up the DagBag from /home/airflow/.local/lib/python3.9/site-packages/airflow/example_dags/example_display_name.py
[2025-12-11T04:24:56.682+0000] {processor.py:840} INFO - DAG(s) 'example_display_name' retrieved from /home/airflow/.local/lib/python3.9/site-packages/airflow/example_dags/example_display_name.py
[2025-12-11T04:24:56.743+0000] {logging_mixin.py:188} INFO - [2025-12-11T04:24:56.742+0000] {dag.py:3096} INFO - Sync 1 DAGs
[2025-12-11T04:24:56.801+0000] {logging_mixin.py:188} INFO - [2025-12-11T04:24:56.800+0000] {dag.py:3954} INFO - Setting next_dagrun for example_display_name to None, run_after=None
[2025-12-11T04:24:56.859+0000] {processor.py:183} INFO - Processing /home/airflow/.local/lib/python3.9/site-packages/airflow/example_dags/example_display_name.py took 0.222 seconds
[2025-12-11T04:25:27.930+0000] {processor.py:161} INFO - Started process (PID=951) to work on /home/airflow/.local/lib/python3.9/site-packages/airflow/example_dags/example_display_name.py
[2025-12-11T04:25:28.229+0000] {processor.py:830} INFO - Processing file /home/airflow/.local/lib/python3.9/site-packages/airflow/example_dags/example_display_name.py for tasks to queue
[2025-12-11T04:25:28.236+0000] {logging_mixin.py:188} INFO - [2025-12-11T04:25:28.236+0000] {dagbag.py:545} INFO - Filling up the DagBag from /home/airflow/.local/lib/python3.9/site-packages/airflow/example_dags/example_display_name.py
[2025-12-11T04:25:28.250+0000] {processor.py:840} INFO - DAG(s) 'example_display_name' retrieved from /home/airflow/.local/lib/python3.9/site-packages/airflow/example_dags/example_display_name.py
[2025-12-11T04:25:28.293+0000] {logging_mixin.py:188} INFO - [2025-12-11T04:25:28.292+0000] {dag.py:3096} INFO - Sync 1 DAGs
[2025-12-11T04:25:28.320+0000] {logging_mixin.py:188} INFO - [2025-12-11T04:25:28.320+0000] {dag.py:3954} INFO - Setting next_dagrun for example_display_name to None, run_after=None
[2025-12-11T04:25:28.393+0000] {processor.py:183} INFO - Processing /home/airflow/.local/lib/python3.9/site-packages/airflow/example_dags/example_display_name.py took 0.476 seconds
[2025-12-11T04:25:58.544+0000] {processor.py:161} INFO - Started process (PID=1017) to work on /home/airflow/.local/lib/python3.9/site-packages/airflow/example_dags/example_display_name.py
[2025-12-11T04:25:58.554+0000] {processor.py:830} INFO - Processing file /home/airflow/.local/lib/python3.9/site-packages/airflow/example_dags/example_display_name.py for tasks to queue
[2025-12-11T04:25:58.557+0000] {logging_mixin.py:188} INFO - [2025-12-11T04:25:58.556+0000] {dagbag.py:545} INFO - Filling up the DagBag from /home/airflow/.local/lib/python3.9/site-packages/airflow/example_dags/example_display_name.py
[2025-12-11T04:25:58.566+0000] {processor.py:840} INFO - DAG(s) 'example_display_name' retrieved from /home/airflow/.local/lib/python3.9/site-packages/airflow/example_dags/example_display_name.py
[2025-12-11T04:25:58.601+0000] {logging_mixin.py:188} INFO - [2025-12-11T04:25:58.600+0000] {dag.py:3096} INFO - Sync 1 DAGs
[2025-12-11T04:25:58.620+0000] {logging_mixin.py:188} INFO - [2025-12-11T04:25:58.619+0000] {dag.py:3954} INFO - Setting next_dagrun for example_display_name to None, run_after=None
[2025-12-11T04:25:58.649+0000] {processor.py:183} INFO - Processing /home/airflow/.local/lib/python3.9/site-packages/airflow/example_dags/example_display_name.py took 0.115 seconds
[2025-12-11T04:26:29.292+0000] {processor.py:161} INFO - Started process (PID=1083) to work on /home/airflow/.local/lib/python3.9/site-packages/airflow/example_dags/example_display_name.py
[2025-12-11T04:26:29.299+0000] {processor.py:830} INFO - Processing file /home/airflow/.local/lib/python3.9/site-packages/airflow/example_dags/example_display_name.py for tasks to queue
[2025-12-11T04:26:29.302+0000] {logging_mixin.py:188} INFO - [2025-12-11T04:26:29.301+0000] {dagbag.py:545} INFO - Filling up the DagBag from /home/airflow/.local/lib/python3.9/site-packages/airflow/example_dags/example_display_name.py
[2025-12-11T04:26:29.310+0000] {processor.py:840} INFO - DAG(s) 'example_display_name' retrieved from /home/airflow/.local/lib/python3.9/site-packages/airflow/example_dags/example_display_name.py
[2025-12-11T04:26:29.347+0000] {logging_mixin.py:188} INFO - [2025-12-11T04:26:29.347+0000] {dag.py:3096} INFO - Sync 1 DAGs
[2025-12-11T04:26:29.367+0000] {logging_mixin.py:188} INFO - [2025-12-11T04:26:29.367+0000] {dag.py:3954} INFO - Setting next_dagrun for example_display_name to None, run_after=None
[2025-12-11T04:26:29.401+0000] {processor.py:183} INFO - Processing /home/airflow/.local/lib/python3.9/site-packages/airflow/example_dags/example_display_name.py took 0.119 seconds
[2025-12-11T04:27:00.078+0000] {processor.py:161} INFO - Started process (PID=1156) to work on /home/airflow/.local/lib/python3.9/site-packages/airflow/example_dags/example_display_name.py
[2025-12-11T04:27:00.163+0000] {processor.py:830} INFO - Processing file /home/airflow/.local/lib/python3.9/site-packages/airflow/example_dags/example_display_name.py for tasks to queue
[2025-12-11T04:27:00.166+0000] {logging_mixin.py:188} INFO - [2025-12-11T04:27:00.166+0000] {dagbag.py:545} INFO - Filling up the DagBag from /home/airflow/.local/lib/python3.9/site-packages/airflow/example_dags/example_display_name.py
[2025-12-11T04:27:00.176+0000] {processor.py:840} INFO - DAG(s) 'example_display_name' retrieved from /home/airflow/.local/lib/python3.9/site-packages/airflow/example_dags/example_display_name.py
[2025-12-11T04:27:00.212+0000] {logging_mixin.py:188} INFO - [2025-12-11T04:27:00.212+0000] {dag.py:3096} INFO - Sync 1 DAGs
[2025-12-11T04:27:00.233+0000] {logging_mixin.py:188} INFO - [2025-12-11T04:27:00.233+0000] {dag.py:3954} INFO - Setting next_dagrun for example_display_name to None, run_after=None
[2025-12-11T04:27:00.423+0000] {processor.py:183} INFO - Processing /home/airflow/.local/lib/python3.9/site-packages/airflow/example_dags/example_display_name.py took 0.364 seconds
[2025-12-11T04:27:30.766+0000] {processor.py:161} INFO - Started process (PID=1222) to work on /home/airflow/.local/lib/python3.9/site-packages/airflow/example_dags/example_display_name.py
[2025-12-11T04:27:30.774+0000] {processor.py:830} INFO - Processing file /home/airflow/.local/lib/python3.9/site-packages/airflow/example_dags/example_display_name.py for tasks to queue
[2025-12-11T04:27:30.779+0000] {logging_mixin.py:188} INFO - [2025-12-11T04:27:30.778+0000] {dagbag.py:545} INFO - Filling up the DagBag from /home/airflow/.local/lib/python3.9/site-packages/airflow/example_dags/example_display_name.py
[2025-12-11T04:27:30.789+0000] {processor.py:840} INFO - DAG(s) 'example_display_name' retrieved from /home/airflow/.local/lib/python3.9/site-packages/airflow/example_dags/example_display_name.py
[2025-12-11T04:27:30.849+0000] {logging_mixin.py:188} INFO - [2025-12-11T04:27:30.848+0000] {dag.py:3096} INFO - Sync 1 DAGs
[2025-12-11T04:27:30.885+0000] {logging_mixin.py:188} INFO - [2025-12-11T04:27:30.884+0000] {dag.py:3954} INFO - Setting next_dagrun for example_display_name to None, run_after=None
[2025-12-11T04:27:30.941+0000] {processor.py:183} INFO - Processing /home/airflow/.local/lib/python3.9/site-packages/airflow/example_dags/example_display_name.py took 0.188 seconds
[2025-12-11T04:28:01.901+0000] {processor.py:161} INFO - Started process (PID=1288) to work on /home/airflow/.local/lib/python3.9/site-packages/airflow/example_dags/example_display_name.py
[2025-12-11T04:28:01.904+0000] {processor.py:830} INFO - Processing file /home/airflow/.local/lib/python3.9/site-packages/airflow/example_dags/example_display_name.py for tasks to queue
[2025-12-11T04:28:01.919+0000] {logging_mixin.py:188} INFO - [2025-12-11T04:28:01.919+0000] {dagbag.py:545} INFO - Filling up the DagBag from /home/airflow/.local/lib/python3.9/site-packages/airflow/example_dags/example_display_name.py
[2025-12-11T04:28:01.940+0000] {processor.py:840} INFO - DAG(s) 'example_display_name' retrieved from /home/airflow/.local/lib/python3.9/site-packages/airflow/example_dags/example_display_name.py
[2025-12-11T04:28:02.023+0000] {logging_mixin.py:188} INFO - [2025-12-11T04:28:02.022+0000] {dag.py:3096} INFO - Sync 1 DAGs
[2025-12-11T04:28:02.078+0000] {logging_mixin.py:188} INFO - [2025-12-11T04:28:02.078+0000] {dag.py:3954} INFO - Setting next_dagrun for example_display_name to None, run_after=None
[2025-12-11T04:28:02.180+0000] {processor.py:183} INFO - Processing /home/airflow/.local/lib/python3.9/site-packages/airflow/example_dags/example_display_name.py took 0.303 seconds
[2025-12-11T04:28:32.280+0000] {processor.py:161} INFO - Started process (PID=1346) to work on /home/airflow/.local/lib/python3.9/site-packages/airflow/example_dags/example_display_name.py
[2025-12-11T04:28:32.283+0000] {processor.py:830} INFO - Processing file /home/airflow/.local/lib/python3.9/site-packages/airflow/example_dags/example_display_name.py for tasks to queue
[2025-12-11T04:28:32.286+0000] {logging_mixin.py:188} INFO - [2025-12-11T04:28:32.286+0000] {dagbag.py:545} INFO - Filling up the DagBag from /home/airflow/.local/lib/python3.9/site-packages/airflow/example_dags/example_display_name.py
[2025-12-11T04:28:32.299+0000] {processor.py:840} INFO - DAG(s) 'example_display_name' retrieved from /home/airflow/.local/lib/python3.9/site-packages/airflow/example_dags/example_display_name.py
[2025-12-11T04:28:32.353+0000] {logging_mixin.py:188} INFO - [2025-12-11T04:28:32.352+0000] {dag.py:3096} INFO - Sync 1 DAGs
[2025-12-11T04:28:32.379+0000] {logging_mixin.py:188} INFO - [2025-12-11T04:28:32.379+0000] {dag.py:3954} INFO - Setting next_dagrun for example_display_name to None, run_after=None
[2025-12-11T04:28:32.422+0000] {processor.py:183} INFO - Processing /home/airflow/.local/lib/python3.9/site-packages/airflow/example_dags/example_display_name.py took 0.155 seconds
[2025-12-11T04:29:03.580+0000] {processor.py:161} INFO - Started process (PID=1413) to work on /home/airflow/.local/lib/python3.9/site-packages/airflow/example_dags/example_display_name.py
[2025-12-11T04:29:03.582+0000] {processor.py:830} INFO - Processing file /home/airflow/.local/lib/python3.9/site-packages/airflow/example_dags/example_display_name.py for tasks to queue
[2025-12-11T04:29:03.584+0000] {logging_mixin.py:188} INFO - [2025-12-11T04:29:03.584+0000] {dagbag.py:545} INFO - Filling up the DagBag from /home/airflow/.local/lib/python3.9/site-packages/airflow/example_dags/example_display_name.py
[2025-12-11T04:29:03.602+0000] {processor.py:840} INFO - DAG(s) 'example_display_name' retrieved from /home/airflow/.local/lib/python3.9/site-packages/airflow/example_dags/example_display_name.py
[2025-12-11T04:29:03.684+0000] {logging_mixin.py:188} INFO - [2025-12-11T04:29:03.683+0000] {dag.py:3096} INFO - Sync 1 DAGs
[2025-12-11T04:29:03.721+0000] {logging_mixin.py:188} INFO - [2025-12-11T04:29:03.720+0000] {dag.py:3954} INFO - Setting next_dagrun for example_display_name to None, run_after=None
[2025-12-11T04:29:03.783+0000] {processor.py:183} INFO - Processing /home/airflow/.local/lib/python3.9/site-packages/airflow/example_dags/example_display_name.py took 0.221 seconds
[2025-12-11T04:29:34.382+0000] {processor.py:161} INFO - Started process (PID=1479) to work on /home/airflow/.local/lib/python3.9/site-packages/airflow/example_dags/example_display_name.py
[2025-12-11T04:29:34.384+0000] {processor.py:830} INFO - Processing file /home/airflow/.local/lib/python3.9/site-packages/airflow/example_dags/example_display_name.py for tasks to queue
[2025-12-11T04:29:34.388+0000] {logging_mixin.py:188} INFO - [2025-12-11T04:29:34.387+0000] {dagbag.py:545} INFO - Filling up the DagBag from /home/airflow/.local/lib/python3.9/site-packages/airflow/example_dags/example_display_name.py
[2025-12-11T04:29:34.412+0000] {processor.py:840} INFO - DAG(s) 'example_display_name' retrieved from /home/airflow/.local/lib/python3.9/site-packages/airflow/example_dags/example_display_name.py
[2025-12-11T04:29:34.480+0000] {logging_mixin.py:188} INFO - [2025-12-11T04:29:34.479+0000] {dag.py:3096} INFO - Sync 1 DAGs
[2025-12-11T04:29:34.509+0000] {logging_mixin.py:188} INFO - [2025-12-11T04:29:34.509+0000] {dag.py:3954} INFO - Setting next_dagrun for example_display_name to None, run_after=None
[2025-12-11T04:29:34.584+0000] {processor.py:183} INFO - Processing /home/airflow/.local/lib/python3.9/site-packages/airflow/example_dags/example_display_name.py took 0.225 seconds
[2025-12-11T04:30:04.673+0000] {processor.py:161} INFO - Started process (PID=1544) to work on /home/airflow/.local/lib/python3.9/site-packages/airflow/example_dags/example_display_name.py
[2025-12-11T04:30:04.679+0000] {processor.py:830} INFO - Processing file /home/airflow/.local/lib/python3.9/site-packages/airflow/example_dags/example_display_name.py for tasks to queue
[2025-12-11T04:30:04.682+0000] {logging_mixin.py:188} INFO - [2025-12-11T04:30:04.682+0000] {dagbag.py:545} INFO - Filling up the DagBag from /home/airflow/.local/lib/python3.9/site-packages/airflow/example_dags/example_display_name.py
[2025-12-11T04:30:04.692+0000] {processor.py:840} INFO - DAG(s) 'example_display_name' retrieved from /home/airflow/.local/lib/python3.9/site-packages/airflow/example_dags/example_display_name.py
[2025-12-11T04:30:04.730+0000] {logging_mixin.py:188} INFO - [2025-12-11T04:30:04.729+0000] {dag.py:3096} INFO - Sync 1 DAGs
[2025-12-11T04:30:04.750+0000] {logging_mixin.py:188} INFO - [2025-12-11T04:30:04.750+0000] {dag.py:3954} INFO - Setting next_dagrun for example_display_name to None, run_after=None
[2025-12-11T04:30:04.781+0000] {processor.py:183} INFO - Processing /home/airflow/.local/lib/python3.9/site-packages/airflow/example_dags/example_display_name.py took 0.118 seconds
[2025-12-11T04:30:34.938+0000] {processor.py:161} INFO - Started process (PID=1610) to work on /home/airflow/.local/lib/python3.9/site-packages/airflow/example_dags/example_display_name.py
[2025-12-11T04:30:35.023+0000] {processor.py:830} INFO - Processing file /home/airflow/.local/lib/python3.9/site-packages/airflow/example_dags/example_display_name.py for tasks to queue
[2025-12-11T04:30:35.027+0000] {logging_mixin.py:188} INFO - [2025-12-11T04:30:35.027+0000] {dagbag.py:545} INFO - Filling up the DagBag from /home/airflow/.local/lib/python3.9/site-packages/airflow/example_dags/example_display_name.py
[2025-12-11T04:30:35.046+0000] {processor.py:840} INFO - DAG(s) 'example_display_name' retrieved from /home/airflow/.local/lib/python3.9/site-packages/airflow/example_dags/example_display_name.py
[2025-12-11T04:30:35.127+0000] {logging_mixin.py:188} INFO - [2025-12-11T04:30:35.127+0000] {dag.py:3096} INFO - Sync 1 DAGs
[2025-12-11T04:30:35.161+0000] {logging_mixin.py:188} INFO - [2025-12-11T04:30:35.161+0000] {dag.py:3954} INFO - Setting next_dagrun for example_display_name to None, run_after=None
[2025-12-11T04:30:35.490+0000] {processor.py:183} INFO - Processing /home/airflow/.local/lib/python3.9/site-packages/airflow/example_dags/example_display_name.py took 0.568 seconds
[2025-12-11T04:31:05.866+0000] {processor.py:161} INFO - Started process (PID=1675) to work on /home/airflow/.local/lib/python3.9/site-packages/airflow/example_dags/example_display_name.py
[2025-12-11T04:31:05.869+0000] {processor.py:830} INFO - Processing file /home/airflow/.local/lib/python3.9/site-packages/airflow/example_dags/example_display_name.py for tasks to queue
[2025-12-11T04:31:05.874+0000] {logging_mixin.py:188} INFO - [2025-12-11T04:31:05.872+0000] {dagbag.py:545} INFO - Filling up the DagBag from /home/airflow/.local/lib/python3.9/site-packages/airflow/example_dags/example_display_name.py
[2025-12-11T04:31:05.886+0000] {processor.py:840} INFO - DAG(s) 'example_display_name' retrieved from /home/airflow/.local/lib/python3.9/site-packages/airflow/example_dags/example_display_name.py
[2025-12-11T04:31:05.949+0000] {logging_mixin.py:188} INFO - [2025-12-11T04:31:05.948+0000] {dag.py:3096} INFO - Sync 1 DAGs
[2025-12-11T04:31:05.984+0000] {logging_mixin.py:188} INFO - [2025-12-11T04:31:05.984+0000] {dag.py:3954} INFO - Setting next_dagrun for example_display_name to None, run_after=None
[2025-12-11T04:31:06.057+0000] {processor.py:183} INFO - Processing /home/airflow/.local/lib/python3.9/site-packages/airflow/example_dags/example_display_name.py took 0.212 seconds
[2025-12-11T04:31:37.203+0000] {processor.py:161} INFO - Started process (PID=1749) to work on /home/airflow/.local/lib/python3.9/site-packages/airflow/example_dags/example_display_name.py
[2025-12-11T04:31:37.206+0000] {processor.py:830} INFO - Processing file /home/airflow/.local/lib/python3.9/site-packages/airflow/example_dags/example_display_name.py for tasks to queue
[2025-12-11T04:31:37.221+0000] {logging_mixin.py:188} INFO - [2025-12-11T04:31:37.221+0000] {dagbag.py:545} INFO - Filling up the DagBag from /home/airflow/.local/lib/python3.9/site-packages/airflow/example_dags/example_display_name.py
[2025-12-11T04:31:37.278+0000] {processor.py:840} INFO - DAG(s) 'example_display_name' retrieved from /home/airflow/.local/lib/python3.9/site-packages/airflow/example_dags/example_display_name.py
[2025-12-11T04:31:37.361+0000] {logging_mixin.py:188} INFO - [2025-12-11T04:31:37.360+0000] {dag.py:3096} INFO - Sync 1 DAGs
[2025-12-11T04:31:37.419+0000] {logging_mixin.py:188} INFO - [2025-12-11T04:31:37.418+0000] {dag.py:3954} INFO - Setting next_dagrun for example_display_name to None, run_after=None
[2025-12-11T04:31:37.537+0000] {processor.py:183} INFO - Processing /home/airflow/.local/lib/python3.9/site-packages/airflow/example_dags/example_display_name.py took 0.375 seconds
[2025-12-11T04:32:07.901+0000] {processor.py:161} INFO - Started process (PID=1815) to work on /home/airflow/.local/lib/python3.9/site-packages/airflow/example_dags/example_display_name.py
[2025-12-11T04:32:07.903+0000] {processor.py:830} INFO - Processing file /home/airflow/.local/lib/python3.9/site-packages/airflow/example_dags/example_display_name.py for tasks to queue
[2025-12-11T04:32:07.905+0000] {logging_mixin.py:188} INFO - [2025-12-11T04:32:07.905+0000] {dagbag.py:545} INFO - Filling up the DagBag from /home/airflow/.local/lib/python3.9/site-packages/airflow/example_dags/example_display_name.py
[2025-12-11T04:32:07.922+0000] {processor.py:840} INFO - DAG(s) 'example_display_name' retrieved from /home/airflow/.local/lib/python3.9/site-packages/airflow/example_dags/example_display_name.py
[2025-12-11T04:32:07.980+0000] {logging_mixin.py:188} INFO - [2025-12-11T04:32:07.979+0000] {dag.py:3096} INFO - Sync 1 DAGs
[2025-12-11T04:32:08.021+0000] {logging_mixin.py:188} INFO - [2025-12-11T04:32:08.020+0000] {dag.py:3954} INFO - Setting next_dagrun for example_display_name to None, run_after=None
[2025-12-11T04:32:08.139+0000] {processor.py:183} INFO - Processing /home/airflow/.local/lib/python3.9/site-packages/airflow/example_dags/example_display_name.py took 0.257 seconds
[2025-12-11T04:32:38.887+0000] {processor.py:161} INFO - Started process (PID=1881) to work on /home/airflow/.local/lib/python3.9/site-packages/airflow/example_dags/example_display_name.py
[2025-12-11T04:32:38.897+0000] {processor.py:830} INFO - Processing file /home/airflow/.local/lib/python3.9/site-packages/airflow/example_dags/example_display_name.py for tasks to queue
[2025-12-11T04:32:38.900+0000] {logging_mixin.py:188} INFO - [2025-12-11T04:32:38.900+0000] {dagbag.py:545} INFO - Filling up the DagBag from /home/airflow/.local/lib/python3.9/site-packages/airflow/example_dags/example_display_name.py
[2025-12-11T04:32:38.919+0000] {processor.py:840} INFO - DAG(s) 'example_display_name' retrieved from /home/airflow/.local/lib/python3.9/site-packages/airflow/example_dags/example_display_name.py
[2025-12-11T04:32:38.983+0000] {logging_mixin.py:188} INFO - [2025-12-11T04:32:38.982+0000] {dag.py:3096} INFO - Sync 1 DAGs
[2025-12-11T04:32:39.028+0000] {logging_mixin.py:188} INFO - [2025-12-11T04:32:39.027+0000] {dag.py:3954} INFO - Setting next_dagrun for example_display_name to None, run_after=None
[2025-12-11T04:32:39.099+0000] {processor.py:183} INFO - Processing /home/airflow/.local/lib/python3.9/site-packages/airflow/example_dags/example_display_name.py took 0.221 seconds
[2025-12-11T04:33:09.569+0000] {processor.py:161} INFO - Started process (PID=1947) to work on /home/airflow/.local/lib/python3.9/site-packages/airflow/example_dags/example_display_name.py
[2025-12-11T04:33:09.605+0000] {processor.py:830} INFO - Processing file /home/airflow/.local/lib/python3.9/site-packages/airflow/example_dags/example_display_name.py for tasks to queue
[2025-12-11T04:33:09.609+0000] {logging_mixin.py:188} INFO - [2025-12-11T04:33:09.608+0000] {dagbag.py:545} INFO - Filling up the DagBag from /home/airflow/.local/lib/python3.9/site-packages/airflow/example_dags/example_display_name.py
[2025-12-11T04:33:09.625+0000] {processor.py:840} INFO - DAG(s) 'example_display_name' retrieved from /home/airflow/.local/lib/python3.9/site-packages/airflow/example_dags/example_display_name.py
[2025-12-11T04:33:09.688+0000] {logging_mixin.py:188} INFO - [2025-12-11T04:33:09.687+0000] {dag.py:3096} INFO - Sync 1 DAGs
[2025-12-11T04:33:09.727+0000] {logging_mixin.py:188} INFO - [2025-12-11T04:33:09.727+0000] {dag.py:3954} INFO - Setting next_dagrun for example_display_name to None, run_after=None
[2025-12-11T04:33:09.907+0000] {processor.py:183} INFO - Processing /home/airflow/.local/lib/python3.9/site-packages/airflow/example_dags/example_display_name.py took 0.363 seconds
[2025-12-11T04:33:40.187+0000] {processor.py:161} INFO - Started process (PID=2013) to work on /home/airflow/.local/lib/python3.9/site-packages/airflow/example_dags/example_display_name.py
[2025-12-11T04:33:40.197+0000] {processor.py:830} INFO - Processing file /home/airflow/.local/lib/python3.9/site-packages/airflow/example_dags/example_display_name.py for tasks to queue
[2025-12-11T04:33:40.200+0000] {logging_mixin.py:188} INFO - [2025-12-11T04:33:40.200+0000] {dagbag.py:545} INFO - Filling up the DagBag from /home/airflow/.local/lib/python3.9/site-packages/airflow/example_dags/example_display_name.py
[2025-12-11T04:33:40.211+0000] {processor.py:840} INFO - DAG(s) 'example_display_name' retrieved from /home/airflow/.local/lib/python3.9/site-packages/airflow/example_dags/example_display_name.py
[2025-12-11T04:33:40.248+0000] {logging_mixin.py:188} INFO - [2025-12-11T04:33:40.248+0000] {dag.py:3096} INFO - Sync 1 DAGs
[2025-12-11T04:33:40.270+0000] {logging_mixin.py:188} INFO - [2025-12-11T04:33:40.269+0000] {dag.py:3954} INFO - Setting next_dagrun for example_display_name to None, run_after=None
[2025-12-11T04:33:40.308+0000] {processor.py:183} INFO - Processing /home/airflow/.local/lib/python3.9/site-packages/airflow/example_dags/example_display_name.py took 0.131 seconds
[2025-12-11T04:34:10.355+0000] {processor.py:161} INFO - Started process (PID=2081) to work on /home/airflow/.local/lib/python3.9/site-packages/airflow/example_dags/example_display_name.py
[2025-12-11T04:34:10.363+0000] {processor.py:830} INFO - Processing file /home/airflow/.local/lib/python3.9/site-packages/airflow/example_dags/example_display_name.py for tasks to queue
[2025-12-11T04:34:10.366+0000] {logging_mixin.py:188} INFO - [2025-12-11T04:34:10.365+0000] {dagbag.py:545} INFO - Filling up the DagBag from /home/airflow/.local/lib/python3.9/site-packages/airflow/example_dags/example_display_name.py
[2025-12-11T04:34:10.375+0000] {processor.py:840} INFO - DAG(s) 'example_display_name' retrieved from /home/airflow/.local/lib/python3.9/site-packages/airflow/example_dags/example_display_name.py
[2025-12-11T04:34:10.422+0000] {logging_mixin.py:188} INFO - [2025-12-11T04:34:10.421+0000] {dag.py:3096} INFO - Sync 1 DAGs
[2025-12-11T04:34:10.468+0000] {logging_mixin.py:188} INFO - [2025-12-11T04:34:10.467+0000] {dag.py:3954} INFO - Setting next_dagrun for example_display_name to None, run_after=None
[2025-12-11T04:34:10.658+0000] {processor.py:183} INFO - Processing /home/airflow/.local/lib/python3.9/site-packages/airflow/example_dags/example_display_name.py took 0.315 seconds
[2025-12-11T04:34:41.082+0000] {processor.py:161} INFO - Started process (PID=2148) to work on /home/airflow/.local/lib/python3.9/site-packages/airflow/example_dags/example_display_name.py
[2025-12-11T04:34:41.083+0000] {processor.py:830} INFO - Processing file /home/airflow/.local/lib/python3.9/site-packages/airflow/example_dags/example_display_name.py for tasks to queue
[2025-12-11T04:34:41.086+0000] {logging_mixin.py:188} INFO - [2025-12-11T04:34:41.085+0000] {dagbag.py:545} INFO - Filling up the DagBag from /home/airflow/.local/lib/python3.9/site-packages/airflow/example_dags/example_display_name.py
[2025-12-11T04:34:41.096+0000] {processor.py:840} INFO - DAG(s) 'example_display_name' retrieved from /home/airflow/.local/lib/python3.9/site-packages/airflow/example_dags/example_display_name.py
[2025-12-11T04:34:41.137+0000] {logging_mixin.py:188} INFO - [2025-12-11T04:34:41.134+0000] {dag.py:3096} INFO - Sync 1 DAGs
[2025-12-11T04:34:41.158+0000] {logging_mixin.py:188} INFO - [2025-12-11T04:34:41.158+0000] {dag.py:3954} INFO - Setting next_dagrun for example_display_name to None, run_after=None
[2025-12-11T04:34:41.191+0000] {processor.py:183} INFO - Processing /home/airflow/.local/lib/python3.9/site-packages/airflow/example_dags/example_display_name.py took 0.121 seconds
[2025-12-11T04:35:11.358+0000] {processor.py:161} INFO - Started process (PID=2215) to work on /home/airflow/.local/lib/python3.9/site-packages/airflow/example_dags/example_display_name.py
[2025-12-11T04:35:11.359+0000] {processor.py:830} INFO - Processing file /home/airflow/.local/lib/python3.9/site-packages/airflow/example_dags/example_display_name.py for tasks to queue
[2025-12-11T04:35:11.362+0000] {logging_mixin.py:188} INFO - [2025-12-11T04:35:11.362+0000] {dagbag.py:545} INFO - Filling up the DagBag from /home/airflow/.local/lib/python3.9/site-packages/airflow/example_dags/example_display_name.py
[2025-12-11T04:35:11.378+0000] {processor.py:840} INFO - DAG(s) 'example_display_name' retrieved from /home/airflow/.local/lib/python3.9/site-packages/airflow/example_dags/example_display_name.py
[2025-12-11T04:35:11.429+0000] {logging_mixin.py:188} INFO - [2025-12-11T04:35:11.429+0000] {dag.py:3096} INFO - Sync 1 DAGs
[2025-12-11T04:35:11.466+0000] {logging_mixin.py:188} INFO - [2025-12-11T04:35:11.465+0000] {dag.py:3954} INFO - Setting next_dagrun for example_display_name to None, run_after=None
[2025-12-11T04:35:11.502+0000] {processor.py:183} INFO - Processing /home/airflow/.local/lib/python3.9/site-packages/airflow/example_dags/example_display_name.py took 0.164 seconds
[2025-12-11T04:35:42.213+0000] {processor.py:161} INFO - Started process (PID=2283) to work on /home/airflow/.local/lib/python3.9/site-packages/airflow/example_dags/example_display_name.py
[2025-12-11T04:35:42.216+0000] {processor.py:830} INFO - Processing file /home/airflow/.local/lib/python3.9/site-packages/airflow/example_dags/example_display_name.py for tasks to queue
[2025-12-11T04:35:42.219+0000] {logging_mixin.py:188} INFO - [2025-12-11T04:35:42.219+0000] {dagbag.py:545} INFO - Filling up the DagBag from /home/airflow/.local/lib/python3.9/site-packages/airflow/example_dags/example_display_name.py
[2025-12-11T04:35:42.230+0000] {processor.py:840} INFO - DAG(s) 'example_display_name' retrieved from /home/airflow/.local/lib/python3.9/site-packages/airflow/example_dags/example_display_name.py
[2025-12-11T04:35:42.266+0000] {logging_mixin.py:188} INFO - [2025-12-11T04:35:42.265+0000] {dag.py:3096} INFO - Sync 1 DAGs
[2025-12-11T04:35:42.287+0000] {logging_mixin.py:188} INFO - [2025-12-11T04:35:42.287+0000] {dag.py:3954} INFO - Setting next_dagrun for example_display_name to None, run_after=None
[2025-12-11T04:35:42.323+0000] {processor.py:183} INFO - Processing /home/airflow/.local/lib/python3.9/site-packages/airflow/example_dags/example_display_name.py took 0.122 seconds
[2025-12-11T04:36:12.993+0000] {processor.py:161} INFO - Started process (PID=2350) to work on /home/airflow/.local/lib/python3.9/site-packages/airflow/example_dags/example_display_name.py
[2025-12-11T04:36:12.994+0000] {processor.py:830} INFO - Processing file /home/airflow/.local/lib/python3.9/site-packages/airflow/example_dags/example_display_name.py for tasks to queue
[2025-12-11T04:36:12.997+0000] {logging_mixin.py:188} INFO - [2025-12-11T04:36:12.997+0000] {dagbag.py:545} INFO - Filling up the DagBag from /home/airflow/.local/lib/python3.9/site-packages/airflow/example_dags/example_display_name.py
[2025-12-11T04:36:13.006+0000] {processor.py:840} INFO - DAG(s) 'example_display_name' retrieved from /home/airflow/.local/lib/python3.9/site-packages/airflow/example_dags/example_display_name.py
[2025-12-11T04:36:13.045+0000] {logging_mixin.py:188} INFO - [2025-12-11T04:36:13.044+0000] {dag.py:3096} INFO - Sync 1 DAGs
[2025-12-11T04:36:13.067+0000] {logging_mixin.py:188} INFO - [2025-12-11T04:36:13.066+0000] {dag.py:3954} INFO - Setting next_dagrun for example_display_name to None, run_after=None
[2025-12-11T04:36:13.095+0000] {processor.py:183} INFO - Processing /home/airflow/.local/lib/python3.9/site-packages/airflow/example_dags/example_display_name.py took 0.112 seconds
[2025-12-11T04:36:43.519+0000] {processor.py:161} INFO - Started process (PID=2417) to work on /home/airflow/.local/lib/python3.9/site-packages/airflow/example_dags/example_display_name.py
[2025-12-11T04:36:43.527+0000] {processor.py:830} INFO - Processing file /home/airflow/.local/lib/python3.9/site-packages/airflow/example_dags/example_display_name.py for tasks to queue
[2025-12-11T04:36:43.531+0000] {logging_mixin.py:188} INFO - [2025-12-11T04:36:43.530+0000] {dagbag.py:545} INFO - Filling up the DagBag from /home/airflow/.local/lib/python3.9/site-packages/airflow/example_dags/example_display_name.py
[2025-12-11T04:36:43.541+0000] {processor.py:840} INFO - DAG(s) 'example_display_name' retrieved from /home/airflow/.local/lib/python3.9/site-packages/airflow/example_dags/example_display_name.py
[2025-12-11T04:36:43.580+0000] {logging_mixin.py:188} INFO - [2025-12-11T04:36:43.580+0000] {dag.py:3096} INFO - Sync 1 DAGs
[2025-12-11T04:36:43.600+0000] {logging_mixin.py:188} INFO - [2025-12-11T04:36:43.599+0000] {dag.py:3954} INFO - Setting next_dagrun for example_display_name to None, run_after=None
[2025-12-11T04:36:43.626+0000] {processor.py:183} INFO - Processing /home/airflow/.local/lib/python3.9/site-packages/airflow/example_dags/example_display_name.py took 0.118 seconds
[2025-12-11T04:37:14.028+0000] {processor.py:161} INFO - Started process (PID=2484) to work on /home/airflow/.local/lib/python3.9/site-packages/airflow/example_dags/example_display_name.py
[2025-12-11T04:37:14.033+0000] {processor.py:830} INFO - Processing file /home/airflow/.local/lib/python3.9/site-packages/airflow/example_dags/example_display_name.py for tasks to queue
[2025-12-11T04:37:14.036+0000] {logging_mixin.py:188} INFO - [2025-12-11T04:37:14.036+0000] {dagbag.py:545} INFO - Filling up the DagBag from /home/airflow/.local/lib/python3.9/site-packages/airflow/example_dags/example_display_name.py
[2025-12-11T04:37:14.047+0000] {processor.py:840} INFO - DAG(s) 'example_display_name' retrieved from /home/airflow/.local/lib/python3.9/site-packages/airflow/example_dags/example_display_name.py
[2025-12-11T04:37:14.087+0000] {logging_mixin.py:188} INFO - [2025-12-11T04:37:14.087+0000] {dag.py:3096} INFO - Sync 1 DAGs
[2025-12-11T04:37:14.113+0000] {logging_mixin.py:188} INFO - [2025-12-11T04:37:14.112+0000] {dag.py:3954} INFO - Setting next_dagrun for example_display_name to None, run_after=None
[2025-12-11T04:37:14.174+0000] {processor.py:183} INFO - Processing /home/airflow/.local/lib/python3.9/site-packages/airflow/example_dags/example_display_name.py took 0.158 seconds
[2025-12-11T04:37:44.888+0000] {processor.py:161} INFO - Started process (PID=2551) to work on /home/airflow/.local/lib/python3.9/site-packages/airflow/example_dags/example_display_name.py
[2025-12-11T04:37:44.894+0000] {processor.py:830} INFO - Processing file /home/airflow/.local/lib/python3.9/site-packages/airflow/example_dags/example_display_name.py for tasks to queue
[2025-12-11T04:37:44.898+0000] {logging_mixin.py:188} INFO - [2025-12-11T04:37:44.897+0000] {dagbag.py:545} INFO - Filling up the DagBag from /home/airflow/.local/lib/python3.9/site-packages/airflow/example_dags/example_display_name.py
[2025-12-11T04:37:44.910+0000] {processor.py:840} INFO - DAG(s) 'example_display_name' retrieved from /home/airflow/.local/lib/python3.9/site-packages/airflow/example_dags/example_display_name.py
[2025-12-11T04:37:44.954+0000] {logging_mixin.py:188} INFO - [2025-12-11T04:37:44.953+0000] {dag.py:3096} INFO - Sync 1 DAGs
[2025-12-11T04:37:44.982+0000] {logging_mixin.py:188} INFO - [2025-12-11T04:37:44.981+0000] {dag.py:3954} INFO - Setting next_dagrun for example_display_name to None, run_after=None
[2025-12-11T04:37:45.018+0000] {processor.py:183} INFO - Processing /home/airflow/.local/lib/python3.9/site-packages/airflow/example_dags/example_display_name.py took 0.148 seconds
[2025-12-11T04:38:15.761+0000] {processor.py:161} INFO - Started process (PID=2618) to work on /home/airflow/.local/lib/python3.9/site-packages/airflow/example_dags/example_display_name.py
[2025-12-11T04:38:15.864+0000] {processor.py:830} INFO - Processing file /home/airflow/.local/lib/python3.9/site-packages/airflow/example_dags/example_display_name.py for tasks to queue
[2025-12-11T04:38:15.867+0000] {logging_mixin.py:188} INFO - [2025-12-11T04:38:15.866+0000] {dagbag.py:545} INFO - Filling up the DagBag from /home/airflow/.local/lib/python3.9/site-packages/airflow/example_dags/example_display_name.py
[2025-12-11T04:38:15.881+0000] {processor.py:840} INFO - DAG(s) 'example_display_name' retrieved from /home/airflow/.local/lib/python3.9/site-packages/airflow/example_dags/example_display_name.py
[2025-12-11T04:38:16.020+0000] {logging_mixin.py:188} INFO - [2025-12-11T04:38:16.019+0000] {dag.py:3096} INFO - Sync 1 DAGs
[2025-12-11T04:38:16.078+0000] {logging_mixin.py:188} INFO - [2025-12-11T04:38:16.077+0000] {dag.py:3954} INFO - Setting next_dagrun for example_display_name to None, run_after=None
[2025-12-11T04:38:16.123+0000] {processor.py:183} INFO - Processing /home/airflow/.local/lib/python3.9/site-packages/airflow/example_dags/example_display_name.py took 0.381 seconds
[2025-12-11T04:38:47.027+0000] {processor.py:161} INFO - Started process (PID=2685) to work on /home/airflow/.local/lib/python3.9/site-packages/airflow/example_dags/example_display_name.py
[2025-12-11T04:38:47.038+0000] {processor.py:830} INFO - Processing file /home/airflow/.local/lib/python3.9/site-packages/airflow/example_dags/example_display_name.py for tasks to queue
[2025-12-11T04:38:47.041+0000] {logging_mixin.py:188} INFO - [2025-12-11T04:38:47.040+0000] {dagbag.py:545} INFO - Filling up the DagBag from /home/airflow/.local/lib/python3.9/site-packages/airflow/example_dags/example_display_name.py
[2025-12-11T04:38:47.064+0000] {processor.py:840} INFO - DAG(s) 'example_display_name' retrieved from /home/airflow/.local/lib/python3.9/site-packages/airflow/example_dags/example_display_name.py
[2025-12-11T04:38:47.145+0000] {logging_mixin.py:188} INFO - [2025-12-11T04:38:47.144+0000] {dag.py:3096} INFO - Sync 1 DAGs
[2025-12-11T04:38:47.183+0000] {logging_mixin.py:188} INFO - [2025-12-11T04:38:47.183+0000] {dag.py:3954} INFO - Setting next_dagrun for example_display_name to None, run_after=None
[2025-12-11T04:38:47.225+0000] {processor.py:183} INFO - Processing /home/airflow/.local/lib/python3.9/site-packages/airflow/example_dags/example_display_name.py took 0.208 seconds
[2025-12-11T04:39:17.741+0000] {processor.py:161} INFO - Started process (PID=2752) to work on /home/airflow/.local/lib/python3.9/site-packages/airflow/example_dags/example_display_name.py
[2025-12-11T04:39:17.742+0000] {processor.py:830} INFO - Processing file /home/airflow/.local/lib/python3.9/site-packages/airflow/example_dags/example_display_name.py for tasks to queue
[2025-12-11T04:39:17.745+0000] {logging_mixin.py:188} INFO - [2025-12-11T04:39:17.744+0000] {dagbag.py:545} INFO - Filling up the DagBag from /home/airflow/.local/lib/python3.9/site-packages/airflow/example_dags/example_display_name.py
[2025-12-11T04:39:17.757+0000] {processor.py:840} INFO - DAG(s) 'example_display_name' retrieved from /home/airflow/.local/lib/python3.9/site-packages/airflow/example_dags/example_display_name.py
[2025-12-11T04:39:17.794+0000] {logging_mixin.py:188} INFO - [2025-12-11T04:39:17.794+0000] {dag.py:3096} INFO - Sync 1 DAGs
[2025-12-11T04:39:17.815+0000] {logging_mixin.py:188} INFO - [2025-12-11T04:39:17.815+0000] {dag.py:3954} INFO - Setting next_dagrun for example_display_name to None, run_after=None
[2025-12-11T04:39:17.844+0000] {processor.py:183} INFO - Processing /home/airflow/.local/lib/python3.9/site-packages/airflow/example_dags/example_display_name.py took 0.115 seconds
[2025-12-11T04:39:48.706+0000] {processor.py:161} INFO - Started process (PID=2818) to work on /home/airflow/.local/lib/python3.9/site-packages/airflow/example_dags/example_display_name.py
[2025-12-11T04:39:48.708+0000] {processor.py:830} INFO - Processing file /home/airflow/.local/lib/python3.9/site-packages/airflow/example_dags/example_display_name.py for tasks to queue
[2025-12-11T04:39:48.718+0000] {logging_mixin.py:188} INFO - [2025-12-11T04:39:48.718+0000] {dagbag.py:545} INFO - Filling up the DagBag from /home/airflow/.local/lib/python3.9/site-packages/airflow/example_dags/example_display_name.py
[2025-12-11T04:39:48.727+0000] {processor.py:840} INFO - DAG(s) 'example_display_name' retrieved from /home/airflow/.local/lib/python3.9/site-packages/airflow/example_dags/example_display_name.py
[2025-12-11T04:39:48.802+0000] {logging_mixin.py:188} INFO - [2025-12-11T04:39:48.802+0000] {dag.py:3096} INFO - Sync 1 DAGs
[2025-12-11T04:39:48.838+0000] {logging_mixin.py:188} INFO - [2025-12-11T04:39:48.838+0000] {dag.py:3954} INFO - Setting next_dagrun for example_display_name to None, run_after=None
[2025-12-11T04:39:48.866+0000] {processor.py:183} INFO - Processing /home/airflow/.local/lib/python3.9/site-packages/airflow/example_dags/example_display_name.py took 0.175 seconds
[2025-12-11T04:40:19.700+0000] {processor.py:161} INFO - Started process (PID=2885) to work on /home/airflow/.local/lib/python3.9/site-packages/airflow/example_dags/example_display_name.py
[2025-12-11T04:40:19.701+0000] {processor.py:830} INFO - Processing file /home/airflow/.local/lib/python3.9/site-packages/airflow/example_dags/example_display_name.py for tasks to queue
[2025-12-11T04:40:19.704+0000] {logging_mixin.py:188} INFO - [2025-12-11T04:40:19.704+0000] {dagbag.py:545} INFO - Filling up the DagBag from /home/airflow/.local/lib/python3.9/site-packages/airflow/example_dags/example_display_name.py
[2025-12-11T04:40:19.722+0000] {processor.py:840} INFO - DAG(s) 'example_display_name' retrieved from /home/airflow/.local/lib/python3.9/site-packages/airflow/example_dags/example_display_name.py
[2025-12-11T04:40:19.797+0000] {logging_mixin.py:188} INFO - [2025-12-11T04:40:19.787+0000] {dag.py:3096} INFO - Sync 1 DAGs
[2025-12-11T04:40:19.840+0000] {logging_mixin.py:188} INFO - [2025-12-11T04:40:19.840+0000] {dag.py:3954} INFO - Setting next_dagrun for example_display_name to None, run_after=None
[2025-12-11T04:40:19.910+0000] {processor.py:183} INFO - Processing /home/airflow/.local/lib/python3.9/site-packages/airflow/example_dags/example_display_name.py took 0.240 seconds
[2025-12-11T04:40:50.184+0000] {processor.py:161} INFO - Started process (PID=2952) to work on /home/airflow/.local/lib/python3.9/site-packages/airflow/example_dags/example_display_name.py
[2025-12-11T04:40:50.185+0000] {processor.py:830} INFO - Processing file /home/airflow/.local/lib/python3.9/site-packages/airflow/example_dags/example_display_name.py for tasks to queue
[2025-12-11T04:40:50.197+0000] {logging_mixin.py:188} INFO - [2025-12-11T04:40:50.188+0000] {dagbag.py:545} INFO - Filling up the DagBag from /home/airflow/.local/lib/python3.9/site-packages/airflow/example_dags/example_display_name.py
[2025-12-11T04:40:50.208+0000] {processor.py:840} INFO - DAG(s) 'example_display_name' retrieved from /home/airflow/.local/lib/python3.9/site-packages/airflow/example_dags/example_display_name.py
[2025-12-11T04:40:50.306+0000] {logging_mixin.py:188} INFO - [2025-12-11T04:40:50.306+0000] {dag.py:3096} INFO - Sync 1 DAGs
[2025-12-11T04:40:50.462+0000] {logging_mixin.py:188} INFO - [2025-12-11T04:40:50.461+0000] {dag.py:3954} INFO - Setting next_dagrun for example_display_name to None, run_after=None
[2025-12-11T04:40:50.513+0000] {processor.py:183} INFO - Processing /home/airflow/.local/lib/python3.9/site-packages/airflow/example_dags/example_display_name.py took 0.350 seconds
[2025-12-11T04:41:21.021+0000] {processor.py:161} INFO - Started process (PID=3017) to work on /home/airflow/.local/lib/python3.9/site-packages/airflow/example_dags/example_display_name.py
[2025-12-11T04:41:21.023+0000] {processor.py:830} INFO - Processing file /home/airflow/.local/lib/python3.9/site-packages/airflow/example_dags/example_display_name.py for tasks to queue
[2025-12-11T04:41:21.026+0000] {logging_mixin.py:188} INFO - [2025-12-11T04:41:21.026+0000] {dagbag.py:545} INFO - Filling up the DagBag from /home/airflow/.local/lib/python3.9/site-packages/airflow/example_dags/example_display_name.py
[2025-12-11T04:41:21.044+0000] {processor.py:840} INFO - DAG(s) 'example_display_name' retrieved from /home/airflow/.local/lib/python3.9/site-packages/airflow/example_dags/example_display_name.py
[2025-12-11T04:41:21.121+0000] {logging_mixin.py:188} INFO - [2025-12-11T04:41:21.120+0000] {dag.py:3096} INFO - Sync 1 DAGs
[2025-12-11T04:41:21.678+0000] {logging_mixin.py:188} INFO - [2025-12-11T04:41:21.678+0000] {dag.py:3954} INFO - Setting next_dagrun for example_display_name to None, run_after=None
[2025-12-11T04:41:21.723+0000] {processor.py:183} INFO - Processing /home/airflow/.local/lib/python3.9/site-packages/airflow/example_dags/example_display_name.py took 0.740 seconds
[2025-12-11T04:41:51.977+0000] {processor.py:161} INFO - Started process (PID=3085) to work on /home/airflow/.local/lib/python3.9/site-packages/airflow/example_dags/example_display_name.py
[2025-12-11T04:41:51.978+0000] {processor.py:830} INFO - Processing file /home/airflow/.local/lib/python3.9/site-packages/airflow/example_dags/example_display_name.py for tasks to queue
[2025-12-11T04:41:51.981+0000] {logging_mixin.py:188} INFO - [2025-12-11T04:41:51.981+0000] {dagbag.py:545} INFO - Filling up the DagBag from /home/airflow/.local/lib/python3.9/site-packages/airflow/example_dags/example_display_name.py
[2025-12-11T04:41:52.000+0000] {processor.py:840} INFO - DAG(s) 'example_display_name' retrieved from /home/airflow/.local/lib/python3.9/site-packages/airflow/example_dags/example_display_name.py
[2025-12-11T04:41:52.067+0000] {logging_mixin.py:188} INFO - [2025-12-11T04:41:52.067+0000] {dag.py:3096} INFO - Sync 1 DAGs
[2025-12-11T04:41:52.102+0000] {logging_mixin.py:188} INFO - [2025-12-11T04:41:52.101+0000] {dag.py:3954} INFO - Setting next_dagrun for example_display_name to None, run_after=None
[2025-12-11T04:41:52.495+0000] {processor.py:183} INFO - Processing /home/airflow/.local/lib/python3.9/site-packages/airflow/example_dags/example_display_name.py took 0.538 seconds
[2025-12-11T04:42:23.248+0000] {processor.py:161} INFO - Started process (PID=3152) to work on /home/airflow/.local/lib/python3.9/site-packages/airflow/example_dags/example_display_name.py
[2025-12-11T04:42:23.257+0000] {processor.py:830} INFO - Processing file /home/airflow/.local/lib/python3.9/site-packages/airflow/example_dags/example_display_name.py for tasks to queue
[2025-12-11T04:42:23.260+0000] {logging_mixin.py:188} INFO - [2025-12-11T04:42:23.260+0000] {dagbag.py:545} INFO - Filling up the DagBag from /home/airflow/.local/lib/python3.9/site-packages/airflow/example_dags/example_display_name.py
[2025-12-11T04:42:23.280+0000] {processor.py:840} INFO - DAG(s) 'example_display_name' retrieved from /home/airflow/.local/lib/python3.9/site-packages/airflow/example_dags/example_display_name.py
[2025-12-11T04:42:23.344+0000] {logging_mixin.py:188} INFO - [2025-12-11T04:42:23.344+0000] {dag.py:3096} INFO - Sync 1 DAGs
[2025-12-11T04:42:23.379+0000] {logging_mixin.py:188} INFO - [2025-12-11T04:42:23.378+0000] {dag.py:3954} INFO - Setting next_dagrun for example_display_name to None, run_after=None
[2025-12-11T04:42:23.725+0000] {processor.py:183} INFO - Processing /home/airflow/.local/lib/python3.9/site-packages/airflow/example_dags/example_display_name.py took 0.488 seconds
[2025-12-11T04:42:54.169+0000] {processor.py:161} INFO - Started process (PID=3219) to work on /home/airflow/.local/lib/python3.9/site-packages/airflow/example_dags/example_display_name.py
[2025-12-11T04:42:54.171+0000] {processor.py:830} INFO - Processing file /home/airflow/.local/lib/python3.9/site-packages/airflow/example_dags/example_display_name.py for tasks to queue
[2025-12-11T04:42:54.177+0000] {logging_mixin.py:188} INFO - [2025-12-11T04:42:54.177+0000] {dagbag.py:545} INFO - Filling up the DagBag from /home/airflow/.local/lib/python3.9/site-packages/airflow/example_dags/example_display_name.py
[2025-12-11T04:42:54.190+0000] {processor.py:840} INFO - DAG(s) 'example_display_name' retrieved from /home/airflow/.local/lib/python3.9/site-packages/airflow/example_dags/example_display_name.py
[2025-12-11T04:42:54.259+0000] {logging_mixin.py:188} INFO - [2025-12-11T04:42:54.259+0000] {dag.py:3096} INFO - Sync 1 DAGs
[2025-12-11T04:42:54.288+0000] {logging_mixin.py:188} INFO - [2025-12-11T04:42:54.288+0000] {dag.py:3954} INFO - Setting next_dagrun for example_display_name to None, run_after=None
[2025-12-11T04:42:54.328+0000] {processor.py:183} INFO - Processing /home/airflow/.local/lib/python3.9/site-packages/airflow/example_dags/example_display_name.py took 0.171 seconds
[2025-12-11T04:43:25.202+0000] {processor.py:161} INFO - Started process (PID=3286) to work on /home/airflow/.local/lib/python3.9/site-packages/airflow/example_dags/example_display_name.py
[2025-12-11T04:43:25.204+0000] {processor.py:830} INFO - Processing file /home/airflow/.local/lib/python3.9/site-packages/airflow/example_dags/example_display_name.py for tasks to queue
[2025-12-11T04:43:25.218+0000] {logging_mixin.py:188} INFO - [2025-12-11T04:43:25.218+0000] {dagbag.py:545} INFO - Filling up the DagBag from /home/airflow/.local/lib/python3.9/site-packages/airflow/example_dags/example_display_name.py
[2025-12-11T04:43:25.239+0000] {processor.py:840} INFO - DAG(s) 'example_display_name' retrieved from /home/airflow/.local/lib/python3.9/site-packages/airflow/example_dags/example_display_name.py
[2025-12-11T04:43:25.298+0000] {logging_mixin.py:188} INFO - [2025-12-11T04:43:25.297+0000] {dag.py:3096} INFO - Sync 1 DAGs
[2025-12-11T04:43:25.327+0000] {logging_mixin.py:188} INFO - [2025-12-11T04:43:25.326+0000] {dag.py:3954} INFO - Setting next_dagrun for example_display_name to None, run_after=None
[2025-12-11T04:43:25.378+0000] {processor.py:183} INFO - Processing /home/airflow/.local/lib/python3.9/site-packages/airflow/example_dags/example_display_name.py took 0.193 seconds
[2025-12-11T04:43:55.583+0000] {processor.py:161} INFO - Started process (PID=3353) to work on /home/airflow/.local/lib/python3.9/site-packages/airflow/example_dags/example_display_name.py
[2025-12-11T04:43:55.585+0000] {processor.py:830} INFO - Processing file /home/airflow/.local/lib/python3.9/site-packages/airflow/example_dags/example_display_name.py for tasks to queue
[2025-12-11T04:43:55.588+0000] {logging_mixin.py:188} INFO - [2025-12-11T04:43:55.588+0000] {dagbag.py:545} INFO - Filling up the DagBag from /home/airflow/.local/lib/python3.9/site-packages/airflow/example_dags/example_display_name.py
[2025-12-11T04:43:55.599+0000] {processor.py:840} INFO - DAG(s) 'example_display_name' retrieved from /home/airflow/.local/lib/python3.9/site-packages/airflow/example_dags/example_display_name.py
[2025-12-11T04:43:55.640+0000] {logging_mixin.py:188} INFO - [2025-12-11T04:43:55.640+0000] {dag.py:3096} INFO - Sync 1 DAGs
[2025-12-11T04:43:55.662+0000] {logging_mixin.py:188} INFO - [2025-12-11T04:43:55.661+0000] {dag.py:3954} INFO - Setting next_dagrun for example_display_name to None, run_after=None
[2025-12-11T04:43:55.708+0000] {processor.py:183} INFO - Processing /home/airflow/.local/lib/python3.9/site-packages/airflow/example_dags/example_display_name.py took 0.137 seconds
[2025-12-11T04:44:26.195+0000] {processor.py:161} INFO - Started process (PID=3420) to work on /home/airflow/.local/lib/python3.9/site-packages/airflow/example_dags/example_display_name.py
[2025-12-11T04:44:26.197+0000] {processor.py:830} INFO - Processing file /home/airflow/.local/lib/python3.9/site-packages/airflow/example_dags/example_display_name.py for tasks to queue
[2025-12-11T04:44:26.200+0000] {logging_mixin.py:188} INFO - [2025-12-11T04:44:26.199+0000] {dagbag.py:545} INFO - Filling up the DagBag from /home/airflow/.local/lib/python3.9/site-packages/airflow/example_dags/example_display_name.py
[2025-12-11T04:44:26.209+0000] {processor.py:840} INFO - DAG(s) 'example_display_name' retrieved from /home/airflow/.local/lib/python3.9/site-packages/airflow/example_dags/example_display_name.py
[2025-12-11T04:44:26.247+0000] {logging_mixin.py:188} INFO - [2025-12-11T04:44:26.246+0000] {dag.py:3096} INFO - Sync 1 DAGs
[2025-12-11T04:44:26.268+0000] {logging_mixin.py:188} INFO - [2025-12-11T04:44:26.268+0000] {dag.py:3954} INFO - Setting next_dagrun for example_display_name to None, run_after=None
[2025-12-11T04:44:26.296+0000] {processor.py:183} INFO - Processing /home/airflow/.local/lib/python3.9/site-packages/airflow/example_dags/example_display_name.py took 0.111 seconds
[2025-12-11T04:44:56.931+0000] {processor.py:161} INFO - Started process (PID=3488) to work on /home/airflow/.local/lib/python3.9/site-packages/airflow/example_dags/example_display_name.py
[2025-12-11T04:44:56.939+0000] {processor.py:830} INFO - Processing file /home/airflow/.local/lib/python3.9/site-packages/airflow/example_dags/example_display_name.py for tasks to queue
[2025-12-11T04:44:56.941+0000] {logging_mixin.py:188} INFO - [2025-12-11T04:44:56.941+0000] {dagbag.py:545} INFO - Filling up the DagBag from /home/airflow/.local/lib/python3.9/site-packages/airflow/example_dags/example_display_name.py
[2025-12-11T04:44:56.953+0000] {processor.py:840} INFO - DAG(s) 'example_display_name' retrieved from /home/airflow/.local/lib/python3.9/site-packages/airflow/example_dags/example_display_name.py
[2025-12-11T04:44:57.009+0000] {logging_mixin.py:188} INFO - [2025-12-11T04:44:57.008+0000] {dag.py:3096} INFO - Sync 1 DAGs
[2025-12-11T04:44:57.038+0000] {logging_mixin.py:188} INFO - [2025-12-11T04:44:57.037+0000] {dag.py:3954} INFO - Setting next_dagrun for example_display_name to None, run_after=None
[2025-12-11T04:44:57.080+0000] {processor.py:183} INFO - Processing /home/airflow/.local/lib/python3.9/site-packages/airflow/example_dags/example_display_name.py took 0.162 seconds
[2025-12-11T04:45:28.110+0000] {processor.py:161} INFO - Started process (PID=3555) to work on /home/airflow/.local/lib/python3.9/site-packages/airflow/example_dags/example_display_name.py
[2025-12-11T04:45:28.119+0000] {processor.py:830} INFO - Processing file /home/airflow/.local/lib/python3.9/site-packages/airflow/example_dags/example_display_name.py for tasks to queue
[2025-12-11T04:45:28.122+0000] {logging_mixin.py:188} INFO - [2025-12-11T04:45:28.122+0000] {dagbag.py:545} INFO - Filling up the DagBag from /home/airflow/.local/lib/python3.9/site-packages/airflow/example_dags/example_display_name.py
[2025-12-11T04:45:28.132+0000] {processor.py:840} INFO - DAG(s) 'example_display_name' retrieved from /home/airflow/.local/lib/python3.9/site-packages/airflow/example_dags/example_display_name.py
[2025-12-11T04:45:28.168+0000] {logging_mixin.py:188} INFO - [2025-12-11T04:45:28.167+0000] {dag.py:3096} INFO - Sync 1 DAGs
[2025-12-11T04:45:28.190+0000] {logging_mixin.py:188} INFO - [2025-12-11T04:45:28.190+0000] {dag.py:3954} INFO - Setting next_dagrun for example_display_name to None, run_after=None
[2025-12-11T04:45:28.218+0000] {processor.py:183} INFO - Processing /home/airflow/.local/lib/python3.9/site-packages/airflow/example_dags/example_display_name.py took 0.120 seconds
[2025-12-11T04:45:58.688+0000] {processor.py:161} INFO - Started process (PID=3623) to work on /home/airflow/.local/lib/python3.9/site-packages/airflow/example_dags/example_display_name.py
[2025-12-11T04:45:58.740+0000] {processor.py:830} INFO - Processing file /home/airflow/.local/lib/python3.9/site-packages/airflow/example_dags/example_display_name.py for tasks to queue
[2025-12-11T04:45:58.744+0000] {logging_mixin.py:188} INFO - [2025-12-11T04:45:58.743+0000] {dagbag.py:545} INFO - Filling up the DagBag from /home/airflow/.local/lib/python3.9/site-packages/airflow/example_dags/example_display_name.py
[2025-12-11T04:45:58.756+0000] {processor.py:840} INFO - DAG(s) 'example_display_name' retrieved from /home/airflow/.local/lib/python3.9/site-packages/airflow/example_dags/example_display_name.py
[2025-12-11T04:45:58.797+0000] {logging_mixin.py:188} INFO - [2025-12-11T04:45:58.797+0000] {dag.py:3096} INFO - Sync 1 DAGs
[2025-12-11T04:45:58.821+0000] {logging_mixin.py:188} INFO - [2025-12-11T04:45:58.821+0000] {dag.py:3954} INFO - Setting next_dagrun for example_display_name to None, run_after=None
[2025-12-11T04:45:59.074+0000] {processor.py:183} INFO - Processing /home/airflow/.local/lib/python3.9/site-packages/airflow/example_dags/example_display_name.py took 0.397 seconds
[2025-12-11T04:46:29.607+0000] {processor.py:161} INFO - Started process (PID=3690) to work on /home/airflow/.local/lib/python3.9/site-packages/airflow/example_dags/example_display_name.py
[2025-12-11T04:46:29.617+0000] {processor.py:830} INFO - Processing file /home/airflow/.local/lib/python3.9/site-packages/airflow/example_dags/example_display_name.py for tasks to queue
[2025-12-11T04:46:29.620+0000] {logging_mixin.py:188} INFO - [2025-12-11T04:46:29.620+0000] {dagbag.py:545} INFO - Filling up the DagBag from /home/airflow/.local/lib/python3.9/site-packages/airflow/example_dags/example_display_name.py
[2025-12-11T04:46:29.639+0000] {processor.py:840} INFO - DAG(s) 'example_display_name' retrieved from /home/airflow/.local/lib/python3.9/site-packages/airflow/example_dags/example_display_name.py
[2025-12-11T04:46:29.700+0000] {logging_mixin.py:188} INFO - [2025-12-11T04:46:29.699+0000] {dag.py:3096} INFO - Sync 1 DAGs
[2025-12-11T04:46:29.766+0000] {logging_mixin.py:188} INFO - [2025-12-11T04:46:29.766+0000] {dag.py:3954} INFO - Setting next_dagrun for example_display_name to None, run_after=None
[2025-12-11T04:46:29.819+0000] {processor.py:183} INFO - Processing /home/airflow/.local/lib/python3.9/site-packages/airflow/example_dags/example_display_name.py took 0.236 seconds
[2025-12-11T04:47:00.363+0000] {processor.py:161} INFO - Started process (PID=3757) to work on /home/airflow/.local/lib/python3.9/site-packages/airflow/example_dags/example_display_name.py
[2025-12-11T04:47:00.365+0000] {processor.py:830} INFO - Processing file /home/airflow/.local/lib/python3.9/site-packages/airflow/example_dags/example_display_name.py for tasks to queue
[2025-12-11T04:47:00.368+0000] {logging_mixin.py:188} INFO - [2025-12-11T04:47:00.367+0000] {dagbag.py:545} INFO - Filling up the DagBag from /home/airflow/.local/lib/python3.9/site-packages/airflow/example_dags/example_display_name.py
[2025-12-11T04:47:00.378+0000] {processor.py:840} INFO - DAG(s) 'example_display_name' retrieved from /home/airflow/.local/lib/python3.9/site-packages/airflow/example_dags/example_display_name.py
[2025-12-11T04:47:00.417+0000] {logging_mixin.py:188} INFO - [2025-12-11T04:47:00.417+0000] {dag.py:3096} INFO - Sync 1 DAGs
[2025-12-11T04:47:00.438+0000] {logging_mixin.py:188} INFO - [2025-12-11T04:47:00.437+0000] {dag.py:3954} INFO - Setting next_dagrun for example_display_name to None, run_after=None
[2025-12-11T04:47:00.464+0000] {processor.py:183} INFO - Processing /home/airflow/.local/lib/python3.9/site-packages/airflow/example_dags/example_display_name.py took 0.113 seconds
[2025-12-11T04:47:31.462+0000] {processor.py:161} INFO - Started process (PID=3831) to work on /home/airflow/.local/lib/python3.9/site-packages/airflow/example_dags/example_display_name.py
[2025-12-11T04:47:31.542+0000] {processor.py:830} INFO - Processing file /home/airflow/.local/lib/python3.9/site-packages/airflow/example_dags/example_display_name.py for tasks to queue
[2025-12-11T04:47:31.545+0000] {logging_mixin.py:188} INFO - [2025-12-11T04:47:31.545+0000] {dagbag.py:545} INFO - Filling up the DagBag from /home/airflow/.local/lib/python3.9/site-packages/airflow/example_dags/example_display_name.py
[2025-12-11T04:47:31.554+0000] {processor.py:840} INFO - DAG(s) 'example_display_name' retrieved from /home/airflow/.local/lib/python3.9/site-packages/airflow/example_dags/example_display_name.py
[2025-12-11T04:47:31.589+0000] {logging_mixin.py:188} INFO - [2025-12-11T04:47:31.588+0000] {dag.py:3096} INFO - Sync 1 DAGs
[2025-12-11T04:47:31.609+0000] {logging_mixin.py:188} INFO - [2025-12-11T04:47:31.608+0000] {dag.py:3954} INFO - Setting next_dagrun for example_display_name to None, run_after=None
[2025-12-11T04:47:31.783+0000] {processor.py:183} INFO - Processing /home/airflow/.local/lib/python3.9/site-packages/airflow/example_dags/example_display_name.py took 0.340 seconds
[2025-12-11T04:48:02.779+0000] {processor.py:161} INFO - Started process (PID=3898) to work on /home/airflow/.local/lib/python3.9/site-packages/airflow/example_dags/example_display_name.py
[2025-12-11T04:48:02.793+0000] {processor.py:830} INFO - Processing file /home/airflow/.local/lib/python3.9/site-packages/airflow/example_dags/example_display_name.py for tasks to queue
[2025-12-11T04:48:02.800+0000] {logging_mixin.py:188} INFO - [2025-12-11T04:48:02.799+0000] {dagbag.py:545} INFO - Filling up the DagBag from /home/airflow/.local/lib/python3.9/site-packages/airflow/example_dags/example_display_name.py
[2025-12-11T04:48:02.837+0000] {processor.py:840} INFO - DAG(s) 'example_display_name' retrieved from /home/airflow/.local/lib/python3.9/site-packages/airflow/example_dags/example_display_name.py
[2025-12-11T04:48:02.885+0000] {logging_mixin.py:188} INFO - [2025-12-11T04:48:02.884+0000] {dag.py:3096} INFO - Sync 1 DAGs
[2025-12-11T04:48:02.918+0000] {logging_mixin.py:188} INFO - [2025-12-11T04:48:02.917+0000] {dag.py:3954} INFO - Setting next_dagrun for example_display_name to None, run_after=None
[2025-12-11T04:48:03.221+0000] {processor.py:183} INFO - Processing /home/airflow/.local/lib/python3.9/site-packages/airflow/example_dags/example_display_name.py took 0.476 seconds
[2025-12-11T04:48:33.401+0000] {processor.py:161} INFO - Started process (PID=3965) to work on /home/airflow/.local/lib/python3.9/site-packages/airflow/example_dags/example_display_name.py
[2025-12-11T04:48:33.402+0000] {processor.py:830} INFO - Processing file /home/airflow/.local/lib/python3.9/site-packages/airflow/example_dags/example_display_name.py for tasks to queue
[2025-12-11T04:48:33.405+0000] {logging_mixin.py:188} INFO - [2025-12-11T04:48:33.405+0000] {dagbag.py:545} INFO - Filling up the DagBag from /home/airflow/.local/lib/python3.9/site-packages/airflow/example_dags/example_display_name.py
[2025-12-11T04:48:33.423+0000] {processor.py:840} INFO - DAG(s) 'example_display_name' retrieved from /home/airflow/.local/lib/python3.9/site-packages/airflow/example_dags/example_display_name.py
[2025-12-11T04:48:33.485+0000] {logging_mixin.py:188} INFO - [2025-12-11T04:48:33.485+0000] {dag.py:3096} INFO - Sync 1 DAGs
[2025-12-11T04:48:33.537+0000] {logging_mixin.py:188} INFO - [2025-12-11T04:48:33.526+0000] {dag.py:3954} INFO - Setting next_dagrun for example_display_name to None, run_after=None
[2025-12-11T04:48:33.628+0000] {processor.py:183} INFO - Processing /home/airflow/.local/lib/python3.9/site-packages/airflow/example_dags/example_display_name.py took 0.241 seconds
[2025-12-11T04:49:03.980+0000] {processor.py:161} INFO - Started process (PID=4032) to work on /home/airflow/.local/lib/python3.9/site-packages/airflow/example_dags/example_display_name.py
[2025-12-11T04:49:03.982+0000] {processor.py:830} INFO - Processing file /home/airflow/.local/lib/python3.9/site-packages/airflow/example_dags/example_display_name.py for tasks to queue
[2025-12-11T04:49:03.985+0000] {logging_mixin.py:188} INFO - [2025-12-11T04:49:03.984+0000] {dagbag.py:545} INFO - Filling up the DagBag from /home/airflow/.local/lib/python3.9/site-packages/airflow/example_dags/example_display_name.py
[2025-12-11T04:49:04.002+0000] {processor.py:840} INFO - DAG(s) 'example_display_name' retrieved from /home/airflow/.local/lib/python3.9/site-packages/airflow/example_dags/example_display_name.py
[2025-12-11T04:49:04.064+0000] {logging_mixin.py:188} INFO - [2025-12-11T04:49:04.063+0000] {dag.py:3096} INFO - Sync 1 DAGs
[2025-12-11T04:49:04.098+0000] {logging_mixin.py:188} INFO - [2025-12-11T04:49:04.098+0000] {dag.py:3954} INFO - Setting next_dagrun for example_display_name to None, run_after=None
[2025-12-11T04:49:04.162+0000] {processor.py:183} INFO - Processing /home/airflow/.local/lib/python3.9/site-packages/airflow/example_dags/example_display_name.py took 0.197 seconds
[2025-12-11T04:49:34.860+0000] {processor.py:161} INFO - Started process (PID=4099) to work on /home/airflow/.local/lib/python3.9/site-packages/airflow/example_dags/example_display_name.py
[2025-12-11T04:49:34.862+0000] {processor.py:830} INFO - Processing file /home/airflow/.local/lib/python3.9/site-packages/airflow/example_dags/example_display_name.py for tasks to queue
[2025-12-11T04:49:34.865+0000] {logging_mixin.py:188} INFO - [2025-12-11T04:49:34.864+0000] {dagbag.py:545} INFO - Filling up the DagBag from /home/airflow/.local/lib/python3.9/site-packages/airflow/example_dags/example_display_name.py
[2025-12-11T04:49:34.882+0000] {processor.py:840} INFO - DAG(s) 'example_display_name' retrieved from /home/airflow/.local/lib/python3.9/site-packages/airflow/example_dags/example_display_name.py
[2025-12-11T04:49:34.980+0000] {logging_mixin.py:188} INFO - [2025-12-11T04:49:34.979+0000] {dag.py:3096} INFO - Sync 1 DAGs
[2025-12-11T04:49:35.021+0000] {logging_mixin.py:188} INFO - [2025-12-11T04:49:35.020+0000] {dag.py:3954} INFO - Setting next_dagrun for example_display_name to None, run_after=None
[2025-12-11T04:49:35.079+0000] {processor.py:183} INFO - Processing /home/airflow/.local/lib/python3.9/site-packages/airflow/example_dags/example_display_name.py took 0.238 seconds
[2025-12-11T04:50:05.793+0000] {processor.py:161} INFO - Started process (PID=4164) to work on /home/airflow/.local/lib/python3.9/site-packages/airflow/example_dags/example_display_name.py
[2025-12-11T04:50:05.795+0000] {processor.py:830} INFO - Processing file /home/airflow/.local/lib/python3.9/site-packages/airflow/example_dags/example_display_name.py for tasks to queue
[2025-12-11T04:50:05.800+0000] {logging_mixin.py:188} INFO - [2025-12-11T04:50:05.799+0000] {dagbag.py:545} INFO - Filling up the DagBag from /home/airflow/.local/lib/python3.9/site-packages/airflow/example_dags/example_display_name.py
[2025-12-11T04:50:05.811+0000] {processor.py:840} INFO - DAG(s) 'example_display_name' retrieved from /home/airflow/.local/lib/python3.9/site-packages/airflow/example_dags/example_display_name.py
[2025-12-11T04:50:05.864+0000] {logging_mixin.py:188} INFO - [2025-12-11T04:50:05.864+0000] {dag.py:3096} INFO - Sync 1 DAGs
[2025-12-11T04:50:05.899+0000] {logging_mixin.py:188} INFO - [2025-12-11T04:50:05.898+0000] {dag.py:3954} INFO - Setting next_dagrun for example_display_name to None, run_after=None
[2025-12-11T04:50:05.933+0000] {processor.py:183} INFO - Processing /home/airflow/.local/lib/python3.9/site-packages/airflow/example_dags/example_display_name.py took 0.153 seconds
[2025-12-11T04:50:36.518+0000] {processor.py:161} INFO - Started process (PID=4231) to work on /home/airflow/.local/lib/python3.9/site-packages/airflow/example_dags/example_display_name.py
[2025-12-11T04:50:36.520+0000] {processor.py:830} INFO - Processing file /home/airflow/.local/lib/python3.9/site-packages/airflow/example_dags/example_display_name.py for tasks to queue
[2025-12-11T04:50:36.523+0000] {logging_mixin.py:188} INFO - [2025-12-11T04:50:36.522+0000] {dagbag.py:545} INFO - Filling up the DagBag from /home/airflow/.local/lib/python3.9/site-packages/airflow/example_dags/example_display_name.py
[2025-12-11T04:50:36.532+0000] {processor.py:840} INFO - DAG(s) 'example_display_name' retrieved from /home/airflow/.local/lib/python3.9/site-packages/airflow/example_dags/example_display_name.py
[2025-12-11T04:50:36.577+0000] {logging_mixin.py:188} INFO - [2025-12-11T04:50:36.577+0000] {dag.py:3096} INFO - Sync 1 DAGs
[2025-12-11T04:50:36.602+0000] {logging_mixin.py:188} INFO - [2025-12-11T04:50:36.601+0000] {dag.py:3954} INFO - Setting next_dagrun for example_display_name to None, run_after=None
[2025-12-11T04:50:36.632+0000] {processor.py:183} INFO - Processing /home/airflow/.local/lib/python3.9/site-packages/airflow/example_dags/example_display_name.py took 0.124 seconds
[2025-12-11T04:51:07.431+0000] {processor.py:161} INFO - Started process (PID=4298) to work on /home/airflow/.local/lib/python3.9/site-packages/airflow/example_dags/example_display_name.py
[2025-12-11T04:51:07.433+0000] {processor.py:830} INFO - Processing file /home/airflow/.local/lib/python3.9/site-packages/airflow/example_dags/example_display_name.py for tasks to queue
[2025-12-11T04:51:07.440+0000] {logging_mixin.py:188} INFO - [2025-12-11T04:51:07.436+0000] {dagbag.py:545} INFO - Filling up the DagBag from /home/airflow/.local/lib/python3.9/site-packages/airflow/example_dags/example_display_name.py
[2025-12-11T04:51:07.453+0000] {processor.py:840} INFO - DAG(s) 'example_display_name' retrieved from /home/airflow/.local/lib/python3.9/site-packages/airflow/example_dags/example_display_name.py
[2025-12-11T04:51:07.510+0000] {logging_mixin.py:188} INFO - [2025-12-11T04:51:07.510+0000] {dag.py:3096} INFO - Sync 1 DAGs
[2025-12-11T04:51:07.548+0000] {logging_mixin.py:188} INFO - [2025-12-11T04:51:07.548+0000] {dag.py:3954} INFO - Setting next_dagrun for example_display_name to None, run_after=None
[2025-12-11T04:51:07.589+0000] {processor.py:183} INFO - Processing /home/airflow/.local/lib/python3.9/site-packages/airflow/example_dags/example_display_name.py took 0.172 seconds
[2025-12-11T04:51:38.097+0000] {processor.py:161} INFO - Started process (PID=4365) to work on /home/airflow/.local/lib/python3.9/site-packages/airflow/example_dags/example_display_name.py
[2025-12-11T04:51:38.110+0000] {processor.py:830} INFO - Processing file /home/airflow/.local/lib/python3.9/site-packages/airflow/example_dags/example_display_name.py for tasks to queue
[2025-12-11T04:51:38.113+0000] {logging_mixin.py:188} INFO - [2025-12-11T04:51:38.112+0000] {dagbag.py:545} INFO - Filling up the DagBag from /home/airflow/.local/lib/python3.9/site-packages/airflow/example_dags/example_display_name.py
[2025-12-11T04:51:38.123+0000] {processor.py:840} INFO - DAG(s) 'example_display_name' retrieved from /home/airflow/.local/lib/python3.9/site-packages/airflow/example_dags/example_display_name.py
[2025-12-11T04:51:38.176+0000] {logging_mixin.py:188} INFO - [2025-12-11T04:51:38.176+0000] {dag.py:3096} INFO - Sync 1 DAGs
[2025-12-11T04:51:38.203+0000] {logging_mixin.py:188} INFO - [2025-12-11T04:51:38.203+0000] {dag.py:3954} INFO - Setting next_dagrun for example_display_name to None, run_after=None
[2025-12-11T04:51:38.251+0000] {processor.py:183} INFO - Processing /home/airflow/.local/lib/python3.9/site-packages/airflow/example_dags/example_display_name.py took 0.164 seconds
[2025-12-11T04:52:08.890+0000] {processor.py:161} INFO - Started process (PID=4432) to work on /home/airflow/.local/lib/python3.9/site-packages/airflow/example_dags/example_display_name.py
[2025-12-11T04:52:08.898+0000] {processor.py:830} INFO - Processing file /home/airflow/.local/lib/python3.9/site-packages/airflow/example_dags/example_display_name.py for tasks to queue
[2025-12-11T04:52:08.901+0000] {logging_mixin.py:188} INFO - [2025-12-11T04:52:08.901+0000] {dagbag.py:545} INFO - Filling up the DagBag from /home/airflow/.local/lib/python3.9/site-packages/airflow/example_dags/example_display_name.py
[2025-12-11T04:52:08.911+0000] {processor.py:840} INFO - DAG(s) 'example_display_name' retrieved from /home/airflow/.local/lib/python3.9/site-packages/airflow/example_dags/example_display_name.py
[2025-12-11T04:52:08.947+0000] {logging_mixin.py:188} INFO - [2025-12-11T04:52:08.947+0000] {dag.py:3096} INFO - Sync 1 DAGs
[2025-12-11T04:52:08.968+0000] {logging_mixin.py:188} INFO - [2025-12-11T04:52:08.967+0000] {dag.py:3954} INFO - Setting next_dagrun for example_display_name to None, run_after=None
[2025-12-11T04:52:08.997+0000] {processor.py:183} INFO - Processing /home/airflow/.local/lib/python3.9/site-packages/airflow/example_dags/example_display_name.py took 0.118 seconds
[2025-12-11T04:52:39.618+0000] {processor.py:161} INFO - Started process (PID=4499) to work on /home/airflow/.local/lib/python3.9/site-packages/airflow/example_dags/example_display_name.py
[2025-12-11T04:52:39.626+0000] {processor.py:830} INFO - Processing file /home/airflow/.local/lib/python3.9/site-packages/airflow/example_dags/example_display_name.py for tasks to queue
[2025-12-11T04:52:39.629+0000] {logging_mixin.py:188} INFO - [2025-12-11T04:52:39.629+0000] {dagbag.py:545} INFO - Filling up the DagBag from /home/airflow/.local/lib/python3.9/site-packages/airflow/example_dags/example_display_name.py
[2025-12-11T04:52:39.642+0000] {processor.py:840} INFO - DAG(s) 'example_display_name' retrieved from /home/airflow/.local/lib/python3.9/site-packages/airflow/example_dags/example_display_name.py
[2025-12-11T04:52:39.692+0000] {logging_mixin.py:188} INFO - [2025-12-11T04:52:39.691+0000] {dag.py:3096} INFO - Sync 1 DAGs
[2025-12-11T04:52:39.721+0000] {logging_mixin.py:188} INFO - [2025-12-11T04:52:39.720+0000] {dag.py:3954} INFO - Setting next_dagrun for example_display_name to None, run_after=None
[2025-12-11T04:52:40.050+0000] {processor.py:183} INFO - Processing /home/airflow/.local/lib/python3.9/site-packages/airflow/example_dags/example_display_name.py took 0.443 seconds
