[2025-12-11T04:19:08.217+0000] {processor.py:161} INFO - Started process (PID=142) to work on /home/airflow/.local/lib/python3.9/site-packages/airflow/example_dags/example_task_group.py
[2025-12-11T04:19:08.219+0000] {processor.py:830} INFO - Processing file /home/airflow/.local/lib/python3.9/site-packages/airflow/example_dags/example_task_group.py for tasks to queue
[2025-12-11T04:19:08.237+0000] {logging_mixin.py:188} INFO - [2025-12-11T04:19:08.222+0000] {dagbag.py:545} INFO - Filling up the DagBag from /home/airflow/.local/lib/python3.9/site-packages/airflow/example_dags/example_task_group.py
[2025-12-11T04:19:08.280+0000] {processor.py:840} INFO - DAG(s) 'example_task_group' retrieved from /home/airflow/.local/lib/python3.9/site-packages/airflow/example_dags/example_task_group.py
[2025-12-11T04:19:08.797+0000] {logging_mixin.py:188} INFO - [2025-12-11T04:19:08.788+0000] {dag.py:3096} INFO - Sync 1 DAGs
[2025-12-11T04:19:08.903+0000] {logging_mixin.py:188} INFO - [2025-12-11T04:19:08.902+0000] {dag.py:3954} INFO - Setting next_dagrun for example_task_group to 2025-12-10 00:00:00+00:00, run_after=2025-12-11 00:00:00+00:00
[2025-12-11T04:19:09.102+0000] {processor.py:183} INFO - Processing /home/airflow/.local/lib/python3.9/site-packages/airflow/example_dags/example_task_group.py took 0.921 seconds
[2025-12-11T04:19:40.143+0000] {processor.py:161} INFO - Started process (PID=201) to work on /home/airflow/.local/lib/python3.9/site-packages/airflow/example_dags/example_task_group.py
[2025-12-11T04:19:40.177+0000] {processor.py:830} INFO - Processing file /home/airflow/.local/lib/python3.9/site-packages/airflow/example_dags/example_task_group.py for tasks to queue
[2025-12-11T04:19:40.180+0000] {logging_mixin.py:188} INFO - [2025-12-11T04:19:40.180+0000] {dagbag.py:545} INFO - Filling up the DagBag from /home/airflow/.local/lib/python3.9/site-packages/airflow/example_dags/example_task_group.py
[2025-12-11T04:19:40.202+0000] {processor.py:840} INFO - DAG(s) 'example_task_group' retrieved from /home/airflow/.local/lib/python3.9/site-packages/airflow/example_dags/example_task_group.py
[2025-12-11T04:19:40.319+0000] {logging_mixin.py:188} INFO - [2025-12-11T04:19:40.310+0000] {dag.py:3096} INFO - Sync 1 DAGs
[2025-12-11T04:19:40.383+0000] {logging_mixin.py:188} INFO - [2025-12-11T04:19:40.382+0000] {dag.py:3954} INFO - Setting next_dagrun for example_task_group to 2025-12-10 00:00:00+00:00, run_after=2025-12-11 00:00:00+00:00
[2025-12-11T04:19:40.443+0000] {processor.py:183} INFO - Processing /home/airflow/.local/lib/python3.9/site-packages/airflow/example_dags/example_task_group.py took 0.335 seconds
[2025-12-11T04:20:11.035+0000] {processor.py:161} INFO - Started process (PID=267) to work on /home/airflow/.local/lib/python3.9/site-packages/airflow/example_dags/example_task_group.py
[2025-12-11T04:20:11.037+0000] {processor.py:830} INFO - Processing file /home/airflow/.local/lib/python3.9/site-packages/airflow/example_dags/example_task_group.py for tasks to queue
[2025-12-11T04:20:11.040+0000] {logging_mixin.py:188} INFO - [2025-12-11T04:20:11.040+0000] {dagbag.py:545} INFO - Filling up the DagBag from /home/airflow/.local/lib/python3.9/site-packages/airflow/example_dags/example_task_group.py
[2025-12-11T04:20:11.059+0000] {processor.py:840} INFO - DAG(s) 'example_task_group' retrieved from /home/airflow/.local/lib/python3.9/site-packages/airflow/example_dags/example_task_group.py
[2025-12-11T04:20:11.137+0000] {logging_mixin.py:188} INFO - [2025-12-11T04:20:11.129+0000] {dag.py:3096} INFO - Sync 1 DAGs
[2025-12-11T04:20:11.189+0000] {logging_mixin.py:188} INFO - [2025-12-11T04:20:11.188+0000] {dag.py:3954} INFO - Setting next_dagrun for example_task_group to 2025-12-10 00:00:00+00:00, run_after=2025-12-11 00:00:00+00:00
[2025-12-11T04:20:11.217+0000] {processor.py:183} INFO - Processing /home/airflow/.local/lib/python3.9/site-packages/airflow/example_dags/example_task_group.py took 0.193 seconds
[2025-12-11T04:20:42.118+0000] {processor.py:161} INFO - Started process (PID=333) to work on /home/airflow/.local/lib/python3.9/site-packages/airflow/example_dags/example_task_group.py
[2025-12-11T04:20:42.120+0000] {processor.py:830} INFO - Processing file /home/airflow/.local/lib/python3.9/site-packages/airflow/example_dags/example_task_group.py for tasks to queue
[2025-12-11T04:20:42.123+0000] {logging_mixin.py:188} INFO - [2025-12-11T04:20:42.123+0000] {dagbag.py:545} INFO - Filling up the DagBag from /home/airflow/.local/lib/python3.9/site-packages/airflow/example_dags/example_task_group.py
[2025-12-11T04:20:42.141+0000] {processor.py:840} INFO - DAG(s) 'example_task_group' retrieved from /home/airflow/.local/lib/python3.9/site-packages/airflow/example_dags/example_task_group.py
[2025-12-11T04:20:42.197+0000] {logging_mixin.py:188} INFO - [2025-12-11T04:20:42.196+0000] {dag.py:3096} INFO - Sync 1 DAGs
[2025-12-11T04:20:42.238+0000] {logging_mixin.py:188} INFO - [2025-12-11T04:20:42.238+0000] {dag.py:3954} INFO - Setting next_dagrun for example_task_group to 2025-12-10 00:00:00+00:00, run_after=2025-12-11 00:00:00+00:00
[2025-12-11T04:20:42.272+0000] {processor.py:183} INFO - Processing /home/airflow/.local/lib/python3.9/site-packages/airflow/example_dags/example_task_group.py took 0.175 seconds
[2025-12-11T04:21:13.100+0000] {processor.py:161} INFO - Started process (PID=399) to work on /home/airflow/.local/lib/python3.9/site-packages/airflow/example_dags/example_task_group.py
[2025-12-11T04:21:13.103+0000] {processor.py:830} INFO - Processing file /home/airflow/.local/lib/python3.9/site-packages/airflow/example_dags/example_task_group.py for tasks to queue
[2025-12-11T04:21:13.109+0000] {logging_mixin.py:188} INFO - [2025-12-11T04:21:13.109+0000] {dagbag.py:545} INFO - Filling up the DagBag from /home/airflow/.local/lib/python3.9/site-packages/airflow/example_dags/example_task_group.py
[2025-12-11T04:21:13.126+0000] {processor.py:840} INFO - DAG(s) 'example_task_group' retrieved from /home/airflow/.local/lib/python3.9/site-packages/airflow/example_dags/example_task_group.py
[2025-12-11T04:21:13.198+0000] {logging_mixin.py:188} INFO - [2025-12-11T04:21:13.197+0000] {dag.py:3096} INFO - Sync 1 DAGs
[2025-12-11T04:21:13.241+0000] {logging_mixin.py:188} INFO - [2025-12-11T04:21:13.241+0000] {dag.py:3954} INFO - Setting next_dagrun for example_task_group to 2025-12-10 00:00:00+00:00, run_after=2025-12-11 00:00:00+00:00
[2025-12-11T04:21:13.271+0000] {processor.py:183} INFO - Processing /home/airflow/.local/lib/python3.9/site-packages/airflow/example_dags/example_task_group.py took 0.194 seconds
[2025-12-11T04:21:43.987+0000] {processor.py:161} INFO - Started process (PID=464) to work on /home/airflow/.local/lib/python3.9/site-packages/airflow/example_dags/example_task_group.py
[2025-12-11T04:21:43.989+0000] {processor.py:830} INFO - Processing file /home/airflow/.local/lib/python3.9/site-packages/airflow/example_dags/example_task_group.py for tasks to queue
[2025-12-11T04:21:43.992+0000] {logging_mixin.py:188} INFO - [2025-12-11T04:21:43.991+0000] {dagbag.py:545} INFO - Filling up the DagBag from /home/airflow/.local/lib/python3.9/site-packages/airflow/example_dags/example_task_group.py
[2025-12-11T04:21:44.002+0000] {processor.py:840} INFO - DAG(s) 'example_task_group' retrieved from /home/airflow/.local/lib/python3.9/site-packages/airflow/example_dags/example_task_group.py
[2025-12-11T04:21:44.046+0000] {logging_mixin.py:188} INFO - [2025-12-11T04:21:44.045+0000] {dag.py:3096} INFO - Sync 1 DAGs
[2025-12-11T04:21:44.081+0000] {logging_mixin.py:188} INFO - [2025-12-11T04:21:44.081+0000] {dag.py:3954} INFO - Setting next_dagrun for example_task_group to 2025-12-10 00:00:00+00:00, run_after=2025-12-11 00:00:00+00:00
[2025-12-11T04:21:44.106+0000] {processor.py:183} INFO - Processing /home/airflow/.local/lib/python3.9/site-packages/airflow/example_dags/example_task_group.py took 0.130 seconds
[2025-12-11T04:22:14.267+0000] {processor.py:161} INFO - Started process (PID=530) to work on /home/airflow/.local/lib/python3.9/site-packages/airflow/example_dags/example_task_group.py
[2025-12-11T04:22:14.269+0000] {processor.py:830} INFO - Processing file /home/airflow/.local/lib/python3.9/site-packages/airflow/example_dags/example_task_group.py for tasks to queue
[2025-12-11T04:22:14.272+0000] {logging_mixin.py:188} INFO - [2025-12-11T04:22:14.271+0000] {dagbag.py:545} INFO - Filling up the DagBag from /home/airflow/.local/lib/python3.9/site-packages/airflow/example_dags/example_task_group.py
[2025-12-11T04:22:14.285+0000] {processor.py:840} INFO - DAG(s) 'example_task_group' retrieved from /home/airflow/.local/lib/python3.9/site-packages/airflow/example_dags/example_task_group.py
[2025-12-11T04:22:14.325+0000] {logging_mixin.py:188} INFO - [2025-12-11T04:22:14.324+0000] {dag.py:3096} INFO - Sync 1 DAGs
[2025-12-11T04:22:14.369+0000] {logging_mixin.py:188} INFO - [2025-12-11T04:22:14.368+0000] {dag.py:3954} INFO - Setting next_dagrun for example_task_group to 2025-12-10 00:00:00+00:00, run_after=2025-12-11 00:00:00+00:00
[2025-12-11T04:22:14.408+0000] {processor.py:183} INFO - Processing /home/airflow/.local/lib/python3.9/site-packages/airflow/example_dags/example_task_group.py took 0.151 seconds
[2025-12-11T04:22:45.156+0000] {processor.py:161} INFO - Started process (PID=596) to work on /home/airflow/.local/lib/python3.9/site-packages/airflow/example_dags/example_task_group.py
[2025-12-11T04:22:45.157+0000] {processor.py:830} INFO - Processing file /home/airflow/.local/lib/python3.9/site-packages/airflow/example_dags/example_task_group.py for tasks to queue
[2025-12-11T04:22:45.160+0000] {logging_mixin.py:188} INFO - [2025-12-11T04:22:45.160+0000] {dagbag.py:545} INFO - Filling up the DagBag from /home/airflow/.local/lib/python3.9/site-packages/airflow/example_dags/example_task_group.py
[2025-12-11T04:22:45.172+0000] {processor.py:840} INFO - DAG(s) 'example_task_group' retrieved from /home/airflow/.local/lib/python3.9/site-packages/airflow/example_dags/example_task_group.py
[2025-12-11T04:22:45.219+0000] {logging_mixin.py:188} INFO - [2025-12-11T04:22:45.219+0000] {dag.py:3096} INFO - Sync 1 DAGs
[2025-12-11T04:22:45.258+0000] {logging_mixin.py:188} INFO - [2025-12-11T04:22:45.257+0000] {dag.py:3954} INFO - Setting next_dagrun for example_task_group to 2025-12-10 00:00:00+00:00, run_after=2025-12-11 00:00:00+00:00
[2025-12-11T04:22:45.285+0000] {processor.py:183} INFO - Processing /home/airflow/.local/lib/python3.9/site-packages/airflow/example_dags/example_task_group.py took 0.139 seconds
[2025-12-11T04:23:16.231+0000] {processor.py:161} INFO - Started process (PID=662) to work on /home/airflow/.local/lib/python3.9/site-packages/airflow/example_dags/example_task_group.py
[2025-12-11T04:23:16.278+0000] {processor.py:830} INFO - Processing file /home/airflow/.local/lib/python3.9/site-packages/airflow/example_dags/example_task_group.py for tasks to queue
[2025-12-11T04:23:16.282+0000] {logging_mixin.py:188} INFO - [2025-12-11T04:23:16.281+0000] {dagbag.py:545} INFO - Filling up the DagBag from /home/airflow/.local/lib/python3.9/site-packages/airflow/example_dags/example_task_group.py
[2025-12-11T04:23:16.298+0000] {processor.py:840} INFO - DAG(s) 'example_task_group' retrieved from /home/airflow/.local/lib/python3.9/site-packages/airflow/example_dags/example_task_group.py
[2025-12-11T04:23:16.360+0000] {logging_mixin.py:188} INFO - [2025-12-11T04:23:16.359+0000] {dag.py:3096} INFO - Sync 1 DAGs
[2025-12-11T04:23:16.445+0000] {logging_mixin.py:188} INFO - [2025-12-11T04:23:16.445+0000] {dag.py:3954} INFO - Setting next_dagrun for example_task_group to 2025-12-10 00:00:00+00:00, run_after=2025-12-11 00:00:00+00:00
[2025-12-11T04:23:16.631+0000] {processor.py:183} INFO - Processing /home/airflow/.local/lib/python3.9/site-packages/airflow/example_dags/example_task_group.py took 0.410 seconds
[2025-12-11T04:23:47.431+0000] {processor.py:161} INFO - Started process (PID=728) to work on /home/airflow/.local/lib/python3.9/site-packages/airflow/example_dags/example_task_group.py
[2025-12-11T04:23:47.442+0000] {processor.py:830} INFO - Processing file /home/airflow/.local/lib/python3.9/site-packages/airflow/example_dags/example_task_group.py for tasks to queue
[2025-12-11T04:23:47.445+0000] {logging_mixin.py:188} INFO - [2025-12-11T04:23:47.444+0000] {dagbag.py:545} INFO - Filling up the DagBag from /home/airflow/.local/lib/python3.9/site-packages/airflow/example_dags/example_task_group.py
[2025-12-11T04:23:47.456+0000] {processor.py:840} INFO - DAG(s) 'example_task_group' retrieved from /home/airflow/.local/lib/python3.9/site-packages/airflow/example_dags/example_task_group.py
[2025-12-11T04:23:47.498+0000] {logging_mixin.py:188} INFO - [2025-12-11T04:23:47.497+0000] {dag.py:3096} INFO - Sync 1 DAGs
[2025-12-11T04:23:47.533+0000] {logging_mixin.py:188} INFO - [2025-12-11T04:23:47.533+0000] {dag.py:3954} INFO - Setting next_dagrun for example_task_group to 2025-12-10 00:00:00+00:00, run_after=2025-12-11 00:00:00+00:00
[2025-12-11T04:23:47.562+0000] {processor.py:183} INFO - Processing /home/airflow/.local/lib/python3.9/site-packages/airflow/example_dags/example_task_group.py took 0.141 seconds
[2025-12-11T04:24:18.582+0000] {processor.py:161} INFO - Started process (PID=801) to work on /home/airflow/.local/lib/python3.9/site-packages/airflow/example_dags/example_task_group.py
[2025-12-11T04:24:18.597+0000] {processor.py:830} INFO - Processing file /home/airflow/.local/lib/python3.9/site-packages/airflow/example_dags/example_task_group.py for tasks to queue
[2025-12-11T04:24:18.600+0000] {logging_mixin.py:188} INFO - [2025-12-11T04:24:18.600+0000] {dagbag.py:545} INFO - Filling up the DagBag from /home/airflow/.local/lib/python3.9/site-packages/airflow/example_dags/example_task_group.py
[2025-12-11T04:24:18.621+0000] {processor.py:840} INFO - DAG(s) 'example_task_group' retrieved from /home/airflow/.local/lib/python3.9/site-packages/airflow/example_dags/example_task_group.py
[2025-12-11T04:24:18.684+0000] {logging_mixin.py:188} INFO - [2025-12-11T04:24:18.684+0000] {dag.py:3096} INFO - Sync 1 DAGs
[2025-12-11T04:24:18.737+0000] {logging_mixin.py:188} INFO - [2025-12-11T04:24:18.737+0000] {dag.py:3954} INFO - Setting next_dagrun for example_task_group to 2025-12-10 00:00:00+00:00, run_after=2025-12-11 00:00:00+00:00
[2025-12-11T04:24:18.770+0000] {processor.py:183} INFO - Processing /home/airflow/.local/lib/python3.9/site-packages/airflow/example_dags/example_task_group.py took 0.205 seconds
[2025-12-11T04:24:49.150+0000] {processor.py:161} INFO - Started process (PID=867) to work on /home/airflow/.local/lib/python3.9/site-packages/airflow/example_dags/example_task_group.py
[2025-12-11T04:24:49.157+0000] {processor.py:830} INFO - Processing file /home/airflow/.local/lib/python3.9/site-packages/airflow/example_dags/example_task_group.py for tasks to queue
[2025-12-11T04:24:49.160+0000] {logging_mixin.py:188} INFO - [2025-12-11T04:24:49.159+0000] {dagbag.py:545} INFO - Filling up the DagBag from /home/airflow/.local/lib/python3.9/site-packages/airflow/example_dags/example_task_group.py
[2025-12-11T04:24:49.180+0000] {processor.py:840} INFO - DAG(s) 'example_task_group' retrieved from /home/airflow/.local/lib/python3.9/site-packages/airflow/example_dags/example_task_group.py
[2025-12-11T04:24:49.242+0000] {logging_mixin.py:188} INFO - [2025-12-11T04:24:49.242+0000] {dag.py:3096} INFO - Sync 1 DAGs
[2025-12-11T04:24:49.326+0000] {logging_mixin.py:188} INFO - [2025-12-11T04:24:49.325+0000] {dag.py:3954} INFO - Setting next_dagrun for example_task_group to 2025-12-10 00:00:00+00:00, run_after=2025-12-11 00:00:00+00:00
[2025-12-11T04:24:49.419+0000] {processor.py:183} INFO - Processing /home/airflow/.local/lib/python3.9/site-packages/airflow/example_dags/example_task_group.py took 0.280 seconds
[2025-12-11T04:25:19.941+0000] {processor.py:161} INFO - Started process (PID=932) to work on /home/airflow/.local/lib/python3.9/site-packages/airflow/example_dags/example_task_group.py
[2025-12-11T04:25:19.949+0000] {processor.py:830} INFO - Processing file /home/airflow/.local/lib/python3.9/site-packages/airflow/example_dags/example_task_group.py for tasks to queue
[2025-12-11T04:25:19.958+0000] {logging_mixin.py:188} INFO - [2025-12-11T04:25:19.958+0000] {dagbag.py:545} INFO - Filling up the DagBag from /home/airflow/.local/lib/python3.9/site-packages/airflow/example_dags/example_task_group.py
[2025-12-11T04:25:19.969+0000] {processor.py:840} INFO - DAG(s) 'example_task_group' retrieved from /home/airflow/.local/lib/python3.9/site-packages/airflow/example_dags/example_task_group.py
[2025-12-11T04:25:20.077+0000] {logging_mixin.py:188} INFO - [2025-12-11T04:25:20.063+0000] {dag.py:3096} INFO - Sync 1 DAGs
[2025-12-11T04:25:20.129+0000] {logging_mixin.py:188} INFO - [2025-12-11T04:25:20.129+0000] {dag.py:3954} INFO - Setting next_dagrun for example_task_group to 2025-12-10 00:00:00+00:00, run_after=2025-12-11 00:00:00+00:00
[2025-12-11T04:25:20.168+0000] {processor.py:183} INFO - Processing /home/airflow/.local/lib/python3.9/site-packages/airflow/example_dags/example_task_group.py took 0.243 seconds
[2025-12-11T04:25:50.524+0000] {processor.py:161} INFO - Started process (PID=998) to work on /home/airflow/.local/lib/python3.9/site-packages/airflow/example_dags/example_task_group.py
[2025-12-11T04:25:50.609+0000] {processor.py:830} INFO - Processing file /home/airflow/.local/lib/python3.9/site-packages/airflow/example_dags/example_task_group.py for tasks to queue
[2025-12-11T04:25:50.612+0000] {logging_mixin.py:188} INFO - [2025-12-11T04:25:50.612+0000] {dagbag.py:545} INFO - Filling up the DagBag from /home/airflow/.local/lib/python3.9/site-packages/airflow/example_dags/example_task_group.py
[2025-12-11T04:25:50.623+0000] {processor.py:840} INFO - DAG(s) 'example_task_group' retrieved from /home/airflow/.local/lib/python3.9/site-packages/airflow/example_dags/example_task_group.py
[2025-12-11T04:25:50.684+0000] {logging_mixin.py:188} INFO - [2025-12-11T04:25:50.684+0000] {dag.py:3096} INFO - Sync 1 DAGs
[2025-12-11T04:25:50.750+0000] {logging_mixin.py:188} INFO - [2025-12-11T04:25:50.749+0000] {dag.py:3954} INFO - Setting next_dagrun for example_task_group to 2025-12-10 00:00:00+00:00, run_after=2025-12-11 00:00:00+00:00
[2025-12-11T04:25:50.802+0000] {processor.py:183} INFO - Processing /home/airflow/.local/lib/python3.9/site-packages/airflow/example_dags/example_task_group.py took 0.291 seconds
[2025-12-11T04:26:21.154+0000] {processor.py:161} INFO - Started process (PID=1064) to work on /home/airflow/.local/lib/python3.9/site-packages/airflow/example_dags/example_task_group.py
[2025-12-11T04:26:21.193+0000] {processor.py:830} INFO - Processing file /home/airflow/.local/lib/python3.9/site-packages/airflow/example_dags/example_task_group.py for tasks to queue
[2025-12-11T04:26:21.196+0000] {logging_mixin.py:188} INFO - [2025-12-11T04:26:21.195+0000] {dagbag.py:545} INFO - Filling up the DagBag from /home/airflow/.local/lib/python3.9/site-packages/airflow/example_dags/example_task_group.py
[2025-12-11T04:26:21.208+0000] {processor.py:840} INFO - DAG(s) 'example_task_group' retrieved from /home/airflow/.local/lib/python3.9/site-packages/airflow/example_dags/example_task_group.py
[2025-12-11T04:26:21.268+0000] {logging_mixin.py:188} INFO - [2025-12-11T04:26:21.267+0000] {dag.py:3096} INFO - Sync 1 DAGs
[2025-12-11T04:26:21.322+0000] {logging_mixin.py:188} INFO - [2025-12-11T04:26:21.321+0000] {dag.py:3954} INFO - Setting next_dagrun for example_task_group to 2025-12-10 00:00:00+00:00, run_after=2025-12-11 00:00:00+00:00
[2025-12-11T04:26:21.377+0000] {processor.py:183} INFO - Processing /home/airflow/.local/lib/python3.9/site-packages/airflow/example_dags/example_task_group.py took 0.233 seconds
[2025-12-11T04:26:51.747+0000] {processor.py:161} INFO - Started process (PID=1130) to work on /home/airflow/.local/lib/python3.9/site-packages/airflow/example_dags/example_task_group.py
[2025-12-11T04:26:51.759+0000] {processor.py:830} INFO - Processing file /home/airflow/.local/lib/python3.9/site-packages/airflow/example_dags/example_task_group.py for tasks to queue
[2025-12-11T04:26:51.763+0000] {logging_mixin.py:188} INFO - [2025-12-11T04:26:51.762+0000] {dagbag.py:545} INFO - Filling up the DagBag from /home/airflow/.local/lib/python3.9/site-packages/airflow/example_dags/example_task_group.py
[2025-12-11T04:26:51.786+0000] {processor.py:840} INFO - DAG(s) 'example_task_group' retrieved from /home/airflow/.local/lib/python3.9/site-packages/airflow/example_dags/example_task_group.py
[2025-12-11T04:26:51.864+0000] {logging_mixin.py:188} INFO - [2025-12-11T04:26:51.863+0000] {dag.py:3096} INFO - Sync 1 DAGs
[2025-12-11T04:26:51.939+0000] {logging_mixin.py:188} INFO - [2025-12-11T04:26:51.938+0000] {dag.py:3954} INFO - Setting next_dagrun for example_task_group to 2025-12-10 00:00:00+00:00, run_after=2025-12-11 00:00:00+00:00
[2025-12-11T04:26:52.172+0000] {processor.py:183} INFO - Processing /home/airflow/.local/lib/python3.9/site-packages/airflow/example_dags/example_task_group.py took 0.443 seconds
[2025-12-11T04:27:22.374+0000] {processor.py:161} INFO - Started process (PID=1196) to work on /home/airflow/.local/lib/python3.9/site-packages/airflow/example_dags/example_task_group.py
[2025-12-11T04:27:22.375+0000] {processor.py:830} INFO - Processing file /home/airflow/.local/lib/python3.9/site-packages/airflow/example_dags/example_task_group.py for tasks to queue
[2025-12-11T04:27:22.379+0000] {logging_mixin.py:188} INFO - [2025-12-11T04:27:22.378+0000] {dagbag.py:545} INFO - Filling up the DagBag from /home/airflow/.local/lib/python3.9/site-packages/airflow/example_dags/example_task_group.py
[2025-12-11T04:27:22.390+0000] {processor.py:840} INFO - DAG(s) 'example_task_group' retrieved from /home/airflow/.local/lib/python3.9/site-packages/airflow/example_dags/example_task_group.py
[2025-12-11T04:27:22.458+0000] {logging_mixin.py:188} INFO - [2025-12-11T04:27:22.457+0000] {dag.py:3096} INFO - Sync 1 DAGs
[2025-12-11T04:27:22.525+0000] {logging_mixin.py:188} INFO - [2025-12-11T04:27:22.524+0000] {dag.py:3954} INFO - Setting next_dagrun for example_task_group to 2025-12-10 00:00:00+00:00, run_after=2025-12-11 00:00:00+00:00
[2025-12-11T04:27:22.555+0000] {processor.py:183} INFO - Processing /home/airflow/.local/lib/python3.9/site-packages/airflow/example_dags/example_task_group.py took 0.192 seconds
[2025-12-11T04:27:53.059+0000] {processor.py:161} INFO - Started process (PID=1262) to work on /home/airflow/.local/lib/python3.9/site-packages/airflow/example_dags/example_task_group.py
[2025-12-11T04:27:53.061+0000] {processor.py:830} INFO - Processing file /home/airflow/.local/lib/python3.9/site-packages/airflow/example_dags/example_task_group.py for tasks to queue
[2025-12-11T04:27:53.064+0000] {logging_mixin.py:188} INFO - [2025-12-11T04:27:53.063+0000] {dagbag.py:545} INFO - Filling up the DagBag from /home/airflow/.local/lib/python3.9/site-packages/airflow/example_dags/example_task_group.py
[2025-12-11T04:27:53.074+0000] {processor.py:840} INFO - DAG(s) 'example_task_group' retrieved from /home/airflow/.local/lib/python3.9/site-packages/airflow/example_dags/example_task_group.py
[2025-12-11T04:27:53.116+0000] {logging_mixin.py:188} INFO - [2025-12-11T04:27:53.115+0000] {dag.py:3096} INFO - Sync 1 DAGs
[2025-12-11T04:27:53.153+0000] {logging_mixin.py:188} INFO - [2025-12-11T04:27:53.152+0000] {dag.py:3954} INFO - Setting next_dagrun for example_task_group to 2025-12-10 00:00:00+00:00, run_after=2025-12-11 00:00:00+00:00
[2025-12-11T04:27:53.181+0000] {processor.py:183} INFO - Processing /home/airflow/.local/lib/python3.9/site-packages/airflow/example_dags/example_task_group.py took 0.132 seconds
[2025-12-11T04:28:23.260+0000] {processor.py:161} INFO - Started process (PID=1328) to work on /home/airflow/.local/lib/python3.9/site-packages/airflow/example_dags/example_task_group.py
[2025-12-11T04:28:23.303+0000] {processor.py:830} INFO - Processing file /home/airflow/.local/lib/python3.9/site-packages/airflow/example_dags/example_task_group.py for tasks to queue
[2025-12-11T04:28:23.306+0000] {logging_mixin.py:188} INFO - [2025-12-11T04:28:23.306+0000] {dagbag.py:545} INFO - Filling up the DagBag from /home/airflow/.local/lib/python3.9/site-packages/airflow/example_dags/example_task_group.py
[2025-12-11T04:28:23.320+0000] {processor.py:840} INFO - DAG(s) 'example_task_group' retrieved from /home/airflow/.local/lib/python3.9/site-packages/airflow/example_dags/example_task_group.py
[2025-12-11T04:28:23.368+0000] {logging_mixin.py:188} INFO - [2025-12-11T04:28:23.367+0000] {dag.py:3096} INFO - Sync 1 DAGs
[2025-12-11T04:28:23.410+0000] {logging_mixin.py:188} INFO - [2025-12-11T04:28:23.410+0000] {dag.py:3954} INFO - Setting next_dagrun for example_task_group to 2025-12-10 00:00:00+00:00, run_after=2025-12-11 00:00:00+00:00
[2025-12-11T04:28:23.626+0000] {processor.py:183} INFO - Processing /home/airflow/.local/lib/python3.9/site-packages/airflow/example_dags/example_task_group.py took 0.379 seconds
[2025-12-11T04:28:53.758+0000] {processor.py:161} INFO - Started process (PID=1394) to work on /home/airflow/.local/lib/python3.9/site-packages/airflow/example_dags/example_task_group.py
[2025-12-11T04:28:53.760+0000] {processor.py:830} INFO - Processing file /home/airflow/.local/lib/python3.9/site-packages/airflow/example_dags/example_task_group.py for tasks to queue
[2025-12-11T04:28:53.764+0000] {logging_mixin.py:188} INFO - [2025-12-11T04:28:53.763+0000] {dagbag.py:545} INFO - Filling up the DagBag from /home/airflow/.local/lib/python3.9/site-packages/airflow/example_dags/example_task_group.py
[2025-12-11T04:28:53.783+0000] {processor.py:840} INFO - DAG(s) 'example_task_group' retrieved from /home/airflow/.local/lib/python3.9/site-packages/airflow/example_dags/example_task_group.py
[2025-12-11T04:28:53.846+0000] {logging_mixin.py:188} INFO - [2025-12-11T04:28:53.845+0000] {dag.py:3096} INFO - Sync 1 DAGs
[2025-12-11T04:28:53.892+0000] {logging_mixin.py:188} INFO - [2025-12-11T04:28:53.892+0000] {dag.py:3954} INFO - Setting next_dagrun for example_task_group to 2025-12-10 00:00:00+00:00, run_after=2025-12-11 00:00:00+00:00
[2025-12-11T04:28:53.921+0000] {processor.py:183} INFO - Processing /home/airflow/.local/lib/python3.9/site-packages/airflow/example_dags/example_task_group.py took 0.181 seconds
[2025-12-11T04:29:24.734+0000] {processor.py:161} INFO - Started process (PID=1460) to work on /home/airflow/.local/lib/python3.9/site-packages/airflow/example_dags/example_task_group.py
[2025-12-11T04:29:24.735+0000] {processor.py:830} INFO - Processing file /home/airflow/.local/lib/python3.9/site-packages/airflow/example_dags/example_task_group.py for tasks to queue
[2025-12-11T04:29:24.738+0000] {logging_mixin.py:188} INFO - [2025-12-11T04:29:24.738+0000] {dagbag.py:545} INFO - Filling up the DagBag from /home/airflow/.local/lib/python3.9/site-packages/airflow/example_dags/example_task_group.py
[2025-12-11T04:29:24.748+0000] {processor.py:840} INFO - DAG(s) 'example_task_group' retrieved from /home/airflow/.local/lib/python3.9/site-packages/airflow/example_dags/example_task_group.py
[2025-12-11T04:29:24.786+0000] {logging_mixin.py:188} INFO - [2025-12-11T04:29:24.785+0000] {dag.py:3096} INFO - Sync 1 DAGs
[2025-12-11T04:29:24.822+0000] {logging_mixin.py:188} INFO - [2025-12-11T04:29:24.822+0000] {dag.py:3954} INFO - Setting next_dagrun for example_task_group to 2025-12-10 00:00:00+00:00, run_after=2025-12-11 00:00:00+00:00
[2025-12-11T04:29:24.857+0000] {processor.py:183} INFO - Processing /home/airflow/.local/lib/python3.9/site-packages/airflow/example_dags/example_task_group.py took 0.132 seconds
[2025-12-11T04:29:55.596+0000] {processor.py:161} INFO - Started process (PID=1526) to work on /home/airflow/.local/lib/python3.9/site-packages/airflow/example_dags/example_task_group.py
[2025-12-11T04:29:55.598+0000] {processor.py:830} INFO - Processing file /home/airflow/.local/lib/python3.9/site-packages/airflow/example_dags/example_task_group.py for tasks to queue
[2025-12-11T04:29:55.600+0000] {logging_mixin.py:188} INFO - [2025-12-11T04:29:55.600+0000] {dagbag.py:545} INFO - Filling up the DagBag from /home/airflow/.local/lib/python3.9/site-packages/airflow/example_dags/example_task_group.py
[2025-12-11T04:29:55.614+0000] {processor.py:840} INFO - DAG(s) 'example_task_group' retrieved from /home/airflow/.local/lib/python3.9/site-packages/airflow/example_dags/example_task_group.py
[2025-12-11T04:29:55.650+0000] {logging_mixin.py:188} INFO - [2025-12-11T04:29:55.650+0000] {dag.py:3096} INFO - Sync 1 DAGs
[2025-12-11T04:29:55.683+0000] {logging_mixin.py:188} INFO - [2025-12-11T04:29:55.683+0000] {dag.py:3954} INFO - Setting next_dagrun for example_task_group to 2025-12-10 00:00:00+00:00, run_after=2025-12-11 00:00:00+00:00
[2025-12-11T04:29:55.708+0000] {processor.py:183} INFO - Processing /home/airflow/.local/lib/python3.9/site-packages/airflow/example_dags/example_task_group.py took 0.123 seconds
[2025-12-11T04:30:26.080+0000] {processor.py:161} INFO - Started process (PID=1592) to work on /home/airflow/.local/lib/python3.9/site-packages/airflow/example_dags/example_task_group.py
[2025-12-11T04:30:26.110+0000] {processor.py:830} INFO - Processing file /home/airflow/.local/lib/python3.9/site-packages/airflow/example_dags/example_task_group.py for tasks to queue
[2025-12-11T04:30:26.126+0000] {logging_mixin.py:188} INFO - [2025-12-11T04:30:26.125+0000] {dagbag.py:545} INFO - Filling up the DagBag from /home/airflow/.local/lib/python3.9/site-packages/airflow/example_dags/example_task_group.py
[2025-12-11T04:30:26.137+0000] {processor.py:840} INFO - DAG(s) 'example_task_group' retrieved from /home/airflow/.local/lib/python3.9/site-packages/airflow/example_dags/example_task_group.py
[2025-12-11T04:30:26.179+0000] {logging_mixin.py:188} INFO - [2025-12-11T04:30:26.178+0000] {dag.py:3096} INFO - Sync 1 DAGs
[2025-12-11T04:30:26.215+0000] {logging_mixin.py:188} INFO - [2025-12-11T04:30:26.215+0000] {dag.py:3954} INFO - Setting next_dagrun for example_task_group to 2025-12-10 00:00:00+00:00, run_after=2025-12-11 00:00:00+00:00
[2025-12-11T04:30:26.242+0000] {processor.py:183} INFO - Processing /home/airflow/.local/lib/python3.9/site-packages/airflow/example_dags/example_task_group.py took 0.181 seconds
[2025-12-11T04:30:56.508+0000] {processor.py:161} INFO - Started process (PID=1657) to work on /home/airflow/.local/lib/python3.9/site-packages/airflow/example_dags/example_task_group.py
[2025-12-11T04:30:56.594+0000] {processor.py:830} INFO - Processing file /home/airflow/.local/lib/python3.9/site-packages/airflow/example_dags/example_task_group.py for tasks to queue
[2025-12-11T04:30:56.597+0000] {logging_mixin.py:188} INFO - [2025-12-11T04:30:56.597+0000] {dagbag.py:545} INFO - Filling up the DagBag from /home/airflow/.local/lib/python3.9/site-packages/airflow/example_dags/example_task_group.py
[2025-12-11T04:30:56.608+0000] {processor.py:840} INFO - DAG(s) 'example_task_group' retrieved from /home/airflow/.local/lib/python3.9/site-packages/airflow/example_dags/example_task_group.py
[2025-12-11T04:30:56.649+0000] {logging_mixin.py:188} INFO - [2025-12-11T04:30:56.649+0000] {dag.py:3096} INFO - Sync 1 DAGs
[2025-12-11T04:30:56.684+0000] {logging_mixin.py:188} INFO - [2025-12-11T04:30:56.684+0000] {dag.py:3954} INFO - Setting next_dagrun for example_task_group to 2025-12-10 00:00:00+00:00, run_after=2025-12-11 00:00:00+00:00
[2025-12-11T04:30:56.760+0000] {processor.py:183} INFO - Processing /home/airflow/.local/lib/python3.9/site-packages/airflow/example_dags/example_task_group.py took 0.263 seconds
[2025-12-11T04:31:27.200+0000] {processor.py:161} INFO - Started process (PID=1723) to work on /home/airflow/.local/lib/python3.9/site-packages/airflow/example_dags/example_task_group.py
[2025-12-11T04:31:27.202+0000] {processor.py:830} INFO - Processing file /home/airflow/.local/lib/python3.9/site-packages/airflow/example_dags/example_task_group.py for tasks to queue
[2025-12-11T04:31:27.205+0000] {logging_mixin.py:188} INFO - [2025-12-11T04:31:27.204+0000] {dagbag.py:545} INFO - Filling up the DagBag from /home/airflow/.local/lib/python3.9/site-packages/airflow/example_dags/example_task_group.py
[2025-12-11T04:31:27.220+0000] {processor.py:840} INFO - DAG(s) 'example_task_group' retrieved from /home/airflow/.local/lib/python3.9/site-packages/airflow/example_dags/example_task_group.py
[2025-12-11T04:31:27.262+0000] {logging_mixin.py:188} INFO - [2025-12-11T04:31:27.261+0000] {dag.py:3096} INFO - Sync 1 DAGs
[2025-12-11T04:31:27.310+0000] {logging_mixin.py:188} INFO - [2025-12-11T04:31:27.309+0000] {dag.py:3954} INFO - Setting next_dagrun for example_task_group to 2025-12-10 00:00:00+00:00, run_after=2025-12-11 00:00:00+00:00
[2025-12-11T04:31:27.337+0000] {processor.py:183} INFO - Processing /home/airflow/.local/lib/python3.9/site-packages/airflow/example_dags/example_task_group.py took 0.153 seconds
[2025-12-11T04:31:57.762+0000] {processor.py:161} INFO - Started process (PID=1789) to work on /home/airflow/.local/lib/python3.9/site-packages/airflow/example_dags/example_task_group.py
[2025-12-11T04:31:57.769+0000] {processor.py:830} INFO - Processing file /home/airflow/.local/lib/python3.9/site-packages/airflow/example_dags/example_task_group.py for tasks to queue
[2025-12-11T04:31:57.772+0000] {logging_mixin.py:188} INFO - [2025-12-11T04:31:57.772+0000] {dagbag.py:545} INFO - Filling up the DagBag from /home/airflow/.local/lib/python3.9/site-packages/airflow/example_dags/example_task_group.py
[2025-12-11T04:31:57.786+0000] {processor.py:840} INFO - DAG(s) 'example_task_group' retrieved from /home/airflow/.local/lib/python3.9/site-packages/airflow/example_dags/example_task_group.py
[2025-12-11T04:31:57.828+0000] {logging_mixin.py:188} INFO - [2025-12-11T04:31:57.827+0000] {dag.py:3096} INFO - Sync 1 DAGs
[2025-12-11T04:31:57.869+0000] {logging_mixin.py:188} INFO - [2025-12-11T04:31:57.868+0000] {dag.py:3954} INFO - Setting next_dagrun for example_task_group to 2025-12-10 00:00:00+00:00, run_after=2025-12-11 00:00:00+00:00
[2025-12-11T04:31:57.902+0000] {processor.py:183} INFO - Processing /home/airflow/.local/lib/python3.9/site-packages/airflow/example_dags/example_task_group.py took 0.152 seconds
[2025-12-11T04:32:28.068+0000] {processor.py:161} INFO - Started process (PID=1855) to work on /home/airflow/.local/lib/python3.9/site-packages/airflow/example_dags/example_task_group.py
[2025-12-11T04:32:28.078+0000] {processor.py:830} INFO - Processing file /home/airflow/.local/lib/python3.9/site-packages/airflow/example_dags/example_task_group.py for tasks to queue
[2025-12-11T04:32:28.081+0000] {logging_mixin.py:188} INFO - [2025-12-11T04:32:28.080+0000] {dagbag.py:545} INFO - Filling up the DagBag from /home/airflow/.local/lib/python3.9/site-packages/airflow/example_dags/example_task_group.py
[2025-12-11T04:32:28.091+0000] {processor.py:840} INFO - DAG(s) 'example_task_group' retrieved from /home/airflow/.local/lib/python3.9/site-packages/airflow/example_dags/example_task_group.py
[2025-12-11T04:32:28.127+0000] {logging_mixin.py:188} INFO - [2025-12-11T04:32:28.126+0000] {dag.py:3096} INFO - Sync 1 DAGs
[2025-12-11T04:32:28.160+0000] {logging_mixin.py:188} INFO - [2025-12-11T04:32:28.160+0000] {dag.py:3954} INFO - Setting next_dagrun for example_task_group to 2025-12-10 00:00:00+00:00, run_after=2025-12-11 00:00:00+00:00
[2025-12-11T04:32:28.184+0000] {processor.py:183} INFO - Processing /home/airflow/.local/lib/python3.9/site-packages/airflow/example_dags/example_task_group.py took 0.127 seconds
[2025-12-11T04:32:58.613+0000] {processor.py:161} INFO - Started process (PID=1921) to work on /home/airflow/.local/lib/python3.9/site-packages/airflow/example_dags/example_task_group.py
[2025-12-11T04:32:58.681+0000] {processor.py:830} INFO - Processing file /home/airflow/.local/lib/python3.9/site-packages/airflow/example_dags/example_task_group.py for tasks to queue
[2025-12-11T04:32:58.684+0000] {logging_mixin.py:188} INFO - [2025-12-11T04:32:58.683+0000] {dagbag.py:545} INFO - Filling up the DagBag from /home/airflow/.local/lib/python3.9/site-packages/airflow/example_dags/example_task_group.py
[2025-12-11T04:32:58.696+0000] {processor.py:840} INFO - DAG(s) 'example_task_group' retrieved from /home/airflow/.local/lib/python3.9/site-packages/airflow/example_dags/example_task_group.py
[2025-12-11T04:32:58.737+0000] {logging_mixin.py:188} INFO - [2025-12-11T04:32:58.736+0000] {dag.py:3096} INFO - Sync 1 DAGs
[2025-12-11T04:32:58.776+0000] {logging_mixin.py:188} INFO - [2025-12-11T04:32:58.776+0000] {dag.py:3954} INFO - Setting next_dagrun for example_task_group to 2025-12-10 00:00:00+00:00, run_after=2025-12-11 00:00:00+00:00
[2025-12-11T04:32:58.813+0000] {processor.py:183} INFO - Processing /home/airflow/.local/lib/python3.9/site-packages/airflow/example_dags/example_task_group.py took 0.211 seconds
[2025-12-11T04:33:29.166+0000] {processor.py:161} INFO - Started process (PID=1987) to work on /home/airflow/.local/lib/python3.9/site-packages/airflow/example_dags/example_task_group.py
[2025-12-11T04:33:29.182+0000] {processor.py:830} INFO - Processing file /home/airflow/.local/lib/python3.9/site-packages/airflow/example_dags/example_task_group.py for tasks to queue
[2025-12-11T04:33:29.186+0000] {logging_mixin.py:188} INFO - [2025-12-11T04:33:29.186+0000] {dagbag.py:545} INFO - Filling up the DagBag from /home/airflow/.local/lib/python3.9/site-packages/airflow/example_dags/example_task_group.py
[2025-12-11T04:33:29.221+0000] {processor.py:840} INFO - DAG(s) 'example_task_group' retrieved from /home/airflow/.local/lib/python3.9/site-packages/airflow/example_dags/example_task_group.py
[2025-12-11T04:33:29.303+0000] {logging_mixin.py:188} INFO - [2025-12-11T04:33:29.302+0000] {dag.py:3096} INFO - Sync 1 DAGs
[2025-12-11T04:33:29.355+0000] {logging_mixin.py:188} INFO - [2025-12-11T04:33:29.355+0000] {dag.py:3954} INFO - Setting next_dagrun for example_task_group to 2025-12-10 00:00:00+00:00, run_after=2025-12-11 00:00:00+00:00
[2025-12-11T04:33:29.383+0000] {processor.py:183} INFO - Processing /home/airflow/.local/lib/python3.9/site-packages/airflow/example_dags/example_task_group.py took 0.241 seconds
[2025-12-11T04:33:59.887+0000] {processor.py:161} INFO - Started process (PID=2055) to work on /home/airflow/.local/lib/python3.9/site-packages/airflow/example_dags/example_task_group.py
[2025-12-11T04:33:59.889+0000] {processor.py:830} INFO - Processing file /home/airflow/.local/lib/python3.9/site-packages/airflow/example_dags/example_task_group.py for tasks to queue
[2025-12-11T04:33:59.898+0000] {logging_mixin.py:188} INFO - [2025-12-11T04:33:59.897+0000] {dagbag.py:545} INFO - Filling up the DagBag from /home/airflow/.local/lib/python3.9/site-packages/airflow/example_dags/example_task_group.py
[2025-12-11T04:33:59.917+0000] {processor.py:840} INFO - DAG(s) 'example_task_group' retrieved from /home/airflow/.local/lib/python3.9/site-packages/airflow/example_dags/example_task_group.py
[2025-12-11T04:33:59.983+0000] {logging_mixin.py:188} INFO - [2025-12-11T04:33:59.982+0000] {dag.py:3096} INFO - Sync 1 DAGs
[2025-12-11T04:34:00.029+0000] {logging_mixin.py:188} INFO - [2025-12-11T04:34:00.029+0000] {dag.py:3954} INFO - Setting next_dagrun for example_task_group to 2025-12-10 00:00:00+00:00, run_after=2025-12-11 00:00:00+00:00
[2025-12-11T04:34:00.065+0000] {processor.py:183} INFO - Processing /home/airflow/.local/lib/python3.9/site-packages/airflow/example_dags/example_task_group.py took 0.202 seconds
[2025-12-11T04:34:30.307+0000] {processor.py:161} INFO - Started process (PID=2122) to work on /home/airflow/.local/lib/python3.9/site-packages/airflow/example_dags/example_task_group.py
[2025-12-11T04:34:30.316+0000] {processor.py:830} INFO - Processing file /home/airflow/.local/lib/python3.9/site-packages/airflow/example_dags/example_task_group.py for tasks to queue
[2025-12-11T04:34:30.319+0000] {logging_mixin.py:188} INFO - [2025-12-11T04:34:30.318+0000] {dagbag.py:545} INFO - Filling up the DagBag from /home/airflow/.local/lib/python3.9/site-packages/airflow/example_dags/example_task_group.py
[2025-12-11T04:34:30.339+0000] {processor.py:840} INFO - DAG(s) 'example_task_group' retrieved from /home/airflow/.local/lib/python3.9/site-packages/airflow/example_dags/example_task_group.py
[2025-12-11T04:34:30.387+0000] {logging_mixin.py:188} INFO - [2025-12-11T04:34:30.386+0000] {dag.py:3096} INFO - Sync 1 DAGs
[2025-12-11T04:34:30.432+0000] {logging_mixin.py:188} INFO - [2025-12-11T04:34:30.431+0000] {dag.py:3954} INFO - Setting next_dagrun for example_task_group to 2025-12-10 00:00:00+00:00, run_after=2025-12-11 00:00:00+00:00
[2025-12-11T04:34:30.463+0000] {processor.py:183} INFO - Processing /home/airflow/.local/lib/python3.9/site-packages/airflow/example_dags/example_task_group.py took 0.172 seconds
[2025-12-11T04:35:00.634+0000] {processor.py:161} INFO - Started process (PID=2188) to work on /home/airflow/.local/lib/python3.9/site-packages/airflow/example_dags/example_task_group.py
[2025-12-11T04:35:00.636+0000] {processor.py:830} INFO - Processing file /home/airflow/.local/lib/python3.9/site-packages/airflow/example_dags/example_task_group.py for tasks to queue
[2025-12-11T04:35:00.640+0000] {logging_mixin.py:188} INFO - [2025-12-11T04:35:00.639+0000] {dagbag.py:545} INFO - Filling up the DagBag from /home/airflow/.local/lib/python3.9/site-packages/airflow/example_dags/example_task_group.py
[2025-12-11T04:35:00.652+0000] {processor.py:840} INFO - DAG(s) 'example_task_group' retrieved from /home/airflow/.local/lib/python3.9/site-packages/airflow/example_dags/example_task_group.py
[2025-12-11T04:35:00.694+0000] {logging_mixin.py:188} INFO - [2025-12-11T04:35:00.694+0000] {dag.py:3096} INFO - Sync 1 DAGs
[2025-12-11T04:35:00.733+0000] {logging_mixin.py:188} INFO - [2025-12-11T04:35:00.733+0000] {dag.py:3954} INFO - Setting next_dagrun for example_task_group to 2025-12-10 00:00:00+00:00, run_after=2025-12-11 00:00:00+00:00
[2025-12-11T04:35:00.759+0000] {processor.py:183} INFO - Processing /home/airflow/.local/lib/python3.9/site-packages/airflow/example_dags/example_task_group.py took 0.136 seconds
[2025-12-11T04:35:31.423+0000] {processor.py:161} INFO - Started process (PID=2262) to work on /home/airflow/.local/lib/python3.9/site-packages/airflow/example_dags/example_task_group.py
[2025-12-11T04:35:31.425+0000] {processor.py:830} INFO - Processing file /home/airflow/.local/lib/python3.9/site-packages/airflow/example_dags/example_task_group.py for tasks to queue
[2025-12-11T04:35:31.427+0000] {logging_mixin.py:188} INFO - [2025-12-11T04:35:31.427+0000] {dagbag.py:545} INFO - Filling up the DagBag from /home/airflow/.local/lib/python3.9/site-packages/airflow/example_dags/example_task_group.py
[2025-12-11T04:35:31.445+0000] {processor.py:840} INFO - DAG(s) 'example_task_group' retrieved from /home/airflow/.local/lib/python3.9/site-packages/airflow/example_dags/example_task_group.py
[2025-12-11T04:35:31.526+0000] {logging_mixin.py:188} INFO - [2025-12-11T04:35:31.526+0000] {dag.py:3096} INFO - Sync 1 DAGs
[2025-12-11T04:35:31.578+0000] {logging_mixin.py:188} INFO - [2025-12-11T04:35:31.578+0000] {dag.py:3954} INFO - Setting next_dagrun for example_task_group to 2025-12-10 00:00:00+00:00, run_after=2025-12-11 00:00:00+00:00
[2025-12-11T04:35:31.627+0000] {processor.py:183} INFO - Processing /home/airflow/.local/lib/python3.9/site-packages/airflow/example_dags/example_task_group.py took 0.221 seconds
[2025-12-11T04:36:02.195+0000] {processor.py:161} INFO - Started process (PID=2322) to work on /home/airflow/.local/lib/python3.9/site-packages/airflow/example_dags/example_task_group.py
[2025-12-11T04:36:02.197+0000] {processor.py:830} INFO - Processing file /home/airflow/.local/lib/python3.9/site-packages/airflow/example_dags/example_task_group.py for tasks to queue
[2025-12-11T04:36:02.200+0000] {logging_mixin.py:188} INFO - [2025-12-11T04:36:02.199+0000] {dagbag.py:545} INFO - Filling up the DagBag from /home/airflow/.local/lib/python3.9/site-packages/airflow/example_dags/example_task_group.py
[2025-12-11T04:36:02.212+0000] {processor.py:840} INFO - DAG(s) 'example_task_group' retrieved from /home/airflow/.local/lib/python3.9/site-packages/airflow/example_dags/example_task_group.py
[2025-12-11T04:36:02.256+0000] {logging_mixin.py:188} INFO - [2025-12-11T04:36:02.256+0000] {dag.py:3096} INFO - Sync 1 DAGs
[2025-12-11T04:36:02.294+0000] {logging_mixin.py:188} INFO - [2025-12-11T04:36:02.294+0000] {dag.py:3954} INFO - Setting next_dagrun for example_task_group to 2025-12-10 00:00:00+00:00, run_after=2025-12-11 00:00:00+00:00
[2025-12-11T04:36:02.326+0000] {processor.py:183} INFO - Processing /home/airflow/.local/lib/python3.9/site-packages/airflow/example_dags/example_task_group.py took 0.140 seconds
[2025-12-11T04:36:32.665+0000] {processor.py:161} INFO - Started process (PID=2389) to work on /home/airflow/.local/lib/python3.9/site-packages/airflow/example_dags/example_task_group.py
[2025-12-11T04:36:32.666+0000] {processor.py:830} INFO - Processing file /home/airflow/.local/lib/python3.9/site-packages/airflow/example_dags/example_task_group.py for tasks to queue
[2025-12-11T04:36:32.669+0000] {logging_mixin.py:188} INFO - [2025-12-11T04:36:32.669+0000] {dagbag.py:545} INFO - Filling up the DagBag from /home/airflow/.local/lib/python3.9/site-packages/airflow/example_dags/example_task_group.py
[2025-12-11T04:36:32.680+0000] {processor.py:840} INFO - DAG(s) 'example_task_group' retrieved from /home/airflow/.local/lib/python3.9/site-packages/airflow/example_dags/example_task_group.py
[2025-12-11T04:36:32.716+0000] {logging_mixin.py:188} INFO - [2025-12-11T04:36:32.716+0000] {dag.py:3096} INFO - Sync 1 DAGs
[2025-12-11T04:36:32.759+0000] {logging_mixin.py:188} INFO - [2025-12-11T04:36:32.759+0000] {dag.py:3954} INFO - Setting next_dagrun for example_task_group to 2025-12-10 00:00:00+00:00, run_after=2025-12-11 00:00:00+00:00
[2025-12-11T04:36:32.790+0000] {processor.py:183} INFO - Processing /home/airflow/.local/lib/python3.9/site-packages/airflow/example_dags/example_task_group.py took 0.137 seconds
[2025-12-11T04:37:03.572+0000] {processor.py:161} INFO - Started process (PID=2456) to work on /home/airflow/.local/lib/python3.9/site-packages/airflow/example_dags/example_task_group.py
[2025-12-11T04:37:03.574+0000] {processor.py:830} INFO - Processing file /home/airflow/.local/lib/python3.9/site-packages/airflow/example_dags/example_task_group.py for tasks to queue
[2025-12-11T04:37:03.577+0000] {logging_mixin.py:188} INFO - [2025-12-11T04:37:03.577+0000] {dagbag.py:545} INFO - Filling up the DagBag from /home/airflow/.local/lib/python3.9/site-packages/airflow/example_dags/example_task_group.py
[2025-12-11T04:37:03.591+0000] {processor.py:840} INFO - DAG(s) 'example_task_group' retrieved from /home/airflow/.local/lib/python3.9/site-packages/airflow/example_dags/example_task_group.py
[2025-12-11T04:37:03.634+0000] {logging_mixin.py:188} INFO - [2025-12-11T04:37:03.633+0000] {dag.py:3096} INFO - Sync 1 DAGs
[2025-12-11T04:37:03.673+0000] {logging_mixin.py:188} INFO - [2025-12-11T04:37:03.673+0000] {dag.py:3954} INFO - Setting next_dagrun for example_task_group to 2025-12-10 00:00:00+00:00, run_after=2025-12-11 00:00:00+00:00
[2025-12-11T04:37:03.701+0000] {processor.py:183} INFO - Processing /home/airflow/.local/lib/python3.9/site-packages/airflow/example_dags/example_task_group.py took 0.141 seconds
[2025-12-11T04:37:33.860+0000] {processor.py:161} INFO - Started process (PID=2523) to work on /home/airflow/.local/lib/python3.9/site-packages/airflow/example_dags/example_task_group.py
[2025-12-11T04:37:33.869+0000] {processor.py:830} INFO - Processing file /home/airflow/.local/lib/python3.9/site-packages/airflow/example_dags/example_task_group.py for tasks to queue
[2025-12-11T04:37:33.873+0000] {logging_mixin.py:188} INFO - [2025-12-11T04:37:33.872+0000] {dagbag.py:545} INFO - Filling up the DagBag from /home/airflow/.local/lib/python3.9/site-packages/airflow/example_dags/example_task_group.py
[2025-12-11T04:37:33.884+0000] {processor.py:840} INFO - DAG(s) 'example_task_group' retrieved from /home/airflow/.local/lib/python3.9/site-packages/airflow/example_dags/example_task_group.py
[2025-12-11T04:37:33.922+0000] {logging_mixin.py:188} INFO - [2025-12-11T04:37:33.921+0000] {dag.py:3096} INFO - Sync 1 DAGs
[2025-12-11T04:37:33.955+0000] {logging_mixin.py:188} INFO - [2025-12-11T04:37:33.955+0000] {dag.py:3954} INFO - Setting next_dagrun for example_task_group to 2025-12-10 00:00:00+00:00, run_after=2025-12-11 00:00:00+00:00
[2025-12-11T04:37:33.983+0000] {processor.py:183} INFO - Processing /home/airflow/.local/lib/python3.9/site-packages/airflow/example_dags/example_task_group.py took 0.135 seconds
[2025-12-11T04:38:04.411+0000] {processor.py:161} INFO - Started process (PID=2590) to work on /home/airflow/.local/lib/python3.9/site-packages/airflow/example_dags/example_task_group.py
[2025-12-11T04:38:04.450+0000] {processor.py:830} INFO - Processing file /home/airflow/.local/lib/python3.9/site-packages/airflow/example_dags/example_task_group.py for tasks to queue
[2025-12-11T04:38:04.457+0000] {logging_mixin.py:188} INFO - [2025-12-11T04:38:04.456+0000] {dagbag.py:545} INFO - Filling up the DagBag from /home/airflow/.local/lib/python3.9/site-packages/airflow/example_dags/example_task_group.py
[2025-12-11T04:38:04.469+0000] {processor.py:840} INFO - DAG(s) 'example_task_group' retrieved from /home/airflow/.local/lib/python3.9/site-packages/airflow/example_dags/example_task_group.py
[2025-12-11T04:38:04.511+0000] {logging_mixin.py:188} INFO - [2025-12-11T04:38:04.510+0000] {dag.py:3096} INFO - Sync 1 DAGs
[2025-12-11T04:38:04.552+0000] {logging_mixin.py:188} INFO - [2025-12-11T04:38:04.552+0000] {dag.py:3954} INFO - Setting next_dagrun for example_task_group to 2025-12-10 00:00:00+00:00, run_after=2025-12-11 00:00:00+00:00
[2025-12-11T04:38:04.843+0000] {processor.py:183} INFO - Processing /home/airflow/.local/lib/python3.9/site-packages/airflow/example_dags/example_task_group.py took 0.445 seconds
[2025-12-11T04:38:35.288+0000] {processor.py:161} INFO - Started process (PID=2657) to work on /home/airflow/.local/lib/python3.9/site-packages/airflow/example_dags/example_task_group.py
[2025-12-11T04:38:35.297+0000] {processor.py:830} INFO - Processing file /home/airflow/.local/lib/python3.9/site-packages/airflow/example_dags/example_task_group.py for tasks to queue
[2025-12-11T04:38:35.300+0000] {logging_mixin.py:188} INFO - [2025-12-11T04:38:35.299+0000] {dagbag.py:545} INFO - Filling up the DagBag from /home/airflow/.local/lib/python3.9/site-packages/airflow/example_dags/example_task_group.py
[2025-12-11T04:38:35.311+0000] {processor.py:840} INFO - DAG(s) 'example_task_group' retrieved from /home/airflow/.local/lib/python3.9/site-packages/airflow/example_dags/example_task_group.py
[2025-12-11T04:38:35.353+0000] {logging_mixin.py:188} INFO - [2025-12-11T04:38:35.352+0000] {dag.py:3096} INFO - Sync 1 DAGs
[2025-12-11T04:38:35.399+0000] {logging_mixin.py:188} INFO - [2025-12-11T04:38:35.398+0000] {dag.py:3954} INFO - Setting next_dagrun for example_task_group to 2025-12-10 00:00:00+00:00, run_after=2025-12-11 00:00:00+00:00
[2025-12-11T04:38:35.429+0000] {processor.py:183} INFO - Processing /home/airflow/.local/lib/python3.9/site-packages/airflow/example_dags/example_task_group.py took 0.151 seconds
[2025-12-11T04:39:05.994+0000] {processor.py:161} INFO - Started process (PID=2724) to work on /home/airflow/.local/lib/python3.9/site-packages/airflow/example_dags/example_task_group.py
[2025-12-11T04:39:05.997+0000] {processor.py:830} INFO - Processing file /home/airflow/.local/lib/python3.9/site-packages/airflow/example_dags/example_task_group.py for tasks to queue
[2025-12-11T04:39:05.999+0000] {logging_mixin.py:188} INFO - [2025-12-11T04:39:05.999+0000] {dagbag.py:545} INFO - Filling up the DagBag from /home/airflow/.local/lib/python3.9/site-packages/airflow/example_dags/example_task_group.py
[2025-12-11T04:39:06.011+0000] {processor.py:840} INFO - DAG(s) 'example_task_group' retrieved from /home/airflow/.local/lib/python3.9/site-packages/airflow/example_dags/example_task_group.py
[2025-12-11T04:39:06.050+0000] {logging_mixin.py:188} INFO - [2025-12-11T04:39:06.050+0000] {dag.py:3096} INFO - Sync 1 DAGs
[2025-12-11T04:39:06.088+0000] {logging_mixin.py:188} INFO - [2025-12-11T04:39:06.088+0000] {dag.py:3954} INFO - Setting next_dagrun for example_task_group to 2025-12-10 00:00:00+00:00, run_after=2025-12-11 00:00:00+00:00
[2025-12-11T04:39:06.116+0000] {processor.py:183} INFO - Processing /home/airflow/.local/lib/python3.9/site-packages/airflow/example_dags/example_task_group.py took 0.131 seconds
[2025-12-11T04:39:37.302+0000] {processor.py:161} INFO - Started process (PID=2790) to work on /home/airflow/.local/lib/python3.9/site-packages/airflow/example_dags/example_task_group.py
[2025-12-11T04:39:37.310+0000] {processor.py:830} INFO - Processing file /home/airflow/.local/lib/python3.9/site-packages/airflow/example_dags/example_task_group.py for tasks to queue
[2025-12-11T04:39:37.313+0000] {logging_mixin.py:188} INFO - [2025-12-11T04:39:37.313+0000] {dagbag.py:545} INFO - Filling up the DagBag from /home/airflow/.local/lib/python3.9/site-packages/airflow/example_dags/example_task_group.py
[2025-12-11T04:39:37.324+0000] {processor.py:840} INFO - DAG(s) 'example_task_group' retrieved from /home/airflow/.local/lib/python3.9/site-packages/airflow/example_dags/example_task_group.py
[2025-12-11T04:39:37.361+0000] {logging_mixin.py:188} INFO - [2025-12-11T04:39:37.361+0000] {dag.py:3096} INFO - Sync 1 DAGs
[2025-12-11T04:39:37.676+0000] {logging_mixin.py:188} INFO - [2025-12-11T04:39:37.676+0000] {dag.py:3954} INFO - Setting next_dagrun for example_task_group to 2025-12-10 00:00:00+00:00, run_after=2025-12-11 00:00:00+00:00
[2025-12-11T04:39:37.720+0000] {processor.py:183} INFO - Processing /home/airflow/.local/lib/python3.9/site-packages/airflow/example_dags/example_task_group.py took 0.431 seconds
[2025-12-11T04:40:08.701+0000] {processor.py:161} INFO - Started process (PID=2857) to work on /home/airflow/.local/lib/python3.9/site-packages/airflow/example_dags/example_task_group.py
[2025-12-11T04:40:08.703+0000] {processor.py:830} INFO - Processing file /home/airflow/.local/lib/python3.9/site-packages/airflow/example_dags/example_task_group.py for tasks to queue
[2025-12-11T04:40:08.705+0000] {logging_mixin.py:188} INFO - [2025-12-11T04:40:08.705+0000] {dagbag.py:545} INFO - Filling up the DagBag from /home/airflow/.local/lib/python3.9/site-packages/airflow/example_dags/example_task_group.py
[2025-12-11T04:40:08.721+0000] {processor.py:840} INFO - DAG(s) 'example_task_group' retrieved from /home/airflow/.local/lib/python3.9/site-packages/airflow/example_dags/example_task_group.py
[2025-12-11T04:40:08.784+0000] {logging_mixin.py:188} INFO - [2025-12-11T04:40:08.783+0000] {dag.py:3096} INFO - Sync 1 DAGs
[2025-12-11T04:40:09.082+0000] {logging_mixin.py:188} INFO - [2025-12-11T04:40:09.082+0000] {dag.py:3954} INFO - Setting next_dagrun for example_task_group to 2025-12-10 00:00:00+00:00, run_after=2025-12-11 00:00:00+00:00
[2025-12-11T04:40:09.117+0000] {processor.py:183} INFO - Processing /home/airflow/.local/lib/python3.9/site-packages/airflow/example_dags/example_task_group.py took 0.431 seconds
[2025-12-11T04:40:39.568+0000] {processor.py:161} INFO - Started process (PID=2924) to work on /home/airflow/.local/lib/python3.9/site-packages/airflow/example_dags/example_task_group.py
[2025-12-11T04:40:39.570+0000] {processor.py:830} INFO - Processing file /home/airflow/.local/lib/python3.9/site-packages/airflow/example_dags/example_task_group.py for tasks to queue
[2025-12-11T04:40:39.573+0000] {logging_mixin.py:188} INFO - [2025-12-11T04:40:39.572+0000] {dagbag.py:545} INFO - Filling up the DagBag from /home/airflow/.local/lib/python3.9/site-packages/airflow/example_dags/example_task_group.py
[2025-12-11T04:40:39.584+0000] {processor.py:840} INFO - DAG(s) 'example_task_group' retrieved from /home/airflow/.local/lib/python3.9/site-packages/airflow/example_dags/example_task_group.py
[2025-12-11T04:40:39.626+0000] {logging_mixin.py:188} INFO - [2025-12-11T04:40:39.626+0000] {dag.py:3096} INFO - Sync 1 DAGs
[2025-12-11T04:40:39.966+0000] {logging_mixin.py:188} INFO - [2025-12-11T04:40:39.965+0000] {dag.py:3954} INFO - Setting next_dagrun for example_task_group to 2025-12-10 00:00:00+00:00, run_after=2025-12-11 00:00:00+00:00
[2025-12-11T04:40:39.991+0000] {processor.py:183} INFO - Processing /home/airflow/.local/lib/python3.9/site-packages/airflow/example_dags/example_task_group.py took 0.433 seconds
[2025-12-11T04:41:10.970+0000] {processor.py:161} INFO - Started process (PID=2991) to work on /home/airflow/.local/lib/python3.9/site-packages/airflow/example_dags/example_task_group.py
[2025-12-11T04:41:11.025+0000] {processor.py:830} INFO - Processing file /home/airflow/.local/lib/python3.9/site-packages/airflow/example_dags/example_task_group.py for tasks to queue
[2025-12-11T04:41:11.029+0000] {logging_mixin.py:188} INFO - [2025-12-11T04:41:11.028+0000] {dagbag.py:545} INFO - Filling up the DagBag from /home/airflow/.local/lib/python3.9/site-packages/airflow/example_dags/example_task_group.py
[2025-12-11T04:41:11.041+0000] {processor.py:840} INFO - DAG(s) 'example_task_group' retrieved from /home/airflow/.local/lib/python3.9/site-packages/airflow/example_dags/example_task_group.py
[2025-12-11T04:41:11.085+0000] {logging_mixin.py:188} INFO - [2025-12-11T04:41:11.085+0000] {dag.py:3096} INFO - Sync 1 DAGs
[2025-12-11T04:41:11.128+0000] {logging_mixin.py:188} INFO - [2025-12-11T04:41:11.128+0000] {dag.py:3954} INFO - Setting next_dagrun for example_task_group to 2025-12-10 00:00:00+00:00, run_after=2025-12-11 00:00:00+00:00
[2025-12-11T04:41:11.242+0000] {processor.py:183} INFO - Processing /home/airflow/.local/lib/python3.9/site-packages/airflow/example_dags/example_task_group.py took 0.282 seconds
[2025-12-11T04:41:41.324+0000] {processor.py:161} INFO - Started process (PID=3058) to work on /home/airflow/.local/lib/python3.9/site-packages/airflow/example_dags/example_task_group.py
[2025-12-11T04:41:41.332+0000] {processor.py:830} INFO - Processing file /home/airflow/.local/lib/python3.9/site-packages/airflow/example_dags/example_task_group.py for tasks to queue
[2025-12-11T04:41:41.339+0000] {logging_mixin.py:188} INFO - [2025-12-11T04:41:41.338+0000] {dagbag.py:545} INFO - Filling up the DagBag from /home/airflow/.local/lib/python3.9/site-packages/airflow/example_dags/example_task_group.py
[2025-12-11T04:41:41.359+0000] {processor.py:840} INFO - DAG(s) 'example_task_group' retrieved from /home/airflow/.local/lib/python3.9/site-packages/airflow/example_dags/example_task_group.py
[2025-12-11T04:41:41.417+0000] {logging_mixin.py:188} INFO - [2025-12-11T04:41:41.411+0000] {dag.py:3096} INFO - Sync 1 DAGs
[2025-12-11T04:41:41.463+0000] {logging_mixin.py:188} INFO - [2025-12-11T04:41:41.462+0000] {dag.py:3954} INFO - Setting next_dagrun for example_task_group to 2025-12-10 00:00:00+00:00, run_after=2025-12-11 00:00:00+00:00
[2025-12-11T04:41:41.501+0000] {processor.py:183} INFO - Processing /home/airflow/.local/lib/python3.9/site-packages/airflow/example_dags/example_task_group.py took 0.189 seconds
[2025-12-11T04:42:12.341+0000] {processor.py:161} INFO - Started process (PID=3126) to work on /home/airflow/.local/lib/python3.9/site-packages/airflow/example_dags/example_task_group.py
[2025-12-11T04:42:12.345+0000] {processor.py:830} INFO - Processing file /home/airflow/.local/lib/python3.9/site-packages/airflow/example_dags/example_task_group.py for tasks to queue
[2025-12-11T04:42:12.348+0000] {logging_mixin.py:188} INFO - [2025-12-11T04:42:12.348+0000] {dagbag.py:545} INFO - Filling up the DagBag from /home/airflow/.local/lib/python3.9/site-packages/airflow/example_dags/example_task_group.py
[2025-12-11T04:42:12.360+0000] {processor.py:840} INFO - DAG(s) 'example_task_group' retrieved from /home/airflow/.local/lib/python3.9/site-packages/airflow/example_dags/example_task_group.py
[2025-12-11T04:42:12.398+0000] {logging_mixin.py:188} INFO - [2025-12-11T04:42:12.397+0000] {dag.py:3096} INFO - Sync 1 DAGs
[2025-12-11T04:42:12.434+0000] {logging_mixin.py:188} INFO - [2025-12-11T04:42:12.433+0000] {dag.py:3954} INFO - Setting next_dagrun for example_task_group to 2025-12-10 00:00:00+00:00, run_after=2025-12-11 00:00:00+00:00
[2025-12-11T04:42:12.459+0000] {processor.py:183} INFO - Processing /home/airflow/.local/lib/python3.9/site-packages/airflow/example_dags/example_task_group.py took 0.129 seconds
[2025-12-11T04:42:42.821+0000] {processor.py:161} INFO - Started process (PID=3193) to work on /home/airflow/.local/lib/python3.9/site-packages/airflow/example_dags/example_task_group.py
[2025-12-11T04:42:42.823+0000] {processor.py:830} INFO - Processing file /home/airflow/.local/lib/python3.9/site-packages/airflow/example_dags/example_task_group.py for tasks to queue
[2025-12-11T04:42:42.826+0000] {logging_mixin.py:188} INFO - [2025-12-11T04:42:42.826+0000] {dagbag.py:545} INFO - Filling up the DagBag from /home/airflow/.local/lib/python3.9/site-packages/airflow/example_dags/example_task_group.py
[2025-12-11T04:42:42.844+0000] {processor.py:840} INFO - DAG(s) 'example_task_group' retrieved from /home/airflow/.local/lib/python3.9/site-packages/airflow/example_dags/example_task_group.py
[2025-12-11T04:42:42.924+0000] {logging_mixin.py:188} INFO - [2025-12-11T04:42:42.923+0000] {dag.py:3096} INFO - Sync 1 DAGs
[2025-12-11T04:42:42.997+0000] {logging_mixin.py:188} INFO - [2025-12-11T04:42:42.997+0000] {dag.py:3954} INFO - Setting next_dagrun for example_task_group to 2025-12-10 00:00:00+00:00, run_after=2025-12-11 00:00:00+00:00
[2025-12-11T04:42:43.045+0000] {processor.py:183} INFO - Processing /home/airflow/.local/lib/python3.9/site-packages/airflow/example_dags/example_task_group.py took 0.243 seconds
[2025-12-11T04:43:13.969+0000] {processor.py:161} INFO - Started process (PID=3260) to work on /home/airflow/.local/lib/python3.9/site-packages/airflow/example_dags/example_task_group.py
[2025-12-11T04:43:13.970+0000] {processor.py:830} INFO - Processing file /home/airflow/.local/lib/python3.9/site-packages/airflow/example_dags/example_task_group.py for tasks to queue
[2025-12-11T04:43:13.978+0000] {logging_mixin.py:188} INFO - [2025-12-11T04:43:13.978+0000] {dagbag.py:545} INFO - Filling up the DagBag from /home/airflow/.local/lib/python3.9/site-packages/airflow/example_dags/example_task_group.py
[2025-12-11T04:43:13.993+0000] {processor.py:840} INFO - DAG(s) 'example_task_group' retrieved from /home/airflow/.local/lib/python3.9/site-packages/airflow/example_dags/example_task_group.py
[2025-12-11T04:43:14.045+0000] {logging_mixin.py:188} INFO - [2025-12-11T04:43:14.044+0000] {dag.py:3096} INFO - Sync 1 DAGs
[2025-12-11T04:43:14.081+0000] {logging_mixin.py:188} INFO - [2025-12-11T04:43:14.081+0000] {dag.py:3954} INFO - Setting next_dagrun for example_task_group to 2025-12-10 00:00:00+00:00, run_after=2025-12-11 00:00:00+00:00
[2025-12-11T04:43:14.107+0000] {processor.py:183} INFO - Processing /home/airflow/.local/lib/python3.9/site-packages/airflow/example_dags/example_task_group.py took 0.151 seconds
[2025-12-11T04:43:44.868+0000] {processor.py:161} INFO - Started process (PID=3327) to work on /home/airflow/.local/lib/python3.9/site-packages/airflow/example_dags/example_task_group.py
[2025-12-11T04:43:44.947+0000] {processor.py:830} INFO - Processing file /home/airflow/.local/lib/python3.9/site-packages/airflow/example_dags/example_task_group.py for tasks to queue
[2025-12-11T04:43:44.951+0000] {logging_mixin.py:188} INFO - [2025-12-11T04:43:44.950+0000] {dagbag.py:545} INFO - Filling up the DagBag from /home/airflow/.local/lib/python3.9/site-packages/airflow/example_dags/example_task_group.py
[2025-12-11T04:43:44.966+0000] {processor.py:840} INFO - DAG(s) 'example_task_group' retrieved from /home/airflow/.local/lib/python3.9/site-packages/airflow/example_dags/example_task_group.py
[2025-12-11T04:43:45.027+0000] {logging_mixin.py:188} INFO - [2025-12-11T04:43:45.026+0000] {dag.py:3096} INFO - Sync 1 DAGs
[2025-12-11T04:43:45.081+0000] {logging_mixin.py:188} INFO - [2025-12-11T04:43:45.081+0000] {dag.py:3954} INFO - Setting next_dagrun for example_task_group to 2025-12-10 00:00:00+00:00, run_after=2025-12-11 00:00:00+00:00
[2025-12-11T04:43:45.447+0000] {processor.py:183} INFO - Processing /home/airflow/.local/lib/python3.9/site-packages/airflow/example_dags/example_task_group.py took 0.593 seconds
[2025-12-11T04:44:15.561+0000] {processor.py:161} INFO - Started process (PID=3394) to work on /home/airflow/.local/lib/python3.9/site-packages/airflow/example_dags/example_task_group.py
[2025-12-11T04:44:15.563+0000] {processor.py:830} INFO - Processing file /home/airflow/.local/lib/python3.9/site-packages/airflow/example_dags/example_task_group.py for tasks to queue
[2025-12-11T04:44:15.566+0000] {logging_mixin.py:188} INFO - [2025-12-11T04:44:15.565+0000] {dagbag.py:545} INFO - Filling up the DagBag from /home/airflow/.local/lib/python3.9/site-packages/airflow/example_dags/example_task_group.py
[2025-12-11T04:44:15.579+0000] {processor.py:840} INFO - DAG(s) 'example_task_group' retrieved from /home/airflow/.local/lib/python3.9/site-packages/airflow/example_dags/example_task_group.py
[2025-12-11T04:44:15.620+0000] {logging_mixin.py:188} INFO - [2025-12-11T04:44:15.619+0000] {dag.py:3096} INFO - Sync 1 DAGs
[2025-12-11T04:44:15.670+0000] {logging_mixin.py:188} INFO - [2025-12-11T04:44:15.670+0000] {dag.py:3954} INFO - Setting next_dagrun for example_task_group to 2025-12-10 00:00:00+00:00, run_after=2025-12-11 00:00:00+00:00
[2025-12-11T04:44:15.845+0000] {processor.py:183} INFO - Processing /home/airflow/.local/lib/python3.9/site-packages/airflow/example_dags/example_task_group.py took 0.298 seconds
[2025-12-11T04:44:46.063+0000] {processor.py:161} INFO - Started process (PID=3461) to work on /home/airflow/.local/lib/python3.9/site-packages/airflow/example_dags/example_task_group.py
[2025-12-11T04:44:46.065+0000] {processor.py:830} INFO - Processing file /home/airflow/.local/lib/python3.9/site-packages/airflow/example_dags/example_task_group.py for tasks to queue
[2025-12-11T04:44:46.068+0000] {logging_mixin.py:188} INFO - [2025-12-11T04:44:46.067+0000] {dagbag.py:545} INFO - Filling up the DagBag from /home/airflow/.local/lib/python3.9/site-packages/airflow/example_dags/example_task_group.py
[2025-12-11T04:44:46.085+0000] {processor.py:840} INFO - DAG(s) 'example_task_group' retrieved from /home/airflow/.local/lib/python3.9/site-packages/airflow/example_dags/example_task_group.py
[2025-12-11T04:44:46.163+0000] {logging_mixin.py:188} INFO - [2025-12-11T04:44:46.162+0000] {dag.py:3096} INFO - Sync 1 DAGs
[2025-12-11T04:44:46.241+0000] {logging_mixin.py:188} INFO - [2025-12-11T04:44:46.241+0000] {dag.py:3954} INFO - Setting next_dagrun for example_task_group to 2025-12-10 00:00:00+00:00, run_after=2025-12-11 00:00:00+00:00
[2025-12-11T04:44:46.283+0000] {processor.py:183} INFO - Processing /home/airflow/.local/lib/python3.9/site-packages/airflow/example_dags/example_task_group.py took 0.241 seconds
[2025-12-11T04:45:17.305+0000] {processor.py:161} INFO - Started process (PID=3530) to work on /home/airflow/.local/lib/python3.9/site-packages/airflow/example_dags/example_task_group.py
[2025-12-11T04:45:17.307+0000] {processor.py:830} INFO - Processing file /home/airflow/.local/lib/python3.9/site-packages/airflow/example_dags/example_task_group.py for tasks to queue
[2025-12-11T04:45:17.319+0000] {logging_mixin.py:188} INFO - [2025-12-11T04:45:17.319+0000] {dagbag.py:545} INFO - Filling up the DagBag from /home/airflow/.local/lib/python3.9/site-packages/airflow/example_dags/example_task_group.py
[2025-12-11T04:45:17.332+0000] {processor.py:840} INFO - DAG(s) 'example_task_group' retrieved from /home/airflow/.local/lib/python3.9/site-packages/airflow/example_dags/example_task_group.py
[2025-12-11T04:45:17.397+0000] {logging_mixin.py:188} INFO - [2025-12-11T04:45:17.397+0000] {dag.py:3096} INFO - Sync 1 DAGs
[2025-12-11T04:45:17.458+0000] {logging_mixin.py:188} INFO - [2025-12-11T04:45:17.457+0000] {dag.py:3954} INFO - Setting next_dagrun for example_task_group to 2025-12-10 00:00:00+00:00, run_after=2025-12-11 00:00:00+00:00
[2025-12-11T04:45:17.497+0000] {processor.py:183} INFO - Processing /home/airflow/.local/lib/python3.9/site-packages/airflow/example_dags/example_task_group.py took 0.212 seconds
[2025-12-11T04:45:48.421+0000] {processor.py:161} INFO - Started process (PID=3606) to work on /home/airflow/.local/lib/python3.9/site-packages/airflow/example_dags/example_task_group.py
[2025-12-11T04:45:48.429+0000] {processor.py:830} INFO - Processing file /home/airflow/.local/lib/python3.9/site-packages/airflow/example_dags/example_task_group.py for tasks to queue
[2025-12-11T04:45:48.439+0000] {logging_mixin.py:188} INFO - [2025-12-11T04:45:48.439+0000] {dagbag.py:545} INFO - Filling up the DagBag from /home/airflow/.local/lib/python3.9/site-packages/airflow/example_dags/example_task_group.py
[2025-12-11T04:45:48.457+0000] {processor.py:840} INFO - DAG(s) 'example_task_group' retrieved from /home/airflow/.local/lib/python3.9/site-packages/airflow/example_dags/example_task_group.py
[2025-12-11T04:45:48.540+0000] {logging_mixin.py:188} INFO - [2025-12-11T04:45:48.540+0000] {dag.py:3096} INFO - Sync 1 DAGs
[2025-12-11T04:45:48.599+0000] {logging_mixin.py:188} INFO - [2025-12-11T04:45:48.598+0000] {dag.py:3954} INFO - Setting next_dagrun for example_task_group to 2025-12-10 00:00:00+00:00, run_after=2025-12-11 00:00:00+00:00
[2025-12-11T04:45:48.662+0000] {processor.py:183} INFO - Processing /home/airflow/.local/lib/python3.9/site-packages/airflow/example_dags/example_task_group.py took 0.258 seconds
[2025-12-11T04:46:19.317+0000] {processor.py:161} INFO - Started process (PID=3673) to work on /home/airflow/.local/lib/python3.9/site-packages/airflow/example_dags/example_task_group.py
[2025-12-11T04:46:19.320+0000] {processor.py:830} INFO - Processing file /home/airflow/.local/lib/python3.9/site-packages/airflow/example_dags/example_task_group.py for tasks to queue
[2025-12-11T04:46:19.324+0000] {logging_mixin.py:188} INFO - [2025-12-11T04:46:19.323+0000] {dagbag.py:545} INFO - Filling up the DagBag from /home/airflow/.local/lib/python3.9/site-packages/airflow/example_dags/example_task_group.py
[2025-12-11T04:46:19.342+0000] {processor.py:840} INFO - DAG(s) 'example_task_group' retrieved from /home/airflow/.local/lib/python3.9/site-packages/airflow/example_dags/example_task_group.py
[2025-12-11T04:46:19.403+0000] {logging_mixin.py:188} INFO - [2025-12-11T04:46:19.403+0000] {dag.py:3096} INFO - Sync 1 DAGs
[2025-12-11T04:46:19.462+0000] {logging_mixin.py:188} INFO - [2025-12-11T04:46:19.461+0000] {dag.py:3954} INFO - Setting next_dagrun for example_task_group to 2025-12-10 00:00:00+00:00, run_after=2025-12-11 00:00:00+00:00
[2025-12-11T04:46:19.507+0000] {processor.py:183} INFO - Processing /home/airflow/.local/lib/python3.9/site-packages/airflow/example_dags/example_task_group.py took 0.215 seconds
[2025-12-11T04:46:49.623+0000] {processor.py:161} INFO - Started process (PID=3740) to work on /home/airflow/.local/lib/python3.9/site-packages/airflow/example_dags/example_task_group.py
[2025-12-11T04:46:49.625+0000] {processor.py:830} INFO - Processing file /home/airflow/.local/lib/python3.9/site-packages/airflow/example_dags/example_task_group.py for tasks to queue
[2025-12-11T04:46:49.627+0000] {logging_mixin.py:188} INFO - [2025-12-11T04:46:49.627+0000] {dagbag.py:545} INFO - Filling up the DagBag from /home/airflow/.local/lib/python3.9/site-packages/airflow/example_dags/example_task_group.py
[2025-12-11T04:46:49.640+0000] {processor.py:840} INFO - DAG(s) 'example_task_group' retrieved from /home/airflow/.local/lib/python3.9/site-packages/airflow/example_dags/example_task_group.py
[2025-12-11T04:46:49.686+0000] {logging_mixin.py:188} INFO - [2025-12-11T04:46:49.685+0000] {dag.py:3096} INFO - Sync 1 DAGs
[2025-12-11T04:46:49.727+0000] {logging_mixin.py:188} INFO - [2025-12-11T04:46:49.726+0000] {dag.py:3954} INFO - Setting next_dagrun for example_task_group to 2025-12-10 00:00:00+00:00, run_after=2025-12-11 00:00:00+00:00
[2025-12-11T04:46:49.755+0000] {processor.py:183} INFO - Processing /home/airflow/.local/lib/python3.9/site-packages/airflow/example_dags/example_task_group.py took 0.145 seconds
[2025-12-11T04:47:20.243+0000] {processor.py:161} INFO - Started process (PID=3807) to work on /home/airflow/.local/lib/python3.9/site-packages/airflow/example_dags/example_task_group.py
[2025-12-11T04:47:20.271+0000] {processor.py:830} INFO - Processing file /home/airflow/.local/lib/python3.9/site-packages/airflow/example_dags/example_task_group.py for tasks to queue
[2025-12-11T04:47:20.275+0000] {logging_mixin.py:188} INFO - [2025-12-11T04:47:20.274+0000] {dagbag.py:545} INFO - Filling up the DagBag from /home/airflow/.local/lib/python3.9/site-packages/airflow/example_dags/example_task_group.py
[2025-12-11T04:47:20.299+0000] {processor.py:840} INFO - DAG(s) 'example_task_group' retrieved from /home/airflow/.local/lib/python3.9/site-packages/airflow/example_dags/example_task_group.py
[2025-12-11T04:47:20.380+0000] {logging_mixin.py:188} INFO - [2025-12-11T04:47:20.380+0000] {dag.py:3096} INFO - Sync 1 DAGs
[2025-12-11T04:47:20.440+0000] {logging_mixin.py:188} INFO - [2025-12-11T04:47:20.439+0000] {dag.py:3954} INFO - Setting next_dagrun for example_task_group to 2025-12-10 00:00:00+00:00, run_after=2025-12-11 00:00:00+00:00
[2025-12-11T04:47:20.506+0000] {processor.py:183} INFO - Processing /home/airflow/.local/lib/python3.9/site-packages/airflow/example_dags/example_task_group.py took 0.283 seconds
[2025-12-11T04:47:50.827+0000] {processor.py:161} INFO - Started process (PID=3874) to work on /home/airflow/.local/lib/python3.9/site-packages/airflow/example_dags/example_task_group.py
[2025-12-11T04:47:50.828+0000] {processor.py:830} INFO - Processing file /home/airflow/.local/lib/python3.9/site-packages/airflow/example_dags/example_task_group.py for tasks to queue
[2025-12-11T04:47:50.831+0000] {logging_mixin.py:188} INFO - [2025-12-11T04:47:50.831+0000] {dagbag.py:545} INFO - Filling up the DagBag from /home/airflow/.local/lib/python3.9/site-packages/airflow/example_dags/example_task_group.py
[2025-12-11T04:47:50.842+0000] {processor.py:840} INFO - DAG(s) 'example_task_group' retrieved from /home/airflow/.local/lib/python3.9/site-packages/airflow/example_dags/example_task_group.py
[2025-12-11T04:47:50.884+0000] {logging_mixin.py:188} INFO - [2025-12-11T04:47:50.884+0000] {dag.py:3096} INFO - Sync 1 DAGs
[2025-12-11T04:47:50.927+0000] {logging_mixin.py:188} INFO - [2025-12-11T04:47:50.927+0000] {dag.py:3954} INFO - Setting next_dagrun for example_task_group to 2025-12-10 00:00:00+00:00, run_after=2025-12-11 00:00:00+00:00
[2025-12-11T04:47:50.954+0000] {processor.py:183} INFO - Processing /home/airflow/.local/lib/python3.9/site-packages/airflow/example_dags/example_task_group.py took 0.137 seconds
[2025-12-11T04:48:22.064+0000] {processor.py:161} INFO - Started process (PID=3941) to work on /home/airflow/.local/lib/python3.9/site-packages/airflow/example_dags/example_task_group.py
[2025-12-11T04:48:22.070+0000] {processor.py:830} INFO - Processing file /home/airflow/.local/lib/python3.9/site-packages/airflow/example_dags/example_task_group.py for tasks to queue
[2025-12-11T04:48:22.080+0000] {logging_mixin.py:188} INFO - [2025-12-11T04:48:22.079+0000] {dagbag.py:545} INFO - Filling up the DagBag from /home/airflow/.local/lib/python3.9/site-packages/airflow/example_dags/example_task_group.py
[2025-12-11T04:48:22.103+0000] {processor.py:840} INFO - DAG(s) 'example_task_group' retrieved from /home/airflow/.local/lib/python3.9/site-packages/airflow/example_dags/example_task_group.py
[2025-12-11T04:48:22.183+0000] {logging_mixin.py:188} INFO - [2025-12-11T04:48:22.182+0000] {dag.py:3096} INFO - Sync 1 DAGs
[2025-12-11T04:48:22.258+0000] {logging_mixin.py:188} INFO - [2025-12-11T04:48:22.257+0000] {dag.py:3954} INFO - Setting next_dagrun for example_task_group to 2025-12-10 00:00:00+00:00, run_after=2025-12-11 00:00:00+00:00
[2025-12-11T04:48:22.362+0000] {processor.py:183} INFO - Processing /home/airflow/.local/lib/python3.9/site-packages/airflow/example_dags/example_task_group.py took 0.319 seconds
[2025-12-11T04:48:53.799+0000] {processor.py:161} INFO - Started process (PID=4010) to work on /home/airflow/.local/lib/python3.9/site-packages/airflow/example_dags/example_task_group.py
[2025-12-11T04:48:53.802+0000] {processor.py:830} INFO - Processing file /home/airflow/.local/lib/python3.9/site-packages/airflow/example_dags/example_task_group.py for tasks to queue
[2025-12-11T04:48:53.806+0000] {logging_mixin.py:188} INFO - [2025-12-11T04:48:53.805+0000] {dagbag.py:545} INFO - Filling up the DagBag from /home/airflow/.local/lib/python3.9/site-packages/airflow/example_dags/example_task_group.py
[2025-12-11T04:48:53.826+0000] {processor.py:840} INFO - DAG(s) 'example_task_group' retrieved from /home/airflow/.local/lib/python3.9/site-packages/airflow/example_dags/example_task_group.py
[2025-12-11T04:48:53.885+0000] {logging_mixin.py:188} INFO - [2025-12-11T04:48:53.885+0000] {dag.py:3096} INFO - Sync 1 DAGs
[2025-12-11T04:48:53.922+0000] {logging_mixin.py:188} INFO - [2025-12-11T04:48:53.922+0000] {dag.py:3954} INFO - Setting next_dagrun for example_task_group to 2025-12-10 00:00:00+00:00, run_after=2025-12-11 00:00:00+00:00
[2025-12-11T04:48:54.081+0000] {processor.py:183} INFO - Processing /home/airflow/.local/lib/python3.9/site-packages/airflow/example_dags/example_task_group.py took 0.302 seconds
[2025-12-11T04:49:24.897+0000] {processor.py:161} INFO - Started process (PID=4077) to work on /home/airflow/.local/lib/python3.9/site-packages/airflow/example_dags/example_task_group.py
[2025-12-11T04:49:24.899+0000] {processor.py:830} INFO - Processing file /home/airflow/.local/lib/python3.9/site-packages/airflow/example_dags/example_task_group.py for tasks to queue
[2025-12-11T04:49:24.903+0000] {logging_mixin.py:188} INFO - [2025-12-11T04:49:24.902+0000] {dagbag.py:545} INFO - Filling up the DagBag from /home/airflow/.local/lib/python3.9/site-packages/airflow/example_dags/example_task_group.py
[2025-12-11T04:49:24.922+0000] {processor.py:840} INFO - DAG(s) 'example_task_group' retrieved from /home/airflow/.local/lib/python3.9/site-packages/airflow/example_dags/example_task_group.py
[2025-12-11T04:49:25.005+0000] {logging_mixin.py:188} INFO - [2025-12-11T04:49:25.004+0000] {dag.py:3096} INFO - Sync 1 DAGs
[2025-12-11T04:49:25.063+0000] {logging_mixin.py:188} INFO - [2025-12-11T04:49:25.063+0000] {dag.py:3954} INFO - Setting next_dagrun for example_task_group to 2025-12-10 00:00:00+00:00, run_after=2025-12-11 00:00:00+00:00
[2025-12-11T04:49:25.114+0000] {processor.py:183} INFO - Processing /home/airflow/.local/lib/python3.9/site-packages/airflow/example_dags/example_task_group.py took 0.231 seconds
[2025-12-11T04:49:55.210+0000] {processor.py:161} INFO - Started process (PID=4143) to work on /home/airflow/.local/lib/python3.9/site-packages/airflow/example_dags/example_task_group.py
[2025-12-11T04:49:55.212+0000] {processor.py:830} INFO - Processing file /home/airflow/.local/lib/python3.9/site-packages/airflow/example_dags/example_task_group.py for tasks to queue
[2025-12-11T04:49:55.215+0000] {logging_mixin.py:188} INFO - [2025-12-11T04:49:55.215+0000] {dagbag.py:545} INFO - Filling up the DagBag from /home/airflow/.local/lib/python3.9/site-packages/airflow/example_dags/example_task_group.py
[2025-12-11T04:49:55.226+0000] {processor.py:840} INFO - DAG(s) 'example_task_group' retrieved from /home/airflow/.local/lib/python3.9/site-packages/airflow/example_dags/example_task_group.py
[2025-12-11T04:49:55.270+0000] {logging_mixin.py:188} INFO - [2025-12-11T04:49:55.269+0000] {dag.py:3096} INFO - Sync 1 DAGs
[2025-12-11T04:49:55.309+0000] {logging_mixin.py:188} INFO - [2025-12-11T04:49:55.308+0000] {dag.py:3954} INFO - Setting next_dagrun for example_task_group to 2025-12-10 00:00:00+00:00, run_after=2025-12-11 00:00:00+00:00
[2025-12-11T04:49:55.335+0000] {processor.py:183} INFO - Processing /home/airflow/.local/lib/python3.9/site-packages/airflow/example_dags/example_task_group.py took 0.135 seconds
[2025-12-11T04:50:26.073+0000] {processor.py:161} INFO - Started process (PID=4209) to work on /home/airflow/.local/lib/python3.9/site-packages/airflow/example_dags/example_task_group.py
[2025-12-11T04:50:26.075+0000] {processor.py:830} INFO - Processing file /home/airflow/.local/lib/python3.9/site-packages/airflow/example_dags/example_task_group.py for tasks to queue
[2025-12-11T04:50:26.078+0000] {logging_mixin.py:188} INFO - [2025-12-11T04:50:26.078+0000] {dagbag.py:545} INFO - Filling up the DagBag from /home/airflow/.local/lib/python3.9/site-packages/airflow/example_dags/example_task_group.py
[2025-12-11T04:50:26.089+0000] {processor.py:840} INFO - DAG(s) 'example_task_group' retrieved from /home/airflow/.local/lib/python3.9/site-packages/airflow/example_dags/example_task_group.py
[2025-12-11T04:50:26.128+0000] {logging_mixin.py:188} INFO - [2025-12-11T04:50:26.127+0000] {dag.py:3096} INFO - Sync 1 DAGs
[2025-12-11T04:50:26.166+0000] {logging_mixin.py:188} INFO - [2025-12-11T04:50:26.165+0000] {dag.py:3954} INFO - Setting next_dagrun for example_task_group to 2025-12-10 00:00:00+00:00, run_after=2025-12-11 00:00:00+00:00
[2025-12-11T04:50:26.195+0000] {processor.py:183} INFO - Processing /home/airflow/.local/lib/python3.9/site-packages/airflow/example_dags/example_task_group.py took 0.133 seconds
[2025-12-11T04:50:56.372+0000] {processor.py:161} INFO - Started process (PID=4283) to work on /home/airflow/.local/lib/python3.9/site-packages/airflow/example_dags/example_task_group.py
[2025-12-11T04:50:56.377+0000] {processor.py:830} INFO - Processing file /home/airflow/.local/lib/python3.9/site-packages/airflow/example_dags/example_task_group.py for tasks to queue
[2025-12-11T04:50:56.380+0000] {logging_mixin.py:188} INFO - [2025-12-11T04:50:56.380+0000] {dagbag.py:545} INFO - Filling up the DagBag from /home/airflow/.local/lib/python3.9/site-packages/airflow/example_dags/example_task_group.py
[2025-12-11T04:50:56.401+0000] {processor.py:840} INFO - DAG(s) 'example_task_group' retrieved from /home/airflow/.local/lib/python3.9/site-packages/airflow/example_dags/example_task_group.py
[2025-12-11T04:50:56.460+0000] {logging_mixin.py:188} INFO - [2025-12-11T04:50:56.460+0000] {dag.py:3096} INFO - Sync 1 DAGs
[2025-12-11T04:50:56.505+0000] {logging_mixin.py:188} INFO - [2025-12-11T04:50:56.505+0000] {dag.py:3954} INFO - Setting next_dagrun for example_task_group to 2025-12-10 00:00:00+00:00, run_after=2025-12-11 00:00:00+00:00
[2025-12-11T04:50:56.543+0000] {processor.py:183} INFO - Processing /home/airflow/.local/lib/python3.9/site-packages/airflow/example_dags/example_task_group.py took 0.182 seconds
[2025-12-11T04:51:27.578+0000] {processor.py:161} INFO - Started process (PID=4350) to work on /home/airflow/.local/lib/python3.9/site-packages/airflow/example_dags/example_task_group.py
[2025-12-11T04:51:27.583+0000] {processor.py:830} INFO - Processing file /home/airflow/.local/lib/python3.9/site-packages/airflow/example_dags/example_task_group.py for tasks to queue
[2025-12-11T04:51:27.599+0000] {logging_mixin.py:188} INFO - [2025-12-11T04:51:27.598+0000] {dagbag.py:545} INFO - Filling up the DagBag from /home/airflow/.local/lib/python3.9/site-packages/airflow/example_dags/example_task_group.py
[2025-12-11T04:51:27.642+0000] {processor.py:840} INFO - DAG(s) 'example_task_group' retrieved from /home/airflow/.local/lib/python3.9/site-packages/airflow/example_dags/example_task_group.py
[2025-12-11T04:51:27.765+0000] {logging_mixin.py:188} INFO - [2025-12-11T04:51:27.765+0000] {dag.py:3096} INFO - Sync 1 DAGs
[2025-12-11T04:51:27.862+0000] {logging_mixin.py:188} INFO - [2025-12-11T04:51:27.862+0000] {dag.py:3954} INFO - Setting next_dagrun for example_task_group to 2025-12-10 00:00:00+00:00, run_after=2025-12-11 00:00:00+00:00
[2025-12-11T04:51:27.943+0000] {processor.py:183} INFO - Processing /home/airflow/.local/lib/python3.9/site-packages/airflow/example_dags/example_task_group.py took 0.420 seconds
[2025-12-11T04:51:58.807+0000] {processor.py:161} INFO - Started process (PID=4417) to work on /home/airflow/.local/lib/python3.9/site-packages/airflow/example_dags/example_task_group.py
[2025-12-11T04:51:58.818+0000] {processor.py:830} INFO - Processing file /home/airflow/.local/lib/python3.9/site-packages/airflow/example_dags/example_task_group.py for tasks to queue
[2025-12-11T04:51:58.821+0000] {logging_mixin.py:188} INFO - [2025-12-11T04:51:58.820+0000] {dagbag.py:545} INFO - Filling up the DagBag from /home/airflow/.local/lib/python3.9/site-packages/airflow/example_dags/example_task_group.py
[2025-12-11T04:51:58.844+0000] {processor.py:840} INFO - DAG(s) 'example_task_group' retrieved from /home/airflow/.local/lib/python3.9/site-packages/airflow/example_dags/example_task_group.py
[2025-12-11T04:51:58.957+0000] {logging_mixin.py:188} INFO - [2025-12-11T04:51:58.947+0000] {dag.py:3096} INFO - Sync 1 DAGs
[2025-12-11T04:51:59.038+0000] {logging_mixin.py:188} INFO - [2025-12-11T04:51:59.037+0000] {dag.py:3954} INFO - Setting next_dagrun for example_task_group to 2025-12-10 00:00:00+00:00, run_after=2025-12-11 00:00:00+00:00
[2025-12-11T04:51:59.107+0000] {processor.py:183} INFO - Processing /home/airflow/.local/lib/python3.9/site-packages/airflow/example_dags/example_task_group.py took 0.320 seconds
[2025-12-11T04:52:29.333+0000] {processor.py:161} INFO - Started process (PID=4484) to work on /home/airflow/.local/lib/python3.9/site-packages/airflow/example_dags/example_task_group.py
[2025-12-11T04:52:29.398+0000] {processor.py:830} INFO - Processing file /home/airflow/.local/lib/python3.9/site-packages/airflow/example_dags/example_task_group.py for tasks to queue
[2025-12-11T04:52:29.401+0000] {logging_mixin.py:188} INFO - [2025-12-11T04:52:29.400+0000] {dagbag.py:545} INFO - Filling up the DagBag from /home/airflow/.local/lib/python3.9/site-packages/airflow/example_dags/example_task_group.py
[2025-12-11T04:52:29.420+0000] {processor.py:840} INFO - DAG(s) 'example_task_group' retrieved from /home/airflow/.local/lib/python3.9/site-packages/airflow/example_dags/example_task_group.py
[2025-12-11T04:52:29.517+0000] {logging_mixin.py:188} INFO - [2025-12-11T04:52:29.506+0000] {dag.py:3096} INFO - Sync 1 DAGs
[2025-12-11T04:52:29.657+0000] {logging_mixin.py:188} INFO - [2025-12-11T04:52:29.630+0000] {dag.py:3954} INFO - Setting next_dagrun for example_task_group to 2025-12-10 00:00:00+00:00, run_after=2025-12-11 00:00:00+00:00
[2025-12-11T04:52:29.967+0000] {processor.py:183} INFO - Processing /home/airflow/.local/lib/python3.9/site-packages/airflow/example_dags/example_task_group.py took 0.647 seconds
[2025-12-11T04:53:00.161+0000] {processor.py:161} INFO - Started process (PID=4551) to work on /home/airflow/.local/lib/python3.9/site-packages/airflow/example_dags/example_task_group.py
[2025-12-11T04:53:00.168+0000] {processor.py:830} INFO - Processing file /home/airflow/.local/lib/python3.9/site-packages/airflow/example_dags/example_task_group.py for tasks to queue
[2025-12-11T04:53:00.179+0000] {logging_mixin.py:188} INFO - [2025-12-11T04:53:00.178+0000] {dagbag.py:545} INFO - Filling up the DagBag from /home/airflow/.local/lib/python3.9/site-packages/airflow/example_dags/example_task_group.py
[2025-12-11T04:53:00.199+0000] {processor.py:840} INFO - DAG(s) 'example_task_group' retrieved from /home/airflow/.local/lib/python3.9/site-packages/airflow/example_dags/example_task_group.py
[2025-12-11T04:53:00.297+0000] {logging_mixin.py:188} INFO - [2025-12-11T04:53:00.285+0000] {dag.py:3096} INFO - Sync 1 DAGs
[2025-12-11T04:53:00.440+0000] {logging_mixin.py:188} INFO - [2025-12-11T04:53:00.440+0000] {dag.py:3954} INFO - Setting next_dagrun for example_task_group to 2025-12-10 00:00:00+00:00, run_after=2025-12-11 00:00:00+00:00
[2025-12-11T04:53:00.537+0000] {processor.py:183} INFO - Processing /home/airflow/.local/lib/python3.9/site-packages/airflow/example_dags/example_task_group.py took 0.396 seconds
