[2025-12-11T04:18:56.619+0000] {processor.py:161} INFO - Started process (PID=117) to work on /home/airflow/.local/lib/python3.9/site-packages/airflow/example_dags/example_latest_only.py
[2025-12-11T04:18:56.621+0000] {processor.py:830} INFO - Processing file /home/airflow/.local/lib/python3.9/site-packages/airflow/example_dags/example_latest_only.py for tasks to queue
[2025-12-11T04:18:56.623+0000] {logging_mixin.py:188} INFO - [2025-12-11T04:18:56.623+0000] {dagbag.py:545} INFO - Filling up the DagBag from /home/airflow/.local/lib/python3.9/site-packages/airflow/example_dags/example_latest_only.py
[2025-12-11T04:18:56.635+0000] {processor.py:840} INFO - DAG(s) 'latest_only' retrieved from /home/airflow/.local/lib/python3.9/site-packages/airflow/example_dags/example_latest_only.py
[2025-12-11T04:18:56.790+0000] {logging_mixin.py:188} INFO - [2025-12-11T04:18:56.789+0000] {dag.py:3096} INFO - Sync 1 DAGs
[2025-12-11T04:18:56.835+0000] {logging_mixin.py:188} INFO - [2025-12-11T04:18:56.834+0000] {dag.py:3954} INFO - Setting next_dagrun for latest_only to 2025-12-11 00:00:00+00:00, run_after=2025-12-11 04:00:00+00:00
[2025-12-11T04:18:57.290+0000] {processor.py:183} INFO - Processing /home/airflow/.local/lib/python3.9/site-packages/airflow/example_dags/example_latest_only.py took 0.682 seconds
[2025-12-11T04:19:27.923+0000] {processor.py:161} INFO - Started process (PID=183) to work on /home/airflow/.local/lib/python3.9/site-packages/airflow/example_dags/example_latest_only.py
[2025-12-11T04:19:28.066+0000] {processor.py:830} INFO - Processing file /home/airflow/.local/lib/python3.9/site-packages/airflow/example_dags/example_latest_only.py for tasks to queue
[2025-12-11T04:19:28.084+0000] {logging_mixin.py:188} INFO - [2025-12-11T04:19:28.083+0000] {dagbag.py:545} INFO - Filling up the DagBag from /home/airflow/.local/lib/python3.9/site-packages/airflow/example_dags/example_latest_only.py
[2025-12-11T04:19:28.119+0000] {processor.py:840} INFO - DAG(s) 'latest_only' retrieved from /home/airflow/.local/lib/python3.9/site-packages/airflow/example_dags/example_latest_only.py
[2025-12-11T04:19:28.262+0000] {logging_mixin.py:188} INFO - [2025-12-11T04:19:28.261+0000] {dag.py:3096} INFO - Sync 1 DAGs
[2025-12-11T04:19:28.379+0000] {logging_mixin.py:188} INFO - [2025-12-11T04:19:28.378+0000] {dag.py:3954} INFO - Setting next_dagrun for latest_only to 2025-12-11 00:00:00+00:00, run_after=2025-12-11 04:00:00+00:00
[2025-12-11T04:19:28.697+0000] {processor.py:183} INFO - Processing /home/airflow/.local/lib/python3.9/site-packages/airflow/example_dags/example_latest_only.py took 0.800 seconds
[2025-12-11T04:19:59.009+0000] {processor.py:161} INFO - Started process (PID=242) to work on /home/airflow/.local/lib/python3.9/site-packages/airflow/example_dags/example_latest_only.py
[2025-12-11T04:19:59.011+0000] {processor.py:830} INFO - Processing file /home/airflow/.local/lib/python3.9/site-packages/airflow/example_dags/example_latest_only.py for tasks to queue
[2025-12-11T04:19:59.013+0000] {logging_mixin.py:188} INFO - [2025-12-11T04:19:59.013+0000] {dagbag.py:545} INFO - Filling up the DagBag from /home/airflow/.local/lib/python3.9/site-packages/airflow/example_dags/example_latest_only.py
[2025-12-11T04:19:59.024+0000] {processor.py:840} INFO - DAG(s) 'latest_only' retrieved from /home/airflow/.local/lib/python3.9/site-packages/airflow/example_dags/example_latest_only.py
[2025-12-11T04:19:59.078+0000] {logging_mixin.py:188} INFO - [2025-12-11T04:19:59.078+0000] {dag.py:3096} INFO - Sync 1 DAGs
[2025-12-11T04:19:59.128+0000] {logging_mixin.py:188} INFO - [2025-12-11T04:19:59.128+0000] {dag.py:3954} INFO - Setting next_dagrun for latest_only to 2025-12-11 00:00:00+00:00, run_after=2025-12-11 04:00:00+00:00
[2025-12-11T04:19:59.161+0000] {processor.py:183} INFO - Processing /home/airflow/.local/lib/python3.9/site-packages/airflow/example_dags/example_latest_only.py took 0.163 seconds
[2025-12-11T04:20:29.662+0000] {processor.py:161} INFO - Started process (PID=308) to work on /home/airflow/.local/lib/python3.9/site-packages/airflow/example_dags/example_latest_only.py
[2025-12-11T04:20:29.663+0000] {processor.py:830} INFO - Processing file /home/airflow/.local/lib/python3.9/site-packages/airflow/example_dags/example_latest_only.py for tasks to queue
[2025-12-11T04:20:29.666+0000] {logging_mixin.py:188} INFO - [2025-12-11T04:20:29.665+0000] {dagbag.py:545} INFO - Filling up the DagBag from /home/airflow/.local/lib/python3.9/site-packages/airflow/example_dags/example_latest_only.py
[2025-12-11T04:20:29.681+0000] {processor.py:840} INFO - DAG(s) 'latest_only' retrieved from /home/airflow/.local/lib/python3.9/site-packages/airflow/example_dags/example_latest_only.py
[2025-12-11T04:20:29.727+0000] {logging_mixin.py:188} INFO - [2025-12-11T04:20:29.726+0000] {dag.py:3096} INFO - Sync 1 DAGs
[2025-12-11T04:20:29.766+0000] {logging_mixin.py:188} INFO - [2025-12-11T04:20:29.766+0000] {dag.py:3954} INFO - Setting next_dagrun for latest_only to 2025-12-11 00:00:00+00:00, run_after=2025-12-11 04:00:00+00:00
[2025-12-11T04:20:29.793+0000] {processor.py:183} INFO - Processing /home/airflow/.local/lib/python3.9/site-packages/airflow/example_dags/example_latest_only.py took 0.143 seconds
[2025-12-11T04:21:00.033+0000] {processor.py:161} INFO - Started process (PID=374) to work on /home/airflow/.local/lib/python3.9/site-packages/airflow/example_dags/example_latest_only.py
[2025-12-11T04:21:00.035+0000] {processor.py:830} INFO - Processing file /home/airflow/.local/lib/python3.9/site-packages/airflow/example_dags/example_latest_only.py for tasks to queue
[2025-12-11T04:21:00.038+0000] {logging_mixin.py:188} INFO - [2025-12-11T04:21:00.037+0000] {dagbag.py:545} INFO - Filling up the DagBag from /home/airflow/.local/lib/python3.9/site-packages/airflow/example_dags/example_latest_only.py
[2025-12-11T04:21:00.047+0000] {processor.py:840} INFO - DAG(s) 'latest_only' retrieved from /home/airflow/.local/lib/python3.9/site-packages/airflow/example_dags/example_latest_only.py
[2025-12-11T04:21:00.087+0000] {logging_mixin.py:188} INFO - [2025-12-11T04:21:00.086+0000] {dag.py:3096} INFO - Sync 1 DAGs
[2025-12-11T04:21:00.126+0000] {logging_mixin.py:188} INFO - [2025-12-11T04:21:00.126+0000] {dag.py:3954} INFO - Setting next_dagrun for latest_only to 2025-12-11 00:00:00+00:00, run_after=2025-12-11 04:00:00+00:00
[2025-12-11T04:21:00.157+0000] {processor.py:183} INFO - Processing /home/airflow/.local/lib/python3.9/site-packages/airflow/example_dags/example_latest_only.py took 0.135 seconds
[2025-12-11T04:21:30.551+0000] {processor.py:161} INFO - Started process (PID=439) to work on /home/airflow/.local/lib/python3.9/site-packages/airflow/example_dags/example_latest_only.py
[2025-12-11T04:21:30.552+0000] {processor.py:830} INFO - Processing file /home/airflow/.local/lib/python3.9/site-packages/airflow/example_dags/example_latest_only.py for tasks to queue
[2025-12-11T04:21:30.555+0000] {logging_mixin.py:188} INFO - [2025-12-11T04:21:30.555+0000] {dagbag.py:545} INFO - Filling up the DagBag from /home/airflow/.local/lib/python3.9/site-packages/airflow/example_dags/example_latest_only.py
[2025-12-11T04:21:30.563+0000] {processor.py:840} INFO - DAG(s) 'latest_only' retrieved from /home/airflow/.local/lib/python3.9/site-packages/airflow/example_dags/example_latest_only.py
[2025-12-11T04:21:30.610+0000] {logging_mixin.py:188} INFO - [2025-12-11T04:21:30.610+0000] {dag.py:3096} INFO - Sync 1 DAGs
[2025-12-11T04:21:30.650+0000] {logging_mixin.py:188} INFO - [2025-12-11T04:21:30.649+0000] {dag.py:3954} INFO - Setting next_dagrun for latest_only to 2025-12-11 00:00:00+00:00, run_after=2025-12-11 04:00:00+00:00
[2025-12-11T04:21:30.680+0000] {processor.py:183} INFO - Processing /home/airflow/.local/lib/python3.9/site-packages/airflow/example_dags/example_latest_only.py took 0.140 seconds
[2025-12-11T04:22:01.393+0000] {processor.py:161} INFO - Started process (PID=505) to work on /home/airflow/.local/lib/python3.9/site-packages/airflow/example_dags/example_latest_only.py
[2025-12-11T04:22:01.495+0000] {processor.py:830} INFO - Processing file /home/airflow/.local/lib/python3.9/site-packages/airflow/example_dags/example_latest_only.py for tasks to queue
[2025-12-11T04:22:01.498+0000] {logging_mixin.py:188} INFO - [2025-12-11T04:22:01.498+0000] {dagbag.py:545} INFO - Filling up the DagBag from /home/airflow/.local/lib/python3.9/site-packages/airflow/example_dags/example_latest_only.py
[2025-12-11T04:22:01.509+0000] {processor.py:840} INFO - DAG(s) 'latest_only' retrieved from /home/airflow/.local/lib/python3.9/site-packages/airflow/example_dags/example_latest_only.py
[2025-12-11T04:22:01.554+0000] {logging_mixin.py:188} INFO - [2025-12-11T04:22:01.553+0000] {dag.py:3096} INFO - Sync 1 DAGs
[2025-12-11T04:22:01.602+0000] {logging_mixin.py:188} INFO - [2025-12-11T04:22:01.602+0000] {dag.py:3954} INFO - Setting next_dagrun for latest_only to 2025-12-11 00:00:00+00:00, run_after=2025-12-11 04:00:00+00:00
[2025-12-11T04:22:01.630+0000] {processor.py:183} INFO - Processing /home/airflow/.local/lib/python3.9/site-packages/airflow/example_dags/example_latest_only.py took 0.245 seconds
[2025-12-11T04:22:31.781+0000] {processor.py:161} INFO - Started process (PID=571) to work on /home/airflow/.local/lib/python3.9/site-packages/airflow/example_dags/example_latest_only.py
[2025-12-11T04:22:31.789+0000] {processor.py:830} INFO - Processing file /home/airflow/.local/lib/python3.9/site-packages/airflow/example_dags/example_latest_only.py for tasks to queue
[2025-12-11T04:22:31.798+0000] {logging_mixin.py:188} INFO - [2025-12-11T04:22:31.798+0000] {dagbag.py:545} INFO - Filling up the DagBag from /home/airflow/.local/lib/python3.9/site-packages/airflow/example_dags/example_latest_only.py
[2025-12-11T04:22:31.817+0000] {processor.py:840} INFO - DAG(s) 'latest_only' retrieved from /home/airflow/.local/lib/python3.9/site-packages/airflow/example_dags/example_latest_only.py
[2025-12-11T04:22:31.906+0000] {logging_mixin.py:188} INFO - [2025-12-11T04:22:31.905+0000] {dag.py:3096} INFO - Sync 1 DAGs
[2025-12-11T04:22:31.974+0000] {logging_mixin.py:188} INFO - [2025-12-11T04:22:31.974+0000] {dag.py:3954} INFO - Setting next_dagrun for latest_only to 2025-12-11 00:00:00+00:00, run_after=2025-12-11 04:00:00+00:00
[2025-12-11T04:22:32.059+0000] {processor.py:183} INFO - Processing /home/airflow/.local/lib/python3.9/site-packages/airflow/example_dags/example_latest_only.py took 0.295 seconds
[2025-12-11T04:23:02.544+0000] {processor.py:161} INFO - Started process (PID=637) to work on /home/airflow/.local/lib/python3.9/site-packages/airflow/example_dags/example_latest_only.py
[2025-12-11T04:23:02.551+0000] {processor.py:830} INFO - Processing file /home/airflow/.local/lib/python3.9/site-packages/airflow/example_dags/example_latest_only.py for tasks to queue
[2025-12-11T04:23:02.554+0000] {logging_mixin.py:188} INFO - [2025-12-11T04:23:02.554+0000] {dagbag.py:545} INFO - Filling up the DagBag from /home/airflow/.local/lib/python3.9/site-packages/airflow/example_dags/example_latest_only.py
[2025-12-11T04:23:02.564+0000] {processor.py:840} INFO - DAG(s) 'latest_only' retrieved from /home/airflow/.local/lib/python3.9/site-packages/airflow/example_dags/example_latest_only.py
[2025-12-11T04:23:02.630+0000] {logging_mixin.py:188} INFO - [2025-12-11T04:23:02.629+0000] {dag.py:3096} INFO - Sync 1 DAGs
[2025-12-11T04:23:02.701+0000] {logging_mixin.py:188} INFO - [2025-12-11T04:23:02.701+0000] {dag.py:3954} INFO - Setting next_dagrun for latest_only to 2025-12-11 00:00:00+00:00, run_after=2025-12-11 04:00:00+00:00
[2025-12-11T04:23:03.102+0000] {processor.py:183} INFO - Processing /home/airflow/.local/lib/python3.9/site-packages/airflow/example_dags/example_latest_only.py took 0.577 seconds
[2025-12-11T04:23:33.276+0000] {processor.py:161} INFO - Started process (PID=703) to work on /home/airflow/.local/lib/python3.9/site-packages/airflow/example_dags/example_latest_only.py
[2025-12-11T04:23:33.277+0000] {processor.py:830} INFO - Processing file /home/airflow/.local/lib/python3.9/site-packages/airflow/example_dags/example_latest_only.py for tasks to queue
[2025-12-11T04:23:33.280+0000] {logging_mixin.py:188} INFO - [2025-12-11T04:23:33.280+0000] {dagbag.py:545} INFO - Filling up the DagBag from /home/airflow/.local/lib/python3.9/site-packages/airflow/example_dags/example_latest_only.py
[2025-12-11T04:23:33.288+0000] {processor.py:840} INFO - DAG(s) 'latest_only' retrieved from /home/airflow/.local/lib/python3.9/site-packages/airflow/example_dags/example_latest_only.py
[2025-12-11T04:23:33.330+0000] {logging_mixin.py:188} INFO - [2025-12-11T04:23:33.329+0000] {dag.py:3096} INFO - Sync 1 DAGs
[2025-12-11T04:23:33.369+0000] {logging_mixin.py:188} INFO - [2025-12-11T04:23:33.369+0000] {dag.py:3954} INFO - Setting next_dagrun for latest_only to 2025-12-11 00:00:00+00:00, run_after=2025-12-11 04:00:00+00:00
[2025-12-11T04:23:33.425+0000] {processor.py:183} INFO - Processing /home/airflow/.local/lib/python3.9/site-packages/airflow/example_dags/example_latest_only.py took 0.160 seconds
[2025-12-11T04:24:03.827+0000] {processor.py:161} INFO - Started process (PID=769) to work on /home/airflow/.local/lib/python3.9/site-packages/airflow/example_dags/example_latest_only.py
[2025-12-11T04:24:03.829+0000] {processor.py:830} INFO - Processing file /home/airflow/.local/lib/python3.9/site-packages/airflow/example_dags/example_latest_only.py for tasks to queue
[2025-12-11T04:24:03.832+0000] {logging_mixin.py:188} INFO - [2025-12-11T04:24:03.831+0000] {dagbag.py:545} INFO - Filling up the DagBag from /home/airflow/.local/lib/python3.9/site-packages/airflow/example_dags/example_latest_only.py
[2025-12-11T04:24:03.842+0000] {processor.py:840} INFO - DAG(s) 'latest_only' retrieved from /home/airflow/.local/lib/python3.9/site-packages/airflow/example_dags/example_latest_only.py
[2025-12-11T04:24:03.882+0000] {logging_mixin.py:188} INFO - [2025-12-11T04:24:03.882+0000] {dag.py:3096} INFO - Sync 1 DAGs
[2025-12-11T04:24:03.941+0000] {logging_mixin.py:188} INFO - [2025-12-11T04:24:03.940+0000] {dag.py:3954} INFO - Setting next_dagrun for latest_only to 2025-12-11 00:00:00+00:00, run_after=2025-12-11 04:00:00+00:00
[2025-12-11T04:24:03.985+0000] {processor.py:183} INFO - Processing /home/airflow/.local/lib/python3.9/site-packages/airflow/example_dags/example_latest_only.py took 0.169 seconds
[2025-12-11T04:24:34.342+0000] {processor.py:161} INFO - Started process (PID=842) to work on /home/airflow/.local/lib/python3.9/site-packages/airflow/example_dags/example_latest_only.py
[2025-12-11T04:24:34.344+0000] {processor.py:830} INFO - Processing file /home/airflow/.local/lib/python3.9/site-packages/airflow/example_dags/example_latest_only.py for tasks to queue
[2025-12-11T04:24:34.358+0000] {logging_mixin.py:188} INFO - [2025-12-11T04:24:34.358+0000] {dagbag.py:545} INFO - Filling up the DagBag from /home/airflow/.local/lib/python3.9/site-packages/airflow/example_dags/example_latest_only.py
[2025-12-11T04:24:34.367+0000] {processor.py:840} INFO - DAG(s) 'latest_only' retrieved from /home/airflow/.local/lib/python3.9/site-packages/airflow/example_dags/example_latest_only.py
[2025-12-11T04:24:34.443+0000] {logging_mixin.py:188} INFO - [2025-12-11T04:24:34.442+0000] {dag.py:3096} INFO - Sync 1 DAGs
[2025-12-11T04:24:34.497+0000] {logging_mixin.py:188} INFO - [2025-12-11T04:24:34.497+0000] {dag.py:3954} INFO - Setting next_dagrun for latest_only to 2025-12-11 00:00:00+00:00, run_after=2025-12-11 04:00:00+00:00
[2025-12-11T04:24:34.529+0000] {processor.py:183} INFO - Processing /home/airflow/.local/lib/python3.9/site-packages/airflow/example_dags/example_latest_only.py took 0.204 seconds
[2025-12-11T04:25:05.210+0000] {processor.py:161} INFO - Started process (PID=907) to work on /home/airflow/.local/lib/python3.9/site-packages/airflow/example_dags/example_latest_only.py
[2025-12-11T04:25:05.212+0000] {processor.py:830} INFO - Processing file /home/airflow/.local/lib/python3.9/site-packages/airflow/example_dags/example_latest_only.py for tasks to queue
[2025-12-11T04:25:05.219+0000] {logging_mixin.py:188} INFO - [2025-12-11T04:25:05.218+0000] {dagbag.py:545} INFO - Filling up the DagBag from /home/airflow/.local/lib/python3.9/site-packages/airflow/example_dags/example_latest_only.py
[2025-12-11T04:25:05.237+0000] {processor.py:840} INFO - DAG(s) 'latest_only' retrieved from /home/airflow/.local/lib/python3.9/site-packages/airflow/example_dags/example_latest_only.py
[2025-12-11T04:25:05.287+0000] {logging_mixin.py:188} INFO - [2025-12-11T04:25:05.286+0000] {dag.py:3096} INFO - Sync 1 DAGs
[2025-12-11T04:25:05.357+0000] {logging_mixin.py:188} INFO - [2025-12-11T04:25:05.357+0000] {dag.py:3954} INFO - Setting next_dagrun for latest_only to 2025-12-11 00:00:00+00:00, run_after=2025-12-11 04:00:00+00:00
[2025-12-11T04:25:05.399+0000] {processor.py:183} INFO - Processing /home/airflow/.local/lib/python3.9/site-packages/airflow/example_dags/example_latest_only.py took 0.200 seconds
[2025-12-11T04:25:35.662+0000] {processor.py:161} INFO - Started process (PID=971) to work on /home/airflow/.local/lib/python3.9/site-packages/airflow/example_dags/example_latest_only.py
[2025-12-11T04:25:35.665+0000] {processor.py:830} INFO - Processing file /home/airflow/.local/lib/python3.9/site-packages/airflow/example_dags/example_latest_only.py for tasks to queue
[2025-12-11T04:25:35.668+0000] {logging_mixin.py:188} INFO - [2025-12-11T04:25:35.667+0000] {dagbag.py:545} INFO - Filling up the DagBag from /home/airflow/.local/lib/python3.9/site-packages/airflow/example_dags/example_latest_only.py
[2025-12-11T04:25:35.682+0000] {processor.py:840} INFO - DAG(s) 'latest_only' retrieved from /home/airflow/.local/lib/python3.9/site-packages/airflow/example_dags/example_latest_only.py
[2025-12-11T04:25:35.745+0000] {logging_mixin.py:188} INFO - [2025-12-11T04:25:35.745+0000] {dag.py:3096} INFO - Sync 1 DAGs
[2025-12-11T04:25:35.810+0000] {logging_mixin.py:188} INFO - [2025-12-11T04:25:35.810+0000] {dag.py:3954} INFO - Setting next_dagrun for latest_only to 2025-12-11 00:00:00+00:00, run_after=2025-12-11 04:00:00+00:00
[2025-12-11T04:25:35.877+0000] {processor.py:183} INFO - Processing /home/airflow/.local/lib/python3.9/site-packages/airflow/example_dags/example_latest_only.py took 0.233 seconds
[2025-12-11T04:26:06.143+0000] {processor.py:161} INFO - Started process (PID=1037) to work on /home/airflow/.local/lib/python3.9/site-packages/airflow/example_dags/example_latest_only.py
[2025-12-11T04:26:06.169+0000] {processor.py:830} INFO - Processing file /home/airflow/.local/lib/python3.9/site-packages/airflow/example_dags/example_latest_only.py for tasks to queue
[2025-12-11T04:26:06.172+0000] {logging_mixin.py:188} INFO - [2025-12-11T04:26:06.172+0000] {dagbag.py:545} INFO - Filling up the DagBag from /home/airflow/.local/lib/python3.9/site-packages/airflow/example_dags/example_latest_only.py
[2025-12-11T04:26:06.183+0000] {processor.py:840} INFO - DAG(s) 'latest_only' retrieved from /home/airflow/.local/lib/python3.9/site-packages/airflow/example_dags/example_latest_only.py
[2025-12-11T04:26:06.241+0000] {logging_mixin.py:188} INFO - [2025-12-11T04:26:06.240+0000] {dag.py:3096} INFO - Sync 1 DAGs
[2025-12-11T04:26:06.290+0000] {logging_mixin.py:188} INFO - [2025-12-11T04:26:06.290+0000] {dag.py:3954} INFO - Setting next_dagrun for latest_only to 2025-12-11 00:00:00+00:00, run_after=2025-12-11 04:00:00+00:00
[2025-12-11T04:26:06.328+0000] {processor.py:183} INFO - Processing /home/airflow/.local/lib/python3.9/site-packages/airflow/example_dags/example_latest_only.py took 0.201 seconds
[2025-12-11T04:26:36.760+0000] {processor.py:161} INFO - Started process (PID=1103) to work on /home/airflow/.local/lib/python3.9/site-packages/airflow/example_dags/example_latest_only.py
[2025-12-11T04:26:36.762+0000] {processor.py:830} INFO - Processing file /home/airflow/.local/lib/python3.9/site-packages/airflow/example_dags/example_latest_only.py for tasks to queue
[2025-12-11T04:26:36.764+0000] {logging_mixin.py:188} INFO - [2025-12-11T04:26:36.764+0000] {dagbag.py:545} INFO - Filling up the DagBag from /home/airflow/.local/lib/python3.9/site-packages/airflow/example_dags/example_latest_only.py
[2025-12-11T04:26:36.780+0000] {processor.py:840} INFO - DAG(s) 'latest_only' retrieved from /home/airflow/.local/lib/python3.9/site-packages/airflow/example_dags/example_latest_only.py
[2025-12-11T04:26:36.841+0000] {logging_mixin.py:188} INFO - [2025-12-11T04:26:36.840+0000] {dag.py:3096} INFO - Sync 1 DAGs
[2025-12-11T04:26:36.920+0000] {logging_mixin.py:188} INFO - [2025-12-11T04:26:36.920+0000] {dag.py:3954} INFO - Setting next_dagrun for latest_only to 2025-12-11 00:00:00+00:00, run_after=2025-12-11 04:00:00+00:00
[2025-12-11T04:26:36.981+0000] {processor.py:183} INFO - Processing /home/airflow/.local/lib/python3.9/site-packages/airflow/example_dags/example_latest_only.py took 0.240 seconds
[2025-12-11T04:27:07.142+0000] {processor.py:161} INFO - Started process (PID=1169) to work on /home/airflow/.local/lib/python3.9/site-packages/airflow/example_dags/example_latest_only.py
[2025-12-11T04:27:07.144+0000] {processor.py:830} INFO - Processing file /home/airflow/.local/lib/python3.9/site-packages/airflow/example_dags/example_latest_only.py for tasks to queue
[2025-12-11T04:27:07.147+0000] {logging_mixin.py:188} INFO - [2025-12-11T04:27:07.146+0000] {dagbag.py:545} INFO - Filling up the DagBag from /home/airflow/.local/lib/python3.9/site-packages/airflow/example_dags/example_latest_only.py
[2025-12-11T04:27:07.155+0000] {processor.py:840} INFO - DAG(s) 'latest_only' retrieved from /home/airflow/.local/lib/python3.9/site-packages/airflow/example_dags/example_latest_only.py
[2025-12-11T04:27:07.225+0000] {logging_mixin.py:188} INFO - [2025-12-11T04:27:07.224+0000] {dag.py:3096} INFO - Sync 1 DAGs
[2025-12-11T04:27:07.301+0000] {logging_mixin.py:188} INFO - [2025-12-11T04:27:07.300+0000] {dag.py:3954} INFO - Setting next_dagrun for latest_only to 2025-12-11 00:00:00+00:00, run_after=2025-12-11 04:00:00+00:00
[2025-12-11T04:27:07.347+0000] {processor.py:183} INFO - Processing /home/airflow/.local/lib/python3.9/site-packages/airflow/example_dags/example_latest_only.py took 0.216 seconds
[2025-12-11T04:27:37.485+0000] {processor.py:161} INFO - Started process (PID=1235) to work on /home/airflow/.local/lib/python3.9/site-packages/airflow/example_dags/example_latest_only.py
[2025-12-11T04:27:37.494+0000] {processor.py:830} INFO - Processing file /home/airflow/.local/lib/python3.9/site-packages/airflow/example_dags/example_latest_only.py for tasks to queue
[2025-12-11T04:27:37.496+0000] {logging_mixin.py:188} INFO - [2025-12-11T04:27:37.496+0000] {dagbag.py:545} INFO - Filling up the DagBag from /home/airflow/.local/lib/python3.9/site-packages/airflow/example_dags/example_latest_only.py
[2025-12-11T04:27:37.504+0000] {processor.py:840} INFO - DAG(s) 'latest_only' retrieved from /home/airflow/.local/lib/python3.9/site-packages/airflow/example_dags/example_latest_only.py
[2025-12-11T04:27:37.542+0000] {logging_mixin.py:188} INFO - [2025-12-11T04:27:37.541+0000] {dag.py:3096} INFO - Sync 1 DAGs
[2025-12-11T04:27:37.577+0000] {logging_mixin.py:188} INFO - [2025-12-11T04:27:37.577+0000] {dag.py:3954} INFO - Setting next_dagrun for latest_only to 2025-12-11 00:00:00+00:00, run_after=2025-12-11 04:00:00+00:00
[2025-12-11T04:27:37.609+0000] {processor.py:183} INFO - Processing /home/airflow/.local/lib/python3.9/site-packages/airflow/example_dags/example_latest_only.py took 0.134 seconds
[2025-12-11T04:28:07.813+0000] {processor.py:161} INFO - Started process (PID=1301) to work on /home/airflow/.local/lib/python3.9/site-packages/airflow/example_dags/example_latest_only.py
[2025-12-11T04:28:07.815+0000] {processor.py:830} INFO - Processing file /home/airflow/.local/lib/python3.9/site-packages/airflow/example_dags/example_latest_only.py for tasks to queue
[2025-12-11T04:28:07.818+0000] {logging_mixin.py:188} INFO - [2025-12-11T04:28:07.817+0000] {dagbag.py:545} INFO - Filling up the DagBag from /home/airflow/.local/lib/python3.9/site-packages/airflow/example_dags/example_latest_only.py
[2025-12-11T04:28:07.826+0000] {processor.py:840} INFO - DAG(s) 'latest_only' retrieved from /home/airflow/.local/lib/python3.9/site-packages/airflow/example_dags/example_latest_only.py
[2025-12-11T04:28:07.866+0000] {logging_mixin.py:188} INFO - [2025-12-11T04:28:07.865+0000] {dag.py:3096} INFO - Sync 1 DAGs
[2025-12-11T04:28:07.903+0000] {logging_mixin.py:188} INFO - [2025-12-11T04:28:07.902+0000] {dag.py:3954} INFO - Setting next_dagrun for latest_only to 2025-12-11 00:00:00+00:00, run_after=2025-12-11 04:00:00+00:00
[2025-12-11T04:28:07.946+0000] {processor.py:183} INFO - Processing /home/airflow/.local/lib/python3.9/site-packages/airflow/example_dags/example_latest_only.py took 0.145 seconds
[2025-12-11T04:28:38.702+0000] {processor.py:161} INFO - Started process (PID=1367) to work on /home/airflow/.local/lib/python3.9/site-packages/airflow/example_dags/example_latest_only.py
[2025-12-11T04:28:38.881+0000] {processor.py:830} INFO - Processing file /home/airflow/.local/lib/python3.9/site-packages/airflow/example_dags/example_latest_only.py for tasks to queue
[2025-12-11T04:28:38.885+0000] {logging_mixin.py:188} INFO - [2025-12-11T04:28:38.884+0000] {dagbag.py:545} INFO - Filling up the DagBag from /home/airflow/.local/lib/python3.9/site-packages/airflow/example_dags/example_latest_only.py
[2025-12-11T04:28:38.898+0000] {processor.py:840} INFO - DAG(s) 'latest_only' retrieved from /home/airflow/.local/lib/python3.9/site-packages/airflow/example_dags/example_latest_only.py
[2025-12-11T04:28:38.959+0000] {logging_mixin.py:188} INFO - [2025-12-11T04:28:38.959+0000] {dag.py:3096} INFO - Sync 1 DAGs
[2025-12-11T04:28:39.057+0000] {logging_mixin.py:188} INFO - [2025-12-11T04:28:39.057+0000] {dag.py:3954} INFO - Setting next_dagrun for latest_only to 2025-12-11 00:00:00+00:00, run_after=2025-12-11 04:00:00+00:00
[2025-12-11T04:28:39.100+0000] {processor.py:183} INFO - Processing /home/airflow/.local/lib/python3.9/site-packages/airflow/example_dags/example_latest_only.py took 0.412 seconds
[2025-12-11T04:29:09.386+0000] {processor.py:161} INFO - Started process (PID=1433) to work on /home/airflow/.local/lib/python3.9/site-packages/airflow/example_dags/example_latest_only.py
[2025-12-11T04:29:09.392+0000] {processor.py:830} INFO - Processing file /home/airflow/.local/lib/python3.9/site-packages/airflow/example_dags/example_latest_only.py for tasks to queue
[2025-12-11T04:29:09.398+0000] {logging_mixin.py:188} INFO - [2025-12-11T04:29:09.398+0000] {dagbag.py:545} INFO - Filling up the DagBag from /home/airflow/.local/lib/python3.9/site-packages/airflow/example_dags/example_latest_only.py
[2025-12-11T04:29:09.406+0000] {processor.py:840} INFO - DAG(s) 'latest_only' retrieved from /home/airflow/.local/lib/python3.9/site-packages/airflow/example_dags/example_latest_only.py
[2025-12-11T04:29:09.485+0000] {logging_mixin.py:188} INFO - [2025-12-11T04:29:09.484+0000] {dag.py:3096} INFO - Sync 1 DAGs
[2025-12-11T04:29:09.591+0000] {logging_mixin.py:188} INFO - [2025-12-11T04:29:09.590+0000] {dag.py:3954} INFO - Setting next_dagrun for latest_only to 2025-12-11 00:00:00+00:00, run_after=2025-12-11 04:00:00+00:00
[2025-12-11T04:29:09.629+0000] {processor.py:183} INFO - Processing /home/airflow/.local/lib/python3.9/site-packages/airflow/example_dags/example_latest_only.py took 0.257 seconds
[2025-12-11T04:29:40.324+0000] {processor.py:161} INFO - Started process (PID=1499) to work on /home/airflow/.local/lib/python3.9/site-packages/airflow/example_dags/example_latest_only.py
[2025-12-11T04:29:40.333+0000] {processor.py:830} INFO - Processing file /home/airflow/.local/lib/python3.9/site-packages/airflow/example_dags/example_latest_only.py for tasks to queue
[2025-12-11T04:29:40.339+0000] {logging_mixin.py:188} INFO - [2025-12-11T04:29:40.338+0000] {dagbag.py:545} INFO - Filling up the DagBag from /home/airflow/.local/lib/python3.9/site-packages/airflow/example_dags/example_latest_only.py
[2025-12-11T04:29:40.346+0000] {processor.py:840} INFO - DAG(s) 'latest_only' retrieved from /home/airflow/.local/lib/python3.9/site-packages/airflow/example_dags/example_latest_only.py
[2025-12-11T04:29:40.403+0000] {logging_mixin.py:188} INFO - [2025-12-11T04:29:40.402+0000] {dag.py:3096} INFO - Sync 1 DAGs
[2025-12-11T04:29:40.458+0000] {logging_mixin.py:188} INFO - [2025-12-11T04:29:40.457+0000] {dag.py:3954} INFO - Setting next_dagrun for latest_only to 2025-12-11 00:00:00+00:00, run_after=2025-12-11 04:00:00+00:00
[2025-12-11T04:29:40.489+0000] {processor.py:183} INFO - Processing /home/airflow/.local/lib/python3.9/site-packages/airflow/example_dags/example_latest_only.py took 0.181 seconds
[2025-12-11T04:30:11.106+0000] {processor.py:161} INFO - Started process (PID=1565) to work on /home/airflow/.local/lib/python3.9/site-packages/airflow/example_dags/example_latest_only.py
[2025-12-11T04:30:11.146+0000] {processor.py:830} INFO - Processing file /home/airflow/.local/lib/python3.9/site-packages/airflow/example_dags/example_latest_only.py for tasks to queue
[2025-12-11T04:30:11.149+0000] {logging_mixin.py:188} INFO - [2025-12-11T04:30:11.148+0000] {dagbag.py:545} INFO - Filling up the DagBag from /home/airflow/.local/lib/python3.9/site-packages/airflow/example_dags/example_latest_only.py
[2025-12-11T04:30:11.161+0000] {processor.py:840} INFO - DAG(s) 'latest_only' retrieved from /home/airflow/.local/lib/python3.9/site-packages/airflow/example_dags/example_latest_only.py
[2025-12-11T04:30:11.210+0000] {logging_mixin.py:188} INFO - [2025-12-11T04:30:11.210+0000] {dag.py:3096} INFO - Sync 1 DAGs
[2025-12-11T04:30:11.247+0000] {logging_mixin.py:188} INFO - [2025-12-11T04:30:11.246+0000] {dag.py:3954} INFO - Setting next_dagrun for latest_only to 2025-12-11 00:00:00+00:00, run_after=2025-12-11 04:00:00+00:00
[2025-12-11T04:30:11.640+0000] {processor.py:183} INFO - Processing /home/airflow/.local/lib/python3.9/site-packages/airflow/example_dags/example_latest_only.py took 0.553 seconds
[2025-12-11T04:30:41.777+0000] {processor.py:161} INFO - Started process (PID=1630) to work on /home/airflow/.local/lib/python3.9/site-packages/airflow/example_dags/example_latest_only.py
[2025-12-11T04:30:41.828+0000] {processor.py:830} INFO - Processing file /home/airflow/.local/lib/python3.9/site-packages/airflow/example_dags/example_latest_only.py for tasks to queue
[2025-12-11T04:30:41.831+0000] {logging_mixin.py:188} INFO - [2025-12-11T04:30:41.830+0000] {dagbag.py:545} INFO - Filling up the DagBag from /home/airflow/.local/lib/python3.9/site-packages/airflow/example_dags/example_latest_only.py
[2025-12-11T04:30:41.838+0000] {processor.py:840} INFO - DAG(s) 'latest_only' retrieved from /home/airflow/.local/lib/python3.9/site-packages/airflow/example_dags/example_latest_only.py
[2025-12-11T04:30:41.877+0000] {logging_mixin.py:188} INFO - [2025-12-11T04:30:41.875+0000] {dag.py:3096} INFO - Sync 1 DAGs
[2025-12-11T04:30:41.914+0000] {logging_mixin.py:188} INFO - [2025-12-11T04:30:41.914+0000] {dag.py:3954} INFO - Setting next_dagrun for latest_only to 2025-12-11 00:00:00+00:00, run_after=2025-12-11 04:00:00+00:00
[2025-12-11T04:30:41.970+0000] {processor.py:183} INFO - Processing /home/airflow/.local/lib/python3.9/site-packages/airflow/example_dags/example_latest_only.py took 0.202 seconds
[2025-12-11T04:31:12.747+0000] {processor.py:161} INFO - Started process (PID=1696) to work on /home/airflow/.local/lib/python3.9/site-packages/airflow/example_dags/example_latest_only.py
[2025-12-11T04:31:12.748+0000] {processor.py:830} INFO - Processing file /home/airflow/.local/lib/python3.9/site-packages/airflow/example_dags/example_latest_only.py for tasks to queue
[2025-12-11T04:31:12.751+0000] {logging_mixin.py:188} INFO - [2025-12-11T04:31:12.750+0000] {dagbag.py:545} INFO - Filling up the DagBag from /home/airflow/.local/lib/python3.9/site-packages/airflow/example_dags/example_latest_only.py
[2025-12-11T04:31:12.763+0000] {processor.py:840} INFO - DAG(s) 'latest_only' retrieved from /home/airflow/.local/lib/python3.9/site-packages/airflow/example_dags/example_latest_only.py
[2025-12-11T04:31:12.802+0000] {logging_mixin.py:188} INFO - [2025-12-11T04:31:12.802+0000] {dag.py:3096} INFO - Sync 1 DAGs
[2025-12-11T04:31:12.838+0000] {logging_mixin.py:188} INFO - [2025-12-11T04:31:12.838+0000] {dag.py:3954} INFO - Setting next_dagrun for latest_only to 2025-12-11 00:00:00+00:00, run_after=2025-12-11 04:00:00+00:00
[2025-12-11T04:31:12.863+0000] {processor.py:183} INFO - Processing /home/airflow/.local/lib/python3.9/site-packages/airflow/example_dags/example_latest_only.py took 0.132 seconds
[2025-12-11T04:31:43.210+0000] {processor.py:161} INFO - Started process (PID=1762) to work on /home/airflow/.local/lib/python3.9/site-packages/airflow/example_dags/example_latest_only.py
[2025-12-11T04:31:43.217+0000] {processor.py:830} INFO - Processing file /home/airflow/.local/lib/python3.9/site-packages/airflow/example_dags/example_latest_only.py for tasks to queue
[2025-12-11T04:31:43.221+0000] {logging_mixin.py:188} INFO - [2025-12-11T04:31:43.220+0000] {dagbag.py:545} INFO - Filling up the DagBag from /home/airflow/.local/lib/python3.9/site-packages/airflow/example_dags/example_latest_only.py
[2025-12-11T04:31:43.229+0000] {processor.py:840} INFO - DAG(s) 'latest_only' retrieved from /home/airflow/.local/lib/python3.9/site-packages/airflow/example_dags/example_latest_only.py
[2025-12-11T04:31:43.273+0000] {logging_mixin.py:188} INFO - [2025-12-11T04:31:43.272+0000] {dag.py:3096} INFO - Sync 1 DAGs
[2025-12-11T04:31:43.316+0000] {logging_mixin.py:188} INFO - [2025-12-11T04:31:43.315+0000] {dag.py:3954} INFO - Setting next_dagrun for latest_only to 2025-12-11 00:00:00+00:00, run_after=2025-12-11 04:00:00+00:00
[2025-12-11T04:31:43.347+0000] {processor.py:183} INFO - Processing /home/airflow/.local/lib/python3.9/site-packages/airflow/example_dags/example_latest_only.py took 0.148 seconds
[2025-12-11T04:32:13.662+0000] {processor.py:161} INFO - Started process (PID=1828) to work on /home/airflow/.local/lib/python3.9/site-packages/airflow/example_dags/example_latest_only.py
[2025-12-11T04:32:13.664+0000] {processor.py:830} INFO - Processing file /home/airflow/.local/lib/python3.9/site-packages/airflow/example_dags/example_latest_only.py for tasks to queue
[2025-12-11T04:32:13.667+0000] {logging_mixin.py:188} INFO - [2025-12-11T04:32:13.666+0000] {dagbag.py:545} INFO - Filling up the DagBag from /home/airflow/.local/lib/python3.9/site-packages/airflow/example_dags/example_latest_only.py
[2025-12-11T04:32:13.683+0000] {processor.py:840} INFO - DAG(s) 'latest_only' retrieved from /home/airflow/.local/lib/python3.9/site-packages/airflow/example_dags/example_latest_only.py
[2025-12-11T04:32:13.748+0000] {logging_mixin.py:188} INFO - [2025-12-11T04:32:13.747+0000] {dag.py:3096} INFO - Sync 1 DAGs
[2025-12-11T04:32:13.789+0000] {logging_mixin.py:188} INFO - [2025-12-11T04:32:13.789+0000] {dag.py:3954} INFO - Setting next_dagrun for latest_only to 2025-12-11 00:00:00+00:00, run_after=2025-12-11 04:00:00+00:00
[2025-12-11T04:32:13.826+0000] {processor.py:183} INFO - Processing /home/airflow/.local/lib/python3.9/site-packages/airflow/example_dags/example_latest_only.py took 0.184 seconds
[2025-12-11T04:32:44.614+0000] {processor.py:161} INFO - Started process (PID=1894) to work on /home/airflow/.local/lib/python3.9/site-packages/airflow/example_dags/example_latest_only.py
[2025-12-11T04:32:44.617+0000] {processor.py:830} INFO - Processing file /home/airflow/.local/lib/python3.9/site-packages/airflow/example_dags/example_latest_only.py for tasks to queue
[2025-12-11T04:32:44.619+0000] {logging_mixin.py:188} INFO - [2025-12-11T04:32:44.619+0000] {dagbag.py:545} INFO - Filling up the DagBag from /home/airflow/.local/lib/python3.9/site-packages/airflow/example_dags/example_latest_only.py
[2025-12-11T04:32:44.627+0000] {processor.py:840} INFO - DAG(s) 'latest_only' retrieved from /home/airflow/.local/lib/python3.9/site-packages/airflow/example_dags/example_latest_only.py
[2025-12-11T04:32:44.678+0000] {logging_mixin.py:188} INFO - [2025-12-11T04:32:44.677+0000] {dag.py:3096} INFO - Sync 1 DAGs
[2025-12-11T04:32:44.718+0000] {logging_mixin.py:188} INFO - [2025-12-11T04:32:44.717+0000] {dag.py:3954} INFO - Setting next_dagrun for latest_only to 2025-12-11 00:00:00+00:00, run_after=2025-12-11 04:00:00+00:00
[2025-12-11T04:32:44.766+0000] {processor.py:183} INFO - Processing /home/airflow/.local/lib/python3.9/site-packages/airflow/example_dags/example_latest_only.py took 0.161 seconds
[2025-12-11T04:33:15.005+0000] {processor.py:161} INFO - Started process (PID=1960) to work on /home/airflow/.local/lib/python3.9/site-packages/airflow/example_dags/example_latest_only.py
[2025-12-11T04:33:15.088+0000] {processor.py:830} INFO - Processing file /home/airflow/.local/lib/python3.9/site-packages/airflow/example_dags/example_latest_only.py for tasks to queue
[2025-12-11T04:33:15.091+0000] {logging_mixin.py:188} INFO - [2025-12-11T04:33:15.091+0000] {dagbag.py:545} INFO - Filling up the DagBag from /home/airflow/.local/lib/python3.9/site-packages/airflow/example_dags/example_latest_only.py
[2025-12-11T04:33:15.104+0000] {processor.py:840} INFO - DAG(s) 'latest_only' retrieved from /home/airflow/.local/lib/python3.9/site-packages/airflow/example_dags/example_latest_only.py
[2025-12-11T04:33:15.166+0000] {logging_mixin.py:188} INFO - [2025-12-11T04:33:15.165+0000] {dag.py:3096} INFO - Sync 1 DAGs
[2025-12-11T04:33:15.231+0000] {logging_mixin.py:188} INFO - [2025-12-11T04:33:15.230+0000] {dag.py:3954} INFO - Setting next_dagrun for latest_only to 2025-12-11 00:00:00+00:00, run_after=2025-12-11 04:00:00+00:00
[2025-12-11T04:33:15.270+0000] {processor.py:183} INFO - Processing /home/airflow/.local/lib/python3.9/site-packages/airflow/example_dags/example_latest_only.py took 0.278 seconds
[2025-12-11T04:33:45.765+0000] {processor.py:161} INFO - Started process (PID=2027) to work on /home/airflow/.local/lib/python3.9/site-packages/airflow/example_dags/example_latest_only.py
[2025-12-11T04:33:45.873+0000] {processor.py:830} INFO - Processing file /home/airflow/.local/lib/python3.9/site-packages/airflow/example_dags/example_latest_only.py for tasks to queue
[2025-12-11T04:33:45.879+0000] {logging_mixin.py:188} INFO - [2025-12-11T04:33:45.878+0000] {dagbag.py:545} INFO - Filling up the DagBag from /home/airflow/.local/lib/python3.9/site-packages/airflow/example_dags/example_latest_only.py
[2025-12-11T04:33:45.888+0000] {processor.py:840} INFO - DAG(s) 'latest_only' retrieved from /home/airflow/.local/lib/python3.9/site-packages/airflow/example_dags/example_latest_only.py
[2025-12-11T04:33:45.957+0000] {logging_mixin.py:188} INFO - [2025-12-11T04:33:45.948+0000] {dag.py:3096} INFO - Sync 1 DAGs
[2025-12-11T04:33:46.066+0000] {logging_mixin.py:188} INFO - [2025-12-11T04:33:46.065+0000] {dag.py:3954} INFO - Setting next_dagrun for latest_only to 2025-12-11 00:00:00+00:00, run_after=2025-12-11 04:00:00+00:00
[2025-12-11T04:33:46.365+0000] {processor.py:183} INFO - Processing /home/airflow/.local/lib/python3.9/site-packages/airflow/example_dags/example_latest_only.py took 0.623 seconds
[2025-12-11T04:34:17.117+0000] {processor.py:161} INFO - Started process (PID=2095) to work on /home/airflow/.local/lib/python3.9/site-packages/airflow/example_dags/example_latest_only.py
[2025-12-11T04:34:17.125+0000] {processor.py:830} INFO - Processing file /home/airflow/.local/lib/python3.9/site-packages/airflow/example_dags/example_latest_only.py for tasks to queue
[2025-12-11T04:34:17.128+0000] {logging_mixin.py:188} INFO - [2025-12-11T04:34:17.128+0000] {dagbag.py:545} INFO - Filling up the DagBag from /home/airflow/.local/lib/python3.9/site-packages/airflow/example_dags/example_latest_only.py
[2025-12-11T04:34:17.136+0000] {processor.py:840} INFO - DAG(s) 'latest_only' retrieved from /home/airflow/.local/lib/python3.9/site-packages/airflow/example_dags/example_latest_only.py
[2025-12-11T04:34:17.172+0000] {logging_mixin.py:188} INFO - [2025-12-11T04:34:17.172+0000] {dag.py:3096} INFO - Sync 1 DAGs
[2025-12-11T04:34:17.208+0000] {logging_mixin.py:188} INFO - [2025-12-11T04:34:17.207+0000] {dag.py:3954} INFO - Setting next_dagrun for latest_only to 2025-12-11 00:00:00+00:00, run_after=2025-12-11 04:00:00+00:00
[2025-12-11T04:34:17.243+0000] {processor.py:183} INFO - Processing /home/airflow/.local/lib/python3.9/site-packages/airflow/example_dags/example_latest_only.py took 0.136 seconds
[2025-12-11T04:34:47.312+0000] {processor.py:161} INFO - Started process (PID=2162) to work on /home/airflow/.local/lib/python3.9/site-packages/airflow/example_dags/example_latest_only.py
[2025-12-11T04:34:47.322+0000] {processor.py:830} INFO - Processing file /home/airflow/.local/lib/python3.9/site-packages/airflow/example_dags/example_latest_only.py for tasks to queue
[2025-12-11T04:34:47.325+0000] {logging_mixin.py:188} INFO - [2025-12-11T04:34:47.324+0000] {dagbag.py:545} INFO - Filling up the DagBag from /home/airflow/.local/lib/python3.9/site-packages/airflow/example_dags/example_latest_only.py
[2025-12-11T04:34:47.332+0000] {processor.py:840} INFO - DAG(s) 'latest_only' retrieved from /home/airflow/.local/lib/python3.9/site-packages/airflow/example_dags/example_latest_only.py
[2025-12-11T04:34:47.367+0000] {logging_mixin.py:188} INFO - [2025-12-11T04:34:47.366+0000] {dag.py:3096} INFO - Sync 1 DAGs
[2025-12-11T04:34:47.400+0000] {logging_mixin.py:188} INFO - [2025-12-11T04:34:47.399+0000] {dag.py:3954} INFO - Setting next_dagrun for latest_only to 2025-12-11 00:00:00+00:00, run_after=2025-12-11 04:00:00+00:00
[2025-12-11T04:34:47.425+0000] {processor.py:183} INFO - Processing /home/airflow/.local/lib/python3.9/site-packages/airflow/example_dags/example_latest_only.py took 0.122 seconds
[2025-12-11T04:35:17.997+0000] {processor.py:161} INFO - Started process (PID=2236) to work on /home/airflow/.local/lib/python3.9/site-packages/airflow/example_dags/example_latest_only.py
[2025-12-11T04:35:17.999+0000] {processor.py:830} INFO - Processing file /home/airflow/.local/lib/python3.9/site-packages/airflow/example_dags/example_latest_only.py for tasks to queue
[2025-12-11T04:35:18.002+0000] {logging_mixin.py:188} INFO - [2025-12-11T04:35:18.001+0000] {dagbag.py:545} INFO - Filling up the DagBag from /home/airflow/.local/lib/python3.9/site-packages/airflow/example_dags/example_latest_only.py
[2025-12-11T04:35:18.018+0000] {processor.py:840} INFO - DAG(s) 'latest_only' retrieved from /home/airflow/.local/lib/python3.9/site-packages/airflow/example_dags/example_latest_only.py
[2025-12-11T04:35:18.070+0000] {logging_mixin.py:188} INFO - [2025-12-11T04:35:18.069+0000] {dag.py:3096} INFO - Sync 1 DAGs
[2025-12-11T04:35:18.128+0000] {logging_mixin.py:188} INFO - [2025-12-11T04:35:18.128+0000] {dag.py:3954} INFO - Setting next_dagrun for latest_only to 2025-12-11 00:00:00+00:00, run_after=2025-12-11 04:00:00+00:00
[2025-12-11T04:35:18.162+0000] {processor.py:183} INFO - Processing /home/airflow/.local/lib/python3.9/site-packages/airflow/example_dags/example_latest_only.py took 0.184 seconds
[2025-12-11T04:35:49.847+0000] {processor.py:161} INFO - Started process (PID=2304) to work on /home/airflow/.local/lib/python3.9/site-packages/airflow/example_dags/example_latest_only.py
[2025-12-11T04:35:49.849+0000] {processor.py:830} INFO - Processing file /home/airflow/.local/lib/python3.9/site-packages/airflow/example_dags/example_latest_only.py for tasks to queue
[2025-12-11T04:35:49.861+0000] {logging_mixin.py:188} INFO - [2025-12-11T04:35:49.860+0000] {dagbag.py:545} INFO - Filling up the DagBag from /home/airflow/.local/lib/python3.9/site-packages/airflow/example_dags/example_latest_only.py
[2025-12-11T04:35:49.885+0000] {processor.py:840} INFO - DAG(s) 'latest_only' retrieved from /home/airflow/.local/lib/python3.9/site-packages/airflow/example_dags/example_latest_only.py
[2025-12-11T04:35:49.977+0000] {logging_mixin.py:188} INFO - [2025-12-11T04:35:49.969+0000] {dag.py:3096} INFO - Sync 1 DAGs
[2025-12-11T04:35:50.063+0000] {logging_mixin.py:188} INFO - [2025-12-11T04:35:50.062+0000] {dag.py:3954} INFO - Setting next_dagrun for latest_only to 2025-12-11 00:00:00+00:00, run_after=2025-12-11 04:00:00+00:00
[2025-12-11T04:35:50.239+0000] {processor.py:183} INFO - Processing /home/airflow/.local/lib/python3.9/site-packages/airflow/example_dags/example_latest_only.py took 0.415 seconds
[2025-12-11T04:36:20.646+0000] {processor.py:161} INFO - Started process (PID=2371) to work on /home/airflow/.local/lib/python3.9/site-packages/airflow/example_dags/example_latest_only.py
[2025-12-11T04:36:20.664+0000] {processor.py:830} INFO - Processing file /home/airflow/.local/lib/python3.9/site-packages/airflow/example_dags/example_latest_only.py for tasks to queue
[2025-12-11T04:36:20.668+0000] {logging_mixin.py:188} INFO - [2025-12-11T04:36:20.667+0000] {dagbag.py:545} INFO - Filling up the DagBag from /home/airflow/.local/lib/python3.9/site-packages/airflow/example_dags/example_latest_only.py
[2025-12-11T04:36:20.684+0000] {processor.py:840} INFO - DAG(s) 'latest_only' retrieved from /home/airflow/.local/lib/python3.9/site-packages/airflow/example_dags/example_latest_only.py
[2025-12-11T04:36:20.802+0000] {logging_mixin.py:188} INFO - [2025-12-11T04:36:20.801+0000] {dag.py:3096} INFO - Sync 1 DAGs
[2025-12-11T04:36:20.898+0000] {logging_mixin.py:188} INFO - [2025-12-11T04:36:20.898+0000] {dag.py:3954} INFO - Setting next_dagrun for latest_only to 2025-12-11 00:00:00+00:00, run_after=2025-12-11 04:00:00+00:00
[2025-12-11T04:36:20.997+0000] {processor.py:183} INFO - Processing /home/airflow/.local/lib/python3.9/site-packages/airflow/example_dags/example_latest_only.py took 0.371 seconds
[2025-12-11T04:36:51.759+0000] {processor.py:161} INFO - Started process (PID=2438) to work on /home/airflow/.local/lib/python3.9/site-packages/airflow/example_dags/example_latest_only.py
[2025-12-11T04:36:51.828+0000] {processor.py:830} INFO - Processing file /home/airflow/.local/lib/python3.9/site-packages/airflow/example_dags/example_latest_only.py for tasks to queue
[2025-12-11T04:36:51.840+0000] {logging_mixin.py:188} INFO - [2025-12-11T04:36:51.839+0000] {dagbag.py:545} INFO - Filling up the DagBag from /home/airflow/.local/lib/python3.9/site-packages/airflow/example_dags/example_latest_only.py
[2025-12-11T04:36:51.848+0000] {processor.py:840} INFO - DAG(s) 'latest_only' retrieved from /home/airflow/.local/lib/python3.9/site-packages/airflow/example_dags/example_latest_only.py
[2025-12-11T04:36:51.905+0000] {logging_mixin.py:188} INFO - [2025-12-11T04:36:51.904+0000] {dag.py:3096} INFO - Sync 1 DAGs
[2025-12-11T04:36:51.998+0000] {logging_mixin.py:188} INFO - [2025-12-11T04:36:51.997+0000] {dag.py:3954} INFO - Setting next_dagrun for latest_only to 2025-12-11 00:00:00+00:00, run_after=2025-12-11 04:00:00+00:00
[2025-12-11T04:36:52.120+0000] {processor.py:183} INFO - Processing /home/airflow/.local/lib/python3.9/site-packages/airflow/example_dags/example_latest_only.py took 0.383 seconds
[2025-12-11T04:37:22.521+0000] {processor.py:161} INFO - Started process (PID=2505) to work on /home/airflow/.local/lib/python3.9/site-packages/airflow/example_dags/example_latest_only.py
[2025-12-11T04:37:22.559+0000] {processor.py:830} INFO - Processing file /home/airflow/.local/lib/python3.9/site-packages/airflow/example_dags/example_latest_only.py for tasks to queue
[2025-12-11T04:37:22.566+0000] {logging_mixin.py:188} INFO - [2025-12-11T04:37:22.563+0000] {dagbag.py:545} INFO - Filling up the DagBag from /home/airflow/.local/lib/python3.9/site-packages/airflow/example_dags/example_latest_only.py
[2025-12-11T04:37:22.585+0000] {processor.py:840} INFO - DAG(s) 'latest_only' retrieved from /home/airflow/.local/lib/python3.9/site-packages/airflow/example_dags/example_latest_only.py
[2025-12-11T04:37:22.722+0000] {logging_mixin.py:188} INFO - [2025-12-11T04:37:22.721+0000] {dag.py:3096} INFO - Sync 1 DAGs
[2025-12-11T04:37:22.837+0000] {logging_mixin.py:188} INFO - [2025-12-11T04:37:22.829+0000] {dag.py:3954} INFO - Setting next_dagrun for latest_only to 2025-12-11 00:00:00+00:00, run_after=2025-12-11 04:00:00+00:00
[2025-12-11T04:37:22.938+0000] {processor.py:183} INFO - Processing /home/airflow/.local/lib/python3.9/site-packages/airflow/example_dags/example_latest_only.py took 0.439 seconds
[2025-12-11T04:37:53.348+0000] {processor.py:161} INFO - Started process (PID=2572) to work on /home/airflow/.local/lib/python3.9/site-packages/airflow/example_dags/example_latest_only.py
[2025-12-11T04:37:53.351+0000] {processor.py:830} INFO - Processing file /home/airflow/.local/lib/python3.9/site-packages/airflow/example_dags/example_latest_only.py for tasks to queue
[2025-12-11T04:37:53.359+0000] {logging_mixin.py:188} INFO - [2025-12-11T04:37:53.359+0000] {dagbag.py:545} INFO - Filling up the DagBag from /home/airflow/.local/lib/python3.9/site-packages/airflow/example_dags/example_latest_only.py
[2025-12-11T04:37:53.369+0000] {processor.py:840} INFO - DAG(s) 'latest_only' retrieved from /home/airflow/.local/lib/python3.9/site-packages/airflow/example_dags/example_latest_only.py
[2025-12-11T04:37:53.484+0000] {logging_mixin.py:188} INFO - [2025-12-11T04:37:53.483+0000] {dag.py:3096} INFO - Sync 1 DAGs
[2025-12-11T04:37:53.599+0000] {logging_mixin.py:188} INFO - [2025-12-11T04:37:53.598+0000] {dag.py:3954} INFO - Setting next_dagrun for latest_only to 2025-12-11 00:00:00+00:00, run_after=2025-12-11 04:00:00+00:00
[2025-12-11T04:37:53.682+0000] {processor.py:183} INFO - Processing /home/airflow/.local/lib/python3.9/site-packages/airflow/example_dags/example_latest_only.py took 0.376 seconds
[2025-12-11T04:38:24.279+0000] {processor.py:161} INFO - Started process (PID=2632) to work on /home/airflow/.local/lib/python3.9/site-packages/airflow/example_dags/example_latest_only.py
[2025-12-11T04:38:24.280+0000] {processor.py:830} INFO - Processing file /home/airflow/.local/lib/python3.9/site-packages/airflow/example_dags/example_latest_only.py for tasks to queue
[2025-12-11T04:38:24.283+0000] {logging_mixin.py:188} INFO - [2025-12-11T04:38:24.282+0000] {dagbag.py:545} INFO - Filling up the DagBag from /home/airflow/.local/lib/python3.9/site-packages/airflow/example_dags/example_latest_only.py
[2025-12-11T04:38:24.290+0000] {processor.py:840} INFO - DAG(s) 'latest_only' retrieved from /home/airflow/.local/lib/python3.9/site-packages/airflow/example_dags/example_latest_only.py
[2025-12-11T04:38:24.328+0000] {logging_mixin.py:188} INFO - [2025-12-11T04:38:24.328+0000] {dag.py:3096} INFO - Sync 1 DAGs
[2025-12-11T04:38:24.364+0000] {logging_mixin.py:188} INFO - [2025-12-11T04:38:24.363+0000] {dag.py:3954} INFO - Setting next_dagrun for latest_only to 2025-12-11 00:00:00+00:00, run_after=2025-12-11 04:00:00+00:00
[2025-12-11T04:38:24.389+0000] {processor.py:183} INFO - Processing /home/airflow/.local/lib/python3.9/site-packages/airflow/example_dags/example_latest_only.py took 0.121 seconds
[2025-12-11T04:38:54.512+0000] {processor.py:161} INFO - Started process (PID=2699) to work on /home/airflow/.local/lib/python3.9/site-packages/airflow/example_dags/example_latest_only.py
[2025-12-11T04:38:54.514+0000] {processor.py:830} INFO - Processing file /home/airflow/.local/lib/python3.9/site-packages/airflow/example_dags/example_latest_only.py for tasks to queue
[2025-12-11T04:38:54.519+0000] {logging_mixin.py:188} INFO - [2025-12-11T04:38:54.518+0000] {dagbag.py:545} INFO - Filling up the DagBag from /home/airflow/.local/lib/python3.9/site-packages/airflow/example_dags/example_latest_only.py
[2025-12-11T04:38:54.526+0000] {processor.py:840} INFO - DAG(s) 'latest_only' retrieved from /home/airflow/.local/lib/python3.9/site-packages/airflow/example_dags/example_latest_only.py
[2025-12-11T04:38:54.566+0000] {logging_mixin.py:188} INFO - [2025-12-11T04:38:54.565+0000] {dag.py:3096} INFO - Sync 1 DAGs
[2025-12-11T04:38:54.606+0000] {logging_mixin.py:188} INFO - [2025-12-11T04:38:54.606+0000] {dag.py:3954} INFO - Setting next_dagrun for latest_only to 2025-12-11 00:00:00+00:00, run_after=2025-12-11 04:00:00+00:00
[2025-12-11T04:38:54.634+0000] {processor.py:183} INFO - Processing /home/airflow/.local/lib/python3.9/site-packages/airflow/example_dags/example_latest_only.py took 0.132 seconds
[2025-12-11T04:39:27.177+0000] {processor.py:161} INFO - Started process (PID=2772) to work on /home/airflow/.local/lib/python3.9/site-packages/airflow/example_dags/example_latest_only.py
[2025-12-11T04:39:27.179+0000] {processor.py:830} INFO - Processing file /home/airflow/.local/lib/python3.9/site-packages/airflow/example_dags/example_latest_only.py for tasks to queue
[2025-12-11T04:39:27.182+0000] {logging_mixin.py:188} INFO - [2025-12-11T04:39:27.181+0000] {dagbag.py:545} INFO - Filling up the DagBag from /home/airflow/.local/lib/python3.9/site-packages/airflow/example_dags/example_latest_only.py
[2025-12-11T04:39:27.202+0000] {processor.py:840} INFO - DAG(s) 'latest_only' retrieved from /home/airflow/.local/lib/python3.9/site-packages/airflow/example_dags/example_latest_only.py
[2025-12-11T04:39:27.338+0000] {logging_mixin.py:188} INFO - [2025-12-11T04:39:27.337+0000] {dag.py:3096} INFO - Sync 1 DAGs
[2025-12-11T04:39:27.478+0000] {logging_mixin.py:188} INFO - [2025-12-11T04:39:27.478+0000] {dag.py:3954} INFO - Setting next_dagrun for latest_only to 2025-12-11 00:00:00+00:00, run_after=2025-12-11 04:00:00+00:00
[2025-12-11T04:39:27.602+0000] {processor.py:183} INFO - Processing /home/airflow/.local/lib/python3.9/site-packages/airflow/example_dags/example_latest_only.py took 0.464 seconds
[2025-12-11T04:39:58.418+0000] {processor.py:161} INFO - Started process (PID=2832) to work on /home/airflow/.local/lib/python3.9/site-packages/airflow/example_dags/example_latest_only.py
[2025-12-11T04:39:58.425+0000] {processor.py:830} INFO - Processing file /home/airflow/.local/lib/python3.9/site-packages/airflow/example_dags/example_latest_only.py for tasks to queue
[2025-12-11T04:39:58.429+0000] {logging_mixin.py:188} INFO - [2025-12-11T04:39:58.428+0000] {dagbag.py:545} INFO - Filling up the DagBag from /home/airflow/.local/lib/python3.9/site-packages/airflow/example_dags/example_latest_only.py
[2025-12-11T04:39:58.444+0000] {processor.py:840} INFO - DAG(s) 'latest_only' retrieved from /home/airflow/.local/lib/python3.9/site-packages/airflow/example_dags/example_latest_only.py
[2025-12-11T04:39:58.498+0000] {logging_mixin.py:188} INFO - [2025-12-11T04:39:58.497+0000] {dag.py:3096} INFO - Sync 1 DAGs
[2025-12-11T04:39:58.580+0000] {logging_mixin.py:188} INFO - [2025-12-11T04:39:58.579+0000] {dag.py:3954} INFO - Setting next_dagrun for latest_only to 2025-12-11 00:00:00+00:00, run_after=2025-12-11 04:00:00+00:00
[2025-12-11T04:39:58.679+0000] {processor.py:183} INFO - Processing /home/airflow/.local/lib/python3.9/site-packages/airflow/example_dags/example_latest_only.py took 0.286 seconds
[2025-12-11T04:40:29.459+0000] {processor.py:161} INFO - Started process (PID=2899) to work on /home/airflow/.local/lib/python3.9/site-packages/airflow/example_dags/example_latest_only.py
[2025-12-11T04:40:29.468+0000] {processor.py:830} INFO - Processing file /home/airflow/.local/lib/python3.9/site-packages/airflow/example_dags/example_latest_only.py for tasks to queue
[2025-12-11T04:40:29.479+0000] {logging_mixin.py:188} INFO - [2025-12-11T04:40:29.478+0000] {dagbag.py:545} INFO - Filling up the DagBag from /home/airflow/.local/lib/python3.9/site-packages/airflow/example_dags/example_latest_only.py
[2025-12-11T04:40:29.487+0000] {processor.py:840} INFO - DAG(s) 'latest_only' retrieved from /home/airflow/.local/lib/python3.9/site-packages/airflow/example_dags/example_latest_only.py
[2025-12-11T04:40:29.544+0000] {logging_mixin.py:188} INFO - [2025-12-11T04:40:29.543+0000] {dag.py:3096} INFO - Sync 1 DAGs
[2025-12-11T04:40:29.602+0000] {logging_mixin.py:188} INFO - [2025-12-11T04:40:29.601+0000] {dag.py:3954} INFO - Setting next_dagrun for latest_only to 2025-12-11 00:00:00+00:00, run_after=2025-12-11 04:00:00+00:00
[2025-12-11T04:40:29.642+0000] {processor.py:183} INFO - Processing /home/airflow/.local/lib/python3.9/site-packages/airflow/example_dags/example_latest_only.py took 0.199 seconds
[2025-12-11T04:41:00.107+0000] {processor.py:161} INFO - Started process (PID=2966) to work on /home/airflow/.local/lib/python3.9/site-packages/airflow/example_dags/example_latest_only.py
[2025-12-11T04:41:00.153+0000] {processor.py:830} INFO - Processing file /home/airflow/.local/lib/python3.9/site-packages/airflow/example_dags/example_latest_only.py for tasks to queue
[2025-12-11T04:41:00.162+0000] {logging_mixin.py:188} INFO - [2025-12-11T04:41:00.161+0000] {dagbag.py:545} INFO - Filling up the DagBag from /home/airflow/.local/lib/python3.9/site-packages/airflow/example_dags/example_latest_only.py
[2025-12-11T04:41:00.199+0000] {processor.py:840} INFO - DAG(s) 'latest_only' retrieved from /home/airflow/.local/lib/python3.9/site-packages/airflow/example_dags/example_latest_only.py
[2025-12-11T04:41:00.286+0000] {logging_mixin.py:188} INFO - [2025-12-11T04:41:00.285+0000] {dag.py:3096} INFO - Sync 1 DAGs
[2025-12-11T04:41:00.358+0000] {logging_mixin.py:188} INFO - [2025-12-11T04:41:00.358+0000] {dag.py:3954} INFO - Setting next_dagrun for latest_only to 2025-12-11 00:00:00+00:00, run_after=2025-12-11 04:00:00+00:00
[2025-12-11T04:41:00.544+0000] {processor.py:183} INFO - Processing /home/airflow/.local/lib/python3.9/site-packages/airflow/example_dags/example_latest_only.py took 0.459 seconds
[2025-12-11T04:41:31.026+0000] {processor.py:161} INFO - Started process (PID=3033) to work on /home/airflow/.local/lib/python3.9/site-packages/airflow/example_dags/example_latest_only.py
[2025-12-11T04:41:31.035+0000] {processor.py:830} INFO - Processing file /home/airflow/.local/lib/python3.9/site-packages/airflow/example_dags/example_latest_only.py for tasks to queue
[2025-12-11T04:41:31.040+0000] {logging_mixin.py:188} INFO - [2025-12-11T04:41:31.039+0000] {dagbag.py:545} INFO - Filling up the DagBag from /home/airflow/.local/lib/python3.9/site-packages/airflow/example_dags/example_latest_only.py
[2025-12-11T04:41:31.058+0000] {processor.py:840} INFO - DAG(s) 'latest_only' retrieved from /home/airflow/.local/lib/python3.9/site-packages/airflow/example_dags/example_latest_only.py
[2025-12-11T04:41:31.161+0000] {logging_mixin.py:188} INFO - [2025-12-11T04:41:31.161+0000] {dag.py:3096} INFO - Sync 1 DAGs
[2025-12-11T04:41:31.223+0000] {logging_mixin.py:188} INFO - [2025-12-11T04:41:31.222+0000] {dag.py:3954} INFO - Setting next_dagrun for latest_only to 2025-12-11 00:00:00+00:00, run_after=2025-12-11 04:00:00+00:00
[2025-12-11T04:41:31.278+0000] {processor.py:183} INFO - Processing /home/airflow/.local/lib/python3.9/site-packages/airflow/example_dags/example_latest_only.py took 0.275 seconds
[2025-12-11T04:42:02.602+0000] {processor.py:161} INFO - Started process (PID=3101) to work on /home/airflow/.local/lib/python3.9/site-packages/airflow/example_dags/example_latest_only.py
[2025-12-11T04:42:02.611+0000] {processor.py:830} INFO - Processing file /home/airflow/.local/lib/python3.9/site-packages/airflow/example_dags/example_latest_only.py for tasks to queue
[2025-12-11T04:42:02.619+0000] {logging_mixin.py:188} INFO - [2025-12-11T04:42:02.619+0000] {dagbag.py:545} INFO - Filling up the DagBag from /home/airflow/.local/lib/python3.9/site-packages/airflow/example_dags/example_latest_only.py
[2025-12-11T04:42:02.627+0000] {processor.py:840} INFO - DAG(s) 'latest_only' retrieved from /home/airflow/.local/lib/python3.9/site-packages/airflow/example_dags/example_latest_only.py
[2025-12-11T04:42:03.180+0000] {logging_mixin.py:188} INFO - [2025-12-11T04:42:03.180+0000] {dag.py:3096} INFO - Sync 1 DAGs
[2025-12-11T04:42:03.318+0000] {logging_mixin.py:188} INFO - [2025-12-11T04:42:03.307+0000] {dag.py:3954} INFO - Setting next_dagrun for latest_only to 2025-12-11 00:00:00+00:00, run_after=2025-12-11 04:00:00+00:00
[2025-12-11T04:42:03.374+0000] {processor.py:183} INFO - Processing /home/airflow/.local/lib/python3.9/site-packages/airflow/example_dags/example_latest_only.py took 0.788 seconds
[2025-12-11T04:42:34.463+0000] {processor.py:161} INFO - Started process (PID=3175) to work on /home/airflow/.local/lib/python3.9/site-packages/airflow/example_dags/example_latest_only.py
[2025-12-11T04:42:34.478+0000] {processor.py:830} INFO - Processing file /home/airflow/.local/lib/python3.9/site-packages/airflow/example_dags/example_latest_only.py for tasks to queue
[2025-12-11T04:42:34.482+0000] {logging_mixin.py:188} INFO - [2025-12-11T04:42:34.481+0000] {dagbag.py:545} INFO - Filling up the DagBag from /home/airflow/.local/lib/python3.9/site-packages/airflow/example_dags/example_latest_only.py
[2025-12-11T04:42:34.521+0000] {processor.py:840} INFO - DAG(s) 'latest_only' retrieved from /home/airflow/.local/lib/python3.9/site-packages/airflow/example_dags/example_latest_only.py
[2025-12-11T04:42:34.720+0000] {logging_mixin.py:188} INFO - [2025-12-11T04:42:34.719+0000] {dag.py:3096} INFO - Sync 1 DAGs
[2025-12-11T04:42:34.899+0000] {logging_mixin.py:188} INFO - [2025-12-11T04:42:34.899+0000] {dag.py:3954} INFO - Setting next_dagrun for latest_only to 2025-12-11 00:00:00+00:00, run_after=2025-12-11 04:00:00+00:00
[2025-12-11T04:42:35.037+0000] {processor.py:183} INFO - Processing /home/airflow/.local/lib/python3.9/site-packages/airflow/example_dags/example_latest_only.py took 0.614 seconds
[2025-12-11T04:43:05.677+0000] {processor.py:161} INFO - Started process (PID=3235) to work on /home/airflow/.local/lib/python3.9/site-packages/airflow/example_dags/example_latest_only.py
[2025-12-11T04:43:05.679+0000] {processor.py:830} INFO - Processing file /home/airflow/.local/lib/python3.9/site-packages/airflow/example_dags/example_latest_only.py for tasks to queue
[2025-12-11T04:43:05.682+0000] {logging_mixin.py:188} INFO - [2025-12-11T04:43:05.682+0000] {dagbag.py:545} INFO - Filling up the DagBag from /home/airflow/.local/lib/python3.9/site-packages/airflow/example_dags/example_latest_only.py
[2025-12-11T04:43:05.690+0000] {processor.py:840} INFO - DAG(s) 'latest_only' retrieved from /home/airflow/.local/lib/python3.9/site-packages/airflow/example_dags/example_latest_only.py
[2025-12-11T04:43:05.763+0000] {logging_mixin.py:188} INFO - [2025-12-11T04:43:05.763+0000] {dag.py:3096} INFO - Sync 1 DAGs
[2025-12-11T04:43:05.826+0000] {logging_mixin.py:188} INFO - [2025-12-11T04:43:05.826+0000] {dag.py:3954} INFO - Setting next_dagrun for latest_only to 2025-12-11 00:00:00+00:00, run_after=2025-12-11 04:00:00+00:00
[2025-12-11T04:43:05.867+0000] {processor.py:183} INFO - Processing /home/airflow/.local/lib/python3.9/site-packages/airflow/example_dags/example_latest_only.py took 0.206 seconds
[2025-12-11T04:43:36.326+0000] {processor.py:161} INFO - Started process (PID=3309) to work on /home/airflow/.local/lib/python3.9/site-packages/airflow/example_dags/example_latest_only.py
[2025-12-11T04:43:36.338+0000] {processor.py:830} INFO - Processing file /home/airflow/.local/lib/python3.9/site-packages/airflow/example_dags/example_latest_only.py for tasks to queue
[2025-12-11T04:43:36.341+0000] {logging_mixin.py:188} INFO - [2025-12-11T04:43:36.341+0000] {dagbag.py:545} INFO - Filling up the DagBag from /home/airflow/.local/lib/python3.9/site-packages/airflow/example_dags/example_latest_only.py
[2025-12-11T04:43:36.378+0000] {processor.py:840} INFO - DAG(s) 'latest_only' retrieved from /home/airflow/.local/lib/python3.9/site-packages/airflow/example_dags/example_latest_only.py
[2025-12-11T04:43:36.497+0000] {logging_mixin.py:188} INFO - [2025-12-11T04:43:36.485+0000] {dag.py:3096} INFO - Sync 1 DAGs
[2025-12-11T04:43:36.620+0000] {logging_mixin.py:188} INFO - [2025-12-11T04:43:36.620+0000] {dag.py:3954} INFO - Setting next_dagrun for latest_only to 2025-12-11 00:00:00+00:00, run_after=2025-12-11 04:00:00+00:00
[2025-12-11T04:43:36.718+0000] {processor.py:183} INFO - Processing /home/airflow/.local/lib/python3.9/site-packages/airflow/example_dags/example_latest_only.py took 0.414 seconds
[2025-12-11T04:44:07.362+0000] {processor.py:161} INFO - Started process (PID=3376) to work on /home/airflow/.local/lib/python3.9/site-packages/airflow/example_dags/example_latest_only.py
[2025-12-11T04:44:07.365+0000] {processor.py:830} INFO - Processing file /home/airflow/.local/lib/python3.9/site-packages/airflow/example_dags/example_latest_only.py for tasks to queue
[2025-12-11T04:44:07.381+0000] {logging_mixin.py:188} INFO - [2025-12-11T04:44:07.381+0000] {dagbag.py:545} INFO - Filling up the DagBag from /home/airflow/.local/lib/python3.9/site-packages/airflow/example_dags/example_latest_only.py
[2025-12-11T04:44:07.399+0000] {processor.py:840} INFO - DAG(s) 'latest_only' retrieved from /home/airflow/.local/lib/python3.9/site-packages/airflow/example_dags/example_latest_only.py
[2025-12-11T04:44:07.465+0000] {logging_mixin.py:188} INFO - [2025-12-11T04:44:07.465+0000] {dag.py:3096} INFO - Sync 1 DAGs
[2025-12-11T04:44:07.540+0000] {logging_mixin.py:188} INFO - [2025-12-11T04:44:07.539+0000] {dag.py:3954} INFO - Setting next_dagrun for latest_only to 2025-12-11 00:00:00+00:00, run_after=2025-12-11 04:00:00+00:00
[2025-12-11T04:44:07.600+0000] {processor.py:183} INFO - Processing /home/airflow/.local/lib/python3.9/site-packages/airflow/example_dags/example_latest_only.py took 0.258 seconds
[2025-12-11T04:44:38.460+0000] {processor.py:161} INFO - Started process (PID=3443) to work on /home/airflow/.local/lib/python3.9/site-packages/airflow/example_dags/example_latest_only.py
[2025-12-11T04:44:38.464+0000] {processor.py:830} INFO - Processing file /home/airflow/.local/lib/python3.9/site-packages/airflow/example_dags/example_latest_only.py for tasks to queue
[2025-12-11T04:44:38.467+0000] {logging_mixin.py:188} INFO - [2025-12-11T04:44:38.466+0000] {dagbag.py:545} INFO - Filling up the DagBag from /home/airflow/.local/lib/python3.9/site-packages/airflow/example_dags/example_latest_only.py
[2025-12-11T04:44:38.482+0000] {processor.py:840} INFO - DAG(s) 'latest_only' retrieved from /home/airflow/.local/lib/python3.9/site-packages/airflow/example_dags/example_latest_only.py
[2025-12-11T04:44:38.548+0000] {logging_mixin.py:188} INFO - [2025-12-11T04:44:38.547+0000] {dag.py:3096} INFO - Sync 1 DAGs
[2025-12-11T04:44:38.603+0000] {logging_mixin.py:188} INFO - [2025-12-11T04:44:38.603+0000] {dag.py:3954} INFO - Setting next_dagrun for latest_only to 2025-12-11 00:00:00+00:00, run_after=2025-12-11 04:00:00+00:00
[2025-12-11T04:44:38.644+0000] {processor.py:183} INFO - Processing /home/airflow/.local/lib/python3.9/site-packages/airflow/example_dags/example_latest_only.py took 0.196 seconds
[2025-12-11T04:45:08.921+0000] {processor.py:161} INFO - Started process (PID=3511) to work on /home/airflow/.local/lib/python3.9/site-packages/airflow/example_dags/example_latest_only.py
[2025-12-11T04:45:08.923+0000] {processor.py:830} INFO - Processing file /home/airflow/.local/lib/python3.9/site-packages/airflow/example_dags/example_latest_only.py for tasks to queue
[2025-12-11T04:45:08.927+0000] {logging_mixin.py:188} INFO - [2025-12-11T04:45:08.927+0000] {dagbag.py:545} INFO - Filling up the DagBag from /home/airflow/.local/lib/python3.9/site-packages/airflow/example_dags/example_latest_only.py
[2025-12-11T04:45:08.944+0000] {processor.py:840} INFO - DAG(s) 'latest_only' retrieved from /home/airflow/.local/lib/python3.9/site-packages/airflow/example_dags/example_latest_only.py
[2025-12-11T04:45:08.997+0000] {logging_mixin.py:188} INFO - [2025-12-11T04:45:08.997+0000] {dag.py:3096} INFO - Sync 1 DAGs
[2025-12-11T04:45:09.057+0000] {logging_mixin.py:188} INFO - [2025-12-11T04:45:09.057+0000] {dag.py:3954} INFO - Setting next_dagrun for latest_only to 2025-12-11 00:00:00+00:00, run_after=2025-12-11 04:00:00+00:00
[2025-12-11T04:45:09.090+0000] {processor.py:183} INFO - Processing /home/airflow/.local/lib/python3.9/site-packages/airflow/example_dags/example_latest_only.py took 0.185 seconds
[2025-12-11T04:45:39.238+0000] {processor.py:161} INFO - Started process (PID=3579) to work on /home/airflow/.local/lib/python3.9/site-packages/airflow/example_dags/example_latest_only.py
[2025-12-11T04:45:39.239+0000] {processor.py:830} INFO - Processing file /home/airflow/.local/lib/python3.9/site-packages/airflow/example_dags/example_latest_only.py for tasks to queue
[2025-12-11T04:45:39.243+0000] {logging_mixin.py:188} INFO - [2025-12-11T04:45:39.243+0000] {dagbag.py:545} INFO - Filling up the DagBag from /home/airflow/.local/lib/python3.9/site-packages/airflow/example_dags/example_latest_only.py
[2025-12-11T04:45:39.251+0000] {processor.py:840} INFO - DAG(s) 'latest_only' retrieved from /home/airflow/.local/lib/python3.9/site-packages/airflow/example_dags/example_latest_only.py
[2025-12-11T04:45:39.289+0000] {logging_mixin.py:188} INFO - [2025-12-11T04:45:39.289+0000] {dag.py:3096} INFO - Sync 1 DAGs
[2025-12-11T04:45:39.332+0000] {logging_mixin.py:188} INFO - [2025-12-11T04:45:39.331+0000] {dag.py:3954} INFO - Setting next_dagrun for latest_only to 2025-12-11 00:00:00+00:00, run_after=2025-12-11 04:00:00+00:00
[2025-12-11T04:45:39.359+0000] {processor.py:183} INFO - Processing /home/airflow/.local/lib/python3.9/site-packages/airflow/example_dags/example_latest_only.py took 0.131 seconds
[2025-12-11T04:46:09.685+0000] {processor.py:161} INFO - Started process (PID=3646) to work on /home/airflow/.local/lib/python3.9/site-packages/airflow/example_dags/example_latest_only.py
[2025-12-11T04:46:09.756+0000] {processor.py:830} INFO - Processing file /home/airflow/.local/lib/python3.9/site-packages/airflow/example_dags/example_latest_only.py for tasks to queue
[2025-12-11T04:46:09.761+0000] {logging_mixin.py:188} INFO - [2025-12-11T04:46:09.760+0000] {dagbag.py:545} INFO - Filling up the DagBag from /home/airflow/.local/lib/python3.9/site-packages/airflow/example_dags/example_latest_only.py
[2025-12-11T04:46:09.777+0000] {processor.py:840} INFO - DAG(s) 'latest_only' retrieved from /home/airflow/.local/lib/python3.9/site-packages/airflow/example_dags/example_latest_only.py
[2025-12-11T04:46:09.845+0000] {logging_mixin.py:188} INFO - [2025-12-11T04:46:09.845+0000] {dag.py:3096} INFO - Sync 1 DAGs
[2025-12-11T04:46:09.898+0000] {logging_mixin.py:188} INFO - [2025-12-11T04:46:09.898+0000] {dag.py:3954} INFO - Setting next_dagrun for latest_only to 2025-12-11 00:00:00+00:00, run_after=2025-12-11 04:00:00+00:00
[2025-12-11T04:46:09.987+0000] {processor.py:183} INFO - Processing /home/airflow/.local/lib/python3.9/site-packages/airflow/example_dags/example_latest_only.py took 0.320 seconds
[2025-12-11T04:46:40.131+0000] {processor.py:161} INFO - Started process (PID=3713) to work on /home/airflow/.local/lib/python3.9/site-packages/airflow/example_dags/example_latest_only.py
[2025-12-11T04:46:40.198+0000] {processor.py:830} INFO - Processing file /home/airflow/.local/lib/python3.9/site-packages/airflow/example_dags/example_latest_only.py for tasks to queue
[2025-12-11T04:46:40.227+0000] {logging_mixin.py:188} INFO - [2025-12-11T04:46:40.227+0000] {dagbag.py:545} INFO - Filling up the DagBag from /home/airflow/.local/lib/python3.9/site-packages/airflow/example_dags/example_latest_only.py
[2025-12-11T04:46:40.237+0000] {processor.py:840} INFO - DAG(s) 'latest_only' retrieved from /home/airflow/.local/lib/python3.9/site-packages/airflow/example_dags/example_latest_only.py
[2025-12-11T04:46:40.278+0000] {logging_mixin.py:188} INFO - [2025-12-11T04:46:40.277+0000] {dag.py:3096} INFO - Sync 1 DAGs
[2025-12-11T04:46:40.318+0000] {logging_mixin.py:188} INFO - [2025-12-11T04:46:40.318+0000] {dag.py:3954} INFO - Setting next_dagrun for latest_only to 2025-12-11 00:00:00+00:00, run_after=2025-12-11 04:00:00+00:00
[2025-12-11T04:46:40.481+0000] {processor.py:183} INFO - Processing /home/airflow/.local/lib/python3.9/site-packages/airflow/example_dags/example_latest_only.py took 0.360 seconds
[2025-12-11T04:47:10.627+0000] {processor.py:161} INFO - Started process (PID=3780) to work on /home/airflow/.local/lib/python3.9/site-packages/airflow/example_dags/example_latest_only.py
[2025-12-11T04:47:10.638+0000] {processor.py:830} INFO - Processing file /home/airflow/.local/lib/python3.9/site-packages/airflow/example_dags/example_latest_only.py for tasks to queue
[2025-12-11T04:47:10.642+0000] {logging_mixin.py:188} INFO - [2025-12-11T04:47:10.642+0000] {dagbag.py:545} INFO - Filling up the DagBag from /home/airflow/.local/lib/python3.9/site-packages/airflow/example_dags/example_latest_only.py
[2025-12-11T04:47:10.657+0000] {processor.py:840} INFO - DAG(s) 'latest_only' retrieved from /home/airflow/.local/lib/python3.9/site-packages/airflow/example_dags/example_latest_only.py
[2025-12-11T04:47:10.718+0000] {logging_mixin.py:188} INFO - [2025-12-11T04:47:10.717+0000] {dag.py:3096} INFO - Sync 1 DAGs
[2025-12-11T04:47:10.768+0000] {logging_mixin.py:188} INFO - [2025-12-11T04:47:10.767+0000] {dag.py:3954} INFO - Setting next_dagrun for latest_only to 2025-12-11 00:00:00+00:00, run_after=2025-12-11 04:00:00+00:00
[2025-12-11T04:47:10.805+0000] {processor.py:183} INFO - Processing /home/airflow/.local/lib/python3.9/site-packages/airflow/example_dags/example_latest_only.py took 0.190 seconds
[2025-12-11T04:47:41.474+0000] {processor.py:161} INFO - Started process (PID=3847) to work on /home/airflow/.local/lib/python3.9/site-packages/airflow/example_dags/example_latest_only.py
[2025-12-11T04:47:41.475+0000] {processor.py:830} INFO - Processing file /home/airflow/.local/lib/python3.9/site-packages/airflow/example_dags/example_latest_only.py for tasks to queue
[2025-12-11T04:47:41.478+0000] {logging_mixin.py:188} INFO - [2025-12-11T04:47:41.477+0000] {dagbag.py:545} INFO - Filling up the DagBag from /home/airflow/.local/lib/python3.9/site-packages/airflow/example_dags/example_latest_only.py
[2025-12-11T04:47:41.486+0000] {processor.py:840} INFO - DAG(s) 'latest_only' retrieved from /home/airflow/.local/lib/python3.9/site-packages/airflow/example_dags/example_latest_only.py
[2025-12-11T04:47:41.524+0000] {logging_mixin.py:188} INFO - [2025-12-11T04:47:41.523+0000] {dag.py:3096} INFO - Sync 1 DAGs
[2025-12-11T04:47:41.564+0000] {logging_mixin.py:188} INFO - [2025-12-11T04:47:41.564+0000] {dag.py:3954} INFO - Setting next_dagrun for latest_only to 2025-12-11 00:00:00+00:00, run_after=2025-12-11 04:00:00+00:00
[2025-12-11T04:47:41.600+0000] {processor.py:183} INFO - Processing /home/airflow/.local/lib/python3.9/site-packages/airflow/example_dags/example_latest_only.py took 0.136 seconds
[2025-12-11T04:48:11.948+0000] {processor.py:161} INFO - Started process (PID=3914) to work on /home/airflow/.local/lib/python3.9/site-packages/airflow/example_dags/example_latest_only.py
[2025-12-11T04:48:11.951+0000] {processor.py:830} INFO - Processing file /home/airflow/.local/lib/python3.9/site-packages/airflow/example_dags/example_latest_only.py for tasks to queue
[2025-12-11T04:48:11.954+0000] {logging_mixin.py:188} INFO - [2025-12-11T04:48:11.954+0000] {dagbag.py:545} INFO - Filling up the DagBag from /home/airflow/.local/lib/python3.9/site-packages/airflow/example_dags/example_latest_only.py
[2025-12-11T04:48:11.964+0000] {processor.py:840} INFO - DAG(s) 'latest_only' retrieved from /home/airflow/.local/lib/python3.9/site-packages/airflow/example_dags/example_latest_only.py
[2025-12-11T04:48:12.004+0000] {logging_mixin.py:188} INFO - [2025-12-11T04:48:12.003+0000] {dag.py:3096} INFO - Sync 1 DAGs
[2025-12-11T04:48:12.047+0000] {logging_mixin.py:188} INFO - [2025-12-11T04:48:12.046+0000] {dag.py:3954} INFO - Setting next_dagrun for latest_only to 2025-12-11 00:00:00+00:00, run_after=2025-12-11 04:00:00+00:00
[2025-12-11T04:48:12.075+0000] {processor.py:183} INFO - Processing /home/airflow/.local/lib/python3.9/site-packages/airflow/example_dags/example_latest_only.py took 0.140 seconds
[2025-12-11T04:48:42.171+0000] {processor.py:161} INFO - Started process (PID=3981) to work on /home/airflow/.local/lib/python3.9/site-packages/airflow/example_dags/example_latest_only.py
[2025-12-11T04:48:42.199+0000] {processor.py:830} INFO - Processing file /home/airflow/.local/lib/python3.9/site-packages/airflow/example_dags/example_latest_only.py for tasks to queue
[2025-12-11T04:48:42.202+0000] {logging_mixin.py:188} INFO - [2025-12-11T04:48:42.202+0000] {dagbag.py:545} INFO - Filling up the DagBag from /home/airflow/.local/lib/python3.9/site-packages/airflow/example_dags/example_latest_only.py
[2025-12-11T04:48:42.211+0000] {processor.py:840} INFO - DAG(s) 'latest_only' retrieved from /home/airflow/.local/lib/python3.9/site-packages/airflow/example_dags/example_latest_only.py
[2025-12-11T04:48:42.254+0000] {logging_mixin.py:188} INFO - [2025-12-11T04:48:42.254+0000] {dag.py:3096} INFO - Sync 1 DAGs
[2025-12-11T04:48:42.298+0000] {logging_mixin.py:188} INFO - [2025-12-11T04:48:42.297+0000] {dag.py:3954} INFO - Setting next_dagrun for latest_only to 2025-12-11 00:00:00+00:00, run_after=2025-12-11 04:00:00+00:00
[2025-12-11T04:48:42.540+0000] {processor.py:183} INFO - Processing /home/airflow/.local/lib/python3.9/site-packages/airflow/example_dags/example_latest_only.py took 0.379 seconds
[2025-12-11T04:49:12.630+0000] {processor.py:161} INFO - Started process (PID=4048) to work on /home/airflow/.local/lib/python3.9/site-packages/airflow/example_dags/example_latest_only.py
[2025-12-11T04:49:12.856+0000] {processor.py:830} INFO - Processing file /home/airflow/.local/lib/python3.9/site-packages/airflow/example_dags/example_latest_only.py for tasks to queue
[2025-12-11T04:49:12.859+0000] {logging_mixin.py:188} INFO - [2025-12-11T04:49:12.858+0000] {dagbag.py:545} INFO - Filling up the DagBag from /home/airflow/.local/lib/python3.9/site-packages/airflow/example_dags/example_latest_only.py
[2025-12-11T04:49:12.869+0000] {processor.py:840} INFO - DAG(s) 'latest_only' retrieved from /home/airflow/.local/lib/python3.9/site-packages/airflow/example_dags/example_latest_only.py
[2025-12-11T04:49:12.912+0000] {logging_mixin.py:188} INFO - [2025-12-11T04:49:12.912+0000] {dag.py:3096} INFO - Sync 1 DAGs
[2025-12-11T04:49:12.956+0000] {logging_mixin.py:188} INFO - [2025-12-11T04:49:12.955+0000] {dag.py:3954} INFO - Setting next_dagrun for latest_only to 2025-12-11 00:00:00+00:00, run_after=2025-12-11 04:00:00+00:00
[2025-12-11T04:49:12.999+0000] {processor.py:183} INFO - Processing /home/airflow/.local/lib/python3.9/site-packages/airflow/example_dags/example_latest_only.py took 0.391 seconds
[2025-12-11T04:49:43.319+0000] {processor.py:161} INFO - Started process (PID=4121) to work on /home/airflow/.local/lib/python3.9/site-packages/airflow/example_dags/example_latest_only.py
[2025-12-11T04:49:43.330+0000] {processor.py:830} INFO - Processing file /home/airflow/.local/lib/python3.9/site-packages/airflow/example_dags/example_latest_only.py for tasks to queue
[2025-12-11T04:49:43.340+0000] {logging_mixin.py:188} INFO - [2025-12-11T04:49:43.339+0000] {dagbag.py:545} INFO - Filling up the DagBag from /home/airflow/.local/lib/python3.9/site-packages/airflow/example_dags/example_latest_only.py
[2025-12-11T04:49:43.377+0000] {processor.py:840} INFO - DAG(s) 'latest_only' retrieved from /home/airflow/.local/lib/python3.9/site-packages/airflow/example_dags/example_latest_only.py
[2025-12-11T04:49:43.619+0000] {logging_mixin.py:188} INFO - [2025-12-11T04:49:43.619+0000] {dag.py:3096} INFO - Sync 1 DAGs
[2025-12-11T04:49:43.760+0000] {logging_mixin.py:188} INFO - [2025-12-11T04:49:43.760+0000] {dag.py:3954} INFO - Setting next_dagrun for latest_only to 2025-12-11 00:00:00+00:00, run_after=2025-12-11 04:00:00+00:00
[2025-12-11T04:49:43.899+0000] {processor.py:183} INFO - Processing /home/airflow/.local/lib/python3.9/site-packages/airflow/example_dags/example_latest_only.py took 0.616 seconds
[2025-12-11T04:50:14.847+0000] {processor.py:161} INFO - Started process (PID=4187) to work on /home/airflow/.local/lib/python3.9/site-packages/airflow/example_dags/example_latest_only.py
[2025-12-11T04:50:14.857+0000] {processor.py:830} INFO - Processing file /home/airflow/.local/lib/python3.9/site-packages/airflow/example_dags/example_latest_only.py for tasks to queue
[2025-12-11T04:50:14.860+0000] {logging_mixin.py:188} INFO - [2025-12-11T04:50:14.860+0000] {dagbag.py:545} INFO - Filling up the DagBag from /home/airflow/.local/lib/python3.9/site-packages/airflow/example_dags/example_latest_only.py
[2025-12-11T04:50:14.869+0000] {processor.py:840} INFO - DAG(s) 'latest_only' retrieved from /home/airflow/.local/lib/python3.9/site-packages/airflow/example_dags/example_latest_only.py
[2025-12-11T04:50:14.926+0000] {logging_mixin.py:188} INFO - [2025-12-11T04:50:14.926+0000] {dag.py:3096} INFO - Sync 1 DAGs
[2025-12-11T04:50:14.997+0000] {logging_mixin.py:188} INFO - [2025-12-11T04:50:14.992+0000] {dag.py:3954} INFO - Setting next_dagrun for latest_only to 2025-12-11 00:00:00+00:00, run_after=2025-12-11 04:00:00+00:00
[2025-12-11T04:50:15.044+0000] {processor.py:183} INFO - Processing /home/airflow/.local/lib/python3.9/site-packages/airflow/example_dags/example_latest_only.py took 0.213 seconds
[2025-12-11T04:50:45.886+0000] {processor.py:161} INFO - Started process (PID=4254) to work on /home/airflow/.local/lib/python3.9/site-packages/airflow/example_dags/example_latest_only.py
[2025-12-11T04:50:45.888+0000] {processor.py:830} INFO - Processing file /home/airflow/.local/lib/python3.9/site-packages/airflow/example_dags/example_latest_only.py for tasks to queue
[2025-12-11T04:50:45.899+0000] {logging_mixin.py:188} INFO - [2025-12-11T04:50:45.899+0000] {dagbag.py:545} INFO - Filling up the DagBag from /home/airflow/.local/lib/python3.9/site-packages/airflow/example_dags/example_latest_only.py
[2025-12-11T04:50:45.906+0000] {processor.py:840} INFO - DAG(s) 'latest_only' retrieved from /home/airflow/.local/lib/python3.9/site-packages/airflow/example_dags/example_latest_only.py
[2025-12-11T04:50:45.960+0000] {logging_mixin.py:188} INFO - [2025-12-11T04:50:45.960+0000] {dag.py:3096} INFO - Sync 1 DAGs
[2025-12-11T04:50:46.062+0000] {logging_mixin.py:188} INFO - [2025-12-11T04:50:46.062+0000] {dag.py:3954} INFO - Setting next_dagrun for latest_only to 2025-12-11 00:00:00+00:00, run_after=2025-12-11 04:00:00+00:00
[2025-12-11T04:50:46.119+0000] {processor.py:183} INFO - Processing /home/airflow/.local/lib/python3.9/site-packages/airflow/example_dags/example_latest_only.py took 0.250 seconds
[2025-12-11T04:51:16.437+0000] {processor.py:161} INFO - Started process (PID=4320) to work on /home/airflow/.local/lib/python3.9/site-packages/airflow/example_dags/example_latest_only.py
[2025-12-11T04:51:16.439+0000] {processor.py:830} INFO - Processing file /home/airflow/.local/lib/python3.9/site-packages/airflow/example_dags/example_latest_only.py for tasks to queue
[2025-12-11T04:51:16.443+0000] {logging_mixin.py:188} INFO - [2025-12-11T04:51:16.442+0000] {dagbag.py:545} INFO - Filling up the DagBag from /home/airflow/.local/lib/python3.9/site-packages/airflow/example_dags/example_latest_only.py
[2025-12-11T04:51:16.460+0000] {processor.py:840} INFO - DAG(s) 'latest_only' retrieved from /home/airflow/.local/lib/python3.9/site-packages/airflow/example_dags/example_latest_only.py
[2025-12-11T04:51:16.540+0000] {logging_mixin.py:188} INFO - [2025-12-11T04:51:16.540+0000] {dag.py:3096} INFO - Sync 1 DAGs
[2025-12-11T04:51:16.645+0000] {logging_mixin.py:188} INFO - [2025-12-11T04:51:16.644+0000] {dag.py:3954} INFO - Setting next_dagrun for latest_only to 2025-12-11 00:00:00+00:00, run_after=2025-12-11 04:00:00+00:00
[2025-12-11T04:51:16.727+0000] {processor.py:183} INFO - Processing /home/airflow/.local/lib/python3.9/site-packages/airflow/example_dags/example_latest_only.py took 0.315 seconds
[2025-12-11T04:51:46.982+0000] {processor.py:161} INFO - Started process (PID=4387) to work on /home/airflow/.local/lib/python3.9/site-packages/airflow/example_dags/example_latest_only.py
[2025-12-11T04:51:46.984+0000] {processor.py:830} INFO - Processing file /home/airflow/.local/lib/python3.9/site-packages/airflow/example_dags/example_latest_only.py for tasks to queue
[2025-12-11T04:51:46.986+0000] {logging_mixin.py:188} INFO - [2025-12-11T04:51:46.986+0000] {dagbag.py:545} INFO - Filling up the DagBag from /home/airflow/.local/lib/python3.9/site-packages/airflow/example_dags/example_latest_only.py
[2025-12-11T04:51:47.002+0000] {processor.py:840} INFO - DAG(s) 'latest_only' retrieved from /home/airflow/.local/lib/python3.9/site-packages/airflow/example_dags/example_latest_only.py
[2025-12-11T04:51:47.065+0000] {logging_mixin.py:188} INFO - [2025-12-11T04:51:47.064+0000] {dag.py:3096} INFO - Sync 1 DAGs
[2025-12-11T04:51:47.113+0000] {logging_mixin.py:188} INFO - [2025-12-11T04:51:47.113+0000] {dag.py:3954} INFO - Setting next_dagrun for latest_only to 2025-12-11 00:00:00+00:00, run_after=2025-12-11 04:00:00+00:00
[2025-12-11T04:51:47.139+0000] {processor.py:183} INFO - Processing /home/airflow/.local/lib/python3.9/site-packages/airflow/example_dags/example_latest_only.py took 0.169 seconds
[2025-12-11T04:52:17.462+0000] {processor.py:161} INFO - Started process (PID=4454) to work on /home/airflow/.local/lib/python3.9/site-packages/airflow/example_dags/example_latest_only.py
[2025-12-11T04:52:17.465+0000] {processor.py:830} INFO - Processing file /home/airflow/.local/lib/python3.9/site-packages/airflow/example_dags/example_latest_only.py for tasks to queue
[2025-12-11T04:52:17.469+0000] {logging_mixin.py:188} INFO - [2025-12-11T04:52:17.468+0000] {dagbag.py:545} INFO - Filling up the DagBag from /home/airflow/.local/lib/python3.9/site-packages/airflow/example_dags/example_latest_only.py
[2025-12-11T04:52:17.482+0000] {processor.py:840} INFO - DAG(s) 'latest_only' retrieved from /home/airflow/.local/lib/python3.9/site-packages/airflow/example_dags/example_latest_only.py
[2025-12-11T04:52:17.533+0000] {logging_mixin.py:188} INFO - [2025-12-11T04:52:17.533+0000] {dag.py:3096} INFO - Sync 1 DAGs
[2025-12-11T04:52:17.582+0000] {logging_mixin.py:188} INFO - [2025-12-11T04:52:17.581+0000] {dag.py:3954} INFO - Setting next_dagrun for latest_only to 2025-12-11 00:00:00+00:00, run_after=2025-12-11 04:00:00+00:00
[2025-12-11T04:52:17.724+0000] {processor.py:183} INFO - Processing /home/airflow/.local/lib/python3.9/site-packages/airflow/example_dags/example_latest_only.py took 0.279 seconds
[2025-12-11T04:52:48.265+0000] {processor.py:161} INFO - Started process (PID=4521) to work on /home/airflow/.local/lib/python3.9/site-packages/airflow/example_dags/example_latest_only.py
[2025-12-11T04:52:48.277+0000] {processor.py:830} INFO - Processing file /home/airflow/.local/lib/python3.9/site-packages/airflow/example_dags/example_latest_only.py for tasks to queue
[2025-12-11T04:52:48.279+0000] {logging_mixin.py:188} INFO - [2025-12-11T04:52:48.279+0000] {dagbag.py:545} INFO - Filling up the DagBag from /home/airflow/.local/lib/python3.9/site-packages/airflow/example_dags/example_latest_only.py
[2025-12-11T04:52:48.288+0000] {processor.py:840} INFO - DAG(s) 'latest_only' retrieved from /home/airflow/.local/lib/python3.9/site-packages/airflow/example_dags/example_latest_only.py
[2025-12-11T04:52:48.364+0000] {logging_mixin.py:188} INFO - [2025-12-11T04:52:48.364+0000] {dag.py:3096} INFO - Sync 1 DAGs
[2025-12-11T04:52:48.458+0000] {logging_mixin.py:188} INFO - [2025-12-11T04:52:48.458+0000] {dag.py:3954} INFO - Setting next_dagrun for latest_only to 2025-12-11 00:00:00+00:00, run_after=2025-12-11 04:00:00+00:00
[2025-12-11T04:52:48.523+0000] {processor.py:183} INFO - Processing /home/airflow/.local/lib/python3.9/site-packages/airflow/example_dags/example_latest_only.py took 0.279 seconds
