[2025-12-11T04:18:43.061+0000] {processor.py:161} INFO - Started process (PID=99) to work on /home/airflow/.local/lib/python3.9/site-packages/airflow/example_dags/example_sla_dag.py
[2025-12-11T04:18:43.063+0000] {processor.py:830} INFO - Processing file /home/airflow/.local/lib/python3.9/site-packages/airflow/example_dags/example_sla_dag.py for tasks to queue
[2025-12-11T04:18:43.081+0000] {logging_mixin.py:188} INFO - [2025-12-11T04:18:43.080+0000] {dagbag.py:545} INFO - Filling up the DagBag from /home/airflow/.local/lib/python3.9/site-packages/airflow/example_dags/example_sla_dag.py
[2025-12-11T04:18:43.124+0000] {processor.py:840} INFO - DAG(s) 'example_sla_dag' retrieved from /home/airflow/.local/lib/python3.9/site-packages/airflow/example_dags/example_sla_dag.py
[2025-12-11T04:18:43.511+0000] {logging_mixin.py:188} INFO - [2025-12-11T04:18:43.511+0000] {dag.py:3096} INFO - Sync 1 DAGs
[2025-12-11T04:18:43.601+0000] {logging_mixin.py:188} INFO - [2025-12-11T04:18:43.601+0000] {dag.py:3954} INFO - Setting next_dagrun for example_sla_dag to 2025-12-11 04:16:00+00:00, run_after=2025-12-11 04:18:00+00:00
[2025-12-11T04:18:44.672+0000] {processor.py:183} INFO - Processing /home/airflow/.local/lib/python3.9/site-packages/airflow/example_dags/example_sla_dag.py took 1.634 seconds
[2025-12-11T04:19:19.002+0000] {processor.py:161} INFO - Started process (PID=165) to work on /home/airflow/.local/lib/python3.9/site-packages/airflow/example_dags/example_sla_dag.py
[2025-12-11T04:19:19.024+0000] {processor.py:830} INFO - Processing file /home/airflow/.local/lib/python3.9/site-packages/airflow/example_dags/example_sla_dag.py for tasks to queue
[2025-12-11T04:19:19.028+0000] {logging_mixin.py:188} INFO - [2025-12-11T04:19:19.027+0000] {dagbag.py:545} INFO - Filling up the DagBag from /home/airflow/.local/lib/python3.9/site-packages/airflow/example_dags/example_sla_dag.py
[2025-12-11T04:19:19.043+0000] {processor.py:840} INFO - DAG(s) 'example_sla_dag' retrieved from /home/airflow/.local/lib/python3.9/site-packages/airflow/example_dags/example_sla_dag.py
[2025-12-11T04:19:19.105+0000] {logging_mixin.py:188} INFO - [2025-12-11T04:19:19.104+0000] {dag.py:3096} INFO - Sync 1 DAGs
[2025-12-11T04:19:19.148+0000] {logging_mixin.py:188} INFO - [2025-12-11T04:19:19.148+0000] {dag.py:3954} INFO - Setting next_dagrun for example_sla_dag to 2025-12-11 04:16:00+00:00, run_after=2025-12-11 04:18:00+00:00
[2025-12-11T04:19:19.189+0000] {processor.py:183} INFO - Processing /home/airflow/.local/lib/python3.9/site-packages/airflow/example_dags/example_sla_dag.py took 0.196 seconds
[2025-12-11T04:19:49.521+0000] {processor.py:161} INFO - Started process (PID=229) to work on /home/airflow/.local/lib/python3.9/site-packages/airflow/example_dags/example_sla_dag.py
[2025-12-11T04:19:49.635+0000] {processor.py:830} INFO - Processing file /home/airflow/.local/lib/python3.9/site-packages/airflow/example_dags/example_sla_dag.py for tasks to queue
[2025-12-11T04:19:49.639+0000] {logging_mixin.py:188} INFO - [2025-12-11T04:19:49.638+0000] {dagbag.py:545} INFO - Filling up the DagBag from /home/airflow/.local/lib/python3.9/site-packages/airflow/example_dags/example_sla_dag.py
[2025-12-11T04:19:49.684+0000] {processor.py:840} INFO - DAG(s) 'example_sla_dag' retrieved from /home/airflow/.local/lib/python3.9/site-packages/airflow/example_dags/example_sla_dag.py
[2025-12-11T04:19:49.764+0000] {logging_mixin.py:188} INFO - [2025-12-11T04:19:49.764+0000] {dag.py:3096} INFO - Sync 1 DAGs
[2025-12-11T04:19:49.860+0000] {logging_mixin.py:188} INFO - [2025-12-11T04:19:49.860+0000] {dag.py:3954} INFO - Setting next_dagrun for example_sla_dag to 2025-12-11 04:16:00+00:00, run_after=2025-12-11 04:18:00+00:00
[2025-12-11T04:19:49.979+0000] {processor.py:183} INFO - Processing /home/airflow/.local/lib/python3.9/site-packages/airflow/example_dags/example_sla_dag.py took 0.495 seconds
[2025-12-11T04:20:20.528+0000] {processor.py:161} INFO - Started process (PID=295) to work on /home/airflow/.local/lib/python3.9/site-packages/airflow/example_dags/example_sla_dag.py
[2025-12-11T04:20:20.544+0000] {processor.py:830} INFO - Processing file /home/airflow/.local/lib/python3.9/site-packages/airflow/example_dags/example_sla_dag.py for tasks to queue
[2025-12-11T04:20:20.558+0000] {logging_mixin.py:188} INFO - [2025-12-11T04:20:20.558+0000] {dagbag.py:545} INFO - Filling up the DagBag from /home/airflow/.local/lib/python3.9/site-packages/airflow/example_dags/example_sla_dag.py
[2025-12-11T04:20:20.581+0000] {processor.py:840} INFO - DAG(s) 'example_sla_dag' retrieved from /home/airflow/.local/lib/python3.9/site-packages/airflow/example_dags/example_sla_dag.py
[2025-12-11T04:20:20.697+0000] {logging_mixin.py:188} INFO - [2025-12-11T04:20:20.686+0000] {dag.py:3096} INFO - Sync 1 DAGs
[2025-12-11T04:20:20.785+0000] {logging_mixin.py:188} INFO - [2025-12-11T04:20:20.785+0000] {dag.py:3954} INFO - Setting next_dagrun for example_sla_dag to 2025-12-11 04:18:00+00:00, run_after=2025-12-11 04:20:00+00:00
[2025-12-11T04:20:20.879+0000] {processor.py:183} INFO - Processing /home/airflow/.local/lib/python3.9/site-packages/airflow/example_dags/example_sla_dag.py took 0.363 seconds
[2025-12-11T04:20:51.737+0000] {processor.py:161} INFO - Started process (PID=361) to work on /home/airflow/.local/lib/python3.9/site-packages/airflow/example_dags/example_sla_dag.py
[2025-12-11T04:20:51.791+0000] {processor.py:830} INFO - Processing file /home/airflow/.local/lib/python3.9/site-packages/airflow/example_dags/example_sla_dag.py for tasks to queue
[2025-12-11T04:20:51.799+0000] {logging_mixin.py:188} INFO - [2025-12-11T04:20:51.799+0000] {dagbag.py:545} INFO - Filling up the DagBag from /home/airflow/.local/lib/python3.9/site-packages/airflow/example_dags/example_sla_dag.py
[2025-12-11T04:20:51.824+0000] {processor.py:840} INFO - DAG(s) 'example_sla_dag' retrieved from /home/airflow/.local/lib/python3.9/site-packages/airflow/example_dags/example_sla_dag.py
[2025-12-11T04:20:51.960+0000] {logging_mixin.py:188} INFO - [2025-12-11T04:20:51.959+0000] {dag.py:3096} INFO - Sync 1 DAGs
[2025-12-11T04:20:52.101+0000] {logging_mixin.py:188} INFO - [2025-12-11T04:20:52.100+0000] {dag.py:3954} INFO - Setting next_dagrun for example_sla_dag to 2025-12-11 04:18:00+00:00, run_after=2025-12-11 04:20:00+00:00
[2025-12-11T04:20:52.217+0000] {processor.py:183} INFO - Processing /home/airflow/.local/lib/python3.9/site-packages/airflow/example_dags/example_sla_dag.py took 0.515 seconds
[2025-12-11T04:21:23.182+0000] {processor.py:161} INFO - Started process (PID=426) to work on /home/airflow/.local/lib/python3.9/site-packages/airflow/example_dags/example_sla_dag.py
[2025-12-11T04:21:23.198+0000] {processor.py:830} INFO - Processing file /home/airflow/.local/lib/python3.9/site-packages/airflow/example_dags/example_sla_dag.py for tasks to queue
[2025-12-11T04:21:23.218+0000] {logging_mixin.py:188} INFO - [2025-12-11T04:21:23.218+0000] {dagbag.py:545} INFO - Filling up the DagBag from /home/airflow/.local/lib/python3.9/site-packages/airflow/example_dags/example_sla_dag.py
[2025-12-11T04:21:23.261+0000] {processor.py:840} INFO - DAG(s) 'example_sla_dag' retrieved from /home/airflow/.local/lib/python3.9/site-packages/airflow/example_dags/example_sla_dag.py
[2025-12-11T04:21:23.357+0000] {logging_mixin.py:188} INFO - [2025-12-11T04:21:23.348+0000] {dag.py:3096} INFO - Sync 1 DAGs
[2025-12-11T04:21:23.466+0000] {logging_mixin.py:188} INFO - [2025-12-11T04:21:23.465+0000] {dag.py:3954} INFO - Setting next_dagrun for example_sla_dag to 2025-12-11 04:18:00+00:00, run_after=2025-12-11 04:20:00+00:00
[2025-12-11T04:21:23.577+0000] {processor.py:183} INFO - Processing /home/airflow/.local/lib/python3.9/site-packages/airflow/example_dags/example_sla_dag.py took 0.457 seconds
[2025-12-11T04:21:53.806+0000] {processor.py:161} INFO - Started process (PID=491) to work on /home/airflow/.local/lib/python3.9/site-packages/airflow/example_dags/example_sla_dag.py
[2025-12-11T04:21:53.845+0000] {processor.py:830} INFO - Processing file /home/airflow/.local/lib/python3.9/site-packages/airflow/example_dags/example_sla_dag.py for tasks to queue
[2025-12-11T04:21:53.854+0000] {logging_mixin.py:188} INFO - [2025-12-11T04:21:53.853+0000] {dagbag.py:545} INFO - Filling up the DagBag from /home/airflow/.local/lib/python3.9/site-packages/airflow/example_dags/example_sla_dag.py
[2025-12-11T04:21:53.873+0000] {processor.py:840} INFO - DAG(s) 'example_sla_dag' retrieved from /home/airflow/.local/lib/python3.9/site-packages/airflow/example_dags/example_sla_dag.py
[2025-12-11T04:21:53.919+0000] {logging_mixin.py:188} INFO - [2025-12-11T04:21:53.918+0000] {dag.py:3096} INFO - Sync 1 DAGs
[2025-12-11T04:21:53.981+0000] {logging_mixin.py:188} INFO - [2025-12-11T04:21:53.981+0000] {dag.py:3954} INFO - Setting next_dagrun for example_sla_dag to 2025-12-11 04:18:00+00:00, run_after=2025-12-11 04:20:00+00:00
[2025-12-11T04:21:54.066+0000] {processor.py:183} INFO - Processing /home/airflow/.local/lib/python3.9/site-packages/airflow/example_dags/example_sla_dag.py took 0.281 seconds
[2025-12-11T04:22:24.586+0000] {processor.py:161} INFO - Started process (PID=558) to work on /home/airflow/.local/lib/python3.9/site-packages/airflow/example_dags/example_sla_dag.py
[2025-12-11T04:22:24.587+0000] {processor.py:830} INFO - Processing file /home/airflow/.local/lib/python3.9/site-packages/airflow/example_dags/example_sla_dag.py for tasks to queue
[2025-12-11T04:22:24.598+0000] {logging_mixin.py:188} INFO - [2025-12-11T04:22:24.597+0000] {dagbag.py:545} INFO - Filling up the DagBag from /home/airflow/.local/lib/python3.9/site-packages/airflow/example_dags/example_sla_dag.py
[2025-12-11T04:22:24.610+0000] {processor.py:840} INFO - DAG(s) 'example_sla_dag' retrieved from /home/airflow/.local/lib/python3.9/site-packages/airflow/example_dags/example_sla_dag.py
[2025-12-11T04:22:24.665+0000] {logging_mixin.py:188} INFO - [2025-12-11T04:22:24.664+0000] {dag.py:3096} INFO - Sync 1 DAGs
[2025-12-11T04:22:24.730+0000] {logging_mixin.py:188} INFO - [2025-12-11T04:22:24.730+0000] {dag.py:3954} INFO - Setting next_dagrun for example_sla_dag to 2025-12-11 04:20:00+00:00, run_after=2025-12-11 04:22:00+00:00
[2025-12-11T04:22:24.778+0000] {processor.py:183} INFO - Processing /home/airflow/.local/lib/python3.9/site-packages/airflow/example_dags/example_sla_dag.py took 0.208 seconds
[2025-12-11T04:22:55.357+0000] {processor.py:161} INFO - Started process (PID=624) to work on /home/airflow/.local/lib/python3.9/site-packages/airflow/example_dags/example_sla_dag.py
[2025-12-11T04:22:55.359+0000] {processor.py:830} INFO - Processing file /home/airflow/.local/lib/python3.9/site-packages/airflow/example_dags/example_sla_dag.py for tasks to queue
[2025-12-11T04:22:55.361+0000] {logging_mixin.py:188} INFO - [2025-12-11T04:22:55.361+0000] {dagbag.py:545} INFO - Filling up the DagBag from /home/airflow/.local/lib/python3.9/site-packages/airflow/example_dags/example_sla_dag.py
[2025-12-11T04:22:55.384+0000] {processor.py:840} INFO - DAG(s) 'example_sla_dag' retrieved from /home/airflow/.local/lib/python3.9/site-packages/airflow/example_dags/example_sla_dag.py
[2025-12-11T04:22:55.442+0000] {logging_mixin.py:188} INFO - [2025-12-11T04:22:55.442+0000] {dag.py:3096} INFO - Sync 1 DAGs
[2025-12-11T04:22:55.509+0000] {logging_mixin.py:188} INFO - [2025-12-11T04:22:55.509+0000] {dag.py:3954} INFO - Setting next_dagrun for example_sla_dag to 2025-12-11 04:20:00+00:00, run_after=2025-12-11 04:22:00+00:00
[2025-12-11T04:22:55.560+0000] {processor.py:183} INFO - Processing /home/airflow/.local/lib/python3.9/site-packages/airflow/example_dags/example_sla_dag.py took 0.221 seconds
[2025-12-11T04:23:25.788+0000] {processor.py:161} INFO - Started process (PID=690) to work on /home/airflow/.local/lib/python3.9/site-packages/airflow/example_dags/example_sla_dag.py
[2025-12-11T04:23:25.840+0000] {processor.py:830} INFO - Processing file /home/airflow/.local/lib/python3.9/site-packages/airflow/example_dags/example_sla_dag.py for tasks to queue
[2025-12-11T04:23:25.843+0000] {logging_mixin.py:188} INFO - [2025-12-11T04:23:25.843+0000] {dagbag.py:545} INFO - Filling up the DagBag from /home/airflow/.local/lib/python3.9/site-packages/airflow/example_dags/example_sla_dag.py
[2025-12-11T04:23:25.864+0000] {processor.py:840} INFO - DAG(s) 'example_sla_dag' retrieved from /home/airflow/.local/lib/python3.9/site-packages/airflow/example_dags/example_sla_dag.py
[2025-12-11T04:23:25.939+0000] {logging_mixin.py:188} INFO - [2025-12-11T04:23:25.938+0000] {dag.py:3096} INFO - Sync 1 DAGs
[2025-12-11T04:23:25.995+0000] {logging_mixin.py:188} INFO - [2025-12-11T04:23:25.994+0000] {dag.py:3954} INFO - Setting next_dagrun for example_sla_dag to 2025-12-11 04:20:00+00:00, run_after=2025-12-11 04:22:00+00:00
[2025-12-11T04:23:26.089+0000] {processor.py:183} INFO - Processing /home/airflow/.local/lib/python3.9/site-packages/airflow/example_dags/example_sla_dag.py took 0.318 seconds
[2025-12-11T04:23:56.480+0000] {processor.py:161} INFO - Started process (PID=756) to work on /home/airflow/.local/lib/python3.9/site-packages/airflow/example_dags/example_sla_dag.py
[2025-12-11T04:23:56.482+0000] {processor.py:830} INFO - Processing file /home/airflow/.local/lib/python3.9/site-packages/airflow/example_dags/example_sla_dag.py for tasks to queue
[2025-12-11T04:23:56.485+0000] {logging_mixin.py:188} INFO - [2025-12-11T04:23:56.484+0000] {dagbag.py:545} INFO - Filling up the DagBag from /home/airflow/.local/lib/python3.9/site-packages/airflow/example_dags/example_sla_dag.py
[2025-12-11T04:23:56.537+0000] {processor.py:840} INFO - DAG(s) 'example_sla_dag' retrieved from /home/airflow/.local/lib/python3.9/site-packages/airflow/example_dags/example_sla_dag.py
[2025-12-11T04:23:56.618+0000] {logging_mixin.py:188} INFO - [2025-12-11T04:23:56.618+0000] {dag.py:3096} INFO - Sync 1 DAGs
[2025-12-11T04:23:56.685+0000] {logging_mixin.py:188} INFO - [2025-12-11T04:23:56.685+0000] {dag.py:3954} INFO - Setting next_dagrun for example_sla_dag to 2025-12-11 04:20:00+00:00, run_after=2025-12-11 04:22:00+00:00
[2025-12-11T04:23:56.726+0000] {processor.py:183} INFO - Processing /home/airflow/.local/lib/python3.9/site-packages/airflow/example_dags/example_sla_dag.py took 0.282 seconds
[2025-12-11T04:24:27.027+0000] {processor.py:161} INFO - Started process (PID=822) to work on /home/airflow/.local/lib/python3.9/site-packages/airflow/example_dags/example_sla_dag.py
[2025-12-11T04:24:27.032+0000] {processor.py:830} INFO - Processing file /home/airflow/.local/lib/python3.9/site-packages/airflow/example_dags/example_sla_dag.py for tasks to queue
[2025-12-11T04:24:27.041+0000] {logging_mixin.py:188} INFO - [2025-12-11T04:24:27.040+0000] {dagbag.py:545} INFO - Filling up the DagBag from /home/airflow/.local/lib/python3.9/site-packages/airflow/example_dags/example_sla_dag.py
[2025-12-11T04:24:27.061+0000] {processor.py:840} INFO - DAG(s) 'example_sla_dag' retrieved from /home/airflow/.local/lib/python3.9/site-packages/airflow/example_dags/example_sla_dag.py
[2025-12-11T04:24:27.159+0000] {logging_mixin.py:188} INFO - [2025-12-11T04:24:27.158+0000] {dag.py:3096} INFO - Sync 1 DAGs
[2025-12-11T04:24:27.249+0000] {logging_mixin.py:188} INFO - [2025-12-11T04:24:27.249+0000] {dag.py:3954} INFO - Setting next_dagrun for example_sla_dag to 2025-12-11 04:22:00+00:00, run_after=2025-12-11 04:24:00+00:00
[2025-12-11T04:24:27.299+0000] {processor.py:183} INFO - Processing /home/airflow/.local/lib/python3.9/site-packages/airflow/example_dags/example_sla_dag.py took 0.293 seconds
[2025-12-11T04:24:57.873+0000] {processor.py:161} INFO - Started process (PID=888) to work on /home/airflow/.local/lib/python3.9/site-packages/airflow/example_dags/example_sla_dag.py
[2025-12-11T04:24:57.883+0000] {processor.py:830} INFO - Processing file /home/airflow/.local/lib/python3.9/site-packages/airflow/example_dags/example_sla_dag.py for tasks to queue
[2025-12-11T04:24:57.890+0000] {logging_mixin.py:188} INFO - [2025-12-11T04:24:57.889+0000] {dagbag.py:545} INFO - Filling up the DagBag from /home/airflow/.local/lib/python3.9/site-packages/airflow/example_dags/example_sla_dag.py
[2025-12-11T04:24:57.918+0000] {processor.py:840} INFO - DAG(s) 'example_sla_dag' retrieved from /home/airflow/.local/lib/python3.9/site-packages/airflow/example_dags/example_sla_dag.py
[2025-12-11T04:24:57.973+0000] {logging_mixin.py:188} INFO - [2025-12-11T04:24:57.973+0000] {dag.py:3096} INFO - Sync 1 DAGs
[2025-12-11T04:24:58.046+0000] {logging_mixin.py:188} INFO - [2025-12-11T04:24:58.046+0000] {dag.py:3954} INFO - Setting next_dagrun for example_sla_dag to 2025-12-11 04:22:00+00:00, run_after=2025-12-11 04:24:00+00:00
[2025-12-11T04:24:58.260+0000] {processor.py:183} INFO - Processing /home/airflow/.local/lib/python3.9/site-packages/airflow/example_dags/example_sla_dag.py took 0.407 seconds
[2025-12-11T04:25:28.448+0000] {processor.py:161} INFO - Started process (PID=953) to work on /home/airflow/.local/lib/python3.9/site-packages/airflow/example_dags/example_sla_dag.py
[2025-12-11T04:25:28.469+0000] {processor.py:830} INFO - Processing file /home/airflow/.local/lib/python3.9/site-packages/airflow/example_dags/example_sla_dag.py for tasks to queue
[2025-12-11T04:25:28.472+0000] {logging_mixin.py:188} INFO - [2025-12-11T04:25:28.471+0000] {dagbag.py:545} INFO - Filling up the DagBag from /home/airflow/.local/lib/python3.9/site-packages/airflow/example_dags/example_sla_dag.py
[2025-12-11T04:25:28.485+0000] {processor.py:840} INFO - DAG(s) 'example_sla_dag' retrieved from /home/airflow/.local/lib/python3.9/site-packages/airflow/example_dags/example_sla_dag.py
[2025-12-11T04:25:28.523+0000] {logging_mixin.py:188} INFO - [2025-12-11T04:25:28.522+0000] {dag.py:3096} INFO - Sync 1 DAGs
[2025-12-11T04:25:28.562+0000] {logging_mixin.py:188} INFO - [2025-12-11T04:25:28.562+0000] {dag.py:3954} INFO - Setting next_dagrun for example_sla_dag to 2025-12-11 04:22:00+00:00, run_after=2025-12-11 04:24:00+00:00
[2025-12-11T04:25:28.593+0000] {processor.py:183} INFO - Processing /home/airflow/.local/lib/python3.9/site-packages/airflow/example_dags/example_sla_dag.py took 0.155 seconds
[2025-12-11T04:25:58.691+0000] {processor.py:161} INFO - Started process (PID=1018) to work on /home/airflow/.local/lib/python3.9/site-packages/airflow/example_dags/example_sla_dag.py
[2025-12-11T04:25:58.699+0000] {processor.py:830} INFO - Processing file /home/airflow/.local/lib/python3.9/site-packages/airflow/example_dags/example_sla_dag.py for tasks to queue
[2025-12-11T04:25:58.701+0000] {logging_mixin.py:188} INFO - [2025-12-11T04:25:58.701+0000] {dagbag.py:545} INFO - Filling up the DagBag from /home/airflow/.local/lib/python3.9/site-packages/airflow/example_dags/example_sla_dag.py
[2025-12-11T04:25:58.714+0000] {processor.py:840} INFO - DAG(s) 'example_sla_dag' retrieved from /home/airflow/.local/lib/python3.9/site-packages/airflow/example_dags/example_sla_dag.py
[2025-12-11T04:25:58.747+0000] {logging_mixin.py:188} INFO - [2025-12-11T04:25:58.747+0000] {dag.py:3096} INFO - Sync 1 DAGs
[2025-12-11T04:25:58.782+0000] {logging_mixin.py:188} INFO - [2025-12-11T04:25:58.782+0000] {dag.py:3954} INFO - Setting next_dagrun for example_sla_dag to 2025-12-11 04:22:00+00:00, run_after=2025-12-11 04:24:00+00:00
[2025-12-11T04:25:58.808+0000] {processor.py:183} INFO - Processing /home/airflow/.local/lib/python3.9/site-packages/airflow/example_dags/example_sla_dag.py took 0.127 seconds
[2025-12-11T04:26:29.457+0000] {processor.py:161} INFO - Started process (PID=1085) to work on /home/airflow/.local/lib/python3.9/site-packages/airflow/example_dags/example_sla_dag.py
[2025-12-11T04:26:29.465+0000] {processor.py:830} INFO - Processing file /home/airflow/.local/lib/python3.9/site-packages/airflow/example_dags/example_sla_dag.py for tasks to queue
[2025-12-11T04:26:29.468+0000] {logging_mixin.py:188} INFO - [2025-12-11T04:26:29.468+0000] {dagbag.py:545} INFO - Filling up the DagBag from /home/airflow/.local/lib/python3.9/site-packages/airflow/example_dags/example_sla_dag.py
[2025-12-11T04:26:29.483+0000] {processor.py:840} INFO - DAG(s) 'example_sla_dag' retrieved from /home/airflow/.local/lib/python3.9/site-packages/airflow/example_dags/example_sla_dag.py
[2025-12-11T04:26:29.525+0000] {logging_mixin.py:188} INFO - [2025-12-11T04:26:29.525+0000] {dag.py:3096} INFO - Sync 1 DAGs
[2025-12-11T04:26:29.571+0000] {logging_mixin.py:188} INFO - [2025-12-11T04:26:29.570+0000] {dag.py:3954} INFO - Setting next_dagrun for example_sla_dag to 2025-12-11 04:24:00+00:00, run_after=2025-12-11 04:26:00+00:00
[2025-12-11T04:26:29.604+0000] {processor.py:183} INFO - Processing /home/airflow/.local/lib/python3.9/site-packages/airflow/example_dags/example_sla_dag.py took 0.161 seconds
[2025-12-11T04:27:01.105+0000] {processor.py:161} INFO - Started process (PID=1158) to work on /home/airflow/.local/lib/python3.9/site-packages/airflow/example_dags/example_sla_dag.py
[2025-12-11T04:27:01.112+0000] {processor.py:830} INFO - Processing file /home/airflow/.local/lib/python3.9/site-packages/airflow/example_dags/example_sla_dag.py for tasks to queue
[2025-12-11T04:27:01.119+0000] {logging_mixin.py:188} INFO - [2025-12-11T04:27:01.119+0000] {dagbag.py:545} INFO - Filling up the DagBag from /home/airflow/.local/lib/python3.9/site-packages/airflow/example_dags/example_sla_dag.py
[2025-12-11T04:27:01.144+0000] {processor.py:840} INFO - DAG(s) 'example_sla_dag' retrieved from /home/airflow/.local/lib/python3.9/site-packages/airflow/example_dags/example_sla_dag.py
[2025-12-11T04:27:01.196+0000] {logging_mixin.py:188} INFO - [2025-12-11T04:27:01.195+0000] {dag.py:3096} INFO - Sync 1 DAGs
[2025-12-11T04:27:01.261+0000] {logging_mixin.py:188} INFO - [2025-12-11T04:27:01.260+0000] {dag.py:3954} INFO - Setting next_dagrun for example_sla_dag to 2025-12-11 04:24:00+00:00, run_after=2025-12-11 04:26:00+00:00
[2025-12-11T04:27:01.460+0000] {processor.py:183} INFO - Processing /home/airflow/.local/lib/python3.9/site-packages/airflow/example_dags/example_sla_dag.py took 0.373 seconds
[2025-12-11T04:27:31.837+0000] {processor.py:161} INFO - Started process (PID=1224) to work on /home/airflow/.local/lib/python3.9/site-packages/airflow/example_dags/example_sla_dag.py
[2025-12-11T04:27:31.843+0000] {processor.py:830} INFO - Processing file /home/airflow/.local/lib/python3.9/site-packages/airflow/example_dags/example_sla_dag.py for tasks to queue
[2025-12-11T04:27:31.846+0000] {logging_mixin.py:188} INFO - [2025-12-11T04:27:31.846+0000] {dagbag.py:545} INFO - Filling up the DagBag from /home/airflow/.local/lib/python3.9/site-packages/airflow/example_dags/example_sla_dag.py
[2025-12-11T04:27:31.902+0000] {processor.py:840} INFO - DAG(s) 'example_sla_dag' retrieved from /home/airflow/.local/lib/python3.9/site-packages/airflow/example_dags/example_sla_dag.py
[2025-12-11T04:27:32.000+0000] {logging_mixin.py:188} INFO - [2025-12-11T04:27:31.999+0000] {dag.py:3096} INFO - Sync 1 DAGs
[2025-12-11T04:27:32.138+0000] {logging_mixin.py:188} INFO - [2025-12-11T04:27:32.138+0000] {dag.py:3954} INFO - Setting next_dagrun for example_sla_dag to 2025-12-11 04:24:00+00:00, run_after=2025-12-11 04:26:00+00:00
[2025-12-11T04:27:32.258+0000] {processor.py:183} INFO - Processing /home/airflow/.local/lib/python3.9/site-packages/airflow/example_dags/example_sla_dag.py took 0.456 seconds
[2025-12-11T04:28:03.358+0000] {processor.py:161} INFO - Started process (PID=1290) to work on /home/airflow/.local/lib/python3.9/site-packages/airflow/example_dags/example_sla_dag.py
[2025-12-11T04:28:03.359+0000] {processor.py:830} INFO - Processing file /home/airflow/.local/lib/python3.9/site-packages/airflow/example_dags/example_sla_dag.py for tasks to queue
[2025-12-11T04:28:03.361+0000] {logging_mixin.py:188} INFO - [2025-12-11T04:28:03.361+0000] {dagbag.py:545} INFO - Filling up the DagBag from /home/airflow/.local/lib/python3.9/site-packages/airflow/example_dags/example_sla_dag.py
[2025-12-11T04:28:03.398+0000] {processor.py:840} INFO - DAG(s) 'example_sla_dag' retrieved from /home/airflow/.local/lib/python3.9/site-packages/airflow/example_dags/example_sla_dag.py
[2025-12-11T04:28:03.477+0000] {logging_mixin.py:188} INFO - [2025-12-11T04:28:03.469+0000] {dag.py:3096} INFO - Sync 1 DAGs
[2025-12-11T04:28:03.559+0000] {logging_mixin.py:188} INFO - [2025-12-11T04:28:03.559+0000] {dag.py:3954} INFO - Setting next_dagrun for example_sla_dag to 2025-12-11 04:26:00+00:00, run_after=2025-12-11 04:28:00+00:00
[2025-12-11T04:28:03.624+0000] {processor.py:183} INFO - Processing /home/airflow/.local/lib/python3.9/site-packages/airflow/example_dags/example_sla_dag.py took 0.300 seconds
[2025-12-11T04:28:33.987+0000] {processor.py:161} INFO - Started process (PID=1356) to work on /home/airflow/.local/lib/python3.9/site-packages/airflow/example_dags/example_sla_dag.py
[2025-12-11T04:28:34.044+0000] {processor.py:830} INFO - Processing file /home/airflow/.local/lib/python3.9/site-packages/airflow/example_dags/example_sla_dag.py for tasks to queue
[2025-12-11T04:28:34.049+0000] {logging_mixin.py:188} INFO - [2025-12-11T04:28:34.048+0000] {dagbag.py:545} INFO - Filling up the DagBag from /home/airflow/.local/lib/python3.9/site-packages/airflow/example_dags/example_sla_dag.py
[2025-12-11T04:28:34.084+0000] {processor.py:840} INFO - DAG(s) 'example_sla_dag' retrieved from /home/airflow/.local/lib/python3.9/site-packages/airflow/example_dags/example_sla_dag.py
[2025-12-11T04:28:34.186+0000] {logging_mixin.py:188} INFO - [2025-12-11T04:28:34.185+0000] {dag.py:3096} INFO - Sync 1 DAGs
[2025-12-11T04:28:34.286+0000] {logging_mixin.py:188} INFO - [2025-12-11T04:28:34.285+0000] {dag.py:3954} INFO - Setting next_dagrun for example_sla_dag to 2025-12-11 04:26:00+00:00, run_after=2025-12-11 04:28:00+00:00
[2025-12-11T04:28:34.363+0000] {processor.py:183} INFO - Processing /home/airflow/.local/lib/python3.9/site-packages/airflow/example_dags/example_sla_dag.py took 0.399 seconds
[2025-12-11T04:29:04.862+0000] {processor.py:161} INFO - Started process (PID=1421) to work on /home/airflow/.local/lib/python3.9/site-packages/airflow/example_dags/example_sla_dag.py
[2025-12-11T04:29:04.864+0000] {processor.py:830} INFO - Processing file /home/airflow/.local/lib/python3.9/site-packages/airflow/example_dags/example_sla_dag.py for tasks to queue
[2025-12-11T04:29:04.878+0000] {logging_mixin.py:188} INFO - [2025-12-11T04:29:04.878+0000] {dagbag.py:545} INFO - Filling up the DagBag from /home/airflow/.local/lib/python3.9/site-packages/airflow/example_dags/example_sla_dag.py
[2025-12-11T04:29:04.899+0000] {processor.py:840} INFO - DAG(s) 'example_sla_dag' retrieved from /home/airflow/.local/lib/python3.9/site-packages/airflow/example_dags/example_sla_dag.py
[2025-12-11T04:29:04.980+0000] {logging_mixin.py:188} INFO - [2025-12-11T04:29:04.980+0000] {dag.py:3096} INFO - Sync 1 DAGs
[2025-12-11T04:29:05.104+0000] {logging_mixin.py:188} INFO - [2025-12-11T04:29:05.104+0000] {dag.py:3954} INFO - Setting next_dagrun for example_sla_dag to 2025-12-11 04:26:00+00:00, run_after=2025-12-11 04:28:00+00:00
[2025-12-11T04:29:05.199+0000] {processor.py:183} INFO - Processing /home/airflow/.local/lib/python3.9/site-packages/airflow/example_dags/example_sla_dag.py took 0.357 seconds
[2025-12-11T04:29:35.706+0000] {processor.py:161} INFO - Started process (PID=1488) to work on /home/airflow/.local/lib/python3.9/site-packages/airflow/example_dags/example_sla_dag.py
[2025-12-11T04:29:35.717+0000] {processor.py:830} INFO - Processing file /home/airflow/.local/lib/python3.9/site-packages/airflow/example_dags/example_sla_dag.py for tasks to queue
[2025-12-11T04:29:35.720+0000] {logging_mixin.py:188} INFO - [2025-12-11T04:29:35.719+0000] {dagbag.py:545} INFO - Filling up the DagBag from /home/airflow/.local/lib/python3.9/site-packages/airflow/example_dags/example_sla_dag.py
[2025-12-11T04:29:35.741+0000] {processor.py:840} INFO - DAG(s) 'example_sla_dag' retrieved from /home/airflow/.local/lib/python3.9/site-packages/airflow/example_dags/example_sla_dag.py
[2025-12-11T04:29:35.839+0000] {logging_mixin.py:188} INFO - [2025-12-11T04:29:35.839+0000] {dag.py:3096} INFO - Sync 1 DAGs
[2025-12-11T04:29:35.960+0000] {logging_mixin.py:188} INFO - [2025-12-11T04:29:35.959+0000] {dag.py:3954} INFO - Setting next_dagrun for example_sla_dag to 2025-12-11 04:26:00+00:00, run_after=2025-12-11 04:28:00+00:00
[2025-12-11T04:29:36.044+0000] {processor.py:183} INFO - Processing /home/airflow/.local/lib/python3.9/site-packages/airflow/example_dags/example_sla_dag.py took 0.347 seconds
[2025-12-11T04:30:06.286+0000] {processor.py:161} INFO - Started process (PID=1553) to work on /home/airflow/.local/lib/python3.9/site-packages/airflow/example_dags/example_sla_dag.py
[2025-12-11T04:30:06.294+0000] {processor.py:830} INFO - Processing file /home/airflow/.local/lib/python3.9/site-packages/airflow/example_dags/example_sla_dag.py for tasks to queue
[2025-12-11T04:30:06.298+0000] {logging_mixin.py:188} INFO - [2025-12-11T04:30:06.298+0000] {dagbag.py:545} INFO - Filling up the DagBag from /home/airflow/.local/lib/python3.9/site-packages/airflow/example_dags/example_sla_dag.py
[2025-12-11T04:30:06.322+0000] {processor.py:840} INFO - DAG(s) 'example_sla_dag' retrieved from /home/airflow/.local/lib/python3.9/site-packages/airflow/example_dags/example_sla_dag.py
[2025-12-11T04:30:06.386+0000] {logging_mixin.py:188} INFO - [2025-12-11T04:30:06.386+0000] {dag.py:3096} INFO - Sync 1 DAGs
[2025-12-11T04:30:06.445+0000] {logging_mixin.py:188} INFO - [2025-12-11T04:30:06.444+0000] {dag.py:3954} INFO - Setting next_dagrun for example_sla_dag to 2025-12-11 04:28:00+00:00, run_after=2025-12-11 04:30:00+00:00
[2025-12-11T04:30:06.522+0000] {processor.py:183} INFO - Processing /home/airflow/.local/lib/python3.9/site-packages/airflow/example_dags/example_sla_dag.py took 0.251 seconds
[2025-12-11T04:30:36.604+0000] {processor.py:161} INFO - Started process (PID=1618) to work on /home/airflow/.local/lib/python3.9/site-packages/airflow/example_dags/example_sla_dag.py
[2025-12-11T04:30:36.642+0000] {processor.py:830} INFO - Processing file /home/airflow/.local/lib/python3.9/site-packages/airflow/example_dags/example_sla_dag.py for tasks to queue
[2025-12-11T04:30:36.646+0000] {logging_mixin.py:188} INFO - [2025-12-11T04:30:36.646+0000] {dagbag.py:545} INFO - Filling up the DagBag from /home/airflow/.local/lib/python3.9/site-packages/airflow/example_dags/example_sla_dag.py
[2025-12-11T04:30:36.679+0000] {processor.py:840} INFO - DAG(s) 'example_sla_dag' retrieved from /home/airflow/.local/lib/python3.9/site-packages/airflow/example_dags/example_sla_dag.py
[2025-12-11T04:30:36.728+0000] {logging_mixin.py:188} INFO - [2025-12-11T04:30:36.728+0000] {dag.py:3096} INFO - Sync 1 DAGs
[2025-12-11T04:30:36.799+0000] {logging_mixin.py:188} INFO - [2025-12-11T04:30:36.798+0000] {dag.py:3954} INFO - Setting next_dagrun for example_sla_dag to 2025-12-11 04:28:00+00:00, run_after=2025-12-11 04:30:00+00:00
[2025-12-11T04:30:36.960+0000] {processor.py:183} INFO - Processing /home/airflow/.local/lib/python3.9/site-packages/airflow/example_dags/example_sla_dag.py took 0.375 seconds
[2025-12-11T04:31:07.148+0000] {processor.py:161} INFO - Started process (PID=1684) to work on /home/airflow/.local/lib/python3.9/site-packages/airflow/example_dags/example_sla_dag.py
[2025-12-11T04:31:07.150+0000] {processor.py:830} INFO - Processing file /home/airflow/.local/lib/python3.9/site-packages/airflow/example_dags/example_sla_dag.py for tasks to queue
[2025-12-11T04:31:07.158+0000] {logging_mixin.py:188} INFO - [2025-12-11T04:31:07.157+0000] {dagbag.py:545} INFO - Filling up the DagBag from /home/airflow/.local/lib/python3.9/site-packages/airflow/example_dags/example_sla_dag.py
[2025-12-11T04:31:07.178+0000] {processor.py:840} INFO - DAG(s) 'example_sla_dag' retrieved from /home/airflow/.local/lib/python3.9/site-packages/airflow/example_dags/example_sla_dag.py
[2025-12-11T04:31:07.237+0000] {logging_mixin.py:188} INFO - [2025-12-11T04:31:07.237+0000] {dag.py:3096} INFO - Sync 1 DAGs
[2025-12-11T04:31:07.325+0000] {logging_mixin.py:188} INFO - [2025-12-11T04:31:07.325+0000] {dag.py:3954} INFO - Setting next_dagrun for example_sla_dag to 2025-12-11 04:28:00+00:00, run_after=2025-12-11 04:30:00+00:00
[2025-12-11T04:31:07.385+0000] {processor.py:183} INFO - Processing /home/airflow/.local/lib/python3.9/site-packages/airflow/example_dags/example_sla_dag.py took 0.248 seconds
[2025-12-11T04:31:37.562+0000] {processor.py:161} INFO - Started process (PID=1750) to work on /home/airflow/.local/lib/python3.9/site-packages/airflow/example_dags/example_sla_dag.py
[2025-12-11T04:31:37.578+0000] {processor.py:830} INFO - Processing file /home/airflow/.local/lib/python3.9/site-packages/airflow/example_dags/example_sla_dag.py for tasks to queue
[2025-12-11T04:31:37.581+0000] {logging_mixin.py:188} INFO - [2025-12-11T04:31:37.581+0000] {dagbag.py:545} INFO - Filling up the DagBag from /home/airflow/.local/lib/python3.9/site-packages/airflow/example_dags/example_sla_dag.py
[2025-12-11T04:31:37.620+0000] {processor.py:840} INFO - DAG(s) 'example_sla_dag' retrieved from /home/airflow/.local/lib/python3.9/site-packages/airflow/example_dags/example_sla_dag.py
[2025-12-11T04:31:37.685+0000] {logging_mixin.py:188} INFO - [2025-12-11T04:31:37.685+0000] {dag.py:3096} INFO - Sync 1 DAGs
[2025-12-11T04:31:37.760+0000] {logging_mixin.py:188} INFO - [2025-12-11T04:31:37.760+0000] {dag.py:3954} INFO - Setting next_dagrun for example_sla_dag to 2025-12-11 04:28:00+00:00, run_after=2025-12-11 04:30:00+00:00
[2025-12-11T04:31:37.826+0000] {processor.py:183} INFO - Processing /home/airflow/.local/lib/python3.9/site-packages/airflow/example_dags/example_sla_dag.py took 0.304 seconds
[2025-12-11T04:32:08.144+0000] {processor.py:161} INFO - Started process (PID=1816) to work on /home/airflow/.local/lib/python3.9/site-packages/airflow/example_dags/example_sla_dag.py
[2025-12-11T04:32:08.147+0000] {processor.py:830} INFO - Processing file /home/airflow/.local/lib/python3.9/site-packages/airflow/example_dags/example_sla_dag.py for tasks to queue
[2025-12-11T04:32:08.161+0000] {logging_mixin.py:188} INFO - [2025-12-11T04:32:08.160+0000] {dagbag.py:545} INFO - Filling up the DagBag from /home/airflow/.local/lib/python3.9/site-packages/airflow/example_dags/example_sla_dag.py
[2025-12-11T04:32:08.198+0000] {processor.py:840} INFO - DAG(s) 'example_sla_dag' retrieved from /home/airflow/.local/lib/python3.9/site-packages/airflow/example_dags/example_sla_dag.py
[2025-12-11T04:32:08.249+0000] {logging_mixin.py:188} INFO - [2025-12-11T04:32:08.248+0000] {dag.py:3096} INFO - Sync 1 DAGs
[2025-12-11T04:32:08.302+0000] {logging_mixin.py:188} INFO - [2025-12-11T04:32:08.302+0000] {dag.py:3954} INFO - Setting next_dagrun for example_sla_dag to 2025-12-11 04:30:00+00:00, run_after=2025-12-11 04:32:00+00:00
[2025-12-11T04:32:08.336+0000] {processor.py:183} INFO - Processing /home/airflow/.local/lib/python3.9/site-packages/airflow/example_dags/example_sla_dag.py took 0.217 seconds
[2025-12-11T04:32:38.907+0000] {processor.py:161} INFO - Started process (PID=1882) to work on /home/airflow/.local/lib/python3.9/site-packages/airflow/example_dags/example_sla_dag.py
[2025-12-11T04:32:38.915+0000] {processor.py:830} INFO - Processing file /home/airflow/.local/lib/python3.9/site-packages/airflow/example_dags/example_sla_dag.py for tasks to queue
[2025-12-11T04:32:38.918+0000] {logging_mixin.py:188} INFO - [2025-12-11T04:32:38.917+0000] {dagbag.py:545} INFO - Filling up the DagBag from /home/airflow/.local/lib/python3.9/site-packages/airflow/example_dags/example_sla_dag.py
[2025-12-11T04:32:38.940+0000] {processor.py:840} INFO - DAG(s) 'example_sla_dag' retrieved from /home/airflow/.local/lib/python3.9/site-packages/airflow/example_dags/example_sla_dag.py
[2025-12-11T04:32:38.998+0000] {logging_mixin.py:188} INFO - [2025-12-11T04:32:38.997+0000] {dag.py:3096} INFO - Sync 1 DAGs
[2025-12-11T04:32:39.067+0000] {logging_mixin.py:188} INFO - [2025-12-11T04:32:39.067+0000] {dag.py:3954} INFO - Setting next_dagrun for example_sla_dag to 2025-12-11 04:30:00+00:00, run_after=2025-12-11 04:32:00+00:00
[2025-12-11T04:32:39.107+0000] {processor.py:183} INFO - Processing /home/airflow/.local/lib/python3.9/site-packages/airflow/example_dags/example_sla_dag.py took 0.220 seconds
[2025-12-11T04:33:09.982+0000] {processor.py:161} INFO - Started process (PID=1948) to work on /home/airflow/.local/lib/python3.9/site-packages/airflow/example_dags/example_sla_dag.py
[2025-12-11T04:33:10.003+0000] {processor.py:830} INFO - Processing file /home/airflow/.local/lib/python3.9/site-packages/airflow/example_dags/example_sla_dag.py for tasks to queue
[2025-12-11T04:33:10.006+0000] {logging_mixin.py:188} INFO - [2025-12-11T04:33:10.006+0000] {dagbag.py:545} INFO - Filling up the DagBag from /home/airflow/.local/lib/python3.9/site-packages/airflow/example_dags/example_sla_dag.py
[2025-12-11T04:33:10.028+0000] {processor.py:840} INFO - DAG(s) 'example_sla_dag' retrieved from /home/airflow/.local/lib/python3.9/site-packages/airflow/example_dags/example_sla_dag.py
[2025-12-11T04:33:10.091+0000] {logging_mixin.py:188} INFO - [2025-12-11T04:33:10.090+0000] {dag.py:3096} INFO - Sync 1 DAGs
[2025-12-11T04:33:10.164+0000] {logging_mixin.py:188} INFO - [2025-12-11T04:33:10.164+0000] {dag.py:3954} INFO - Setting next_dagrun for example_sla_dag to 2025-12-11 04:30:00+00:00, run_after=2025-12-11 04:32:00+00:00
[2025-12-11T04:33:10.349+0000] {processor.py:183} INFO - Processing /home/airflow/.local/lib/python3.9/site-packages/airflow/example_dags/example_sla_dag.py took 0.386 seconds
[2025-12-11T04:33:41.217+0000] {processor.py:161} INFO - Started process (PID=2015) to work on /home/airflow/.local/lib/python3.9/site-packages/airflow/example_dags/example_sla_dag.py
[2025-12-11T04:33:41.224+0000] {processor.py:830} INFO - Processing file /home/airflow/.local/lib/python3.9/site-packages/airflow/example_dags/example_sla_dag.py for tasks to queue
[2025-12-11T04:33:41.227+0000] {logging_mixin.py:188} INFO - [2025-12-11T04:33:41.226+0000] {dagbag.py:545} INFO - Filling up the DagBag from /home/airflow/.local/lib/python3.9/site-packages/airflow/example_dags/example_sla_dag.py
[2025-12-11T04:33:41.240+0000] {processor.py:840} INFO - DAG(s) 'example_sla_dag' retrieved from /home/airflow/.local/lib/python3.9/site-packages/airflow/example_dags/example_sla_dag.py
[2025-12-11T04:33:41.275+0000] {logging_mixin.py:188} INFO - [2025-12-11T04:33:41.275+0000] {dag.py:3096} INFO - Sync 1 DAGs
[2025-12-11T04:33:41.313+0000] {logging_mixin.py:188} INFO - [2025-12-11T04:33:41.312+0000] {dag.py:3954} INFO - Setting next_dagrun for example_sla_dag to 2025-12-11 04:30:00+00:00, run_after=2025-12-11 04:32:00+00:00
[2025-12-11T04:33:41.344+0000] {processor.py:183} INFO - Processing /home/airflow/.local/lib/python3.9/site-packages/airflow/example_dags/example_sla_dag.py took 0.138 seconds
[2025-12-11T04:34:11.892+0000] {processor.py:161} INFO - Started process (PID=2082) to work on /home/airflow/.local/lib/python3.9/site-packages/airflow/example_dags/example_sla_dag.py
[2025-12-11T04:34:12.024+0000] {processor.py:830} INFO - Processing file /home/airflow/.local/lib/python3.9/site-packages/airflow/example_dags/example_sla_dag.py for tasks to queue
[2025-12-11T04:34:12.032+0000] {logging_mixin.py:188} INFO - [2025-12-11T04:34:12.031+0000] {dagbag.py:545} INFO - Filling up the DagBag from /home/airflow/.local/lib/python3.9/site-packages/airflow/example_dags/example_sla_dag.py
[2025-12-11T04:34:12.062+0000] {processor.py:840} INFO - DAG(s) 'example_sla_dag' retrieved from /home/airflow/.local/lib/python3.9/site-packages/airflow/example_dags/example_sla_dag.py
[2025-12-11T04:34:12.158+0000] {logging_mixin.py:188} INFO - [2025-12-11T04:34:12.157+0000] {dag.py:3096} INFO - Sync 1 DAGs
[2025-12-11T04:34:12.229+0000] {logging_mixin.py:188} INFO - [2025-12-11T04:34:12.228+0000] {dag.py:3954} INFO - Setting next_dagrun for example_sla_dag to 2025-12-11 04:32:00+00:00, run_after=2025-12-11 04:34:00+00:00
[2025-12-11T04:34:12.297+0000] {processor.py:183} INFO - Processing /home/airflow/.local/lib/python3.9/site-packages/airflow/example_dags/example_sla_dag.py took 0.426 seconds
[2025-12-11T04:34:43.123+0000] {processor.py:161} INFO - Started process (PID=2149) to work on /home/airflow/.local/lib/python3.9/site-packages/airflow/example_dags/example_sla_dag.py
[2025-12-11T04:34:43.124+0000] {processor.py:830} INFO - Processing file /home/airflow/.local/lib/python3.9/site-packages/airflow/example_dags/example_sla_dag.py for tasks to queue
[2025-12-11T04:34:43.127+0000] {logging_mixin.py:188} INFO - [2025-12-11T04:34:43.127+0000] {dagbag.py:545} INFO - Filling up the DagBag from /home/airflow/.local/lib/python3.9/site-packages/airflow/example_dags/example_sla_dag.py
[2025-12-11T04:34:43.157+0000] {processor.py:840} INFO - DAG(s) 'example_sla_dag' retrieved from /home/airflow/.local/lib/python3.9/site-packages/airflow/example_dags/example_sla_dag.py
[2025-12-11T04:34:43.250+0000] {logging_mixin.py:188} INFO - [2025-12-11T04:34:43.249+0000] {dag.py:3096} INFO - Sync 1 DAGs
[2025-12-11T04:34:43.328+0000] {logging_mixin.py:188} INFO - [2025-12-11T04:34:43.328+0000] {dag.py:3954} INFO - Setting next_dagrun for example_sla_dag to 2025-12-11 04:32:00+00:00, run_after=2025-12-11 04:34:00+00:00
[2025-12-11T04:34:43.388+0000] {processor.py:183} INFO - Processing /home/airflow/.local/lib/python3.9/site-packages/airflow/example_dags/example_sla_dag.py took 0.285 seconds
[2025-12-11T04:35:13.496+0000] {processor.py:161} INFO - Started process (PID=2216) to work on /home/airflow/.local/lib/python3.9/site-packages/airflow/example_dags/example_sla_dag.py
[2025-12-11T04:35:13.498+0000] {processor.py:830} INFO - Processing file /home/airflow/.local/lib/python3.9/site-packages/airflow/example_dags/example_sla_dag.py for tasks to queue
[2025-12-11T04:35:13.500+0000] {logging_mixin.py:188} INFO - [2025-12-11T04:35:13.500+0000] {dagbag.py:545} INFO - Filling up the DagBag from /home/airflow/.local/lib/python3.9/site-packages/airflow/example_dags/example_sla_dag.py
[2025-12-11T04:35:13.514+0000] {processor.py:840} INFO - DAG(s) 'example_sla_dag' retrieved from /home/airflow/.local/lib/python3.9/site-packages/airflow/example_dags/example_sla_dag.py
[2025-12-11T04:35:13.562+0000] {logging_mixin.py:188} INFO - [2025-12-11T04:35:13.561+0000] {dag.py:3096} INFO - Sync 1 DAGs
[2025-12-11T04:35:13.606+0000] {logging_mixin.py:188} INFO - [2025-12-11T04:35:13.605+0000] {dag.py:3954} INFO - Setting next_dagrun for example_sla_dag to 2025-12-11 04:32:00+00:00, run_after=2025-12-11 04:34:00+00:00
[2025-12-11T04:35:13.635+0000] {processor.py:183} INFO - Processing /home/airflow/.local/lib/python3.9/site-packages/airflow/example_dags/example_sla_dag.py took 0.149 seconds
[2025-12-11T04:35:44.252+0000] {processor.py:161} INFO - Started process (PID=2284) to work on /home/airflow/.local/lib/python3.9/site-packages/airflow/example_dags/example_sla_dag.py
[2025-12-11T04:35:44.254+0000] {processor.py:830} INFO - Processing file /home/airflow/.local/lib/python3.9/site-packages/airflow/example_dags/example_sla_dag.py for tasks to queue
[2025-12-11T04:35:44.257+0000] {logging_mixin.py:188} INFO - [2025-12-11T04:35:44.257+0000] {dagbag.py:545} INFO - Filling up the DagBag from /home/airflow/.local/lib/python3.9/site-packages/airflow/example_dags/example_sla_dag.py
[2025-12-11T04:35:44.272+0000] {processor.py:840} INFO - DAG(s) 'example_sla_dag' retrieved from /home/airflow/.local/lib/python3.9/site-packages/airflow/example_dags/example_sla_dag.py
[2025-12-11T04:35:44.307+0000] {logging_mixin.py:188} INFO - [2025-12-11T04:35:44.307+0000] {dag.py:3096} INFO - Sync 1 DAGs
[2025-12-11T04:35:44.354+0000] {logging_mixin.py:188} INFO - [2025-12-11T04:35:44.353+0000] {dag.py:3954} INFO - Setting next_dagrun for example_sla_dag to 2025-12-11 04:32:00+00:00, run_after=2025-12-11 04:34:00+00:00
[2025-12-11T04:35:44.551+0000] {processor.py:183} INFO - Processing /home/airflow/.local/lib/python3.9/site-packages/airflow/example_dags/example_sla_dag.py took 0.308 seconds
[2025-12-11T04:36:15.024+0000] {processor.py:161} INFO - Started process (PID=2351) to work on /home/airflow/.local/lib/python3.9/site-packages/airflow/example_dags/example_sla_dag.py
[2025-12-11T04:36:15.026+0000] {processor.py:830} INFO - Processing file /home/airflow/.local/lib/python3.9/site-packages/airflow/example_dags/example_sla_dag.py for tasks to queue
[2025-12-11T04:36:15.029+0000] {logging_mixin.py:188} INFO - [2025-12-11T04:36:15.028+0000] {dagbag.py:545} INFO - Filling up the DagBag from /home/airflow/.local/lib/python3.9/site-packages/airflow/example_dags/example_sla_dag.py
[2025-12-11T04:36:15.047+0000] {processor.py:840} INFO - DAG(s) 'example_sla_dag' retrieved from /home/airflow/.local/lib/python3.9/site-packages/airflow/example_dags/example_sla_dag.py
[2025-12-11T04:36:15.090+0000] {logging_mixin.py:188} INFO - [2025-12-11T04:36:15.089+0000] {dag.py:3096} INFO - Sync 1 DAGs
[2025-12-11T04:36:15.128+0000] {logging_mixin.py:188} INFO - [2025-12-11T04:36:15.128+0000] {dag.py:3954} INFO - Setting next_dagrun for example_sla_dag to 2025-12-11 04:34:00+00:00, run_after=2025-12-11 04:36:00+00:00
[2025-12-11T04:36:15.164+0000] {processor.py:183} INFO - Processing /home/airflow/.local/lib/python3.9/site-packages/airflow/example_dags/example_sla_dag.py took 0.157 seconds
[2025-12-11T04:36:45.544+0000] {processor.py:161} INFO - Started process (PID=2418) to work on /home/airflow/.local/lib/python3.9/site-packages/airflow/example_dags/example_sla_dag.py
[2025-12-11T04:36:45.545+0000] {processor.py:830} INFO - Processing file /home/airflow/.local/lib/python3.9/site-packages/airflow/example_dags/example_sla_dag.py for tasks to queue
[2025-12-11T04:36:45.548+0000] {logging_mixin.py:188} INFO - [2025-12-11T04:36:45.548+0000] {dagbag.py:545} INFO - Filling up the DagBag from /home/airflow/.local/lib/python3.9/site-packages/airflow/example_dags/example_sla_dag.py
[2025-12-11T04:36:45.563+0000] {processor.py:840} INFO - DAG(s) 'example_sla_dag' retrieved from /home/airflow/.local/lib/python3.9/site-packages/airflow/example_dags/example_sla_dag.py
[2025-12-11T04:36:45.604+0000] {logging_mixin.py:188} INFO - [2025-12-11T04:36:45.604+0000] {dag.py:3096} INFO - Sync 1 DAGs
[2025-12-11T04:36:45.648+0000] {logging_mixin.py:188} INFO - [2025-12-11T04:36:45.648+0000] {dag.py:3954} INFO - Setting next_dagrun for example_sla_dag to 2025-12-11 04:34:00+00:00, run_after=2025-12-11 04:36:00+00:00
[2025-12-11T04:36:45.685+0000] {processor.py:183} INFO - Processing /home/airflow/.local/lib/python3.9/site-packages/airflow/example_dags/example_sla_dag.py took 0.154 seconds
[2025-12-11T04:37:16.064+0000] {processor.py:161} INFO - Started process (PID=2485) to work on /home/airflow/.local/lib/python3.9/site-packages/airflow/example_dags/example_sla_dag.py
[2025-12-11T04:37:16.066+0000] {processor.py:830} INFO - Processing file /home/airflow/.local/lib/python3.9/site-packages/airflow/example_dags/example_sla_dag.py for tasks to queue
[2025-12-11T04:37:16.069+0000] {logging_mixin.py:188} INFO - [2025-12-11T04:37:16.069+0000] {dagbag.py:545} INFO - Filling up the DagBag from /home/airflow/.local/lib/python3.9/site-packages/airflow/example_dags/example_sla_dag.py
[2025-12-11T04:37:16.098+0000] {processor.py:840} INFO - DAG(s) 'example_sla_dag' retrieved from /home/airflow/.local/lib/python3.9/site-packages/airflow/example_dags/example_sla_dag.py
[2025-12-11T04:37:16.172+0000] {logging_mixin.py:188} INFO - [2025-12-11T04:37:16.171+0000] {dag.py:3096} INFO - Sync 1 DAGs
[2025-12-11T04:37:16.226+0000] {logging_mixin.py:188} INFO - [2025-12-11T04:37:16.226+0000] {dag.py:3954} INFO - Setting next_dagrun for example_sla_dag to 2025-12-11 04:34:00+00:00, run_after=2025-12-11 04:36:00+00:00
[2025-12-11T04:37:16.258+0000] {processor.py:183} INFO - Processing /home/airflow/.local/lib/python3.9/site-packages/airflow/example_dags/example_sla_dag.py took 0.205 seconds
[2025-12-11T04:37:47.029+0000] {processor.py:161} INFO - Started process (PID=2552) to work on /home/airflow/.local/lib/python3.9/site-packages/airflow/example_dags/example_sla_dag.py
[2025-12-11T04:37:47.049+0000] {processor.py:830} INFO - Processing file /home/airflow/.local/lib/python3.9/site-packages/airflow/example_dags/example_sla_dag.py for tasks to queue
[2025-12-11T04:37:47.052+0000] {logging_mixin.py:188} INFO - [2025-12-11T04:37:47.051+0000] {dagbag.py:545} INFO - Filling up the DagBag from /home/airflow/.local/lib/python3.9/site-packages/airflow/example_dags/example_sla_dag.py
[2025-12-11T04:37:47.069+0000] {processor.py:840} INFO - DAG(s) 'example_sla_dag' retrieved from /home/airflow/.local/lib/python3.9/site-packages/airflow/example_dags/example_sla_dag.py
[2025-12-11T04:37:47.108+0000] {logging_mixin.py:188} INFO - [2025-12-11T04:37:47.107+0000] {dag.py:3096} INFO - Sync 1 DAGs
[2025-12-11T04:37:47.154+0000] {logging_mixin.py:188} INFO - [2025-12-11T04:37:47.153+0000] {dag.py:3954} INFO - Setting next_dagrun for example_sla_dag to 2025-12-11 04:34:00+00:00, run_after=2025-12-11 04:36:00+00:00
[2025-12-11T04:37:47.358+0000] {processor.py:183} INFO - Processing /home/airflow/.local/lib/python3.9/site-packages/airflow/example_dags/example_sla_dag.py took 0.341 seconds
[2025-12-11T04:38:18.079+0000] {processor.py:161} INFO - Started process (PID=2619) to work on /home/airflow/.local/lib/python3.9/site-packages/airflow/example_dags/example_sla_dag.py
[2025-12-11T04:38:18.121+0000] {processor.py:830} INFO - Processing file /home/airflow/.local/lib/python3.9/site-packages/airflow/example_dags/example_sla_dag.py for tasks to queue
[2025-12-11T04:38:18.175+0000] {logging_mixin.py:188} INFO - [2025-12-11T04:38:18.174+0000] {dagbag.py:545} INFO - Filling up the DagBag from /home/airflow/.local/lib/python3.9/site-packages/airflow/example_dags/example_sla_dag.py
[2025-12-11T04:38:18.192+0000] {processor.py:840} INFO - DAG(s) 'example_sla_dag' retrieved from /home/airflow/.local/lib/python3.9/site-packages/airflow/example_dags/example_sla_dag.py
[2025-12-11T04:38:18.229+0000] {logging_mixin.py:188} INFO - [2025-12-11T04:38:18.229+0000] {dag.py:3096} INFO - Sync 1 DAGs
[2025-12-11T04:38:18.285+0000] {logging_mixin.py:188} INFO - [2025-12-11T04:38:18.285+0000] {dag.py:3954} INFO - Setting next_dagrun for example_sla_dag to 2025-12-11 04:36:00+00:00, run_after=2025-12-11 04:38:00+00:00
[2025-12-11T04:38:18.331+0000] {processor.py:183} INFO - Processing /home/airflow/.local/lib/python3.9/site-packages/airflow/example_dags/example_sla_dag.py took 0.262 seconds
[2025-12-11T04:38:49.060+0000] {processor.py:161} INFO - Started process (PID=2686) to work on /home/airflow/.local/lib/python3.9/site-packages/airflow/example_dags/example_sla_dag.py
[2025-12-11T04:38:49.063+0000] {processor.py:830} INFO - Processing file /home/airflow/.local/lib/python3.9/site-packages/airflow/example_dags/example_sla_dag.py for tasks to queue
[2025-12-11T04:38:49.066+0000] {logging_mixin.py:188} INFO - [2025-12-11T04:38:49.066+0000] {dagbag.py:545} INFO - Filling up the DagBag from /home/airflow/.local/lib/python3.9/site-packages/airflow/example_dags/example_sla_dag.py
[2025-12-11T04:38:49.100+0000] {processor.py:840} INFO - DAG(s) 'example_sla_dag' retrieved from /home/airflow/.local/lib/python3.9/site-packages/airflow/example_dags/example_sla_dag.py
[2025-12-11T04:38:49.143+0000] {logging_mixin.py:188} INFO - [2025-12-11T04:38:49.142+0000] {dag.py:3096} INFO - Sync 1 DAGs
[2025-12-11T04:38:49.188+0000] {logging_mixin.py:188} INFO - [2025-12-11T04:38:49.188+0000] {dag.py:3954} INFO - Setting next_dagrun for example_sla_dag to 2025-12-11 04:36:00+00:00, run_after=2025-12-11 04:38:00+00:00
[2025-12-11T04:38:49.218+0000] {processor.py:183} INFO - Processing /home/airflow/.local/lib/python3.9/site-packages/airflow/example_dags/example_sla_dag.py took 0.170 seconds
[2025-12-11T04:39:19.923+0000] {processor.py:161} INFO - Started process (PID=2753) to work on /home/airflow/.local/lib/python3.9/site-packages/airflow/example_dags/example_sla_dag.py
[2025-12-11T04:39:19.925+0000] {processor.py:830} INFO - Processing file /home/airflow/.local/lib/python3.9/site-packages/airflow/example_dags/example_sla_dag.py for tasks to queue
[2025-12-11T04:39:19.940+0000] {logging_mixin.py:188} INFO - [2025-12-11T04:39:19.939+0000] {dagbag.py:545} INFO - Filling up the DagBag from /home/airflow/.local/lib/python3.9/site-packages/airflow/example_dags/example_sla_dag.py
[2025-12-11T04:39:19.962+0000] {processor.py:840} INFO - DAG(s) 'example_sla_dag' retrieved from /home/airflow/.local/lib/python3.9/site-packages/airflow/example_dags/example_sla_dag.py
[2025-12-11T04:39:20.028+0000] {logging_mixin.py:188} INFO - [2025-12-11T04:39:20.027+0000] {dag.py:3096} INFO - Sync 1 DAGs
[2025-12-11T04:39:20.102+0000] {logging_mixin.py:188} INFO - [2025-12-11T04:39:20.102+0000] {dag.py:3954} INFO - Setting next_dagrun for example_sla_dag to 2025-12-11 04:36:00+00:00, run_after=2025-12-11 04:38:00+00:00
[2025-12-11T04:39:20.162+0000] {processor.py:183} INFO - Processing /home/airflow/.local/lib/python3.9/site-packages/airflow/example_dags/example_sla_dag.py took 0.259 seconds
[2025-12-11T04:39:50.939+0000] {processor.py:161} INFO - Started process (PID=2819) to work on /home/airflow/.local/lib/python3.9/site-packages/airflow/example_dags/example_sla_dag.py
[2025-12-11T04:39:50.941+0000] {processor.py:830} INFO - Processing file /home/airflow/.local/lib/python3.9/site-packages/airflow/example_dags/example_sla_dag.py for tasks to queue
[2025-12-11T04:39:50.943+0000] {logging_mixin.py:188} INFO - [2025-12-11T04:39:50.943+0000] {dagbag.py:545} INFO - Filling up the DagBag from /home/airflow/.local/lib/python3.9/site-packages/airflow/example_dags/example_sla_dag.py
[2025-12-11T04:39:50.961+0000] {processor.py:840} INFO - DAG(s) 'example_sla_dag' retrieved from /home/airflow/.local/lib/python3.9/site-packages/airflow/example_dags/example_sla_dag.py
[2025-12-11T04:39:51.008+0000] {logging_mixin.py:188} INFO - [2025-12-11T04:39:51.007+0000] {dag.py:3096} INFO - Sync 1 DAGs
[2025-12-11T04:39:51.061+0000] {logging_mixin.py:188} INFO - [2025-12-11T04:39:51.060+0000] {dag.py:3954} INFO - Setting next_dagrun for example_sla_dag to 2025-12-11 04:36:00+00:00, run_after=2025-12-11 04:38:00+00:00
[2025-12-11T04:39:51.088+0000] {processor.py:183} INFO - Processing /home/airflow/.local/lib/python3.9/site-packages/airflow/example_dags/example_sla_dag.py took 0.158 seconds
[2025-12-11T04:40:21.922+0000] {processor.py:161} INFO - Started process (PID=2886) to work on /home/airflow/.local/lib/python3.9/site-packages/airflow/example_dags/example_sla_dag.py
[2025-12-11T04:40:21.924+0000] {processor.py:830} INFO - Processing file /home/airflow/.local/lib/python3.9/site-packages/airflow/example_dags/example_sla_dag.py for tasks to queue
[2025-12-11T04:40:21.927+0000] {logging_mixin.py:188} INFO - [2025-12-11T04:40:21.927+0000] {dagbag.py:545} INFO - Filling up the DagBag from /home/airflow/.local/lib/python3.9/site-packages/airflow/example_dags/example_sla_dag.py
[2025-12-11T04:40:21.943+0000] {processor.py:840} INFO - DAG(s) 'example_sla_dag' retrieved from /home/airflow/.local/lib/python3.9/site-packages/airflow/example_dags/example_sla_dag.py
[2025-12-11T04:40:21.990+0000] {logging_mixin.py:188} INFO - [2025-12-11T04:40:21.989+0000] {dag.py:3096} INFO - Sync 1 DAGs
[2025-12-11T04:40:22.041+0000] {logging_mixin.py:188} INFO - [2025-12-11T04:40:22.040+0000] {dag.py:3954} INFO - Setting next_dagrun for example_sla_dag to 2025-12-11 04:38:00+00:00, run_after=2025-12-11 04:40:00+00:00
[2025-12-11T04:40:22.088+0000] {processor.py:183} INFO - Processing /home/airflow/.local/lib/python3.9/site-packages/airflow/example_dags/example_sla_dag.py took 0.176 seconds
[2025-12-11T04:40:52.581+0000] {processor.py:161} INFO - Started process (PID=2953) to work on /home/airflow/.local/lib/python3.9/site-packages/airflow/example_dags/example_sla_dag.py
[2025-12-11T04:40:52.582+0000] {processor.py:830} INFO - Processing file /home/airflow/.local/lib/python3.9/site-packages/airflow/example_dags/example_sla_dag.py for tasks to queue
[2025-12-11T04:40:52.586+0000] {logging_mixin.py:188} INFO - [2025-12-11T04:40:52.585+0000] {dagbag.py:545} INFO - Filling up the DagBag from /home/airflow/.local/lib/python3.9/site-packages/airflow/example_dags/example_sla_dag.py
[2025-12-11T04:40:52.602+0000] {processor.py:840} INFO - DAG(s) 'example_sla_dag' retrieved from /home/airflow/.local/lib/python3.9/site-packages/airflow/example_dags/example_sla_dag.py
[2025-12-11T04:40:52.642+0000] {logging_mixin.py:188} INFO - [2025-12-11T04:40:52.641+0000] {dag.py:3096} INFO - Sync 1 DAGs
[2025-12-11T04:40:52.687+0000] {logging_mixin.py:188} INFO - [2025-12-11T04:40:52.687+0000] {dag.py:3954} INFO - Setting next_dagrun for example_sla_dag to 2025-12-11 04:38:00+00:00, run_after=2025-12-11 04:40:00+00:00
[2025-12-11T04:40:52.721+0000] {processor.py:183} INFO - Processing /home/airflow/.local/lib/python3.9/site-packages/airflow/example_dags/example_sla_dag.py took 0.151 seconds
[2025-12-11T04:41:22.808+0000] {processor.py:161} INFO - Started process (PID=3020) to work on /home/airflow/.local/lib/python3.9/site-packages/airflow/example_dags/example_sla_dag.py
[2025-12-11T04:41:22.810+0000] {processor.py:830} INFO - Processing file /home/airflow/.local/lib/python3.9/site-packages/airflow/example_dags/example_sla_dag.py for tasks to queue
[2025-12-11T04:41:22.819+0000] {logging_mixin.py:188} INFO - [2025-12-11T04:41:22.818+0000] {dagbag.py:545} INFO - Filling up the DagBag from /home/airflow/.local/lib/python3.9/site-packages/airflow/example_dags/example_sla_dag.py
[2025-12-11T04:41:22.842+0000] {processor.py:840} INFO - DAG(s) 'example_sla_dag' retrieved from /home/airflow/.local/lib/python3.9/site-packages/airflow/example_dags/example_sla_dag.py
[2025-12-11T04:41:22.918+0000] {logging_mixin.py:188} INFO - [2025-12-11T04:41:22.918+0000] {dag.py:3096} INFO - Sync 1 DAGs
[2025-12-11T04:41:23.408+0000] {logging_mixin.py:188} INFO - [2025-12-11T04:41:23.407+0000] {dag.py:3954} INFO - Setting next_dagrun for example_sla_dag to 2025-12-11 04:38:00+00:00, run_after=2025-12-11 04:40:00+00:00
[2025-12-11T04:41:23.438+0000] {processor.py:183} INFO - Processing /home/airflow/.local/lib/python3.9/site-packages/airflow/example_dags/example_sla_dag.py took 0.640 seconds
[2025-12-11T04:41:53.584+0000] {processor.py:161} INFO - Started process (PID=3088) to work on /home/airflow/.local/lib/python3.9/site-packages/airflow/example_dags/example_sla_dag.py
[2025-12-11T04:41:53.587+0000] {processor.py:830} INFO - Processing file /home/airflow/.local/lib/python3.9/site-packages/airflow/example_dags/example_sla_dag.py for tasks to queue
[2025-12-11T04:41:53.600+0000] {logging_mixin.py:188} INFO - [2025-12-11T04:41:53.600+0000] {dagbag.py:545} INFO - Filling up the DagBag from /home/airflow/.local/lib/python3.9/site-packages/airflow/example_dags/example_sla_dag.py
[2025-12-11T04:41:53.637+0000] {processor.py:840} INFO - DAG(s) 'example_sla_dag' retrieved from /home/airflow/.local/lib/python3.9/site-packages/airflow/example_dags/example_sla_dag.py
[2025-12-11T04:41:53.738+0000] {logging_mixin.py:188} INFO - [2025-12-11T04:41:53.730+0000] {dag.py:3096} INFO - Sync 1 DAGs
[2025-12-11T04:41:54.077+0000] {logging_mixin.py:188} INFO - [2025-12-11T04:41:54.076+0000] {dag.py:3954} INFO - Setting next_dagrun for example_sla_dag to 2025-12-11 04:38:00+00:00, run_after=2025-12-11 04:40:00+00:00
[2025-12-11T04:41:54.119+0000] {processor.py:183} INFO - Processing /home/airflow/.local/lib/python3.9/site-packages/airflow/example_dags/example_sla_dag.py took 0.552 seconds
[2025-12-11T04:42:24.272+0000] {processor.py:161} INFO - Started process (PID=3155) to work on /home/airflow/.local/lib/python3.9/site-packages/airflow/example_dags/example_sla_dag.py
[2025-12-11T04:42:24.779+0000] {processor.py:830} INFO - Processing file /home/airflow/.local/lib/python3.9/site-packages/airflow/example_dags/example_sla_dag.py for tasks to queue
[2025-12-11T04:42:24.783+0000] {logging_mixin.py:188} INFO - [2025-12-11T04:42:24.782+0000] {dagbag.py:545} INFO - Filling up the DagBag from /home/airflow/.local/lib/python3.9/site-packages/airflow/example_dags/example_sla_dag.py
[2025-12-11T04:42:24.806+0000] {processor.py:840} INFO - DAG(s) 'example_sla_dag' retrieved from /home/airflow/.local/lib/python3.9/site-packages/airflow/example_dags/example_sla_dag.py
[2025-12-11T04:42:24.872+0000] {logging_mixin.py:188} INFO - [2025-12-11T04:42:24.871+0000] {dag.py:3096} INFO - Sync 1 DAGs
[2025-12-11T04:42:24.942+0000] {logging_mixin.py:188} INFO - [2025-12-11T04:42:24.941+0000] {dag.py:3954} INFO - Setting next_dagrun for example_sla_dag to 2025-12-11 04:40:00+00:00, run_after=2025-12-11 04:42:00+00:00
[2025-12-11T04:42:25.243+0000] {processor.py:183} INFO - Processing /home/airflow/.local/lib/python3.9/site-packages/airflow/example_dags/example_sla_dag.py took 0.982 seconds
[2025-12-11T04:42:55.425+0000] {processor.py:161} INFO - Started process (PID=3222) to work on /home/airflow/.local/lib/python3.9/site-packages/airflow/example_dags/example_sla_dag.py
[2025-12-11T04:42:55.427+0000] {processor.py:830} INFO - Processing file /home/airflow/.local/lib/python3.9/site-packages/airflow/example_dags/example_sla_dag.py for tasks to queue
[2025-12-11T04:42:55.438+0000] {logging_mixin.py:188} INFO - [2025-12-11T04:42:55.438+0000] {dagbag.py:545} INFO - Filling up the DagBag from /home/airflow/.local/lib/python3.9/site-packages/airflow/example_dags/example_sla_dag.py
[2025-12-11T04:42:55.461+0000] {processor.py:840} INFO - DAG(s) 'example_sla_dag' retrieved from /home/airflow/.local/lib/python3.9/site-packages/airflow/example_dags/example_sla_dag.py
[2025-12-11T04:42:55.542+0000] {logging_mixin.py:188} INFO - [2025-12-11T04:42:55.541+0000] {dag.py:3096} INFO - Sync 1 DAGs
[2025-12-11T04:42:55.639+0000] {logging_mixin.py:188} INFO - [2025-12-11T04:42:55.638+0000] {dag.py:3954} INFO - Setting next_dagrun for example_sla_dag to 2025-12-11 04:40:00+00:00, run_after=2025-12-11 04:42:00+00:00
[2025-12-11T04:42:55.690+0000] {processor.py:183} INFO - Processing /home/airflow/.local/lib/python3.9/site-packages/airflow/example_dags/example_sla_dag.py took 0.282 seconds
[2025-12-11T04:43:25.739+0000] {processor.py:161} INFO - Started process (PID=3289) to work on /home/airflow/.local/lib/python3.9/site-packages/airflow/example_dags/example_sla_dag.py
[2025-12-11T04:43:25.741+0000] {processor.py:830} INFO - Processing file /home/airflow/.local/lib/python3.9/site-packages/airflow/example_dags/example_sla_dag.py for tasks to queue
[2025-12-11T04:43:25.744+0000] {logging_mixin.py:188} INFO - [2025-12-11T04:43:25.743+0000] {dagbag.py:545} INFO - Filling up the DagBag from /home/airflow/.local/lib/python3.9/site-packages/airflow/example_dags/example_sla_dag.py
[2025-12-11T04:43:25.766+0000] {processor.py:840} INFO - DAG(s) 'example_sla_dag' retrieved from /home/airflow/.local/lib/python3.9/site-packages/airflow/example_dags/example_sla_dag.py
[2025-12-11T04:43:25.828+0000] {logging_mixin.py:188} INFO - [2025-12-11T04:43:25.828+0000] {dag.py:3096} INFO - Sync 1 DAGs
[2025-12-11T04:43:25.901+0000] {logging_mixin.py:188} INFO - [2025-12-11T04:43:25.901+0000] {dag.py:3954} INFO - Setting next_dagrun for example_sla_dag to 2025-12-11 04:40:00+00:00, run_after=2025-12-11 04:42:00+00:00
[2025-12-11T04:43:25.956+0000] {processor.py:183} INFO - Processing /home/airflow/.local/lib/python3.9/site-packages/airflow/example_dags/example_sla_dag.py took 0.216 seconds
[2025-12-11T04:43:56.340+0000] {processor.py:161} INFO - Started process (PID=3356) to work on /home/airflow/.local/lib/python3.9/site-packages/airflow/example_dags/example_sla_dag.py
[2025-12-11T04:43:56.341+0000] {processor.py:830} INFO - Processing file /home/airflow/.local/lib/python3.9/site-packages/airflow/example_dags/example_sla_dag.py for tasks to queue
[2025-12-11T04:43:56.344+0000] {logging_mixin.py:188} INFO - [2025-12-11T04:43:56.343+0000] {dagbag.py:545} INFO - Filling up the DagBag from /home/airflow/.local/lib/python3.9/site-packages/airflow/example_dags/example_sla_dag.py
[2025-12-11T04:43:56.361+0000] {processor.py:840} INFO - DAG(s) 'example_sla_dag' retrieved from /home/airflow/.local/lib/python3.9/site-packages/airflow/example_dags/example_sla_dag.py
[2025-12-11T04:43:56.438+0000] {logging_mixin.py:188} INFO - [2025-12-11T04:43:56.438+0000] {dag.py:3096} INFO - Sync 1 DAGs
[2025-12-11T04:43:56.557+0000] {logging_mixin.py:188} INFO - [2025-12-11T04:43:56.557+0000] {dag.py:3954} INFO - Setting next_dagrun for example_sla_dag to 2025-12-11 04:40:00+00:00, run_after=2025-12-11 04:42:00+00:00
[2025-12-11T04:43:56.607+0000] {processor.py:183} INFO - Processing /home/airflow/.local/lib/python3.9/site-packages/airflow/example_dags/example_sla_dag.py took 0.286 seconds
[2025-12-11T04:44:26.759+0000] {processor.py:161} INFO - Started process (PID=3423) to work on /home/airflow/.local/lib/python3.9/site-packages/airflow/example_dags/example_sla_dag.py
[2025-12-11T04:44:26.761+0000] {processor.py:830} INFO - Processing file /home/airflow/.local/lib/python3.9/site-packages/airflow/example_dags/example_sla_dag.py for tasks to queue
[2025-12-11T04:44:26.764+0000] {logging_mixin.py:188} INFO - [2025-12-11T04:44:26.763+0000] {dagbag.py:545} INFO - Filling up the DagBag from /home/airflow/.local/lib/python3.9/site-packages/airflow/example_dags/example_sla_dag.py
[2025-12-11T04:44:26.779+0000] {processor.py:840} INFO - DAG(s) 'example_sla_dag' retrieved from /home/airflow/.local/lib/python3.9/site-packages/airflow/example_dags/example_sla_dag.py
[2025-12-11T04:44:26.816+0000] {logging_mixin.py:188} INFO - [2025-12-11T04:44:26.815+0000] {dag.py:3096} INFO - Sync 1 DAGs
[2025-12-11T04:44:26.861+0000] {logging_mixin.py:188} INFO - [2025-12-11T04:44:26.860+0000] {dag.py:3954} INFO - Setting next_dagrun for example_sla_dag to 2025-12-11 04:42:00+00:00, run_after=2025-12-11 04:44:00+00:00
[2025-12-11T04:44:26.886+0000] {processor.py:183} INFO - Processing /home/airflow/.local/lib/python3.9/site-packages/airflow/example_dags/example_sla_dag.py took 0.138 seconds
[2025-12-11T04:44:57.527+0000] {processor.py:161} INFO - Started process (PID=3492) to work on /home/airflow/.local/lib/python3.9/site-packages/airflow/example_dags/example_sla_dag.py
[2025-12-11T04:44:57.541+0000] {processor.py:830} INFO - Processing file /home/airflow/.local/lib/python3.9/site-packages/airflow/example_dags/example_sla_dag.py for tasks to queue
[2025-12-11T04:44:57.544+0000] {logging_mixin.py:188} INFO - [2025-12-11T04:44:57.543+0000] {dagbag.py:545} INFO - Filling up the DagBag from /home/airflow/.local/lib/python3.9/site-packages/airflow/example_dags/example_sla_dag.py
[2025-12-11T04:44:57.557+0000] {processor.py:840} INFO - DAG(s) 'example_sla_dag' retrieved from /home/airflow/.local/lib/python3.9/site-packages/airflow/example_dags/example_sla_dag.py
[2025-12-11T04:44:57.592+0000] {logging_mixin.py:188} INFO - [2025-12-11T04:44:57.592+0000] {dag.py:3096} INFO - Sync 1 DAGs
[2025-12-11T04:44:57.641+0000] {logging_mixin.py:188} INFO - [2025-12-11T04:44:57.640+0000] {dag.py:3954} INFO - Setting next_dagrun for example_sla_dag to 2025-12-11 04:42:00+00:00, run_after=2025-12-11 04:44:00+00:00
[2025-12-11T04:44:57.953+0000] {processor.py:183} INFO - Processing /home/airflow/.local/lib/python3.9/site-packages/airflow/example_dags/example_sla_dag.py took 0.437 seconds
[2025-12-11T04:45:28.578+0000] {processor.py:161} INFO - Started process (PID=3559) to work on /home/airflow/.local/lib/python3.9/site-packages/airflow/example_dags/example_sla_dag.py
[2025-12-11T04:45:28.675+0000] {processor.py:830} INFO - Processing file /home/airflow/.local/lib/python3.9/site-packages/airflow/example_dags/example_sla_dag.py for tasks to queue
[2025-12-11T04:45:28.679+0000] {logging_mixin.py:188} INFO - [2025-12-11T04:45:28.678+0000] {dagbag.py:545} INFO - Filling up the DagBag from /home/airflow/.local/lib/python3.9/site-packages/airflow/example_dags/example_sla_dag.py
[2025-12-11T04:45:28.724+0000] {processor.py:840} INFO - DAG(s) 'example_sla_dag' retrieved from /home/airflow/.local/lib/python3.9/site-packages/airflow/example_dags/example_sla_dag.py
[2025-12-11T04:45:28.799+0000] {logging_mixin.py:188} INFO - [2025-12-11T04:45:28.798+0000] {dag.py:3096} INFO - Sync 1 DAGs
[2025-12-11T04:45:28.872+0000] {logging_mixin.py:188} INFO - [2025-12-11T04:45:28.872+0000] {dag.py:3954} INFO - Setting next_dagrun for example_sla_dag to 2025-12-11 04:42:00+00:00, run_after=2025-12-11 04:44:00+00:00
[2025-12-11T04:45:29.251+0000] {processor.py:183} INFO - Processing /home/airflow/.local/lib/python3.9/site-packages/airflow/example_dags/example_sla_dag.py took 0.693 seconds
[2025-12-11T04:45:59.700+0000] {processor.py:161} INFO - Started process (PID=3627) to work on /home/airflow/.local/lib/python3.9/site-packages/airflow/example_dags/example_sla_dag.py
[2025-12-11T04:45:59.709+0000] {processor.py:830} INFO - Processing file /home/airflow/.local/lib/python3.9/site-packages/airflow/example_dags/example_sla_dag.py for tasks to queue
[2025-12-11T04:45:59.721+0000] {logging_mixin.py:188} INFO - [2025-12-11T04:45:59.720+0000] {dagbag.py:545} INFO - Filling up the DagBag from /home/airflow/.local/lib/python3.9/site-packages/airflow/example_dags/example_sla_dag.py
[2025-12-11T04:45:59.746+0000] {processor.py:840} INFO - DAG(s) 'example_sla_dag' retrieved from /home/airflow/.local/lib/python3.9/site-packages/airflow/example_dags/example_sla_dag.py
[2025-12-11T04:45:59.821+0000] {logging_mixin.py:188} INFO - [2025-12-11T04:45:59.820+0000] {dag.py:3096} INFO - Sync 1 DAGs
[2025-12-11T04:45:59.901+0000] {logging_mixin.py:188} INFO - [2025-12-11T04:45:59.901+0000] {dag.py:3954} INFO - Setting next_dagrun for example_sla_dag to 2025-12-11 04:42:00+00:00, run_after=2025-12-11 04:44:00+00:00
[2025-12-11T04:46:00.006+0000] {processor.py:183} INFO - Processing /home/airflow/.local/lib/python3.9/site-packages/airflow/example_dags/example_sla_dag.py took 0.328 seconds
[2025-12-11T04:46:30.118+0000] {processor.py:161} INFO - Started process (PID=3692) to work on /home/airflow/.local/lib/python3.9/site-packages/airflow/example_dags/example_sla_dag.py
[2025-12-11T04:46:30.119+0000] {processor.py:830} INFO - Processing file /home/airflow/.local/lib/python3.9/site-packages/airflow/example_dags/example_sla_dag.py for tasks to queue
[2025-12-11T04:46:30.122+0000] {logging_mixin.py:188} INFO - [2025-12-11T04:46:30.122+0000] {dagbag.py:545} INFO - Filling up the DagBag from /home/airflow/.local/lib/python3.9/site-packages/airflow/example_dags/example_sla_dag.py
[2025-12-11T04:46:30.147+0000] {processor.py:840} INFO - DAG(s) 'example_sla_dag' retrieved from /home/airflow/.local/lib/python3.9/site-packages/airflow/example_dags/example_sla_dag.py
[2025-12-11T04:46:30.247+0000] {logging_mixin.py:188} INFO - [2025-12-11T04:46:30.246+0000] {dag.py:3096} INFO - Sync 1 DAGs
[2025-12-11T04:46:30.358+0000] {logging_mixin.py:188} INFO - [2025-12-11T04:46:30.358+0000] {dag.py:3954} INFO - Setting next_dagrun for example_sla_dag to 2025-12-11 04:44:00+00:00, run_after=2025-12-11 04:46:00+00:00
[2025-12-11T04:46:30.440+0000] {processor.py:183} INFO - Processing /home/airflow/.local/lib/python3.9/site-packages/airflow/example_dags/example_sla_dag.py took 0.343 seconds
[2025-12-11T04:47:00.656+0000] {processor.py:161} INFO - Started process (PID=3759) to work on /home/airflow/.local/lib/python3.9/site-packages/airflow/example_dags/example_sla_dag.py
[2025-12-11T04:47:00.658+0000] {processor.py:830} INFO - Processing file /home/airflow/.local/lib/python3.9/site-packages/airflow/example_dags/example_sla_dag.py for tasks to queue
[2025-12-11T04:47:00.661+0000] {logging_mixin.py:188} INFO - [2025-12-11T04:47:00.660+0000] {dagbag.py:545} INFO - Filling up the DagBag from /home/airflow/.local/lib/python3.9/site-packages/airflow/example_dags/example_sla_dag.py
[2025-12-11T04:47:00.674+0000] {processor.py:840} INFO - DAG(s) 'example_sla_dag' retrieved from /home/airflow/.local/lib/python3.9/site-packages/airflow/example_dags/example_sla_dag.py
[2025-12-11T04:47:00.712+0000] {logging_mixin.py:188} INFO - [2025-12-11T04:47:00.711+0000] {dag.py:3096} INFO - Sync 1 DAGs
[2025-12-11T04:47:00.754+0000] {logging_mixin.py:188} INFO - [2025-12-11T04:47:00.753+0000] {dag.py:3954} INFO - Setting next_dagrun for example_sla_dag to 2025-12-11 04:44:00+00:00, run_after=2025-12-11 04:46:00+00:00
[2025-12-11T04:47:00.783+0000] {processor.py:183} INFO - Processing /home/airflow/.local/lib/python3.9/site-packages/airflow/example_dags/example_sla_dag.py took 0.137 seconds
[2025-12-11T04:47:31.498+0000] {processor.py:161} INFO - Started process (PID=3832) to work on /home/airflow/.local/lib/python3.9/site-packages/airflow/example_dags/example_sla_dag.py
[2025-12-11T04:47:31.611+0000] {processor.py:830} INFO - Processing file /home/airflow/.local/lib/python3.9/site-packages/airflow/example_dags/example_sla_dag.py for tasks to queue
[2025-12-11T04:47:31.614+0000] {logging_mixin.py:188} INFO - [2025-12-11T04:47:31.614+0000] {dagbag.py:545} INFO - Filling up the DagBag from /home/airflow/.local/lib/python3.9/site-packages/airflow/example_dags/example_sla_dag.py
[2025-12-11T04:47:31.627+0000] {processor.py:840} INFO - DAG(s) 'example_sla_dag' retrieved from /home/airflow/.local/lib/python3.9/site-packages/airflow/example_dags/example_sla_dag.py
[2025-12-11T04:47:31.678+0000] {logging_mixin.py:188} INFO - [2025-12-11T04:47:31.677+0000] {dag.py:3096} INFO - Sync 1 DAGs
[2025-12-11T04:47:31.731+0000] {logging_mixin.py:188} INFO - [2025-12-11T04:47:31.731+0000] {dag.py:3954} INFO - Setting next_dagrun for example_sla_dag to 2025-12-11 04:44:00+00:00, run_after=2025-12-11 04:46:00+00:00
[2025-12-11T04:47:31.802+0000] {processor.py:183} INFO - Processing /home/airflow/.local/lib/python3.9/site-packages/airflow/example_dags/example_sla_dag.py took 0.315 seconds
[2025-12-11T04:48:02.821+0000] {processor.py:161} INFO - Started process (PID=3899) to work on /home/airflow/.local/lib/python3.9/site-packages/airflow/example_dags/example_sla_dag.py
[2025-12-11T04:48:02.877+0000] {processor.py:830} INFO - Processing file /home/airflow/.local/lib/python3.9/site-packages/airflow/example_dags/example_sla_dag.py for tasks to queue
[2025-12-11T04:48:02.880+0000] {logging_mixin.py:188} INFO - [2025-12-11T04:48:02.880+0000] {dagbag.py:545} INFO - Filling up the DagBag from /home/airflow/.local/lib/python3.9/site-packages/airflow/example_dags/example_sla_dag.py
[2025-12-11T04:48:02.902+0000] {processor.py:840} INFO - DAG(s) 'example_sla_dag' retrieved from /home/airflow/.local/lib/python3.9/site-packages/airflow/example_dags/example_sla_dag.py
[2025-12-11T04:48:02.960+0000] {logging_mixin.py:188} INFO - [2025-12-11T04:48:02.959+0000] {dag.py:3096} INFO - Sync 1 DAGs
[2025-12-11T04:48:03.000+0000] {logging_mixin.py:188} INFO - [2025-12-11T04:48:02.999+0000] {dag.py:3954} INFO - Setting next_dagrun for example_sla_dag to 2025-12-11 04:46:00+00:00, run_after=2025-12-11 04:48:00+00:00
[2025-12-11T04:48:03.225+0000] {processor.py:183} INFO - Processing /home/airflow/.local/lib/python3.9/site-packages/airflow/example_dags/example_sla_dag.py took 0.443 seconds
[2025-12-11T04:48:33.424+0000] {processor.py:161} INFO - Started process (PID=3966) to work on /home/airflow/.local/lib/python3.9/site-packages/airflow/example_dags/example_sla_dag.py
[2025-12-11T04:48:33.425+0000] {processor.py:830} INFO - Processing file /home/airflow/.local/lib/python3.9/site-packages/airflow/example_dags/example_sla_dag.py for tasks to queue
[2025-12-11T04:48:33.428+0000] {logging_mixin.py:188} INFO - [2025-12-11T04:48:33.427+0000] {dagbag.py:545} INFO - Filling up the DagBag from /home/airflow/.local/lib/python3.9/site-packages/airflow/example_dags/example_sla_dag.py
[2025-12-11T04:48:33.445+0000] {processor.py:840} INFO - DAG(s) 'example_sla_dag' retrieved from /home/airflow/.local/lib/python3.9/site-packages/airflow/example_dags/example_sla_dag.py
[2025-12-11T04:48:33.537+0000] {logging_mixin.py:188} INFO - [2025-12-11T04:48:33.528+0000] {dag.py:3096} INFO - Sync 1 DAGs
[2025-12-11T04:48:33.644+0000] {logging_mixin.py:188} INFO - [2025-12-11T04:48:33.643+0000] {dag.py:3954} INFO - Setting next_dagrun for example_sla_dag to 2025-12-11 04:46:00+00:00, run_after=2025-12-11 04:48:00+00:00
[2025-12-11T04:48:33.719+0000] {processor.py:183} INFO - Processing /home/airflow/.local/lib/python3.9/site-packages/airflow/example_dags/example_sla_dag.py took 0.306 seconds
[2025-12-11T04:49:03.998+0000] {processor.py:161} INFO - Started process (PID=4033) to work on /home/airflow/.local/lib/python3.9/site-packages/airflow/example_dags/example_sla_dag.py
[2025-12-11T04:49:03.999+0000] {processor.py:830} INFO - Processing file /home/airflow/.local/lib/python3.9/site-packages/airflow/example_dags/example_sla_dag.py for tasks to queue
[2025-12-11T04:49:04.003+0000] {logging_mixin.py:188} INFO - [2025-12-11T04:49:04.002+0000] {dagbag.py:545} INFO - Filling up the DagBag from /home/airflow/.local/lib/python3.9/site-packages/airflow/example_dags/example_sla_dag.py
[2025-12-11T04:49:04.022+0000] {processor.py:840} INFO - DAG(s) 'example_sla_dag' retrieved from /home/airflow/.local/lib/python3.9/site-packages/airflow/example_dags/example_sla_dag.py
[2025-12-11T04:49:04.085+0000] {logging_mixin.py:188} INFO - [2025-12-11T04:49:04.085+0000] {dag.py:3096} INFO - Sync 1 DAGs
[2025-12-11T04:49:04.144+0000] {logging_mixin.py:188} INFO - [2025-12-11T04:49:04.144+0000] {dag.py:3954} INFO - Setting next_dagrun for example_sla_dag to 2025-12-11 04:46:00+00:00, run_after=2025-12-11 04:48:00+00:00
[2025-12-11T04:49:04.200+0000] {processor.py:183} INFO - Processing /home/airflow/.local/lib/python3.9/site-packages/airflow/example_dags/example_sla_dag.py took 0.218 seconds
[2025-12-11T04:49:34.866+0000] {processor.py:161} INFO - Started process (PID=4100) to work on /home/airflow/.local/lib/python3.9/site-packages/airflow/example_dags/example_sla_dag.py
[2025-12-11T04:49:34.868+0000] {processor.py:830} INFO - Processing file /home/airflow/.local/lib/python3.9/site-packages/airflow/example_dags/example_sla_dag.py for tasks to queue
[2025-12-11T04:49:34.879+0000] {logging_mixin.py:188} INFO - [2025-12-11T04:49:34.879+0000] {dagbag.py:545} INFO - Filling up the DagBag from /home/airflow/.local/lib/python3.9/site-packages/airflow/example_dags/example_sla_dag.py
[2025-12-11T04:49:34.903+0000] {processor.py:840} INFO - DAG(s) 'example_sla_dag' retrieved from /home/airflow/.local/lib/python3.9/site-packages/airflow/example_dags/example_sla_dag.py
[2025-12-11T04:49:34.981+0000] {logging_mixin.py:188} INFO - [2025-12-11T04:49:34.981+0000] {dag.py:3096} INFO - Sync 1 DAGs
[2025-12-11T04:49:35.063+0000] {logging_mixin.py:188} INFO - [2025-12-11T04:49:35.063+0000] {dag.py:3954} INFO - Setting next_dagrun for example_sla_dag to 2025-12-11 04:46:00+00:00, run_after=2025-12-11 04:48:00+00:00
[2025-12-11T04:49:35.119+0000] {processor.py:183} INFO - Processing /home/airflow/.local/lib/python3.9/site-packages/airflow/example_dags/example_sla_dag.py took 0.265 seconds
[2025-12-11T04:50:05.820+0000] {processor.py:161} INFO - Started process (PID=4165) to work on /home/airflow/.local/lib/python3.9/site-packages/airflow/example_dags/example_sla_dag.py
[2025-12-11T04:50:05.824+0000] {processor.py:830} INFO - Processing file /home/airflow/.local/lib/python3.9/site-packages/airflow/example_dags/example_sla_dag.py for tasks to queue
[2025-12-11T04:50:05.830+0000] {logging_mixin.py:188} INFO - [2025-12-11T04:50:05.827+0000] {dagbag.py:545} INFO - Filling up the DagBag from /home/airflow/.local/lib/python3.9/site-packages/airflow/example_dags/example_sla_dag.py
[2025-12-11T04:50:05.848+0000] {processor.py:840} INFO - DAG(s) 'example_sla_dag' retrieved from /home/airflow/.local/lib/python3.9/site-packages/airflow/example_dags/example_sla_dag.py
[2025-12-11T04:50:05.896+0000] {logging_mixin.py:188} INFO - [2025-12-11T04:50:05.896+0000] {dag.py:3096} INFO - Sync 1 DAGs
[2025-12-11T04:50:05.948+0000] {logging_mixin.py:188} INFO - [2025-12-11T04:50:05.948+0000] {dag.py:3954} INFO - Setting next_dagrun for example_sla_dag to 2025-12-11 04:48:00+00:00, run_after=2025-12-11 04:50:00+00:00
[2025-12-11T04:50:05.990+0000] {processor.py:183} INFO - Processing /home/airflow/.local/lib/python3.9/site-packages/airflow/example_dags/example_sla_dag.py took 0.184 seconds
[2025-12-11T04:50:36.532+0000] {processor.py:161} INFO - Started process (PID=4232) to work on /home/airflow/.local/lib/python3.9/site-packages/airflow/example_dags/example_sla_dag.py
[2025-12-11T04:50:36.534+0000] {processor.py:830} INFO - Processing file /home/airflow/.local/lib/python3.9/site-packages/airflow/example_dags/example_sla_dag.py for tasks to queue
[2025-12-11T04:50:36.537+0000] {logging_mixin.py:188} INFO - [2025-12-11T04:50:36.536+0000] {dagbag.py:545} INFO - Filling up the DagBag from /home/airflow/.local/lib/python3.9/site-packages/airflow/example_dags/example_sla_dag.py
[2025-12-11T04:50:36.549+0000] {processor.py:840} INFO - DAG(s) 'example_sla_dag' retrieved from /home/airflow/.local/lib/python3.9/site-packages/airflow/example_dags/example_sla_dag.py
[2025-12-11T04:50:36.587+0000] {logging_mixin.py:188} INFO - [2025-12-11T04:50:36.587+0000] {dag.py:3096} INFO - Sync 1 DAGs
[2025-12-11T04:50:36.638+0000] {logging_mixin.py:188} INFO - [2025-12-11T04:50:36.638+0000] {dag.py:3954} INFO - Setting next_dagrun for example_sla_dag to 2025-12-11 04:48:00+00:00, run_after=2025-12-11 04:50:00+00:00
[2025-12-11T04:50:36.670+0000] {processor.py:183} INFO - Processing /home/airflow/.local/lib/python3.9/site-packages/airflow/example_dags/example_sla_dag.py took 0.148 seconds
[2025-12-11T04:51:07.451+0000] {processor.py:161} INFO - Started process (PID=4299) to work on /home/airflow/.local/lib/python3.9/site-packages/airflow/example_dags/example_sla_dag.py
[2025-12-11T04:51:07.453+0000] {processor.py:830} INFO - Processing file /home/airflow/.local/lib/python3.9/site-packages/airflow/example_dags/example_sla_dag.py for tasks to queue
[2025-12-11T04:51:07.457+0000] {logging_mixin.py:188} INFO - [2025-12-11T04:51:07.456+0000] {dagbag.py:545} INFO - Filling up the DagBag from /home/airflow/.local/lib/python3.9/site-packages/airflow/example_dags/example_sla_dag.py
[2025-12-11T04:51:07.477+0000] {processor.py:840} INFO - DAG(s) 'example_sla_dag' retrieved from /home/airflow/.local/lib/python3.9/site-packages/airflow/example_dags/example_sla_dag.py
[2025-12-11T04:51:07.527+0000] {logging_mixin.py:188} INFO - [2025-12-11T04:51:07.526+0000] {dag.py:3096} INFO - Sync 1 DAGs
[2025-12-11T04:51:07.583+0000] {logging_mixin.py:188} INFO - [2025-12-11T04:51:07.583+0000] {dag.py:3954} INFO - Setting next_dagrun for example_sla_dag to 2025-12-11 04:48:00+00:00, run_after=2025-12-11 04:50:00+00:00
[2025-12-11T04:51:07.616+0000] {processor.py:183} INFO - Processing /home/airflow/.local/lib/python3.9/site-packages/airflow/example_dags/example_sla_dag.py took 0.181 seconds
[2025-12-11T04:51:38.111+0000] {processor.py:161} INFO - Started process (PID=4366) to work on /home/airflow/.local/lib/python3.9/site-packages/airflow/example_dags/example_sla_dag.py
[2025-12-11T04:51:38.121+0000] {processor.py:830} INFO - Processing file /home/airflow/.local/lib/python3.9/site-packages/airflow/example_dags/example_sla_dag.py for tasks to queue
[2025-12-11T04:51:38.124+0000] {logging_mixin.py:188} INFO - [2025-12-11T04:51:38.123+0000] {dagbag.py:545} INFO - Filling up the DagBag from /home/airflow/.local/lib/python3.9/site-packages/airflow/example_dags/example_sla_dag.py
[2025-12-11T04:51:38.145+0000] {processor.py:840} INFO - DAG(s) 'example_sla_dag' retrieved from /home/airflow/.local/lib/python3.9/site-packages/airflow/example_dags/example_sla_dag.py
[2025-12-11T04:51:38.232+0000] {logging_mixin.py:188} INFO - [2025-12-11T04:51:38.231+0000] {dag.py:3096} INFO - Sync 1 DAGs
[2025-12-11T04:51:38.287+0000] {logging_mixin.py:188} INFO - [2025-12-11T04:51:38.286+0000] {dag.py:3954} INFO - Setting next_dagrun for example_sla_dag to 2025-12-11 04:48:00+00:00, run_after=2025-12-11 04:50:00+00:00
[2025-12-11T04:51:38.329+0000] {processor.py:183} INFO - Processing /home/airflow/.local/lib/python3.9/site-packages/airflow/example_dags/example_sla_dag.py took 0.229 seconds
[2025-12-11T04:52:08.904+0000] {processor.py:161} INFO - Started process (PID=4433) to work on /home/airflow/.local/lib/python3.9/site-packages/airflow/example_dags/example_sla_dag.py
[2025-12-11T04:52:08.912+0000] {processor.py:830} INFO - Processing file /home/airflow/.local/lib/python3.9/site-packages/airflow/example_dags/example_sla_dag.py for tasks to queue
[2025-12-11T04:52:08.915+0000] {logging_mixin.py:188} INFO - [2025-12-11T04:52:08.914+0000] {dagbag.py:545} INFO - Filling up the DagBag from /home/airflow/.local/lib/python3.9/site-packages/airflow/example_dags/example_sla_dag.py
[2025-12-11T04:52:08.928+0000] {processor.py:840} INFO - DAG(s) 'example_sla_dag' retrieved from /home/airflow/.local/lib/python3.9/site-packages/airflow/example_dags/example_sla_dag.py
[2025-12-11T04:52:08.964+0000] {logging_mixin.py:188} INFO - [2025-12-11T04:52:08.964+0000] {dag.py:3096} INFO - Sync 1 DAGs
[2025-12-11T04:52:09.011+0000] {logging_mixin.py:188} INFO - [2025-12-11T04:52:09.010+0000] {dag.py:3954} INFO - Setting next_dagrun for example_sla_dag to 2025-12-11 04:50:00+00:00, run_after=2025-12-11 04:52:00+00:00
[2025-12-11T04:52:09.048+0000] {processor.py:183} INFO - Processing /home/airflow/.local/lib/python3.9/site-packages/airflow/example_dags/example_sla_dag.py took 0.155 seconds
[2025-12-11T04:52:40.125+0000] {processor.py:161} INFO - Started process (PID=4500) to work on /home/airflow/.local/lib/python3.9/site-packages/airflow/example_dags/example_sla_dag.py
[2025-12-11T04:52:40.172+0000] {processor.py:830} INFO - Processing file /home/airflow/.local/lib/python3.9/site-packages/airflow/example_dags/example_sla_dag.py for tasks to queue
[2025-12-11T04:52:40.176+0000] {logging_mixin.py:188} INFO - [2025-12-11T04:52:40.175+0000] {dagbag.py:545} INFO - Filling up the DagBag from /home/airflow/.local/lib/python3.9/site-packages/airflow/example_dags/example_sla_dag.py
[2025-12-11T04:52:40.193+0000] {processor.py:840} INFO - DAG(s) 'example_sla_dag' retrieved from /home/airflow/.local/lib/python3.9/site-packages/airflow/example_dags/example_sla_dag.py
[2025-12-11T04:52:40.229+0000] {logging_mixin.py:188} INFO - [2025-12-11T04:52:40.228+0000] {dag.py:3096} INFO - Sync 1 DAGs
[2025-12-11T04:52:40.263+0000] {logging_mixin.py:188} INFO - [2025-12-11T04:52:40.263+0000] {dag.py:3954} INFO - Setting next_dagrun for example_sla_dag to 2025-12-11 04:50:00+00:00, run_after=2025-12-11 04:52:00+00:00
[2025-12-11T04:52:40.368+0000] {processor.py:183} INFO - Processing /home/airflow/.local/lib/python3.9/site-packages/airflow/example_dags/example_sla_dag.py took 0.255 seconds
