[2025-12-11T04:18:35.002+0000] {processor.py:161} INFO - Started process (PID=90) to work on /home/airflow/.local/lib/python3.9/site-packages/airflow/example_dags/example_python_decorator.py
[2025-12-11T04:18:35.037+0000] {processor.py:830} INFO - Processing file /home/airflow/.local/lib/python3.9/site-packages/airflow/example_dags/example_python_decorator.py for tasks to queue
[2025-12-11T04:18:35.040+0000] {logging_mixin.py:188} INFO - [2025-12-11T04:18:35.040+0000] {dagbag.py:545} INFO - Filling up the DagBag from /home/airflow/.local/lib/python3.9/site-packages/airflow/example_dags/example_python_decorator.py
[2025-12-11T04:18:35.198+0000] {processor.py:840} INFO - DAG(s) 'example_python_decorator' retrieved from /home/airflow/.local/lib/python3.9/site-packages/airflow/example_dags/example_python_decorator.py
[2025-12-11T04:18:36.337+0000] {logging_mixin.py:188} INFO - [2025-12-11T04:18:36.322+0000] {dag.py:3096} INFO - Sync 1 DAGs
[2025-12-11T04:18:36.402+0000] {logging_mixin.py:188} INFO - [2025-12-11T04:18:36.401+0000] {dag.py:3954} INFO - Setting next_dagrun for example_python_decorator to None, run_after=None
[2025-12-11T04:18:36.718+0000] {processor.py:183} INFO - Processing /home/airflow/.local/lib/python3.9/site-packages/airflow/example_dags/example_python_decorator.py took 1.777 seconds
[2025-12-11T04:19:14.559+0000] {processor.py:161} INFO - Started process (PID=156) to work on /home/airflow/.local/lib/python3.9/site-packages/airflow/example_dags/example_python_decorator.py
[2025-12-11T04:19:14.594+0000] {processor.py:830} INFO - Processing file /home/airflow/.local/lib/python3.9/site-packages/airflow/example_dags/example_python_decorator.py for tasks to queue
[2025-12-11T04:19:14.597+0000] {logging_mixin.py:188} INFO - [2025-12-11T04:19:14.597+0000] {dagbag.py:545} INFO - Filling up the DagBag from /home/airflow/.local/lib/python3.9/site-packages/airflow/example_dags/example_python_decorator.py
[2025-12-11T04:19:14.618+0000] {processor.py:840} INFO - DAG(s) 'example_python_decorator' retrieved from /home/airflow/.local/lib/python3.9/site-packages/airflow/example_dags/example_python_decorator.py
[2025-12-11T04:19:14.660+0000] {logging_mixin.py:188} INFO - [2025-12-11T04:19:14.659+0000] {dag.py:3096} INFO - Sync 1 DAGs
[2025-12-11T04:19:14.680+0000] {logging_mixin.py:188} INFO - [2025-12-11T04:19:14.680+0000] {dag.py:3954} INFO - Setting next_dagrun for example_python_decorator to None, run_after=None
[2025-12-11T04:19:14.826+0000] {processor.py:183} INFO - Processing /home/airflow/.local/lib/python3.9/site-packages/airflow/example_dags/example_python_decorator.py took 0.278 seconds
[2025-12-11T04:19:45.001+0000] {processor.py:161} INFO - Started process (PID=220) to work on /home/airflow/.local/lib/python3.9/site-packages/airflow/example_dags/example_python_decorator.py
[2025-12-11T04:19:45.006+0000] {processor.py:830} INFO - Processing file /home/airflow/.local/lib/python3.9/site-packages/airflow/example_dags/example_python_decorator.py for tasks to queue
[2025-12-11T04:19:45.020+0000] {logging_mixin.py:188} INFO - [2025-12-11T04:19:45.019+0000] {dagbag.py:545} INFO - Filling up the DagBag from /home/airflow/.local/lib/python3.9/site-packages/airflow/example_dags/example_python_decorator.py
[2025-12-11T04:19:45.059+0000] {processor.py:840} INFO - DAG(s) 'example_python_decorator' retrieved from /home/airflow/.local/lib/python3.9/site-packages/airflow/example_dags/example_python_decorator.py
[2025-12-11T04:19:45.164+0000] {logging_mixin.py:188} INFO - [2025-12-11T04:19:45.163+0000] {dag.py:3096} INFO - Sync 1 DAGs
[2025-12-11T04:19:45.231+0000] {logging_mixin.py:188} INFO - [2025-12-11T04:19:45.230+0000] {dag.py:3954} INFO - Setting next_dagrun for example_python_decorator to None, run_after=None
[2025-12-11T04:19:45.362+0000] {processor.py:183} INFO - Processing /home/airflow/.local/lib/python3.9/site-packages/airflow/example_dags/example_python_decorator.py took 0.380 seconds
[2025-12-11T04:20:15.769+0000] {processor.py:161} INFO - Started process (PID=279) to work on /home/airflow/.local/lib/python3.9/site-packages/airflow/example_dags/example_python_decorator.py
[2025-12-11T04:20:15.770+0000] {processor.py:830} INFO - Processing file /home/airflow/.local/lib/python3.9/site-packages/airflow/example_dags/example_python_decorator.py for tasks to queue
[2025-12-11T04:20:15.773+0000] {logging_mixin.py:188} INFO - [2025-12-11T04:20:15.773+0000] {dagbag.py:545} INFO - Filling up the DagBag from /home/airflow/.local/lib/python3.9/site-packages/airflow/example_dags/example_python_decorator.py
[2025-12-11T04:20:15.792+0000] {processor.py:840} INFO - DAG(s) 'example_python_decorator' retrieved from /home/airflow/.local/lib/python3.9/site-packages/airflow/example_dags/example_python_decorator.py
[2025-12-11T04:20:15.831+0000] {logging_mixin.py:188} INFO - [2025-12-11T04:20:15.830+0000] {dag.py:3096} INFO - Sync 1 DAGs
[2025-12-11T04:20:15.851+0000] {logging_mixin.py:188} INFO - [2025-12-11T04:20:15.851+0000] {dag.py:3954} INFO - Setting next_dagrun for example_python_decorator to None, run_after=None
[2025-12-11T04:20:15.885+0000] {processor.py:183} INFO - Processing /home/airflow/.local/lib/python3.9/site-packages/airflow/example_dags/example_python_decorator.py took 0.126 seconds
[2025-12-11T04:20:46.090+0000] {processor.py:161} INFO - Started process (PID=345) to work on /home/airflow/.local/lib/python3.9/site-packages/airflow/example_dags/example_python_decorator.py
[2025-12-11T04:20:46.092+0000] {processor.py:830} INFO - Processing file /home/airflow/.local/lib/python3.9/site-packages/airflow/example_dags/example_python_decorator.py for tasks to queue
[2025-12-11T04:20:46.095+0000] {logging_mixin.py:188} INFO - [2025-12-11T04:20:46.095+0000] {dagbag.py:545} INFO - Filling up the DagBag from /home/airflow/.local/lib/python3.9/site-packages/airflow/example_dags/example_python_decorator.py
[2025-12-11T04:20:46.115+0000] {processor.py:840} INFO - DAG(s) 'example_python_decorator' retrieved from /home/airflow/.local/lib/python3.9/site-packages/airflow/example_dags/example_python_decorator.py
[2025-12-11T04:20:46.157+0000] {logging_mixin.py:188} INFO - [2025-12-11T04:20:46.157+0000] {dag.py:3096} INFO - Sync 1 DAGs
[2025-12-11T04:20:46.182+0000] {logging_mixin.py:188} INFO - [2025-12-11T04:20:46.182+0000] {dag.py:3954} INFO - Setting next_dagrun for example_python_decorator to None, run_after=None
[2025-12-11T04:20:46.226+0000] {processor.py:183} INFO - Processing /home/airflow/.local/lib/python3.9/site-packages/airflow/example_dags/example_python_decorator.py took 0.150 seconds
[2025-12-11T04:21:17.119+0000] {processor.py:161} INFO - Started process (PID=411) to work on /home/airflow/.local/lib/python3.9/site-packages/airflow/example_dags/example_python_decorator.py
[2025-12-11T04:21:17.122+0000] {processor.py:830} INFO - Processing file /home/airflow/.local/lib/python3.9/site-packages/airflow/example_dags/example_python_decorator.py for tasks to queue
[2025-12-11T04:21:17.126+0000] {logging_mixin.py:188} INFO - [2025-12-11T04:21:17.125+0000] {dagbag.py:545} INFO - Filling up the DagBag from /home/airflow/.local/lib/python3.9/site-packages/airflow/example_dags/example_python_decorator.py
[2025-12-11T04:21:17.155+0000] {processor.py:840} INFO - DAG(s) 'example_python_decorator' retrieved from /home/airflow/.local/lib/python3.9/site-packages/airflow/example_dags/example_python_decorator.py
[2025-12-11T04:21:17.202+0000] {logging_mixin.py:188} INFO - [2025-12-11T04:21:17.202+0000] {dag.py:3096} INFO - Sync 1 DAGs
[2025-12-11T04:21:17.230+0000] {logging_mixin.py:188} INFO - [2025-12-11T04:21:17.230+0000] {dag.py:3954} INFO - Setting next_dagrun for example_python_decorator to None, run_after=None
[2025-12-11T04:21:17.293+0000] {processor.py:183} INFO - Processing /home/airflow/.local/lib/python3.9/site-packages/airflow/example_dags/example_python_decorator.py took 0.192 seconds
[2025-12-11T04:21:47.707+0000] {processor.py:161} INFO - Started process (PID=476) to work on /home/airflow/.local/lib/python3.9/site-packages/airflow/example_dags/example_python_decorator.py
[2025-12-11T04:21:47.717+0000] {processor.py:830} INFO - Processing file /home/airflow/.local/lib/python3.9/site-packages/airflow/example_dags/example_python_decorator.py for tasks to queue
[2025-12-11T04:21:47.720+0000] {logging_mixin.py:188} INFO - [2025-12-11T04:21:47.720+0000] {dagbag.py:545} INFO - Filling up the DagBag from /home/airflow/.local/lib/python3.9/site-packages/airflow/example_dags/example_python_decorator.py
[2025-12-11T04:21:47.759+0000] {processor.py:840} INFO - DAG(s) 'example_python_decorator' retrieved from /home/airflow/.local/lib/python3.9/site-packages/airflow/example_dags/example_python_decorator.py
[2025-12-11T04:21:47.811+0000] {logging_mixin.py:188} INFO - [2025-12-11T04:21:47.811+0000] {dag.py:3096} INFO - Sync 1 DAGs
[2025-12-11T04:21:47.837+0000] {logging_mixin.py:188} INFO - [2025-12-11T04:21:47.836+0000] {dag.py:3954} INFO - Setting next_dagrun for example_python_decorator to None, run_after=None
[2025-12-11T04:21:47.881+0000] {processor.py:183} INFO - Processing /home/airflow/.local/lib/python3.9/site-packages/airflow/example_dags/example_python_decorator.py took 0.195 seconds
[2025-12-11T04:22:18.325+0000] {processor.py:161} INFO - Started process (PID=542) to work on /home/airflow/.local/lib/python3.9/site-packages/airflow/example_dags/example_python_decorator.py
[2025-12-11T04:22:18.327+0000] {processor.py:830} INFO - Processing file /home/airflow/.local/lib/python3.9/site-packages/airflow/example_dags/example_python_decorator.py for tasks to queue
[2025-12-11T04:22:18.339+0000] {logging_mixin.py:188} INFO - [2025-12-11T04:22:18.339+0000] {dagbag.py:545} INFO - Filling up the DagBag from /home/airflow/.local/lib/python3.9/site-packages/airflow/example_dags/example_python_decorator.py
[2025-12-11T04:22:18.368+0000] {processor.py:840} INFO - DAG(s) 'example_python_decorator' retrieved from /home/airflow/.local/lib/python3.9/site-packages/airflow/example_dags/example_python_decorator.py
[2025-12-11T04:22:18.464+0000] {logging_mixin.py:188} INFO - [2025-12-11T04:22:18.464+0000] {dag.py:3096} INFO - Sync 1 DAGs
[2025-12-11T04:22:18.506+0000] {logging_mixin.py:188} INFO - [2025-12-11T04:22:18.506+0000] {dag.py:3954} INFO - Setting next_dagrun for example_python_decorator to None, run_after=None
[2025-12-11T04:22:18.574+0000] {processor.py:183} INFO - Processing /home/airflow/.local/lib/python3.9/site-packages/airflow/example_dags/example_python_decorator.py took 0.273 seconds
[2025-12-11T04:22:49.265+0000] {processor.py:161} INFO - Started process (PID=608) to work on /home/airflow/.local/lib/python3.9/site-packages/airflow/example_dags/example_python_decorator.py
[2025-12-11T04:22:49.266+0000] {processor.py:830} INFO - Processing file /home/airflow/.local/lib/python3.9/site-packages/airflow/example_dags/example_python_decorator.py for tasks to queue
[2025-12-11T04:22:49.279+0000] {logging_mixin.py:188} INFO - [2025-12-11T04:22:49.278+0000] {dagbag.py:545} INFO - Filling up the DagBag from /home/airflow/.local/lib/python3.9/site-packages/airflow/example_dags/example_python_decorator.py
[2025-12-11T04:22:49.307+0000] {processor.py:840} INFO - DAG(s) 'example_python_decorator' retrieved from /home/airflow/.local/lib/python3.9/site-packages/airflow/example_dags/example_python_decorator.py
[2025-12-11T04:22:49.390+0000] {logging_mixin.py:188} INFO - [2025-12-11T04:22:49.389+0000] {dag.py:3096} INFO - Sync 1 DAGs
[2025-12-11T04:22:49.429+0000] {logging_mixin.py:188} INFO - [2025-12-11T04:22:49.428+0000] {dag.py:3954} INFO - Setting next_dagrun for example_python_decorator to None, run_after=None
[2025-12-11T04:22:49.489+0000] {processor.py:183} INFO - Processing /home/airflow/.local/lib/python3.9/site-packages/airflow/example_dags/example_python_decorator.py took 0.245 seconds
[2025-12-11T04:23:19.617+0000] {processor.py:161} INFO - Started process (PID=674) to work on /home/airflow/.local/lib/python3.9/site-packages/airflow/example_dags/example_python_decorator.py
[2025-12-11T04:23:19.626+0000] {processor.py:830} INFO - Processing file /home/airflow/.local/lib/python3.9/site-packages/airflow/example_dags/example_python_decorator.py for tasks to queue
[2025-12-11T04:23:19.629+0000] {logging_mixin.py:188} INFO - [2025-12-11T04:23:19.628+0000] {dagbag.py:545} INFO - Filling up the DagBag from /home/airflow/.local/lib/python3.9/site-packages/airflow/example_dags/example_python_decorator.py
[2025-12-11T04:23:19.649+0000] {processor.py:840} INFO - DAG(s) 'example_python_decorator' retrieved from /home/airflow/.local/lib/python3.9/site-packages/airflow/example_dags/example_python_decorator.py
[2025-12-11T04:23:19.689+0000] {logging_mixin.py:188} INFO - [2025-12-11T04:23:19.689+0000] {dag.py:3096} INFO - Sync 1 DAGs
[2025-12-11T04:23:19.710+0000] {logging_mixin.py:188} INFO - [2025-12-11T04:23:19.710+0000] {dag.py:3954} INFO - Setting next_dagrun for example_python_decorator to None, run_after=None
[2025-12-11T04:23:19.736+0000] {processor.py:183} INFO - Processing /home/airflow/.local/lib/python3.9/site-packages/airflow/example_dags/example_python_decorator.py took 0.130 seconds
[2025-12-11T04:23:50.406+0000] {processor.py:161} INFO - Started process (PID=747) to work on /home/airflow/.local/lib/python3.9/site-packages/airflow/example_dags/example_python_decorator.py
[2025-12-11T04:23:50.414+0000] {processor.py:830} INFO - Processing file /home/airflow/.local/lib/python3.9/site-packages/airflow/example_dags/example_python_decorator.py for tasks to queue
[2025-12-11T04:23:50.418+0000] {logging_mixin.py:188} INFO - [2025-12-11T04:23:50.417+0000] {dagbag.py:545} INFO - Filling up the DagBag from /home/airflow/.local/lib/python3.9/site-packages/airflow/example_dags/example_python_decorator.py
[2025-12-11T04:23:50.442+0000] {processor.py:840} INFO - DAG(s) 'example_python_decorator' retrieved from /home/airflow/.local/lib/python3.9/site-packages/airflow/example_dags/example_python_decorator.py
[2025-12-11T04:23:50.500+0000] {logging_mixin.py:188} INFO - [2025-12-11T04:23:50.500+0000] {dag.py:3096} INFO - Sync 1 DAGs
[2025-12-11T04:23:50.525+0000] {logging_mixin.py:188} INFO - [2025-12-11T04:23:50.524+0000] {dag.py:3954} INFO - Setting next_dagrun for example_python_decorator to None, run_after=None
[2025-12-11T04:23:50.570+0000] {processor.py:183} INFO - Processing /home/airflow/.local/lib/python3.9/site-packages/airflow/example_dags/example_python_decorator.py took 0.178 seconds
[2025-12-11T04:24:20.998+0000] {processor.py:161} INFO - Started process (PID=813) to work on /home/airflow/.local/lib/python3.9/site-packages/airflow/example_dags/example_python_decorator.py
[2025-12-11T04:24:21.000+0000] {processor.py:830} INFO - Processing file /home/airflow/.local/lib/python3.9/site-packages/airflow/example_dags/example_python_decorator.py for tasks to queue
[2025-12-11T04:24:21.003+0000] {logging_mixin.py:188} INFO - [2025-12-11T04:24:21.003+0000] {dagbag.py:545} INFO - Filling up the DagBag from /home/airflow/.local/lib/python3.9/site-packages/airflow/example_dags/example_python_decorator.py
[2025-12-11T04:24:21.028+0000] {processor.py:840} INFO - DAG(s) 'example_python_decorator' retrieved from /home/airflow/.local/lib/python3.9/site-packages/airflow/example_dags/example_python_decorator.py
[2025-12-11T04:24:21.100+0000] {logging_mixin.py:188} INFO - [2025-12-11T04:24:21.100+0000] {dag.py:3096} INFO - Sync 1 DAGs
[2025-12-11T04:24:21.138+0000] {logging_mixin.py:188} INFO - [2025-12-11T04:24:21.137+0000] {dag.py:3954} INFO - Setting next_dagrun for example_python_decorator to None, run_after=None
[2025-12-11T04:24:21.186+0000] {processor.py:183} INFO - Processing /home/airflow/.local/lib/python3.9/site-packages/airflow/example_dags/example_python_decorator.py took 0.204 seconds
[2025-12-11T04:24:52.438+0000] {processor.py:161} INFO - Started process (PID=878) to work on /home/airflow/.local/lib/python3.9/site-packages/airflow/example_dags/example_python_decorator.py
[2025-12-11T04:24:52.849+0000] {processor.py:830} INFO - Processing file /home/airflow/.local/lib/python3.9/site-packages/airflow/example_dags/example_python_decorator.py for tasks to queue
[2025-12-11T04:24:52.854+0000] {logging_mixin.py:188} INFO - [2025-12-11T04:24:52.853+0000] {dagbag.py:545} INFO - Filling up the DagBag from /home/airflow/.local/lib/python3.9/site-packages/airflow/example_dags/example_python_decorator.py
[2025-12-11T04:24:52.906+0000] {processor.py:840} INFO - DAG(s) 'example_python_decorator' retrieved from /home/airflow/.local/lib/python3.9/site-packages/airflow/example_dags/example_python_decorator.py
[2025-12-11T04:24:53.060+0000] {logging_mixin.py:188} INFO - [2025-12-11T04:24:53.060+0000] {dag.py:3096} INFO - Sync 1 DAGs
[2025-12-11T04:24:53.228+0000] {logging_mixin.py:188} INFO - [2025-12-11T04:24:53.228+0000] {dag.py:3954} INFO - Setting next_dagrun for example_python_decorator to None, run_after=None
[2025-12-11T04:24:53.302+0000] {processor.py:183} INFO - Processing /home/airflow/.local/lib/python3.9/site-packages/airflow/example_dags/example_python_decorator.py took 0.884 seconds
[2025-12-11T04:25:23.442+0000] {processor.py:161} INFO - Started process (PID=943) to work on /home/airflow/.local/lib/python3.9/site-packages/airflow/example_dags/example_python_decorator.py
[2025-12-11T04:25:23.452+0000] {processor.py:830} INFO - Processing file /home/airflow/.local/lib/python3.9/site-packages/airflow/example_dags/example_python_decorator.py for tasks to queue
[2025-12-11T04:25:23.460+0000] {logging_mixin.py:188} INFO - [2025-12-11T04:25:23.459+0000] {dagbag.py:545} INFO - Filling up the DagBag from /home/airflow/.local/lib/python3.9/site-packages/airflow/example_dags/example_python_decorator.py
[2025-12-11T04:25:23.505+0000] {processor.py:840} INFO - DAG(s) 'example_python_decorator' retrieved from /home/airflow/.local/lib/python3.9/site-packages/airflow/example_dags/example_python_decorator.py
[2025-12-11T04:25:23.581+0000] {logging_mixin.py:188} INFO - [2025-12-11T04:25:23.580+0000] {dag.py:3096} INFO - Sync 1 DAGs
[2025-12-11T04:25:23.608+0000] {logging_mixin.py:188} INFO - [2025-12-11T04:25:23.608+0000] {dag.py:3954} INFO - Setting next_dagrun for example_python_decorator to None, run_after=None
[2025-12-11T04:25:23.657+0000] {processor.py:183} INFO - Processing /home/airflow/.local/lib/python3.9/site-packages/airflow/example_dags/example_python_decorator.py took 0.235 seconds
[2025-12-11T04:25:54.247+0000] {processor.py:161} INFO - Started process (PID=1009) to work on /home/airflow/.local/lib/python3.9/site-packages/airflow/example_dags/example_python_decorator.py
[2025-12-11T04:25:54.254+0000] {processor.py:830} INFO - Processing file /home/airflow/.local/lib/python3.9/site-packages/airflow/example_dags/example_python_decorator.py for tasks to queue
[2025-12-11T04:25:54.260+0000] {logging_mixin.py:188} INFO - [2025-12-11T04:25:54.259+0000] {dagbag.py:545} INFO - Filling up the DagBag from /home/airflow/.local/lib/python3.9/site-packages/airflow/example_dags/example_python_decorator.py
[2025-12-11T04:25:54.298+0000] {processor.py:840} INFO - DAG(s) 'example_python_decorator' retrieved from /home/airflow/.local/lib/python3.9/site-packages/airflow/example_dags/example_python_decorator.py
[2025-12-11T04:25:54.361+0000] {logging_mixin.py:188} INFO - [2025-12-11T04:25:54.360+0000] {dag.py:3096} INFO - Sync 1 DAGs
[2025-12-11T04:25:54.386+0000] {logging_mixin.py:188} INFO - [2025-12-11T04:25:54.385+0000] {dag.py:3954} INFO - Setting next_dagrun for example_python_decorator to None, run_after=None
[2025-12-11T04:25:54.438+0000] {processor.py:183} INFO - Processing /home/airflow/.local/lib/python3.9/site-packages/airflow/example_dags/example_python_decorator.py took 0.214 seconds
[2025-12-11T04:26:24.878+0000] {processor.py:161} INFO - Started process (PID=1075) to work on /home/airflow/.local/lib/python3.9/site-packages/airflow/example_dags/example_python_decorator.py
[2025-12-11T04:26:24.886+0000] {processor.py:830} INFO - Processing file /home/airflow/.local/lib/python3.9/site-packages/airflow/example_dags/example_python_decorator.py for tasks to queue
[2025-12-11T04:26:24.890+0000] {logging_mixin.py:188} INFO - [2025-12-11T04:26:24.889+0000] {dagbag.py:545} INFO - Filling up the DagBag from /home/airflow/.local/lib/python3.9/site-packages/airflow/example_dags/example_python_decorator.py
[2025-12-11T04:26:24.912+0000] {processor.py:840} INFO - DAG(s) 'example_python_decorator' retrieved from /home/airflow/.local/lib/python3.9/site-packages/airflow/example_dags/example_python_decorator.py
[2025-12-11T04:26:24.961+0000] {logging_mixin.py:188} INFO - [2025-12-11T04:26:24.960+0000] {dag.py:3096} INFO - Sync 1 DAGs
[2025-12-11T04:26:24.986+0000] {logging_mixin.py:188} INFO - [2025-12-11T04:26:24.985+0000] {dag.py:3954} INFO - Setting next_dagrun for example_python_decorator to None, run_after=None
[2025-12-11T04:26:25.045+0000] {processor.py:183} INFO - Processing /home/airflow/.local/lib/python3.9/site-packages/airflow/example_dags/example_python_decorator.py took 0.178 seconds
[2025-12-11T04:26:55.488+0000] {processor.py:161} INFO - Started process (PID=1141) to work on /home/airflow/.local/lib/python3.9/site-packages/airflow/example_dags/example_python_decorator.py
[2025-12-11T04:26:55.496+0000] {processor.py:830} INFO - Processing file /home/airflow/.local/lib/python3.9/site-packages/airflow/example_dags/example_python_decorator.py for tasks to queue
[2025-12-11T04:26:55.500+0000] {logging_mixin.py:188} INFO - [2025-12-11T04:26:55.499+0000] {dagbag.py:545} INFO - Filling up the DagBag from /home/airflow/.local/lib/python3.9/site-packages/airflow/example_dags/example_python_decorator.py
[2025-12-11T04:26:55.526+0000] {processor.py:840} INFO - DAG(s) 'example_python_decorator' retrieved from /home/airflow/.local/lib/python3.9/site-packages/airflow/example_dags/example_python_decorator.py
[2025-12-11T04:26:55.579+0000] {logging_mixin.py:188} INFO - [2025-12-11T04:26:55.579+0000] {dag.py:3096} INFO - Sync 1 DAGs
[2025-12-11T04:26:55.602+0000] {logging_mixin.py:188} INFO - [2025-12-11T04:26:55.601+0000] {dag.py:3954} INFO - Setting next_dagrun for example_python_decorator to None, run_after=None
[2025-12-11T04:26:55.860+0000] {processor.py:183} INFO - Processing /home/airflow/.local/lib/python3.9/site-packages/airflow/example_dags/example_python_decorator.py took 0.385 seconds
[2025-12-11T04:27:26.443+0000] {processor.py:161} INFO - Started process (PID=1207) to work on /home/airflow/.local/lib/python3.9/site-packages/airflow/example_dags/example_python_decorator.py
[2025-12-11T04:27:26.444+0000] {processor.py:830} INFO - Processing file /home/airflow/.local/lib/python3.9/site-packages/airflow/example_dags/example_python_decorator.py for tasks to queue
[2025-12-11T04:27:26.446+0000] {logging_mixin.py:188} INFO - [2025-12-11T04:27:26.446+0000] {dagbag.py:545} INFO - Filling up the DagBag from /home/airflow/.local/lib/python3.9/site-packages/airflow/example_dags/example_python_decorator.py
[2025-12-11T04:27:26.466+0000] {processor.py:840} INFO - DAG(s) 'example_python_decorator' retrieved from /home/airflow/.local/lib/python3.9/site-packages/airflow/example_dags/example_python_decorator.py
[2025-12-11T04:27:26.501+0000] {logging_mixin.py:188} INFO - [2025-12-11T04:27:26.501+0000] {dag.py:3096} INFO - Sync 1 DAGs
[2025-12-11T04:27:26.521+0000] {logging_mixin.py:188} INFO - [2025-12-11T04:27:26.520+0000] {dag.py:3954} INFO - Setting next_dagrun for example_python_decorator to None, run_after=None
[2025-12-11T04:27:26.548+0000] {processor.py:183} INFO - Processing /home/airflow/.local/lib/python3.9/site-packages/airflow/example_dags/example_python_decorator.py took 0.116 seconds
[2025-12-11T04:27:56.881+0000] {processor.py:161} INFO - Started process (PID=1273) to work on /home/airflow/.local/lib/python3.9/site-packages/airflow/example_dags/example_python_decorator.py
[2025-12-11T04:27:56.883+0000] {processor.py:830} INFO - Processing file /home/airflow/.local/lib/python3.9/site-packages/airflow/example_dags/example_python_decorator.py for tasks to queue
[2025-12-11T04:27:56.886+0000] {logging_mixin.py:188} INFO - [2025-12-11T04:27:56.885+0000] {dagbag.py:545} INFO - Filling up the DagBag from /home/airflow/.local/lib/python3.9/site-packages/airflow/example_dags/example_python_decorator.py
[2025-12-11T04:27:56.907+0000] {processor.py:840} INFO - DAG(s) 'example_python_decorator' retrieved from /home/airflow/.local/lib/python3.9/site-packages/airflow/example_dags/example_python_decorator.py
[2025-12-11T04:27:56.947+0000] {logging_mixin.py:188} INFO - [2025-12-11T04:27:56.946+0000] {dag.py:3096} INFO - Sync 1 DAGs
[2025-12-11T04:27:56.966+0000] {logging_mixin.py:188} INFO - [2025-12-11T04:27:56.966+0000] {dag.py:3954} INFO - Setting next_dagrun for example_python_decorator to None, run_after=None
[2025-12-11T04:27:57.002+0000] {processor.py:183} INFO - Processing /home/airflow/.local/lib/python3.9/site-packages/airflow/example_dags/example_python_decorator.py took 0.138 seconds
[2025-12-11T04:28:27.647+0000] {processor.py:161} INFO - Started process (PID=1339) to work on /home/airflow/.local/lib/python3.9/site-packages/airflow/example_dags/example_python_decorator.py
[2025-12-11T04:28:27.664+0000] {processor.py:830} INFO - Processing file /home/airflow/.local/lib/python3.9/site-packages/airflow/example_dags/example_python_decorator.py for tasks to queue
[2025-12-11T04:28:27.666+0000] {logging_mixin.py:188} INFO - [2025-12-11T04:28:27.666+0000] {dagbag.py:545} INFO - Filling up the DagBag from /home/airflow/.local/lib/python3.9/site-packages/airflow/example_dags/example_python_decorator.py
[2025-12-11T04:28:27.687+0000] {processor.py:840} INFO - DAG(s) 'example_python_decorator' retrieved from /home/airflow/.local/lib/python3.9/site-packages/airflow/example_dags/example_python_decorator.py
[2025-12-11T04:28:27.729+0000] {logging_mixin.py:188} INFO - [2025-12-11T04:28:27.729+0000] {dag.py:3096} INFO - Sync 1 DAGs
[2025-12-11T04:28:27.750+0000] {logging_mixin.py:188} INFO - [2025-12-11T04:28:27.750+0000] {dag.py:3954} INFO - Setting next_dagrun for example_python_decorator to None, run_after=None
[2025-12-11T04:28:27.855+0000] {processor.py:183} INFO - Processing /home/airflow/.local/lib/python3.9/site-packages/airflow/example_dags/example_python_decorator.py took 0.218 seconds
[2025-12-11T04:28:58.468+0000] {processor.py:161} INFO - Started process (PID=1405) to work on /home/airflow/.local/lib/python3.9/site-packages/airflow/example_dags/example_python_decorator.py
[2025-12-11T04:28:58.477+0000] {processor.py:830} INFO - Processing file /home/airflow/.local/lib/python3.9/site-packages/airflow/example_dags/example_python_decorator.py for tasks to queue
[2025-12-11T04:28:58.480+0000] {logging_mixin.py:188} INFO - [2025-12-11T04:28:58.479+0000] {dagbag.py:545} INFO - Filling up the DagBag from /home/airflow/.local/lib/python3.9/site-packages/airflow/example_dags/example_python_decorator.py
[2025-12-11T04:28:58.500+0000] {processor.py:840} INFO - DAG(s) 'example_python_decorator' retrieved from /home/airflow/.local/lib/python3.9/site-packages/airflow/example_dags/example_python_decorator.py
[2025-12-11T04:28:58.537+0000] {logging_mixin.py:188} INFO - [2025-12-11T04:28:58.536+0000] {dag.py:3096} INFO - Sync 1 DAGs
[2025-12-11T04:28:58.556+0000] {logging_mixin.py:188} INFO - [2025-12-11T04:28:58.556+0000] {dag.py:3954} INFO - Setting next_dagrun for example_python_decorator to None, run_after=None
[2025-12-11T04:28:58.585+0000] {processor.py:183} INFO - Processing /home/airflow/.local/lib/python3.9/site-packages/airflow/example_dags/example_python_decorator.py took 0.127 seconds
[2025-12-11T04:29:29.447+0000] {processor.py:161} INFO - Started process (PID=1471) to work on /home/airflow/.local/lib/python3.9/site-packages/airflow/example_dags/example_python_decorator.py
[2025-12-11T04:29:29.449+0000] {processor.py:830} INFO - Processing file /home/airflow/.local/lib/python3.9/site-packages/airflow/example_dags/example_python_decorator.py for tasks to queue
[2025-12-11T04:29:29.451+0000] {logging_mixin.py:188} INFO - [2025-12-11T04:29:29.451+0000] {dagbag.py:545} INFO - Filling up the DagBag from /home/airflow/.local/lib/python3.9/site-packages/airflow/example_dags/example_python_decorator.py
[2025-12-11T04:29:29.478+0000] {processor.py:840} INFO - DAG(s) 'example_python_decorator' retrieved from /home/airflow/.local/lib/python3.9/site-packages/airflow/example_dags/example_python_decorator.py
[2025-12-11T04:29:29.521+0000] {logging_mixin.py:188} INFO - [2025-12-11T04:29:29.520+0000] {dag.py:3096} INFO - Sync 1 DAGs
[2025-12-11T04:29:29.542+0000] {logging_mixin.py:188} INFO - [2025-12-11T04:29:29.542+0000] {dag.py:3954} INFO - Setting next_dagrun for example_python_decorator to None, run_after=None
[2025-12-11T04:29:29.571+0000] {processor.py:183} INFO - Processing /home/airflow/.local/lib/python3.9/site-packages/airflow/example_dags/example_python_decorator.py took 0.135 seconds
[2025-12-11T04:29:59.769+0000] {processor.py:161} INFO - Started process (PID=1537) to work on /home/airflow/.local/lib/python3.9/site-packages/airflow/example_dags/example_python_decorator.py
[2025-12-11T04:29:59.778+0000] {processor.py:830} INFO - Processing file /home/airflow/.local/lib/python3.9/site-packages/airflow/example_dags/example_python_decorator.py for tasks to queue
[2025-12-11T04:29:59.781+0000] {logging_mixin.py:188} INFO - [2025-12-11T04:29:59.781+0000] {dagbag.py:545} INFO - Filling up the DagBag from /home/airflow/.local/lib/python3.9/site-packages/airflow/example_dags/example_python_decorator.py
[2025-12-11T04:29:59.800+0000] {processor.py:840} INFO - DAG(s) 'example_python_decorator' retrieved from /home/airflow/.local/lib/python3.9/site-packages/airflow/example_dags/example_python_decorator.py
[2025-12-11T04:29:59.840+0000] {logging_mixin.py:188} INFO - [2025-12-11T04:29:59.839+0000] {dag.py:3096} INFO - Sync 1 DAGs
[2025-12-11T04:29:59.859+0000] {logging_mixin.py:188} INFO - [2025-12-11T04:29:59.858+0000] {dag.py:3954} INFO - Setting next_dagrun for example_python_decorator to None, run_after=None
[2025-12-11T04:29:59.882+0000] {processor.py:183} INFO - Processing /home/airflow/.local/lib/python3.9/site-packages/airflow/example_dags/example_python_decorator.py took 0.122 seconds
[2025-12-11T04:30:30.255+0000] {processor.py:161} INFO - Started process (PID=1603) to work on /home/airflow/.local/lib/python3.9/site-packages/airflow/example_dags/example_python_decorator.py
[2025-12-11T04:30:30.261+0000] {processor.py:830} INFO - Processing file /home/airflow/.local/lib/python3.9/site-packages/airflow/example_dags/example_python_decorator.py for tasks to queue
[2025-12-11T04:30:30.264+0000] {logging_mixin.py:188} INFO - [2025-12-11T04:30:30.263+0000] {dagbag.py:545} INFO - Filling up the DagBag from /home/airflow/.local/lib/python3.9/site-packages/airflow/example_dags/example_python_decorator.py
[2025-12-11T04:30:30.283+0000] {processor.py:840} INFO - DAG(s) 'example_python_decorator' retrieved from /home/airflow/.local/lib/python3.9/site-packages/airflow/example_dags/example_python_decorator.py
[2025-12-11T04:30:30.321+0000] {logging_mixin.py:188} INFO - [2025-12-11T04:30:30.320+0000] {dag.py:3096} INFO - Sync 1 DAGs
[2025-12-11T04:30:30.342+0000] {logging_mixin.py:188} INFO - [2025-12-11T04:30:30.341+0000] {dag.py:3954} INFO - Setting next_dagrun for example_python_decorator to None, run_after=None
[2025-12-11T04:30:30.379+0000] {processor.py:183} INFO - Processing /home/airflow/.local/lib/python3.9/site-packages/airflow/example_dags/example_python_decorator.py took 0.136 seconds
[2025-12-11T04:31:00.765+0000] {processor.py:161} INFO - Started process (PID=1663) to work on /home/airflow/.local/lib/python3.9/site-packages/airflow/example_dags/example_python_decorator.py
[2025-12-11T04:31:00.767+0000] {processor.py:830} INFO - Processing file /home/airflow/.local/lib/python3.9/site-packages/airflow/example_dags/example_python_decorator.py for tasks to queue
[2025-12-11T04:31:00.769+0000] {logging_mixin.py:188} INFO - [2025-12-11T04:31:00.769+0000] {dagbag.py:545} INFO - Filling up the DagBag from /home/airflow/.local/lib/python3.9/site-packages/airflow/example_dags/example_python_decorator.py
[2025-12-11T04:31:00.791+0000] {processor.py:840} INFO - DAG(s) 'example_python_decorator' retrieved from /home/airflow/.local/lib/python3.9/site-packages/airflow/example_dags/example_python_decorator.py
[2025-12-11T04:31:00.831+0000] {logging_mixin.py:188} INFO - [2025-12-11T04:31:00.831+0000] {dag.py:3096} INFO - Sync 1 DAGs
[2025-12-11T04:31:00.851+0000] {logging_mixin.py:188} INFO - [2025-12-11T04:31:00.850+0000] {dag.py:3954} INFO - Setting next_dagrun for example_python_decorator to None, run_after=None
[2025-12-11T04:31:00.887+0000] {processor.py:183} INFO - Processing /home/airflow/.local/lib/python3.9/site-packages/airflow/example_dags/example_python_decorator.py took 0.132 seconds
[2025-12-11T04:31:31.598+0000] {processor.py:161} INFO - Started process (PID=1729) to work on /home/airflow/.local/lib/python3.9/site-packages/airflow/example_dags/example_python_decorator.py
[2025-12-11T04:31:31.600+0000] {processor.py:830} INFO - Processing file /home/airflow/.local/lib/python3.9/site-packages/airflow/example_dags/example_python_decorator.py for tasks to queue
[2025-12-11T04:31:31.603+0000] {logging_mixin.py:188} INFO - [2025-12-11T04:31:31.602+0000] {dagbag.py:545} INFO - Filling up the DagBag from /home/airflow/.local/lib/python3.9/site-packages/airflow/example_dags/example_python_decorator.py
[2025-12-11T04:31:31.626+0000] {processor.py:840} INFO - DAG(s) 'example_python_decorator' retrieved from /home/airflow/.local/lib/python3.9/site-packages/airflow/example_dags/example_python_decorator.py
[2025-12-11T04:31:31.667+0000] {logging_mixin.py:188} INFO - [2025-12-11T04:31:31.666+0000] {dag.py:3096} INFO - Sync 1 DAGs
[2025-12-11T04:31:31.686+0000] {logging_mixin.py:188} INFO - [2025-12-11T04:31:31.686+0000] {dag.py:3954} INFO - Setting next_dagrun for example_python_decorator to None, run_after=None
[2025-12-11T04:31:31.715+0000] {processor.py:183} INFO - Processing /home/airflow/.local/lib/python3.9/site-packages/airflow/example_dags/example_python_decorator.py took 0.130 seconds
[2025-12-11T04:32:01.831+0000] {processor.py:161} INFO - Started process (PID=1795) to work on /home/airflow/.local/lib/python3.9/site-packages/airflow/example_dags/example_python_decorator.py
[2025-12-11T04:32:01.862+0000] {processor.py:830} INFO - Processing file /home/airflow/.local/lib/python3.9/site-packages/airflow/example_dags/example_python_decorator.py for tasks to queue
[2025-12-11T04:32:01.866+0000] {logging_mixin.py:188} INFO - [2025-12-11T04:32:01.865+0000] {dagbag.py:545} INFO - Filling up the DagBag from /home/airflow/.local/lib/python3.9/site-packages/airflow/example_dags/example_python_decorator.py
[2025-12-11T04:32:01.887+0000] {processor.py:840} INFO - DAG(s) 'example_python_decorator' retrieved from /home/airflow/.local/lib/python3.9/site-packages/airflow/example_dags/example_python_decorator.py
[2025-12-11T04:32:01.926+0000] {logging_mixin.py:188} INFO - [2025-12-11T04:32:01.925+0000] {dag.py:3096} INFO - Sync 1 DAGs
[2025-12-11T04:32:01.946+0000] {logging_mixin.py:188} INFO - [2025-12-11T04:32:01.946+0000] {dag.py:3954} INFO - Setting next_dagrun for example_python_decorator to None, run_after=None
[2025-12-11T04:32:02.169+0000] {processor.py:183} INFO - Processing /home/airflow/.local/lib/python3.9/site-packages/airflow/example_dags/example_python_decorator.py took 0.349 seconds
[2025-12-11T04:32:32.520+0000] {processor.py:161} INFO - Started process (PID=1861) to work on /home/airflow/.local/lib/python3.9/site-packages/airflow/example_dags/example_python_decorator.py
[2025-12-11T04:32:32.522+0000] {processor.py:830} INFO - Processing file /home/airflow/.local/lib/python3.9/site-packages/airflow/example_dags/example_python_decorator.py for tasks to queue
[2025-12-11T04:32:32.525+0000] {logging_mixin.py:188} INFO - [2025-12-11T04:32:32.524+0000] {dagbag.py:545} INFO - Filling up the DagBag from /home/airflow/.local/lib/python3.9/site-packages/airflow/example_dags/example_python_decorator.py
[2025-12-11T04:32:32.560+0000] {processor.py:840} INFO - DAG(s) 'example_python_decorator' retrieved from /home/airflow/.local/lib/python3.9/site-packages/airflow/example_dags/example_python_decorator.py
[2025-12-11T04:32:32.622+0000] {logging_mixin.py:188} INFO - [2025-12-11T04:32:32.621+0000] {dag.py:3096} INFO - Sync 1 DAGs
[2025-12-11T04:32:32.646+0000] {logging_mixin.py:188} INFO - [2025-12-11T04:32:32.645+0000] {dag.py:3954} INFO - Setting next_dagrun for example_python_decorator to None, run_after=None
[2025-12-11T04:32:32.698+0000] {processor.py:183} INFO - Processing /home/airflow/.local/lib/python3.9/site-packages/airflow/example_dags/example_python_decorator.py took 0.197 seconds
[2025-12-11T04:33:03.233+0000] {processor.py:161} INFO - Started process (PID=1927) to work on /home/airflow/.local/lib/python3.9/site-packages/airflow/example_dags/example_python_decorator.py
[2025-12-11T04:33:03.237+0000] {processor.py:830} INFO - Processing file /home/airflow/.local/lib/python3.9/site-packages/airflow/example_dags/example_python_decorator.py for tasks to queue
[2025-12-11T04:33:03.240+0000] {logging_mixin.py:188} INFO - [2025-12-11T04:33:03.240+0000] {dagbag.py:545} INFO - Filling up the DagBag from /home/airflow/.local/lib/python3.9/site-packages/airflow/example_dags/example_python_decorator.py
[2025-12-11T04:33:03.265+0000] {processor.py:840} INFO - DAG(s) 'example_python_decorator' retrieved from /home/airflow/.local/lib/python3.9/site-packages/airflow/example_dags/example_python_decorator.py
[2025-12-11T04:33:03.333+0000] {logging_mixin.py:188} INFO - [2025-12-11T04:33:03.333+0000] {dag.py:3096} INFO - Sync 1 DAGs
[2025-12-11T04:33:03.358+0000] {logging_mixin.py:188} INFO - [2025-12-11T04:33:03.358+0000] {dag.py:3954} INFO - Setting next_dagrun for example_python_decorator to None, run_after=None
[2025-12-11T04:33:03.395+0000] {processor.py:183} INFO - Processing /home/airflow/.local/lib/python3.9/site-packages/airflow/example_dags/example_python_decorator.py took 0.175 seconds
[2025-12-11T04:33:34.017+0000] {processor.py:161} INFO - Started process (PID=1994) to work on /home/airflow/.local/lib/python3.9/site-packages/airflow/example_dags/example_python_decorator.py
[2025-12-11T04:33:34.019+0000] {processor.py:830} INFO - Processing file /home/airflow/.local/lib/python3.9/site-packages/airflow/example_dags/example_python_decorator.py for tasks to queue
[2025-12-11T04:33:34.021+0000] {logging_mixin.py:188} INFO - [2025-12-11T04:33:34.021+0000] {dagbag.py:545} INFO - Filling up the DagBag from /home/airflow/.local/lib/python3.9/site-packages/airflow/example_dags/example_python_decorator.py
[2025-12-11T04:33:34.042+0000] {processor.py:840} INFO - DAG(s) 'example_python_decorator' retrieved from /home/airflow/.local/lib/python3.9/site-packages/airflow/example_dags/example_python_decorator.py
[2025-12-11T04:33:34.086+0000] {logging_mixin.py:188} INFO - [2025-12-11T04:33:34.086+0000] {dag.py:3096} INFO - Sync 1 DAGs
[2025-12-11T04:33:34.110+0000] {logging_mixin.py:188} INFO - [2025-12-11T04:33:34.110+0000] {dag.py:3954} INFO - Setting next_dagrun for example_python_decorator to None, run_after=None
[2025-12-11T04:33:34.143+0000] {processor.py:183} INFO - Processing /home/airflow/.local/lib/python3.9/site-packages/airflow/example_dags/example_python_decorator.py took 0.141 seconds
[2025-12-11T04:34:04.390+0000] {processor.py:161} INFO - Started process (PID=2062) to work on /home/airflow/.local/lib/python3.9/site-packages/airflow/example_dags/example_python_decorator.py
[2025-12-11T04:34:04.391+0000] {processor.py:830} INFO - Processing file /home/airflow/.local/lib/python3.9/site-packages/airflow/example_dags/example_python_decorator.py for tasks to queue
[2025-12-11T04:34:04.399+0000] {logging_mixin.py:188} INFO - [2025-12-11T04:34:04.399+0000] {dagbag.py:545} INFO - Filling up the DagBag from /home/airflow/.local/lib/python3.9/site-packages/airflow/example_dags/example_python_decorator.py
[2025-12-11T04:34:04.422+0000] {processor.py:840} INFO - DAG(s) 'example_python_decorator' retrieved from /home/airflow/.local/lib/python3.9/site-packages/airflow/example_dags/example_python_decorator.py
[2025-12-11T04:34:04.461+0000] {logging_mixin.py:188} INFO - [2025-12-11T04:34:04.461+0000] {dag.py:3096} INFO - Sync 1 DAGs
[2025-12-11T04:34:04.484+0000] {logging_mixin.py:188} INFO - [2025-12-11T04:34:04.483+0000] {dag.py:3954} INFO - Setting next_dagrun for example_python_decorator to None, run_after=None
[2025-12-11T04:34:04.511+0000] {processor.py:183} INFO - Processing /home/airflow/.local/lib/python3.9/site-packages/airflow/example_dags/example_python_decorator.py took 0.131 seconds
[2025-12-11T04:34:34.999+0000] {processor.py:161} INFO - Started process (PID=2136) to work on /home/airflow/.local/lib/python3.9/site-packages/airflow/example_dags/example_python_decorator.py
[2025-12-11T04:34:35.073+0000] {processor.py:830} INFO - Processing file /home/airflow/.local/lib/python3.9/site-packages/airflow/example_dags/example_python_decorator.py for tasks to queue
[2025-12-11T04:34:35.076+0000] {logging_mixin.py:188} INFO - [2025-12-11T04:34:35.076+0000] {dagbag.py:545} INFO - Filling up the DagBag from /home/airflow/.local/lib/python3.9/site-packages/airflow/example_dags/example_python_decorator.py
[2025-12-11T04:34:35.101+0000] {processor.py:840} INFO - DAG(s) 'example_python_decorator' retrieved from /home/airflow/.local/lib/python3.9/site-packages/airflow/example_dags/example_python_decorator.py
[2025-12-11T04:34:35.169+0000] {logging_mixin.py:188} INFO - [2025-12-11T04:34:35.169+0000] {dag.py:3096} INFO - Sync 1 DAGs
[2025-12-11T04:34:35.217+0000] {logging_mixin.py:188} INFO - [2025-12-11T04:34:35.209+0000] {dag.py:3954} INFO - Setting next_dagrun for example_python_decorator to None, run_after=None
[2025-12-11T04:34:35.622+0000] {processor.py:183} INFO - Processing /home/airflow/.local/lib/python3.9/site-packages/airflow/example_dags/example_python_decorator.py took 0.641 seconds
[2025-12-11T04:35:06.080+0000] {processor.py:161} INFO - Started process (PID=2203) to work on /home/airflow/.local/lib/python3.9/site-packages/airflow/example_dags/example_python_decorator.py
[2025-12-11T04:35:06.081+0000] {processor.py:830} INFO - Processing file /home/airflow/.local/lib/python3.9/site-packages/airflow/example_dags/example_python_decorator.py for tasks to queue
[2025-12-11T04:35:06.085+0000] {logging_mixin.py:188} INFO - [2025-12-11T04:35:06.084+0000] {dagbag.py:545} INFO - Filling up the DagBag from /home/airflow/.local/lib/python3.9/site-packages/airflow/example_dags/example_python_decorator.py
[2025-12-11T04:35:06.117+0000] {processor.py:840} INFO - DAG(s) 'example_python_decorator' retrieved from /home/airflow/.local/lib/python3.9/site-packages/airflow/example_dags/example_python_decorator.py
[2025-12-11T04:35:06.197+0000] {logging_mixin.py:188} INFO - [2025-12-11T04:35:06.187+0000] {dag.py:3096} INFO - Sync 1 DAGs
[2025-12-11T04:35:06.227+0000] {logging_mixin.py:188} INFO - [2025-12-11T04:35:06.226+0000] {dag.py:3954} INFO - Setting next_dagrun for example_python_decorator to None, run_after=None
[2025-12-11T04:35:06.279+0000] {processor.py:183} INFO - Processing /home/airflow/.local/lib/python3.9/site-packages/airflow/example_dags/example_python_decorator.py took 0.219 seconds
[2025-12-11T04:35:36.365+0000] {processor.py:161} INFO - Started process (PID=2271) to work on /home/airflow/.local/lib/python3.9/site-packages/airflow/example_dags/example_python_decorator.py
[2025-12-11T04:35:36.366+0000] {processor.py:830} INFO - Processing file /home/airflow/.local/lib/python3.9/site-packages/airflow/example_dags/example_python_decorator.py for tasks to queue
[2025-12-11T04:35:36.368+0000] {logging_mixin.py:188} INFO - [2025-12-11T04:35:36.368+0000] {dagbag.py:545} INFO - Filling up the DagBag from /home/airflow/.local/lib/python3.9/site-packages/airflow/example_dags/example_python_decorator.py
[2025-12-11T04:35:36.402+0000] {processor.py:840} INFO - DAG(s) 'example_python_decorator' retrieved from /home/airflow/.local/lib/python3.9/site-packages/airflow/example_dags/example_python_decorator.py
[2025-12-11T04:35:36.459+0000] {logging_mixin.py:188} INFO - [2025-12-11T04:35:36.458+0000] {dag.py:3096} INFO - Sync 1 DAGs
[2025-12-11T04:35:36.480+0000] {logging_mixin.py:188} INFO - [2025-12-11T04:35:36.480+0000] {dag.py:3954} INFO - Setting next_dagrun for example_python_decorator to None, run_after=None
[2025-12-11T04:35:36.506+0000] {processor.py:183} INFO - Processing /home/airflow/.local/lib/python3.9/site-packages/airflow/example_dags/example_python_decorator.py took 0.160 seconds
[2025-12-11T04:36:06.865+0000] {processor.py:161} INFO - Started process (PID=2338) to work on /home/airflow/.local/lib/python3.9/site-packages/airflow/example_dags/example_python_decorator.py
[2025-12-11T04:36:06.867+0000] {processor.py:830} INFO - Processing file /home/airflow/.local/lib/python3.9/site-packages/airflow/example_dags/example_python_decorator.py for tasks to queue
[2025-12-11T04:36:06.879+0000] {logging_mixin.py:188} INFO - [2025-12-11T04:36:06.878+0000] {dagbag.py:545} INFO - Filling up the DagBag from /home/airflow/.local/lib/python3.9/site-packages/airflow/example_dags/example_python_decorator.py
[2025-12-11T04:36:06.906+0000] {processor.py:840} INFO - DAG(s) 'example_python_decorator' retrieved from /home/airflow/.local/lib/python3.9/site-packages/airflow/example_dags/example_python_decorator.py
[2025-12-11T04:36:07.020+0000] {logging_mixin.py:188} INFO - [2025-12-11T04:36:07.019+0000] {dag.py:3096} INFO - Sync 1 DAGs
[2025-12-11T04:36:07.101+0000] {logging_mixin.py:188} INFO - [2025-12-11T04:36:07.100+0000] {dag.py:3954} INFO - Setting next_dagrun for example_python_decorator to None, run_after=None
[2025-12-11T04:36:07.180+0000] {processor.py:183} INFO - Processing /home/airflow/.local/lib/python3.9/site-packages/airflow/example_dags/example_python_decorator.py took 0.332 seconds
[2025-12-11T04:36:37.843+0000] {processor.py:161} INFO - Started process (PID=2405) to work on /home/airflow/.local/lib/python3.9/site-packages/airflow/example_dags/example_python_decorator.py
[2025-12-11T04:36:37.850+0000] {processor.py:830} INFO - Processing file /home/airflow/.local/lib/python3.9/site-packages/airflow/example_dags/example_python_decorator.py for tasks to queue
[2025-12-11T04:36:37.859+0000] {logging_mixin.py:188} INFO - [2025-12-11T04:36:37.858+0000] {dagbag.py:545} INFO - Filling up the DagBag from /home/airflow/.local/lib/python3.9/site-packages/airflow/example_dags/example_python_decorator.py
[2025-12-11T04:36:37.901+0000] {processor.py:840} INFO - DAG(s) 'example_python_decorator' retrieved from /home/airflow/.local/lib/python3.9/site-packages/airflow/example_dags/example_python_decorator.py
[2025-12-11T04:36:38.021+0000] {logging_mixin.py:188} INFO - [2025-12-11T04:36:38.020+0000] {dag.py:3096} INFO - Sync 1 DAGs
[2025-12-11T04:36:38.065+0000] {logging_mixin.py:188} INFO - [2025-12-11T04:36:38.064+0000] {dag.py:3954} INFO - Setting next_dagrun for example_python_decorator to None, run_after=None
[2025-12-11T04:36:38.199+0000] {processor.py:183} INFO - Processing /home/airflow/.local/lib/python3.9/site-packages/airflow/example_dags/example_python_decorator.py took 0.381 seconds
[2025-12-11T04:37:08.686+0000] {processor.py:161} INFO - Started process (PID=2472) to work on /home/airflow/.local/lib/python3.9/site-packages/airflow/example_dags/example_python_decorator.py
[2025-12-11T04:37:08.733+0000] {processor.py:830} INFO - Processing file /home/airflow/.local/lib/python3.9/site-packages/airflow/example_dags/example_python_decorator.py for tasks to queue
[2025-12-11T04:37:08.740+0000] {logging_mixin.py:188} INFO - [2025-12-11T04:37:08.739+0000] {dagbag.py:545} INFO - Filling up the DagBag from /home/airflow/.local/lib/python3.9/site-packages/airflow/example_dags/example_python_decorator.py
[2025-12-11T04:37:08.801+0000] {processor.py:840} INFO - DAG(s) 'example_python_decorator' retrieved from /home/airflow/.local/lib/python3.9/site-packages/airflow/example_dags/example_python_decorator.py
[2025-12-11T04:37:08.939+0000] {logging_mixin.py:188} INFO - [2025-12-11T04:37:08.938+0000] {dag.py:3096} INFO - Sync 1 DAGs
[2025-12-11T04:37:08.986+0000] {logging_mixin.py:188} INFO - [2025-12-11T04:37:08.985+0000] {dag.py:3954} INFO - Setting next_dagrun for example_python_decorator to None, run_after=None
[2025-12-11T04:37:09.360+0000] {processor.py:183} INFO - Processing /home/airflow/.local/lib/python3.9/site-packages/airflow/example_dags/example_python_decorator.py took 0.696 seconds
[2025-12-11T04:37:39.757+0000] {processor.py:161} INFO - Started process (PID=2539) to work on /home/airflow/.local/lib/python3.9/site-packages/airflow/example_dags/example_python_decorator.py
[2025-12-11T04:37:39.862+0000] {processor.py:830} INFO - Processing file /home/airflow/.local/lib/python3.9/site-packages/airflow/example_dags/example_python_decorator.py for tasks to queue
[2025-12-11T04:37:39.865+0000] {logging_mixin.py:188} INFO - [2025-12-11T04:37:39.865+0000] {dagbag.py:545} INFO - Filling up the DagBag from /home/airflow/.local/lib/python3.9/site-packages/airflow/example_dags/example_python_decorator.py
[2025-12-11T04:37:39.942+0000] {processor.py:840} INFO - DAG(s) 'example_python_decorator' retrieved from /home/airflow/.local/lib/python3.9/site-packages/airflow/example_dags/example_python_decorator.py
[2025-12-11T04:37:40.037+0000] {logging_mixin.py:188} INFO - [2025-12-11T04:37:40.026+0000] {dag.py:3096} INFO - Sync 1 DAGs
[2025-12-11T04:37:40.084+0000] {logging_mixin.py:188} INFO - [2025-12-11T04:37:40.084+0000] {dag.py:3954} INFO - Setting next_dagrun for example_python_decorator to None, run_after=None
[2025-12-11T04:37:40.225+0000] {processor.py:183} INFO - Processing /home/airflow/.local/lib/python3.9/site-packages/airflow/example_dags/example_python_decorator.py took 0.508 seconds
[2025-12-11T04:38:10.400+0000] {processor.py:161} INFO - Started process (PID=2606) to work on /home/airflow/.local/lib/python3.9/site-packages/airflow/example_dags/example_python_decorator.py
[2025-12-11T04:38:10.409+0000] {processor.py:830} INFO - Processing file /home/airflow/.local/lib/python3.9/site-packages/airflow/example_dags/example_python_decorator.py for tasks to queue
[2025-12-11T04:38:10.419+0000] {logging_mixin.py:188} INFO - [2025-12-11T04:38:10.418+0000] {dagbag.py:545} INFO - Filling up the DagBag from /home/airflow/.local/lib/python3.9/site-packages/airflow/example_dags/example_python_decorator.py
[2025-12-11T04:38:10.458+0000] {processor.py:840} INFO - DAG(s) 'example_python_decorator' retrieved from /home/airflow/.local/lib/python3.9/site-packages/airflow/example_dags/example_python_decorator.py
[2025-12-11T04:38:10.561+0000] {logging_mixin.py:188} INFO - [2025-12-11T04:38:10.560+0000] {dag.py:3096} INFO - Sync 1 DAGs
[2025-12-11T04:38:10.639+0000] {logging_mixin.py:188} INFO - [2025-12-11T04:38:10.639+0000] {dag.py:3954} INFO - Setting next_dagrun for example_python_decorator to None, run_after=None
[2025-12-11T04:38:10.760+0000] {processor.py:183} INFO - Processing /home/airflow/.local/lib/python3.9/site-packages/airflow/example_dags/example_python_decorator.py took 0.378 seconds
[2025-12-11T04:38:40.911+0000] {processor.py:161} INFO - Started process (PID=2666) to work on /home/airflow/.local/lib/python3.9/site-packages/airflow/example_dags/example_python_decorator.py
[2025-12-11T04:38:40.918+0000] {processor.py:830} INFO - Processing file /home/airflow/.local/lib/python3.9/site-packages/airflow/example_dags/example_python_decorator.py for tasks to queue
[2025-12-11T04:38:40.920+0000] {logging_mixin.py:188} INFO - [2025-12-11T04:38:40.920+0000] {dagbag.py:545} INFO - Filling up the DagBag from /home/airflow/.local/lib/python3.9/site-packages/airflow/example_dags/example_python_decorator.py
[2025-12-11T04:38:40.949+0000] {processor.py:840} INFO - DAG(s) 'example_python_decorator' retrieved from /home/airflow/.local/lib/python3.9/site-packages/airflow/example_dags/example_python_decorator.py
[2025-12-11T04:38:41.020+0000] {logging_mixin.py:188} INFO - [2025-12-11T04:38:41.019+0000] {dag.py:3096} INFO - Sync 1 DAGs
[2025-12-11T04:38:41.060+0000] {logging_mixin.py:188} INFO - [2025-12-11T04:38:41.059+0000] {dag.py:3954} INFO - Setting next_dagrun for example_python_decorator to None, run_after=None
[2025-12-11T04:38:41.098+0000] {processor.py:183} INFO - Processing /home/airflow/.local/lib/python3.9/site-packages/airflow/example_dags/example_python_decorator.py took 0.197 seconds
[2025-12-11T04:39:11.220+0000] {processor.py:161} INFO - Started process (PID=2731) to work on /home/airflow/.local/lib/python3.9/site-packages/airflow/example_dags/example_python_decorator.py
[2025-12-11T04:39:11.222+0000] {processor.py:830} INFO - Processing file /home/airflow/.local/lib/python3.9/site-packages/airflow/example_dags/example_python_decorator.py for tasks to queue
[2025-12-11T04:39:11.224+0000] {logging_mixin.py:188} INFO - [2025-12-11T04:39:11.224+0000] {dagbag.py:545} INFO - Filling up the DagBag from /home/airflow/.local/lib/python3.9/site-packages/airflow/example_dags/example_python_decorator.py
[2025-12-11T04:39:11.244+0000] {processor.py:840} INFO - DAG(s) 'example_python_decorator' retrieved from /home/airflow/.local/lib/python3.9/site-packages/airflow/example_dags/example_python_decorator.py
[2025-12-11T04:39:11.285+0000] {logging_mixin.py:188} INFO - [2025-12-11T04:39:11.284+0000] {dag.py:3096} INFO - Sync 1 DAGs
[2025-12-11T04:39:11.307+0000] {logging_mixin.py:188} INFO - [2025-12-11T04:39:11.306+0000] {dag.py:3954} INFO - Setting next_dagrun for example_python_decorator to None, run_after=None
[2025-12-11T04:39:11.333+0000] {processor.py:183} INFO - Processing /home/airflow/.local/lib/python3.9/site-packages/airflow/example_dags/example_python_decorator.py took 0.125 seconds
[2025-12-11T04:39:41.618+0000] {processor.py:161} INFO - Started process (PID=2797) to work on /home/airflow/.local/lib/python3.9/site-packages/airflow/example_dags/example_python_decorator.py
[2025-12-11T04:39:41.619+0000] {processor.py:830} INFO - Processing file /home/airflow/.local/lib/python3.9/site-packages/airflow/example_dags/example_python_decorator.py for tasks to queue
[2025-12-11T04:39:41.622+0000] {logging_mixin.py:188} INFO - [2025-12-11T04:39:41.621+0000] {dagbag.py:545} INFO - Filling up the DagBag from /home/airflow/.local/lib/python3.9/site-packages/airflow/example_dags/example_python_decorator.py
[2025-12-11T04:39:41.656+0000] {processor.py:840} INFO - DAG(s) 'example_python_decorator' retrieved from /home/airflow/.local/lib/python3.9/site-packages/airflow/example_dags/example_python_decorator.py
[2025-12-11T04:39:41.737+0000] {logging_mixin.py:188} INFO - [2025-12-11T04:39:41.729+0000] {dag.py:3096} INFO - Sync 1 DAGs
[2025-12-11T04:39:42.443+0000] {logging_mixin.py:188} INFO - [2025-12-11T04:39:42.443+0000] {dag.py:3954} INFO - Setting next_dagrun for example_python_decorator to None, run_after=None
[2025-12-11T04:39:42.493+0000] {processor.py:183} INFO - Processing /home/airflow/.local/lib/python3.9/site-packages/airflow/example_dags/example_python_decorator.py took 0.893 seconds
[2025-12-11T04:40:13.125+0000] {processor.py:161} INFO - Started process (PID=2864) to work on /home/airflow/.local/lib/python3.9/site-packages/airflow/example_dags/example_python_decorator.py
[2025-12-11T04:40:13.127+0000] {processor.py:830} INFO - Processing file /home/airflow/.local/lib/python3.9/site-packages/airflow/example_dags/example_python_decorator.py for tasks to queue
[2025-12-11T04:40:13.130+0000] {logging_mixin.py:188} INFO - [2025-12-11T04:40:13.129+0000] {dagbag.py:545} INFO - Filling up the DagBag from /home/airflow/.local/lib/python3.9/site-packages/airflow/example_dags/example_python_decorator.py
[2025-12-11T04:40:13.178+0000] {processor.py:840} INFO - DAG(s) 'example_python_decorator' retrieved from /home/airflow/.local/lib/python3.9/site-packages/airflow/example_dags/example_python_decorator.py
[2025-12-11T04:40:13.260+0000] {logging_mixin.py:188} INFO - [2025-12-11T04:40:13.260+0000] {dag.py:3096} INFO - Sync 1 DAGs
[2025-12-11T04:40:13.307+0000] {logging_mixin.py:188} INFO - [2025-12-11T04:40:13.306+0000] {dag.py:3954} INFO - Setting next_dagrun for example_python_decorator to None, run_after=None
[2025-12-11T04:40:13.365+0000] {processor.py:183} INFO - Processing /home/airflow/.local/lib/python3.9/site-packages/airflow/example_dags/example_python_decorator.py took 0.257 seconds
[2025-12-11T04:40:43.782+0000] {processor.py:161} INFO - Started process (PID=2931) to work on /home/airflow/.local/lib/python3.9/site-packages/airflow/example_dags/example_python_decorator.py
[2025-12-11T04:40:43.787+0000] {processor.py:830} INFO - Processing file /home/airflow/.local/lib/python3.9/site-packages/airflow/example_dags/example_python_decorator.py for tasks to queue
[2025-12-11T04:40:43.790+0000] {logging_mixin.py:188} INFO - [2025-12-11T04:40:43.790+0000] {dagbag.py:545} INFO - Filling up the DagBag from /home/airflow/.local/lib/python3.9/site-packages/airflow/example_dags/example_python_decorator.py
[2025-12-11T04:40:43.819+0000] {processor.py:840} INFO - DAG(s) 'example_python_decorator' retrieved from /home/airflow/.local/lib/python3.9/site-packages/airflow/example_dags/example_python_decorator.py
[2025-12-11T04:40:43.902+0000] {logging_mixin.py:188} INFO - [2025-12-11T04:40:43.901+0000] {dag.py:3096} INFO - Sync 1 DAGs
[2025-12-11T04:40:44.286+0000] {logging_mixin.py:188} INFO - [2025-12-11T04:40:44.285+0000] {dag.py:3954} INFO - Setting next_dagrun for example_python_decorator to None, run_after=None
[2025-12-11T04:40:44.324+0000] {processor.py:183} INFO - Processing /home/airflow/.local/lib/python3.9/site-packages/airflow/example_dags/example_python_decorator.py took 0.564 seconds
[2025-12-11T04:41:15.226+0000] {processor.py:161} INFO - Started process (PID=2999) to work on /home/airflow/.local/lib/python3.9/site-packages/airflow/example_dags/example_python_decorator.py
[2025-12-11T04:41:15.229+0000] {processor.py:830} INFO - Processing file /home/airflow/.local/lib/python3.9/site-packages/airflow/example_dags/example_python_decorator.py for tasks to queue
[2025-12-11T04:41:15.233+0000] {logging_mixin.py:188} INFO - [2025-12-11T04:41:15.232+0000] {dagbag.py:545} INFO - Filling up the DagBag from /home/airflow/.local/lib/python3.9/site-packages/airflow/example_dags/example_python_decorator.py
[2025-12-11T04:41:15.261+0000] {processor.py:840} INFO - DAG(s) 'example_python_decorator' retrieved from /home/airflow/.local/lib/python3.9/site-packages/airflow/example_dags/example_python_decorator.py
[2025-12-11T04:41:15.313+0000] {logging_mixin.py:188} INFO - [2025-12-11T04:41:15.313+0000] {dag.py:3096} INFO - Sync 1 DAGs
[2025-12-11T04:41:15.343+0000] {logging_mixin.py:188} INFO - [2025-12-11T04:41:15.342+0000] {dag.py:3954} INFO - Setting next_dagrun for example_python_decorator to None, run_after=None
[2025-12-11T04:41:15.388+0000] {processor.py:183} INFO - Processing /home/airflow/.local/lib/python3.9/site-packages/airflow/example_dags/example_python_decorator.py took 0.179 seconds
[2025-12-11T04:41:45.659+0000] {processor.py:161} INFO - Started process (PID=3066) to work on /home/airflow/.local/lib/python3.9/site-packages/airflow/example_dags/example_python_decorator.py
[2025-12-11T04:41:45.662+0000] {processor.py:830} INFO - Processing file /home/airflow/.local/lib/python3.9/site-packages/airflow/example_dags/example_python_decorator.py for tasks to queue
[2025-12-11T04:41:45.665+0000] {logging_mixin.py:188} INFO - [2025-12-11T04:41:45.664+0000] {dagbag.py:545} INFO - Filling up the DagBag from /home/airflow/.local/lib/python3.9/site-packages/airflow/example_dags/example_python_decorator.py
[2025-12-11T04:41:45.697+0000] {processor.py:840} INFO - DAG(s) 'example_python_decorator' retrieved from /home/airflow/.local/lib/python3.9/site-packages/airflow/example_dags/example_python_decorator.py
[2025-12-11T04:41:45.746+0000] {logging_mixin.py:188} INFO - [2025-12-11T04:41:45.745+0000] {dag.py:3096} INFO - Sync 1 DAGs
[2025-12-11T04:41:45.774+0000] {logging_mixin.py:188} INFO - [2025-12-11T04:41:45.774+0000] {dag.py:3954} INFO - Setting next_dagrun for example_python_decorator to None, run_after=None
[2025-12-11T04:41:45.812+0000] {processor.py:183} INFO - Processing /home/airflow/.local/lib/python3.9/site-packages/airflow/example_dags/example_python_decorator.py took 0.165 seconds
[2025-12-11T04:42:15.961+0000] {processor.py:161} INFO - Started process (PID=3134) to work on /home/airflow/.local/lib/python3.9/site-packages/airflow/example_dags/example_python_decorator.py
[2025-12-11T04:42:15.962+0000] {processor.py:830} INFO - Processing file /home/airflow/.local/lib/python3.9/site-packages/airflow/example_dags/example_python_decorator.py for tasks to queue
[2025-12-11T04:42:15.965+0000] {logging_mixin.py:188} INFO - [2025-12-11T04:42:15.965+0000] {dagbag.py:545} INFO - Filling up the DagBag from /home/airflow/.local/lib/python3.9/site-packages/airflow/example_dags/example_python_decorator.py
[2025-12-11T04:42:15.985+0000] {processor.py:840} INFO - DAG(s) 'example_python_decorator' retrieved from /home/airflow/.local/lib/python3.9/site-packages/airflow/example_dags/example_python_decorator.py
[2025-12-11T04:42:16.023+0000] {logging_mixin.py:188} INFO - [2025-12-11T04:42:16.023+0000] {dag.py:3096} INFO - Sync 1 DAGs
[2025-12-11T04:42:16.044+0000] {logging_mixin.py:188} INFO - [2025-12-11T04:42:16.044+0000] {dag.py:3954} INFO - Setting next_dagrun for example_python_decorator to None, run_after=None
[2025-12-11T04:42:16.071+0000] {processor.py:183} INFO - Processing /home/airflow/.local/lib/python3.9/site-packages/airflow/example_dags/example_python_decorator.py took 0.121 seconds
[2025-12-11T04:42:46.784+0000] {processor.py:161} INFO - Started process (PID=3201) to work on /home/airflow/.local/lib/python3.9/site-packages/airflow/example_dags/example_python_decorator.py
[2025-12-11T04:42:46.786+0000] {processor.py:830} INFO - Processing file /home/airflow/.local/lib/python3.9/site-packages/airflow/example_dags/example_python_decorator.py for tasks to queue
[2025-12-11T04:42:46.788+0000] {logging_mixin.py:188} INFO - [2025-12-11T04:42:46.788+0000] {dagbag.py:545} INFO - Filling up the DagBag from /home/airflow/.local/lib/python3.9/site-packages/airflow/example_dags/example_python_decorator.py
[2025-12-11T04:42:46.811+0000] {processor.py:840} INFO - DAG(s) 'example_python_decorator' retrieved from /home/airflow/.local/lib/python3.9/site-packages/airflow/example_dags/example_python_decorator.py
[2025-12-11T04:42:46.864+0000] {logging_mixin.py:188} INFO - [2025-12-11T04:42:46.863+0000] {dag.py:3096} INFO - Sync 1 DAGs
[2025-12-11T04:42:46.898+0000] {logging_mixin.py:188} INFO - [2025-12-11T04:42:46.898+0000] {dag.py:3954} INFO - Setting next_dagrun for example_python_decorator to None, run_after=None
[2025-12-11T04:42:46.931+0000] {processor.py:183} INFO - Processing /home/airflow/.local/lib/python3.9/site-packages/airflow/example_dags/example_python_decorator.py took 0.159 seconds
[2025-12-11T04:43:17.797+0000] {processor.py:161} INFO - Started process (PID=3268) to work on /home/airflow/.local/lib/python3.9/site-packages/airflow/example_dags/example_python_decorator.py
[2025-12-11T04:43:17.806+0000] {processor.py:830} INFO - Processing file /home/airflow/.local/lib/python3.9/site-packages/airflow/example_dags/example_python_decorator.py for tasks to queue
[2025-12-11T04:43:17.809+0000] {logging_mixin.py:188} INFO - [2025-12-11T04:43:17.809+0000] {dagbag.py:545} INFO - Filling up the DagBag from /home/airflow/.local/lib/python3.9/site-packages/airflow/example_dags/example_python_decorator.py
[2025-12-11T04:43:17.832+0000] {processor.py:840} INFO - DAG(s) 'example_python_decorator' retrieved from /home/airflow/.local/lib/python3.9/site-packages/airflow/example_dags/example_python_decorator.py
[2025-12-11T04:43:17.870+0000] {logging_mixin.py:188} INFO - [2025-12-11T04:43:17.870+0000] {dag.py:3096} INFO - Sync 1 DAGs
[2025-12-11T04:43:17.889+0000] {logging_mixin.py:188} INFO - [2025-12-11T04:43:17.889+0000] {dag.py:3954} INFO - Setting next_dagrun for example_python_decorator to None, run_after=None
[2025-12-11T04:43:18.062+0000] {processor.py:183} INFO - Processing /home/airflow/.local/lib/python3.9/site-packages/airflow/example_dags/example_python_decorator.py took 0.275 seconds
[2025-12-11T04:43:48.253+0000] {processor.py:161} INFO - Started process (PID=3335) to work on /home/airflow/.local/lib/python3.9/site-packages/airflow/example_dags/example_python_decorator.py
[2025-12-11T04:43:48.366+0000] {processor.py:830} INFO - Processing file /home/airflow/.local/lib/python3.9/site-packages/airflow/example_dags/example_python_decorator.py for tasks to queue
[2025-12-11T04:43:48.370+0000] {logging_mixin.py:188} INFO - [2025-12-11T04:43:48.370+0000] {dagbag.py:545} INFO - Filling up the DagBag from /home/airflow/.local/lib/python3.9/site-packages/airflow/example_dags/example_python_decorator.py
[2025-12-11T04:43:48.396+0000] {processor.py:840} INFO - DAG(s) 'example_python_decorator' retrieved from /home/airflow/.local/lib/python3.9/site-packages/airflow/example_dags/example_python_decorator.py
[2025-12-11T04:43:48.445+0000] {logging_mixin.py:188} INFO - [2025-12-11T04:43:48.444+0000] {dag.py:3096} INFO - Sync 1 DAGs
[2025-12-11T04:43:48.476+0000] {logging_mixin.py:188} INFO - [2025-12-11T04:43:48.476+0000] {dag.py:3954} INFO - Setting next_dagrun for example_python_decorator to None, run_after=None
[2025-12-11T04:43:48.583+0000] {processor.py:183} INFO - Processing /home/airflow/.local/lib/python3.9/site-packages/airflow/example_dags/example_python_decorator.py took 0.343 seconds
[2025-12-11T04:44:18.960+0000] {processor.py:161} INFO - Started process (PID=3402) to work on /home/airflow/.local/lib/python3.9/site-packages/airflow/example_dags/example_python_decorator.py
[2025-12-11T04:44:18.969+0000] {processor.py:830} INFO - Processing file /home/airflow/.local/lib/python3.9/site-packages/airflow/example_dags/example_python_decorator.py for tasks to queue
[2025-12-11T04:44:18.991+0000] {logging_mixin.py:188} INFO - [2025-12-11T04:44:18.991+0000] {dagbag.py:545} INFO - Filling up the DagBag from /home/airflow/.local/lib/python3.9/site-packages/airflow/example_dags/example_python_decorator.py
[2025-12-11T04:44:19.017+0000] {processor.py:840} INFO - DAG(s) 'example_python_decorator' retrieved from /home/airflow/.local/lib/python3.9/site-packages/airflow/example_dags/example_python_decorator.py
[2025-12-11T04:44:19.068+0000] {logging_mixin.py:188} INFO - [2025-12-11T04:44:19.067+0000] {dag.py:3096} INFO - Sync 1 DAGs
[2025-12-11T04:44:19.096+0000] {logging_mixin.py:188} INFO - [2025-12-11T04:44:19.095+0000] {dag.py:3954} INFO - Setting next_dagrun for example_python_decorator to None, run_after=None
[2025-12-11T04:44:19.333+0000] {processor.py:183} INFO - Processing /home/airflow/.local/lib/python3.9/site-packages/airflow/example_dags/example_python_decorator.py took 0.383 seconds
[2025-12-11T04:44:49.506+0000] {processor.py:161} INFO - Started process (PID=3469) to work on /home/airflow/.local/lib/python3.9/site-packages/airflow/example_dags/example_python_decorator.py
[2025-12-11T04:44:49.515+0000] {processor.py:830} INFO - Processing file /home/airflow/.local/lib/python3.9/site-packages/airflow/example_dags/example_python_decorator.py for tasks to queue
[2025-12-11T04:44:49.518+0000] {logging_mixin.py:188} INFO - [2025-12-11T04:44:49.518+0000] {dagbag.py:545} INFO - Filling up the DagBag from /home/airflow/.local/lib/python3.9/site-packages/airflow/example_dags/example_python_decorator.py
[2025-12-11T04:44:49.542+0000] {processor.py:840} INFO - DAG(s) 'example_python_decorator' retrieved from /home/airflow/.local/lib/python3.9/site-packages/airflow/example_dags/example_python_decorator.py
[2025-12-11T04:44:49.615+0000] {logging_mixin.py:188} INFO - [2025-12-11T04:44:49.615+0000] {dag.py:3096} INFO - Sync 1 DAGs
[2025-12-11T04:44:49.644+0000] {logging_mixin.py:188} INFO - [2025-12-11T04:44:49.643+0000] {dag.py:3954} INFO - Setting next_dagrun for example_python_decorator to None, run_after=None
[2025-12-11T04:44:49.685+0000] {processor.py:183} INFO - Processing /home/airflow/.local/lib/python3.9/site-packages/airflow/example_dags/example_python_decorator.py took 0.192 seconds
[2025-12-11T04:45:20.421+0000] {processor.py:161} INFO - Started process (PID=3544) to work on /home/airflow/.local/lib/python3.9/site-packages/airflow/example_dags/example_python_decorator.py
[2025-12-11T04:45:20.430+0000] {processor.py:830} INFO - Processing file /home/airflow/.local/lib/python3.9/site-packages/airflow/example_dags/example_python_decorator.py for tasks to queue
[2025-12-11T04:45:20.433+0000] {logging_mixin.py:188} INFO - [2025-12-11T04:45:20.432+0000] {dagbag.py:545} INFO - Filling up the DagBag from /home/airflow/.local/lib/python3.9/site-packages/airflow/example_dags/example_python_decorator.py
[2025-12-11T04:45:20.453+0000] {processor.py:840} INFO - DAG(s) 'example_python_decorator' retrieved from /home/airflow/.local/lib/python3.9/site-packages/airflow/example_dags/example_python_decorator.py
[2025-12-11T04:45:20.497+0000] {logging_mixin.py:188} INFO - [2025-12-11T04:45:20.496+0000] {dag.py:3096} INFO - Sync 1 DAGs
[2025-12-11T04:45:20.518+0000] {logging_mixin.py:188} INFO - [2025-12-11T04:45:20.517+0000] {dag.py:3954} INFO - Setting next_dagrun for example_python_decorator to None, run_after=None
[2025-12-11T04:45:20.546+0000] {processor.py:183} INFO - Processing /home/airflow/.local/lib/python3.9/site-packages/airflow/example_dags/example_python_decorator.py took 0.144 seconds
[2025-12-11T04:45:51.128+0000] {processor.py:161} INFO - Started process (PID=3612) to work on /home/airflow/.local/lib/python3.9/site-packages/airflow/example_dags/example_python_decorator.py
[2025-12-11T04:45:51.137+0000] {processor.py:830} INFO - Processing file /home/airflow/.local/lib/python3.9/site-packages/airflow/example_dags/example_python_decorator.py for tasks to queue
[2025-12-11T04:45:51.140+0000] {logging_mixin.py:188} INFO - [2025-12-11T04:45:51.140+0000] {dagbag.py:545} INFO - Filling up the DagBag from /home/airflow/.local/lib/python3.9/site-packages/airflow/example_dags/example_python_decorator.py
[2025-12-11T04:45:51.167+0000] {processor.py:840} INFO - DAG(s) 'example_python_decorator' retrieved from /home/airflow/.local/lib/python3.9/site-packages/airflow/example_dags/example_python_decorator.py
[2025-12-11T04:45:51.208+0000] {logging_mixin.py:188} INFO - [2025-12-11T04:45:51.207+0000] {dag.py:3096} INFO - Sync 1 DAGs
[2025-12-11T04:45:51.231+0000] {logging_mixin.py:188} INFO - [2025-12-11T04:45:51.230+0000] {dag.py:3954} INFO - Setting next_dagrun for example_python_decorator to None, run_after=None
[2025-12-11T04:45:51.260+0000] {processor.py:183} INFO - Processing /home/airflow/.local/lib/python3.9/site-packages/airflow/example_dags/example_python_decorator.py took 0.143 seconds
[2025-12-11T04:46:22.060+0000] {processor.py:161} INFO - Started process (PID=3679) to work on /home/airflow/.local/lib/python3.9/site-packages/airflow/example_dags/example_python_decorator.py
[2025-12-11T04:46:22.063+0000] {processor.py:830} INFO - Processing file /home/airflow/.local/lib/python3.9/site-packages/airflow/example_dags/example_python_decorator.py for tasks to queue
[2025-12-11T04:46:22.066+0000] {logging_mixin.py:188} INFO - [2025-12-11T04:46:22.065+0000] {dagbag.py:545} INFO - Filling up the DagBag from /home/airflow/.local/lib/python3.9/site-packages/airflow/example_dags/example_python_decorator.py
[2025-12-11T04:46:22.090+0000] {processor.py:840} INFO - DAG(s) 'example_python_decorator' retrieved from /home/airflow/.local/lib/python3.9/site-packages/airflow/example_dags/example_python_decorator.py
[2025-12-11T04:46:22.138+0000] {logging_mixin.py:188} INFO - [2025-12-11T04:46:22.137+0000] {dag.py:3096} INFO - Sync 1 DAGs
[2025-12-11T04:46:22.162+0000] {logging_mixin.py:188} INFO - [2025-12-11T04:46:22.161+0000] {dag.py:3954} INFO - Setting next_dagrun for example_python_decorator to None, run_after=None
[2025-12-11T04:46:22.195+0000] {processor.py:183} INFO - Processing /home/airflow/.local/lib/python3.9/site-packages/airflow/example_dags/example_python_decorator.py took 0.148 seconds
[2025-12-11T04:46:52.328+0000] {processor.py:161} INFO - Started process (PID=3746) to work on /home/airflow/.local/lib/python3.9/site-packages/airflow/example_dags/example_python_decorator.py
[2025-12-11T04:46:52.330+0000] {processor.py:830} INFO - Processing file /home/airflow/.local/lib/python3.9/site-packages/airflow/example_dags/example_python_decorator.py for tasks to queue
[2025-12-11T04:46:52.332+0000] {logging_mixin.py:188} INFO - [2025-12-11T04:46:52.332+0000] {dagbag.py:545} INFO - Filling up the DagBag from /home/airflow/.local/lib/python3.9/site-packages/airflow/example_dags/example_python_decorator.py
[2025-12-11T04:46:52.352+0000] {processor.py:840} INFO - DAG(s) 'example_python_decorator' retrieved from /home/airflow/.local/lib/python3.9/site-packages/airflow/example_dags/example_python_decorator.py
[2025-12-11T04:46:52.390+0000] {logging_mixin.py:188} INFO - [2025-12-11T04:46:52.390+0000] {dag.py:3096} INFO - Sync 1 DAGs
[2025-12-11T04:46:52.409+0000] {logging_mixin.py:188} INFO - [2025-12-11T04:46:52.409+0000] {dag.py:3954} INFO - Setting next_dagrun for example_python_decorator to None, run_after=None
[2025-12-11T04:46:52.434+0000] {processor.py:183} INFO - Processing /home/airflow/.local/lib/python3.9/site-packages/airflow/example_dags/example_python_decorator.py took 0.116 seconds
[2025-12-11T04:47:22.946+0000] {processor.py:161} INFO - Started process (PID=3813) to work on /home/airflow/.local/lib/python3.9/site-packages/airflow/example_dags/example_python_decorator.py
[2025-12-11T04:47:22.948+0000] {processor.py:830} INFO - Processing file /home/airflow/.local/lib/python3.9/site-packages/airflow/example_dags/example_python_decorator.py for tasks to queue
[2025-12-11T04:47:22.951+0000] {logging_mixin.py:188} INFO - [2025-12-11T04:47:22.951+0000] {dagbag.py:545} INFO - Filling up the DagBag from /home/airflow/.local/lib/python3.9/site-packages/airflow/example_dags/example_python_decorator.py
[2025-12-11T04:47:22.975+0000] {processor.py:840} INFO - DAG(s) 'example_python_decorator' retrieved from /home/airflow/.local/lib/python3.9/site-packages/airflow/example_dags/example_python_decorator.py
[2025-12-11T04:47:23.024+0000] {logging_mixin.py:188} INFO - [2025-12-11T04:47:23.024+0000] {dag.py:3096} INFO - Sync 1 DAGs
[2025-12-11T04:47:23.055+0000] {logging_mixin.py:188} INFO - [2025-12-11T04:47:23.055+0000] {dag.py:3954} INFO - Setting next_dagrun for example_python_decorator to None, run_after=None
[2025-12-11T04:47:23.223+0000] {processor.py:183} INFO - Processing /home/airflow/.local/lib/python3.9/site-packages/airflow/example_dags/example_python_decorator.py took 0.290 seconds
[2025-12-11T04:47:53.468+0000] {processor.py:161} INFO - Started process (PID=3880) to work on /home/airflow/.local/lib/python3.9/site-packages/airflow/example_dags/example_python_decorator.py
[2025-12-11T04:47:53.469+0000] {processor.py:830} INFO - Processing file /home/airflow/.local/lib/python3.9/site-packages/airflow/example_dags/example_python_decorator.py for tasks to queue
[2025-12-11T04:47:53.472+0000] {logging_mixin.py:188} INFO - [2025-12-11T04:47:53.472+0000] {dagbag.py:545} INFO - Filling up the DagBag from /home/airflow/.local/lib/python3.9/site-packages/airflow/example_dags/example_python_decorator.py
[2025-12-11T04:47:53.491+0000] {processor.py:840} INFO - DAG(s) 'example_python_decorator' retrieved from /home/airflow/.local/lib/python3.9/site-packages/airflow/example_dags/example_python_decorator.py
[2025-12-11T04:47:53.532+0000] {logging_mixin.py:188} INFO - [2025-12-11T04:47:53.532+0000] {dag.py:3096} INFO - Sync 1 DAGs
[2025-12-11T04:47:53.554+0000] {logging_mixin.py:188} INFO - [2025-12-11T04:47:53.553+0000] {dag.py:3954} INFO - Setting next_dagrun for example_python_decorator to None, run_after=None
[2025-12-11T04:47:53.582+0000] {processor.py:183} INFO - Processing /home/airflow/.local/lib/python3.9/site-packages/airflow/example_dags/example_python_decorator.py took 0.125 seconds
[2025-12-11T04:48:24.096+0000] {processor.py:161} INFO - Started process (PID=3947) to work on /home/airflow/.local/lib/python3.9/site-packages/airflow/example_dags/example_python_decorator.py
[2025-12-11T04:48:24.099+0000] {processor.py:830} INFO - Processing file /home/airflow/.local/lib/python3.9/site-packages/airflow/example_dags/example_python_decorator.py for tasks to queue
[2025-12-11T04:48:24.102+0000] {logging_mixin.py:188} INFO - [2025-12-11T04:48:24.101+0000] {dagbag.py:545} INFO - Filling up the DagBag from /home/airflow/.local/lib/python3.9/site-packages/airflow/example_dags/example_python_decorator.py
[2025-12-11T04:48:24.122+0000] {processor.py:840} INFO - DAG(s) 'example_python_decorator' retrieved from /home/airflow/.local/lib/python3.9/site-packages/airflow/example_dags/example_python_decorator.py
[2025-12-11T04:48:24.167+0000] {logging_mixin.py:188} INFO - [2025-12-11T04:48:24.167+0000] {dag.py:3096} INFO - Sync 1 DAGs
[2025-12-11T04:48:24.188+0000] {logging_mixin.py:188} INFO - [2025-12-11T04:48:24.188+0000] {dag.py:3954} INFO - Setting next_dagrun for example_python_decorator to None, run_after=None
[2025-12-11T04:48:24.432+0000] {processor.py:183} INFO - Processing /home/airflow/.local/lib/python3.9/site-packages/airflow/example_dags/example_python_decorator.py took 0.347 seconds
[2025-12-11T04:48:54.798+0000] {processor.py:161} INFO - Started process (PID=4014) to work on /home/airflow/.local/lib/python3.9/site-packages/airflow/example_dags/example_python_decorator.py
[2025-12-11T04:48:54.912+0000] {processor.py:830} INFO - Processing file /home/airflow/.local/lib/python3.9/site-packages/airflow/example_dags/example_python_decorator.py for tasks to queue
[2025-12-11T04:48:54.916+0000] {logging_mixin.py:188} INFO - [2025-12-11T04:48:54.915+0000] {dagbag.py:545} INFO - Filling up the DagBag from /home/airflow/.local/lib/python3.9/site-packages/airflow/example_dags/example_python_decorator.py
[2025-12-11T04:48:54.936+0000] {processor.py:840} INFO - DAG(s) 'example_python_decorator' retrieved from /home/airflow/.local/lib/python3.9/site-packages/airflow/example_dags/example_python_decorator.py
[2025-12-11T04:48:54.983+0000] {logging_mixin.py:188} INFO - [2025-12-11T04:48:54.983+0000] {dag.py:3096} INFO - Sync 1 DAGs
[2025-12-11T04:48:55.086+0000] {logging_mixin.py:188} INFO - [2025-12-11T04:48:55.085+0000] {dag.py:3954} INFO - Setting next_dagrun for example_python_decorator to None, run_after=None
[2025-12-11T04:48:55.124+0000] {processor.py:183} INFO - Processing /home/airflow/.local/lib/python3.9/site-packages/airflow/example_dags/example_python_decorator.py took 0.340 seconds
[2025-12-11T04:49:25.483+0000] {processor.py:161} INFO - Started process (PID=4080) to work on /home/airflow/.local/lib/python3.9/site-packages/airflow/example_dags/example_python_decorator.py
[2025-12-11T04:49:25.485+0000] {processor.py:830} INFO - Processing file /home/airflow/.local/lib/python3.9/site-packages/airflow/example_dags/example_python_decorator.py for tasks to queue
[2025-12-11T04:49:25.489+0000] {logging_mixin.py:188} INFO - [2025-12-11T04:49:25.488+0000] {dagbag.py:545} INFO - Filling up the DagBag from /home/airflow/.local/lib/python3.9/site-packages/airflow/example_dags/example_python_decorator.py
[2025-12-11T04:49:25.514+0000] {processor.py:840} INFO - DAG(s) 'example_python_decorator' retrieved from /home/airflow/.local/lib/python3.9/site-packages/airflow/example_dags/example_python_decorator.py
[2025-12-11T04:49:25.577+0000] {logging_mixin.py:188} INFO - [2025-12-11T04:49:25.577+0000] {dag.py:3096} INFO - Sync 1 DAGs
[2025-12-11T04:49:25.598+0000] {logging_mixin.py:188} INFO - [2025-12-11T04:49:25.598+0000] {dag.py:3954} INFO - Setting next_dagrun for example_python_decorator to None, run_after=None
[2025-12-11T04:49:25.628+0000] {processor.py:183} INFO - Processing /home/airflow/.local/lib/python3.9/site-packages/airflow/example_dags/example_python_decorator.py took 0.163 seconds
[2025-12-11T04:49:56.581+0000] {processor.py:161} INFO - Started process (PID=4146) to work on /home/airflow/.local/lib/python3.9/site-packages/airflow/example_dags/example_python_decorator.py
[2025-12-11T04:49:56.583+0000] {processor.py:830} INFO - Processing file /home/airflow/.local/lib/python3.9/site-packages/airflow/example_dags/example_python_decorator.py for tasks to queue
[2025-12-11T04:49:56.586+0000] {logging_mixin.py:188} INFO - [2025-12-11T04:49:56.585+0000] {dagbag.py:545} INFO - Filling up the DagBag from /home/airflow/.local/lib/python3.9/site-packages/airflow/example_dags/example_python_decorator.py
[2025-12-11T04:49:56.607+0000] {processor.py:840} INFO - DAG(s) 'example_python_decorator' retrieved from /home/airflow/.local/lib/python3.9/site-packages/airflow/example_dags/example_python_decorator.py
[2025-12-11T04:49:56.654+0000] {logging_mixin.py:188} INFO - [2025-12-11T04:49:56.654+0000] {dag.py:3096} INFO - Sync 1 DAGs
[2025-12-11T04:49:56.678+0000] {logging_mixin.py:188} INFO - [2025-12-11T04:49:56.678+0000] {dag.py:3954} INFO - Setting next_dagrun for example_python_decorator to None, run_after=None
[2025-12-11T04:49:56.708+0000] {processor.py:183} INFO - Processing /home/airflow/.local/lib/python3.9/site-packages/airflow/example_dags/example_python_decorator.py took 0.138 seconds
[2025-12-11T04:50:27.450+0000] {processor.py:161} INFO - Started process (PID=4212) to work on /home/airflow/.local/lib/python3.9/site-packages/airflow/example_dags/example_python_decorator.py
[2025-12-11T04:50:27.452+0000] {processor.py:830} INFO - Processing file /home/airflow/.local/lib/python3.9/site-packages/airflow/example_dags/example_python_decorator.py for tasks to queue
[2025-12-11T04:50:27.455+0000] {logging_mixin.py:188} INFO - [2025-12-11T04:50:27.454+0000] {dagbag.py:545} INFO - Filling up the DagBag from /home/airflow/.local/lib/python3.9/site-packages/airflow/example_dags/example_python_decorator.py
[2025-12-11T04:50:27.473+0000] {processor.py:840} INFO - DAG(s) 'example_python_decorator' retrieved from /home/airflow/.local/lib/python3.9/site-packages/airflow/example_dags/example_python_decorator.py
[2025-12-11T04:50:27.522+0000] {logging_mixin.py:188} INFO - [2025-12-11T04:50:27.521+0000] {dag.py:3096} INFO - Sync 1 DAGs
[2025-12-11T04:50:27.552+0000] {logging_mixin.py:188} INFO - [2025-12-11T04:50:27.551+0000] {dag.py:3954} INFO - Setting next_dagrun for example_python_decorator to None, run_after=None
[2025-12-11T04:50:27.592+0000] {processor.py:183} INFO - Processing /home/airflow/.local/lib/python3.9/site-packages/airflow/example_dags/example_python_decorator.py took 0.151 seconds
[2025-12-11T04:50:57.803+0000] {processor.py:161} INFO - Started process (PID=4286) to work on /home/airflow/.local/lib/python3.9/site-packages/airflow/example_dags/example_python_decorator.py
[2025-12-11T04:50:57.813+0000] {processor.py:830} INFO - Processing file /home/airflow/.local/lib/python3.9/site-packages/airflow/example_dags/example_python_decorator.py for tasks to queue
[2025-12-11T04:50:57.819+0000] {logging_mixin.py:188} INFO - [2025-12-11T04:50:57.819+0000] {dagbag.py:545} INFO - Filling up the DagBag from /home/airflow/.local/lib/python3.9/site-packages/airflow/example_dags/example_python_decorator.py
[2025-12-11T04:50:57.899+0000] {processor.py:840} INFO - DAG(s) 'example_python_decorator' retrieved from /home/airflow/.local/lib/python3.9/site-packages/airflow/example_dags/example_python_decorator.py
[2025-12-11T04:50:58.077+0000] {logging_mixin.py:188} INFO - [2025-12-11T04:50:58.066+0000] {dag.py:3096} INFO - Sync 1 DAGs
[2025-12-11T04:50:58.126+0000] {logging_mixin.py:188} INFO - [2025-12-11T04:50:58.126+0000] {dag.py:3954} INFO - Setting next_dagrun for example_python_decorator to None, run_after=None
[2025-12-11T04:50:58.485+0000] {processor.py:183} INFO - Processing /home/airflow/.local/lib/python3.9/site-packages/airflow/example_dags/example_python_decorator.py took 0.704 seconds
[2025-12-11T04:51:29.365+0000] {processor.py:161} INFO - Started process (PID=4353) to work on /home/airflow/.local/lib/python3.9/site-packages/airflow/example_dags/example_python_decorator.py
[2025-12-11T04:51:29.367+0000] {processor.py:830} INFO - Processing file /home/airflow/.local/lib/python3.9/site-packages/airflow/example_dags/example_python_decorator.py for tasks to queue
[2025-12-11T04:51:29.378+0000] {logging_mixin.py:188} INFO - [2025-12-11T04:51:29.378+0000] {dagbag.py:545} INFO - Filling up the DagBag from /home/airflow/.local/lib/python3.9/site-packages/airflow/example_dags/example_python_decorator.py
[2025-12-11T04:51:29.422+0000] {processor.py:840} INFO - DAG(s) 'example_python_decorator' retrieved from /home/airflow/.local/lib/python3.9/site-packages/airflow/example_dags/example_python_decorator.py
[2025-12-11T04:51:29.523+0000] {logging_mixin.py:188} INFO - [2025-12-11T04:51:29.522+0000] {dag.py:3096} INFO - Sync 1 DAGs
[2025-12-11T04:51:29.579+0000] {logging_mixin.py:188} INFO - [2025-12-11T04:51:29.578+0000] {dag.py:3954} INFO - Setting next_dagrun for example_python_decorator to None, run_after=None
[2025-12-11T04:51:29.679+0000] {processor.py:183} INFO - Processing /home/airflow/.local/lib/python3.9/site-packages/airflow/example_dags/example_python_decorator.py took 0.333 seconds
[2025-12-11T04:52:00.386+0000] {processor.py:161} INFO - Started process (PID=4420) to work on /home/airflow/.local/lib/python3.9/site-packages/airflow/example_dags/example_python_decorator.py
[2025-12-11T04:52:00.387+0000] {processor.py:830} INFO - Processing file /home/airflow/.local/lib/python3.9/site-packages/airflow/example_dags/example_python_decorator.py for tasks to queue
[2025-12-11T04:52:00.399+0000] {logging_mixin.py:188} INFO - [2025-12-11T04:52:00.398+0000] {dagbag.py:545} INFO - Filling up the DagBag from /home/airflow/.local/lib/python3.9/site-packages/airflow/example_dags/example_python_decorator.py
[2025-12-11T04:52:00.457+0000] {processor.py:840} INFO - DAG(s) 'example_python_decorator' retrieved from /home/airflow/.local/lib/python3.9/site-packages/airflow/example_dags/example_python_decorator.py
[2025-12-11T04:52:00.541+0000] {logging_mixin.py:188} INFO - [2025-12-11T04:52:00.540+0000] {dag.py:3096} INFO - Sync 1 DAGs
[2025-12-11T04:52:00.581+0000] {logging_mixin.py:188} INFO - [2025-12-11T04:52:00.581+0000] {dag.py:3954} INFO - Setting next_dagrun for example_python_decorator to None, run_after=None
[2025-12-11T04:52:00.660+0000] {processor.py:183} INFO - Processing /home/airflow/.local/lib/python3.9/site-packages/airflow/example_dags/example_python_decorator.py took 0.292 seconds
[2025-12-11T04:52:30.826+0000] {processor.py:161} INFO - Started process (PID=4487) to work on /home/airflow/.local/lib/python3.9/site-packages/airflow/example_dags/example_python_decorator.py
[2025-12-11T04:52:30.939+0000] {processor.py:830} INFO - Processing file /home/airflow/.local/lib/python3.9/site-packages/airflow/example_dags/example_python_decorator.py for tasks to queue
[2025-12-11T04:52:30.943+0000] {logging_mixin.py:188} INFO - [2025-12-11T04:52:30.942+0000] {dagbag.py:545} INFO - Filling up the DagBag from /home/airflow/.local/lib/python3.9/site-packages/airflow/example_dags/example_python_decorator.py
[2025-12-11T04:52:30.982+0000] {processor.py:840} INFO - DAG(s) 'example_python_decorator' retrieved from /home/airflow/.local/lib/python3.9/site-packages/airflow/example_dags/example_python_decorator.py
[2025-12-11T04:52:31.097+0000] {logging_mixin.py:188} INFO - [2025-12-11T04:52:31.088+0000] {dag.py:3096} INFO - Sync 1 DAGs
[2025-12-11T04:52:31.141+0000] {logging_mixin.py:188} INFO - [2025-12-11T04:52:31.140+0000] {dag.py:3954} INFO - Setting next_dagrun for example_python_decorator to None, run_after=None
[2025-12-11T04:52:31.466+0000] {processor.py:183} INFO - Processing /home/airflow/.local/lib/python3.9/site-packages/airflow/example_dags/example_python_decorator.py took 0.664 seconds
[2025-12-11T04:53:01.622+0000] {processor.py:161} INFO - Started process (PID=4554) to work on /home/airflow/.local/lib/python3.9/site-packages/airflow/example_dags/example_python_decorator.py
[2025-12-11T04:53:01.629+0000] {processor.py:830} INFO - Processing file /home/airflow/.local/lib/python3.9/site-packages/airflow/example_dags/example_python_decorator.py for tasks to queue
[2025-12-11T04:53:01.640+0000] {logging_mixin.py:188} INFO - [2025-12-11T04:53:01.639+0000] {dagbag.py:545} INFO - Filling up the DagBag from /home/airflow/.local/lib/python3.9/site-packages/airflow/example_dags/example_python_decorator.py
[2025-12-11T04:53:01.683+0000] {processor.py:840} INFO - DAG(s) 'example_python_decorator' retrieved from /home/airflow/.local/lib/python3.9/site-packages/airflow/example_dags/example_python_decorator.py
[2025-12-11T04:53:01.747+0000] {logging_mixin.py:188} INFO - [2025-12-11T04:53:01.747+0000] {dag.py:3096} INFO - Sync 1 DAGs
[2025-12-11T04:53:01.785+0000] {logging_mixin.py:188} INFO - [2025-12-11T04:53:01.784+0000] {dag.py:3954} INFO - Setting next_dagrun for example_python_decorator to None, run_after=None
[2025-12-11T04:53:01.837+0000] {processor.py:183} INFO - Processing /home/airflow/.local/lib/python3.9/site-packages/airflow/example_dags/example_python_decorator.py took 0.237 seconds
