[2025-12-11T04:18:37.799+0000] {processor.py:161} INFO - Started process (PID=92) to work on /home/airflow/.local/lib/python3.9/site-packages/airflow/example_dags/example_short_circuit_decorator.py
[2025-12-11T04:18:37.800+0000] {processor.py:830} INFO - Processing file /home/airflow/.local/lib/python3.9/site-packages/airflow/example_dags/example_short_circuit_decorator.py for tasks to queue
[2025-12-11T04:18:37.819+0000] {logging_mixin.py:188} INFO - [2025-12-11T04:18:37.818+0000] {dagbag.py:545} INFO - Filling up the DagBag from /home/airflow/.local/lib/python3.9/site-packages/airflow/example_dags/example_short_circuit_decorator.py
[2025-12-11T04:18:37.882+0000] {processor.py:840} INFO - DAG(s) 'example_short_circuit_decorator' retrieved from /home/airflow/.local/lib/python3.9/site-packages/airflow/example_dags/example_short_circuit_decorator.py
[2025-12-11T04:18:38.721+0000] {logging_mixin.py:188} INFO - [2025-12-11T04:18:38.720+0000] {dag.py:3096} INFO - Sync 1 DAGs
[2025-12-11T04:18:38.922+0000] {logging_mixin.py:188} INFO - [2025-12-11T04:18:38.922+0000] {dag.py:3954} INFO - Setting next_dagrun for example_short_circuit_decorator to 2025-12-10 00:00:00+00:00, run_after=2025-12-11 00:00:00+00:00
[2025-12-11T04:18:39.099+0000] {processor.py:183} INFO - Processing /home/airflow/.local/lib/python3.9/site-packages/airflow/example_dags/example_short_circuit_decorator.py took 1.341 seconds
[2025-12-11T04:19:15.162+0000] {processor.py:161} INFO - Started process (PID=158) to work on /home/airflow/.local/lib/python3.9/site-packages/airflow/example_dags/example_short_circuit_decorator.py
[2025-12-11T04:19:15.189+0000] {processor.py:830} INFO - Processing file /home/airflow/.local/lib/python3.9/site-packages/airflow/example_dags/example_short_circuit_decorator.py for tasks to queue
[2025-12-11T04:19:15.198+0000] {logging_mixin.py:188} INFO - [2025-12-11T04:19:15.198+0000] {dagbag.py:545} INFO - Filling up the DagBag from /home/airflow/.local/lib/python3.9/site-packages/airflow/example_dags/example_short_circuit_decorator.py
[2025-12-11T04:19:15.222+0000] {processor.py:840} INFO - DAG(s) 'example_short_circuit_decorator' retrieved from /home/airflow/.local/lib/python3.9/site-packages/airflow/example_dags/example_short_circuit_decorator.py
[2025-12-11T04:19:15.285+0000] {logging_mixin.py:188} INFO - [2025-12-11T04:19:15.285+0000] {dag.py:3096} INFO - Sync 1 DAGs
[2025-12-11T04:19:15.519+0000] {logging_mixin.py:188} INFO - [2025-12-11T04:19:15.519+0000] {dag.py:3954} INFO - Setting next_dagrun for example_short_circuit_decorator to 2025-12-10 00:00:00+00:00, run_after=2025-12-11 00:00:00+00:00
[2025-12-11T04:19:15.554+0000] {processor.py:183} INFO - Processing /home/airflow/.local/lib/python3.9/site-packages/airflow/example_dags/example_short_circuit_decorator.py took 0.413 seconds
[2025-12-11T04:19:46.084+0000] {processor.py:161} INFO - Started process (PID=222) to work on /home/airflow/.local/lib/python3.9/site-packages/airflow/example_dags/example_short_circuit_decorator.py
[2025-12-11T04:19:46.246+0000] {processor.py:830} INFO - Processing file /home/airflow/.local/lib/python3.9/site-packages/airflow/example_dags/example_short_circuit_decorator.py for tasks to queue
[2025-12-11T04:19:46.257+0000] {logging_mixin.py:188} INFO - [2025-12-11T04:19:46.249+0000] {dagbag.py:545} INFO - Filling up the DagBag from /home/airflow/.local/lib/python3.9/site-packages/airflow/example_dags/example_short_circuit_decorator.py
[2025-12-11T04:19:46.282+0000] {processor.py:840} INFO - DAG(s) 'example_short_circuit_decorator' retrieved from /home/airflow/.local/lib/python3.9/site-packages/airflow/example_dags/example_short_circuit_decorator.py
[2025-12-11T04:19:46.437+0000] {logging_mixin.py:188} INFO - [2025-12-11T04:19:46.424+0000] {dag.py:3096} INFO - Sync 1 DAGs
[2025-12-11T04:19:46.519+0000] {logging_mixin.py:188} INFO - [2025-12-11T04:19:46.519+0000] {dag.py:3954} INFO - Setting next_dagrun for example_short_circuit_decorator to 2025-12-10 00:00:00+00:00, run_after=2025-12-11 00:00:00+00:00
[2025-12-11T04:19:46.645+0000] {processor.py:183} INFO - Processing /home/airflow/.local/lib/python3.9/site-packages/airflow/example_dags/example_short_circuit_decorator.py took 0.588 seconds
[2025-12-11T04:20:16.922+0000] {processor.py:161} INFO - Started process (PID=281) to work on /home/airflow/.local/lib/python3.9/site-packages/airflow/example_dags/example_short_circuit_decorator.py
[2025-12-11T04:20:16.981+0000] {processor.py:830} INFO - Processing file /home/airflow/.local/lib/python3.9/site-packages/airflow/example_dags/example_short_circuit_decorator.py for tasks to queue
[2025-12-11T04:20:16.984+0000] {logging_mixin.py:188} INFO - [2025-12-11T04:20:16.983+0000] {dagbag.py:545} INFO - Filling up the DagBag from /home/airflow/.local/lib/python3.9/site-packages/airflow/example_dags/example_short_circuit_decorator.py
[2025-12-11T04:20:16.998+0000] {processor.py:840} INFO - DAG(s) 'example_short_circuit_decorator' retrieved from /home/airflow/.local/lib/python3.9/site-packages/airflow/example_dags/example_short_circuit_decorator.py
[2025-12-11T04:20:17.039+0000] {logging_mixin.py:188} INFO - [2025-12-11T04:20:17.039+0000] {dag.py:3096} INFO - Sync 1 DAGs
[2025-12-11T04:20:17.083+0000] {logging_mixin.py:188} INFO - [2025-12-11T04:20:17.082+0000] {dag.py:3954} INFO - Setting next_dagrun for example_short_circuit_decorator to 2025-12-10 00:00:00+00:00, run_after=2025-12-11 00:00:00+00:00
[2025-12-11T04:20:17.146+0000] {processor.py:183} INFO - Processing /home/airflow/.local/lib/python3.9/site-packages/airflow/example_dags/example_short_circuit_decorator.py took 0.239 seconds
[2025-12-11T04:20:47.256+0000] {processor.py:161} INFO - Started process (PID=347) to work on /home/airflow/.local/lib/python3.9/site-packages/airflow/example_dags/example_short_circuit_decorator.py
[2025-12-11T04:20:47.353+0000] {processor.py:830} INFO - Processing file /home/airflow/.local/lib/python3.9/site-packages/airflow/example_dags/example_short_circuit_decorator.py for tasks to queue
[2025-12-11T04:20:47.358+0000] {logging_mixin.py:188} INFO - [2025-12-11T04:20:47.356+0000] {dagbag.py:545} INFO - Filling up the DagBag from /home/airflow/.local/lib/python3.9/site-packages/airflow/example_dags/example_short_circuit_decorator.py
[2025-12-11T04:20:47.420+0000] {processor.py:840} INFO - DAG(s) 'example_short_circuit_decorator' retrieved from /home/airflow/.local/lib/python3.9/site-packages/airflow/example_dags/example_short_circuit_decorator.py
[2025-12-11T04:20:47.479+0000] {logging_mixin.py:188} INFO - [2025-12-11T04:20:47.478+0000] {dag.py:3096} INFO - Sync 1 DAGs
[2025-12-11T04:20:47.533+0000] {logging_mixin.py:188} INFO - [2025-12-11T04:20:47.532+0000] {dag.py:3954} INFO - Setting next_dagrun for example_short_circuit_decorator to 2025-12-10 00:00:00+00:00, run_after=2025-12-11 00:00:00+00:00
[2025-12-11T04:20:47.811+0000] {processor.py:183} INFO - Processing /home/airflow/.local/lib/python3.9/site-packages/airflow/example_dags/example_short_circuit_decorator.py took 0.569 seconds
[2025-12-11T04:21:18.314+0000] {processor.py:161} INFO - Started process (PID=413) to work on /home/airflow/.local/lib/python3.9/site-packages/airflow/example_dags/example_short_circuit_decorator.py
[2025-12-11T04:21:18.315+0000] {processor.py:830} INFO - Processing file /home/airflow/.local/lib/python3.9/site-packages/airflow/example_dags/example_short_circuit_decorator.py for tasks to queue
[2025-12-11T04:21:18.318+0000] {logging_mixin.py:188} INFO - [2025-12-11T04:21:18.318+0000] {dagbag.py:545} INFO - Filling up the DagBag from /home/airflow/.local/lib/python3.9/site-packages/airflow/example_dags/example_short_circuit_decorator.py
[2025-12-11T04:21:18.331+0000] {processor.py:840} INFO - DAG(s) 'example_short_circuit_decorator' retrieved from /home/airflow/.local/lib/python3.9/site-packages/airflow/example_dags/example_short_circuit_decorator.py
[2025-12-11T04:21:18.401+0000] {logging_mixin.py:188} INFO - [2025-12-11T04:21:18.401+0000] {dag.py:3096} INFO - Sync 1 DAGs
[2025-12-11T04:21:18.471+0000] {logging_mixin.py:188} INFO - [2025-12-11T04:21:18.470+0000] {dag.py:3954} INFO - Setting next_dagrun for example_short_circuit_decorator to 2025-12-10 00:00:00+00:00, run_after=2025-12-11 00:00:00+00:00
[2025-12-11T04:21:18.498+0000] {processor.py:183} INFO - Processing /home/airflow/.local/lib/python3.9/site-packages/airflow/example_dags/example_short_circuit_decorator.py took 0.194 seconds
[2025-12-11T04:21:48.911+0000] {processor.py:161} INFO - Started process (PID=478) to work on /home/airflow/.local/lib/python3.9/site-packages/airflow/example_dags/example_short_circuit_decorator.py
[2025-12-11T04:21:48.913+0000] {processor.py:830} INFO - Processing file /home/airflow/.local/lib/python3.9/site-packages/airflow/example_dags/example_short_circuit_decorator.py for tasks to queue
[2025-12-11T04:21:48.918+0000] {logging_mixin.py:188} INFO - [2025-12-11T04:21:48.917+0000] {dagbag.py:545} INFO - Filling up the DagBag from /home/airflow/.local/lib/python3.9/site-packages/airflow/example_dags/example_short_circuit_decorator.py
[2025-12-11T04:21:48.930+0000] {processor.py:840} INFO - DAG(s) 'example_short_circuit_decorator' retrieved from /home/airflow/.local/lib/python3.9/site-packages/airflow/example_dags/example_short_circuit_decorator.py
[2025-12-11T04:21:48.998+0000] {logging_mixin.py:188} INFO - [2025-12-11T04:21:48.998+0000] {dag.py:3096} INFO - Sync 1 DAGs
[2025-12-11T04:21:49.078+0000] {logging_mixin.py:188} INFO - [2025-12-11T04:21:49.078+0000] {dag.py:3954} INFO - Setting next_dagrun for example_short_circuit_decorator to 2025-12-10 00:00:00+00:00, run_after=2025-12-11 00:00:00+00:00
[2025-12-11T04:21:49.127+0000] {processor.py:183} INFO - Processing /home/airflow/.local/lib/python3.9/site-packages/airflow/example_dags/example_short_circuit_decorator.py took 0.226 seconds
[2025-12-11T04:22:19.607+0000] {processor.py:161} INFO - Started process (PID=544) to work on /home/airflow/.local/lib/python3.9/site-packages/airflow/example_dags/example_short_circuit_decorator.py
[2025-12-11T04:22:19.618+0000] {processor.py:830} INFO - Processing file /home/airflow/.local/lib/python3.9/site-packages/airflow/example_dags/example_short_circuit_decorator.py for tasks to queue
[2025-12-11T04:22:19.621+0000] {logging_mixin.py:188} INFO - [2025-12-11T04:22:19.620+0000] {dagbag.py:545} INFO - Filling up the DagBag from /home/airflow/.local/lib/python3.9/site-packages/airflow/example_dags/example_short_circuit_decorator.py
[2025-12-11T04:22:19.639+0000] {processor.py:840} INFO - DAG(s) 'example_short_circuit_decorator' retrieved from /home/airflow/.local/lib/python3.9/site-packages/airflow/example_dags/example_short_circuit_decorator.py
[2025-12-11T04:22:19.708+0000] {logging_mixin.py:188} INFO - [2025-12-11T04:22:19.708+0000] {dag.py:3096} INFO - Sync 1 DAGs
[2025-12-11T04:22:19.770+0000] {logging_mixin.py:188} INFO - [2025-12-11T04:22:19.770+0000] {dag.py:3954} INFO - Setting next_dagrun for example_short_circuit_decorator to 2025-12-10 00:00:00+00:00, run_after=2025-12-11 00:00:00+00:00
[2025-12-11T04:22:19.808+0000] {processor.py:183} INFO - Processing /home/airflow/.local/lib/python3.9/site-packages/airflow/example_dags/example_short_circuit_decorator.py took 0.211 seconds
[2025-12-11T04:22:50.567+0000] {processor.py:161} INFO - Started process (PID=610) to work on /home/airflow/.local/lib/python3.9/site-packages/airflow/example_dags/example_short_circuit_decorator.py
[2025-12-11T04:22:50.570+0000] {processor.py:830} INFO - Processing file /home/airflow/.local/lib/python3.9/site-packages/airflow/example_dags/example_short_circuit_decorator.py for tasks to queue
[2025-12-11T04:22:50.578+0000] {logging_mixin.py:188} INFO - [2025-12-11T04:22:50.577+0000] {dagbag.py:545} INFO - Filling up the DagBag from /home/airflow/.local/lib/python3.9/site-packages/airflow/example_dags/example_short_circuit_decorator.py
[2025-12-11T04:22:50.598+0000] {processor.py:840} INFO - DAG(s) 'example_short_circuit_decorator' retrieved from /home/airflow/.local/lib/python3.9/site-packages/airflow/example_dags/example_short_circuit_decorator.py
[2025-12-11T04:22:50.682+0000] {logging_mixin.py:188} INFO - [2025-12-11T04:22:50.681+0000] {dag.py:3096} INFO - Sync 1 DAGs
[2025-12-11T04:22:50.761+0000] {logging_mixin.py:188} INFO - [2025-12-11T04:22:50.760+0000] {dag.py:3954} INFO - Setting next_dagrun for example_short_circuit_decorator to 2025-12-10 00:00:00+00:00, run_after=2025-12-11 00:00:00+00:00
[2025-12-11T04:22:50.951+0000] {processor.py:183} INFO - Processing /home/airflow/.local/lib/python3.9/site-packages/airflow/example_dags/example_short_circuit_decorator.py took 0.407 seconds
[2025-12-11T04:23:21.801+0000] {processor.py:161} INFO - Started process (PID=683) to work on /home/airflow/.local/lib/python3.9/site-packages/airflow/example_dags/example_short_circuit_decorator.py
[2025-12-11T04:23:21.808+0000] {processor.py:830} INFO - Processing file /home/airflow/.local/lib/python3.9/site-packages/airflow/example_dags/example_short_circuit_decorator.py for tasks to queue
[2025-12-11T04:23:21.819+0000] {logging_mixin.py:188} INFO - [2025-12-11T04:23:21.819+0000] {dagbag.py:545} INFO - Filling up the DagBag from /home/airflow/.local/lib/python3.9/site-packages/airflow/example_dags/example_short_circuit_decorator.py
[2025-12-11T04:23:21.845+0000] {processor.py:840} INFO - DAG(s) 'example_short_circuit_decorator' retrieved from /home/airflow/.local/lib/python3.9/site-packages/airflow/example_dags/example_short_circuit_decorator.py
[2025-12-11T04:23:21.949+0000] {logging_mixin.py:188} INFO - [2025-12-11T04:23:21.948+0000] {dag.py:3096} INFO - Sync 1 DAGs
[2025-12-11T04:23:22.018+0000] {logging_mixin.py:188} INFO - [2025-12-11T04:23:22.017+0000] {dag.py:3954} INFO - Setting next_dagrun for example_short_circuit_decorator to 2025-12-10 00:00:00+00:00, run_after=2025-12-11 00:00:00+00:00
[2025-12-11T04:23:22.069+0000] {processor.py:183} INFO - Processing /home/airflow/.local/lib/python3.9/site-packages/airflow/example_dags/example_short_circuit_decorator.py took 0.304 seconds
[2025-12-11T04:23:52.625+0000] {processor.py:161} INFO - Started process (PID=749) to work on /home/airflow/.local/lib/python3.9/site-packages/airflow/example_dags/example_short_circuit_decorator.py
[2025-12-11T04:23:52.626+0000] {processor.py:830} INFO - Processing file /home/airflow/.local/lib/python3.9/site-packages/airflow/example_dags/example_short_circuit_decorator.py for tasks to queue
[2025-12-11T04:23:52.639+0000] {logging_mixin.py:188} INFO - [2025-12-11T04:23:52.638+0000] {dagbag.py:545} INFO - Filling up the DagBag from /home/airflow/.local/lib/python3.9/site-packages/airflow/example_dags/example_short_circuit_decorator.py
[2025-12-11T04:23:52.682+0000] {processor.py:840} INFO - DAG(s) 'example_short_circuit_decorator' retrieved from /home/airflow/.local/lib/python3.9/site-packages/airflow/example_dags/example_short_circuit_decorator.py
[2025-12-11T04:23:52.825+0000] {logging_mixin.py:188} INFO - [2025-12-11T04:23:52.824+0000] {dag.py:3096} INFO - Sync 1 DAGs
[2025-12-11T04:23:52.918+0000] {logging_mixin.py:188} INFO - [2025-12-11T04:23:52.917+0000] {dag.py:3954} INFO - Setting next_dagrun for example_short_circuit_decorator to 2025-12-10 00:00:00+00:00, run_after=2025-12-11 00:00:00+00:00
[2025-12-11T04:23:52.948+0000] {processor.py:183} INFO - Processing /home/airflow/.local/lib/python3.9/site-packages/airflow/example_dags/example_short_circuit_decorator.py took 0.344 seconds
[2025-12-11T04:24:23.226+0000] {processor.py:161} INFO - Started process (PID=815) to work on /home/airflow/.local/lib/python3.9/site-packages/airflow/example_dags/example_short_circuit_decorator.py
[2025-12-11T04:24:23.228+0000] {processor.py:830} INFO - Processing file /home/airflow/.local/lib/python3.9/site-packages/airflow/example_dags/example_short_circuit_decorator.py for tasks to queue
[2025-12-11T04:24:23.238+0000] {logging_mixin.py:188} INFO - [2025-12-11T04:24:23.237+0000] {dagbag.py:545} INFO - Filling up the DagBag from /home/airflow/.local/lib/python3.9/site-packages/airflow/example_dags/example_short_circuit_decorator.py
[2025-12-11T04:24:23.251+0000] {processor.py:840} INFO - DAG(s) 'example_short_circuit_decorator' retrieved from /home/airflow/.local/lib/python3.9/site-packages/airflow/example_dags/example_short_circuit_decorator.py
[2025-12-11T04:24:23.321+0000] {logging_mixin.py:188} INFO - [2025-12-11T04:24:23.320+0000] {dag.py:3096} INFO - Sync 1 DAGs
[2025-12-11T04:24:23.374+0000] {logging_mixin.py:188} INFO - [2025-12-11T04:24:23.373+0000] {dag.py:3954} INFO - Setting next_dagrun for example_short_circuit_decorator to 2025-12-10 00:00:00+00:00, run_after=2025-12-11 00:00:00+00:00
[2025-12-11T04:24:23.399+0000] {processor.py:183} INFO - Processing /home/airflow/.local/lib/python3.9/site-packages/airflow/example_dags/example_short_circuit_decorator.py took 0.189 seconds
[2025-12-11T04:24:54.363+0000] {processor.py:161} INFO - Started process (PID=881) to work on /home/airflow/.local/lib/python3.9/site-packages/airflow/example_dags/example_short_circuit_decorator.py
[2025-12-11T04:24:54.384+0000] {processor.py:830} INFO - Processing file /home/airflow/.local/lib/python3.9/site-packages/airflow/example_dags/example_short_circuit_decorator.py for tasks to queue
[2025-12-11T04:24:54.388+0000] {logging_mixin.py:188} INFO - [2025-12-11T04:24:54.387+0000] {dagbag.py:545} INFO - Filling up the DagBag from /home/airflow/.local/lib/python3.9/site-packages/airflow/example_dags/example_short_circuit_decorator.py
[2025-12-11T04:24:54.422+0000] {processor.py:840} INFO - DAG(s) 'example_short_circuit_decorator' retrieved from /home/airflow/.local/lib/python3.9/site-packages/airflow/example_dags/example_short_circuit_decorator.py
[2025-12-11T04:24:54.493+0000] {logging_mixin.py:188} INFO - [2025-12-11T04:24:54.492+0000] {dag.py:3096} INFO - Sync 1 DAGs
[2025-12-11T04:24:54.778+0000] {logging_mixin.py:188} INFO - [2025-12-11T04:24:54.778+0000] {dag.py:3954} INFO - Setting next_dagrun for example_short_circuit_decorator to 2025-12-10 00:00:00+00:00, run_after=2025-12-11 00:00:00+00:00
[2025-12-11T04:24:54.840+0000] {processor.py:183} INFO - Processing /home/airflow/.local/lib/python3.9/site-packages/airflow/example_dags/example_short_circuit_decorator.py took 0.509 seconds
[2025-12-11T04:25:25.748+0000] {processor.py:161} INFO - Started process (PID=946) to work on /home/airflow/.local/lib/python3.9/site-packages/airflow/example_dags/example_short_circuit_decorator.py
[2025-12-11T04:25:25.756+0000] {processor.py:830} INFO - Processing file /home/airflow/.local/lib/python3.9/site-packages/airflow/example_dags/example_short_circuit_decorator.py for tasks to queue
[2025-12-11T04:25:25.760+0000] {logging_mixin.py:188} INFO - [2025-12-11T04:25:25.759+0000] {dagbag.py:545} INFO - Filling up the DagBag from /home/airflow/.local/lib/python3.9/site-packages/airflow/example_dags/example_short_circuit_decorator.py
[2025-12-11T04:25:25.799+0000] {processor.py:840} INFO - DAG(s) 'example_short_circuit_decorator' retrieved from /home/airflow/.local/lib/python3.9/site-packages/airflow/example_dags/example_short_circuit_decorator.py
[2025-12-11T04:25:25.864+0000] {logging_mixin.py:188} INFO - [2025-12-11T04:25:25.864+0000] {dag.py:3096} INFO - Sync 1 DAGs
[2025-12-11T04:25:25.945+0000] {logging_mixin.py:188} INFO - [2025-12-11T04:25:25.945+0000] {dag.py:3954} INFO - Setting next_dagrun for example_short_circuit_decorator to 2025-12-10 00:00:00+00:00, run_after=2025-12-11 00:00:00+00:00
[2025-12-11T04:25:26.004+0000] {processor.py:183} INFO - Processing /home/airflow/.local/lib/python3.9/site-packages/airflow/example_dags/example_short_circuit_decorator.py took 0.267 seconds
[2025-12-11T04:25:56.520+0000] {processor.py:161} INFO - Started process (PID=1012) to work on /home/airflow/.local/lib/python3.9/site-packages/airflow/example_dags/example_short_circuit_decorator.py
[2025-12-11T04:25:56.546+0000] {processor.py:830} INFO - Processing file /home/airflow/.local/lib/python3.9/site-packages/airflow/example_dags/example_short_circuit_decorator.py for tasks to queue
[2025-12-11T04:25:56.548+0000] {logging_mixin.py:188} INFO - [2025-12-11T04:25:56.548+0000] {dagbag.py:545} INFO - Filling up the DagBag from /home/airflow/.local/lib/python3.9/site-packages/airflow/example_dags/example_short_circuit_decorator.py
[2025-12-11T04:25:56.561+0000] {processor.py:840} INFO - DAG(s) 'example_short_circuit_decorator' retrieved from /home/airflow/.local/lib/python3.9/site-packages/airflow/example_dags/example_short_circuit_decorator.py
[2025-12-11T04:25:56.597+0000] {logging_mixin.py:188} INFO - [2025-12-11T04:25:56.597+0000] {dag.py:3096} INFO - Sync 1 DAGs
[2025-12-11T04:25:56.632+0000] {logging_mixin.py:188} INFO - [2025-12-11T04:25:56.631+0000] {dag.py:3954} INFO - Setting next_dagrun for example_short_circuit_decorator to 2025-12-10 00:00:00+00:00, run_after=2025-12-11 00:00:00+00:00
[2025-12-11T04:25:56.886+0000] {processor.py:183} INFO - Processing /home/airflow/.local/lib/python3.9/site-packages/airflow/example_dags/example_short_circuit_decorator.py took 0.376 seconds
[2025-12-11T04:26:27.144+0000] {processor.py:161} INFO - Started process (PID=1078) to work on /home/airflow/.local/lib/python3.9/site-packages/airflow/example_dags/example_short_circuit_decorator.py
[2025-12-11T04:26:27.150+0000] {processor.py:830} INFO - Processing file /home/airflow/.local/lib/python3.9/site-packages/airflow/example_dags/example_short_circuit_decorator.py for tasks to queue
[2025-12-11T04:26:27.154+0000] {logging_mixin.py:188} INFO - [2025-12-11T04:26:27.153+0000] {dagbag.py:545} INFO - Filling up the DagBag from /home/airflow/.local/lib/python3.9/site-packages/airflow/example_dags/example_short_circuit_decorator.py
[2025-12-11T04:26:27.173+0000] {processor.py:840} INFO - DAG(s) 'example_short_circuit_decorator' retrieved from /home/airflow/.local/lib/python3.9/site-packages/airflow/example_dags/example_short_circuit_decorator.py
[2025-12-11T04:26:27.235+0000] {logging_mixin.py:188} INFO - [2025-12-11T04:26:27.234+0000] {dag.py:3096} INFO - Sync 1 DAGs
[2025-12-11T04:26:27.285+0000] {logging_mixin.py:188} INFO - [2025-12-11T04:26:27.285+0000] {dag.py:3954} INFO - Setting next_dagrun for example_short_circuit_decorator to 2025-12-10 00:00:00+00:00, run_after=2025-12-11 00:00:00+00:00
[2025-12-11T04:26:27.354+0000] {processor.py:183} INFO - Processing /home/airflow/.local/lib/python3.9/site-packages/airflow/example_dags/example_short_circuit_decorator.py took 0.229 seconds
[2025-12-11T04:26:57.943+0000] {processor.py:161} INFO - Started process (PID=1144) to work on /home/airflow/.local/lib/python3.9/site-packages/airflow/example_dags/example_short_circuit_decorator.py
[2025-12-11T04:26:58.080+0000] {processor.py:830} INFO - Processing file /home/airflow/.local/lib/python3.9/site-packages/airflow/example_dags/example_short_circuit_decorator.py for tasks to queue
[2025-12-11T04:26:58.084+0000] {logging_mixin.py:188} INFO - [2025-12-11T04:26:58.084+0000] {dagbag.py:545} INFO - Filling up the DagBag from /home/airflow/.local/lib/python3.9/site-packages/airflow/example_dags/example_short_circuit_decorator.py
[2025-12-11T04:26:58.102+0000] {processor.py:840} INFO - DAG(s) 'example_short_circuit_decorator' retrieved from /home/airflow/.local/lib/python3.9/site-packages/airflow/example_dags/example_short_circuit_decorator.py
[2025-12-11T04:26:58.142+0000] {logging_mixin.py:188} INFO - [2025-12-11T04:26:58.142+0000] {dag.py:3096} INFO - Sync 1 DAGs
[2025-12-11T04:26:58.182+0000] {logging_mixin.py:188} INFO - [2025-12-11T04:26:58.182+0000] {dag.py:3954} INFO - Setting next_dagrun for example_short_circuit_decorator to 2025-12-10 00:00:00+00:00, run_after=2025-12-11 00:00:00+00:00
[2025-12-11T04:26:58.302+0000] {processor.py:183} INFO - Processing /home/airflow/.local/lib/python3.9/site-packages/airflow/example_dags/example_short_circuit_decorator.py took 0.370 seconds
[2025-12-11T04:27:28.638+0000] {processor.py:161} INFO - Started process (PID=1210) to work on /home/airflow/.local/lib/python3.9/site-packages/airflow/example_dags/example_short_circuit_decorator.py
[2025-12-11T04:27:28.641+0000] {processor.py:830} INFO - Processing file /home/airflow/.local/lib/python3.9/site-packages/airflow/example_dags/example_short_circuit_decorator.py for tasks to queue
[2025-12-11T04:27:28.648+0000] {logging_mixin.py:188} INFO - [2025-12-11T04:27:28.644+0000] {dagbag.py:545} INFO - Filling up the DagBag from /home/airflow/.local/lib/python3.9/site-packages/airflow/example_dags/example_short_circuit_decorator.py
[2025-12-11T04:27:28.664+0000] {processor.py:840} INFO - DAG(s) 'example_short_circuit_decorator' retrieved from /home/airflow/.local/lib/python3.9/site-packages/airflow/example_dags/example_short_circuit_decorator.py
[2025-12-11T04:27:28.726+0000] {logging_mixin.py:188} INFO - [2025-12-11T04:27:28.725+0000] {dag.py:3096} INFO - Sync 1 DAGs
[2025-12-11T04:27:28.773+0000] {logging_mixin.py:188} INFO - [2025-12-11T04:27:28.772+0000] {dag.py:3954} INFO - Setting next_dagrun for example_short_circuit_decorator to 2025-12-10 00:00:00+00:00, run_after=2025-12-11 00:00:00+00:00
[2025-12-11T04:27:28.808+0000] {processor.py:183} INFO - Processing /home/airflow/.local/lib/python3.9/site-packages/airflow/example_dags/example_short_circuit_decorator.py took 0.187 seconds
[2025-12-11T04:27:59.098+0000] {processor.py:161} INFO - Started process (PID=1276) to work on /home/airflow/.local/lib/python3.9/site-packages/airflow/example_dags/example_short_circuit_decorator.py
[2025-12-11T04:27:59.100+0000] {processor.py:830} INFO - Processing file /home/airflow/.local/lib/python3.9/site-packages/airflow/example_dags/example_short_circuit_decorator.py for tasks to queue
[2025-12-11T04:27:59.103+0000] {logging_mixin.py:188} INFO - [2025-12-11T04:27:59.102+0000] {dagbag.py:545} INFO - Filling up the DagBag from /home/airflow/.local/lib/python3.9/site-packages/airflow/example_dags/example_short_circuit_decorator.py
[2025-12-11T04:27:59.118+0000] {processor.py:840} INFO - DAG(s) 'example_short_circuit_decorator' retrieved from /home/airflow/.local/lib/python3.9/site-packages/airflow/example_dags/example_short_circuit_decorator.py
[2025-12-11T04:27:59.186+0000] {logging_mixin.py:188} INFO - [2025-12-11T04:27:59.185+0000] {dag.py:3096} INFO - Sync 1 DAGs
[2025-12-11T04:27:59.226+0000] {logging_mixin.py:188} INFO - [2025-12-11T04:27:59.225+0000] {dag.py:3954} INFO - Setting next_dagrun for example_short_circuit_decorator to 2025-12-10 00:00:00+00:00, run_after=2025-12-11 00:00:00+00:00
[2025-12-11T04:27:59.253+0000] {processor.py:183} INFO - Processing /home/airflow/.local/lib/python3.9/site-packages/airflow/example_dags/example_short_circuit_decorator.py took 0.167 seconds
[2025-12-11T04:28:29.952+0000] {processor.py:161} INFO - Started process (PID=1342) to work on /home/airflow/.local/lib/python3.9/site-packages/airflow/example_dags/example_short_circuit_decorator.py
[2025-12-11T04:28:29.953+0000] {processor.py:830} INFO - Processing file /home/airflow/.local/lib/python3.9/site-packages/airflow/example_dags/example_short_circuit_decorator.py for tasks to queue
[2025-12-11T04:28:29.956+0000] {logging_mixin.py:188} INFO - [2025-12-11T04:28:29.956+0000] {dagbag.py:545} INFO - Filling up the DagBag from /home/airflow/.local/lib/python3.9/site-packages/airflow/example_dags/example_short_circuit_decorator.py
[2025-12-11T04:28:29.970+0000] {processor.py:840} INFO - DAG(s) 'example_short_circuit_decorator' retrieved from /home/airflow/.local/lib/python3.9/site-packages/airflow/example_dags/example_short_circuit_decorator.py
[2025-12-11T04:28:30.023+0000] {logging_mixin.py:188} INFO - [2025-12-11T04:28:30.023+0000] {dag.py:3096} INFO - Sync 1 DAGs
[2025-12-11T04:28:30.070+0000] {logging_mixin.py:188} INFO - [2025-12-11T04:28:30.070+0000] {dag.py:3954} INFO - Setting next_dagrun for example_short_circuit_decorator to 2025-12-10 00:00:00+00:00, run_after=2025-12-11 00:00:00+00:00
[2025-12-11T04:28:30.119+0000] {processor.py:183} INFO - Processing /home/airflow/.local/lib/python3.9/site-packages/airflow/example_dags/example_short_circuit_decorator.py took 0.177 seconds
[2025-12-11T04:29:00.666+0000] {processor.py:161} INFO - Started process (PID=1408) to work on /home/airflow/.local/lib/python3.9/site-packages/airflow/example_dags/example_short_circuit_decorator.py
[2025-12-11T04:29:00.740+0000] {processor.py:830} INFO - Processing file /home/airflow/.local/lib/python3.9/site-packages/airflow/example_dags/example_short_circuit_decorator.py for tasks to queue
[2025-12-11T04:29:00.743+0000] {logging_mixin.py:188} INFO - [2025-12-11T04:29:00.742+0000] {dagbag.py:545} INFO - Filling up the DagBag from /home/airflow/.local/lib/python3.9/site-packages/airflow/example_dags/example_short_circuit_decorator.py
[2025-12-11T04:29:00.758+0000] {processor.py:840} INFO - DAG(s) 'example_short_circuit_decorator' retrieved from /home/airflow/.local/lib/python3.9/site-packages/airflow/example_dags/example_short_circuit_decorator.py
[2025-12-11T04:29:00.804+0000] {logging_mixin.py:188} INFO - [2025-12-11T04:29:00.804+0000] {dag.py:3096} INFO - Sync 1 DAGs
[2025-12-11T04:29:00.848+0000] {logging_mixin.py:188} INFO - [2025-12-11T04:29:00.848+0000] {dag.py:3954} INFO - Setting next_dagrun for example_short_circuit_decorator to 2025-12-10 00:00:00+00:00, run_after=2025-12-11 00:00:00+00:00
[2025-12-11T04:29:00.943+0000] {processor.py:183} INFO - Processing /home/airflow/.local/lib/python3.9/site-packages/airflow/example_dags/example_short_circuit_decorator.py took 0.287 seconds
[2025-12-11T04:29:31.688+0000] {processor.py:161} INFO - Started process (PID=1474) to work on /home/airflow/.local/lib/python3.9/site-packages/airflow/example_dags/example_short_circuit_decorator.py
[2025-12-11T04:29:31.691+0000] {processor.py:830} INFO - Processing file /home/airflow/.local/lib/python3.9/site-packages/airflow/example_dags/example_short_circuit_decorator.py for tasks to queue
[2025-12-11T04:29:31.700+0000] {logging_mixin.py:188} INFO - [2025-12-11T04:29:31.699+0000] {dagbag.py:545} INFO - Filling up the DagBag from /home/airflow/.local/lib/python3.9/site-packages/airflow/example_dags/example_short_circuit_decorator.py
[2025-12-11T04:29:31.726+0000] {processor.py:840} INFO - DAG(s) 'example_short_circuit_decorator' retrieved from /home/airflow/.local/lib/python3.9/site-packages/airflow/example_dags/example_short_circuit_decorator.py
[2025-12-11T04:29:31.807+0000] {logging_mixin.py:188} INFO - [2025-12-11T04:29:31.806+0000] {dag.py:3096} INFO - Sync 1 DAGs
[2025-12-11T04:29:31.889+0000] {logging_mixin.py:188} INFO - [2025-12-11T04:29:31.888+0000] {dag.py:3954} INFO - Setting next_dagrun for example_short_circuit_decorator to 2025-12-10 00:00:00+00:00, run_after=2025-12-11 00:00:00+00:00
[2025-12-11T04:29:31.932+0000] {processor.py:183} INFO - Processing /home/airflow/.local/lib/python3.9/site-packages/airflow/example_dags/example_short_circuit_decorator.py took 0.272 seconds
[2025-12-11T04:30:02.918+0000] {processor.py:161} INFO - Started process (PID=1540) to work on /home/airflow/.local/lib/python3.9/site-packages/airflow/example_dags/example_short_circuit_decorator.py
[2025-12-11T04:30:02.927+0000] {processor.py:830} INFO - Processing file /home/airflow/.local/lib/python3.9/site-packages/airflow/example_dags/example_short_circuit_decorator.py for tasks to queue
[2025-12-11T04:30:02.930+0000] {logging_mixin.py:188} INFO - [2025-12-11T04:30:02.929+0000] {dagbag.py:545} INFO - Filling up the DagBag from /home/airflow/.local/lib/python3.9/site-packages/airflow/example_dags/example_short_circuit_decorator.py
[2025-12-11T04:30:02.949+0000] {processor.py:840} INFO - DAG(s) 'example_short_circuit_decorator' retrieved from /home/airflow/.local/lib/python3.9/site-packages/airflow/example_dags/example_short_circuit_decorator.py
[2025-12-11T04:30:02.991+0000] {logging_mixin.py:188} INFO - [2025-12-11T04:30:02.991+0000] {dag.py:3096} INFO - Sync 1 DAGs
[2025-12-11T04:30:03.031+0000] {logging_mixin.py:188} INFO - [2025-12-11T04:30:03.030+0000] {dag.py:3954} INFO - Setting next_dagrun for example_short_circuit_decorator to 2025-12-10 00:00:00+00:00, run_after=2025-12-11 00:00:00+00:00
[2025-12-11T04:30:03.067+0000] {processor.py:183} INFO - Processing /home/airflow/.local/lib/python3.9/site-packages/airflow/example_dags/example_short_circuit_decorator.py took 0.165 seconds
[2025-12-11T04:30:33.462+0000] {processor.py:161} INFO - Started process (PID=1606) to work on /home/airflow/.local/lib/python3.9/site-packages/airflow/example_dags/example_short_circuit_decorator.py
[2025-12-11T04:30:33.470+0000] {processor.py:830} INFO - Processing file /home/airflow/.local/lib/python3.9/site-packages/airflow/example_dags/example_short_circuit_decorator.py for tasks to queue
[2025-12-11T04:30:33.473+0000] {logging_mixin.py:188} INFO - [2025-12-11T04:30:33.472+0000] {dagbag.py:545} INFO - Filling up the DagBag from /home/airflow/.local/lib/python3.9/site-packages/airflow/example_dags/example_short_circuit_decorator.py
[2025-12-11T04:30:33.487+0000] {processor.py:840} INFO - DAG(s) 'example_short_circuit_decorator' retrieved from /home/airflow/.local/lib/python3.9/site-packages/airflow/example_dags/example_short_circuit_decorator.py
[2025-12-11T04:30:33.540+0000] {logging_mixin.py:188} INFO - [2025-12-11T04:30:33.539+0000] {dag.py:3096} INFO - Sync 1 DAGs
[2025-12-11T04:30:33.622+0000] {logging_mixin.py:188} INFO - [2025-12-11T04:30:33.621+0000] {dag.py:3954} INFO - Setting next_dagrun for example_short_circuit_decorator to 2025-12-10 00:00:00+00:00, run_after=2025-12-11 00:00:00+00:00
[2025-12-11T04:30:33.662+0000] {processor.py:183} INFO - Processing /home/airflow/.local/lib/python3.9/site-packages/airflow/example_dags/example_short_circuit_decorator.py took 0.217 seconds
[2025-12-11T04:31:04.301+0000] {processor.py:161} INFO - Started process (PID=1671) to work on /home/airflow/.local/lib/python3.9/site-packages/airflow/example_dags/example_short_circuit_decorator.py
[2025-12-11T04:31:04.303+0000] {processor.py:830} INFO - Processing file /home/airflow/.local/lib/python3.9/site-packages/airflow/example_dags/example_short_circuit_decorator.py for tasks to queue
[2025-12-11T04:31:04.306+0000] {logging_mixin.py:188} INFO - [2025-12-11T04:31:04.306+0000] {dagbag.py:545} INFO - Filling up the DagBag from /home/airflow/.local/lib/python3.9/site-packages/airflow/example_dags/example_short_circuit_decorator.py
[2025-12-11T04:31:04.329+0000] {processor.py:840} INFO - DAG(s) 'example_short_circuit_decorator' retrieved from /home/airflow/.local/lib/python3.9/site-packages/airflow/example_dags/example_short_circuit_decorator.py
[2025-12-11T04:31:04.403+0000] {logging_mixin.py:188} INFO - [2025-12-11T04:31:04.403+0000] {dag.py:3096} INFO - Sync 1 DAGs
[2025-12-11T04:31:04.485+0000] {logging_mixin.py:188} INFO - [2025-12-11T04:31:04.484+0000] {dag.py:3954} INFO - Setting next_dagrun for example_short_circuit_decorator to 2025-12-10 00:00:00+00:00, run_after=2025-12-11 00:00:00+00:00
[2025-12-11T04:31:04.550+0000] {processor.py:183} INFO - Processing /home/airflow/.local/lib/python3.9/site-packages/airflow/example_dags/example_short_circuit_decorator.py took 0.267 seconds
[2025-12-11T04:31:35.106+0000] {processor.py:161} INFO - Started process (PID=1737) to work on /home/airflow/.local/lib/python3.9/site-packages/airflow/example_dags/example_short_circuit_decorator.py
[2025-12-11T04:31:35.107+0000] {processor.py:830} INFO - Processing file /home/airflow/.local/lib/python3.9/site-packages/airflow/example_dags/example_short_circuit_decorator.py for tasks to queue
[2025-12-11T04:31:35.118+0000] {logging_mixin.py:188} INFO - [2025-12-11T04:31:35.118+0000] {dagbag.py:545} INFO - Filling up the DagBag from /home/airflow/.local/lib/python3.9/site-packages/airflow/example_dags/example_short_circuit_decorator.py
[2025-12-11T04:31:35.139+0000] {processor.py:840} INFO - DAG(s) 'example_short_circuit_decorator' retrieved from /home/airflow/.local/lib/python3.9/site-packages/airflow/example_dags/example_short_circuit_decorator.py
[2025-12-11T04:31:35.203+0000] {logging_mixin.py:188} INFO - [2025-12-11T04:31:35.203+0000] {dag.py:3096} INFO - Sync 1 DAGs
[2025-12-11T04:31:35.287+0000] {logging_mixin.py:188} INFO - [2025-12-11T04:31:35.286+0000] {dag.py:3954} INFO - Setting next_dagrun for example_short_circuit_decorator to 2025-12-10 00:00:00+00:00, run_after=2025-12-11 00:00:00+00:00
[2025-12-11T04:31:35.361+0000] {processor.py:183} INFO - Processing /home/airflow/.local/lib/python3.9/site-packages/airflow/example_dags/example_short_circuit_decorator.py took 0.264 seconds
[2025-12-11T04:32:05.983+0000] {processor.py:161} INFO - Started process (PID=1803) to work on /home/airflow/.local/lib/python3.9/site-packages/airflow/example_dags/example_short_circuit_decorator.py
[2025-12-11T04:32:05.989+0000] {processor.py:830} INFO - Processing file /home/airflow/.local/lib/python3.9/site-packages/airflow/example_dags/example_short_circuit_decorator.py for tasks to queue
[2025-12-11T04:32:05.992+0000] {logging_mixin.py:188} INFO - [2025-12-11T04:32:05.991+0000] {dagbag.py:545} INFO - Filling up the DagBag from /home/airflow/.local/lib/python3.9/site-packages/airflow/example_dags/example_short_circuit_decorator.py
[2025-12-11T04:32:06.010+0000] {processor.py:840} INFO - DAG(s) 'example_short_circuit_decorator' retrieved from /home/airflow/.local/lib/python3.9/site-packages/airflow/example_dags/example_short_circuit_decorator.py
[2025-12-11T04:32:06.097+0000] {logging_mixin.py:188} INFO - [2025-12-11T04:32:06.088+0000] {dag.py:3096} INFO - Sync 1 DAGs
[2025-12-11T04:32:06.165+0000] {logging_mixin.py:188} INFO - [2025-12-11T04:32:06.164+0000] {dag.py:3954} INFO - Setting next_dagrun for example_short_circuit_decorator to 2025-12-10 00:00:00+00:00, run_after=2025-12-11 00:00:00+00:00
[2025-12-11T04:32:06.223+0000] {processor.py:183} INFO - Processing /home/airflow/.local/lib/python3.9/site-packages/airflow/example_dags/example_short_circuit_decorator.py took 0.263 seconds
[2025-12-11T04:32:36.276+0000] {processor.py:161} INFO - Started process (PID=1868) to work on /home/airflow/.local/lib/python3.9/site-packages/airflow/example_dags/example_short_circuit_decorator.py
[2025-12-11T04:32:36.278+0000] {processor.py:830} INFO - Processing file /home/airflow/.local/lib/python3.9/site-packages/airflow/example_dags/example_short_circuit_decorator.py for tasks to queue
[2025-12-11T04:32:36.280+0000] {logging_mixin.py:188} INFO - [2025-12-11T04:32:36.280+0000] {dagbag.py:545} INFO - Filling up the DagBag from /home/airflow/.local/lib/python3.9/site-packages/airflow/example_dags/example_short_circuit_decorator.py
[2025-12-11T04:32:36.293+0000] {processor.py:840} INFO - DAG(s) 'example_short_circuit_decorator' retrieved from /home/airflow/.local/lib/python3.9/site-packages/airflow/example_dags/example_short_circuit_decorator.py
[2025-12-11T04:32:36.338+0000] {logging_mixin.py:188} INFO - [2025-12-11T04:32:36.337+0000] {dag.py:3096} INFO - Sync 1 DAGs
[2025-12-11T04:32:36.375+0000] {logging_mixin.py:188} INFO - [2025-12-11T04:32:36.375+0000] {dag.py:3954} INFO - Setting next_dagrun for example_short_circuit_decorator to 2025-12-10 00:00:00+00:00, run_after=2025-12-11 00:00:00+00:00
[2025-12-11T04:32:36.402+0000] {processor.py:183} INFO - Processing /home/airflow/.local/lib/python3.9/site-packages/airflow/example_dags/example_short_circuit_decorator.py took 0.136 seconds
[2025-12-11T04:33:06.923+0000] {processor.py:161} INFO - Started process (PID=1942) to work on /home/airflow/.local/lib/python3.9/site-packages/airflow/example_dags/example_short_circuit_decorator.py
[2025-12-11T04:33:06.925+0000] {processor.py:830} INFO - Processing file /home/airflow/.local/lib/python3.9/site-packages/airflow/example_dags/example_short_circuit_decorator.py for tasks to queue
[2025-12-11T04:33:06.928+0000] {logging_mixin.py:188} INFO - [2025-12-11T04:33:06.928+0000] {dagbag.py:545} INFO - Filling up the DagBag from /home/airflow/.local/lib/python3.9/site-packages/airflow/example_dags/example_short_circuit_decorator.py
[2025-12-11T04:33:06.958+0000] {processor.py:840} INFO - DAG(s) 'example_short_circuit_decorator' retrieved from /home/airflow/.local/lib/python3.9/site-packages/airflow/example_dags/example_short_circuit_decorator.py
[2025-12-11T04:33:07.047+0000] {logging_mixin.py:188} INFO - [2025-12-11T04:33:07.047+0000] {dag.py:3096} INFO - Sync 1 DAGs
[2025-12-11T04:33:07.118+0000] {logging_mixin.py:188} INFO - [2025-12-11T04:33:07.118+0000] {dag.py:3954} INFO - Setting next_dagrun for example_short_circuit_decorator to 2025-12-10 00:00:00+00:00, run_after=2025-12-11 00:00:00+00:00
[2025-12-11T04:33:07.166+0000] {processor.py:183} INFO - Processing /home/airflow/.local/lib/python3.9/site-packages/airflow/example_dags/example_short_circuit_decorator.py took 0.264 seconds
[2025-12-11T04:33:37.687+0000] {processor.py:161} INFO - Started process (PID=2009) to work on /home/airflow/.local/lib/python3.9/site-packages/airflow/example_dags/example_short_circuit_decorator.py
[2025-12-11T04:33:37.733+0000] {processor.py:830} INFO - Processing file /home/airflow/.local/lib/python3.9/site-packages/airflow/example_dags/example_short_circuit_decorator.py for tasks to queue
[2025-12-11T04:33:37.736+0000] {logging_mixin.py:188} INFO - [2025-12-11T04:33:37.736+0000] {dagbag.py:545} INFO - Filling up the DagBag from /home/airflow/.local/lib/python3.9/site-packages/airflow/example_dags/example_short_circuit_decorator.py
[2025-12-11T04:33:37.761+0000] {processor.py:840} INFO - DAG(s) 'example_short_circuit_decorator' retrieved from /home/airflow/.local/lib/python3.9/site-packages/airflow/example_dags/example_short_circuit_decorator.py
[2025-12-11T04:33:37.837+0000] {logging_mixin.py:188} INFO - [2025-12-11T04:33:37.830+0000] {dag.py:3096} INFO - Sync 1 DAGs
[2025-12-11T04:33:37.909+0000] {logging_mixin.py:188} INFO - [2025-12-11T04:33:37.908+0000] {dag.py:3954} INFO - Setting next_dagrun for example_short_circuit_decorator to 2025-12-10 00:00:00+00:00, run_after=2025-12-11 00:00:00+00:00
[2025-12-11T04:33:38.222+0000] {processor.py:183} INFO - Processing /home/airflow/.local/lib/python3.9/site-packages/airflow/example_dags/example_short_circuit_decorator.py took 0.559 seconds
[2025-12-11T04:34:08.325+0000] {processor.py:161} INFO - Started process (PID=2077) to work on /home/airflow/.local/lib/python3.9/site-packages/airflow/example_dags/example_short_circuit_decorator.py
[2025-12-11T04:34:08.335+0000] {processor.py:830} INFO - Processing file /home/airflow/.local/lib/python3.9/site-packages/airflow/example_dags/example_short_circuit_decorator.py for tasks to queue
[2025-12-11T04:34:08.339+0000] {logging_mixin.py:188} INFO - [2025-12-11T04:34:08.338+0000] {dagbag.py:545} INFO - Filling up the DagBag from /home/airflow/.local/lib/python3.9/site-packages/airflow/example_dags/example_short_circuit_decorator.py
[2025-12-11T04:34:08.365+0000] {processor.py:840} INFO - DAG(s) 'example_short_circuit_decorator' retrieved from /home/airflow/.local/lib/python3.9/site-packages/airflow/example_dags/example_short_circuit_decorator.py
[2025-12-11T04:34:08.494+0000] {logging_mixin.py:188} INFO - [2025-12-11T04:34:08.468+0000] {dag.py:3096} INFO - Sync 1 DAGs
[2025-12-11T04:34:08.598+0000] {logging_mixin.py:188} INFO - [2025-12-11T04:34:08.597+0000] {dag.py:3954} INFO - Setting next_dagrun for example_short_circuit_decorator to 2025-12-10 00:00:00+00:00, run_after=2025-12-11 00:00:00+00:00
[2025-12-11T04:34:08.640+0000] {processor.py:183} INFO - Processing /home/airflow/.local/lib/python3.9/site-packages/airflow/example_dags/example_short_circuit_decorator.py took 0.337 seconds
[2025-12-11T04:34:39.287+0000] {processor.py:161} INFO - Started process (PID=2144) to work on /home/airflow/.local/lib/python3.9/site-packages/airflow/example_dags/example_short_circuit_decorator.py
[2025-12-11T04:34:39.333+0000] {processor.py:830} INFO - Processing file /home/airflow/.local/lib/python3.9/site-packages/airflow/example_dags/example_short_circuit_decorator.py for tasks to queue
[2025-12-11T04:34:39.339+0000] {logging_mixin.py:188} INFO - [2025-12-11T04:34:39.338+0000] {dagbag.py:545} INFO - Filling up the DagBag from /home/airflow/.local/lib/python3.9/site-packages/airflow/example_dags/example_short_circuit_decorator.py
[2025-12-11T04:34:39.358+0000] {processor.py:840} INFO - DAG(s) 'example_short_circuit_decorator' retrieved from /home/airflow/.local/lib/python3.9/site-packages/airflow/example_dags/example_short_circuit_decorator.py
[2025-12-11T04:34:39.428+0000] {logging_mixin.py:188} INFO - [2025-12-11T04:34:39.428+0000] {dag.py:3096} INFO - Sync 1 DAGs
[2025-12-11T04:34:39.502+0000] {logging_mixin.py:188} INFO - [2025-12-11T04:34:39.502+0000] {dag.py:3954} INFO - Setting next_dagrun for example_short_circuit_decorator to 2025-12-10 00:00:00+00:00, run_after=2025-12-11 00:00:00+00:00
[2025-12-11T04:34:39.565+0000] {processor.py:183} INFO - Processing /home/airflow/.local/lib/python3.9/site-packages/airflow/example_dags/example_short_circuit_decorator.py took 0.288 seconds
[2025-12-11T04:35:09.802+0000] {processor.py:161} INFO - Started process (PID=2211) to work on /home/airflow/.local/lib/python3.9/site-packages/airflow/example_dags/example_short_circuit_decorator.py
[2025-12-11T04:35:09.804+0000] {processor.py:830} INFO - Processing file /home/airflow/.local/lib/python3.9/site-packages/airflow/example_dags/example_short_circuit_decorator.py for tasks to queue
[2025-12-11T04:35:09.807+0000] {logging_mixin.py:188} INFO - [2025-12-11T04:35:09.806+0000] {dagbag.py:545} INFO - Filling up the DagBag from /home/airflow/.local/lib/python3.9/site-packages/airflow/example_dags/example_short_circuit_decorator.py
[2025-12-11T04:35:09.827+0000] {processor.py:840} INFO - DAG(s) 'example_short_circuit_decorator' retrieved from /home/airflow/.local/lib/python3.9/site-packages/airflow/example_dags/example_short_circuit_decorator.py
[2025-12-11T04:35:09.897+0000] {logging_mixin.py:188} INFO - [2025-12-11T04:35:09.897+0000] {dag.py:3096} INFO - Sync 1 DAGs
[2025-12-11T04:35:09.947+0000] {logging_mixin.py:188} INFO - [2025-12-11T04:35:09.947+0000] {dag.py:3954} INFO - Setting next_dagrun for example_short_circuit_decorator to 2025-12-10 00:00:00+00:00, run_after=2025-12-11 00:00:00+00:00
[2025-12-11T04:35:09.984+0000] {processor.py:183} INFO - Processing /home/airflow/.local/lib/python3.9/site-packages/airflow/example_dags/example_short_circuit_decorator.py took 0.201 seconds
[2025-12-11T04:35:40.039+0000] {processor.py:161} INFO - Started process (PID=2278) to work on /home/airflow/.local/lib/python3.9/site-packages/airflow/example_dags/example_short_circuit_decorator.py
[2025-12-11T04:35:40.041+0000] {processor.py:830} INFO - Processing file /home/airflow/.local/lib/python3.9/site-packages/airflow/example_dags/example_short_circuit_decorator.py for tasks to queue
[2025-12-11T04:35:40.044+0000] {logging_mixin.py:188} INFO - [2025-12-11T04:35:40.044+0000] {dagbag.py:545} INFO - Filling up the DagBag from /home/airflow/.local/lib/python3.9/site-packages/airflow/example_dags/example_short_circuit_decorator.py
[2025-12-11T04:35:40.059+0000] {processor.py:840} INFO - DAG(s) 'example_short_circuit_decorator' retrieved from /home/airflow/.local/lib/python3.9/site-packages/airflow/example_dags/example_short_circuit_decorator.py
[2025-12-11T04:35:40.112+0000] {logging_mixin.py:188} INFO - [2025-12-11T04:35:40.111+0000] {dag.py:3096} INFO - Sync 1 DAGs
[2025-12-11T04:35:40.162+0000] {logging_mixin.py:188} INFO - [2025-12-11T04:35:40.162+0000] {dag.py:3954} INFO - Setting next_dagrun for example_short_circuit_decorator to 2025-12-10 00:00:00+00:00, run_after=2025-12-11 00:00:00+00:00
[2025-12-11T04:35:40.198+0000] {processor.py:183} INFO - Processing /home/airflow/.local/lib/python3.9/site-packages/airflow/example_dags/example_short_circuit_decorator.py took 0.172 seconds
[2025-12-11T04:36:10.309+0000] {processor.py:161} INFO - Started process (PID=2345) to work on /home/airflow/.local/lib/python3.9/site-packages/airflow/example_dags/example_short_circuit_decorator.py
[2025-12-11T04:36:10.311+0000] {processor.py:830} INFO - Processing file /home/airflow/.local/lib/python3.9/site-packages/airflow/example_dags/example_short_circuit_decorator.py for tasks to queue
[2025-12-11T04:36:10.315+0000] {logging_mixin.py:188} INFO - [2025-12-11T04:36:10.314+0000] {dagbag.py:545} INFO - Filling up the DagBag from /home/airflow/.local/lib/python3.9/site-packages/airflow/example_dags/example_short_circuit_decorator.py
[2025-12-11T04:36:10.332+0000] {processor.py:840} INFO - DAG(s) 'example_short_circuit_decorator' retrieved from /home/airflow/.local/lib/python3.9/site-packages/airflow/example_dags/example_short_circuit_decorator.py
[2025-12-11T04:36:10.386+0000] {logging_mixin.py:188} INFO - [2025-12-11T04:36:10.385+0000] {dag.py:3096} INFO - Sync 1 DAGs
[2025-12-11T04:36:10.431+0000] {logging_mixin.py:188} INFO - [2025-12-11T04:36:10.430+0000] {dag.py:3954} INFO - Setting next_dagrun for example_short_circuit_decorator to 2025-12-10 00:00:00+00:00, run_after=2025-12-11 00:00:00+00:00
[2025-12-11T04:36:10.461+0000] {processor.py:183} INFO - Processing /home/airflow/.local/lib/python3.9/site-packages/airflow/example_dags/example_short_circuit_decorator.py took 0.165 seconds
[2025-12-11T04:36:41.264+0000] {processor.py:161} INFO - Started process (PID=2413) to work on /home/airflow/.local/lib/python3.9/site-packages/airflow/example_dags/example_short_circuit_decorator.py
[2025-12-11T04:36:41.418+0000] {processor.py:830} INFO - Processing file /home/airflow/.local/lib/python3.9/site-packages/airflow/example_dags/example_short_circuit_decorator.py for tasks to queue
[2025-12-11T04:36:41.421+0000] {logging_mixin.py:188} INFO - [2025-12-11T04:36:41.421+0000] {dagbag.py:545} INFO - Filling up the DagBag from /home/airflow/.local/lib/python3.9/site-packages/airflow/example_dags/example_short_circuit_decorator.py
[2025-12-11T04:36:41.437+0000] {processor.py:840} INFO - DAG(s) 'example_short_circuit_decorator' retrieved from /home/airflow/.local/lib/python3.9/site-packages/airflow/example_dags/example_short_circuit_decorator.py
[2025-12-11T04:36:41.718+0000] {logging_mixin.py:188} INFO - [2025-12-11T04:36:41.718+0000] {dag.py:3096} INFO - Sync 1 DAGs
[2025-12-11T04:36:41.769+0000] {logging_mixin.py:188} INFO - [2025-12-11T04:36:41.768+0000] {dag.py:3954} INFO - Setting next_dagrun for example_short_circuit_decorator to 2025-12-10 00:00:00+00:00, run_after=2025-12-11 00:00:00+00:00
[2025-12-11T04:36:42.084+0000] {processor.py:183} INFO - Processing /home/airflow/.local/lib/python3.9/site-packages/airflow/example_dags/example_short_circuit_decorator.py took 0.835 seconds
[2025-12-11T04:37:12.354+0000] {processor.py:161} INFO - Started process (PID=2480) to work on /home/airflow/.local/lib/python3.9/site-packages/airflow/example_dags/example_short_circuit_decorator.py
[2025-12-11T04:37:12.361+0000] {processor.py:830} INFO - Processing file /home/airflow/.local/lib/python3.9/site-packages/airflow/example_dags/example_short_circuit_decorator.py for tasks to queue
[2025-12-11T04:37:12.364+0000] {logging_mixin.py:188} INFO - [2025-12-11T04:37:12.363+0000] {dagbag.py:545} INFO - Filling up the DagBag from /home/airflow/.local/lib/python3.9/site-packages/airflow/example_dags/example_short_circuit_decorator.py
[2025-12-11T04:37:12.378+0000] {processor.py:840} INFO - DAG(s) 'example_short_circuit_decorator' retrieved from /home/airflow/.local/lib/python3.9/site-packages/airflow/example_dags/example_short_circuit_decorator.py
[2025-12-11T04:37:12.423+0000] {logging_mixin.py:188} INFO - [2025-12-11T04:37:12.422+0000] {dag.py:3096} INFO - Sync 1 DAGs
[2025-12-11T04:37:12.474+0000] {logging_mixin.py:188} INFO - [2025-12-11T04:37:12.473+0000] {dag.py:3954} INFO - Setting next_dagrun for example_short_circuit_decorator to 2025-12-10 00:00:00+00:00, run_after=2025-12-11 00:00:00+00:00
[2025-12-11T04:37:12.505+0000] {processor.py:183} INFO - Processing /home/airflow/.local/lib/python3.9/site-packages/airflow/example_dags/example_short_circuit_decorator.py took 0.162 seconds
[2025-12-11T04:37:43.250+0000] {processor.py:161} INFO - Started process (PID=2547) to work on /home/airflow/.local/lib/python3.9/site-packages/airflow/example_dags/example_short_circuit_decorator.py
[2025-12-11T04:37:43.253+0000] {processor.py:830} INFO - Processing file /home/airflow/.local/lib/python3.9/site-packages/airflow/example_dags/example_short_circuit_decorator.py for tasks to queue
[2025-12-11T04:37:43.256+0000] {logging_mixin.py:188} INFO - [2025-12-11T04:37:43.256+0000] {dagbag.py:545} INFO - Filling up the DagBag from /home/airflow/.local/lib/python3.9/site-packages/airflow/example_dags/example_short_circuit_decorator.py
[2025-12-11T04:37:43.272+0000] {processor.py:840} INFO - DAG(s) 'example_short_circuit_decorator' retrieved from /home/airflow/.local/lib/python3.9/site-packages/airflow/example_dags/example_short_circuit_decorator.py
[2025-12-11T04:37:43.337+0000] {logging_mixin.py:188} INFO - [2025-12-11T04:37:43.334+0000] {dag.py:3096} INFO - Sync 1 DAGs
[2025-12-11T04:37:43.385+0000] {logging_mixin.py:188} INFO - [2025-12-11T04:37:43.385+0000] {dag.py:3954} INFO - Setting next_dagrun for example_short_circuit_decorator to 2025-12-10 00:00:00+00:00, run_after=2025-12-11 00:00:00+00:00
[2025-12-11T04:37:43.521+0000] {processor.py:183} INFO - Processing /home/airflow/.local/lib/python3.9/site-packages/airflow/example_dags/example_short_circuit_decorator.py took 0.284 seconds
[2025-12-11T04:38:13.647+0000] {processor.py:161} INFO - Started process (PID=2614) to work on /home/airflow/.local/lib/python3.9/site-packages/airflow/example_dags/example_short_circuit_decorator.py
[2025-12-11T04:38:13.657+0000] {processor.py:830} INFO - Processing file /home/airflow/.local/lib/python3.9/site-packages/airflow/example_dags/example_short_circuit_decorator.py for tasks to queue
[2025-12-11T04:38:13.662+0000] {logging_mixin.py:188} INFO - [2025-12-11T04:38:13.661+0000] {dagbag.py:545} INFO - Filling up the DagBag from /home/airflow/.local/lib/python3.9/site-packages/airflow/example_dags/example_short_circuit_decorator.py
[2025-12-11T04:38:13.700+0000] {processor.py:840} INFO - DAG(s) 'example_short_circuit_decorator' retrieved from /home/airflow/.local/lib/python3.9/site-packages/airflow/example_dags/example_short_circuit_decorator.py
[2025-12-11T04:38:13.879+0000] {logging_mixin.py:188} INFO - [2025-12-11T04:38:13.878+0000] {dag.py:3096} INFO - Sync 1 DAGs
[2025-12-11T04:38:13.986+0000] {logging_mixin.py:188} INFO - [2025-12-11T04:38:13.985+0000] {dag.py:3954} INFO - Setting next_dagrun for example_short_circuit_decorator to 2025-12-10 00:00:00+00:00, run_after=2025-12-11 00:00:00+00:00
[2025-12-11T04:38:14.100+0000] {processor.py:183} INFO - Processing /home/airflow/.local/lib/python3.9/site-packages/airflow/example_dags/example_short_circuit_decorator.py took 0.464 seconds
[2025-12-11T04:38:44.325+0000] {processor.py:161} INFO - Started process (PID=2681) to work on /home/airflow/.local/lib/python3.9/site-packages/airflow/example_dags/example_short_circuit_decorator.py
[2025-12-11T04:38:44.327+0000] {processor.py:830} INFO - Processing file /home/airflow/.local/lib/python3.9/site-packages/airflow/example_dags/example_short_circuit_decorator.py for tasks to queue
[2025-12-11T04:38:44.339+0000] {logging_mixin.py:188} INFO - [2025-12-11T04:38:44.339+0000] {dagbag.py:545} INFO - Filling up the DagBag from /home/airflow/.local/lib/python3.9/site-packages/airflow/example_dags/example_short_circuit_decorator.py
[2025-12-11T04:38:44.361+0000] {processor.py:840} INFO - DAG(s) 'example_short_circuit_decorator' retrieved from /home/airflow/.local/lib/python3.9/site-packages/airflow/example_dags/example_short_circuit_decorator.py
[2025-12-11T04:38:44.463+0000] {logging_mixin.py:188} INFO - [2025-12-11T04:38:44.462+0000] {dag.py:3096} INFO - Sync 1 DAGs
[2025-12-11T04:38:44.542+0000] {logging_mixin.py:188} INFO - [2025-12-11T04:38:44.541+0000] {dag.py:3954} INFO - Setting next_dagrun for example_short_circuit_decorator to 2025-12-10 00:00:00+00:00, run_after=2025-12-11 00:00:00+00:00
[2025-12-11T04:38:44.603+0000] {processor.py:183} INFO - Processing /home/airflow/.local/lib/python3.9/site-packages/airflow/example_dags/example_short_circuit_decorator.py took 0.301 seconds
[2025-12-11T04:39:15.157+0000] {processor.py:161} INFO - Started process (PID=2748) to work on /home/airflow/.local/lib/python3.9/site-packages/airflow/example_dags/example_short_circuit_decorator.py
[2025-12-11T04:39:15.159+0000] {processor.py:830} INFO - Processing file /home/airflow/.local/lib/python3.9/site-packages/airflow/example_dags/example_short_circuit_decorator.py for tasks to queue
[2025-12-11T04:39:15.162+0000] {logging_mixin.py:188} INFO - [2025-12-11T04:39:15.162+0000] {dagbag.py:545} INFO - Filling up the DagBag from /home/airflow/.local/lib/python3.9/site-packages/airflow/example_dags/example_short_circuit_decorator.py
[2025-12-11T04:39:15.197+0000] {processor.py:840} INFO - DAG(s) 'example_short_circuit_decorator' retrieved from /home/airflow/.local/lib/python3.9/site-packages/airflow/example_dags/example_short_circuit_decorator.py
[2025-12-11T04:39:15.281+0000] {logging_mixin.py:188} INFO - [2025-12-11T04:39:15.280+0000] {dag.py:3096} INFO - Sync 1 DAGs
[2025-12-11T04:39:15.364+0000] {logging_mixin.py:188} INFO - [2025-12-11T04:39:15.363+0000] {dag.py:3954} INFO - Setting next_dagrun for example_short_circuit_decorator to 2025-12-10 00:00:00+00:00, run_after=2025-12-11 00:00:00+00:00
[2025-12-11T04:39:15.421+0000] {processor.py:183} INFO - Processing /home/airflow/.local/lib/python3.9/site-packages/airflow/example_dags/example_short_circuit_decorator.py took 0.297 seconds
[2025-12-11T04:39:46.159+0000] {processor.py:161} INFO - Started process (PID=2814) to work on /home/airflow/.local/lib/python3.9/site-packages/airflow/example_dags/example_short_circuit_decorator.py
[2025-12-11T04:39:46.161+0000] {processor.py:830} INFO - Processing file /home/airflow/.local/lib/python3.9/site-packages/airflow/example_dags/example_short_circuit_decorator.py for tasks to queue
[2025-12-11T04:39:46.165+0000] {logging_mixin.py:188} INFO - [2025-12-11T04:39:46.164+0000] {dagbag.py:545} INFO - Filling up the DagBag from /home/airflow/.local/lib/python3.9/site-packages/airflow/example_dags/example_short_circuit_decorator.py
[2025-12-11T04:39:46.206+0000] {processor.py:840} INFO - DAG(s) 'example_short_circuit_decorator' retrieved from /home/airflow/.local/lib/python3.9/site-packages/airflow/example_dags/example_short_circuit_decorator.py
[2025-12-11T04:39:46.318+0000] {logging_mixin.py:188} INFO - [2025-12-11T04:39:46.311+0000] {dag.py:3096} INFO - Sync 1 DAGs
[2025-12-11T04:39:46.398+0000] {logging_mixin.py:188} INFO - [2025-12-11T04:39:46.398+0000] {dag.py:3954} INFO - Setting next_dagrun for example_short_circuit_decorator to 2025-12-10 00:00:00+00:00, run_after=2025-12-11 00:00:00+00:00
[2025-12-11T04:39:46.463+0000] {processor.py:183} INFO - Processing /home/airflow/.local/lib/python3.9/site-packages/airflow/example_dags/example_short_circuit_decorator.py took 0.337 seconds
[2025-12-11T04:40:16.842+0000] {processor.py:161} INFO - Started process (PID=2879) to work on /home/airflow/.local/lib/python3.9/site-packages/airflow/example_dags/example_short_circuit_decorator.py
[2025-12-11T04:40:16.846+0000] {processor.py:830} INFO - Processing file /home/airflow/.local/lib/python3.9/site-packages/airflow/example_dags/example_short_circuit_decorator.py for tasks to queue
[2025-12-11T04:40:16.849+0000] {logging_mixin.py:188} INFO - [2025-12-11T04:40:16.849+0000] {dagbag.py:545} INFO - Filling up the DagBag from /home/airflow/.local/lib/python3.9/site-packages/airflow/example_dags/example_short_circuit_decorator.py
[2025-12-11T04:40:16.902+0000] {processor.py:840} INFO - DAG(s) 'example_short_circuit_decorator' retrieved from /home/airflow/.local/lib/python3.9/site-packages/airflow/example_dags/example_short_circuit_decorator.py
[2025-12-11T04:40:17.040+0000] {logging_mixin.py:188} INFO - [2025-12-11T04:40:17.040+0000] {dag.py:3096} INFO - Sync 1 DAGs
[2025-12-11T04:40:17.137+0000] {logging_mixin.py:188} INFO - [2025-12-11T04:40:17.127+0000] {dag.py:3954} INFO - Setting next_dagrun for example_short_circuit_decorator to 2025-12-10 00:00:00+00:00, run_after=2025-12-11 00:00:00+00:00
[2025-12-11T04:40:17.202+0000] {processor.py:183} INFO - Processing /home/airflow/.local/lib/python3.9/site-packages/airflow/example_dags/example_short_circuit_decorator.py took 0.384 seconds
[2025-12-11T04:40:47.427+0000] {processor.py:161} INFO - Started process (PID=2946) to work on /home/airflow/.local/lib/python3.9/site-packages/airflow/example_dags/example_short_circuit_decorator.py
[2025-12-11T04:40:47.438+0000] {processor.py:830} INFO - Processing file /home/airflow/.local/lib/python3.9/site-packages/airflow/example_dags/example_short_circuit_decorator.py for tasks to queue
[2025-12-11T04:40:47.441+0000] {logging_mixin.py:188} INFO - [2025-12-11T04:40:47.441+0000] {dagbag.py:545} INFO - Filling up the DagBag from /home/airflow/.local/lib/python3.9/site-packages/airflow/example_dags/example_short_circuit_decorator.py
[2025-12-11T04:40:47.479+0000] {processor.py:840} INFO - DAG(s) 'example_short_circuit_decorator' retrieved from /home/airflow/.local/lib/python3.9/site-packages/airflow/example_dags/example_short_circuit_decorator.py
[2025-12-11T04:40:47.598+0000] {logging_mixin.py:188} INFO - [2025-12-11T04:40:47.597+0000] {dag.py:3096} INFO - Sync 1 DAGs
[2025-12-11T04:40:47.678+0000] {logging_mixin.py:188} INFO - [2025-12-11T04:40:47.677+0000] {dag.py:3954} INFO - Setting next_dagrun for example_short_circuit_decorator to 2025-12-10 00:00:00+00:00, run_after=2025-12-11 00:00:00+00:00
[2025-12-11T04:40:47.744+0000] {processor.py:183} INFO - Processing /home/airflow/.local/lib/python3.9/site-packages/airflow/example_dags/example_short_circuit_decorator.py took 0.327 seconds
[2025-12-11T04:41:17.966+0000] {processor.py:161} INFO - Started process (PID=3013) to work on /home/airflow/.local/lib/python3.9/site-packages/airflow/example_dags/example_short_circuit_decorator.py
[2025-12-11T04:41:17.967+0000] {processor.py:830} INFO - Processing file /home/airflow/.local/lib/python3.9/site-packages/airflow/example_dags/example_short_circuit_decorator.py for tasks to queue
[2025-12-11T04:41:17.979+0000] {logging_mixin.py:188} INFO - [2025-12-11T04:41:17.978+0000] {dagbag.py:545} INFO - Filling up the DagBag from /home/airflow/.local/lib/python3.9/site-packages/airflow/example_dags/example_short_circuit_decorator.py
[2025-12-11T04:41:18.003+0000] {processor.py:840} INFO - DAG(s) 'example_short_circuit_decorator' retrieved from /home/airflow/.local/lib/python3.9/site-packages/airflow/example_dags/example_short_circuit_decorator.py
[2025-12-11T04:41:18.099+0000] {logging_mixin.py:188} INFO - [2025-12-11T04:41:18.099+0000] {dag.py:3096} INFO - Sync 1 DAGs
[2025-12-11T04:41:18.741+0000] {logging_mixin.py:188} INFO - [2025-12-11T04:41:18.740+0000] {dag.py:3954} INFO - Setting next_dagrun for example_short_circuit_decorator to 2025-12-10 00:00:00+00:00, run_after=2025-12-11 00:00:00+00:00
[2025-12-11T04:41:18.841+0000] {processor.py:183} INFO - Processing /home/airflow/.local/lib/python3.9/site-packages/airflow/example_dags/example_short_circuit_decorator.py took 0.897 seconds
[2025-12-11T04:41:49.257+0000] {processor.py:161} INFO - Started process (PID=3081) to work on /home/airflow/.local/lib/python3.9/site-packages/airflow/example_dags/example_short_circuit_decorator.py
[2025-12-11T04:41:49.259+0000] {processor.py:830} INFO - Processing file /home/airflow/.local/lib/python3.9/site-packages/airflow/example_dags/example_short_circuit_decorator.py for tasks to queue
[2025-12-11T04:41:49.262+0000] {logging_mixin.py:188} INFO - [2025-12-11T04:41:49.262+0000] {dagbag.py:545} INFO - Filling up the DagBag from /home/airflow/.local/lib/python3.9/site-packages/airflow/example_dags/example_short_circuit_decorator.py
[2025-12-11T04:41:49.303+0000] {processor.py:840} INFO - DAG(s) 'example_short_circuit_decorator' retrieved from /home/airflow/.local/lib/python3.9/site-packages/airflow/example_dags/example_short_circuit_decorator.py
[2025-12-11T04:41:49.382+0000] {logging_mixin.py:188} INFO - [2025-12-11T04:41:49.381+0000] {dag.py:3096} INFO - Sync 1 DAGs
[2025-12-11T04:41:49.943+0000] {logging_mixin.py:188} INFO - [2025-12-11T04:41:49.942+0000] {dag.py:3954} INFO - Setting next_dagrun for example_short_circuit_decorator to 2025-12-10 00:00:00+00:00, run_after=2025-12-11 00:00:00+00:00
[2025-12-11T04:41:50.037+0000] {processor.py:183} INFO - Processing /home/airflow/.local/lib/python3.9/site-packages/airflow/example_dags/example_short_circuit_decorator.py took 0.813 seconds
[2025-12-11T04:42:20.502+0000] {processor.py:161} INFO - Started process (PID=3148) to work on /home/airflow/.local/lib/python3.9/site-packages/airflow/example_dags/example_short_circuit_decorator.py
[2025-12-11T04:42:20.513+0000] {processor.py:830} INFO - Processing file /home/airflow/.local/lib/python3.9/site-packages/airflow/example_dags/example_short_circuit_decorator.py for tasks to queue
[2025-12-11T04:42:20.518+0000] {logging_mixin.py:188} INFO - [2025-12-11T04:42:20.517+0000] {dagbag.py:545} INFO - Filling up the DagBag from /home/airflow/.local/lib/python3.9/site-packages/airflow/example_dags/example_short_circuit_decorator.py
[2025-12-11T04:42:20.539+0000] {processor.py:840} INFO - DAG(s) 'example_short_circuit_decorator' retrieved from /home/airflow/.local/lib/python3.9/site-packages/airflow/example_dags/example_short_circuit_decorator.py
[2025-12-11T04:42:20.604+0000] {logging_mixin.py:188} INFO - [2025-12-11T04:42:20.604+0000] {dag.py:3096} INFO - Sync 1 DAGs
[2025-12-11T04:42:20.667+0000] {logging_mixin.py:188} INFO - [2025-12-11T04:42:20.667+0000] {dag.py:3954} INFO - Setting next_dagrun for example_short_circuit_decorator to 2025-12-10 00:00:00+00:00, run_after=2025-12-11 00:00:00+00:00
[2025-12-11T04:42:20.745+0000] {processor.py:183} INFO - Processing /home/airflow/.local/lib/python3.9/site-packages/airflow/example_dags/example_short_circuit_decorator.py took 0.258 seconds
[2025-12-11T04:42:51.717+0000] {processor.py:161} INFO - Started process (PID=3215) to work on /home/airflow/.local/lib/python3.9/site-packages/airflow/example_dags/example_short_circuit_decorator.py
[2025-12-11T04:42:51.719+0000] {processor.py:830} INFO - Processing file /home/airflow/.local/lib/python3.9/site-packages/airflow/example_dags/example_short_circuit_decorator.py for tasks to queue
[2025-12-11T04:42:51.721+0000] {logging_mixin.py:188} INFO - [2025-12-11T04:42:51.721+0000] {dagbag.py:545} INFO - Filling up the DagBag from /home/airflow/.local/lib/python3.9/site-packages/airflow/example_dags/example_short_circuit_decorator.py
[2025-12-11T04:42:51.760+0000] {processor.py:840} INFO - DAG(s) 'example_short_circuit_decorator' retrieved from /home/airflow/.local/lib/python3.9/site-packages/airflow/example_dags/example_short_circuit_decorator.py
[2025-12-11T04:42:51.897+0000] {logging_mixin.py:188} INFO - [2025-12-11T04:42:51.884+0000] {dag.py:3096} INFO - Sync 1 DAGs
[2025-12-11T04:42:52.002+0000] {logging_mixin.py:188} INFO - [2025-12-11T04:42:52.002+0000] {dag.py:3954} INFO - Setting next_dagrun for example_short_circuit_decorator to 2025-12-10 00:00:00+00:00, run_after=2025-12-11 00:00:00+00:00
[2025-12-11T04:42:52.140+0000] {processor.py:183} INFO - Processing /home/airflow/.local/lib/python3.9/site-packages/airflow/example_dags/example_short_circuit_decorator.py took 0.476 seconds
[2025-12-11T04:43:22.623+0000] {processor.py:161} INFO - Started process (PID=3282) to work on /home/airflow/.local/lib/python3.9/site-packages/airflow/example_dags/example_short_circuit_decorator.py
[2025-12-11T04:43:22.630+0000] {processor.py:830} INFO - Processing file /home/airflow/.local/lib/python3.9/site-packages/airflow/example_dags/example_short_circuit_decorator.py for tasks to queue
[2025-12-11T04:43:22.639+0000] {logging_mixin.py:188} INFO - [2025-12-11T04:43:22.639+0000] {dagbag.py:545} INFO - Filling up the DagBag from /home/airflow/.local/lib/python3.9/site-packages/airflow/example_dags/example_short_circuit_decorator.py
[2025-12-11T04:43:22.661+0000] {processor.py:840} INFO - DAG(s) 'example_short_circuit_decorator' retrieved from /home/airflow/.local/lib/python3.9/site-packages/airflow/example_dags/example_short_circuit_decorator.py
[2025-12-11T04:43:22.743+0000] {logging_mixin.py:188} INFO - [2025-12-11T04:43:22.743+0000] {dag.py:3096} INFO - Sync 1 DAGs
[2025-12-11T04:43:22.805+0000] {logging_mixin.py:188} INFO - [2025-12-11T04:43:22.805+0000] {dag.py:3954} INFO - Setting next_dagrun for example_short_circuit_decorator to 2025-12-10 00:00:00+00:00, run_after=2025-12-11 00:00:00+00:00
[2025-12-11T04:43:22.851+0000] {processor.py:183} INFO - Processing /home/airflow/.local/lib/python3.9/site-packages/airflow/example_dags/example_short_circuit_decorator.py took 0.249 seconds
[2025-12-11T04:43:53.902+0000] {processor.py:161} INFO - Started process (PID=3349) to work on /home/airflow/.local/lib/python3.9/site-packages/airflow/example_dags/example_short_circuit_decorator.py
[2025-12-11T04:43:53.903+0000] {processor.py:830} INFO - Processing file /home/airflow/.local/lib/python3.9/site-packages/airflow/example_dags/example_short_circuit_decorator.py for tasks to queue
[2025-12-11T04:43:53.906+0000] {logging_mixin.py:188} INFO - [2025-12-11T04:43:53.905+0000] {dagbag.py:545} INFO - Filling up the DagBag from /home/airflow/.local/lib/python3.9/site-packages/airflow/example_dags/example_short_circuit_decorator.py
[2025-12-11T04:43:53.927+0000] {processor.py:840} INFO - DAG(s) 'example_short_circuit_decorator' retrieved from /home/airflow/.local/lib/python3.9/site-packages/airflow/example_dags/example_short_circuit_decorator.py
[2025-12-11T04:43:54.007+0000] {logging_mixin.py:188} INFO - [2025-12-11T04:43:54.006+0000] {dag.py:3096} INFO - Sync 1 DAGs
[2025-12-11T04:43:54.080+0000] {logging_mixin.py:188} INFO - [2025-12-11T04:43:54.079+0000] {dag.py:3954} INFO - Setting next_dagrun for example_short_circuit_decorator to 2025-12-10 00:00:00+00:00, run_after=2025-12-11 00:00:00+00:00
[2025-12-11T04:43:54.137+0000] {processor.py:183} INFO - Processing /home/airflow/.local/lib/python3.9/site-packages/airflow/example_dags/example_short_circuit_decorator.py took 0.254 seconds
[2025-12-11T04:44:24.540+0000] {processor.py:161} INFO - Started process (PID=3416) to work on /home/airflow/.local/lib/python3.9/site-packages/airflow/example_dags/example_short_circuit_decorator.py
[2025-12-11T04:44:24.542+0000] {processor.py:830} INFO - Processing file /home/airflow/.local/lib/python3.9/site-packages/airflow/example_dags/example_short_circuit_decorator.py for tasks to queue
[2025-12-11T04:44:24.561+0000] {logging_mixin.py:188} INFO - [2025-12-11T04:44:24.560+0000] {dagbag.py:545} INFO - Filling up the DagBag from /home/airflow/.local/lib/python3.9/site-packages/airflow/example_dags/example_short_circuit_decorator.py
[2025-12-11T04:44:24.618+0000] {processor.py:840} INFO - DAG(s) 'example_short_circuit_decorator' retrieved from /home/airflow/.local/lib/python3.9/site-packages/airflow/example_dags/example_short_circuit_decorator.py
[2025-12-11T04:44:24.701+0000] {logging_mixin.py:188} INFO - [2025-12-11T04:44:24.701+0000] {dag.py:3096} INFO - Sync 1 DAGs
[2025-12-11T04:44:24.759+0000] {logging_mixin.py:188} INFO - [2025-12-11T04:44:24.758+0000] {dag.py:3954} INFO - Setting next_dagrun for example_short_circuit_decorator to 2025-12-10 00:00:00+00:00, run_after=2025-12-11 00:00:00+00:00
[2025-12-11T04:44:24.805+0000] {processor.py:183} INFO - Processing /home/airflow/.local/lib/python3.9/site-packages/airflow/example_dags/example_short_circuit_decorator.py took 0.301 seconds
[2025-12-11T04:44:55.535+0000] {processor.py:161} INFO - Started process (PID=3484) to work on /home/airflow/.local/lib/python3.9/site-packages/airflow/example_dags/example_short_circuit_decorator.py
[2025-12-11T04:44:55.618+0000] {processor.py:830} INFO - Processing file /home/airflow/.local/lib/python3.9/site-packages/airflow/example_dags/example_short_circuit_decorator.py for tasks to queue
[2025-12-11T04:44:55.622+0000] {logging_mixin.py:188} INFO - [2025-12-11T04:44:55.621+0000] {dagbag.py:545} INFO - Filling up the DagBag from /home/airflow/.local/lib/python3.9/site-packages/airflow/example_dags/example_short_circuit_decorator.py
[2025-12-11T04:44:55.638+0000] {processor.py:840} INFO - DAG(s) 'example_short_circuit_decorator' retrieved from /home/airflow/.local/lib/python3.9/site-packages/airflow/example_dags/example_short_circuit_decorator.py
[2025-12-11T04:44:55.681+0000] {logging_mixin.py:188} INFO - [2025-12-11T04:44:55.681+0000] {dag.py:3096} INFO - Sync 1 DAGs
[2025-12-11T04:44:55.723+0000] {logging_mixin.py:188} INFO - [2025-12-11T04:44:55.722+0000] {dag.py:3954} INFO - Setting next_dagrun for example_short_circuit_decorator to 2025-12-10 00:00:00+00:00, run_after=2025-12-11 00:00:00+00:00
[2025-12-11T04:44:55.868+0000] {processor.py:183} INFO - Processing /home/airflow/.local/lib/python3.9/site-packages/airflow/example_dags/example_short_circuit_decorator.py took 0.346 seconds
[2025-12-11T04:45:26.058+0000] {processor.py:161} INFO - Started process (PID=3551) to work on /home/airflow/.local/lib/python3.9/site-packages/airflow/example_dags/example_short_circuit_decorator.py
[2025-12-11T04:45:26.233+0000] {processor.py:830} INFO - Processing file /home/airflow/.local/lib/python3.9/site-packages/airflow/example_dags/example_short_circuit_decorator.py for tasks to queue
[2025-12-11T04:45:26.236+0000] {logging_mixin.py:188} INFO - [2025-12-11T04:45:26.236+0000] {dagbag.py:545} INFO - Filling up the DagBag from /home/airflow/.local/lib/python3.9/site-packages/airflow/example_dags/example_short_circuit_decorator.py
[2025-12-11T04:45:26.250+0000] {processor.py:840} INFO - DAG(s) 'example_short_circuit_decorator' retrieved from /home/airflow/.local/lib/python3.9/site-packages/airflow/example_dags/example_short_circuit_decorator.py
[2025-12-11T04:45:26.328+0000] {logging_mixin.py:188} INFO - [2025-12-11T04:45:26.327+0000] {dag.py:3096} INFO - Sync 1 DAGs
[2025-12-11T04:45:26.412+0000] {logging_mixin.py:188} INFO - [2025-12-11T04:45:26.411+0000] {dag.py:3954} INFO - Setting next_dagrun for example_short_circuit_decorator to 2025-12-10 00:00:00+00:00, run_after=2025-12-11 00:00:00+00:00
[2025-12-11T04:45:26.465+0000] {processor.py:183} INFO - Processing /home/airflow/.local/lib/python3.9/site-packages/airflow/example_dags/example_short_circuit_decorator.py took 0.422 seconds
[2025-12-11T04:45:56.937+0000] {processor.py:161} INFO - Started process (PID=3619) to work on /home/airflow/.local/lib/python3.9/site-packages/airflow/example_dags/example_short_circuit_decorator.py
[2025-12-11T04:45:56.939+0000] {processor.py:830} INFO - Processing file /home/airflow/.local/lib/python3.9/site-packages/airflow/example_dags/example_short_circuit_decorator.py for tasks to queue
[2025-12-11T04:45:56.942+0000] {logging_mixin.py:188} INFO - [2025-12-11T04:45:56.941+0000] {dagbag.py:545} INFO - Filling up the DagBag from /home/airflow/.local/lib/python3.9/site-packages/airflow/example_dags/example_short_circuit_decorator.py
[2025-12-11T04:45:56.967+0000] {processor.py:840} INFO - DAG(s) 'example_short_circuit_decorator' retrieved from /home/airflow/.local/lib/python3.9/site-packages/airflow/example_dags/example_short_circuit_decorator.py
[2025-12-11T04:45:57.060+0000] {logging_mixin.py:188} INFO - [2025-12-11T04:45:57.059+0000] {dag.py:3096} INFO - Sync 1 DAGs
[2025-12-11T04:45:57.147+0000] {logging_mixin.py:188} INFO - [2025-12-11T04:45:57.147+0000] {dag.py:3954} INFO - Setting next_dagrun for example_short_circuit_decorator to 2025-12-10 00:00:00+00:00, run_after=2025-12-11 00:00:00+00:00
[2025-12-11T04:45:57.229+0000] {processor.py:183} INFO - Processing /home/airflow/.local/lib/python3.9/site-packages/airflow/example_dags/example_short_circuit_decorator.py took 0.313 seconds
[2025-12-11T04:46:27.703+0000] {processor.py:161} INFO - Started process (PID=3686) to work on /home/airflow/.local/lib/python3.9/site-packages/airflow/example_dags/example_short_circuit_decorator.py
[2025-12-11T04:46:27.704+0000] {processor.py:830} INFO - Processing file /home/airflow/.local/lib/python3.9/site-packages/airflow/example_dags/example_short_circuit_decorator.py for tasks to queue
[2025-12-11T04:46:27.707+0000] {logging_mixin.py:188} INFO - [2025-12-11T04:46:27.707+0000] {dagbag.py:545} INFO - Filling up the DagBag from /home/airflow/.local/lib/python3.9/site-packages/airflow/example_dags/example_short_circuit_decorator.py
[2025-12-11T04:46:27.740+0000] {processor.py:840} INFO - DAG(s) 'example_short_circuit_decorator' retrieved from /home/airflow/.local/lib/python3.9/site-packages/airflow/example_dags/example_short_circuit_decorator.py
[2025-12-11T04:46:27.862+0000] {logging_mixin.py:188} INFO - [2025-12-11T04:46:27.861+0000] {dag.py:3096} INFO - Sync 1 DAGs
[2025-12-11T04:46:27.986+0000] {logging_mixin.py:188} INFO - [2025-12-11T04:46:27.985+0000] {dag.py:3954} INFO - Setting next_dagrun for example_short_circuit_decorator to 2025-12-10 00:00:00+00:00, run_after=2025-12-11 00:00:00+00:00
[2025-12-11T04:46:28.081+0000] {processor.py:183} INFO - Processing /home/airflow/.local/lib/python3.9/site-packages/airflow/example_dags/example_short_circuit_decorator.py took 0.398 seconds
[2025-12-11T04:46:58.808+0000] {processor.py:161} INFO - Started process (PID=3753) to work on /home/airflow/.local/lib/python3.9/site-packages/airflow/example_dags/example_short_circuit_decorator.py
[2025-12-11T04:46:58.818+0000] {processor.py:830} INFO - Processing file /home/airflow/.local/lib/python3.9/site-packages/airflow/example_dags/example_short_circuit_decorator.py for tasks to queue
[2025-12-11T04:46:58.821+0000] {logging_mixin.py:188} INFO - [2025-12-11T04:46:58.821+0000] {dagbag.py:545} INFO - Filling up the DagBag from /home/airflow/.local/lib/python3.9/site-packages/airflow/example_dags/example_short_circuit_decorator.py
[2025-12-11T04:46:58.841+0000] {processor.py:840} INFO - DAG(s) 'example_short_circuit_decorator' retrieved from /home/airflow/.local/lib/python3.9/site-packages/airflow/example_dags/example_short_circuit_decorator.py
[2025-12-11T04:46:58.923+0000] {logging_mixin.py:188} INFO - [2025-12-11T04:46:58.923+0000] {dag.py:3096} INFO - Sync 1 DAGs
[2025-12-11T04:46:59.021+0000] {logging_mixin.py:188} INFO - [2025-12-11T04:46:59.021+0000] {dag.py:3954} INFO - Setting next_dagrun for example_short_circuit_decorator to 2025-12-10 00:00:00+00:00, run_after=2025-12-11 00:00:00+00:00
[2025-12-11T04:46:59.082+0000] {processor.py:183} INFO - Processing /home/airflow/.local/lib/python3.9/site-packages/airflow/example_dags/example_short_circuit_decorator.py took 0.284 seconds
[2025-12-11T04:47:29.465+0000] {processor.py:161} INFO - Started process (PID=3820) to work on /home/airflow/.local/lib/python3.9/site-packages/airflow/example_dags/example_short_circuit_decorator.py
[2025-12-11T04:47:29.468+0000] {processor.py:830} INFO - Processing file /home/airflow/.local/lib/python3.9/site-packages/airflow/example_dags/example_short_circuit_decorator.py for tasks to queue
[2025-12-11T04:47:29.471+0000] {logging_mixin.py:188} INFO - [2025-12-11T04:47:29.471+0000] {dagbag.py:545} INFO - Filling up the DagBag from /home/airflow/.local/lib/python3.9/site-packages/airflow/example_dags/example_short_circuit_decorator.py
[2025-12-11T04:47:29.485+0000] {processor.py:840} INFO - DAG(s) 'example_short_circuit_decorator' retrieved from /home/airflow/.local/lib/python3.9/site-packages/airflow/example_dags/example_short_circuit_decorator.py
[2025-12-11T04:47:29.534+0000] {logging_mixin.py:188} INFO - [2025-12-11T04:47:29.533+0000] {dag.py:3096} INFO - Sync 1 DAGs
[2025-12-11T04:47:29.582+0000] {logging_mixin.py:188} INFO - [2025-12-11T04:47:29.582+0000] {dag.py:3954} INFO - Setting next_dagrun for example_short_circuit_decorator to 2025-12-10 00:00:00+00:00, run_after=2025-12-11 00:00:00+00:00
[2025-12-11T04:47:29.827+0000] {processor.py:183} INFO - Processing /home/airflow/.local/lib/python3.9/site-packages/airflow/example_dags/example_short_circuit_decorator.py took 0.373 seconds
[2025-12-11T04:47:59.929+0000] {processor.py:161} INFO - Started process (PID=3886) to work on /home/airflow/.local/lib/python3.9/site-packages/airflow/example_dags/example_short_circuit_decorator.py
[2025-12-11T04:47:59.936+0000] {processor.py:830} INFO - Processing file /home/airflow/.local/lib/python3.9/site-packages/airflow/example_dags/example_short_circuit_decorator.py for tasks to queue
[2025-12-11T04:47:59.939+0000] {logging_mixin.py:188} INFO - [2025-12-11T04:47:59.939+0000] {dagbag.py:545} INFO - Filling up the DagBag from /home/airflow/.local/lib/python3.9/site-packages/airflow/example_dags/example_short_circuit_decorator.py
[2025-12-11T04:47:59.952+0000] {processor.py:840} INFO - DAG(s) 'example_short_circuit_decorator' retrieved from /home/airflow/.local/lib/python3.9/site-packages/airflow/example_dags/example_short_circuit_decorator.py
[2025-12-11T04:47:59.991+0000] {logging_mixin.py:188} INFO - [2025-12-11T04:47:59.990+0000] {dag.py:3096} INFO - Sync 1 DAGs
[2025-12-11T04:48:00.031+0000] {logging_mixin.py:188} INFO - [2025-12-11T04:48:00.031+0000] {dag.py:3954} INFO - Setting next_dagrun for example_short_circuit_decorator to 2025-12-10 00:00:00+00:00, run_after=2025-12-11 00:00:00+00:00
[2025-12-11T04:48:00.063+0000] {processor.py:183} INFO - Processing /home/airflow/.local/lib/python3.9/site-packages/airflow/example_dags/example_short_circuit_decorator.py took 0.143 seconds
[2025-12-11T04:48:31.120+0000] {processor.py:161} INFO - Started process (PID=3961) to work on /home/airflow/.local/lib/python3.9/site-packages/airflow/example_dags/example_short_circuit_decorator.py
[2025-12-11T04:48:31.122+0000] {processor.py:830} INFO - Processing file /home/airflow/.local/lib/python3.9/site-packages/airflow/example_dags/example_short_circuit_decorator.py for tasks to queue
[2025-12-11T04:48:31.125+0000] {logging_mixin.py:188} INFO - [2025-12-11T04:48:31.124+0000] {dagbag.py:545} INFO - Filling up the DagBag from /home/airflow/.local/lib/python3.9/site-packages/airflow/example_dags/example_short_circuit_decorator.py
[2025-12-11T04:48:31.147+0000] {processor.py:840} INFO - DAG(s) 'example_short_circuit_decorator' retrieved from /home/airflow/.local/lib/python3.9/site-packages/airflow/example_dags/example_short_circuit_decorator.py
[2025-12-11T04:48:31.222+0000] {logging_mixin.py:188} INFO - [2025-12-11T04:48:31.221+0000] {dag.py:3096} INFO - Sync 1 DAGs
[2025-12-11T04:48:31.278+0000] {logging_mixin.py:188} INFO - [2025-12-11T04:48:31.277+0000] {dag.py:3954} INFO - Setting next_dagrun for example_short_circuit_decorator to 2025-12-10 00:00:00+00:00, run_after=2025-12-11 00:00:00+00:00
[2025-12-11T04:48:31.407+0000] {processor.py:183} INFO - Processing /home/airflow/.local/lib/python3.9/site-packages/airflow/example_dags/example_short_circuit_decorator.py took 0.306 seconds
[2025-12-11T04:49:02.422+0000] {processor.py:161} INFO - Started process (PID=4028) to work on /home/airflow/.local/lib/python3.9/site-packages/airflow/example_dags/example_short_circuit_decorator.py
[2025-12-11T04:49:02.424+0000] {processor.py:830} INFO - Processing file /home/airflow/.local/lib/python3.9/site-packages/airflow/example_dags/example_short_circuit_decorator.py for tasks to queue
[2025-12-11T04:49:02.426+0000] {logging_mixin.py:188} INFO - [2025-12-11T04:49:02.426+0000] {dagbag.py:545} INFO - Filling up the DagBag from /home/airflow/.local/lib/python3.9/site-packages/airflow/example_dags/example_short_circuit_decorator.py
[2025-12-11T04:49:02.447+0000] {processor.py:840} INFO - DAG(s) 'example_short_circuit_decorator' retrieved from /home/airflow/.local/lib/python3.9/site-packages/airflow/example_dags/example_short_circuit_decorator.py
[2025-12-11T04:49:02.541+0000] {logging_mixin.py:188} INFO - [2025-12-11T04:49:02.540+0000] {dag.py:3096} INFO - Sync 1 DAGs
[2025-12-11T04:49:02.602+0000] {logging_mixin.py:188} INFO - [2025-12-11T04:49:02.602+0000] {dag.py:3954} INFO - Setting next_dagrun for example_short_circuit_decorator to 2025-12-10 00:00:00+00:00, run_after=2025-12-11 00:00:00+00:00
[2025-12-11T04:49:02.645+0000] {processor.py:183} INFO - Processing /home/airflow/.local/lib/python3.9/site-packages/airflow/example_dags/example_short_circuit_decorator.py took 0.241 seconds
[2025-12-11T04:49:33.279+0000] {processor.py:161} INFO - Started process (PID=4095) to work on /home/airflow/.local/lib/python3.9/site-packages/airflow/example_dags/example_short_circuit_decorator.py
[2025-12-11T04:49:33.362+0000] {processor.py:830} INFO - Processing file /home/airflow/.local/lib/python3.9/site-packages/airflow/example_dags/example_short_circuit_decorator.py for tasks to queue
[2025-12-11T04:49:33.375+0000] {logging_mixin.py:188} INFO - [2025-12-11T04:49:33.374+0000] {dagbag.py:545} INFO - Filling up the DagBag from /home/airflow/.local/lib/python3.9/site-packages/airflow/example_dags/example_short_circuit_decorator.py
[2025-12-11T04:49:33.418+0000] {processor.py:840} INFO - DAG(s) 'example_short_circuit_decorator' retrieved from /home/airflow/.local/lib/python3.9/site-packages/airflow/example_dags/example_short_circuit_decorator.py
[2025-12-11T04:49:33.499+0000] {logging_mixin.py:188} INFO - [2025-12-11T04:49:33.498+0000] {dag.py:3096} INFO - Sync 1 DAGs
[2025-12-11T04:49:33.557+0000] {logging_mixin.py:188} INFO - [2025-12-11T04:49:33.549+0000] {dag.py:3954} INFO - Setting next_dagrun for example_short_circuit_decorator to 2025-12-10 00:00:00+00:00, run_after=2025-12-11 00:00:00+00:00
[2025-12-11T04:49:33.587+0000] {processor.py:183} INFO - Processing /home/airflow/.local/lib/python3.9/site-packages/airflow/example_dags/example_short_circuit_decorator.py took 0.330 seconds
[2025-12-11T04:50:04.159+0000] {processor.py:161} INFO - Started process (PID=4160) to work on /home/airflow/.local/lib/python3.9/site-packages/airflow/example_dags/example_short_circuit_decorator.py
[2025-12-11T04:50:04.160+0000] {processor.py:830} INFO - Processing file /home/airflow/.local/lib/python3.9/site-packages/airflow/example_dags/example_short_circuit_decorator.py for tasks to queue
[2025-12-11T04:50:04.163+0000] {logging_mixin.py:188} INFO - [2025-12-11T04:50:04.162+0000] {dagbag.py:545} INFO - Filling up the DagBag from /home/airflow/.local/lib/python3.9/site-packages/airflow/example_dags/example_short_circuit_decorator.py
[2025-12-11T04:50:04.180+0000] {processor.py:840} INFO - DAG(s) 'example_short_circuit_decorator' retrieved from /home/airflow/.local/lib/python3.9/site-packages/airflow/example_dags/example_short_circuit_decorator.py
[2025-12-11T04:50:04.267+0000] {logging_mixin.py:188} INFO - [2025-12-11T04:50:04.266+0000] {dag.py:3096} INFO - Sync 1 DAGs
[2025-12-11T04:50:04.321+0000] {logging_mixin.py:188} INFO - [2025-12-11T04:50:04.321+0000] {dag.py:3954} INFO - Setting next_dagrun for example_short_circuit_decorator to 2025-12-10 00:00:00+00:00, run_after=2025-12-11 00:00:00+00:00
[2025-12-11T04:50:04.363+0000] {processor.py:183} INFO - Processing /home/airflow/.local/lib/python3.9/site-packages/airflow/example_dags/example_short_circuit_decorator.py took 0.225 seconds
[2025-12-11T04:50:35.153+0000] {processor.py:161} INFO - Started process (PID=4227) to work on /home/airflow/.local/lib/python3.9/site-packages/airflow/example_dags/example_short_circuit_decorator.py
[2025-12-11T04:50:35.158+0000] {processor.py:830} INFO - Processing file /home/airflow/.local/lib/python3.9/site-packages/airflow/example_dags/example_short_circuit_decorator.py for tasks to queue
[2025-12-11T04:50:35.161+0000] {logging_mixin.py:188} INFO - [2025-12-11T04:50:35.160+0000] {dagbag.py:545} INFO - Filling up the DagBag from /home/airflow/.local/lib/python3.9/site-packages/airflow/example_dags/example_short_circuit_decorator.py
[2025-12-11T04:50:35.174+0000] {processor.py:840} INFO - DAG(s) 'example_short_circuit_decorator' retrieved from /home/airflow/.local/lib/python3.9/site-packages/airflow/example_dags/example_short_circuit_decorator.py
[2025-12-11T04:50:35.215+0000] {logging_mixin.py:188} INFO - [2025-12-11T04:50:35.215+0000] {dag.py:3096} INFO - Sync 1 DAGs
[2025-12-11T04:50:35.251+0000] {logging_mixin.py:188} INFO - [2025-12-11T04:50:35.251+0000] {dag.py:3954} INFO - Setting next_dagrun for example_short_circuit_decorator to 2025-12-10 00:00:00+00:00, run_after=2025-12-11 00:00:00+00:00
[2025-12-11T04:50:35.280+0000] {processor.py:183} INFO - Processing /home/airflow/.local/lib/python3.9/site-packages/airflow/example_dags/example_short_circuit_decorator.py took 0.137 seconds
[2025-12-11T04:51:06.008+0000] {processor.py:161} INFO - Started process (PID=4294) to work on /home/airflow/.local/lib/python3.9/site-packages/airflow/example_dags/example_short_circuit_decorator.py
[2025-12-11T04:51:06.010+0000] {processor.py:830} INFO - Processing file /home/airflow/.local/lib/python3.9/site-packages/airflow/example_dags/example_short_circuit_decorator.py for tasks to queue
[2025-12-11T04:51:06.013+0000] {logging_mixin.py:188} INFO - [2025-12-11T04:51:06.012+0000] {dagbag.py:545} INFO - Filling up the DagBag from /home/airflow/.local/lib/python3.9/site-packages/airflow/example_dags/example_short_circuit_decorator.py
[2025-12-11T04:51:06.027+0000] {processor.py:840} INFO - DAG(s) 'example_short_circuit_decorator' retrieved from /home/airflow/.local/lib/python3.9/site-packages/airflow/example_dags/example_short_circuit_decorator.py
[2025-12-11T04:51:06.082+0000] {logging_mixin.py:188} INFO - [2025-12-11T04:51:06.081+0000] {dag.py:3096} INFO - Sync 1 DAGs
[2025-12-11T04:51:06.123+0000] {logging_mixin.py:188} INFO - [2025-12-11T04:51:06.123+0000] {dag.py:3954} INFO - Setting next_dagrun for example_short_circuit_decorator to 2025-12-10 00:00:00+00:00, run_after=2025-12-11 00:00:00+00:00
[2025-12-11T04:51:06.149+0000] {processor.py:183} INFO - Processing /home/airflow/.local/lib/python3.9/site-packages/airflow/example_dags/example_short_circuit_decorator.py took 0.152 seconds
[2025-12-11T04:51:36.513+0000] {processor.py:161} INFO - Started process (PID=4361) to work on /home/airflow/.local/lib/python3.9/site-packages/airflow/example_dags/example_short_circuit_decorator.py
[2025-12-11T04:51:36.515+0000] {processor.py:830} INFO - Processing file /home/airflow/.local/lib/python3.9/site-packages/airflow/example_dags/example_short_circuit_decorator.py for tasks to queue
[2025-12-11T04:51:36.518+0000] {logging_mixin.py:188} INFO - [2025-12-11T04:51:36.518+0000] {dagbag.py:545} INFO - Filling up the DagBag from /home/airflow/.local/lib/python3.9/site-packages/airflow/example_dags/example_short_circuit_decorator.py
[2025-12-11T04:51:36.532+0000] {processor.py:840} INFO - DAG(s) 'example_short_circuit_decorator' retrieved from /home/airflow/.local/lib/python3.9/site-packages/airflow/example_dags/example_short_circuit_decorator.py
[2025-12-11T04:51:36.577+0000] {logging_mixin.py:188} INFO - [2025-12-11T04:51:36.576+0000] {dag.py:3096} INFO - Sync 1 DAGs
[2025-12-11T04:51:36.618+0000] {logging_mixin.py:188} INFO - [2025-12-11T04:51:36.617+0000] {dag.py:3954} INFO - Setting next_dagrun for example_short_circuit_decorator to 2025-12-10 00:00:00+00:00, run_after=2025-12-11 00:00:00+00:00
[2025-12-11T04:51:36.650+0000] {processor.py:183} INFO - Processing /home/airflow/.local/lib/python3.9/site-packages/airflow/example_dags/example_short_circuit_decorator.py took 0.148 seconds
[2025-12-11T04:52:07.466+0000] {processor.py:161} INFO - Started process (PID=4428) to work on /home/airflow/.local/lib/python3.9/site-packages/airflow/example_dags/example_short_circuit_decorator.py
[2025-12-11T04:52:07.471+0000] {processor.py:830} INFO - Processing file /home/airflow/.local/lib/python3.9/site-packages/airflow/example_dags/example_short_circuit_decorator.py for tasks to queue
[2025-12-11T04:52:07.480+0000] {logging_mixin.py:188} INFO - [2025-12-11T04:52:07.479+0000] {dagbag.py:545} INFO - Filling up the DagBag from /home/airflow/.local/lib/python3.9/site-packages/airflow/example_dags/example_short_circuit_decorator.py
[2025-12-11T04:52:07.508+0000] {processor.py:840} INFO - DAG(s) 'example_short_circuit_decorator' retrieved from /home/airflow/.local/lib/python3.9/site-packages/airflow/example_dags/example_short_circuit_decorator.py
[2025-12-11T04:52:07.553+0000] {logging_mixin.py:188} INFO - [2025-12-11T04:52:07.552+0000] {dag.py:3096} INFO - Sync 1 DAGs
[2025-12-11T04:52:07.596+0000] {logging_mixin.py:188} INFO - [2025-12-11T04:52:07.595+0000] {dag.py:3954} INFO - Setting next_dagrun for example_short_circuit_decorator to 2025-12-10 00:00:00+00:00, run_after=2025-12-11 00:00:00+00:00
[2025-12-11T04:52:07.625+0000] {processor.py:183} INFO - Processing /home/airflow/.local/lib/python3.9/site-packages/airflow/example_dags/example_short_circuit_decorator.py took 0.178 seconds
[2025-12-11T04:52:38.503+0000] {processor.py:161} INFO - Started process (PID=4495) to work on /home/airflow/.local/lib/python3.9/site-packages/airflow/example_dags/example_short_circuit_decorator.py
[2025-12-11T04:52:38.508+0000] {processor.py:830} INFO - Processing file /home/airflow/.local/lib/python3.9/site-packages/airflow/example_dags/example_short_circuit_decorator.py for tasks to queue
[2025-12-11T04:52:38.511+0000] {logging_mixin.py:188} INFO - [2025-12-11T04:52:38.511+0000] {dagbag.py:545} INFO - Filling up the DagBag from /home/airflow/.local/lib/python3.9/site-packages/airflow/example_dags/example_short_circuit_decorator.py
[2025-12-11T04:52:38.558+0000] {processor.py:840} INFO - DAG(s) 'example_short_circuit_decorator' retrieved from /home/airflow/.local/lib/python3.9/site-packages/airflow/example_dags/example_short_circuit_decorator.py
[2025-12-11T04:52:38.605+0000] {logging_mixin.py:188} INFO - [2025-12-11T04:52:38.605+0000] {dag.py:3096} INFO - Sync 1 DAGs
[2025-12-11T04:52:38.647+0000] {logging_mixin.py:188} INFO - [2025-12-11T04:52:38.646+0000] {dag.py:3954} INFO - Setting next_dagrun for example_short_circuit_decorator to 2025-12-10 00:00:00+00:00, run_after=2025-12-11 00:00:00+00:00
[2025-12-11T04:52:38.677+0000] {processor.py:183} INFO - Processing /home/airflow/.local/lib/python3.9/site-packages/airflow/example_dags/example_short_circuit_decorator.py took 0.193 seconds
