[2025-12-11T04:18:57.841+0000] {processor.py:161} INFO - Started process (PID=119) to work on /home/airflow/.local/lib/python3.9/site-packages/airflow/example_dags/example_branch_operator.py
[2025-12-11T04:18:57.894+0000] {processor.py:830} INFO - Processing file /home/airflow/.local/lib/python3.9/site-packages/airflow/example_dags/example_branch_operator.py for tasks to queue
[2025-12-11T04:18:57.898+0000] {logging_mixin.py:188} INFO - [2025-12-11T04:18:57.897+0000] {dagbag.py:545} INFO - Filling up the DagBag from /home/airflow/.local/lib/python3.9/site-packages/airflow/example_dags/example_branch_operator.py
[2025-12-11T04:18:58.593+0000] {processor.py:840} INFO - DAG(s) 'example_branch_operator' retrieved from /home/airflow/.local/lib/python3.9/site-packages/airflow/example_dags/example_branch_operator.py
[2025-12-11T04:18:58.752+0000] {logging_mixin.py:188} INFO - [2025-12-11T04:18:58.752+0000] {dag.py:3096} INFO - Sync 1 DAGs
[2025-12-11T04:18:58.790+0000] {logging_mixin.py:188} INFO - [2025-12-11T04:18:58.789+0000] {dag.py:3954} INFO - Setting next_dagrun for example_branch_operator to 2025-12-10 00:00:00+00:00, run_after=2025-12-11 00:00:00+00:00
[2025-12-11T04:18:58.872+0000] {processor.py:183} INFO - Processing /home/airflow/.local/lib/python3.9/site-packages/airflow/example_dags/example_branch_operator.py took 1.051 seconds
[2025-12-11T04:19:32.346+0000] {processor.py:161} INFO - Started process (PID=185) to work on /home/airflow/.local/lib/python3.9/site-packages/airflow/example_dags/example_branch_operator.py
[2025-12-11T04:19:32.392+0000] {processor.py:830} INFO - Processing file /home/airflow/.local/lib/python3.9/site-packages/airflow/example_dags/example_branch_operator.py for tasks to queue
[2025-12-11T04:19:32.396+0000] {logging_mixin.py:188} INFO - [2025-12-11T04:19:32.395+0000] {dagbag.py:545} INFO - Filling up the DagBag from /home/airflow/.local/lib/python3.9/site-packages/airflow/example_dags/example_branch_operator.py
[2025-12-11T04:19:32.421+0000] {processor.py:840} INFO - DAG(s) 'example_branch_operator' retrieved from /home/airflow/.local/lib/python3.9/site-packages/airflow/example_dags/example_branch_operator.py
[2025-12-11T04:19:32.474+0000] {logging_mixin.py:188} INFO - [2025-12-11T04:19:32.474+0000] {dag.py:3096} INFO - Sync 1 DAGs
[2025-12-11T04:19:32.559+0000] {logging_mixin.py:188} INFO - [2025-12-11T04:19:32.558+0000] {dag.py:3954} INFO - Setting next_dagrun for example_branch_operator to 2025-12-10 00:00:00+00:00, run_after=2025-12-11 00:00:00+00:00
[2025-12-11T04:19:32.601+0000] {processor.py:183} INFO - Processing /home/airflow/.local/lib/python3.9/site-packages/airflow/example_dags/example_branch_operator.py took 0.272 seconds
[2025-12-11T04:20:03.364+0000] {processor.py:161} INFO - Started process (PID=251) to work on /home/airflow/.local/lib/python3.9/site-packages/airflow/example_dags/example_branch_operator.py
[2025-12-11T04:20:03.365+0000] {processor.py:830} INFO - Processing file /home/airflow/.local/lib/python3.9/site-packages/airflow/example_dags/example_branch_operator.py for tasks to queue
[2025-12-11T04:20:03.377+0000] {logging_mixin.py:188} INFO - [2025-12-11T04:20:03.368+0000] {dagbag.py:545} INFO - Filling up the DagBag from /home/airflow/.local/lib/python3.9/site-packages/airflow/example_dags/example_branch_operator.py
[2025-12-11T04:20:03.439+0000] {processor.py:840} INFO - DAG(s) 'example_branch_operator' retrieved from /home/airflow/.local/lib/python3.9/site-packages/airflow/example_dags/example_branch_operator.py
[2025-12-11T04:20:03.642+0000] {logging_mixin.py:188} INFO - [2025-12-11T04:20:03.641+0000] {dag.py:3096} INFO - Sync 1 DAGs
[2025-12-11T04:20:03.781+0000] {logging_mixin.py:188} INFO - [2025-12-11T04:20:03.780+0000] {dag.py:3954} INFO - Setting next_dagrun for example_branch_operator to 2025-12-10 00:00:00+00:00, run_after=2025-12-11 00:00:00+00:00
[2025-12-11T04:20:03.900+0000] {processor.py:183} INFO - Processing /home/airflow/.local/lib/python3.9/site-packages/airflow/example_dags/example_branch_operator.py took 0.578 seconds
[2025-12-11T04:20:34.103+0000] {processor.py:161} INFO - Started process (PID=311) to work on /home/airflow/.local/lib/python3.9/site-packages/airflow/example_dags/example_branch_operator.py
[2025-12-11T04:20:34.105+0000] {processor.py:830} INFO - Processing file /home/airflow/.local/lib/python3.9/site-packages/airflow/example_dags/example_branch_operator.py for tasks to queue
[2025-12-11T04:20:34.120+0000] {logging_mixin.py:188} INFO - [2025-12-11T04:20:34.119+0000] {dagbag.py:545} INFO - Filling up the DagBag from /home/airflow/.local/lib/python3.9/site-packages/airflow/example_dags/example_branch_operator.py
[2025-12-11T04:20:34.206+0000] {processor.py:840} INFO - DAG(s) 'example_branch_operator' retrieved from /home/airflow/.local/lib/python3.9/site-packages/airflow/example_dags/example_branch_operator.py
[2025-12-11T04:20:34.360+0000] {logging_mixin.py:188} INFO - [2025-12-11T04:20:34.360+0000] {dag.py:3096} INFO - Sync 1 DAGs
[2025-12-11T04:20:34.444+0000] {logging_mixin.py:188} INFO - [2025-12-11T04:20:34.444+0000] {dag.py:3954} INFO - Setting next_dagrun for example_branch_operator to 2025-12-10 00:00:00+00:00, run_after=2025-12-11 00:00:00+00:00
[2025-12-11T04:20:34.542+0000] {processor.py:183} INFO - Processing /home/airflow/.local/lib/python3.9/site-packages/airflow/example_dags/example_branch_operator.py took 0.465 seconds
[2025-12-11T04:21:05.383+0000] {processor.py:161} INFO - Started process (PID=377) to work on /home/airflow/.local/lib/python3.9/site-packages/airflow/example_dags/example_branch_operator.py
[2025-12-11T04:21:05.390+0000] {processor.py:830} INFO - Processing file /home/airflow/.local/lib/python3.9/site-packages/airflow/example_dags/example_branch_operator.py for tasks to queue
[2025-12-11T04:21:05.401+0000] {logging_mixin.py:188} INFO - [2025-12-11T04:21:05.401+0000] {dagbag.py:545} INFO - Filling up the DagBag from /home/airflow/.local/lib/python3.9/site-packages/airflow/example_dags/example_branch_operator.py
[2025-12-11T04:21:05.441+0000] {processor.py:840} INFO - DAG(s) 'example_branch_operator' retrieved from /home/airflow/.local/lib/python3.9/site-packages/airflow/example_dags/example_branch_operator.py
[2025-12-11T04:21:05.528+0000] {logging_mixin.py:188} INFO - [2025-12-11T04:21:05.527+0000] {dag.py:3096} INFO - Sync 1 DAGs
[2025-12-11T04:21:05.604+0000] {logging_mixin.py:188} INFO - [2025-12-11T04:21:05.604+0000] {dag.py:3954} INFO - Setting next_dagrun for example_branch_operator to 2025-12-10 00:00:00+00:00, run_after=2025-12-11 00:00:00+00:00
[2025-12-11T04:21:05.649+0000] {processor.py:183} INFO - Processing /home/airflow/.local/lib/python3.9/site-packages/airflow/example_dags/example_branch_operator.py took 0.278 seconds
[2025-12-11T04:21:35.932+0000] {processor.py:161} INFO - Started process (PID=442) to work on /home/airflow/.local/lib/python3.9/site-packages/airflow/example_dags/example_branch_operator.py
[2025-12-11T04:21:35.938+0000] {processor.py:830} INFO - Processing file /home/airflow/.local/lib/python3.9/site-packages/airflow/example_dags/example_branch_operator.py for tasks to queue
[2025-12-11T04:21:35.941+0000] {logging_mixin.py:188} INFO - [2025-12-11T04:21:35.941+0000] {dagbag.py:545} INFO - Filling up the DagBag from /home/airflow/.local/lib/python3.9/site-packages/airflow/example_dags/example_branch_operator.py
[2025-12-11T04:21:35.988+0000] {processor.py:840} INFO - DAG(s) 'example_branch_operator' retrieved from /home/airflow/.local/lib/python3.9/site-packages/airflow/example_dags/example_branch_operator.py
[2025-12-11T04:21:36.070+0000] {logging_mixin.py:188} INFO - [2025-12-11T04:21:36.069+0000] {dag.py:3096} INFO - Sync 1 DAGs
[2025-12-11T04:21:36.127+0000] {logging_mixin.py:188} INFO - [2025-12-11T04:21:36.127+0000] {dag.py:3954} INFO - Setting next_dagrun for example_branch_operator to 2025-12-10 00:00:00+00:00, run_after=2025-12-11 00:00:00+00:00
[2025-12-11T04:21:36.177+0000] {processor.py:183} INFO - Processing /home/airflow/.local/lib/python3.9/site-packages/airflow/example_dags/example_branch_operator.py took 0.255 seconds
[2025-12-11T04:22:06.745+0000] {processor.py:161} INFO - Started process (PID=508) to work on /home/airflow/.local/lib/python3.9/site-packages/airflow/example_dags/example_branch_operator.py
[2025-12-11T04:22:06.750+0000] {processor.py:830} INFO - Processing file /home/airflow/.local/lib/python3.9/site-packages/airflow/example_dags/example_branch_operator.py for tasks to queue
[2025-12-11T04:22:06.761+0000] {logging_mixin.py:188} INFO - [2025-12-11T04:22:06.761+0000] {dagbag.py:545} INFO - Filling up the DagBag from /home/airflow/.local/lib/python3.9/site-packages/airflow/example_dags/example_branch_operator.py
[2025-12-11T04:22:06.799+0000] {processor.py:840} INFO - DAG(s) 'example_branch_operator' retrieved from /home/airflow/.local/lib/python3.9/site-packages/airflow/example_dags/example_branch_operator.py
[2025-12-11T04:22:06.917+0000] {logging_mixin.py:188} INFO - [2025-12-11T04:22:06.908+0000] {dag.py:3096} INFO - Sync 1 DAGs
[2025-12-11T04:22:06.999+0000] {logging_mixin.py:188} INFO - [2025-12-11T04:22:06.998+0000] {dag.py:3954} INFO - Setting next_dagrun for example_branch_operator to 2025-12-10 00:00:00+00:00, run_after=2025-12-11 00:00:00+00:00
[2025-12-11T04:22:07.226+0000] {processor.py:183} INFO - Processing /home/airflow/.local/lib/python3.9/site-packages/airflow/example_dags/example_branch_operator.py took 0.505 seconds
[2025-12-11T04:22:37.333+0000] {processor.py:161} INFO - Started process (PID=581) to work on /home/airflow/.local/lib/python3.9/site-packages/airflow/example_dags/example_branch_operator.py
[2025-12-11T04:22:37.341+0000] {processor.py:830} INFO - Processing file /home/airflow/.local/lib/python3.9/site-packages/airflow/example_dags/example_branch_operator.py for tasks to queue
[2025-12-11T04:22:37.344+0000] {logging_mixin.py:188} INFO - [2025-12-11T04:22:37.344+0000] {dagbag.py:545} INFO - Filling up the DagBag from /home/airflow/.local/lib/python3.9/site-packages/airflow/example_dags/example_branch_operator.py
[2025-12-11T04:22:37.368+0000] {processor.py:840} INFO - DAG(s) 'example_branch_operator' retrieved from /home/airflow/.local/lib/python3.9/site-packages/airflow/example_dags/example_branch_operator.py
[2025-12-11T04:22:37.421+0000] {logging_mixin.py:188} INFO - [2025-12-11T04:22:37.420+0000] {dag.py:3096} INFO - Sync 1 DAGs
[2025-12-11T04:22:37.464+0000] {logging_mixin.py:188} INFO - [2025-12-11T04:22:37.463+0000] {dag.py:3954} INFO - Setting next_dagrun for example_branch_operator to 2025-12-10 00:00:00+00:00, run_after=2025-12-11 00:00:00+00:00
[2025-12-11T04:22:37.677+0000] {processor.py:183} INFO - Processing /home/airflow/.local/lib/python3.9/site-packages/airflow/example_dags/example_branch_operator.py took 0.354 seconds
[2025-12-11T04:23:07.997+0000] {processor.py:161} INFO - Started process (PID=647) to work on /home/airflow/.local/lib/python3.9/site-packages/airflow/example_dags/example_branch_operator.py
[2025-12-11T04:23:08.005+0000] {processor.py:830} INFO - Processing file /home/airflow/.local/lib/python3.9/site-packages/airflow/example_dags/example_branch_operator.py for tasks to queue
[2025-12-11T04:23:08.009+0000] {logging_mixin.py:188} INFO - [2025-12-11T04:23:08.008+0000] {dagbag.py:545} INFO - Filling up the DagBag from /home/airflow/.local/lib/python3.9/site-packages/airflow/example_dags/example_branch_operator.py
[2025-12-11T04:23:08.037+0000] {processor.py:840} INFO - DAG(s) 'example_branch_operator' retrieved from /home/airflow/.local/lib/python3.9/site-packages/airflow/example_dags/example_branch_operator.py
[2025-12-11T04:23:08.090+0000] {logging_mixin.py:188} INFO - [2025-12-11T04:23:08.089+0000] {dag.py:3096} INFO - Sync 1 DAGs
[2025-12-11T04:23:08.137+0000] {logging_mixin.py:188} INFO - [2025-12-11T04:23:08.133+0000] {dag.py:3954} INFO - Setting next_dagrun for example_branch_operator to 2025-12-10 00:00:00+00:00, run_after=2025-12-11 00:00:00+00:00
[2025-12-11T04:23:08.178+0000] {processor.py:183} INFO - Processing /home/airflow/.local/lib/python3.9/site-packages/airflow/example_dags/example_branch_operator.py took 0.194 seconds
[2025-12-11T04:23:38.655+0000] {processor.py:161} INFO - Started process (PID=713) to work on /home/airflow/.local/lib/python3.9/site-packages/airflow/example_dags/example_branch_operator.py
[2025-12-11T04:23:38.656+0000] {processor.py:830} INFO - Processing file /home/airflow/.local/lib/python3.9/site-packages/airflow/example_dags/example_branch_operator.py for tasks to queue
[2025-12-11T04:23:38.660+0000] {logging_mixin.py:188} INFO - [2025-12-11T04:23:38.659+0000] {dagbag.py:545} INFO - Filling up the DagBag from /home/airflow/.local/lib/python3.9/site-packages/airflow/example_dags/example_branch_operator.py
[2025-12-11T04:23:38.685+0000] {processor.py:840} INFO - DAG(s) 'example_branch_operator' retrieved from /home/airflow/.local/lib/python3.9/site-packages/airflow/example_dags/example_branch_operator.py
[2025-12-11T04:23:38.731+0000] {logging_mixin.py:188} INFO - [2025-12-11T04:23:38.731+0000] {dag.py:3096} INFO - Sync 1 DAGs
[2025-12-11T04:23:38.768+0000] {logging_mixin.py:188} INFO - [2025-12-11T04:23:38.767+0000] {dag.py:3954} INFO - Setting next_dagrun for example_branch_operator to 2025-12-10 00:00:00+00:00, run_after=2025-12-11 00:00:00+00:00
[2025-12-11T04:23:38.793+0000] {processor.py:183} INFO - Processing /home/airflow/.local/lib/python3.9/site-packages/airflow/example_dags/example_branch_operator.py took 0.148 seconds
[2025-12-11T04:24:09.247+0000] {processor.py:161} INFO - Started process (PID=779) to work on /home/airflow/.local/lib/python3.9/site-packages/airflow/example_dags/example_branch_operator.py
[2025-12-11T04:24:09.249+0000] {processor.py:830} INFO - Processing file /home/airflow/.local/lib/python3.9/site-packages/airflow/example_dags/example_branch_operator.py for tasks to queue
[2025-12-11T04:24:09.251+0000] {logging_mixin.py:188} INFO - [2025-12-11T04:24:09.251+0000] {dagbag.py:545} INFO - Filling up the DagBag from /home/airflow/.local/lib/python3.9/site-packages/airflow/example_dags/example_branch_operator.py
[2025-12-11T04:24:09.274+0000] {processor.py:840} INFO - DAG(s) 'example_branch_operator' retrieved from /home/airflow/.local/lib/python3.9/site-packages/airflow/example_dags/example_branch_operator.py
[2025-12-11T04:24:09.317+0000] {logging_mixin.py:188} INFO - [2025-12-11T04:24:09.317+0000] {dag.py:3096} INFO - Sync 1 DAGs
[2025-12-11T04:24:09.351+0000] {logging_mixin.py:188} INFO - [2025-12-11T04:24:09.350+0000] {dag.py:3954} INFO - Setting next_dagrun for example_branch_operator to 2025-12-10 00:00:00+00:00, run_after=2025-12-11 00:00:00+00:00
[2025-12-11T04:24:09.374+0000] {processor.py:183} INFO - Processing /home/airflow/.local/lib/python3.9/site-packages/airflow/example_dags/example_branch_operator.py took 0.137 seconds
[2025-12-11T04:24:39.679+0000] {processor.py:161} INFO - Started process (PID=845) to work on /home/airflow/.local/lib/python3.9/site-packages/airflow/example_dags/example_branch_operator.py
[2025-12-11T04:24:39.680+0000] {processor.py:830} INFO - Processing file /home/airflow/.local/lib/python3.9/site-packages/airflow/example_dags/example_branch_operator.py for tasks to queue
[2025-12-11T04:24:39.683+0000] {logging_mixin.py:188} INFO - [2025-12-11T04:24:39.683+0000] {dagbag.py:545} INFO - Filling up the DagBag from /home/airflow/.local/lib/python3.9/site-packages/airflow/example_dags/example_branch_operator.py
[2025-12-11T04:24:39.707+0000] {processor.py:840} INFO - DAG(s) 'example_branch_operator' retrieved from /home/airflow/.local/lib/python3.9/site-packages/airflow/example_dags/example_branch_operator.py
[2025-12-11T04:24:39.755+0000] {logging_mixin.py:188} INFO - [2025-12-11T04:24:39.754+0000] {dag.py:3096} INFO - Sync 1 DAGs
[2025-12-11T04:24:39.789+0000] {logging_mixin.py:188} INFO - [2025-12-11T04:24:39.788+0000] {dag.py:3954} INFO - Setting next_dagrun for example_branch_operator to 2025-12-10 00:00:00+00:00, run_after=2025-12-11 00:00:00+00:00
[2025-12-11T04:24:39.813+0000] {processor.py:183} INFO - Processing /home/airflow/.local/lib/python3.9/site-packages/airflow/example_dags/example_branch_operator.py took 0.145 seconds
[2025-12-11T04:25:10.492+0000] {processor.py:161} INFO - Started process (PID=910) to work on /home/airflow/.local/lib/python3.9/site-packages/airflow/example_dags/example_branch_operator.py
[2025-12-11T04:25:10.494+0000] {processor.py:830} INFO - Processing file /home/airflow/.local/lib/python3.9/site-packages/airflow/example_dags/example_branch_operator.py for tasks to queue
[2025-12-11T04:25:10.496+0000] {logging_mixin.py:188} INFO - [2025-12-11T04:25:10.496+0000] {dagbag.py:545} INFO - Filling up the DagBag from /home/airflow/.local/lib/python3.9/site-packages/airflow/example_dags/example_branch_operator.py
[2025-12-11T04:25:10.521+0000] {processor.py:840} INFO - DAG(s) 'example_branch_operator' retrieved from /home/airflow/.local/lib/python3.9/site-packages/airflow/example_dags/example_branch_operator.py
[2025-12-11T04:25:10.580+0000] {logging_mixin.py:188} INFO - [2025-12-11T04:25:10.580+0000] {dag.py:3096} INFO - Sync 1 DAGs
[2025-12-11T04:25:10.635+0000] {logging_mixin.py:188} INFO - [2025-12-11T04:25:10.634+0000] {dag.py:3954} INFO - Setting next_dagrun for example_branch_operator to 2025-12-10 00:00:00+00:00, run_after=2025-12-11 00:00:00+00:00
[2025-12-11T04:25:10.670+0000] {processor.py:183} INFO - Processing /home/airflow/.local/lib/python3.9/site-packages/airflow/example_dags/example_branch_operator.py took 0.188 seconds
[2025-12-11T04:25:41.185+0000] {processor.py:161} INFO - Started process (PID=976) to work on /home/airflow/.local/lib/python3.9/site-packages/airflow/example_dags/example_branch_operator.py
[2025-12-11T04:25:41.195+0000] {processor.py:830} INFO - Processing file /home/airflow/.local/lib/python3.9/site-packages/airflow/example_dags/example_branch_operator.py for tasks to queue
[2025-12-11T04:25:41.197+0000] {logging_mixin.py:188} INFO - [2025-12-11T04:25:41.197+0000] {dagbag.py:545} INFO - Filling up the DagBag from /home/airflow/.local/lib/python3.9/site-packages/airflow/example_dags/example_branch_operator.py
[2025-12-11T04:25:41.238+0000] {processor.py:840} INFO - DAG(s) 'example_branch_operator' retrieved from /home/airflow/.local/lib/python3.9/site-packages/airflow/example_dags/example_branch_operator.py
[2025-12-11T04:25:41.302+0000] {logging_mixin.py:188} INFO - [2025-12-11T04:25:41.302+0000] {dag.py:3096} INFO - Sync 1 DAGs
[2025-12-11T04:25:41.350+0000] {logging_mixin.py:188} INFO - [2025-12-11T04:25:41.349+0000] {dag.py:3954} INFO - Setting next_dagrun for example_branch_operator to 2025-12-10 00:00:00+00:00, run_after=2025-12-11 00:00:00+00:00
[2025-12-11T04:25:41.436+0000] {processor.py:183} INFO - Processing /home/airflow/.local/lib/python3.9/site-packages/airflow/example_dags/example_branch_operator.py took 0.260 seconds
[2025-12-11T04:26:11.622+0000] {processor.py:161} INFO - Started process (PID=1042) to work on /home/airflow/.local/lib/python3.9/site-packages/airflow/example_dags/example_branch_operator.py
[2025-12-11T04:26:11.691+0000] {processor.py:830} INFO - Processing file /home/airflow/.local/lib/python3.9/site-packages/airflow/example_dags/example_branch_operator.py for tasks to queue
[2025-12-11T04:26:11.695+0000] {logging_mixin.py:188} INFO - [2025-12-11T04:26:11.695+0000] {dagbag.py:545} INFO - Filling up the DagBag from /home/airflow/.local/lib/python3.9/site-packages/airflow/example_dags/example_branch_operator.py
[2025-12-11T04:26:11.722+0000] {processor.py:840} INFO - DAG(s) 'example_branch_operator' retrieved from /home/airflow/.local/lib/python3.9/site-packages/airflow/example_dags/example_branch_operator.py
[2025-12-11T04:26:11.782+0000] {logging_mixin.py:188} INFO - [2025-12-11T04:26:11.782+0000] {dag.py:3096} INFO - Sync 1 DAGs
[2025-12-11T04:26:11.835+0000] {logging_mixin.py:188} INFO - [2025-12-11T04:26:11.835+0000] {dag.py:3954} INFO - Setting next_dagrun for example_branch_operator to 2025-12-10 00:00:00+00:00, run_after=2025-12-11 00:00:00+00:00
[2025-12-11T04:26:11.871+0000] {processor.py:183} INFO - Processing /home/airflow/.local/lib/python3.9/site-packages/airflow/example_dags/example_branch_operator.py took 0.260 seconds
[2025-12-11T04:26:42.065+0000] {processor.py:161} INFO - Started process (PID=1108) to work on /home/airflow/.local/lib/python3.9/site-packages/airflow/example_dags/example_branch_operator.py
[2025-12-11T04:26:42.081+0000] {processor.py:830} INFO - Processing file /home/airflow/.local/lib/python3.9/site-packages/airflow/example_dags/example_branch_operator.py for tasks to queue
[2025-12-11T04:26:42.084+0000] {logging_mixin.py:188} INFO - [2025-12-11T04:26:42.084+0000] {dagbag.py:545} INFO - Filling up the DagBag from /home/airflow/.local/lib/python3.9/site-packages/airflow/example_dags/example_branch_operator.py
[2025-12-11T04:26:42.116+0000] {processor.py:840} INFO - DAG(s) 'example_branch_operator' retrieved from /home/airflow/.local/lib/python3.9/site-packages/airflow/example_dags/example_branch_operator.py
[2025-12-11T04:26:42.167+0000] {logging_mixin.py:188} INFO - [2025-12-11T04:26:42.167+0000] {dag.py:3096} INFO - Sync 1 DAGs
[2025-12-11T04:26:42.210+0000] {logging_mixin.py:188} INFO - [2025-12-11T04:26:42.209+0000] {dag.py:3954} INFO - Setting next_dagrun for example_branch_operator to 2025-12-10 00:00:00+00:00, run_after=2025-12-11 00:00:00+00:00
[2025-12-11T04:26:42.378+0000] {processor.py:183} INFO - Processing /home/airflow/.local/lib/python3.9/site-packages/airflow/example_dags/example_branch_operator.py took 0.324 seconds
[2025-12-11T04:27:13.163+0000] {processor.py:161} INFO - Started process (PID=1174) to work on /home/airflow/.local/lib/python3.9/site-packages/airflow/example_dags/example_branch_operator.py
[2025-12-11T04:27:13.165+0000] {processor.py:830} INFO - Processing file /home/airflow/.local/lib/python3.9/site-packages/airflow/example_dags/example_branch_operator.py for tasks to queue
[2025-12-11T04:27:13.169+0000] {logging_mixin.py:188} INFO - [2025-12-11T04:27:13.168+0000] {dagbag.py:545} INFO - Filling up the DagBag from /home/airflow/.local/lib/python3.9/site-packages/airflow/example_dags/example_branch_operator.py
[2025-12-11T04:27:13.197+0000] {processor.py:840} INFO - DAG(s) 'example_branch_operator' retrieved from /home/airflow/.local/lib/python3.9/site-packages/airflow/example_dags/example_branch_operator.py
[2025-12-11T04:27:13.250+0000] {logging_mixin.py:188} INFO - [2025-12-11T04:27:13.250+0000] {dag.py:3096} INFO - Sync 1 DAGs
[2025-12-11T04:27:13.288+0000] {logging_mixin.py:188} INFO - [2025-12-11T04:27:13.288+0000] {dag.py:3954} INFO - Setting next_dagrun for example_branch_operator to 2025-12-10 00:00:00+00:00, run_after=2025-12-11 00:00:00+00:00
[2025-12-11T04:27:13.316+0000] {processor.py:183} INFO - Processing /home/airflow/.local/lib/python3.9/site-packages/airflow/example_dags/example_branch_operator.py took 0.166 seconds
[2025-12-11T04:27:43.447+0000] {processor.py:161} INFO - Started process (PID=1240) to work on /home/airflow/.local/lib/python3.9/site-packages/airflow/example_dags/example_branch_operator.py
[2025-12-11T04:27:43.449+0000] {processor.py:830} INFO - Processing file /home/airflow/.local/lib/python3.9/site-packages/airflow/example_dags/example_branch_operator.py for tasks to queue
[2025-12-11T04:27:43.452+0000] {logging_mixin.py:188} INFO - [2025-12-11T04:27:43.451+0000] {dagbag.py:545} INFO - Filling up the DagBag from /home/airflow/.local/lib/python3.9/site-packages/airflow/example_dags/example_branch_operator.py
[2025-12-11T04:27:43.475+0000] {processor.py:840} INFO - DAG(s) 'example_branch_operator' retrieved from /home/airflow/.local/lib/python3.9/site-packages/airflow/example_dags/example_branch_operator.py
[2025-12-11T04:27:43.521+0000] {logging_mixin.py:188} INFO - [2025-12-11T04:27:43.520+0000] {dag.py:3096} INFO - Sync 1 DAGs
[2025-12-11T04:27:43.557+0000] {logging_mixin.py:188} INFO - [2025-12-11T04:27:43.557+0000] {dag.py:3954} INFO - Setting next_dagrun for example_branch_operator to 2025-12-10 00:00:00+00:00, run_after=2025-12-11 00:00:00+00:00
[2025-12-11T04:27:43.587+0000] {processor.py:183} INFO - Processing /home/airflow/.local/lib/python3.9/site-packages/airflow/example_dags/example_branch_operator.py took 0.150 seconds
[2025-12-11T04:28:13.959+0000] {processor.py:161} INFO - Started process (PID=1306) to work on /home/airflow/.local/lib/python3.9/site-packages/airflow/example_dags/example_branch_operator.py
[2025-12-11T04:28:13.962+0000] {processor.py:830} INFO - Processing file /home/airflow/.local/lib/python3.9/site-packages/airflow/example_dags/example_branch_operator.py for tasks to queue
[2025-12-11T04:28:13.965+0000] {logging_mixin.py:188} INFO - [2025-12-11T04:28:13.965+0000] {dagbag.py:545} INFO - Filling up the DagBag from /home/airflow/.local/lib/python3.9/site-packages/airflow/example_dags/example_branch_operator.py
[2025-12-11T04:28:13.996+0000] {processor.py:840} INFO - DAG(s) 'example_branch_operator' retrieved from /home/airflow/.local/lib/python3.9/site-packages/airflow/example_dags/example_branch_operator.py
[2025-12-11T04:28:14.059+0000] {logging_mixin.py:188} INFO - [2025-12-11T04:28:14.059+0000] {dag.py:3096} INFO - Sync 1 DAGs
[2025-12-11T04:28:14.101+0000] {logging_mixin.py:188} INFO - [2025-12-11T04:28:14.100+0000] {dag.py:3954} INFO - Setting next_dagrun for example_branch_operator to 2025-12-10 00:00:00+00:00, run_after=2025-12-11 00:00:00+00:00
[2025-12-11T04:28:14.142+0000] {processor.py:183} INFO - Processing /home/airflow/.local/lib/python3.9/site-packages/airflow/example_dags/example_branch_operator.py took 0.195 seconds
[2025-12-11T04:28:44.271+0000] {processor.py:161} INFO - Started process (PID=1370) to work on /home/airflow/.local/lib/python3.9/site-packages/airflow/example_dags/example_branch_operator.py
[2025-12-11T04:28:44.352+0000] {processor.py:830} INFO - Processing file /home/airflow/.local/lib/python3.9/site-packages/airflow/example_dags/example_branch_operator.py for tasks to queue
[2025-12-11T04:28:44.355+0000] {logging_mixin.py:188} INFO - [2025-12-11T04:28:44.355+0000] {dagbag.py:545} INFO - Filling up the DagBag from /home/airflow/.local/lib/python3.9/site-packages/airflow/example_dags/example_branch_operator.py
[2025-12-11T04:28:44.378+0000] {processor.py:840} INFO - DAG(s) 'example_branch_operator' retrieved from /home/airflow/.local/lib/python3.9/site-packages/airflow/example_dags/example_branch_operator.py
[2025-12-11T04:28:44.433+0000] {logging_mixin.py:188} INFO - [2025-12-11T04:28:44.432+0000] {dag.py:3096} INFO - Sync 1 DAGs
[2025-12-11T04:28:44.475+0000] {logging_mixin.py:188} INFO - [2025-12-11T04:28:44.475+0000] {dag.py:3954} INFO - Setting next_dagrun for example_branch_operator to 2025-12-10 00:00:00+00:00, run_after=2025-12-11 00:00:00+00:00
[2025-12-11T04:28:44.529+0000] {processor.py:183} INFO - Processing /home/airflow/.local/lib/python3.9/site-packages/airflow/example_dags/example_branch_operator.py took 0.268 seconds
[2025-12-11T04:29:14.903+0000] {processor.py:161} INFO - Started process (PID=1436) to work on /home/airflow/.local/lib/python3.9/site-packages/airflow/example_dags/example_branch_operator.py
[2025-12-11T04:29:14.911+0000] {processor.py:830} INFO - Processing file /home/airflow/.local/lib/python3.9/site-packages/airflow/example_dags/example_branch_operator.py for tasks to queue
[2025-12-11T04:29:14.913+0000] {logging_mixin.py:188} INFO - [2025-12-11T04:29:14.913+0000] {dagbag.py:545} INFO - Filling up the DagBag from /home/airflow/.local/lib/python3.9/site-packages/airflow/example_dags/example_branch_operator.py
[2025-12-11T04:29:14.936+0000] {processor.py:840} INFO - DAG(s) 'example_branch_operator' retrieved from /home/airflow/.local/lib/python3.9/site-packages/airflow/example_dags/example_branch_operator.py
[2025-12-11T04:29:14.983+0000] {logging_mixin.py:188} INFO - [2025-12-11T04:29:14.982+0000] {dag.py:3096} INFO - Sync 1 DAGs
[2025-12-11T04:29:15.023+0000] {logging_mixin.py:188} INFO - [2025-12-11T04:29:15.022+0000] {dag.py:3954} INFO - Setting next_dagrun for example_branch_operator to 2025-12-10 00:00:00+00:00, run_after=2025-12-11 00:00:00+00:00
[2025-12-11T04:29:15.049+0000] {processor.py:183} INFO - Processing /home/airflow/.local/lib/python3.9/site-packages/airflow/example_dags/example_branch_operator.py took 0.155 seconds
[2025-12-11T04:29:45.631+0000] {processor.py:161} INFO - Started process (PID=1502) to work on /home/airflow/.local/lib/python3.9/site-packages/airflow/example_dags/example_branch_operator.py
[2025-12-11T04:29:45.633+0000] {processor.py:830} INFO - Processing file /home/airflow/.local/lib/python3.9/site-packages/airflow/example_dags/example_branch_operator.py for tasks to queue
[2025-12-11T04:29:45.636+0000] {logging_mixin.py:188} INFO - [2025-12-11T04:29:45.635+0000] {dagbag.py:545} INFO - Filling up the DagBag from /home/airflow/.local/lib/python3.9/site-packages/airflow/example_dags/example_branch_operator.py
[2025-12-11T04:29:45.665+0000] {processor.py:840} INFO - DAG(s) 'example_branch_operator' retrieved from /home/airflow/.local/lib/python3.9/site-packages/airflow/example_dags/example_branch_operator.py
[2025-12-11T04:29:45.721+0000] {logging_mixin.py:188} INFO - [2025-12-11T04:29:45.720+0000] {dag.py:3096} INFO - Sync 1 DAGs
[2025-12-11T04:29:45.759+0000] {logging_mixin.py:188} INFO - [2025-12-11T04:29:45.759+0000] {dag.py:3954} INFO - Setting next_dagrun for example_branch_operator to 2025-12-10 00:00:00+00:00, run_after=2025-12-11 00:00:00+00:00
[2025-12-11T04:29:45.785+0000] {processor.py:183} INFO - Processing /home/airflow/.local/lib/python3.9/site-packages/airflow/example_dags/example_branch_operator.py took 0.168 seconds
[2025-12-11T04:30:15.868+0000] {processor.py:161} INFO - Started process (PID=1568) to work on /home/airflow/.local/lib/python3.9/site-packages/airflow/example_dags/example_branch_operator.py
[2025-12-11T04:30:15.870+0000] {processor.py:830} INFO - Processing file /home/airflow/.local/lib/python3.9/site-packages/airflow/example_dags/example_branch_operator.py for tasks to queue
[2025-12-11T04:30:15.873+0000] {logging_mixin.py:188} INFO - [2025-12-11T04:30:15.872+0000] {dagbag.py:545} INFO - Filling up the DagBag from /home/airflow/.local/lib/python3.9/site-packages/airflow/example_dags/example_branch_operator.py
[2025-12-11T04:30:15.897+0000] {processor.py:840} INFO - DAG(s) 'example_branch_operator' retrieved from /home/airflow/.local/lib/python3.9/site-packages/airflow/example_dags/example_branch_operator.py
[2025-12-11T04:30:15.948+0000] {logging_mixin.py:188} INFO - [2025-12-11T04:30:15.947+0000] {dag.py:3096} INFO - Sync 1 DAGs
[2025-12-11T04:30:15.984+0000] {logging_mixin.py:188} INFO - [2025-12-11T04:30:15.983+0000] {dag.py:3954} INFO - Setting next_dagrun for example_branch_operator to 2025-12-10 00:00:00+00:00, run_after=2025-12-11 00:00:00+00:00
[2025-12-11T04:30:16.014+0000] {processor.py:183} INFO - Processing /home/airflow/.local/lib/python3.9/site-packages/airflow/example_dags/example_branch_operator.py took 0.156 seconds
[2025-12-11T04:30:46.072+0000] {processor.py:161} INFO - Started process (PID=1633) to work on /home/airflow/.local/lib/python3.9/site-packages/airflow/example_dags/example_branch_operator.py
[2025-12-11T04:30:46.074+0000] {processor.py:830} INFO - Processing file /home/airflow/.local/lib/python3.9/site-packages/airflow/example_dags/example_branch_operator.py for tasks to queue
[2025-12-11T04:30:46.076+0000] {logging_mixin.py:188} INFO - [2025-12-11T04:30:46.076+0000] {dagbag.py:545} INFO - Filling up the DagBag from /home/airflow/.local/lib/python3.9/site-packages/airflow/example_dags/example_branch_operator.py
[2025-12-11T04:30:46.101+0000] {processor.py:840} INFO - DAG(s) 'example_branch_operator' retrieved from /home/airflow/.local/lib/python3.9/site-packages/airflow/example_dags/example_branch_operator.py
[2025-12-11T04:30:46.149+0000] {logging_mixin.py:188} INFO - [2025-12-11T04:30:46.148+0000] {dag.py:3096} INFO - Sync 1 DAGs
[2025-12-11T04:30:46.186+0000] {logging_mixin.py:188} INFO - [2025-12-11T04:30:46.186+0000] {dag.py:3954} INFO - Setting next_dagrun for example_branch_operator to 2025-12-10 00:00:00+00:00, run_after=2025-12-11 00:00:00+00:00
[2025-12-11T04:30:46.213+0000] {processor.py:183} INFO - Processing /home/airflow/.local/lib/python3.9/site-packages/airflow/example_dags/example_branch_operator.py took 0.152 seconds
[2025-12-11T04:31:16.950+0000] {processor.py:161} INFO - Started process (PID=1699) to work on /home/airflow/.local/lib/python3.9/site-packages/airflow/example_dags/example_branch_operator.py
[2025-12-11T04:31:16.952+0000] {processor.py:830} INFO - Processing file /home/airflow/.local/lib/python3.9/site-packages/airflow/example_dags/example_branch_operator.py for tasks to queue
[2025-12-11T04:31:16.959+0000] {logging_mixin.py:188} INFO - [2025-12-11T04:31:16.958+0000] {dagbag.py:545} INFO - Filling up the DagBag from /home/airflow/.local/lib/python3.9/site-packages/airflow/example_dags/example_branch_operator.py
[2025-12-11T04:31:17.000+0000] {processor.py:840} INFO - DAG(s) 'example_branch_operator' retrieved from /home/airflow/.local/lib/python3.9/site-packages/airflow/example_dags/example_branch_operator.py
[2025-12-11T04:31:17.103+0000] {logging_mixin.py:188} INFO - [2025-12-11T04:31:17.103+0000] {dag.py:3096} INFO - Sync 1 DAGs
[2025-12-11T04:31:17.146+0000] {logging_mixin.py:188} INFO - [2025-12-11T04:31:17.145+0000] {dag.py:3954} INFO - Setting next_dagrun for example_branch_operator to 2025-12-10 00:00:00+00:00, run_after=2025-12-11 00:00:00+00:00
[2025-12-11T04:31:17.177+0000] {processor.py:183} INFO - Processing /home/airflow/.local/lib/python3.9/site-packages/airflow/example_dags/example_branch_operator.py took 0.237 seconds
[2025-12-11T04:31:47.639+0000] {processor.py:161} INFO - Started process (PID=1765) to work on /home/airflow/.local/lib/python3.9/site-packages/airflow/example_dags/example_branch_operator.py
[2025-12-11T04:31:47.641+0000] {processor.py:830} INFO - Processing file /home/airflow/.local/lib/python3.9/site-packages/airflow/example_dags/example_branch_operator.py for tasks to queue
[2025-12-11T04:31:47.645+0000] {logging_mixin.py:188} INFO - [2025-12-11T04:31:47.644+0000] {dagbag.py:545} INFO - Filling up the DagBag from /home/airflow/.local/lib/python3.9/site-packages/airflow/example_dags/example_branch_operator.py
[2025-12-11T04:31:47.706+0000] {processor.py:840} INFO - DAG(s) 'example_branch_operator' retrieved from /home/airflow/.local/lib/python3.9/site-packages/airflow/example_dags/example_branch_operator.py
[2025-12-11T04:31:47.810+0000] {logging_mixin.py:188} INFO - [2025-12-11T04:31:47.809+0000] {dag.py:3096} INFO - Sync 1 DAGs
[2025-12-11T04:31:47.900+0000] {logging_mixin.py:188} INFO - [2025-12-11T04:31:47.900+0000] {dag.py:3954} INFO - Setting next_dagrun for example_branch_operator to 2025-12-10 00:00:00+00:00, run_after=2025-12-11 00:00:00+00:00
[2025-12-11T04:31:47.954+0000] {processor.py:183} INFO - Processing /home/airflow/.local/lib/python3.9/site-packages/airflow/example_dags/example_branch_operator.py took 0.336 seconds
[2025-12-11T04:32:18.049+0000] {processor.py:161} INFO - Started process (PID=1831) to work on /home/airflow/.local/lib/python3.9/site-packages/airflow/example_dags/example_branch_operator.py
[2025-12-11T04:32:18.060+0000] {processor.py:830} INFO - Processing file /home/airflow/.local/lib/python3.9/site-packages/airflow/example_dags/example_branch_operator.py for tasks to queue
[2025-12-11T04:32:18.063+0000] {logging_mixin.py:188} INFO - [2025-12-11T04:32:18.063+0000] {dagbag.py:545} INFO - Filling up the DagBag from /home/airflow/.local/lib/python3.9/site-packages/airflow/example_dags/example_branch_operator.py
[2025-12-11T04:32:18.102+0000] {processor.py:840} INFO - DAG(s) 'example_branch_operator' retrieved from /home/airflow/.local/lib/python3.9/site-packages/airflow/example_dags/example_branch_operator.py
[2025-12-11T04:32:18.165+0000] {logging_mixin.py:188} INFO - [2025-12-11T04:32:18.165+0000] {dag.py:3096} INFO - Sync 1 DAGs
[2025-12-11T04:32:18.223+0000] {logging_mixin.py:188} INFO - [2025-12-11T04:32:18.222+0000] {dag.py:3954} INFO - Setting next_dagrun for example_branch_operator to 2025-12-10 00:00:00+00:00, run_after=2025-12-11 00:00:00+00:00
[2025-12-11T04:32:18.303+0000] {processor.py:183} INFO - Processing /home/airflow/.local/lib/python3.9/site-packages/airflow/example_dags/example_branch_operator.py took 0.264 seconds
[2025-12-11T04:32:49.002+0000] {processor.py:161} INFO - Started process (PID=1897) to work on /home/airflow/.local/lib/python3.9/site-packages/airflow/example_dags/example_branch_operator.py
[2025-12-11T04:32:49.004+0000] {processor.py:830} INFO - Processing file /home/airflow/.local/lib/python3.9/site-packages/airflow/example_dags/example_branch_operator.py for tasks to queue
[2025-12-11T04:32:49.007+0000] {logging_mixin.py:188} INFO - [2025-12-11T04:32:49.007+0000] {dagbag.py:545} INFO - Filling up the DagBag from /home/airflow/.local/lib/python3.9/site-packages/airflow/example_dags/example_branch_operator.py
[2025-12-11T04:32:49.044+0000] {processor.py:840} INFO - DAG(s) 'example_branch_operator' retrieved from /home/airflow/.local/lib/python3.9/site-packages/airflow/example_dags/example_branch_operator.py
[2025-12-11T04:32:49.095+0000] {logging_mixin.py:188} INFO - [2025-12-11T04:32:49.094+0000] {dag.py:3096} INFO - Sync 1 DAGs
[2025-12-11T04:32:49.135+0000] {logging_mixin.py:188} INFO - [2025-12-11T04:32:49.135+0000] {dag.py:3954} INFO - Setting next_dagrun for example_branch_operator to 2025-12-10 00:00:00+00:00, run_after=2025-12-11 00:00:00+00:00
[2025-12-11T04:32:49.161+0000] {processor.py:183} INFO - Processing /home/airflow/.local/lib/python3.9/site-packages/airflow/example_dags/example_branch_operator.py took 0.171 seconds
[2025-12-11T04:33:19.397+0000] {processor.py:161} INFO - Started process (PID=1963) to work on /home/airflow/.local/lib/python3.9/site-packages/airflow/example_dags/example_branch_operator.py
[2025-12-11T04:33:19.402+0000] {processor.py:830} INFO - Processing file /home/airflow/.local/lib/python3.9/site-packages/airflow/example_dags/example_branch_operator.py for tasks to queue
[2025-12-11T04:33:19.405+0000] {logging_mixin.py:188} INFO - [2025-12-11T04:33:19.404+0000] {dagbag.py:545} INFO - Filling up the DagBag from /home/airflow/.local/lib/python3.9/site-packages/airflow/example_dags/example_branch_operator.py
[2025-12-11T04:33:19.432+0000] {processor.py:840} INFO - DAG(s) 'example_branch_operator' retrieved from /home/airflow/.local/lib/python3.9/site-packages/airflow/example_dags/example_branch_operator.py
[2025-12-11T04:33:19.488+0000] {logging_mixin.py:188} INFO - [2025-12-11T04:33:19.488+0000] {dag.py:3096} INFO - Sync 1 DAGs
[2025-12-11T04:33:19.541+0000] {logging_mixin.py:188} INFO - [2025-12-11T04:33:19.540+0000] {dag.py:3954} INFO - Setting next_dagrun for example_branch_operator to 2025-12-10 00:00:00+00:00, run_after=2025-12-11 00:00:00+00:00
[2025-12-11T04:33:19.660+0000] {processor.py:183} INFO - Processing /home/airflow/.local/lib/python3.9/site-packages/airflow/example_dags/example_branch_operator.py took 0.273 seconds
[2025-12-11T04:33:50.020+0000] {processor.py:161} INFO - Started process (PID=2030) to work on /home/airflow/.local/lib/python3.9/site-packages/airflow/example_dags/example_branch_operator.py
[2025-12-11T04:33:50.028+0000] {processor.py:830} INFO - Processing file /home/airflow/.local/lib/python3.9/site-packages/airflow/example_dags/example_branch_operator.py for tasks to queue
[2025-12-11T04:33:50.039+0000] {logging_mixin.py:188} INFO - [2025-12-11T04:33:50.039+0000] {dagbag.py:545} INFO - Filling up the DagBag from /home/airflow/.local/lib/python3.9/site-packages/airflow/example_dags/example_branch_operator.py
[2025-12-11T04:33:50.085+0000] {processor.py:840} INFO - DAG(s) 'example_branch_operator' retrieved from /home/airflow/.local/lib/python3.9/site-packages/airflow/example_dags/example_branch_operator.py
[2025-12-11T04:33:50.204+0000] {logging_mixin.py:188} INFO - [2025-12-11T04:33:50.204+0000] {dag.py:3096} INFO - Sync 1 DAGs
[2025-12-11T04:33:50.325+0000] {logging_mixin.py:188} INFO - [2025-12-11T04:33:50.325+0000] {dag.py:3954} INFO - Setting next_dagrun for example_branch_operator to 2025-12-10 00:00:00+00:00, run_after=2025-12-11 00:00:00+00:00
[2025-12-11T04:33:50.403+0000] {processor.py:183} INFO - Processing /home/airflow/.local/lib/python3.9/site-packages/airflow/example_dags/example_branch_operator.py took 0.404 seconds
[2025-12-11T04:34:20.482+0000] {processor.py:161} INFO - Started process (PID=2105) to work on /home/airflow/.local/lib/python3.9/site-packages/airflow/example_dags/example_branch_operator.py
[2025-12-11T04:34:20.657+0000] {processor.py:830} INFO - Processing file /home/airflow/.local/lib/python3.9/site-packages/airflow/example_dags/example_branch_operator.py for tasks to queue
[2025-12-11T04:34:20.660+0000] {logging_mixin.py:188} INFO - [2025-12-11T04:34:20.660+0000] {dagbag.py:545} INFO - Filling up the DagBag from /home/airflow/.local/lib/python3.9/site-packages/airflow/example_dags/example_branch_operator.py
[2025-12-11T04:34:20.690+0000] {processor.py:840} INFO - DAG(s) 'example_branch_operator' retrieved from /home/airflow/.local/lib/python3.9/site-packages/airflow/example_dags/example_branch_operator.py
[2025-12-11T04:34:20.766+0000] {logging_mixin.py:188} INFO - [2025-12-11T04:34:20.765+0000] {dag.py:3096} INFO - Sync 1 DAGs
[2025-12-11T04:34:20.809+0000] {logging_mixin.py:188} INFO - [2025-12-11T04:34:20.809+0000] {dag.py:3954} INFO - Setting next_dagrun for example_branch_operator to 2025-12-10 00:00:00+00:00, run_after=2025-12-11 00:00:00+00:00
[2025-12-11T04:34:20.855+0000] {processor.py:183} INFO - Processing /home/airflow/.local/lib/python3.9/site-packages/airflow/example_dags/example_branch_operator.py took 0.385 seconds
[2025-12-11T04:34:51.519+0000] {processor.py:161} INFO - Started process (PID=2172) to work on /home/airflow/.local/lib/python3.9/site-packages/airflow/example_dags/example_branch_operator.py
[2025-12-11T04:34:51.528+0000] {processor.py:830} INFO - Processing file /home/airflow/.local/lib/python3.9/site-packages/airflow/example_dags/example_branch_operator.py for tasks to queue
[2025-12-11T04:34:51.530+0000] {logging_mixin.py:188} INFO - [2025-12-11T04:34:51.530+0000] {dagbag.py:545} INFO - Filling up the DagBag from /home/airflow/.local/lib/python3.9/site-packages/airflow/example_dags/example_branch_operator.py
[2025-12-11T04:34:51.565+0000] {processor.py:840} INFO - DAG(s) 'example_branch_operator' retrieved from /home/airflow/.local/lib/python3.9/site-packages/airflow/example_dags/example_branch_operator.py
[2025-12-11T04:34:51.640+0000] {logging_mixin.py:188} INFO - [2025-12-11T04:34:51.640+0000] {dag.py:3096} INFO - Sync 1 DAGs
[2025-12-11T04:34:51.688+0000] {logging_mixin.py:188} INFO - [2025-12-11T04:34:51.688+0000] {dag.py:3954} INFO - Setting next_dagrun for example_branch_operator to 2025-12-10 00:00:00+00:00, run_after=2025-12-11 00:00:00+00:00
[2025-12-11T04:34:51.729+0000] {processor.py:183} INFO - Processing /home/airflow/.local/lib/python3.9/site-packages/airflow/example_dags/example_branch_operator.py took 0.225 seconds
[2025-12-11T04:35:22.399+0000] {processor.py:161} INFO - Started process (PID=2240) to work on /home/airflow/.local/lib/python3.9/site-packages/airflow/example_dags/example_branch_operator.py
[2025-12-11T04:35:22.401+0000] {processor.py:830} INFO - Processing file /home/airflow/.local/lib/python3.9/site-packages/airflow/example_dags/example_branch_operator.py for tasks to queue
[2025-12-11T04:35:22.403+0000] {logging_mixin.py:188} INFO - [2025-12-11T04:35:22.403+0000] {dagbag.py:545} INFO - Filling up the DagBag from /home/airflow/.local/lib/python3.9/site-packages/airflow/example_dags/example_branch_operator.py
[2025-12-11T04:35:22.430+0000] {processor.py:840} INFO - DAG(s) 'example_branch_operator' retrieved from /home/airflow/.local/lib/python3.9/site-packages/airflow/example_dags/example_branch_operator.py
[2025-12-11T04:35:22.483+0000] {logging_mixin.py:188} INFO - [2025-12-11T04:35:22.483+0000] {dag.py:3096} INFO - Sync 1 DAGs
[2025-12-11T04:35:22.521+0000] {logging_mixin.py:188} INFO - [2025-12-11T04:35:22.520+0000] {dag.py:3954} INFO - Setting next_dagrun for example_branch_operator to 2025-12-10 00:00:00+00:00, run_after=2025-12-11 00:00:00+00:00
[2025-12-11T04:35:22.548+0000] {processor.py:183} INFO - Processing /home/airflow/.local/lib/python3.9/site-packages/airflow/example_dags/example_branch_operator.py took 0.161 seconds
[2025-12-11T04:35:53.338+0000] {processor.py:161} INFO - Started process (PID=2307) to work on /home/airflow/.local/lib/python3.9/site-packages/airflow/example_dags/example_branch_operator.py
[2025-12-11T04:35:53.347+0000] {processor.py:830} INFO - Processing file /home/airflow/.local/lib/python3.9/site-packages/airflow/example_dags/example_branch_operator.py for tasks to queue
[2025-12-11T04:35:53.359+0000] {logging_mixin.py:188} INFO - [2025-12-11T04:35:53.358+0000] {dagbag.py:545} INFO - Filling up the DagBag from /home/airflow/.local/lib/python3.9/site-packages/airflow/example_dags/example_branch_operator.py
[2025-12-11T04:35:53.407+0000] {processor.py:840} INFO - DAG(s) 'example_branch_operator' retrieved from /home/airflow/.local/lib/python3.9/site-packages/airflow/example_dags/example_branch_operator.py
[2025-12-11T04:35:53.491+0000] {logging_mixin.py:188} INFO - [2025-12-11T04:35:53.490+0000] {dag.py:3096} INFO - Sync 1 DAGs
[2025-12-11T04:35:53.580+0000] {logging_mixin.py:188} INFO - [2025-12-11T04:35:53.579+0000] {dag.py:3954} INFO - Setting next_dagrun for example_branch_operator to 2025-12-10 00:00:00+00:00, run_after=2025-12-11 00:00:00+00:00
[2025-12-11T04:35:53.630+0000] {processor.py:183} INFO - Processing /home/airflow/.local/lib/python3.9/site-packages/airflow/example_dags/example_branch_operator.py took 0.308 seconds
[2025-12-11T04:36:24.364+0000] {processor.py:161} INFO - Started process (PID=2374) to work on /home/airflow/.local/lib/python3.9/site-packages/airflow/example_dags/example_branch_operator.py
[2025-12-11T04:36:24.371+0000] {processor.py:830} INFO - Processing file /home/airflow/.local/lib/python3.9/site-packages/airflow/example_dags/example_branch_operator.py for tasks to queue
[2025-12-11T04:36:24.379+0000] {logging_mixin.py:188} INFO - [2025-12-11T04:36:24.378+0000] {dagbag.py:545} INFO - Filling up the DagBag from /home/airflow/.local/lib/python3.9/site-packages/airflow/example_dags/example_branch_operator.py
[2025-12-11T04:36:24.422+0000] {processor.py:840} INFO - DAG(s) 'example_branch_operator' retrieved from /home/airflow/.local/lib/python3.9/site-packages/airflow/example_dags/example_branch_operator.py
[2025-12-11T04:36:24.502+0000] {logging_mixin.py:188} INFO - [2025-12-11T04:36:24.501+0000] {dag.py:3096} INFO - Sync 1 DAGs
[2025-12-11T04:36:24.579+0000] {logging_mixin.py:188} INFO - [2025-12-11T04:36:24.578+0000] {dag.py:3954} INFO - Setting next_dagrun for example_branch_operator to 2025-12-10 00:00:00+00:00, run_after=2025-12-11 00:00:00+00:00
[2025-12-11T04:36:24.627+0000] {processor.py:183} INFO - Processing /home/airflow/.local/lib/python3.9/site-packages/airflow/example_dags/example_branch_operator.py took 0.272 seconds
[2025-12-11T04:36:55.317+0000] {processor.py:161} INFO - Started process (PID=2441) to work on /home/airflow/.local/lib/python3.9/site-packages/airflow/example_dags/example_branch_operator.py
[2025-12-11T04:36:55.319+0000] {processor.py:830} INFO - Processing file /home/airflow/.local/lib/python3.9/site-packages/airflow/example_dags/example_branch_operator.py for tasks to queue
[2025-12-11T04:36:55.321+0000] {logging_mixin.py:188} INFO - [2025-12-11T04:36:55.321+0000] {dagbag.py:545} INFO - Filling up the DagBag from /home/airflow/.local/lib/python3.9/site-packages/airflow/example_dags/example_branch_operator.py
[2025-12-11T04:36:55.382+0000] {processor.py:840} INFO - DAG(s) 'example_branch_operator' retrieved from /home/airflow/.local/lib/python3.9/site-packages/airflow/example_dags/example_branch_operator.py
[2025-12-11T04:36:55.505+0000] {logging_mixin.py:188} INFO - [2025-12-11T04:36:55.505+0000] {dag.py:3096} INFO - Sync 1 DAGs
[2025-12-11T04:36:55.619+0000] {logging_mixin.py:188} INFO - [2025-12-11T04:36:55.618+0000] {dag.py:3954} INFO - Setting next_dagrun for example_branch_operator to 2025-12-10 00:00:00+00:00, run_after=2025-12-11 00:00:00+00:00
[2025-12-11T04:36:55.742+0000] {processor.py:183} INFO - Processing /home/airflow/.local/lib/python3.9/site-packages/airflow/example_dags/example_branch_operator.py took 0.451 seconds
[2025-12-11T04:37:26.146+0000] {processor.py:161} INFO - Started process (PID=2508) to work on /home/airflow/.local/lib/python3.9/site-packages/airflow/example_dags/example_branch_operator.py
[2025-12-11T04:37:26.148+0000] {processor.py:830} INFO - Processing file /home/airflow/.local/lib/python3.9/site-packages/airflow/example_dags/example_branch_operator.py for tasks to queue
[2025-12-11T04:37:26.161+0000] {logging_mixin.py:188} INFO - [2025-12-11T04:37:26.160+0000] {dagbag.py:545} INFO - Filling up the DagBag from /home/airflow/.local/lib/python3.9/site-packages/airflow/example_dags/example_branch_operator.py
[2025-12-11T04:37:26.222+0000] {processor.py:840} INFO - DAG(s) 'example_branch_operator' retrieved from /home/airflow/.local/lib/python3.9/site-packages/airflow/example_dags/example_branch_operator.py
[2025-12-11T04:37:26.399+0000] {logging_mixin.py:188} INFO - [2025-12-11T04:37:26.399+0000] {dag.py:3096} INFO - Sync 1 DAGs
[2025-12-11T04:37:26.499+0000] {logging_mixin.py:188} INFO - [2025-12-11T04:37:26.498+0000] {dag.py:3954} INFO - Setting next_dagrun for example_branch_operator to 2025-12-10 00:00:00+00:00, run_after=2025-12-11 00:00:00+00:00
[2025-12-11T04:37:26.564+0000] {processor.py:183} INFO - Processing /home/airflow/.local/lib/python3.9/site-packages/airflow/example_dags/example_branch_operator.py took 0.443 seconds
[2025-12-11T04:37:57.220+0000] {processor.py:161} INFO - Started process (PID=2575) to work on /home/airflow/.local/lib/python3.9/site-packages/airflow/example_dags/example_branch_operator.py
[2025-12-11T04:37:57.237+0000] {processor.py:830} INFO - Processing file /home/airflow/.local/lib/python3.9/site-packages/airflow/example_dags/example_branch_operator.py for tasks to queue
[2025-12-11T04:37:57.240+0000] {logging_mixin.py:188} INFO - [2025-12-11T04:37:57.240+0000] {dagbag.py:545} INFO - Filling up the DagBag from /home/airflow/.local/lib/python3.9/site-packages/airflow/example_dags/example_branch_operator.py
[2025-12-11T04:37:57.322+0000] {processor.py:840} INFO - DAG(s) 'example_branch_operator' retrieved from /home/airflow/.local/lib/python3.9/site-packages/airflow/example_dags/example_branch_operator.py
[2025-12-11T04:37:57.439+0000] {logging_mixin.py:188} INFO - [2025-12-11T04:37:57.439+0000] {dag.py:3096} INFO - Sync 1 DAGs
[2025-12-11T04:37:57.518+0000] {logging_mixin.py:188} INFO - [2025-12-11T04:37:57.517+0000] {dag.py:3954} INFO - Setting next_dagrun for example_branch_operator to 2025-12-10 00:00:00+00:00, run_after=2025-12-11 00:00:00+00:00
[2025-12-11T04:37:57.597+0000] {processor.py:183} INFO - Processing /home/airflow/.local/lib/python3.9/site-packages/airflow/example_dags/example_branch_operator.py took 0.399 seconds
[2025-12-11T04:38:27.684+0000] {processor.py:161} INFO - Started process (PID=2642) to work on /home/airflow/.local/lib/python3.9/site-packages/airflow/example_dags/example_branch_operator.py
[2025-12-11T04:38:27.687+0000] {processor.py:830} INFO - Processing file /home/airflow/.local/lib/python3.9/site-packages/airflow/example_dags/example_branch_operator.py for tasks to queue
[2025-12-11T04:38:27.691+0000] {logging_mixin.py:188} INFO - [2025-12-11T04:38:27.690+0000] {dagbag.py:545} INFO - Filling up the DagBag from /home/airflow/.local/lib/python3.9/site-packages/airflow/example_dags/example_branch_operator.py
[2025-12-11T04:38:27.745+0000] {processor.py:840} INFO - DAG(s) 'example_branch_operator' retrieved from /home/airflow/.local/lib/python3.9/site-packages/airflow/example_dags/example_branch_operator.py
[2025-12-11T04:38:27.849+0000] {logging_mixin.py:188} INFO - [2025-12-11T04:38:27.849+0000] {dag.py:3096} INFO - Sync 1 DAGs
[2025-12-11T04:38:28.400+0000] {logging_mixin.py:188} INFO - [2025-12-11T04:38:28.399+0000] {dag.py:3954} INFO - Setting next_dagrun for example_branch_operator to 2025-12-10 00:00:00+00:00, run_after=2025-12-11 00:00:00+00:00
[2025-12-11T04:38:28.479+0000] {processor.py:183} INFO - Processing /home/airflow/.local/lib/python3.9/site-packages/airflow/example_dags/example_branch_operator.py took 0.818 seconds
[2025-12-11T04:38:58.779+0000] {processor.py:161} INFO - Started process (PID=2709) to work on /home/airflow/.local/lib/python3.9/site-packages/airflow/example_dags/example_branch_operator.py
[2025-12-11T04:38:58.781+0000] {processor.py:830} INFO - Processing file /home/airflow/.local/lib/python3.9/site-packages/airflow/example_dags/example_branch_operator.py for tasks to queue
[2025-12-11T04:38:58.783+0000] {logging_mixin.py:188} INFO - [2025-12-11T04:38:58.783+0000] {dagbag.py:545} INFO - Filling up the DagBag from /home/airflow/.local/lib/python3.9/site-packages/airflow/example_dags/example_branch_operator.py
[2025-12-11T04:38:58.808+0000] {processor.py:840} INFO - DAG(s) 'example_branch_operator' retrieved from /home/airflow/.local/lib/python3.9/site-packages/airflow/example_dags/example_branch_operator.py
[2025-12-11T04:38:58.857+0000] {logging_mixin.py:188} INFO - [2025-12-11T04:38:58.853+0000] {dag.py:3096} INFO - Sync 1 DAGs
[2025-12-11T04:38:59.222+0000] {logging_mixin.py:188} INFO - [2025-12-11T04:38:59.222+0000] {dag.py:3954} INFO - Setting next_dagrun for example_branch_operator to 2025-12-10 00:00:00+00:00, run_after=2025-12-11 00:00:00+00:00
[2025-12-11T04:38:59.246+0000] {processor.py:183} INFO - Processing /home/airflow/.local/lib/python3.9/site-packages/airflow/example_dags/example_branch_operator.py took 0.478 seconds
[2025-12-11T04:39:29.446+0000] {processor.py:161} INFO - Started process (PID=2775) to work on /home/airflow/.local/lib/python3.9/site-packages/airflow/example_dags/example_branch_operator.py
[2025-12-11T04:39:29.464+0000] {processor.py:830} INFO - Processing file /home/airflow/.local/lib/python3.9/site-packages/airflow/example_dags/example_branch_operator.py for tasks to queue
[2025-12-11T04:39:29.467+0000] {logging_mixin.py:188} INFO - [2025-12-11T04:39:29.467+0000] {dagbag.py:545} INFO - Filling up the DagBag from /home/airflow/.local/lib/python3.9/site-packages/airflow/example_dags/example_branch_operator.py
[2025-12-11T04:39:29.527+0000] {processor.py:840} INFO - DAG(s) 'example_branch_operator' retrieved from /home/airflow/.local/lib/python3.9/site-packages/airflow/example_dags/example_branch_operator.py
[2025-12-11T04:39:29.640+0000] {logging_mixin.py:188} INFO - [2025-12-11T04:39:29.640+0000] {dag.py:3096} INFO - Sync 1 DAGs
[2025-12-11T04:39:29.737+0000] {logging_mixin.py:188} INFO - [2025-12-11T04:39:29.737+0000] {dag.py:3954} INFO - Setting next_dagrun for example_branch_operator to 2025-12-10 00:00:00+00:00, run_after=2025-12-11 00:00:00+00:00
[2025-12-11T04:39:30.501+0000] {processor.py:183} INFO - Processing /home/airflow/.local/lib/python3.9/site-packages/airflow/example_dags/example_branch_operator.py took 1.082 seconds
[2025-12-11T04:40:00.898+0000] {processor.py:161} INFO - Started process (PID=2842) to work on /home/airflow/.local/lib/python3.9/site-packages/airflow/example_dags/example_branch_operator.py
[2025-12-11T04:40:00.913+0000] {processor.py:830} INFO - Processing file /home/airflow/.local/lib/python3.9/site-packages/airflow/example_dags/example_branch_operator.py for tasks to queue
[2025-12-11T04:40:00.919+0000] {logging_mixin.py:188} INFO - [2025-12-11T04:40:00.919+0000] {dagbag.py:545} INFO - Filling up the DagBag from /home/airflow/.local/lib/python3.9/site-packages/airflow/example_dags/example_branch_operator.py
[2025-12-11T04:40:01.038+0000] {processor.py:840} INFO - DAG(s) 'example_branch_operator' retrieved from /home/airflow/.local/lib/python3.9/site-packages/airflow/example_dags/example_branch_operator.py
[2025-12-11T04:40:01.178+0000] {logging_mixin.py:188} INFO - [2025-12-11T04:40:01.165+0000] {dag.py:3096} INFO - Sync 1 DAGs
[2025-12-11T04:40:01.269+0000] {logging_mixin.py:188} INFO - [2025-12-11T04:40:01.269+0000] {dag.py:3954} INFO - Setting next_dagrun for example_branch_operator to 2025-12-10 00:00:00+00:00, run_after=2025-12-11 00:00:00+00:00
[2025-12-11T04:40:01.805+0000] {processor.py:183} INFO - Processing /home/airflow/.local/lib/python3.9/site-packages/airflow/example_dags/example_branch_operator.py took 0.940 seconds
[2025-12-11T04:40:32.123+0000] {processor.py:161} INFO - Started process (PID=2910) to work on /home/airflow/.local/lib/python3.9/site-packages/airflow/example_dags/example_branch_operator.py
[2025-12-11T04:40:32.131+0000] {processor.py:830} INFO - Processing file /home/airflow/.local/lib/python3.9/site-packages/airflow/example_dags/example_branch_operator.py for tasks to queue
[2025-12-11T04:40:32.139+0000] {logging_mixin.py:188} INFO - [2025-12-11T04:40:32.139+0000] {dagbag.py:545} INFO - Filling up the DagBag from /home/airflow/.local/lib/python3.9/site-packages/airflow/example_dags/example_branch_operator.py
[2025-12-11T04:40:32.171+0000] {processor.py:840} INFO - DAG(s) 'example_branch_operator' retrieved from /home/airflow/.local/lib/python3.9/site-packages/airflow/example_dags/example_branch_operator.py
[2025-12-11T04:40:32.280+0000] {logging_mixin.py:188} INFO - [2025-12-11T04:40:32.279+0000] {dag.py:3096} INFO - Sync 1 DAGs
[2025-12-11T04:40:32.360+0000] {logging_mixin.py:188} INFO - [2025-12-11T04:40:32.359+0000] {dag.py:3954} INFO - Setting next_dagrun for example_branch_operator to 2025-12-10 00:00:00+00:00, run_after=2025-12-11 00:00:00+00:00
[2025-12-11T04:40:32.986+0000] {processor.py:183} INFO - Processing /home/airflow/.local/lib/python3.9/site-packages/airflow/example_dags/example_branch_operator.py took 0.879 seconds
[2025-12-11T04:41:03.197+0000] {processor.py:161} INFO - Started process (PID=2977) to work on /home/airflow/.local/lib/python3.9/site-packages/airflow/example_dags/example_branch_operator.py
[2025-12-11T04:41:03.313+0000] {processor.py:830} INFO - Processing file /home/airflow/.local/lib/python3.9/site-packages/airflow/example_dags/example_branch_operator.py for tasks to queue
[2025-12-11T04:41:03.318+0000] {logging_mixin.py:188} INFO - [2025-12-11T04:41:03.317+0000] {dagbag.py:545} INFO - Filling up the DagBag from /home/airflow/.local/lib/python3.9/site-packages/airflow/example_dags/example_branch_operator.py
[2025-12-11T04:41:03.360+0000] {processor.py:840} INFO - DAG(s) 'example_branch_operator' retrieved from /home/airflow/.local/lib/python3.9/site-packages/airflow/example_dags/example_branch_operator.py
[2025-12-11T04:41:03.468+0000] {logging_mixin.py:188} INFO - [2025-12-11T04:41:03.468+0000] {dag.py:3096} INFO - Sync 1 DAGs
[2025-12-11T04:41:03.540+0000] {logging_mixin.py:188} INFO - [2025-12-11T04:41:03.539+0000] {dag.py:3954} INFO - Setting next_dagrun for example_branch_operator to 2025-12-10 00:00:00+00:00, run_after=2025-12-11 00:00:00+00:00
[2025-12-11T04:41:03.609+0000] {processor.py:183} INFO - Processing /home/airflow/.local/lib/python3.9/site-packages/airflow/example_dags/example_branch_operator.py took 0.431 seconds
[2025-12-11T04:41:33.904+0000] {processor.py:161} INFO - Started process (PID=3044) to work on /home/airflow/.local/lib/python3.9/site-packages/airflow/example_dags/example_branch_operator.py
[2025-12-11T04:41:33.914+0000] {processor.py:830} INFO - Processing file /home/airflow/.local/lib/python3.9/site-packages/airflow/example_dags/example_branch_operator.py for tasks to queue
[2025-12-11T04:41:33.919+0000] {logging_mixin.py:188} INFO - [2025-12-11T04:41:33.918+0000] {dagbag.py:545} INFO - Filling up the DagBag from /home/airflow/.local/lib/python3.9/site-packages/airflow/example_dags/example_branch_operator.py
[2025-12-11T04:41:33.965+0000] {processor.py:840} INFO - DAG(s) 'example_branch_operator' retrieved from /home/airflow/.local/lib/python3.9/site-packages/airflow/example_dags/example_branch_operator.py
[2025-12-11T04:41:34.040+0000] {logging_mixin.py:188} INFO - [2025-12-11T04:41:34.040+0000] {dag.py:3096} INFO - Sync 1 DAGs
[2025-12-11T04:41:34.103+0000] {logging_mixin.py:188} INFO - [2025-12-11T04:41:34.102+0000] {dag.py:3954} INFO - Setting next_dagrun for example_branch_operator to 2025-12-10 00:00:00+00:00, run_after=2025-12-11 00:00:00+00:00
[2025-12-11T04:41:34.148+0000] {processor.py:183} INFO - Processing /home/airflow/.local/lib/python3.9/site-packages/airflow/example_dags/example_branch_operator.py took 0.263 seconds
[2025-12-11T04:42:04.425+0000] {processor.py:161} INFO - Started process (PID=3112) to work on /home/airflow/.local/lib/python3.9/site-packages/airflow/example_dags/example_branch_operator.py
[2025-12-11T04:42:04.463+0000] {processor.py:830} INFO - Processing file /home/airflow/.local/lib/python3.9/site-packages/airflow/example_dags/example_branch_operator.py for tasks to queue
[2025-12-11T04:42:04.467+0000] {logging_mixin.py:188} INFO - [2025-12-11T04:42:04.467+0000] {dagbag.py:545} INFO - Filling up the DagBag from /home/airflow/.local/lib/python3.9/site-packages/airflow/example_dags/example_branch_operator.py
[2025-12-11T04:42:05.148+0000] {processor.py:840} INFO - DAG(s) 'example_branch_operator' retrieved from /home/airflow/.local/lib/python3.9/site-packages/airflow/example_dags/example_branch_operator.py
[2025-12-11T04:42:05.305+0000] {logging_mixin.py:188} INFO - [2025-12-11T04:42:05.304+0000] {dag.py:3096} INFO - Sync 1 DAGs
[2025-12-11T04:42:05.440+0000] {logging_mixin.py:188} INFO - [2025-12-11T04:42:05.439+0000] {dag.py:3954} INFO - Setting next_dagrun for example_branch_operator to 2025-12-10 00:00:00+00:00, run_after=2025-12-11 00:00:00+00:00
[2025-12-11T04:42:05.679+0000] {processor.py:183} INFO - Processing /home/airflow/.local/lib/python3.9/site-packages/airflow/example_dags/example_branch_operator.py took 1.298 seconds
[2025-12-11T04:42:35.999+0000] {processor.py:161} INFO - Started process (PID=3179) to work on /home/airflow/.local/lib/python3.9/site-packages/airflow/example_dags/example_branch_operator.py
[2025-12-11T04:42:36.001+0000] {processor.py:830} INFO - Processing file /home/airflow/.local/lib/python3.9/site-packages/airflow/example_dags/example_branch_operator.py for tasks to queue
[2025-12-11T04:42:36.005+0000] {logging_mixin.py:188} INFO - [2025-12-11T04:42:36.004+0000] {dagbag.py:545} INFO - Filling up the DagBag from /home/airflow/.local/lib/python3.9/site-packages/airflow/example_dags/example_branch_operator.py
[2025-12-11T04:42:36.087+0000] {processor.py:840} INFO - DAG(s) 'example_branch_operator' retrieved from /home/airflow/.local/lib/python3.9/site-packages/airflow/example_dags/example_branch_operator.py
[2025-12-11T04:42:36.187+0000] {logging_mixin.py:188} INFO - [2025-12-11T04:42:36.186+0000] {dag.py:3096} INFO - Sync 1 DAGs
[2025-12-11T04:42:36.299+0000] {logging_mixin.py:188} INFO - [2025-12-11T04:42:36.299+0000] {dag.py:3954} INFO - Setting next_dagrun for example_branch_operator to 2025-12-10 00:00:00+00:00, run_after=2025-12-11 00:00:00+00:00
[2025-12-11T04:42:36.381+0000] {processor.py:183} INFO - Processing /home/airflow/.local/lib/python3.9/site-packages/airflow/example_dags/example_branch_operator.py took 0.418 seconds
[2025-12-11T04:43:07.121+0000] {processor.py:161} INFO - Started process (PID=3239) to work on /home/airflow/.local/lib/python3.9/site-packages/airflow/example_dags/example_branch_operator.py
[2025-12-11T04:43:07.123+0000] {processor.py:830} INFO - Processing file /home/airflow/.local/lib/python3.9/site-packages/airflow/example_dags/example_branch_operator.py for tasks to queue
[2025-12-11T04:43:07.125+0000] {logging_mixin.py:188} INFO - [2025-12-11T04:43:07.125+0000] {dagbag.py:545} INFO - Filling up the DagBag from /home/airflow/.local/lib/python3.9/site-packages/airflow/example_dags/example_branch_operator.py
[2025-12-11T04:43:07.162+0000] {processor.py:840} INFO - DAG(s) 'example_branch_operator' retrieved from /home/airflow/.local/lib/python3.9/site-packages/airflow/example_dags/example_branch_operator.py
[2025-12-11T04:43:07.242+0000] {logging_mixin.py:188} INFO - [2025-12-11T04:43:07.242+0000] {dag.py:3096} INFO - Sync 1 DAGs
[2025-12-11T04:43:07.298+0000] {logging_mixin.py:188} INFO - [2025-12-11T04:43:07.298+0000] {dag.py:3954} INFO - Setting next_dagrun for example_branch_operator to 2025-12-10 00:00:00+00:00, run_after=2025-12-11 00:00:00+00:00
[2025-12-11T04:43:07.329+0000] {processor.py:183} INFO - Processing /home/airflow/.local/lib/python3.9/site-packages/airflow/example_dags/example_branch_operator.py took 0.224 seconds
[2025-12-11T04:43:38.143+0000] {processor.py:161} INFO - Started process (PID=3313) to work on /home/airflow/.local/lib/python3.9/site-packages/airflow/example_dags/example_branch_operator.py
[2025-12-11T04:43:38.152+0000] {processor.py:830} INFO - Processing file /home/airflow/.local/lib/python3.9/site-packages/airflow/example_dags/example_branch_operator.py for tasks to queue
[2025-12-11T04:43:38.160+0000] {logging_mixin.py:188} INFO - [2025-12-11T04:43:38.159+0000] {dagbag.py:545} INFO - Filling up the DagBag from /home/airflow/.local/lib/python3.9/site-packages/airflow/example_dags/example_branch_operator.py
[2025-12-11T04:43:38.205+0000] {processor.py:840} INFO - DAG(s) 'example_branch_operator' retrieved from /home/airflow/.local/lib/python3.9/site-packages/airflow/example_dags/example_branch_operator.py
[2025-12-11T04:43:38.320+0000] {logging_mixin.py:188} INFO - [2025-12-11T04:43:38.320+0000] {dag.py:3096} INFO - Sync 1 DAGs
[2025-12-11T04:43:38.480+0000] {logging_mixin.py:188} INFO - [2025-12-11T04:43:38.480+0000] {dag.py:3954} INFO - Setting next_dagrun for example_branch_operator to 2025-12-10 00:00:00+00:00, run_after=2025-12-11 00:00:00+00:00
[2025-12-11T04:43:38.580+0000] {processor.py:183} INFO - Processing /home/airflow/.local/lib/python3.9/site-packages/airflow/example_dags/example_branch_operator.py took 0.452 seconds
[2025-12-11T04:44:08.880+0000] {processor.py:161} INFO - Started process (PID=3380) to work on /home/airflow/.local/lib/python3.9/site-packages/airflow/example_dags/example_branch_operator.py
[2025-12-11T04:44:08.882+0000] {processor.py:830} INFO - Processing file /home/airflow/.local/lib/python3.9/site-packages/airflow/example_dags/example_branch_operator.py for tasks to queue
[2025-12-11T04:44:08.884+0000] {logging_mixin.py:188} INFO - [2025-12-11T04:44:08.884+0000] {dagbag.py:545} INFO - Filling up the DagBag from /home/airflow/.local/lib/python3.9/site-packages/airflow/example_dags/example_branch_operator.py
[2025-12-11T04:44:08.924+0000] {processor.py:840} INFO - DAG(s) 'example_branch_operator' retrieved from /home/airflow/.local/lib/python3.9/site-packages/airflow/example_dags/example_branch_operator.py
[2025-12-11T04:44:09.014+0000] {logging_mixin.py:188} INFO - [2025-12-11T04:44:09.013+0000] {dag.py:3096} INFO - Sync 1 DAGs
[2025-12-11T04:44:09.078+0000] {logging_mixin.py:188} INFO - [2025-12-11T04:44:09.078+0000] {dag.py:3954} INFO - Setting next_dagrun for example_branch_operator to 2025-12-10 00:00:00+00:00, run_after=2025-12-11 00:00:00+00:00
[2025-12-11T04:44:09.123+0000] {processor.py:183} INFO - Processing /home/airflow/.local/lib/python3.9/site-packages/airflow/example_dags/example_branch_operator.py took 0.256 seconds
[2025-12-11T04:44:39.980+0000] {processor.py:161} INFO - Started process (PID=3447) to work on /home/airflow/.local/lib/python3.9/site-packages/airflow/example_dags/example_branch_operator.py
[2025-12-11T04:44:39.983+0000] {processor.py:830} INFO - Processing file /home/airflow/.local/lib/python3.9/site-packages/airflow/example_dags/example_branch_operator.py for tasks to queue
[2025-12-11T04:44:39.987+0000] {logging_mixin.py:188} INFO - [2025-12-11T04:44:39.986+0000] {dagbag.py:545} INFO - Filling up the DagBag from /home/airflow/.local/lib/python3.9/site-packages/airflow/example_dags/example_branch_operator.py
[2025-12-11T04:44:40.041+0000] {processor.py:840} INFO - DAG(s) 'example_branch_operator' retrieved from /home/airflow/.local/lib/python3.9/site-packages/airflow/example_dags/example_branch_operator.py
[2025-12-11T04:44:40.121+0000] {logging_mixin.py:188} INFO - [2025-12-11T04:44:40.120+0000] {dag.py:3096} INFO - Sync 1 DAGs
[2025-12-11T04:44:40.179+0000] {logging_mixin.py:188} INFO - [2025-12-11T04:44:40.178+0000] {dag.py:3954} INFO - Setting next_dagrun for example_branch_operator to 2025-12-10 00:00:00+00:00, run_after=2025-12-11 00:00:00+00:00
[2025-12-11T04:44:40.226+0000] {processor.py:183} INFO - Processing /home/airflow/.local/lib/python3.9/site-packages/airflow/example_dags/example_branch_operator.py took 0.279 seconds
[2025-12-11T04:45:10.304+0000] {processor.py:161} INFO - Started process (PID=3515) to work on /home/airflow/.local/lib/python3.9/site-packages/airflow/example_dags/example_branch_operator.py
[2025-12-11T04:45:10.306+0000] {processor.py:830} INFO - Processing file /home/airflow/.local/lib/python3.9/site-packages/airflow/example_dags/example_branch_operator.py for tasks to queue
[2025-12-11T04:45:10.308+0000] {logging_mixin.py:188} INFO - [2025-12-11T04:45:10.308+0000] {dagbag.py:545} INFO - Filling up the DagBag from /home/airflow/.local/lib/python3.9/site-packages/airflow/example_dags/example_branch_operator.py
[2025-12-11T04:45:10.341+0000] {processor.py:840} INFO - DAG(s) 'example_branch_operator' retrieved from /home/airflow/.local/lib/python3.9/site-packages/airflow/example_dags/example_branch_operator.py
[2025-12-11T04:45:10.388+0000] {logging_mixin.py:188} INFO - [2025-12-11T04:45:10.388+0000] {dag.py:3096} INFO - Sync 1 DAGs
[2025-12-11T04:45:10.428+0000] {logging_mixin.py:188} INFO - [2025-12-11T04:45:10.427+0000] {dag.py:3954} INFO - Setting next_dagrun for example_branch_operator to 2025-12-10 00:00:00+00:00, run_after=2025-12-11 00:00:00+00:00
[2025-12-11T04:45:10.454+0000] {processor.py:183} INFO - Processing /home/airflow/.local/lib/python3.9/site-packages/airflow/example_dags/example_branch_operator.py took 0.164 seconds
[2025-12-11T04:45:40.592+0000] {processor.py:161} INFO - Started process (PID=3583) to work on /home/airflow/.local/lib/python3.9/site-packages/airflow/example_dags/example_branch_operator.py
[2025-12-11T04:45:40.594+0000] {processor.py:830} INFO - Processing file /home/airflow/.local/lib/python3.9/site-packages/airflow/example_dags/example_branch_operator.py for tasks to queue
[2025-12-11T04:45:40.597+0000] {logging_mixin.py:188} INFO - [2025-12-11T04:45:40.597+0000] {dagbag.py:545} INFO - Filling up the DagBag from /home/airflow/.local/lib/python3.9/site-packages/airflow/example_dags/example_branch_operator.py
[2025-12-11T04:45:40.631+0000] {processor.py:840} INFO - DAG(s) 'example_branch_operator' retrieved from /home/airflow/.local/lib/python3.9/site-packages/airflow/example_dags/example_branch_operator.py
[2025-12-11T04:45:40.694+0000] {logging_mixin.py:188} INFO - [2025-12-11T04:45:40.693+0000] {dag.py:3096} INFO - Sync 1 DAGs
[2025-12-11T04:45:40.736+0000] {logging_mixin.py:188} INFO - [2025-12-11T04:45:40.735+0000] {dag.py:3954} INFO - Setting next_dagrun for example_branch_operator to 2025-12-10 00:00:00+00:00, run_after=2025-12-11 00:00:00+00:00
[2025-12-11T04:45:40.862+0000] {processor.py:183} INFO - Processing /home/airflow/.local/lib/python3.9/site-packages/airflow/example_dags/example_branch_operator.py took 0.284 seconds
[2025-12-11T04:46:11.563+0000] {processor.py:161} INFO - Started process (PID=3650) to work on /home/airflow/.local/lib/python3.9/site-packages/airflow/example_dags/example_branch_operator.py
[2025-12-11T04:46:11.570+0000] {processor.py:830} INFO - Processing file /home/airflow/.local/lib/python3.9/site-packages/airflow/example_dags/example_branch_operator.py for tasks to queue
[2025-12-11T04:46:11.578+0000] {logging_mixin.py:188} INFO - [2025-12-11T04:46:11.578+0000] {dagbag.py:545} INFO - Filling up the DagBag from /home/airflow/.local/lib/python3.9/site-packages/airflow/example_dags/example_branch_operator.py
[2025-12-11T04:46:11.612+0000] {processor.py:840} INFO - DAG(s) 'example_branch_operator' retrieved from /home/airflow/.local/lib/python3.9/site-packages/airflow/example_dags/example_branch_operator.py
[2025-12-11T04:46:11.701+0000] {logging_mixin.py:188} INFO - [2025-12-11T04:46:11.701+0000] {dag.py:3096} INFO - Sync 1 DAGs
[2025-12-11T04:46:11.780+0000] {logging_mixin.py:188} INFO - [2025-12-11T04:46:11.769+0000] {dag.py:3954} INFO - Setting next_dagrun for example_branch_operator to 2025-12-10 00:00:00+00:00, run_after=2025-12-11 00:00:00+00:00
[2025-12-11T04:46:11.961+0000] {processor.py:183} INFO - Processing /home/airflow/.local/lib/python3.9/site-packages/airflow/example_dags/example_branch_operator.py took 0.413 seconds
[2025-12-11T04:46:42.242+0000] {processor.py:161} INFO - Started process (PID=3717) to work on /home/airflow/.local/lib/python3.9/site-packages/airflow/example_dags/example_branch_operator.py
[2025-12-11T04:46:42.251+0000] {processor.py:830} INFO - Processing file /home/airflow/.local/lib/python3.9/site-packages/airflow/example_dags/example_branch_operator.py for tasks to queue
[2025-12-11T04:46:42.261+0000] {logging_mixin.py:188} INFO - [2025-12-11T04:46:42.261+0000] {dagbag.py:545} INFO - Filling up the DagBag from /home/airflow/.local/lib/python3.9/site-packages/airflow/example_dags/example_branch_operator.py
[2025-12-11T04:46:42.305+0000] {processor.py:840} INFO - DAG(s) 'example_branch_operator' retrieved from /home/airflow/.local/lib/python3.9/site-packages/airflow/example_dags/example_branch_operator.py
[2025-12-11T04:46:42.386+0000] {logging_mixin.py:188} INFO - [2025-12-11T04:46:42.386+0000] {dag.py:3096} INFO - Sync 1 DAGs
[2025-12-11T04:46:42.479+0000] {logging_mixin.py:188} INFO - [2025-12-11T04:46:42.478+0000] {dag.py:3954} INFO - Setting next_dagrun for example_branch_operator to 2025-12-10 00:00:00+00:00, run_after=2025-12-11 00:00:00+00:00
[2025-12-11T04:46:42.562+0000] {processor.py:183} INFO - Processing /home/airflow/.local/lib/python3.9/site-packages/airflow/example_dags/example_branch_operator.py took 0.334 seconds
[2025-12-11T04:47:13.169+0000] {processor.py:161} INFO - Started process (PID=3784) to work on /home/airflow/.local/lib/python3.9/site-packages/airflow/example_dags/example_branch_operator.py
[2025-12-11T04:47:13.172+0000] {processor.py:830} INFO - Processing file /home/airflow/.local/lib/python3.9/site-packages/airflow/example_dags/example_branch_operator.py for tasks to queue
[2025-12-11T04:47:13.182+0000] {logging_mixin.py:188} INFO - [2025-12-11T04:47:13.182+0000] {dagbag.py:545} INFO - Filling up the DagBag from /home/airflow/.local/lib/python3.9/site-packages/airflow/example_dags/example_branch_operator.py
[2025-12-11T04:47:13.228+0000] {processor.py:840} INFO - DAG(s) 'example_branch_operator' retrieved from /home/airflow/.local/lib/python3.9/site-packages/airflow/example_dags/example_branch_operator.py
[2025-12-11T04:47:13.317+0000] {logging_mixin.py:188} INFO - [2025-12-11T04:47:13.310+0000] {dag.py:3096} INFO - Sync 1 DAGs
[2025-12-11T04:47:13.378+0000] {logging_mixin.py:188} INFO - [2025-12-11T04:47:13.377+0000] {dag.py:3954} INFO - Setting next_dagrun for example_branch_operator to 2025-12-10 00:00:00+00:00, run_after=2025-12-11 00:00:00+00:00
[2025-12-11T04:47:13.422+0000] {processor.py:183} INFO - Processing /home/airflow/.local/lib/python3.9/site-packages/airflow/example_dags/example_branch_operator.py took 0.278 seconds
[2025-12-11T04:47:43.847+0000] {processor.py:161} INFO - Started process (PID=3851) to work on /home/airflow/.local/lib/python3.9/site-packages/airflow/example_dags/example_branch_operator.py
[2025-12-11T04:47:43.857+0000] {processor.py:830} INFO - Processing file /home/airflow/.local/lib/python3.9/site-packages/airflow/example_dags/example_branch_operator.py for tasks to queue
[2025-12-11T04:47:43.861+0000] {logging_mixin.py:188} INFO - [2025-12-11T04:47:43.860+0000] {dagbag.py:545} INFO - Filling up the DagBag from /home/airflow/.local/lib/python3.9/site-packages/airflow/example_dags/example_branch_operator.py
[2025-12-11T04:47:43.894+0000] {processor.py:840} INFO - DAG(s) 'example_branch_operator' retrieved from /home/airflow/.local/lib/python3.9/site-packages/airflow/example_dags/example_branch_operator.py
[2025-12-11T04:47:43.948+0000] {logging_mixin.py:188} INFO - [2025-12-11T04:47:43.947+0000] {dag.py:3096} INFO - Sync 1 DAGs
[2025-12-11T04:47:43.991+0000] {logging_mixin.py:188} INFO - [2025-12-11T04:47:43.991+0000] {dag.py:3954} INFO - Setting next_dagrun for example_branch_operator to 2025-12-10 00:00:00+00:00, run_after=2025-12-11 00:00:00+00:00
[2025-12-11T04:47:44.019+0000] {processor.py:183} INFO - Processing /home/airflow/.local/lib/python3.9/site-packages/airflow/example_dags/example_branch_operator.py took 0.189 seconds
[2025-12-11T04:48:14.313+0000] {processor.py:161} INFO - Started process (PID=3918) to work on /home/airflow/.local/lib/python3.9/site-packages/airflow/example_dags/example_branch_operator.py
[2025-12-11T04:48:14.315+0000] {processor.py:830} INFO - Processing file /home/airflow/.local/lib/python3.9/site-packages/airflow/example_dags/example_branch_operator.py for tasks to queue
[2025-12-11T04:48:14.320+0000] {logging_mixin.py:188} INFO - [2025-12-11T04:48:14.319+0000] {dagbag.py:545} INFO - Filling up the DagBag from /home/airflow/.local/lib/python3.9/site-packages/airflow/example_dags/example_branch_operator.py
[2025-12-11T04:48:14.356+0000] {processor.py:840} INFO - DAG(s) 'example_branch_operator' retrieved from /home/airflow/.local/lib/python3.9/site-packages/airflow/example_dags/example_branch_operator.py
[2025-12-11T04:48:14.462+0000] {logging_mixin.py:188} INFO - [2025-12-11T04:48:14.461+0000] {dag.py:3096} INFO - Sync 1 DAGs
[2025-12-11T04:48:14.539+0000] {logging_mixin.py:188} INFO - [2025-12-11T04:48:14.539+0000] {dag.py:3954} INFO - Setting next_dagrun for example_branch_operator to 2025-12-10 00:00:00+00:00, run_after=2025-12-11 00:00:00+00:00
[2025-12-11T04:48:14.573+0000] {processor.py:183} INFO - Processing /home/airflow/.local/lib/python3.9/site-packages/airflow/example_dags/example_branch_operator.py took 0.273 seconds
[2025-12-11T04:48:45.102+0000] {processor.py:161} INFO - Started process (PID=3992) to work on /home/airflow/.local/lib/python3.9/site-packages/airflow/example_dags/example_branch_operator.py
[2025-12-11T04:48:45.110+0000] {processor.py:830} INFO - Processing file /home/airflow/.local/lib/python3.9/site-packages/airflow/example_dags/example_branch_operator.py for tasks to queue
[2025-12-11T04:48:45.119+0000] {logging_mixin.py:188} INFO - [2025-12-11T04:48:45.118+0000] {dagbag.py:545} INFO - Filling up the DagBag from /home/airflow/.local/lib/python3.9/site-packages/airflow/example_dags/example_branch_operator.py
[2025-12-11T04:48:45.153+0000] {processor.py:840} INFO - DAG(s) 'example_branch_operator' retrieved from /home/airflow/.local/lib/python3.9/site-packages/airflow/example_dags/example_branch_operator.py
[2025-12-11T04:48:45.257+0000] {logging_mixin.py:188} INFO - [2025-12-11T04:48:45.244+0000] {dag.py:3096} INFO - Sync 1 DAGs
[2025-12-11T04:48:45.338+0000] {logging_mixin.py:188} INFO - [2025-12-11T04:48:45.338+0000] {dag.py:3954} INFO - Setting next_dagrun for example_branch_operator to 2025-12-10 00:00:00+00:00, run_after=2025-12-11 00:00:00+00:00
[2025-12-11T04:48:45.584+0000] {processor.py:183} INFO - Processing /home/airflow/.local/lib/python3.9/site-packages/airflow/example_dags/example_branch_operator.py took 0.500 seconds
[2025-12-11T04:49:16.441+0000] {processor.py:161} INFO - Started process (PID=4059) to work on /home/airflow/.local/lib/python3.9/site-packages/airflow/example_dags/example_branch_operator.py
[2025-12-11T04:49:16.450+0000] {processor.py:830} INFO - Processing file /home/airflow/.local/lib/python3.9/site-packages/airflow/example_dags/example_branch_operator.py for tasks to queue
[2025-12-11T04:49:16.461+0000] {logging_mixin.py:188} INFO - [2025-12-11T04:49:16.460+0000] {dagbag.py:545} INFO - Filling up the DagBag from /home/airflow/.local/lib/python3.9/site-packages/airflow/example_dags/example_branch_operator.py
[2025-12-11T04:49:16.509+0000] {processor.py:840} INFO - DAG(s) 'example_branch_operator' retrieved from /home/airflow/.local/lib/python3.9/site-packages/airflow/example_dags/example_branch_operator.py
[2025-12-11T04:49:16.597+0000] {logging_mixin.py:188} INFO - [2025-12-11T04:49:16.593+0000] {dag.py:3096} INFO - Sync 1 DAGs
[2025-12-11T04:49:16.677+0000] {logging_mixin.py:188} INFO - [2025-12-11T04:49:16.669+0000] {dag.py:3954} INFO - Setting next_dagrun for example_branch_operator to 2025-12-10 00:00:00+00:00, run_after=2025-12-11 00:00:00+00:00
[2025-12-11T04:49:16.928+0000] {processor.py:183} INFO - Processing /home/airflow/.local/lib/python3.9/site-packages/airflow/example_dags/example_branch_operator.py took 0.506 seconds
[2025-12-11T04:49:47.579+0000] {processor.py:161} INFO - Started process (PID=4125) to work on /home/airflow/.local/lib/python3.9/site-packages/airflow/example_dags/example_branch_operator.py
[2025-12-11T04:49:47.581+0000] {processor.py:830} INFO - Processing file /home/airflow/.local/lib/python3.9/site-packages/airflow/example_dags/example_branch_operator.py for tasks to queue
[2025-12-11T04:49:47.584+0000] {logging_mixin.py:188} INFO - [2025-12-11T04:49:47.583+0000] {dagbag.py:545} INFO - Filling up the DagBag from /home/airflow/.local/lib/python3.9/site-packages/airflow/example_dags/example_branch_operator.py
[2025-12-11T04:49:47.649+0000] {processor.py:840} INFO - DAG(s) 'example_branch_operator' retrieved from /home/airflow/.local/lib/python3.9/site-packages/airflow/example_dags/example_branch_operator.py
[2025-12-11T04:49:47.761+0000] {logging_mixin.py:188} INFO - [2025-12-11T04:49:47.760+0000] {dag.py:3096} INFO - Sync 1 DAGs
[2025-12-11T04:49:47.860+0000] {logging_mixin.py:188} INFO - [2025-12-11T04:49:47.860+0000] {dag.py:3954} INFO - Setting next_dagrun for example_branch_operator to 2025-12-10 00:00:00+00:00, run_after=2025-12-11 00:00:00+00:00
[2025-12-11T04:49:47.944+0000] {processor.py:183} INFO - Processing /home/airflow/.local/lib/python3.9/site-packages/airflow/example_dags/example_branch_operator.py took 0.383 seconds
[2025-12-11T04:50:18.127+0000] {processor.py:161} INFO - Started process (PID=4191) to work on /home/airflow/.local/lib/python3.9/site-packages/airflow/example_dags/example_branch_operator.py
[2025-12-11T04:50:18.138+0000] {processor.py:830} INFO - Processing file /home/airflow/.local/lib/python3.9/site-packages/airflow/example_dags/example_branch_operator.py for tasks to queue
[2025-12-11T04:50:18.140+0000] {logging_mixin.py:188} INFO - [2025-12-11T04:50:18.140+0000] {dagbag.py:545} INFO - Filling up the DagBag from /home/airflow/.local/lib/python3.9/site-packages/airflow/example_dags/example_branch_operator.py
[2025-12-11T04:50:18.177+0000] {processor.py:840} INFO - DAG(s) 'example_branch_operator' retrieved from /home/airflow/.local/lib/python3.9/site-packages/airflow/example_dags/example_branch_operator.py
[2025-12-11T04:50:18.247+0000] {logging_mixin.py:188} INFO - [2025-12-11T04:50:18.247+0000] {dag.py:3096} INFO - Sync 1 DAGs
[2025-12-11T04:50:18.310+0000] {logging_mixin.py:188} INFO - [2025-12-11T04:50:18.309+0000] {dag.py:3954} INFO - Setting next_dagrun for example_branch_operator to 2025-12-10 00:00:00+00:00, run_after=2025-12-11 00:00:00+00:00
[2025-12-11T04:50:18.358+0000] {processor.py:183} INFO - Processing /home/airflow/.local/lib/python3.9/site-packages/airflow/example_dags/example_branch_operator.py took 0.242 seconds
[2025-12-11T04:50:48.615+0000] {processor.py:161} INFO - Started process (PID=4258) to work on /home/airflow/.local/lib/python3.9/site-packages/airflow/example_dags/example_branch_operator.py
[2025-12-11T04:50:48.617+0000] {processor.py:830} INFO - Processing file /home/airflow/.local/lib/python3.9/site-packages/airflow/example_dags/example_branch_operator.py for tasks to queue
[2025-12-11T04:50:48.620+0000] {logging_mixin.py:188} INFO - [2025-12-11T04:50:48.620+0000] {dagbag.py:545} INFO - Filling up the DagBag from /home/airflow/.local/lib/python3.9/site-packages/airflow/example_dags/example_branch_operator.py
[2025-12-11T04:50:48.643+0000] {processor.py:840} INFO - DAG(s) 'example_branch_operator' retrieved from /home/airflow/.local/lib/python3.9/site-packages/airflow/example_dags/example_branch_operator.py
[2025-12-11T04:50:48.691+0000] {logging_mixin.py:188} INFO - [2025-12-11T04:50:48.690+0000] {dag.py:3096} INFO - Sync 1 DAGs
[2025-12-11T04:50:48.726+0000] {logging_mixin.py:188} INFO - [2025-12-11T04:50:48.726+0000] {dag.py:3954} INFO - Setting next_dagrun for example_branch_operator to 2025-12-10 00:00:00+00:00, run_after=2025-12-11 00:00:00+00:00
[2025-12-11T04:50:48.750+0000] {processor.py:183} INFO - Processing /home/airflow/.local/lib/python3.9/site-packages/airflow/example_dags/example_branch_operator.py took 0.145 seconds
[2025-12-11T04:51:19.350+0000] {processor.py:161} INFO - Started process (PID=4325) to work on /home/airflow/.local/lib/python3.9/site-packages/airflow/example_dags/example_branch_operator.py
[2025-12-11T04:51:19.439+0000] {processor.py:830} INFO - Processing file /home/airflow/.local/lib/python3.9/site-packages/airflow/example_dags/example_branch_operator.py for tasks to queue
[2025-12-11T04:51:19.442+0000] {logging_mixin.py:188} INFO - [2025-12-11T04:51:19.442+0000] {dagbag.py:545} INFO - Filling up the DagBag from /home/airflow/.local/lib/python3.9/site-packages/airflow/example_dags/example_branch_operator.py
[2025-12-11T04:51:19.468+0000] {processor.py:840} INFO - DAG(s) 'example_branch_operator' retrieved from /home/airflow/.local/lib/python3.9/site-packages/airflow/example_dags/example_branch_operator.py
[2025-12-11T04:51:19.529+0000] {logging_mixin.py:188} INFO - [2025-12-11T04:51:19.528+0000] {dag.py:3096} INFO - Sync 1 DAGs
[2025-12-11T04:51:19.615+0000] {logging_mixin.py:188} INFO - [2025-12-11T04:51:19.614+0000] {dag.py:3954} INFO - Setting next_dagrun for example_branch_operator to 2025-12-10 00:00:00+00:00, run_after=2025-12-11 00:00:00+00:00
[2025-12-11T04:51:19.663+0000] {processor.py:183} INFO - Processing /home/airflow/.local/lib/python3.9/site-packages/airflow/example_dags/example_branch_operator.py took 0.324 seconds
[2025-12-11T04:51:50.522+0000] {processor.py:161} INFO - Started process (PID=4392) to work on /home/airflow/.local/lib/python3.9/site-packages/airflow/example_dags/example_branch_operator.py
[2025-12-11T04:51:50.524+0000] {processor.py:830} INFO - Processing file /home/airflow/.local/lib/python3.9/site-packages/airflow/example_dags/example_branch_operator.py for tasks to queue
[2025-12-11T04:51:50.527+0000] {logging_mixin.py:188} INFO - [2025-12-11T04:51:50.526+0000] {dagbag.py:545} INFO - Filling up the DagBag from /home/airflow/.local/lib/python3.9/site-packages/airflow/example_dags/example_branch_operator.py
[2025-12-11T04:51:50.551+0000] {processor.py:840} INFO - DAG(s) 'example_branch_operator' retrieved from /home/airflow/.local/lib/python3.9/site-packages/airflow/example_dags/example_branch_operator.py
[2025-12-11T04:51:50.608+0000] {logging_mixin.py:188} INFO - [2025-12-11T04:51:50.607+0000] {dag.py:3096} INFO - Sync 1 DAGs
[2025-12-11T04:51:50.648+0000] {logging_mixin.py:188} INFO - [2025-12-11T04:51:50.648+0000] {dag.py:3954} INFO - Setting next_dagrun for example_branch_operator to 2025-12-10 00:00:00+00:00, run_after=2025-12-11 00:00:00+00:00
[2025-12-11T04:51:50.673+0000] {processor.py:183} INFO - Processing /home/airflow/.local/lib/python3.9/site-packages/airflow/example_dags/example_branch_operator.py took 0.161 seconds
[2025-12-11T04:52:21.005+0000] {processor.py:161} INFO - Started process (PID=4459) to work on /home/airflow/.local/lib/python3.9/site-packages/airflow/example_dags/example_branch_operator.py
[2025-12-11T04:52:21.007+0000] {processor.py:830} INFO - Processing file /home/airflow/.local/lib/python3.9/site-packages/airflow/example_dags/example_branch_operator.py for tasks to queue
[2025-12-11T04:52:21.010+0000] {logging_mixin.py:188} INFO - [2025-12-11T04:52:21.009+0000] {dagbag.py:545} INFO - Filling up the DagBag from /home/airflow/.local/lib/python3.9/site-packages/airflow/example_dags/example_branch_operator.py
[2025-12-11T04:52:21.040+0000] {processor.py:840} INFO - DAG(s) 'example_branch_operator' retrieved from /home/airflow/.local/lib/python3.9/site-packages/airflow/example_dags/example_branch_operator.py
[2025-12-11T04:52:21.091+0000] {logging_mixin.py:188} INFO - [2025-12-11T04:52:21.090+0000] {dag.py:3096} INFO - Sync 1 DAGs
[2025-12-11T04:52:21.131+0000] {logging_mixin.py:188} INFO - [2025-12-11T04:52:21.131+0000] {dag.py:3954} INFO - Setting next_dagrun for example_branch_operator to 2025-12-10 00:00:00+00:00, run_after=2025-12-11 00:00:00+00:00
[2025-12-11T04:52:21.162+0000] {processor.py:183} INFO - Processing /home/airflow/.local/lib/python3.9/site-packages/airflow/example_dags/example_branch_operator.py took 0.167 seconds
[2025-12-11T04:52:51.842+0000] {processor.py:161} INFO - Started process (PID=4526) to work on /home/airflow/.local/lib/python3.9/site-packages/airflow/example_dags/example_branch_operator.py
[2025-12-11T04:52:51.843+0000] {processor.py:830} INFO - Processing file /home/airflow/.local/lib/python3.9/site-packages/airflow/example_dags/example_branch_operator.py for tasks to queue
[2025-12-11T04:52:51.847+0000] {logging_mixin.py:188} INFO - [2025-12-11T04:52:51.847+0000] {dagbag.py:545} INFO - Filling up the DagBag from /home/airflow/.local/lib/python3.9/site-packages/airflow/example_dags/example_branch_operator.py
[2025-12-11T04:52:51.876+0000] {processor.py:840} INFO - DAG(s) 'example_branch_operator' retrieved from /home/airflow/.local/lib/python3.9/site-packages/airflow/example_dags/example_branch_operator.py
[2025-12-11T04:52:51.928+0000] {logging_mixin.py:188} INFO - [2025-12-11T04:52:51.928+0000] {dag.py:3096} INFO - Sync 1 DAGs
[2025-12-11T04:52:51.978+0000] {logging_mixin.py:188} INFO - [2025-12-11T04:52:51.977+0000] {dag.py:3954} INFO - Setting next_dagrun for example_branch_operator to 2025-12-10 00:00:00+00:00, run_after=2025-12-11 00:00:00+00:00
[2025-12-11T04:52:52.009+0000] {processor.py:183} INFO - Processing /home/airflow/.local/lib/python3.9/site-packages/airflow/example_dags/example_branch_operator.py took 0.178 seconds
