[2025-12-11T04:18:46.984+0000] {processor.py:161} INFO - Started process (PID=109) to work on /home/airflow/.local/lib/python3.9/site-packages/airflow/example_dags/example_nested_branch_dag.py
[2025-12-11T04:18:46.986+0000] {processor.py:830} INFO - Processing file /home/airflow/.local/lib/python3.9/site-packages/airflow/example_dags/example_nested_branch_dag.py for tasks to queue
[2025-12-11T04:18:46.990+0000] {logging_mixin.py:188} INFO - [2025-12-11T04:18:46.989+0000] {dagbag.py:545} INFO - Filling up the DagBag from /home/airflow/.local/lib/python3.9/site-packages/airflow/example_dags/example_nested_branch_dag.py
[2025-12-11T04:18:47.026+0000] {processor.py:840} INFO - DAG(s) 'example_nested_branch_dag' retrieved from /home/airflow/.local/lib/python3.9/site-packages/airflow/example_dags/example_nested_branch_dag.py
[2025-12-11T04:18:47.440+0000] {logging_mixin.py:188} INFO - [2025-12-11T04:18:47.440+0000] {dag.py:3096} INFO - Sync 1 DAGs
[2025-12-11T04:18:47.943+0000] {logging_mixin.py:188} INFO - [2025-12-11T04:18:47.943+0000] {dag.py:3954} INFO - Setting next_dagrun for example_nested_branch_dag to 2025-12-10 00:00:00+00:00, run_after=2025-12-11 00:00:00+00:00
[2025-12-11T04:18:48.860+0000] {processor.py:183} INFO - Processing /home/airflow/.local/lib/python3.9/site-packages/airflow/example_dags/example_nested_branch_dag.py took 1.896 seconds
[2025-12-11T04:19:19.847+0000] {processor.py:161} INFO - Started process (PID=168) to work on /home/airflow/.local/lib/python3.9/site-packages/airflow/example_dags/example_nested_branch_dag.py
[2025-12-11T04:19:19.854+0000] {processor.py:830} INFO - Processing file /home/airflow/.local/lib/python3.9/site-packages/airflow/example_dags/example_nested_branch_dag.py for tasks to queue
[2025-12-11T04:19:19.859+0000] {logging_mixin.py:188} INFO - [2025-12-11T04:19:19.858+0000] {dagbag.py:545} INFO - Filling up the DagBag from /home/airflow/.local/lib/python3.9/site-packages/airflow/example_dags/example_nested_branch_dag.py
[2025-12-11T04:19:19.873+0000] {processor.py:840} INFO - DAG(s) 'example_nested_branch_dag' retrieved from /home/airflow/.local/lib/python3.9/site-packages/airflow/example_dags/example_nested_branch_dag.py
[2025-12-11T04:19:19.937+0000] {logging_mixin.py:188} INFO - [2025-12-11T04:19:19.929+0000] {dag.py:3096} INFO - Sync 1 DAGs
[2025-12-11T04:19:19.983+0000] {logging_mixin.py:188} INFO - [2025-12-11T04:19:19.983+0000] {dag.py:3954} INFO - Setting next_dagrun for example_nested_branch_dag to 2025-12-10 00:00:00+00:00, run_after=2025-12-11 00:00:00+00:00
[2025-12-11T04:19:20.167+0000] {processor.py:183} INFO - Processing /home/airflow/.local/lib/python3.9/site-packages/airflow/example_dags/example_nested_branch_dag.py took 0.330 seconds
[2025-12-11T04:19:50.403+0000] {processor.py:161} INFO - Started process (PID=232) to work on /home/airflow/.local/lib/python3.9/site-packages/airflow/example_dags/example_nested_branch_dag.py
[2025-12-11T04:19:50.412+0000] {processor.py:830} INFO - Processing file /home/airflow/.local/lib/python3.9/site-packages/airflow/example_dags/example_nested_branch_dag.py for tasks to queue
[2025-12-11T04:19:50.419+0000] {logging_mixin.py:188} INFO - [2025-12-11T04:19:50.418+0000] {dagbag.py:545} INFO - Filling up the DagBag from /home/airflow/.local/lib/python3.9/site-packages/airflow/example_dags/example_nested_branch_dag.py
[2025-12-11T04:19:50.445+0000] {processor.py:840} INFO - DAG(s) 'example_nested_branch_dag' retrieved from /home/airflow/.local/lib/python3.9/site-packages/airflow/example_dags/example_nested_branch_dag.py
[2025-12-11T04:19:50.559+0000] {logging_mixin.py:188} INFO - [2025-12-11T04:19:50.558+0000] {dag.py:3096} INFO - Sync 1 DAGs
[2025-12-11T04:19:50.609+0000] {logging_mixin.py:188} INFO - [2025-12-11T04:19:50.608+0000] {dag.py:3954} INFO - Setting next_dagrun for example_nested_branch_dag to 2025-12-10 00:00:00+00:00, run_after=2025-12-11 00:00:00+00:00
[2025-12-11T04:19:50.638+0000] {processor.py:183} INFO - Processing /home/airflow/.local/lib/python3.9/site-packages/airflow/example_dags/example_nested_branch_dag.py took 0.255 seconds
[2025-12-11T04:20:21.320+0000] {processor.py:161} INFO - Started process (PID=298) to work on /home/airflow/.local/lib/python3.9/site-packages/airflow/example_dags/example_nested_branch_dag.py
[2025-12-11T04:20:21.328+0000] {processor.py:830} INFO - Processing file /home/airflow/.local/lib/python3.9/site-packages/airflow/example_dags/example_nested_branch_dag.py for tasks to queue
[2025-12-11T04:20:21.339+0000] {logging_mixin.py:188} INFO - [2025-12-11T04:20:21.338+0000] {dagbag.py:545} INFO - Filling up the DagBag from /home/airflow/.local/lib/python3.9/site-packages/airflow/example_dags/example_nested_branch_dag.py
[2025-12-11T04:20:21.379+0000] {processor.py:840} INFO - DAG(s) 'example_nested_branch_dag' retrieved from /home/airflow/.local/lib/python3.9/site-packages/airflow/example_dags/example_nested_branch_dag.py
[2025-12-11T04:20:21.477+0000] {logging_mixin.py:188} INFO - [2025-12-11T04:20:21.477+0000] {dag.py:3096} INFO - Sync 1 DAGs
[2025-12-11T04:20:21.562+0000] {logging_mixin.py:188} INFO - [2025-12-11T04:20:21.562+0000] {dag.py:3954} INFO - Setting next_dagrun for example_nested_branch_dag to 2025-12-10 00:00:00+00:00, run_after=2025-12-11 00:00:00+00:00
[2025-12-11T04:20:21.658+0000] {processor.py:183} INFO - Processing /home/airflow/.local/lib/python3.9/site-packages/airflow/example_dags/example_nested_branch_dag.py took 0.357 seconds
[2025-12-11T04:20:52.739+0000] {processor.py:161} INFO - Started process (PID=364) to work on /home/airflow/.local/lib/python3.9/site-packages/airflow/example_dags/example_nested_branch_dag.py
[2025-12-11T04:20:52.741+0000] {processor.py:830} INFO - Processing file /home/airflow/.local/lib/python3.9/site-packages/airflow/example_dags/example_nested_branch_dag.py for tasks to queue
[2025-12-11T04:20:52.744+0000] {logging_mixin.py:188} INFO - [2025-12-11T04:20:52.743+0000] {dagbag.py:545} INFO - Filling up the DagBag from /home/airflow/.local/lib/python3.9/site-packages/airflow/example_dags/example_nested_branch_dag.py
[2025-12-11T04:20:52.768+0000] {processor.py:840} INFO - DAG(s) 'example_nested_branch_dag' retrieved from /home/airflow/.local/lib/python3.9/site-packages/airflow/example_dags/example_nested_branch_dag.py
[2025-12-11T04:20:52.866+0000] {logging_mixin.py:188} INFO - [2025-12-11T04:20:52.866+0000] {dag.py:3096} INFO - Sync 1 DAGs
[2025-12-11T04:20:52.964+0000] {logging_mixin.py:188} INFO - [2025-12-11T04:20:52.963+0000] {dag.py:3954} INFO - Setting next_dagrun for example_nested_branch_dag to 2025-12-10 00:00:00+00:00, run_after=2025-12-11 00:00:00+00:00
[2025-12-11T04:20:53.063+0000] {processor.py:183} INFO - Processing /home/airflow/.local/lib/python3.9/site-packages/airflow/example_dags/example_nested_branch_dag.py took 0.344 seconds
[2025-12-11T04:21:24.023+0000] {processor.py:161} INFO - Started process (PID=429) to work on /home/airflow/.local/lib/python3.9/site-packages/airflow/example_dags/example_nested_branch_dag.py
[2025-12-11T04:21:24.025+0000] {processor.py:830} INFO - Processing file /home/airflow/.local/lib/python3.9/site-packages/airflow/example_dags/example_nested_branch_dag.py for tasks to queue
[2025-12-11T04:21:24.027+0000] {logging_mixin.py:188} INFO - [2025-12-11T04:21:24.027+0000] {dagbag.py:545} INFO - Filling up the DagBag from /home/airflow/.local/lib/python3.9/site-packages/airflow/example_dags/example_nested_branch_dag.py
[2025-12-11T04:21:24.059+0000] {processor.py:840} INFO - DAG(s) 'example_nested_branch_dag' retrieved from /home/airflow/.local/lib/python3.9/site-packages/airflow/example_dags/example_nested_branch_dag.py
[2025-12-11T04:21:24.144+0000] {logging_mixin.py:188} INFO - [2025-12-11T04:21:24.144+0000] {dag.py:3096} INFO - Sync 1 DAGs
[2025-12-11T04:21:24.239+0000] {logging_mixin.py:188} INFO - [2025-12-11T04:21:24.238+0000] {dag.py:3954} INFO - Setting next_dagrun for example_nested_branch_dag to 2025-12-10 00:00:00+00:00, run_after=2025-12-11 00:00:00+00:00
[2025-12-11T04:21:24.303+0000] {processor.py:183} INFO - Processing /home/airflow/.local/lib/python3.9/site-packages/airflow/example_dags/example_nested_branch_dag.py took 0.301 seconds
[2025-12-11T04:21:54.968+0000] {processor.py:161} INFO - Started process (PID=495) to work on /home/airflow/.local/lib/python3.9/site-packages/airflow/example_dags/example_nested_branch_dag.py
[2025-12-11T04:21:54.985+0000] {processor.py:830} INFO - Processing file /home/airflow/.local/lib/python3.9/site-packages/airflow/example_dags/example_nested_branch_dag.py for tasks to queue
[2025-12-11T04:21:54.988+0000] {logging_mixin.py:188} INFO - [2025-12-11T04:21:54.987+0000] {dagbag.py:545} INFO - Filling up the DagBag from /home/airflow/.local/lib/python3.9/site-packages/airflow/example_dags/example_nested_branch_dag.py
[2025-12-11T04:21:55.002+0000] {processor.py:840} INFO - DAG(s) 'example_nested_branch_dag' retrieved from /home/airflow/.local/lib/python3.9/site-packages/airflow/example_dags/example_nested_branch_dag.py
[2025-12-11T04:21:55.064+0000] {logging_mixin.py:188} INFO - [2025-12-11T04:21:55.063+0000] {dag.py:3096} INFO - Sync 1 DAGs
[2025-12-11T04:21:55.129+0000] {logging_mixin.py:188} INFO - [2025-12-11T04:21:55.128+0000] {dag.py:3954} INFO - Setting next_dagrun for example_nested_branch_dag to 2025-12-10 00:00:00+00:00, run_after=2025-12-11 00:00:00+00:00
[2025-12-11T04:21:55.164+0000] {processor.py:183} INFO - Processing /home/airflow/.local/lib/python3.9/site-packages/airflow/example_dags/example_nested_branch_dag.py took 0.205 seconds
[2025-12-11T04:22:25.361+0000] {processor.py:161} INFO - Started process (PID=561) to work on /home/airflow/.local/lib/python3.9/site-packages/airflow/example_dags/example_nested_branch_dag.py
[2025-12-11T04:22:25.362+0000] {processor.py:830} INFO - Processing file /home/airflow/.local/lib/python3.9/site-packages/airflow/example_dags/example_nested_branch_dag.py for tasks to queue
[2025-12-11T04:22:25.365+0000] {logging_mixin.py:188} INFO - [2025-12-11T04:22:25.364+0000] {dagbag.py:545} INFO - Filling up the DagBag from /home/airflow/.local/lib/python3.9/site-packages/airflow/example_dags/example_nested_branch_dag.py
[2025-12-11T04:22:25.392+0000] {processor.py:840} INFO - DAG(s) 'example_nested_branch_dag' retrieved from /home/airflow/.local/lib/python3.9/site-packages/airflow/example_dags/example_nested_branch_dag.py
[2025-12-11T04:22:25.461+0000] {logging_mixin.py:188} INFO - [2025-12-11T04:22:25.461+0000] {dag.py:3096} INFO - Sync 1 DAGs
[2025-12-11T04:22:25.504+0000] {logging_mixin.py:188} INFO - [2025-12-11T04:22:25.503+0000] {dag.py:3954} INFO - Setting next_dagrun for example_nested_branch_dag to 2025-12-10 00:00:00+00:00, run_after=2025-12-11 00:00:00+00:00
[2025-12-11T04:22:25.539+0000] {processor.py:183} INFO - Processing /home/airflow/.local/lib/python3.9/site-packages/airflow/example_dags/example_nested_branch_dag.py took 0.194 seconds
[2025-12-11T04:22:56.061+0000] {processor.py:161} INFO - Started process (PID=627) to work on /home/airflow/.local/lib/python3.9/site-packages/airflow/example_dags/example_nested_branch_dag.py
[2025-12-11T04:22:56.063+0000] {processor.py:830} INFO - Processing file /home/airflow/.local/lib/python3.9/site-packages/airflow/example_dags/example_nested_branch_dag.py for tasks to queue
[2025-12-11T04:22:56.068+0000] {logging_mixin.py:188} INFO - [2025-12-11T04:22:56.067+0000] {dagbag.py:545} INFO - Filling up the DagBag from /home/airflow/.local/lib/python3.9/site-packages/airflow/example_dags/example_nested_branch_dag.py
[2025-12-11T04:22:56.138+0000] {processor.py:840} INFO - DAG(s) 'example_nested_branch_dag' retrieved from /home/airflow/.local/lib/python3.9/site-packages/airflow/example_dags/example_nested_branch_dag.py
[2025-12-11T04:22:56.211+0000] {logging_mixin.py:188} INFO - [2025-12-11T04:22:56.210+0000] {dag.py:3096} INFO - Sync 1 DAGs
[2025-12-11T04:22:56.283+0000] {logging_mixin.py:188} INFO - [2025-12-11T04:22:56.283+0000] {dag.py:3954} INFO - Setting next_dagrun for example_nested_branch_dag to 2025-12-10 00:00:00+00:00, run_after=2025-12-11 00:00:00+00:00
[2025-12-11T04:22:56.337+0000] {processor.py:183} INFO - Processing /home/airflow/.local/lib/python3.9/site-packages/airflow/example_dags/example_nested_branch_dag.py took 0.319 seconds
[2025-12-11T04:23:26.528+0000] {processor.py:161} INFO - Started process (PID=693) to work on /home/airflow/.local/lib/python3.9/site-packages/airflow/example_dags/example_nested_branch_dag.py
[2025-12-11T04:23:26.532+0000] {processor.py:830} INFO - Processing file /home/airflow/.local/lib/python3.9/site-packages/airflow/example_dags/example_nested_branch_dag.py for tasks to queue
[2025-12-11T04:23:26.535+0000] {logging_mixin.py:188} INFO - [2025-12-11T04:23:26.535+0000] {dagbag.py:545} INFO - Filling up the DagBag from /home/airflow/.local/lib/python3.9/site-packages/airflow/example_dags/example_nested_branch_dag.py
[2025-12-11T04:23:26.551+0000] {processor.py:840} INFO - DAG(s) 'example_nested_branch_dag' retrieved from /home/airflow/.local/lib/python3.9/site-packages/airflow/example_dags/example_nested_branch_dag.py
[2025-12-11T04:23:26.596+0000] {logging_mixin.py:188} INFO - [2025-12-11T04:23:26.596+0000] {dag.py:3096} INFO - Sync 1 DAGs
[2025-12-11T04:23:26.647+0000] {logging_mixin.py:188} INFO - [2025-12-11T04:23:26.646+0000] {dag.py:3954} INFO - Setting next_dagrun for example_nested_branch_dag to 2025-12-10 00:00:00+00:00, run_after=2025-12-11 00:00:00+00:00
[2025-12-11T04:23:26.804+0000] {processor.py:183} INFO - Processing /home/airflow/.local/lib/python3.9/site-packages/airflow/example_dags/example_nested_branch_dag.py took 0.288 seconds
[2025-12-11T04:23:57.063+0000] {processor.py:161} INFO - Started process (PID=759) to work on /home/airflow/.local/lib/python3.9/site-packages/airflow/example_dags/example_nested_branch_dag.py
[2025-12-11T04:23:57.065+0000] {processor.py:830} INFO - Processing file /home/airflow/.local/lib/python3.9/site-packages/airflow/example_dags/example_nested_branch_dag.py for tasks to queue
[2025-12-11T04:23:57.069+0000] {logging_mixin.py:188} INFO - [2025-12-11T04:23:57.068+0000] {dagbag.py:545} INFO - Filling up the DagBag from /home/airflow/.local/lib/python3.9/site-packages/airflow/example_dags/example_nested_branch_dag.py
[2025-12-11T04:23:57.098+0000] {processor.py:840} INFO - DAG(s) 'example_nested_branch_dag' retrieved from /home/airflow/.local/lib/python3.9/site-packages/airflow/example_dags/example_nested_branch_dag.py
[2025-12-11T04:23:57.159+0000] {logging_mixin.py:188} INFO - [2025-12-11T04:23:57.159+0000] {dag.py:3096} INFO - Sync 1 DAGs
[2025-12-11T04:23:57.198+0000] {logging_mixin.py:188} INFO - [2025-12-11T04:23:57.197+0000] {dag.py:3954} INFO - Setting next_dagrun for example_nested_branch_dag to 2025-12-10 00:00:00+00:00, run_after=2025-12-11 00:00:00+00:00
[2025-12-11T04:23:57.223+0000] {processor.py:183} INFO - Processing /home/airflow/.local/lib/python3.9/site-packages/airflow/example_dags/example_nested_branch_dag.py took 0.181 seconds
[2025-12-11T04:24:27.601+0000] {processor.py:161} INFO - Started process (PID=825) to work on /home/airflow/.local/lib/python3.9/site-packages/airflow/example_dags/example_nested_branch_dag.py
[2025-12-11T04:24:27.609+0000] {processor.py:830} INFO - Processing file /home/airflow/.local/lib/python3.9/site-packages/airflow/example_dags/example_nested_branch_dag.py for tasks to queue
[2025-12-11T04:24:27.620+0000] {logging_mixin.py:188} INFO - [2025-12-11T04:24:27.619+0000] {dagbag.py:545} INFO - Filling up the DagBag from /home/airflow/.local/lib/python3.9/site-packages/airflow/example_dags/example_nested_branch_dag.py
[2025-12-11T04:24:27.645+0000] {processor.py:840} INFO - DAG(s) 'example_nested_branch_dag' retrieved from /home/airflow/.local/lib/python3.9/site-packages/airflow/example_dags/example_nested_branch_dag.py
[2025-12-11T04:24:27.693+0000] {logging_mixin.py:188} INFO - [2025-12-11T04:24:27.693+0000] {dag.py:3096} INFO - Sync 1 DAGs
[2025-12-11T04:24:27.731+0000] {logging_mixin.py:188} INFO - [2025-12-11T04:24:27.731+0000] {dag.py:3954} INFO - Setting next_dagrun for example_nested_branch_dag to 2025-12-10 00:00:00+00:00, run_after=2025-12-11 00:00:00+00:00
[2025-12-11T04:24:27.798+0000] {processor.py:183} INFO - Processing /home/airflow/.local/lib/python3.9/site-packages/airflow/example_dags/example_nested_branch_dag.py took 0.215 seconds
[2025-12-11T04:24:59.096+0000] {processor.py:161} INFO - Started process (PID=891) to work on /home/airflow/.local/lib/python3.9/site-packages/airflow/example_dags/example_nested_branch_dag.py
[2025-12-11T04:24:59.168+0000] {processor.py:830} INFO - Processing file /home/airflow/.local/lib/python3.9/site-packages/airflow/example_dags/example_nested_branch_dag.py for tasks to queue
[2025-12-11T04:24:59.171+0000] {logging_mixin.py:188} INFO - [2025-12-11T04:24:59.170+0000] {dagbag.py:545} INFO - Filling up the DagBag from /home/airflow/.local/lib/python3.9/site-packages/airflow/example_dags/example_nested_branch_dag.py
[2025-12-11T04:24:59.186+0000] {processor.py:840} INFO - DAG(s) 'example_nested_branch_dag' retrieved from /home/airflow/.local/lib/python3.9/site-packages/airflow/example_dags/example_nested_branch_dag.py
[2025-12-11T04:24:59.227+0000] {logging_mixin.py:188} INFO - [2025-12-11T04:24:59.226+0000] {dag.py:3096} INFO - Sync 1 DAGs
[2025-12-11T04:24:59.483+0000] {logging_mixin.py:188} INFO - [2025-12-11T04:24:59.483+0000] {dag.py:3954} INFO - Setting next_dagrun for example_nested_branch_dag to 2025-12-10 00:00:00+00:00, run_after=2025-12-11 00:00:00+00:00
[2025-12-11T04:24:59.630+0000] {processor.py:183} INFO - Processing /home/airflow/.local/lib/python3.9/site-packages/airflow/example_dags/example_nested_branch_dag.py took 0.544 seconds
[2025-12-11T04:25:29.800+0000] {processor.py:161} INFO - Started process (PID=956) to work on /home/airflow/.local/lib/python3.9/site-packages/airflow/example_dags/example_nested_branch_dag.py
[2025-12-11T04:25:29.808+0000] {processor.py:830} INFO - Processing file /home/airflow/.local/lib/python3.9/site-packages/airflow/example_dags/example_nested_branch_dag.py for tasks to queue
[2025-12-11T04:25:29.811+0000] {logging_mixin.py:188} INFO - [2025-12-11T04:25:29.811+0000] {dagbag.py:545} INFO - Filling up the DagBag from /home/airflow/.local/lib/python3.9/site-packages/airflow/example_dags/example_nested_branch_dag.py
[2025-12-11T04:25:29.826+0000] {processor.py:840} INFO - DAG(s) 'example_nested_branch_dag' retrieved from /home/airflow/.local/lib/python3.9/site-packages/airflow/example_dags/example_nested_branch_dag.py
[2025-12-11T04:25:29.881+0000] {logging_mixin.py:188} INFO - [2025-12-11T04:25:29.880+0000] {dag.py:3096} INFO - Sync 1 DAGs
[2025-12-11T04:25:29.922+0000] {logging_mixin.py:188} INFO - [2025-12-11T04:25:29.922+0000] {dag.py:3954} INFO - Setting next_dagrun for example_nested_branch_dag to 2025-12-10 00:00:00+00:00, run_after=2025-12-11 00:00:00+00:00
[2025-12-11T04:25:29.952+0000] {processor.py:183} INFO - Processing /home/airflow/.local/lib/python3.9/site-packages/airflow/example_dags/example_nested_branch_dag.py took 0.163 seconds
[2025-12-11T04:26:00.037+0000] {processor.py:161} INFO - Started process (PID=1022) to work on /home/airflow/.local/lib/python3.9/site-packages/airflow/example_dags/example_nested_branch_dag.py
[2025-12-11T04:26:00.043+0000] {processor.py:830} INFO - Processing file /home/airflow/.local/lib/python3.9/site-packages/airflow/example_dags/example_nested_branch_dag.py for tasks to queue
[2025-12-11T04:26:00.046+0000] {logging_mixin.py:188} INFO - [2025-12-11T04:26:00.046+0000] {dagbag.py:545} INFO - Filling up the DagBag from /home/airflow/.local/lib/python3.9/site-packages/airflow/example_dags/example_nested_branch_dag.py
[2025-12-11T04:26:00.062+0000] {processor.py:840} INFO - DAG(s) 'example_nested_branch_dag' retrieved from /home/airflow/.local/lib/python3.9/site-packages/airflow/example_dags/example_nested_branch_dag.py
[2025-12-11T04:26:00.200+0000] {logging_mixin.py:188} INFO - [2025-12-11T04:26:00.200+0000] {dag.py:3096} INFO - Sync 1 DAGs
[2025-12-11T04:26:00.260+0000] {logging_mixin.py:188} INFO - [2025-12-11T04:26:00.260+0000] {dag.py:3954} INFO - Setting next_dagrun for example_nested_branch_dag to 2025-12-10 00:00:00+00:00, run_after=2025-12-11 00:00:00+00:00
[2025-12-11T04:26:00.288+0000] {processor.py:183} INFO - Processing /home/airflow/.local/lib/python3.9/site-packages/airflow/example_dags/example_nested_branch_dag.py took 0.262 seconds
[2025-12-11T04:26:30.682+0000] {processor.py:161} INFO - Started process (PID=1088) to work on /home/airflow/.local/lib/python3.9/site-packages/airflow/example_dags/example_nested_branch_dag.py
[2025-12-11T04:26:30.691+0000] {processor.py:830} INFO - Processing file /home/airflow/.local/lib/python3.9/site-packages/airflow/example_dags/example_nested_branch_dag.py for tasks to queue
[2025-12-11T04:26:30.694+0000] {logging_mixin.py:188} INFO - [2025-12-11T04:26:30.694+0000] {dagbag.py:545} INFO - Filling up the DagBag from /home/airflow/.local/lib/python3.9/site-packages/airflow/example_dags/example_nested_branch_dag.py
[2025-12-11T04:26:30.709+0000] {processor.py:840} INFO - DAG(s) 'example_nested_branch_dag' retrieved from /home/airflow/.local/lib/python3.9/site-packages/airflow/example_dags/example_nested_branch_dag.py
[2025-12-11T04:26:30.753+0000] {logging_mixin.py:188} INFO - [2025-12-11T04:26:30.752+0000] {dag.py:3096} INFO - Sync 1 DAGs
[2025-12-11T04:26:30.793+0000] {logging_mixin.py:188} INFO - [2025-12-11T04:26:30.793+0000] {dag.py:3954} INFO - Setting next_dagrun for example_nested_branch_dag to 2025-12-10 00:00:00+00:00, run_after=2025-12-11 00:00:00+00:00
[2025-12-11T04:26:30.819+0000] {processor.py:183} INFO - Processing /home/airflow/.local/lib/python3.9/site-packages/airflow/example_dags/example_nested_branch_dag.py took 0.149 seconds
[2025-12-11T04:27:02.104+0000] {processor.py:161} INFO - Started process (PID=1161) to work on /home/airflow/.local/lib/python3.9/site-packages/airflow/example_dags/example_nested_branch_dag.py
[2025-12-11T04:27:02.140+0000] {processor.py:830} INFO - Processing file /home/airflow/.local/lib/python3.9/site-packages/airflow/example_dags/example_nested_branch_dag.py for tasks to queue
[2025-12-11T04:27:02.143+0000] {logging_mixin.py:188} INFO - [2025-12-11T04:27:02.143+0000] {dagbag.py:545} INFO - Filling up the DagBag from /home/airflow/.local/lib/python3.9/site-packages/airflow/example_dags/example_nested_branch_dag.py
[2025-12-11T04:27:02.165+0000] {processor.py:840} INFO - DAG(s) 'example_nested_branch_dag' retrieved from /home/airflow/.local/lib/python3.9/site-packages/airflow/example_dags/example_nested_branch_dag.py
[2025-12-11T04:27:02.225+0000] {logging_mixin.py:188} INFO - [2025-12-11T04:27:02.225+0000] {dag.py:3096} INFO - Sync 1 DAGs
[2025-12-11T04:27:02.282+0000] {logging_mixin.py:188} INFO - [2025-12-11T04:27:02.282+0000] {dag.py:3954} INFO - Setting next_dagrun for example_nested_branch_dag to 2025-12-10 00:00:00+00:00, run_after=2025-12-11 00:00:00+00:00
[2025-12-11T04:27:02.342+0000] {processor.py:183} INFO - Processing /home/airflow/.local/lib/python3.9/site-packages/airflow/example_dags/example_nested_branch_dag.py took 0.260 seconds
[2025-12-11T04:27:32.804+0000] {processor.py:161} INFO - Started process (PID=1227) to work on /home/airflow/.local/lib/python3.9/site-packages/airflow/example_dags/example_nested_branch_dag.py
[2025-12-11T04:27:32.812+0000] {processor.py:830} INFO - Processing file /home/airflow/.local/lib/python3.9/site-packages/airflow/example_dags/example_nested_branch_dag.py for tasks to queue
[2025-12-11T04:27:32.819+0000] {logging_mixin.py:188} INFO - [2025-12-11T04:27:32.818+0000] {dagbag.py:545} INFO - Filling up the DagBag from /home/airflow/.local/lib/python3.9/site-packages/airflow/example_dags/example_nested_branch_dag.py
[2025-12-11T04:27:32.857+0000] {processor.py:840} INFO - DAG(s) 'example_nested_branch_dag' retrieved from /home/airflow/.local/lib/python3.9/site-packages/airflow/example_dags/example_nested_branch_dag.py
[2025-12-11T04:27:32.961+0000] {logging_mixin.py:188} INFO - [2025-12-11T04:27:32.960+0000] {dag.py:3096} INFO - Sync 1 DAGs
[2025-12-11T04:27:33.059+0000] {logging_mixin.py:188} INFO - [2025-12-11T04:27:33.059+0000] {dag.py:3954} INFO - Setting next_dagrun for example_nested_branch_dag to 2025-12-10 00:00:00+00:00, run_after=2025-12-11 00:00:00+00:00
[2025-12-11T04:27:33.121+0000] {processor.py:183} INFO - Processing /home/airflow/.local/lib/python3.9/site-packages/airflow/example_dags/example_nested_branch_dag.py took 0.338 seconds
[2025-12-11T04:28:04.079+0000] {processor.py:161} INFO - Started process (PID=1293) to work on /home/airflow/.local/lib/python3.9/site-packages/airflow/example_dags/example_nested_branch_dag.py
[2025-12-11T04:28:04.081+0000] {processor.py:830} INFO - Processing file /home/airflow/.local/lib/python3.9/site-packages/airflow/example_dags/example_nested_branch_dag.py for tasks to queue
[2025-12-11T04:28:04.084+0000] {logging_mixin.py:188} INFO - [2025-12-11T04:28:04.083+0000] {dagbag.py:545} INFO - Filling up the DagBag from /home/airflow/.local/lib/python3.9/site-packages/airflow/example_dags/example_nested_branch_dag.py
[2025-12-11T04:28:04.117+0000] {processor.py:840} INFO - DAG(s) 'example_nested_branch_dag' retrieved from /home/airflow/.local/lib/python3.9/site-packages/airflow/example_dags/example_nested_branch_dag.py
[2025-12-11T04:28:04.217+0000] {logging_mixin.py:188} INFO - [2025-12-11T04:28:04.204+0000] {dag.py:3096} INFO - Sync 1 DAGs
[2025-12-11T04:28:04.318+0000] {logging_mixin.py:188} INFO - [2025-12-11T04:28:04.318+0000] {dag.py:3954} INFO - Setting next_dagrun for example_nested_branch_dag to 2025-12-10 00:00:00+00:00, run_after=2025-12-11 00:00:00+00:00
[2025-12-11T04:28:04.397+0000] {processor.py:183} INFO - Processing /home/airflow/.local/lib/python3.9/site-packages/airflow/example_dags/example_nested_branch_dag.py took 0.358 seconds
[2025-12-11T04:28:35.039+0000] {processor.py:161} INFO - Started process (PID=1359) to work on /home/airflow/.local/lib/python3.9/site-packages/airflow/example_dags/example_nested_branch_dag.py
[2025-12-11T04:28:35.196+0000] {processor.py:830} INFO - Processing file /home/airflow/.local/lib/python3.9/site-packages/airflow/example_dags/example_nested_branch_dag.py for tasks to queue
[2025-12-11T04:28:35.200+0000] {logging_mixin.py:188} INFO - [2025-12-11T04:28:35.199+0000] {dagbag.py:545} INFO - Filling up the DagBag from /home/airflow/.local/lib/python3.9/site-packages/airflow/example_dags/example_nested_branch_dag.py
[2025-12-11T04:28:35.225+0000] {processor.py:840} INFO - DAG(s) 'example_nested_branch_dag' retrieved from /home/airflow/.local/lib/python3.9/site-packages/airflow/example_dags/example_nested_branch_dag.py
[2025-12-11T04:28:35.324+0000] {logging_mixin.py:188} INFO - [2025-12-11T04:28:35.323+0000] {dag.py:3096} INFO - Sync 1 DAGs
[2025-12-11T04:28:35.438+0000] {logging_mixin.py:188} INFO - [2025-12-11T04:28:35.437+0000] {dag.py:3954} INFO - Setting next_dagrun for example_nested_branch_dag to 2025-12-10 00:00:00+00:00, run_after=2025-12-11 00:00:00+00:00
[2025-12-11T04:28:35.522+0000] {processor.py:183} INFO - Processing /home/airflow/.local/lib/python3.9/site-packages/airflow/example_dags/example_nested_branch_dag.py took 0.517 seconds
[2025-12-11T04:29:05.980+0000] {processor.py:161} INFO - Started process (PID=1425) to work on /home/airflow/.local/lib/python3.9/site-packages/airflow/example_dags/example_nested_branch_dag.py
[2025-12-11T04:29:05.982+0000] {processor.py:830} INFO - Processing file /home/airflow/.local/lib/python3.9/site-packages/airflow/example_dags/example_nested_branch_dag.py for tasks to queue
[2025-12-11T04:29:05.985+0000] {logging_mixin.py:188} INFO - [2025-12-11T04:29:05.984+0000] {dagbag.py:545} INFO - Filling up the DagBag from /home/airflow/.local/lib/python3.9/site-packages/airflow/example_dags/example_nested_branch_dag.py
[2025-12-11T04:29:06.007+0000] {processor.py:840} INFO - DAG(s) 'example_nested_branch_dag' retrieved from /home/airflow/.local/lib/python3.9/site-packages/airflow/example_dags/example_nested_branch_dag.py
[2025-12-11T04:29:06.103+0000] {logging_mixin.py:188} INFO - [2025-12-11T04:29:06.102+0000] {dag.py:3096} INFO - Sync 1 DAGs
[2025-12-11T04:29:06.239+0000] {logging_mixin.py:188} INFO - [2025-12-11T04:29:06.238+0000] {dag.py:3954} INFO - Setting next_dagrun for example_nested_branch_dag to 2025-12-10 00:00:00+00:00, run_after=2025-12-11 00:00:00+00:00
[2025-12-11T04:29:06.339+0000] {processor.py:183} INFO - Processing /home/airflow/.local/lib/python3.9/site-packages/airflow/example_dags/example_nested_branch_dag.py took 0.378 seconds
[2025-12-11T04:29:36.467+0000] {processor.py:161} INFO - Started process (PID=1491) to work on /home/airflow/.local/lib/python3.9/site-packages/airflow/example_dags/example_nested_branch_dag.py
[2025-12-11T04:29:36.478+0000] {processor.py:830} INFO - Processing file /home/airflow/.local/lib/python3.9/site-packages/airflow/example_dags/example_nested_branch_dag.py for tasks to queue
[2025-12-11T04:29:36.481+0000] {logging_mixin.py:188} INFO - [2025-12-11T04:29:36.480+0000] {dagbag.py:545} INFO - Filling up the DagBag from /home/airflow/.local/lib/python3.9/site-packages/airflow/example_dags/example_nested_branch_dag.py
[2025-12-11T04:29:36.517+0000] {processor.py:840} INFO - DAG(s) 'example_nested_branch_dag' retrieved from /home/airflow/.local/lib/python3.9/site-packages/airflow/example_dags/example_nested_branch_dag.py
[2025-12-11T04:29:36.600+0000] {logging_mixin.py:188} INFO - [2025-12-11T04:29:36.599+0000] {dag.py:3096} INFO - Sync 1 DAGs
[2025-12-11T04:29:36.719+0000] {logging_mixin.py:188} INFO - [2025-12-11T04:29:36.719+0000] {dag.py:3954} INFO - Setting next_dagrun for example_nested_branch_dag to 2025-12-10 00:00:00+00:00, run_after=2025-12-11 00:00:00+00:00
[2025-12-11T04:29:36.821+0000] {processor.py:183} INFO - Processing /home/airflow/.local/lib/python3.9/site-packages/airflow/example_dags/example_nested_branch_dag.py took 0.375 seconds
[2025-12-11T04:30:07.704+0000] {processor.py:161} INFO - Started process (PID=1557) to work on /home/airflow/.local/lib/python3.9/site-packages/airflow/example_dags/example_nested_branch_dag.py
[2025-12-11T04:30:07.708+0000] {processor.py:830} INFO - Processing file /home/airflow/.local/lib/python3.9/site-packages/airflow/example_dags/example_nested_branch_dag.py for tasks to queue
[2025-12-11T04:30:07.722+0000] {logging_mixin.py:188} INFO - [2025-12-11T04:30:07.722+0000] {dagbag.py:545} INFO - Filling up the DagBag from /home/airflow/.local/lib/python3.9/site-packages/airflow/example_dags/example_nested_branch_dag.py
[2025-12-11T04:30:07.762+0000] {processor.py:840} INFO - DAG(s) 'example_nested_branch_dag' retrieved from /home/airflow/.local/lib/python3.9/site-packages/airflow/example_dags/example_nested_branch_dag.py
[2025-12-11T04:30:07.883+0000] {logging_mixin.py:188} INFO - [2025-12-11T04:30:07.883+0000] {dag.py:3096} INFO - Sync 1 DAGs
[2025-12-11T04:30:07.938+0000] {logging_mixin.py:188} INFO - [2025-12-11T04:30:07.937+0000] {dag.py:3954} INFO - Setting next_dagrun for example_nested_branch_dag to 2025-12-10 00:00:00+00:00, run_after=2025-12-11 00:00:00+00:00
[2025-12-11T04:30:08.043+0000] {processor.py:183} INFO - Processing /home/airflow/.local/lib/python3.9/site-packages/airflow/example_dags/example_nested_branch_dag.py took 0.362 seconds
[2025-12-11T04:30:38.847+0000] {processor.py:161} INFO - Started process (PID=1622) to work on /home/airflow/.local/lib/python3.9/site-packages/airflow/example_dags/example_nested_branch_dag.py
[2025-12-11T04:30:38.855+0000] {processor.py:830} INFO - Processing file /home/airflow/.local/lib/python3.9/site-packages/airflow/example_dags/example_nested_branch_dag.py for tasks to queue
[2025-12-11T04:30:38.859+0000] {logging_mixin.py:188} INFO - [2025-12-11T04:30:38.858+0000] {dagbag.py:545} INFO - Filling up the DagBag from /home/airflow/.local/lib/python3.9/site-packages/airflow/example_dags/example_nested_branch_dag.py
[2025-12-11T04:30:38.876+0000] {processor.py:840} INFO - DAG(s) 'example_nested_branch_dag' retrieved from /home/airflow/.local/lib/python3.9/site-packages/airflow/example_dags/example_nested_branch_dag.py
[2025-12-11T04:30:38.930+0000] {logging_mixin.py:188} INFO - [2025-12-11T04:30:38.929+0000] {dag.py:3096} INFO - Sync 1 DAGs
[2025-12-11T04:30:38.978+0000] {logging_mixin.py:188} INFO - [2025-12-11T04:30:38.977+0000] {dag.py:3954} INFO - Setting next_dagrun for example_nested_branch_dag to 2025-12-10 00:00:00+00:00, run_after=2025-12-11 00:00:00+00:00
[2025-12-11T04:30:39.106+0000] {processor.py:183} INFO - Processing /home/airflow/.local/lib/python3.9/site-packages/airflow/example_dags/example_nested_branch_dag.py took 0.269 seconds
[2025-12-11T04:31:09.806+0000] {processor.py:161} INFO - Started process (PID=1688) to work on /home/airflow/.local/lib/python3.9/site-packages/airflow/example_dags/example_nested_branch_dag.py
[2025-12-11T04:31:09.808+0000] {processor.py:830} INFO - Processing file /home/airflow/.local/lib/python3.9/site-packages/airflow/example_dags/example_nested_branch_dag.py for tasks to queue
[2025-12-11T04:31:09.819+0000] {logging_mixin.py:188} INFO - [2025-12-11T04:31:09.819+0000] {dagbag.py:545} INFO - Filling up the DagBag from /home/airflow/.local/lib/python3.9/site-packages/airflow/example_dags/example_nested_branch_dag.py
[2025-12-11T04:31:09.843+0000] {processor.py:840} INFO - DAG(s) 'example_nested_branch_dag' retrieved from /home/airflow/.local/lib/python3.9/site-packages/airflow/example_dags/example_nested_branch_dag.py
[2025-12-11T04:31:09.897+0000] {logging_mixin.py:188} INFO - [2025-12-11T04:31:09.897+0000] {dag.py:3096} INFO - Sync 1 DAGs
[2025-12-11T04:31:09.958+0000] {logging_mixin.py:188} INFO - [2025-12-11T04:31:09.958+0000] {dag.py:3954} INFO - Setting next_dagrun for example_nested_branch_dag to 2025-12-10 00:00:00+00:00, run_after=2025-12-11 00:00:00+00:00
[2025-12-11T04:31:09.987+0000] {processor.py:183} INFO - Processing /home/airflow/.local/lib/python3.9/site-packages/airflow/example_dags/example_nested_branch_dag.py took 0.196 seconds
[2025-12-11T04:31:40.263+0000] {processor.py:161} INFO - Started process (PID=1754) to work on /home/airflow/.local/lib/python3.9/site-packages/airflow/example_dags/example_nested_branch_dag.py
[2025-12-11T04:31:40.265+0000] {processor.py:830} INFO - Processing file /home/airflow/.local/lib/python3.9/site-packages/airflow/example_dags/example_nested_branch_dag.py for tasks to queue
[2025-12-11T04:31:40.269+0000] {logging_mixin.py:188} INFO - [2025-12-11T04:31:40.268+0000] {dagbag.py:545} INFO - Filling up the DagBag from /home/airflow/.local/lib/python3.9/site-packages/airflow/example_dags/example_nested_branch_dag.py
[2025-12-11T04:31:40.290+0000] {processor.py:840} INFO - DAG(s) 'example_nested_branch_dag' retrieved from /home/airflow/.local/lib/python3.9/site-packages/airflow/example_dags/example_nested_branch_dag.py
[2025-12-11T04:31:40.360+0000] {logging_mixin.py:188} INFO - [2025-12-11T04:31:40.359+0000] {dag.py:3096} INFO - Sync 1 DAGs
[2025-12-11T04:31:40.426+0000] {logging_mixin.py:188} INFO - [2025-12-11T04:31:40.426+0000] {dag.py:3954} INFO - Setting next_dagrun for example_nested_branch_dag to 2025-12-10 00:00:00+00:00, run_after=2025-12-11 00:00:00+00:00
[2025-12-11T04:31:40.466+0000] {processor.py:183} INFO - Processing /home/airflow/.local/lib/python3.9/site-packages/airflow/example_dags/example_nested_branch_dag.py took 0.224 seconds
[2025-12-11T04:32:10.728+0000] {processor.py:161} INFO - Started process (PID=1820) to work on /home/airflow/.local/lib/python3.9/site-packages/airflow/example_dags/example_nested_branch_dag.py
[2025-12-11T04:32:10.737+0000] {processor.py:830} INFO - Processing file /home/airflow/.local/lib/python3.9/site-packages/airflow/example_dags/example_nested_branch_dag.py for tasks to queue
[2025-12-11T04:32:10.740+0000] {logging_mixin.py:188} INFO - [2025-12-11T04:32:10.739+0000] {dagbag.py:545} INFO - Filling up the DagBag from /home/airflow/.local/lib/python3.9/site-packages/airflow/example_dags/example_nested_branch_dag.py
[2025-12-11T04:32:10.763+0000] {processor.py:840} INFO - DAG(s) 'example_nested_branch_dag' retrieved from /home/airflow/.local/lib/python3.9/site-packages/airflow/example_dags/example_nested_branch_dag.py
[2025-12-11T04:32:10.825+0000] {logging_mixin.py:188} INFO - [2025-12-11T04:32:10.825+0000] {dag.py:3096} INFO - Sync 1 DAGs
[2025-12-11T04:32:10.884+0000] {logging_mixin.py:188} INFO - [2025-12-11T04:32:10.883+0000] {dag.py:3954} INFO - Setting next_dagrun for example_nested_branch_dag to 2025-12-10 00:00:00+00:00, run_after=2025-12-11 00:00:00+00:00
[2025-12-11T04:32:10.928+0000] {processor.py:183} INFO - Processing /home/airflow/.local/lib/python3.9/site-packages/airflow/example_dags/example_nested_branch_dag.py took 0.210 seconds
[2025-12-11T04:32:41.570+0000] {processor.py:161} INFO - Started process (PID=1886) to work on /home/airflow/.local/lib/python3.9/site-packages/airflow/example_dags/example_nested_branch_dag.py
[2025-12-11T04:32:41.573+0000] {processor.py:830} INFO - Processing file /home/airflow/.local/lib/python3.9/site-packages/airflow/example_dags/example_nested_branch_dag.py for tasks to queue
[2025-12-11T04:32:41.576+0000] {logging_mixin.py:188} INFO - [2025-12-11T04:32:41.576+0000] {dagbag.py:545} INFO - Filling up the DagBag from /home/airflow/.local/lib/python3.9/site-packages/airflow/example_dags/example_nested_branch_dag.py
[2025-12-11T04:32:41.594+0000] {processor.py:840} INFO - DAG(s) 'example_nested_branch_dag' retrieved from /home/airflow/.local/lib/python3.9/site-packages/airflow/example_dags/example_nested_branch_dag.py
[2025-12-11T04:32:41.661+0000] {logging_mixin.py:188} INFO - [2025-12-11T04:32:41.660+0000] {dag.py:3096} INFO - Sync 1 DAGs
[2025-12-11T04:32:41.719+0000] {logging_mixin.py:188} INFO - [2025-12-11T04:32:41.719+0000] {dag.py:3954} INFO - Setting next_dagrun for example_nested_branch_dag to 2025-12-10 00:00:00+00:00, run_after=2025-12-11 00:00:00+00:00
[2025-12-11T04:32:41.746+0000] {processor.py:183} INFO - Processing /home/airflow/.local/lib/python3.9/site-packages/airflow/example_dags/example_nested_branch_dag.py took 0.192 seconds
[2025-12-11T04:33:12.125+0000] {processor.py:161} INFO - Started process (PID=1952) to work on /home/airflow/.local/lib/python3.9/site-packages/airflow/example_dags/example_nested_branch_dag.py
[2025-12-11T04:33:12.126+0000] {processor.py:830} INFO - Processing file /home/airflow/.local/lib/python3.9/site-packages/airflow/example_dags/example_nested_branch_dag.py for tasks to queue
[2025-12-11T04:33:12.129+0000] {logging_mixin.py:188} INFO - [2025-12-11T04:33:12.128+0000] {dagbag.py:545} INFO - Filling up the DagBag from /home/airflow/.local/lib/python3.9/site-packages/airflow/example_dags/example_nested_branch_dag.py
[2025-12-11T04:33:12.148+0000] {processor.py:840} INFO - DAG(s) 'example_nested_branch_dag' retrieved from /home/airflow/.local/lib/python3.9/site-packages/airflow/example_dags/example_nested_branch_dag.py
[2025-12-11T04:33:12.191+0000] {logging_mixin.py:188} INFO - [2025-12-11T04:33:12.191+0000] {dag.py:3096} INFO - Sync 1 DAGs
[2025-12-11T04:33:12.232+0000] {logging_mixin.py:188} INFO - [2025-12-11T04:33:12.231+0000] {dag.py:3954} INFO - Setting next_dagrun for example_nested_branch_dag to 2025-12-10 00:00:00+00:00, run_after=2025-12-11 00:00:00+00:00
[2025-12-11T04:33:12.262+0000] {processor.py:183} INFO - Processing /home/airflow/.local/lib/python3.9/site-packages/airflow/example_dags/example_nested_branch_dag.py took 0.154 seconds
[2025-12-11T04:33:43.205+0000] {processor.py:161} INFO - Started process (PID=2019) to work on /home/airflow/.local/lib/python3.9/site-packages/airflow/example_dags/example_nested_branch_dag.py
[2025-12-11T04:33:43.293+0000] {processor.py:830} INFO - Processing file /home/airflow/.local/lib/python3.9/site-packages/airflow/example_dags/example_nested_branch_dag.py for tasks to queue
[2025-12-11T04:33:43.297+0000] {logging_mixin.py:188} INFO - [2025-12-11T04:33:43.297+0000] {dagbag.py:545} INFO - Filling up the DagBag from /home/airflow/.local/lib/python3.9/site-packages/airflow/example_dags/example_nested_branch_dag.py
[2025-12-11T04:33:43.337+0000] {processor.py:840} INFO - DAG(s) 'example_nested_branch_dag' retrieved from /home/airflow/.local/lib/python3.9/site-packages/airflow/example_dags/example_nested_branch_dag.py
[2025-12-11T04:33:43.423+0000] {logging_mixin.py:188} INFO - [2025-12-11T04:33:43.423+0000] {dag.py:3096} INFO - Sync 1 DAGs
[2025-12-11T04:33:43.521+0000] {logging_mixin.py:188} INFO - [2025-12-11T04:33:43.521+0000] {dag.py:3954} INFO - Setting next_dagrun for example_nested_branch_dag to 2025-12-10 00:00:00+00:00, run_after=2025-12-11 00:00:00+00:00
[2025-12-11T04:33:43.859+0000] {processor.py:183} INFO - Processing /home/airflow/.local/lib/python3.9/site-packages/airflow/example_dags/example_nested_branch_dag.py took 0.678 seconds
[2025-12-11T04:34:14.105+0000] {processor.py:161} INFO - Started process (PID=2087) to work on /home/airflow/.local/lib/python3.9/site-packages/airflow/example_dags/example_nested_branch_dag.py
[2025-12-11T04:34:14.114+0000] {processor.py:830} INFO - Processing file /home/airflow/.local/lib/python3.9/site-packages/airflow/example_dags/example_nested_branch_dag.py for tasks to queue
[2025-12-11T04:34:14.119+0000] {logging_mixin.py:188} INFO - [2025-12-11T04:34:14.118+0000] {dagbag.py:545} INFO - Filling up the DagBag from /home/airflow/.local/lib/python3.9/site-packages/airflow/example_dags/example_nested_branch_dag.py
[2025-12-11T04:34:14.146+0000] {processor.py:840} INFO - DAG(s) 'example_nested_branch_dag' retrieved from /home/airflow/.local/lib/python3.9/site-packages/airflow/example_dags/example_nested_branch_dag.py
[2025-12-11T04:34:14.222+0000] {logging_mixin.py:188} INFO - [2025-12-11T04:34:14.222+0000] {dag.py:3096} INFO - Sync 1 DAGs
[2025-12-11T04:34:14.280+0000] {logging_mixin.py:188} INFO - [2025-12-11T04:34:14.279+0000] {dag.py:3954} INFO - Setting next_dagrun for example_nested_branch_dag to 2025-12-10 00:00:00+00:00, run_after=2025-12-11 00:00:00+00:00
[2025-12-11T04:34:14.330+0000] {processor.py:183} INFO - Processing /home/airflow/.local/lib/python3.9/site-packages/airflow/example_dags/example_nested_branch_dag.py took 0.235 seconds
[2025-12-11T04:34:45.242+0000] {processor.py:161} INFO - Started process (PID=2154) to work on /home/airflow/.local/lib/python3.9/site-packages/airflow/example_dags/example_nested_branch_dag.py
[2025-12-11T04:34:45.244+0000] {processor.py:830} INFO - Processing file /home/airflow/.local/lib/python3.9/site-packages/airflow/example_dags/example_nested_branch_dag.py for tasks to queue
[2025-12-11T04:34:45.247+0000] {logging_mixin.py:188} INFO - [2025-12-11T04:34:45.246+0000] {dagbag.py:545} INFO - Filling up the DagBag from /home/airflow/.local/lib/python3.9/site-packages/airflow/example_dags/example_nested_branch_dag.py
[2025-12-11T04:34:45.268+0000] {processor.py:840} INFO - DAG(s) 'example_nested_branch_dag' retrieved from /home/airflow/.local/lib/python3.9/site-packages/airflow/example_dags/example_nested_branch_dag.py
[2025-12-11T04:34:45.307+0000] {logging_mixin.py:188} INFO - [2025-12-11T04:34:45.306+0000] {dag.py:3096} INFO - Sync 1 DAGs
[2025-12-11T04:34:45.343+0000] {logging_mixin.py:188} INFO - [2025-12-11T04:34:45.343+0000] {dag.py:3954} INFO - Setting next_dagrun for example_nested_branch_dag to 2025-12-10 00:00:00+00:00, run_after=2025-12-11 00:00:00+00:00
[2025-12-11T04:34:45.369+0000] {processor.py:183} INFO - Processing /home/airflow/.local/lib/python3.9/site-packages/airflow/example_dags/example_nested_branch_dag.py took 0.143 seconds
[2025-12-11T04:35:16.230+0000] {processor.py:161} INFO - Started process (PID=2221) to work on /home/airflow/.local/lib/python3.9/site-packages/airflow/example_dags/example_nested_branch_dag.py
[2025-12-11T04:35:16.232+0000] {processor.py:830} INFO - Processing file /home/airflow/.local/lib/python3.9/site-packages/airflow/example_dags/example_nested_branch_dag.py for tasks to queue
[2025-12-11T04:35:16.234+0000] {logging_mixin.py:188} INFO - [2025-12-11T04:35:16.234+0000] {dagbag.py:545} INFO - Filling up the DagBag from /home/airflow/.local/lib/python3.9/site-packages/airflow/example_dags/example_nested_branch_dag.py
[2025-12-11T04:35:16.251+0000] {processor.py:840} INFO - DAG(s) 'example_nested_branch_dag' retrieved from /home/airflow/.local/lib/python3.9/site-packages/airflow/example_dags/example_nested_branch_dag.py
[2025-12-11T04:35:16.307+0000] {logging_mixin.py:188} INFO - [2025-12-11T04:35:16.306+0000] {dag.py:3096} INFO - Sync 1 DAGs
[2025-12-11T04:35:16.359+0000] {logging_mixin.py:188} INFO - [2025-12-11T04:35:16.359+0000] {dag.py:3954} INFO - Setting next_dagrun for example_nested_branch_dag to 2025-12-10 00:00:00+00:00, run_after=2025-12-11 00:00:00+00:00
[2025-12-11T04:35:16.390+0000] {processor.py:183} INFO - Processing /home/airflow/.local/lib/python3.9/site-packages/airflow/example_dags/example_nested_branch_dag.py took 0.172 seconds
[2025-12-11T04:35:47.300+0000] {processor.py:161} INFO - Started process (PID=2296) to work on /home/airflow/.local/lib/python3.9/site-packages/airflow/example_dags/example_nested_branch_dag.py
[2025-12-11T04:35:47.426+0000] {processor.py:830} INFO - Processing file /home/airflow/.local/lib/python3.9/site-packages/airflow/example_dags/example_nested_branch_dag.py for tasks to queue
[2025-12-11T04:35:47.429+0000] {logging_mixin.py:188} INFO - [2025-12-11T04:35:47.428+0000] {dagbag.py:545} INFO - Filling up the DagBag from /home/airflow/.local/lib/python3.9/site-packages/airflow/example_dags/example_nested_branch_dag.py
[2025-12-11T04:35:47.448+0000] {processor.py:840} INFO - DAG(s) 'example_nested_branch_dag' retrieved from /home/airflow/.local/lib/python3.9/site-packages/airflow/example_dags/example_nested_branch_dag.py
[2025-12-11T04:35:47.508+0000] {logging_mixin.py:188} INFO - [2025-12-11T04:35:47.507+0000] {dag.py:3096} INFO - Sync 1 DAGs
[2025-12-11T04:35:47.620+0000] {logging_mixin.py:188} INFO - [2025-12-11T04:35:47.620+0000] {dag.py:3954} INFO - Setting next_dagrun for example_nested_branch_dag to 2025-12-10 00:00:00+00:00, run_after=2025-12-11 00:00:00+00:00
[2025-12-11T04:35:47.730+0000] {processor.py:183} INFO - Processing /home/airflow/.local/lib/python3.9/site-packages/airflow/example_dags/example_nested_branch_dag.py took 0.444 seconds
[2025-12-11T04:36:18.435+0000] {processor.py:161} INFO - Started process (PID=2356) to work on /home/airflow/.local/lib/python3.9/site-packages/airflow/example_dags/example_nested_branch_dag.py
[2025-12-11T04:36:18.445+0000] {processor.py:830} INFO - Processing file /home/airflow/.local/lib/python3.9/site-packages/airflow/example_dags/example_nested_branch_dag.py for tasks to queue
[2025-12-11T04:36:18.447+0000] {logging_mixin.py:188} INFO - [2025-12-11T04:36:18.447+0000] {dagbag.py:545} INFO - Filling up the DagBag from /home/airflow/.local/lib/python3.9/site-packages/airflow/example_dags/example_nested_branch_dag.py
[2025-12-11T04:36:18.462+0000] {processor.py:840} INFO - DAG(s) 'example_nested_branch_dag' retrieved from /home/airflow/.local/lib/python3.9/site-packages/airflow/example_dags/example_nested_branch_dag.py
[2025-12-11T04:36:18.501+0000] {logging_mixin.py:188} INFO - [2025-12-11T04:36:18.501+0000] {dag.py:3096} INFO - Sync 1 DAGs
[2025-12-11T04:36:18.540+0000] {logging_mixin.py:188} INFO - [2025-12-11T04:36:18.539+0000] {dag.py:3954} INFO - Setting next_dagrun for example_nested_branch_dag to 2025-12-10 00:00:00+00:00, run_after=2025-12-11 00:00:00+00:00
[2025-12-11T04:36:18.567+0000] {processor.py:183} INFO - Processing /home/airflow/.local/lib/python3.9/site-packages/airflow/example_dags/example_nested_branch_dag.py took 0.142 seconds
[2025-12-11T04:36:49.247+0000] {processor.py:161} INFO - Started process (PID=2423) to work on /home/airflow/.local/lib/python3.9/site-packages/airflow/example_dags/example_nested_branch_dag.py
[2025-12-11T04:36:49.249+0000] {processor.py:830} INFO - Processing file /home/airflow/.local/lib/python3.9/site-packages/airflow/example_dags/example_nested_branch_dag.py for tasks to queue
[2025-12-11T04:36:49.252+0000] {logging_mixin.py:188} INFO - [2025-12-11T04:36:49.252+0000] {dagbag.py:545} INFO - Filling up the DagBag from /home/airflow/.local/lib/python3.9/site-packages/airflow/example_dags/example_nested_branch_dag.py
[2025-12-11T04:36:49.274+0000] {processor.py:840} INFO - DAG(s) 'example_nested_branch_dag' retrieved from /home/airflow/.local/lib/python3.9/site-packages/airflow/example_dags/example_nested_branch_dag.py
[2025-12-11T04:36:49.333+0000] {logging_mixin.py:188} INFO - [2025-12-11T04:36:49.333+0000] {dag.py:3096} INFO - Sync 1 DAGs
[2025-12-11T04:36:49.383+0000] {logging_mixin.py:188} INFO - [2025-12-11T04:36:49.382+0000] {dag.py:3954} INFO - Setting next_dagrun for example_nested_branch_dag to 2025-12-10 00:00:00+00:00, run_after=2025-12-11 00:00:00+00:00
[2025-12-11T04:36:49.425+0000] {processor.py:183} INFO - Processing /home/airflow/.local/lib/python3.9/site-packages/airflow/example_dags/example_nested_branch_dag.py took 0.190 seconds
[2025-12-11T04:37:19.714+0000] {processor.py:161} INFO - Started process (PID=2490) to work on /home/airflow/.local/lib/python3.9/site-packages/airflow/example_dags/example_nested_branch_dag.py
[2025-12-11T04:37:19.717+0000] {processor.py:830} INFO - Processing file /home/airflow/.local/lib/python3.9/site-packages/airflow/example_dags/example_nested_branch_dag.py for tasks to queue
[2025-12-11T04:37:19.720+0000] {logging_mixin.py:188} INFO - [2025-12-11T04:37:19.719+0000] {dagbag.py:545} INFO - Filling up the DagBag from /home/airflow/.local/lib/python3.9/site-packages/airflow/example_dags/example_nested_branch_dag.py
[2025-12-11T04:37:19.735+0000] {processor.py:840} INFO - DAG(s) 'example_nested_branch_dag' retrieved from /home/airflow/.local/lib/python3.9/site-packages/airflow/example_dags/example_nested_branch_dag.py
[2025-12-11T04:37:19.774+0000] {logging_mixin.py:188} INFO - [2025-12-11T04:37:19.774+0000] {dag.py:3096} INFO - Sync 1 DAGs
[2025-12-11T04:37:19.823+0000] {logging_mixin.py:188} INFO - [2025-12-11T04:37:19.822+0000] {dag.py:3954} INFO - Setting next_dagrun for example_nested_branch_dag to 2025-12-10 00:00:00+00:00, run_after=2025-12-11 00:00:00+00:00
[2025-12-11T04:37:19.849+0000] {processor.py:183} INFO - Processing /home/airflow/.local/lib/python3.9/site-packages/airflow/example_dags/example_nested_branch_dag.py took 0.146 seconds
[2025-12-11T04:37:50.636+0000] {processor.py:161} INFO - Started process (PID=2556) to work on /home/airflow/.local/lib/python3.9/site-packages/airflow/example_dags/example_nested_branch_dag.py
[2025-12-11T04:37:50.638+0000] {processor.py:830} INFO - Processing file /home/airflow/.local/lib/python3.9/site-packages/airflow/example_dags/example_nested_branch_dag.py for tasks to queue
[2025-12-11T04:37:50.641+0000] {logging_mixin.py:188} INFO - [2025-12-11T04:37:50.640+0000] {dagbag.py:545} INFO - Filling up the DagBag from /home/airflow/.local/lib/python3.9/site-packages/airflow/example_dags/example_nested_branch_dag.py
[2025-12-11T04:37:50.658+0000] {processor.py:840} INFO - DAG(s) 'example_nested_branch_dag' retrieved from /home/airflow/.local/lib/python3.9/site-packages/airflow/example_dags/example_nested_branch_dag.py
[2025-12-11T04:37:50.716+0000] {logging_mixin.py:188} INFO - [2025-12-11T04:37:50.715+0000] {dag.py:3096} INFO - Sync 1 DAGs
[2025-12-11T04:37:50.764+0000] {logging_mixin.py:188} INFO - [2025-12-11T04:37:50.764+0000] {dag.py:3954} INFO - Setting next_dagrun for example_nested_branch_dag to 2025-12-10 00:00:00+00:00, run_after=2025-12-11 00:00:00+00:00
[2025-12-11T04:37:50.801+0000] {processor.py:183} INFO - Processing /home/airflow/.local/lib/python3.9/site-packages/airflow/example_dags/example_nested_branch_dag.py took 0.176 seconds
[2025-12-11T04:38:21.622+0000] {processor.py:161} INFO - Started process (PID=2623) to work on /home/airflow/.local/lib/python3.9/site-packages/airflow/example_dags/example_nested_branch_dag.py
[2025-12-11T04:38:21.687+0000] {processor.py:830} INFO - Processing file /home/airflow/.local/lib/python3.9/site-packages/airflow/example_dags/example_nested_branch_dag.py for tasks to queue
[2025-12-11T04:38:21.690+0000] {logging_mixin.py:188} INFO - [2025-12-11T04:38:21.689+0000] {dagbag.py:545} INFO - Filling up the DagBag from /home/airflow/.local/lib/python3.9/site-packages/airflow/example_dags/example_nested_branch_dag.py
[2025-12-11T04:38:21.705+0000] {processor.py:840} INFO - DAG(s) 'example_nested_branch_dag' retrieved from /home/airflow/.local/lib/python3.9/site-packages/airflow/example_dags/example_nested_branch_dag.py
[2025-12-11T04:38:21.746+0000] {logging_mixin.py:188} INFO - [2025-12-11T04:38:21.746+0000] {dag.py:3096} INFO - Sync 1 DAGs
[2025-12-11T04:38:21.786+0000] {logging_mixin.py:188} INFO - [2025-12-11T04:38:21.786+0000] {dag.py:3954} INFO - Setting next_dagrun for example_nested_branch_dag to 2025-12-10 00:00:00+00:00, run_after=2025-12-11 00:00:00+00:00
[2025-12-11T04:38:21.870+0000] {processor.py:183} INFO - Processing /home/airflow/.local/lib/python3.9/site-packages/airflow/example_dags/example_nested_branch_dag.py took 0.262 seconds
[2025-12-11T04:38:52.429+0000] {processor.py:161} INFO - Started process (PID=2690) to work on /home/airflow/.local/lib/python3.9/site-packages/airflow/example_dags/example_nested_branch_dag.py
[2025-12-11T04:38:52.430+0000] {processor.py:830} INFO - Processing file /home/airflow/.local/lib/python3.9/site-packages/airflow/example_dags/example_nested_branch_dag.py for tasks to queue
[2025-12-11T04:38:52.435+0000] {logging_mixin.py:188} INFO - [2025-12-11T04:38:52.434+0000] {dagbag.py:545} INFO - Filling up the DagBag from /home/airflow/.local/lib/python3.9/site-packages/airflow/example_dags/example_nested_branch_dag.py
[2025-12-11T04:38:52.452+0000] {processor.py:840} INFO - DAG(s) 'example_nested_branch_dag' retrieved from /home/airflow/.local/lib/python3.9/site-packages/airflow/example_dags/example_nested_branch_dag.py
[2025-12-11T04:38:52.494+0000] {logging_mixin.py:188} INFO - [2025-12-11T04:38:52.494+0000] {dag.py:3096} INFO - Sync 1 DAGs
[2025-12-11T04:38:52.534+0000] {logging_mixin.py:188} INFO - [2025-12-11T04:38:52.534+0000] {dag.py:3954} INFO - Setting next_dagrun for example_nested_branch_dag to 2025-12-10 00:00:00+00:00, run_after=2025-12-11 00:00:00+00:00
[2025-12-11T04:38:52.560+0000] {processor.py:183} INFO - Processing /home/airflow/.local/lib/python3.9/site-packages/airflow/example_dags/example_nested_branch_dag.py took 0.145 seconds
[2025-12-11T04:39:23.782+0000] {processor.py:161} INFO - Started process (PID=2757) to work on /home/airflow/.local/lib/python3.9/site-packages/airflow/example_dags/example_nested_branch_dag.py
[2025-12-11T04:39:23.798+0000] {processor.py:830} INFO - Processing file /home/airflow/.local/lib/python3.9/site-packages/airflow/example_dags/example_nested_branch_dag.py for tasks to queue
[2025-12-11T04:39:23.801+0000] {logging_mixin.py:188} INFO - [2025-12-11T04:39:23.800+0000] {dagbag.py:545} INFO - Filling up the DagBag from /home/airflow/.local/lib/python3.9/site-packages/airflow/example_dags/example_nested_branch_dag.py
[2025-12-11T04:39:23.840+0000] {processor.py:840} INFO - DAG(s) 'example_nested_branch_dag' retrieved from /home/airflow/.local/lib/python3.9/site-packages/airflow/example_dags/example_nested_branch_dag.py
[2025-12-11T04:39:23.927+0000] {logging_mixin.py:188} INFO - [2025-12-11T04:39:23.926+0000] {dag.py:3096} INFO - Sync 1 DAGs
[2025-12-11T04:39:24.059+0000] {logging_mixin.py:188} INFO - [2025-12-11T04:39:24.058+0000] {dag.py:3954} INFO - Setting next_dagrun for example_nested_branch_dag to 2025-12-10 00:00:00+00:00, run_after=2025-12-11 00:00:00+00:00
[2025-12-11T04:39:24.157+0000] {processor.py:183} INFO - Processing /home/airflow/.local/lib/python3.9/site-packages/airflow/example_dags/example_nested_branch_dag.py took 0.395 seconds
[2025-12-11T04:39:54.251+0000] {processor.py:161} INFO - Started process (PID=2822) to work on /home/airflow/.local/lib/python3.9/site-packages/airflow/example_dags/example_nested_branch_dag.py
[2025-12-11T04:39:54.253+0000] {processor.py:830} INFO - Processing file /home/airflow/.local/lib/python3.9/site-packages/airflow/example_dags/example_nested_branch_dag.py for tasks to queue
[2025-12-11T04:39:54.257+0000] {logging_mixin.py:188} INFO - [2025-12-11T04:39:54.257+0000] {dagbag.py:545} INFO - Filling up the DagBag from /home/airflow/.local/lib/python3.9/site-packages/airflow/example_dags/example_nested_branch_dag.py
[2025-12-11T04:39:54.273+0000] {processor.py:840} INFO - DAG(s) 'example_nested_branch_dag' retrieved from /home/airflow/.local/lib/python3.9/site-packages/airflow/example_dags/example_nested_branch_dag.py
[2025-12-11T04:39:54.313+0000] {logging_mixin.py:188} INFO - [2025-12-11T04:39:54.313+0000] {dag.py:3096} INFO - Sync 1 DAGs
[2025-12-11T04:39:54.355+0000] {logging_mixin.py:188} INFO - [2025-12-11T04:39:54.355+0000] {dag.py:3954} INFO - Setting next_dagrun for example_nested_branch_dag to 2025-12-10 00:00:00+00:00, run_after=2025-12-11 00:00:00+00:00
[2025-12-11T04:39:54.384+0000] {processor.py:183} INFO - Processing /home/airflow/.local/lib/python3.9/site-packages/airflow/example_dags/example_nested_branch_dag.py took 0.143 seconds
[2025-12-11T04:40:25.167+0000] {processor.py:161} INFO - Started process (PID=2889) to work on /home/airflow/.local/lib/python3.9/site-packages/airflow/example_dags/example_nested_branch_dag.py
[2025-12-11T04:40:25.169+0000] {processor.py:830} INFO - Processing file /home/airflow/.local/lib/python3.9/site-packages/airflow/example_dags/example_nested_branch_dag.py for tasks to queue
[2025-12-11T04:40:25.181+0000] {logging_mixin.py:188} INFO - [2025-12-11T04:40:25.180+0000] {dagbag.py:545} INFO - Filling up the DagBag from /home/airflow/.local/lib/python3.9/site-packages/airflow/example_dags/example_nested_branch_dag.py
[2025-12-11T04:40:25.200+0000] {processor.py:840} INFO - DAG(s) 'example_nested_branch_dag' retrieved from /home/airflow/.local/lib/python3.9/site-packages/airflow/example_dags/example_nested_branch_dag.py
[2025-12-11T04:40:25.249+0000] {logging_mixin.py:188} INFO - [2025-12-11T04:40:25.248+0000] {dag.py:3096} INFO - Sync 1 DAGs
[2025-12-11T04:40:25.295+0000] {logging_mixin.py:188} INFO - [2025-12-11T04:40:25.294+0000] {dag.py:3954} INFO - Setting next_dagrun for example_nested_branch_dag to 2025-12-10 00:00:00+00:00, run_after=2025-12-11 00:00:00+00:00
[2025-12-11T04:40:25.329+0000] {processor.py:183} INFO - Processing /home/airflow/.local/lib/python3.9/site-packages/airflow/example_dags/example_nested_branch_dag.py took 0.173 seconds
[2025-12-11T04:40:55.784+0000] {processor.py:161} INFO - Started process (PID=2956) to work on /home/airflow/.local/lib/python3.9/site-packages/airflow/example_dags/example_nested_branch_dag.py
[2025-12-11T04:40:55.825+0000] {processor.py:830} INFO - Processing file /home/airflow/.local/lib/python3.9/site-packages/airflow/example_dags/example_nested_branch_dag.py for tasks to queue
[2025-12-11T04:40:55.829+0000] {logging_mixin.py:188} INFO - [2025-12-11T04:40:55.829+0000] {dagbag.py:545} INFO - Filling up the DagBag from /home/airflow/.local/lib/python3.9/site-packages/airflow/example_dags/example_nested_branch_dag.py
[2025-12-11T04:40:55.846+0000] {processor.py:840} INFO - DAG(s) 'example_nested_branch_dag' retrieved from /home/airflow/.local/lib/python3.9/site-packages/airflow/example_dags/example_nested_branch_dag.py
[2025-12-11T04:40:55.888+0000] {logging_mixin.py:188} INFO - [2025-12-11T04:40:55.887+0000] {dag.py:3096} INFO - Sync 1 DAGs
[2025-12-11T04:40:55.936+0000] {logging_mixin.py:188} INFO - [2025-12-11T04:40:55.935+0000] {dag.py:3954} INFO - Setting next_dagrun for example_nested_branch_dag to 2025-12-10 00:00:00+00:00, run_after=2025-12-11 00:00:00+00:00
[2025-12-11T04:40:55.977+0000] {processor.py:183} INFO - Processing /home/airflow/.local/lib/python3.9/site-packages/airflow/example_dags/example_nested_branch_dag.py took 0.203 seconds
[2025-12-11T04:41:26.477+0000] {processor.py:161} INFO - Started process (PID=3023) to work on /home/airflow/.local/lib/python3.9/site-packages/airflow/example_dags/example_nested_branch_dag.py
[2025-12-11T04:41:26.479+0000] {processor.py:830} INFO - Processing file /home/airflow/.local/lib/python3.9/site-packages/airflow/example_dags/example_nested_branch_dag.py for tasks to queue
[2025-12-11T04:41:26.482+0000] {logging_mixin.py:188} INFO - [2025-12-11T04:41:26.481+0000] {dagbag.py:545} INFO - Filling up the DagBag from /home/airflow/.local/lib/python3.9/site-packages/airflow/example_dags/example_nested_branch_dag.py
[2025-12-11T04:41:26.502+0000] {processor.py:840} INFO - DAG(s) 'example_nested_branch_dag' retrieved from /home/airflow/.local/lib/python3.9/site-packages/airflow/example_dags/example_nested_branch_dag.py
[2025-12-11T04:41:26.874+0000] {logging_mixin.py:188} INFO - [2025-12-11T04:41:26.873+0000] {dag.py:3096} INFO - Sync 1 DAGs
[2025-12-11T04:41:26.912+0000] {logging_mixin.py:188} INFO - [2025-12-11T04:41:26.912+0000] {dag.py:3954} INFO - Setting next_dagrun for example_nested_branch_dag to 2025-12-10 00:00:00+00:00, run_after=2025-12-11 00:00:00+00:00
[2025-12-11T04:41:26.941+0000] {processor.py:183} INFO - Processing /home/airflow/.local/lib/python3.9/site-packages/airflow/example_dags/example_nested_branch_dag.py took 0.475 seconds
[2025-12-11T04:41:57.171+0000] {processor.py:161} INFO - Started process (PID=3091) to work on /home/airflow/.local/lib/python3.9/site-packages/airflow/example_dags/example_nested_branch_dag.py
[2025-12-11T04:41:57.172+0000] {processor.py:830} INFO - Processing file /home/airflow/.local/lib/python3.9/site-packages/airflow/example_dags/example_nested_branch_dag.py for tasks to queue
[2025-12-11T04:41:57.178+0000] {logging_mixin.py:188} INFO - [2025-12-11T04:41:57.177+0000] {dagbag.py:545} INFO - Filling up the DagBag from /home/airflow/.local/lib/python3.9/site-packages/airflow/example_dags/example_nested_branch_dag.py
[2025-12-11T04:41:57.193+0000] {processor.py:840} INFO - DAG(s) 'example_nested_branch_dag' retrieved from /home/airflow/.local/lib/python3.9/site-packages/airflow/example_dags/example_nested_branch_dag.py
[2025-12-11T04:41:57.231+0000] {logging_mixin.py:188} INFO - [2025-12-11T04:41:57.231+0000] {dag.py:3096} INFO - Sync 1 DAGs
[2025-12-11T04:41:57.568+0000] {logging_mixin.py:188} INFO - [2025-12-11T04:41:57.568+0000] {dag.py:3954} INFO - Setting next_dagrun for example_nested_branch_dag to 2025-12-10 00:00:00+00:00, run_after=2025-12-11 00:00:00+00:00
[2025-12-11T04:41:57.591+0000] {processor.py:183} INFO - Processing /home/airflow/.local/lib/python3.9/site-packages/airflow/example_dags/example_nested_branch_dag.py took 0.428 seconds
[2025-12-11T04:42:28.119+0000] {processor.py:161} INFO - Started process (PID=3158) to work on /home/airflow/.local/lib/python3.9/site-packages/airflow/example_dags/example_nested_branch_dag.py
[2025-12-11T04:42:28.121+0000] {processor.py:830} INFO - Processing file /home/airflow/.local/lib/python3.9/site-packages/airflow/example_dags/example_nested_branch_dag.py for tasks to queue
[2025-12-11T04:42:28.125+0000] {logging_mixin.py:188} INFO - [2025-12-11T04:42:28.124+0000] {dagbag.py:545} INFO - Filling up the DagBag from /home/airflow/.local/lib/python3.9/site-packages/airflow/example_dags/example_nested_branch_dag.py
[2025-12-11T04:42:28.159+0000] {processor.py:840} INFO - DAG(s) 'example_nested_branch_dag' retrieved from /home/airflow/.local/lib/python3.9/site-packages/airflow/example_dags/example_nested_branch_dag.py
[2025-12-11T04:42:28.218+0000] {logging_mixin.py:188} INFO - [2025-12-11T04:42:28.217+0000] {dag.py:3096} INFO - Sync 1 DAGs
[2025-12-11T04:42:28.283+0000] {logging_mixin.py:188} INFO - [2025-12-11T04:42:28.282+0000] {dag.py:3954} INFO - Setting next_dagrun for example_nested_branch_dag to 2025-12-10 00:00:00+00:00, run_after=2025-12-11 00:00:00+00:00
[2025-12-11T04:42:28.361+0000] {processor.py:183} INFO - Processing /home/airflow/.local/lib/python3.9/site-packages/airflow/example_dags/example_nested_branch_dag.py took 0.260 seconds
[2025-12-11T04:42:58.721+0000] {processor.py:161} INFO - Started process (PID=3225) to work on /home/airflow/.local/lib/python3.9/site-packages/airflow/example_dags/example_nested_branch_dag.py
[2025-12-11T04:42:58.723+0000] {processor.py:830} INFO - Processing file /home/airflow/.local/lib/python3.9/site-packages/airflow/example_dags/example_nested_branch_dag.py for tasks to queue
[2025-12-11T04:42:58.726+0000] {logging_mixin.py:188} INFO - [2025-12-11T04:42:58.725+0000] {dagbag.py:545} INFO - Filling up the DagBag from /home/airflow/.local/lib/python3.9/site-packages/airflow/example_dags/example_nested_branch_dag.py
[2025-12-11T04:42:58.741+0000] {processor.py:840} INFO - DAG(s) 'example_nested_branch_dag' retrieved from /home/airflow/.local/lib/python3.9/site-packages/airflow/example_dags/example_nested_branch_dag.py
[2025-12-11T04:42:58.777+0000] {logging_mixin.py:188} INFO - [2025-12-11T04:42:58.777+0000] {dag.py:3096} INFO - Sync 1 DAGs
[2025-12-11T04:42:58.822+0000] {logging_mixin.py:188} INFO - [2025-12-11T04:42:58.821+0000] {dag.py:3954} INFO - Setting next_dagrun for example_nested_branch_dag to 2025-12-10 00:00:00+00:00, run_after=2025-12-11 00:00:00+00:00
[2025-12-11T04:42:58.849+0000] {processor.py:183} INFO - Processing /home/airflow/.local/lib/python3.9/site-packages/airflow/example_dags/example_nested_branch_dag.py took 0.138 seconds
[2025-12-11T04:43:29.026+0000] {processor.py:161} INFO - Started process (PID=3292) to work on /home/airflow/.local/lib/python3.9/site-packages/airflow/example_dags/example_nested_branch_dag.py
[2025-12-11T04:43:29.028+0000] {processor.py:830} INFO - Processing file /home/airflow/.local/lib/python3.9/site-packages/airflow/example_dags/example_nested_branch_dag.py for tasks to queue
[2025-12-11T04:43:29.033+0000] {logging_mixin.py:188} INFO - [2025-12-11T04:43:29.032+0000] {dagbag.py:545} INFO - Filling up the DagBag from /home/airflow/.local/lib/python3.9/site-packages/airflow/example_dags/example_nested_branch_dag.py
[2025-12-11T04:43:29.051+0000] {processor.py:840} INFO - DAG(s) 'example_nested_branch_dag' retrieved from /home/airflow/.local/lib/python3.9/site-packages/airflow/example_dags/example_nested_branch_dag.py
[2025-12-11T04:43:29.096+0000] {logging_mixin.py:188} INFO - [2025-12-11T04:43:29.096+0000] {dag.py:3096} INFO - Sync 1 DAGs
[2025-12-11T04:43:29.139+0000] {logging_mixin.py:188} INFO - [2025-12-11T04:43:29.138+0000] {dag.py:3954} INFO - Setting next_dagrun for example_nested_branch_dag to 2025-12-10 00:00:00+00:00, run_after=2025-12-11 00:00:00+00:00
[2025-12-11T04:43:29.167+0000] {processor.py:183} INFO - Processing /home/airflow/.local/lib/python3.9/site-packages/airflow/example_dags/example_nested_branch_dag.py took 0.150 seconds
[2025-12-11T04:43:59.384+0000] {processor.py:161} INFO - Started process (PID=3359) to work on /home/airflow/.local/lib/python3.9/site-packages/airflow/example_dags/example_nested_branch_dag.py
[2025-12-11T04:43:59.397+0000] {processor.py:830} INFO - Processing file /home/airflow/.local/lib/python3.9/site-packages/airflow/example_dags/example_nested_branch_dag.py for tasks to queue
[2025-12-11T04:43:59.400+0000] {logging_mixin.py:188} INFO - [2025-12-11T04:43:59.400+0000] {dagbag.py:545} INFO - Filling up the DagBag from /home/airflow/.local/lib/python3.9/site-packages/airflow/example_dags/example_nested_branch_dag.py
[2025-12-11T04:43:59.418+0000] {processor.py:840} INFO - DAG(s) 'example_nested_branch_dag' retrieved from /home/airflow/.local/lib/python3.9/site-packages/airflow/example_dags/example_nested_branch_dag.py
[2025-12-11T04:43:59.457+0000] {logging_mixin.py:188} INFO - [2025-12-11T04:43:59.457+0000] {dag.py:3096} INFO - Sync 1 DAGs
[2025-12-11T04:43:59.494+0000] {logging_mixin.py:188} INFO - [2025-12-11T04:43:59.494+0000] {dag.py:3954} INFO - Setting next_dagrun for example_nested_branch_dag to 2025-12-10 00:00:00+00:00, run_after=2025-12-11 00:00:00+00:00
[2025-12-11T04:43:59.524+0000] {processor.py:183} INFO - Processing /home/airflow/.local/lib/python3.9/site-packages/airflow/example_dags/example_nested_branch_dag.py took 0.150 seconds
[2025-12-11T04:44:29.952+0000] {processor.py:161} INFO - Started process (PID=3426) to work on /home/airflow/.local/lib/python3.9/site-packages/airflow/example_dags/example_nested_branch_dag.py
[2025-12-11T04:44:30.000+0000] {processor.py:830} INFO - Processing file /home/airflow/.local/lib/python3.9/site-packages/airflow/example_dags/example_nested_branch_dag.py for tasks to queue
[2025-12-11T04:44:30.005+0000] {logging_mixin.py:188} INFO - [2025-12-11T04:44:30.004+0000] {dagbag.py:545} INFO - Filling up the DagBag from /home/airflow/.local/lib/python3.9/site-packages/airflow/example_dags/example_nested_branch_dag.py
[2025-12-11T04:44:30.024+0000] {processor.py:840} INFO - DAG(s) 'example_nested_branch_dag' retrieved from /home/airflow/.local/lib/python3.9/site-packages/airflow/example_dags/example_nested_branch_dag.py
[2025-12-11T04:44:30.087+0000] {logging_mixin.py:188} INFO - [2025-12-11T04:44:30.087+0000] {dag.py:3096} INFO - Sync 1 DAGs
[2025-12-11T04:44:30.143+0000] {logging_mixin.py:188} INFO - [2025-12-11T04:44:30.143+0000] {dag.py:3954} INFO - Setting next_dagrun for example_nested_branch_dag to 2025-12-10 00:00:00+00:00, run_after=2025-12-11 00:00:00+00:00
[2025-12-11T04:44:30.307+0000] {processor.py:183} INFO - Processing /home/airflow/.local/lib/python3.9/site-packages/airflow/example_dags/example_nested_branch_dag.py took 0.365 seconds
[2025-12-11T04:45:00.623+0000] {processor.py:161} INFO - Started process (PID=3494) to work on /home/airflow/.local/lib/python3.9/site-packages/airflow/example_dags/example_nested_branch_dag.py
[2025-12-11T04:45:00.626+0000] {processor.py:830} INFO - Processing file /home/airflow/.local/lib/python3.9/site-packages/airflow/example_dags/example_nested_branch_dag.py for tasks to queue
[2025-12-11T04:45:00.629+0000] {logging_mixin.py:188} INFO - [2025-12-11T04:45:00.628+0000] {dagbag.py:545} INFO - Filling up the DagBag from /home/airflow/.local/lib/python3.9/site-packages/airflow/example_dags/example_nested_branch_dag.py
[2025-12-11T04:45:00.660+0000] {processor.py:840} INFO - DAG(s) 'example_nested_branch_dag' retrieved from /home/airflow/.local/lib/python3.9/site-packages/airflow/example_dags/example_nested_branch_dag.py
[2025-12-11T04:45:00.727+0000] {logging_mixin.py:188} INFO - [2025-12-11T04:45:00.727+0000] {dag.py:3096} INFO - Sync 1 DAGs
[2025-12-11T04:45:00.789+0000] {logging_mixin.py:188} INFO - [2025-12-11T04:45:00.789+0000] {dag.py:3954} INFO - Setting next_dagrun for example_nested_branch_dag to 2025-12-10 00:00:00+00:00, run_after=2025-12-11 00:00:00+00:00
[2025-12-11T04:45:00.841+0000] {processor.py:183} INFO - Processing /home/airflow/.local/lib/python3.9/site-packages/airflow/example_dags/example_nested_branch_dag.py took 0.237 seconds
[2025-12-11T04:45:31.043+0000] {processor.py:161} INFO - Started process (PID=3561) to work on /home/airflow/.local/lib/python3.9/site-packages/airflow/example_dags/example_nested_branch_dag.py
[2025-12-11T04:45:31.044+0000] {processor.py:830} INFO - Processing file /home/airflow/.local/lib/python3.9/site-packages/airflow/example_dags/example_nested_branch_dag.py for tasks to queue
[2025-12-11T04:45:31.047+0000] {logging_mixin.py:188} INFO - [2025-12-11T04:45:31.047+0000] {dagbag.py:545} INFO - Filling up the DagBag from /home/airflow/.local/lib/python3.9/site-packages/airflow/example_dags/example_nested_branch_dag.py
[2025-12-11T04:45:31.078+0000] {processor.py:840} INFO - DAG(s) 'example_nested_branch_dag' retrieved from /home/airflow/.local/lib/python3.9/site-packages/airflow/example_dags/example_nested_branch_dag.py
[2025-12-11T04:45:31.137+0000] {logging_mixin.py:188} INFO - [2025-12-11T04:45:31.129+0000] {dag.py:3096} INFO - Sync 1 DAGs
[2025-12-11T04:45:31.201+0000] {logging_mixin.py:188} INFO - [2025-12-11T04:45:31.201+0000] {dag.py:3954} INFO - Setting next_dagrun for example_nested_branch_dag to 2025-12-10 00:00:00+00:00, run_after=2025-12-11 00:00:00+00:00
[2025-12-11T04:45:31.242+0000] {processor.py:183} INFO - Processing /home/airflow/.local/lib/python3.9/site-packages/airflow/example_dags/example_nested_branch_dag.py took 0.218 seconds
[2025-12-11T04:46:01.978+0000] {processor.py:161} INFO - Started process (PID=3629) to work on /home/airflow/.local/lib/python3.9/site-packages/airflow/example_dags/example_nested_branch_dag.py
[2025-12-11T04:46:01.980+0000] {processor.py:830} INFO - Processing file /home/airflow/.local/lib/python3.9/site-packages/airflow/example_dags/example_nested_branch_dag.py for tasks to queue
[2025-12-11T04:46:01.983+0000] {logging_mixin.py:188} INFO - [2025-12-11T04:46:01.983+0000] {dagbag.py:545} INFO - Filling up the DagBag from /home/airflow/.local/lib/python3.9/site-packages/airflow/example_dags/example_nested_branch_dag.py
[2025-12-11T04:46:02.004+0000] {processor.py:840} INFO - DAG(s) 'example_nested_branch_dag' retrieved from /home/airflow/.local/lib/python3.9/site-packages/airflow/example_dags/example_nested_branch_dag.py
[2025-12-11T04:46:02.062+0000] {logging_mixin.py:188} INFO - [2025-12-11T04:46:02.061+0000] {dag.py:3096} INFO - Sync 1 DAGs
[2025-12-11T04:46:02.118+0000] {logging_mixin.py:188} INFO - [2025-12-11T04:46:02.117+0000] {dag.py:3954} INFO - Setting next_dagrun for example_nested_branch_dag to 2025-12-10 00:00:00+00:00, run_after=2025-12-11 00:00:00+00:00
[2025-12-11T04:46:02.219+0000] {processor.py:183} INFO - Processing /home/airflow/.local/lib/python3.9/site-packages/airflow/example_dags/example_nested_branch_dag.py took 0.253 seconds
[2025-12-11T04:46:32.532+0000] {processor.py:161} INFO - Started process (PID=3696) to work on /home/airflow/.local/lib/python3.9/site-packages/airflow/example_dags/example_nested_branch_dag.py
[2025-12-11T04:46:32.533+0000] {processor.py:830} INFO - Processing file /home/airflow/.local/lib/python3.9/site-packages/airflow/example_dags/example_nested_branch_dag.py for tasks to queue
[2025-12-11T04:46:32.536+0000] {logging_mixin.py:188} INFO - [2025-12-11T04:46:32.536+0000] {dagbag.py:545} INFO - Filling up the DagBag from /home/airflow/.local/lib/python3.9/site-packages/airflow/example_dags/example_nested_branch_dag.py
[2025-12-11T04:46:32.550+0000] {processor.py:840} INFO - DAG(s) 'example_nested_branch_dag' retrieved from /home/airflow/.local/lib/python3.9/site-packages/airflow/example_dags/example_nested_branch_dag.py
[2025-12-11T04:46:32.592+0000] {logging_mixin.py:188} INFO - [2025-12-11T04:46:32.591+0000] {dag.py:3096} INFO - Sync 1 DAGs
[2025-12-11T04:46:32.628+0000] {logging_mixin.py:188} INFO - [2025-12-11T04:46:32.628+0000] {dag.py:3954} INFO - Setting next_dagrun for example_nested_branch_dag to 2025-12-10 00:00:00+00:00, run_after=2025-12-11 00:00:00+00:00
[2025-12-11T04:46:32.653+0000] {processor.py:183} INFO - Processing /home/airflow/.local/lib/python3.9/site-packages/airflow/example_dags/example_nested_branch_dag.py took 0.131 seconds
[2025-12-11T04:47:02.907+0000] {processor.py:161} INFO - Started process (PID=3770) to work on /home/airflow/.local/lib/python3.9/site-packages/airflow/example_dags/example_nested_branch_dag.py
[2025-12-11T04:47:02.918+0000] {processor.py:830} INFO - Processing file /home/airflow/.local/lib/python3.9/site-packages/airflow/example_dags/example_nested_branch_dag.py for tasks to queue
[2025-12-11T04:47:02.920+0000] {logging_mixin.py:188} INFO - [2025-12-11T04:47:02.920+0000] {dagbag.py:545} INFO - Filling up the DagBag from /home/airflow/.local/lib/python3.9/site-packages/airflow/example_dags/example_nested_branch_dag.py
[2025-12-11T04:47:02.950+0000] {processor.py:840} INFO - DAG(s) 'example_nested_branch_dag' retrieved from /home/airflow/.local/lib/python3.9/site-packages/airflow/example_dags/example_nested_branch_dag.py
[2025-12-11T04:47:03.045+0000] {logging_mixin.py:188} INFO - [2025-12-11T04:47:03.045+0000] {dag.py:3096} INFO - Sync 1 DAGs
[2025-12-11T04:47:03.119+0000] {logging_mixin.py:188} INFO - [2025-12-11T04:47:03.119+0000] {dag.py:3954} INFO - Setting next_dagrun for example_nested_branch_dag to 2025-12-10 00:00:00+00:00, run_after=2025-12-11 00:00:00+00:00
[2025-12-11T04:47:03.181+0000] {processor.py:183} INFO - Processing /home/airflow/.local/lib/python3.9/site-packages/airflow/example_dags/example_nested_branch_dag.py took 0.284 seconds
[2025-12-11T04:47:33.457+0000] {processor.py:161} INFO - Started process (PID=3837) to work on /home/airflow/.local/lib/python3.9/site-packages/airflow/example_dags/example_nested_branch_dag.py
[2025-12-11T04:47:33.471+0000] {processor.py:830} INFO - Processing file /home/airflow/.local/lib/python3.9/site-packages/airflow/example_dags/example_nested_branch_dag.py for tasks to queue
[2025-12-11T04:47:33.478+0000] {logging_mixin.py:188} INFO - [2025-12-11T04:47:33.477+0000] {dagbag.py:545} INFO - Filling up the DagBag from /home/airflow/.local/lib/python3.9/site-packages/airflow/example_dags/example_nested_branch_dag.py
[2025-12-11T04:47:33.506+0000] {processor.py:840} INFO - DAG(s) 'example_nested_branch_dag' retrieved from /home/airflow/.local/lib/python3.9/site-packages/airflow/example_dags/example_nested_branch_dag.py
[2025-12-11T04:47:33.587+0000] {logging_mixin.py:188} INFO - [2025-12-11T04:47:33.586+0000] {dag.py:3096} INFO - Sync 1 DAGs
[2025-12-11T04:47:33.696+0000] {logging_mixin.py:188} INFO - [2025-12-11T04:47:33.687+0000] {dag.py:3954} INFO - Setting next_dagrun for example_nested_branch_dag to 2025-12-10 00:00:00+00:00, run_after=2025-12-11 00:00:00+00:00
[2025-12-11T04:47:33.992+0000] {processor.py:183} INFO - Processing /home/airflow/.local/lib/python3.9/site-packages/airflow/example_dags/example_nested_branch_dag.py took 0.555 seconds
[2025-12-11T04:48:04.217+0000] {processor.py:161} INFO - Started process (PID=3904) to work on /home/airflow/.local/lib/python3.9/site-packages/airflow/example_dags/example_nested_branch_dag.py
[2025-12-11T04:48:04.219+0000] {processor.py:830} INFO - Processing file /home/airflow/.local/lib/python3.9/site-packages/airflow/example_dags/example_nested_branch_dag.py for tasks to queue
[2025-12-11T04:48:04.221+0000] {logging_mixin.py:188} INFO - [2025-12-11T04:48:04.221+0000] {dagbag.py:545} INFO - Filling up the DagBag from /home/airflow/.local/lib/python3.9/site-packages/airflow/example_dags/example_nested_branch_dag.py
[2025-12-11T04:48:04.238+0000] {processor.py:840} INFO - DAG(s) 'example_nested_branch_dag' retrieved from /home/airflow/.local/lib/python3.9/site-packages/airflow/example_dags/example_nested_branch_dag.py
[2025-12-11T04:48:04.307+0000] {logging_mixin.py:188} INFO - [2025-12-11T04:48:04.307+0000] {dag.py:3096} INFO - Sync 1 DAGs
[2025-12-11T04:48:04.401+0000] {logging_mixin.py:188} INFO - [2025-12-11T04:48:04.400+0000] {dag.py:3954} INFO - Setting next_dagrun for example_nested_branch_dag to 2025-12-10 00:00:00+00:00, run_after=2025-12-11 00:00:00+00:00
[2025-12-11T04:48:04.441+0000] {processor.py:183} INFO - Processing /home/airflow/.local/lib/python3.9/site-packages/airflow/example_dags/example_nested_branch_dag.py took 0.237 seconds
[2025-12-11T04:48:34.727+0000] {processor.py:161} INFO - Started process (PID=3971) to work on /home/airflow/.local/lib/python3.9/site-packages/airflow/example_dags/example_nested_branch_dag.py
[2025-12-11T04:48:34.769+0000] {processor.py:830} INFO - Processing file /home/airflow/.local/lib/python3.9/site-packages/airflow/example_dags/example_nested_branch_dag.py for tasks to queue
[2025-12-11T04:48:34.773+0000] {logging_mixin.py:188} INFO - [2025-12-11T04:48:34.773+0000] {dagbag.py:545} INFO - Filling up the DagBag from /home/airflow/.local/lib/python3.9/site-packages/airflow/example_dags/example_nested_branch_dag.py
[2025-12-11T04:48:34.794+0000] {processor.py:840} INFO - DAG(s) 'example_nested_branch_dag' retrieved from /home/airflow/.local/lib/python3.9/site-packages/airflow/example_dags/example_nested_branch_dag.py
[2025-12-11T04:48:34.849+0000] {logging_mixin.py:188} INFO - [2025-12-11T04:48:34.848+0000] {dag.py:3096} INFO - Sync 1 DAGs
[2025-12-11T04:48:34.919+0000] {logging_mixin.py:188} INFO - [2025-12-11T04:48:34.919+0000] {dag.py:3954} INFO - Setting next_dagrun for example_nested_branch_dag to 2025-12-10 00:00:00+00:00, run_after=2025-12-11 00:00:00+00:00
[2025-12-11T04:48:35.111+0000] {processor.py:183} INFO - Processing /home/airflow/.local/lib/python3.9/site-packages/airflow/example_dags/example_nested_branch_dag.py took 0.399 seconds
[2025-12-11T04:49:05.304+0000] {processor.py:161} INFO - Started process (PID=4036) to work on /home/airflow/.local/lib/python3.9/site-packages/airflow/example_dags/example_nested_branch_dag.py
[2025-12-11T04:49:05.306+0000] {processor.py:830} INFO - Processing file /home/airflow/.local/lib/python3.9/site-packages/airflow/example_dags/example_nested_branch_dag.py for tasks to queue
[2025-12-11T04:49:05.308+0000] {logging_mixin.py:188} INFO - [2025-12-11T04:49:05.308+0000] {dagbag.py:545} INFO - Filling up the DagBag from /home/airflow/.local/lib/python3.9/site-packages/airflow/example_dags/example_nested_branch_dag.py
[2025-12-11T04:49:05.330+0000] {processor.py:840} INFO - DAG(s) 'example_nested_branch_dag' retrieved from /home/airflow/.local/lib/python3.9/site-packages/airflow/example_dags/example_nested_branch_dag.py
[2025-12-11T04:49:05.405+0000] {logging_mixin.py:188} INFO - [2025-12-11T04:49:05.404+0000] {dag.py:3096} INFO - Sync 1 DAGs
[2025-12-11T04:49:05.506+0000] {logging_mixin.py:188} INFO - [2025-12-11T04:49:05.506+0000] {dag.py:3954} INFO - Setting next_dagrun for example_nested_branch_dag to 2025-12-10 00:00:00+00:00, run_after=2025-12-11 00:00:00+00:00
[2025-12-11T04:49:05.583+0000] {processor.py:183} INFO - Processing /home/airflow/.local/lib/python3.9/site-packages/airflow/example_dags/example_nested_branch_dag.py took 0.297 seconds
[2025-12-11T04:49:36.208+0000] {processor.py:161} INFO - Started process (PID=4103) to work on /home/airflow/.local/lib/python3.9/site-packages/airflow/example_dags/example_nested_branch_dag.py
[2025-12-11T04:49:36.218+0000] {processor.py:830} INFO - Processing file /home/airflow/.local/lib/python3.9/site-packages/airflow/example_dags/example_nested_branch_dag.py for tasks to queue
[2025-12-11T04:49:36.221+0000] {logging_mixin.py:188} INFO - [2025-12-11T04:49:36.221+0000] {dagbag.py:545} INFO - Filling up the DagBag from /home/airflow/.local/lib/python3.9/site-packages/airflow/example_dags/example_nested_branch_dag.py
[2025-12-11T04:49:36.243+0000] {processor.py:840} INFO - DAG(s) 'example_nested_branch_dag' retrieved from /home/airflow/.local/lib/python3.9/site-packages/airflow/example_dags/example_nested_branch_dag.py
[2025-12-11T04:49:36.305+0000] {logging_mixin.py:188} INFO - [2025-12-11T04:49:36.305+0000] {dag.py:3096} INFO - Sync 1 DAGs
[2025-12-11T04:49:36.361+0000] {logging_mixin.py:188} INFO - [2025-12-11T04:49:36.360+0000] {dag.py:3954} INFO - Setting next_dagrun for example_nested_branch_dag to 2025-12-10 00:00:00+00:00, run_after=2025-12-11 00:00:00+00:00
[2025-12-11T04:49:36.403+0000] {processor.py:183} INFO - Processing /home/airflow/.local/lib/python3.9/site-packages/airflow/example_dags/example_nested_branch_dag.py took 0.215 seconds
[2025-12-11T04:50:07.081+0000] {processor.py:161} INFO - Started process (PID=4168) to work on /home/airflow/.local/lib/python3.9/site-packages/airflow/example_dags/example_nested_branch_dag.py
[2025-12-11T04:50:07.083+0000] {processor.py:830} INFO - Processing file /home/airflow/.local/lib/python3.9/site-packages/airflow/example_dags/example_nested_branch_dag.py for tasks to queue
[2025-12-11T04:50:07.086+0000] {logging_mixin.py:188} INFO - [2025-12-11T04:50:07.085+0000] {dagbag.py:545} INFO - Filling up the DagBag from /home/airflow/.local/lib/python3.9/site-packages/airflow/example_dags/example_nested_branch_dag.py
[2025-12-11T04:50:07.105+0000] {processor.py:840} INFO - DAG(s) 'example_nested_branch_dag' retrieved from /home/airflow/.local/lib/python3.9/site-packages/airflow/example_dags/example_nested_branch_dag.py
[2025-12-11T04:50:07.175+0000] {logging_mixin.py:188} INFO - [2025-12-11T04:50:07.175+0000] {dag.py:3096} INFO - Sync 1 DAGs
[2025-12-11T04:50:07.221+0000] {logging_mixin.py:188} INFO - [2025-12-11T04:50:07.221+0000] {dag.py:3954} INFO - Setting next_dagrun for example_nested_branch_dag to 2025-12-10 00:00:00+00:00, run_after=2025-12-11 00:00:00+00:00
[2025-12-11T04:50:07.267+0000] {processor.py:183} INFO - Processing /home/airflow/.local/lib/python3.9/site-packages/airflow/example_dags/example_nested_branch_dag.py took 0.205 seconds
[2025-12-11T04:50:37.740+0000] {processor.py:161} INFO - Started process (PID=4235) to work on /home/airflow/.local/lib/python3.9/site-packages/airflow/example_dags/example_nested_branch_dag.py
[2025-12-11T04:50:37.742+0000] {processor.py:830} INFO - Processing file /home/airflow/.local/lib/python3.9/site-packages/airflow/example_dags/example_nested_branch_dag.py for tasks to queue
[2025-12-11T04:50:37.745+0000] {logging_mixin.py:188} INFO - [2025-12-11T04:50:37.744+0000] {dagbag.py:545} INFO - Filling up the DagBag from /home/airflow/.local/lib/python3.9/site-packages/airflow/example_dags/example_nested_branch_dag.py
[2025-12-11T04:50:37.767+0000] {processor.py:840} INFO - DAG(s) 'example_nested_branch_dag' retrieved from /home/airflow/.local/lib/python3.9/site-packages/airflow/example_dags/example_nested_branch_dag.py
[2025-12-11T04:50:37.841+0000] {logging_mixin.py:188} INFO - [2025-12-11T04:50:37.840+0000] {dag.py:3096} INFO - Sync 1 DAGs
[2025-12-11T04:50:37.882+0000] {logging_mixin.py:188} INFO - [2025-12-11T04:50:37.882+0000] {dag.py:3954} INFO - Setting next_dagrun for example_nested_branch_dag to 2025-12-10 00:00:00+00:00, run_after=2025-12-11 00:00:00+00:00
[2025-12-11T04:50:37.911+0000] {processor.py:183} INFO - Processing /home/airflow/.local/lib/python3.9/site-packages/airflow/example_dags/example_nested_branch_dag.py took 0.181 seconds
[2025-12-11T04:51:08.687+0000] {processor.py:161} INFO - Started process (PID=4302) to work on /home/airflow/.local/lib/python3.9/site-packages/airflow/example_dags/example_nested_branch_dag.py
[2025-12-11T04:51:08.689+0000] {processor.py:830} INFO - Processing file /home/airflow/.local/lib/python3.9/site-packages/airflow/example_dags/example_nested_branch_dag.py for tasks to queue
[2025-12-11T04:51:08.691+0000] {logging_mixin.py:188} INFO - [2025-12-11T04:51:08.691+0000] {dagbag.py:545} INFO - Filling up the DagBag from /home/airflow/.local/lib/python3.9/site-packages/airflow/example_dags/example_nested_branch_dag.py
[2025-12-11T04:51:08.710+0000] {processor.py:840} INFO - DAG(s) 'example_nested_branch_dag' retrieved from /home/airflow/.local/lib/python3.9/site-packages/airflow/example_dags/example_nested_branch_dag.py
[2025-12-11T04:51:08.756+0000] {logging_mixin.py:188} INFO - [2025-12-11T04:51:08.755+0000] {dag.py:3096} INFO - Sync 1 DAGs
[2025-12-11T04:51:08.801+0000] {logging_mixin.py:188} INFO - [2025-12-11T04:51:08.800+0000] {dag.py:3954} INFO - Setting next_dagrun for example_nested_branch_dag to 2025-12-10 00:00:00+00:00, run_after=2025-12-11 00:00:00+00:00
[2025-12-11T04:51:08.826+0000] {processor.py:183} INFO - Processing /home/airflow/.local/lib/python3.9/site-packages/airflow/example_dags/example_nested_branch_dag.py took 0.149 seconds
[2025-12-11T04:51:39.399+0000] {processor.py:161} INFO - Started process (PID=4369) to work on /home/airflow/.local/lib/python3.9/site-packages/airflow/example_dags/example_nested_branch_dag.py
[2025-12-11T04:51:39.412+0000] {processor.py:830} INFO - Processing file /home/airflow/.local/lib/python3.9/site-packages/airflow/example_dags/example_nested_branch_dag.py for tasks to queue
[2025-12-11T04:51:39.415+0000] {logging_mixin.py:188} INFO - [2025-12-11T04:51:39.414+0000] {dagbag.py:545} INFO - Filling up the DagBag from /home/airflow/.local/lib/python3.9/site-packages/airflow/example_dags/example_nested_branch_dag.py
[2025-12-11T04:51:39.430+0000] {processor.py:840} INFO - DAG(s) 'example_nested_branch_dag' retrieved from /home/airflow/.local/lib/python3.9/site-packages/airflow/example_dags/example_nested_branch_dag.py
[2025-12-11T04:51:39.484+0000] {logging_mixin.py:188} INFO - [2025-12-11T04:51:39.483+0000] {dag.py:3096} INFO - Sync 1 DAGs
[2025-12-11T04:51:39.535+0000] {logging_mixin.py:188} INFO - [2025-12-11T04:51:39.535+0000] {dag.py:3954} INFO - Setting next_dagrun for example_nested_branch_dag to 2025-12-10 00:00:00+00:00, run_after=2025-12-11 00:00:00+00:00
[2025-12-11T04:51:39.566+0000] {processor.py:183} INFO - Processing /home/airflow/.local/lib/python3.9/site-packages/airflow/example_dags/example_nested_branch_dag.py took 0.177 seconds
[2025-12-11T04:52:10.158+0000] {processor.py:161} INFO - Started process (PID=4436) to work on /home/airflow/.local/lib/python3.9/site-packages/airflow/example_dags/example_nested_branch_dag.py
[2025-12-11T04:52:10.165+0000] {processor.py:830} INFO - Processing file /home/airflow/.local/lib/python3.9/site-packages/airflow/example_dags/example_nested_branch_dag.py for tasks to queue
[2025-12-11T04:52:10.177+0000] {logging_mixin.py:188} INFO - [2025-12-11T04:52:10.177+0000] {dagbag.py:545} INFO - Filling up the DagBag from /home/airflow/.local/lib/python3.9/site-packages/airflow/example_dags/example_nested_branch_dag.py
[2025-12-11T04:52:10.199+0000] {processor.py:840} INFO - DAG(s) 'example_nested_branch_dag' retrieved from /home/airflow/.local/lib/python3.9/site-packages/airflow/example_dags/example_nested_branch_dag.py
[2025-12-11T04:52:10.242+0000] {logging_mixin.py:188} INFO - [2025-12-11T04:52:10.241+0000] {dag.py:3096} INFO - Sync 1 DAGs
[2025-12-11T04:52:10.289+0000] {logging_mixin.py:188} INFO - [2025-12-11T04:52:10.289+0000] {dag.py:3954} INFO - Setting next_dagrun for example_nested_branch_dag to 2025-12-10 00:00:00+00:00, run_after=2025-12-11 00:00:00+00:00
[2025-12-11T04:52:10.318+0000] {processor.py:183} INFO - Processing /home/airflow/.local/lib/python3.9/site-packages/airflow/example_dags/example_nested_branch_dag.py took 0.193 seconds
[2025-12-11T04:52:40.419+0000] {processor.py:161} INFO - Started process (PID=4503) to work on /home/airflow/.local/lib/python3.9/site-packages/airflow/example_dags/example_nested_branch_dag.py
[2025-12-11T04:52:40.428+0000] {processor.py:830} INFO - Processing file /home/airflow/.local/lib/python3.9/site-packages/airflow/example_dags/example_nested_branch_dag.py for tasks to queue
[2025-12-11T04:52:40.431+0000] {logging_mixin.py:188} INFO - [2025-12-11T04:52:40.431+0000] {dagbag.py:545} INFO - Filling up the DagBag from /home/airflow/.local/lib/python3.9/site-packages/airflow/example_dags/example_nested_branch_dag.py
[2025-12-11T04:52:40.448+0000] {processor.py:840} INFO - DAG(s) 'example_nested_branch_dag' retrieved from /home/airflow/.local/lib/python3.9/site-packages/airflow/example_dags/example_nested_branch_dag.py
[2025-12-11T04:52:40.490+0000] {logging_mixin.py:188} INFO - [2025-12-11T04:52:40.489+0000] {dag.py:3096} INFO - Sync 1 DAGs
[2025-12-11T04:52:40.548+0000] {logging_mixin.py:188} INFO - [2025-12-11T04:52:40.547+0000] {dag.py:3954} INFO - Setting next_dagrun for example_nested_branch_dag to 2025-12-10 00:00:00+00:00, run_after=2025-12-11 00:00:00+00:00
[2025-12-11T04:52:40.598+0000] {processor.py:183} INFO - Processing /home/airflow/.local/lib/python3.9/site-packages/airflow/example_dags/example_nested_branch_dag.py took 0.190 seconds
