[2025-12-11T04:19:08.687+0000] {processor.py:161} INFO - Started process (PID=143) to work on /home/airflow/.local/lib/python3.9/site-packages/airflow/example_dags/example_local_kubernetes_executor.py
[2025-12-11T04:19:08.689+0000] {processor.py:830} INFO - Processing file /home/airflow/.local/lib/python3.9/site-packages/airflow/example_dags/example_local_kubernetes_executor.py for tasks to queue
[2025-12-11T04:19:08.700+0000] {logging_mixin.py:188} INFO - [2025-12-11T04:19:08.699+0000] {dagbag.py:545} INFO - Filling up the DagBag from /home/airflow/.local/lib/python3.9/site-packages/airflow/example_dags/example_local_kubernetes_executor.py
[2025-12-11T04:19:08.782+0000] {processor.py:840} INFO - DAG(s) 'example_local_kubernetes_executor' retrieved from /home/airflow/.local/lib/python3.9/site-packages/airflow/example_dags/example_local_kubernetes_executor.py
[2025-12-11T04:19:09.257+0000] {logging_mixin.py:188} INFO - [2025-12-11T04:19:09.247+0000] {dag.py:3096} INFO - Sync 1 DAGs
[2025-12-11T04:19:09.340+0000] {logging_mixin.py:188} INFO - [2025-12-11T04:19:09.340+0000] {dag.py:3954} INFO - Setting next_dagrun for example_local_kubernetes_executor to None, run_after=None
[2025-12-11T04:19:09.624+0000] {processor.py:183} INFO - Processing /home/airflow/.local/lib/python3.9/site-packages/airflow/example_dags/example_local_kubernetes_executor.py took 0.960 seconds
[2025-12-11T04:19:40.181+0000] {processor.py:161} INFO - Started process (PID=202) to work on /home/airflow/.local/lib/python3.9/site-packages/airflow/example_dags/example_local_kubernetes_executor.py
[2025-12-11T04:19:40.187+0000] {processor.py:830} INFO - Processing file /home/airflow/.local/lib/python3.9/site-packages/airflow/example_dags/example_local_kubernetes_executor.py for tasks to queue
[2025-12-11T04:19:40.199+0000] {logging_mixin.py:188} INFO - [2025-12-11T04:19:40.198+0000] {dagbag.py:545} INFO - Filling up the DagBag from /home/airflow/.local/lib/python3.9/site-packages/airflow/example_dags/example_local_kubernetes_executor.py
[2025-12-11T04:19:40.264+0000] {processor.py:840} INFO - DAG(s) 'example_local_kubernetes_executor' retrieved from /home/airflow/.local/lib/python3.9/site-packages/airflow/example_dags/example_local_kubernetes_executor.py
[2025-12-11T04:19:40.381+0000] {logging_mixin.py:188} INFO - [2025-12-11T04:19:40.380+0000] {dag.py:3096} INFO - Sync 1 DAGs
[2025-12-11T04:19:40.411+0000] {logging_mixin.py:188} INFO - [2025-12-11T04:19:40.411+0000] {dag.py:3954} INFO - Setting next_dagrun for example_local_kubernetes_executor to None, run_after=None
[2025-12-11T04:19:40.484+0000] {processor.py:183} INFO - Processing /home/airflow/.local/lib/python3.9/site-packages/airflow/example_dags/example_local_kubernetes_executor.py took 0.342 seconds
[2025-12-11T04:20:11.047+0000] {processor.py:161} INFO - Started process (PID=268) to work on /home/airflow/.local/lib/python3.9/site-packages/airflow/example_dags/example_local_kubernetes_executor.py
[2025-12-11T04:20:11.048+0000] {processor.py:830} INFO - Processing file /home/airflow/.local/lib/python3.9/site-packages/airflow/example_dags/example_local_kubernetes_executor.py for tasks to queue
[2025-12-11T04:20:11.051+0000] {logging_mixin.py:188} INFO - [2025-12-11T04:20:11.051+0000] {dagbag.py:545} INFO - Filling up the DagBag from /home/airflow/.local/lib/python3.9/site-packages/airflow/example_dags/example_local_kubernetes_executor.py
[2025-12-11T04:20:11.066+0000] {processor.py:840} INFO - DAG(s) 'example_local_kubernetes_executor' retrieved from /home/airflow/.local/lib/python3.9/site-packages/airflow/example_dags/example_local_kubernetes_executor.py
[2025-12-11T04:20:11.169+0000] {logging_mixin.py:188} INFO - [2025-12-11T04:20:11.169+0000] {dag.py:3096} INFO - Sync 1 DAGs
[2025-12-11T04:20:11.201+0000] {logging_mixin.py:188} INFO - [2025-12-11T04:20:11.200+0000] {dag.py:3954} INFO - Setting next_dagrun for example_local_kubernetes_executor to None, run_after=None
[2025-12-11T04:20:11.229+0000] {processor.py:183} INFO - Processing /home/airflow/.local/lib/python3.9/site-packages/airflow/example_dags/example_local_kubernetes_executor.py took 0.191 seconds
[2025-12-11T04:20:42.126+0000] {processor.py:161} INFO - Started process (PID=334) to work on /home/airflow/.local/lib/python3.9/site-packages/airflow/example_dags/example_local_kubernetes_executor.py
[2025-12-11T04:20:42.128+0000] {processor.py:830} INFO - Processing file /home/airflow/.local/lib/python3.9/site-packages/airflow/example_dags/example_local_kubernetes_executor.py for tasks to queue
[2025-12-11T04:20:42.131+0000] {logging_mixin.py:188} INFO - [2025-12-11T04:20:42.130+0000] {dagbag.py:545} INFO - Filling up the DagBag from /home/airflow/.local/lib/python3.9/site-packages/airflow/example_dags/example_local_kubernetes_executor.py
[2025-12-11T04:20:42.147+0000] {processor.py:840} INFO - DAG(s) 'example_local_kubernetes_executor' retrieved from /home/airflow/.local/lib/python3.9/site-packages/airflow/example_dags/example_local_kubernetes_executor.py
[2025-12-11T04:20:42.223+0000] {logging_mixin.py:188} INFO - [2025-12-11T04:20:42.222+0000] {dag.py:3096} INFO - Sync 1 DAGs
[2025-12-11T04:20:42.251+0000] {logging_mixin.py:188} INFO - [2025-12-11T04:20:42.250+0000] {dag.py:3954} INFO - Setting next_dagrun for example_local_kubernetes_executor to None, run_after=None
[2025-12-11T04:20:42.286+0000] {processor.py:183} INFO - Processing /home/airflow/.local/lib/python3.9/site-packages/airflow/example_dags/example_local_kubernetes_executor.py took 0.175 seconds
[2025-12-11T04:21:13.139+0000] {processor.py:161} INFO - Started process (PID=400) to work on /home/airflow/.local/lib/python3.9/site-packages/airflow/example_dags/example_local_kubernetes_executor.py
[2025-12-11T04:21:13.141+0000] {processor.py:830} INFO - Processing file /home/airflow/.local/lib/python3.9/site-packages/airflow/example_dags/example_local_kubernetes_executor.py for tasks to queue
[2025-12-11T04:21:13.144+0000] {logging_mixin.py:188} INFO - [2025-12-11T04:21:13.144+0000] {dagbag.py:545} INFO - Filling up the DagBag from /home/airflow/.local/lib/python3.9/site-packages/airflow/example_dags/example_local_kubernetes_executor.py
[2025-12-11T04:21:13.166+0000] {processor.py:840} INFO - DAG(s) 'example_local_kubernetes_executor' retrieved from /home/airflow/.local/lib/python3.9/site-packages/airflow/example_dags/example_local_kubernetes_executor.py
[2025-12-11T04:21:13.230+0000] {logging_mixin.py:188} INFO - [2025-12-11T04:21:13.230+0000] {dag.py:3096} INFO - Sync 1 DAGs
[2025-12-11T04:21:13.253+0000] {logging_mixin.py:188} INFO - [2025-12-11T04:21:13.253+0000] {dag.py:3954} INFO - Setting next_dagrun for example_local_kubernetes_executor to None, run_after=None
[2025-12-11T04:21:13.282+0000] {processor.py:183} INFO - Processing /home/airflow/.local/lib/python3.9/site-packages/airflow/example_dags/example_local_kubernetes_executor.py took 0.164 seconds
[2025-12-11T04:21:44.000+0000] {processor.py:161} INFO - Started process (PID=465) to work on /home/airflow/.local/lib/python3.9/site-packages/airflow/example_dags/example_local_kubernetes_executor.py
[2025-12-11T04:21:44.002+0000] {processor.py:830} INFO - Processing file /home/airflow/.local/lib/python3.9/site-packages/airflow/example_dags/example_local_kubernetes_executor.py for tasks to queue
[2025-12-11T04:21:44.005+0000] {logging_mixin.py:188} INFO - [2025-12-11T04:21:44.004+0000] {dagbag.py:545} INFO - Filling up the DagBag from /home/airflow/.local/lib/python3.9/site-packages/airflow/example_dags/example_local_kubernetes_executor.py
[2025-12-11T04:21:44.019+0000] {processor.py:840} INFO - DAG(s) 'example_local_kubernetes_executor' retrieved from /home/airflow/.local/lib/python3.9/site-packages/airflow/example_dags/example_local_kubernetes_executor.py
[2025-12-11T04:21:44.089+0000] {logging_mixin.py:188} INFO - [2025-12-11T04:21:44.089+0000] {dag.py:3096} INFO - Sync 1 DAGs
[2025-12-11T04:21:44.113+0000] {logging_mixin.py:188} INFO - [2025-12-11T04:21:44.113+0000] {dag.py:3954} INFO - Setting next_dagrun for example_local_kubernetes_executor to None, run_after=None
[2025-12-11T04:21:44.143+0000] {processor.py:183} INFO - Processing /home/airflow/.local/lib/python3.9/site-packages/airflow/example_dags/example_local_kubernetes_executor.py took 0.153 seconds
[2025-12-11T04:22:14.278+0000] {processor.py:161} INFO - Started process (PID=531) to work on /home/airflow/.local/lib/python3.9/site-packages/airflow/example_dags/example_local_kubernetes_executor.py
[2025-12-11T04:22:14.280+0000] {processor.py:830} INFO - Processing file /home/airflow/.local/lib/python3.9/site-packages/airflow/example_dags/example_local_kubernetes_executor.py for tasks to queue
[2025-12-11T04:22:14.283+0000] {logging_mixin.py:188} INFO - [2025-12-11T04:22:14.282+0000] {dagbag.py:545} INFO - Filling up the DagBag from /home/airflow/.local/lib/python3.9/site-packages/airflow/example_dags/example_local_kubernetes_executor.py
[2025-12-11T04:22:14.294+0000] {processor.py:840} INFO - DAG(s) 'example_local_kubernetes_executor' retrieved from /home/airflow/.local/lib/python3.9/site-packages/airflow/example_dags/example_local_kubernetes_executor.py
[2025-12-11T04:22:14.357+0000] {logging_mixin.py:188} INFO - [2025-12-11T04:22:14.353+0000] {dag.py:3096} INFO - Sync 1 DAGs
[2025-12-11T04:22:14.389+0000] {logging_mixin.py:188} INFO - [2025-12-11T04:22:14.389+0000] {dag.py:3954} INFO - Setting next_dagrun for example_local_kubernetes_executor to None, run_after=None
[2025-12-11T04:22:14.444+0000] {processor.py:183} INFO - Processing /home/airflow/.local/lib/python3.9/site-packages/airflow/example_dags/example_local_kubernetes_executor.py took 0.175 seconds
[2025-12-11T04:22:45.170+0000] {processor.py:161} INFO - Started process (PID=597) to work on /home/airflow/.local/lib/python3.9/site-packages/airflow/example_dags/example_local_kubernetes_executor.py
[2025-12-11T04:22:45.172+0000] {processor.py:830} INFO - Processing file /home/airflow/.local/lib/python3.9/site-packages/airflow/example_dags/example_local_kubernetes_executor.py for tasks to queue
[2025-12-11T04:22:45.174+0000] {logging_mixin.py:188} INFO - [2025-12-11T04:22:45.174+0000] {dagbag.py:545} INFO - Filling up the DagBag from /home/airflow/.local/lib/python3.9/site-packages/airflow/example_dags/example_local_kubernetes_executor.py
[2025-12-11T04:22:45.188+0000] {processor.py:840} INFO - DAG(s) 'example_local_kubernetes_executor' retrieved from /home/airflow/.local/lib/python3.9/site-packages/airflow/example_dags/example_local_kubernetes_executor.py
[2025-12-11T04:22:45.258+0000] {logging_mixin.py:188} INFO - [2025-12-11T04:22:45.257+0000] {dag.py:3096} INFO - Sync 1 DAGs
[2025-12-11T04:22:45.283+0000] {logging_mixin.py:188} INFO - [2025-12-11T04:22:45.283+0000] {dag.py:3954} INFO - Setting next_dagrun for example_local_kubernetes_executor to None, run_after=None
[2025-12-11T04:22:45.311+0000] {processor.py:183} INFO - Processing /home/airflow/.local/lib/python3.9/site-packages/airflow/example_dags/example_local_kubernetes_executor.py took 0.152 seconds
[2025-12-11T04:23:16.246+0000] {processor.py:161} INFO - Started process (PID=663) to work on /home/airflow/.local/lib/python3.9/site-packages/airflow/example_dags/example_local_kubernetes_executor.py
[2025-12-11T04:23:16.318+0000] {processor.py:830} INFO - Processing file /home/airflow/.local/lib/python3.9/site-packages/airflow/example_dags/example_local_kubernetes_executor.py for tasks to queue
[2025-12-11T04:23:16.322+0000] {logging_mixin.py:188} INFO - [2025-12-11T04:23:16.322+0000] {dagbag.py:545} INFO - Filling up the DagBag from /home/airflow/.local/lib/python3.9/site-packages/airflow/example_dags/example_local_kubernetes_executor.py
[2025-12-11T04:23:16.349+0000] {processor.py:840} INFO - DAG(s) 'example_local_kubernetes_executor' retrieved from /home/airflow/.local/lib/python3.9/site-packages/airflow/example_dags/example_local_kubernetes_executor.py
[2025-12-11T04:23:16.462+0000] {logging_mixin.py:188} INFO - [2025-12-11T04:23:16.461+0000] {dag.py:3096} INFO - Sync 1 DAGs
[2025-12-11T04:23:16.492+0000] {logging_mixin.py:188} INFO - [2025-12-11T04:23:16.492+0000] {dag.py:3954} INFO - Setting next_dagrun for example_local_kubernetes_executor to None, run_after=None
[2025-12-11T04:23:17.004+0000] {processor.py:183} INFO - Processing /home/airflow/.local/lib/python3.9/site-packages/airflow/example_dags/example_local_kubernetes_executor.py took 0.767 seconds
[2025-12-11T04:23:47.445+0000] {processor.py:161} INFO - Started process (PID=729) to work on /home/airflow/.local/lib/python3.9/site-packages/airflow/example_dags/example_local_kubernetes_executor.py
[2025-12-11T04:23:47.452+0000] {processor.py:830} INFO - Processing file /home/airflow/.local/lib/python3.9/site-packages/airflow/example_dags/example_local_kubernetes_executor.py for tasks to queue
[2025-12-11T04:23:47.455+0000] {logging_mixin.py:188} INFO - [2025-12-11T04:23:47.455+0000] {dagbag.py:545} INFO - Filling up the DagBag from /home/airflow/.local/lib/python3.9/site-packages/airflow/example_dags/example_local_kubernetes_executor.py
[2025-12-11T04:23:47.469+0000] {processor.py:840} INFO - DAG(s) 'example_local_kubernetes_executor' retrieved from /home/airflow/.local/lib/python3.9/site-packages/airflow/example_dags/example_local_kubernetes_executor.py
[2025-12-11T04:23:47.534+0000] {logging_mixin.py:188} INFO - [2025-12-11T04:23:47.533+0000] {dag.py:3096} INFO - Sync 1 DAGs
[2025-12-11T04:23:47.554+0000] {logging_mixin.py:188} INFO - [2025-12-11T04:23:47.554+0000] {dag.py:3954} INFO - Setting next_dagrun for example_local_kubernetes_executor to None, run_after=None
[2025-12-11T04:23:47.581+0000] {processor.py:183} INFO - Processing /home/airflow/.local/lib/python3.9/site-packages/airflow/example_dags/example_local_kubernetes_executor.py took 0.146 seconds
[2025-12-11T04:24:18.599+0000] {processor.py:161} INFO - Started process (PID=802) to work on /home/airflow/.local/lib/python3.9/site-packages/airflow/example_dags/example_local_kubernetes_executor.py
[2025-12-11T04:24:18.601+0000] {processor.py:830} INFO - Processing file /home/airflow/.local/lib/python3.9/site-packages/airflow/example_dags/example_local_kubernetes_executor.py for tasks to queue
[2025-12-11T04:24:18.604+0000] {logging_mixin.py:188} INFO - [2025-12-11T04:24:18.603+0000] {dagbag.py:545} INFO - Filling up the DagBag from /home/airflow/.local/lib/python3.9/site-packages/airflow/example_dags/example_local_kubernetes_executor.py
[2025-12-11T04:24:18.618+0000] {processor.py:840} INFO - DAG(s) 'example_local_kubernetes_executor' retrieved from /home/airflow/.local/lib/python3.9/site-packages/airflow/example_dags/example_local_kubernetes_executor.py
[2025-12-11T04:24:18.701+0000] {logging_mixin.py:188} INFO - [2025-12-11T04:24:18.701+0000] {dag.py:3096} INFO - Sync 1 DAGs
[2025-12-11T04:24:18.739+0000] {logging_mixin.py:188} INFO - [2025-12-11T04:24:18.739+0000] {dag.py:3954} INFO - Setting next_dagrun for example_local_kubernetes_executor to None, run_after=None
[2025-12-11T04:24:18.779+0000] {processor.py:183} INFO - Processing /home/airflow/.local/lib/python3.9/site-packages/airflow/example_dags/example_local_kubernetes_executor.py took 0.198 seconds
[2025-12-11T04:24:49.169+0000] {processor.py:161} INFO - Started process (PID=868) to work on /home/airflow/.local/lib/python3.9/site-packages/airflow/example_dags/example_local_kubernetes_executor.py
[2025-12-11T04:24:49.199+0000] {processor.py:830} INFO - Processing file /home/airflow/.local/lib/python3.9/site-packages/airflow/example_dags/example_local_kubernetes_executor.py for tasks to queue
[2025-12-11T04:24:49.202+0000] {logging_mixin.py:188} INFO - [2025-12-11T04:24:49.201+0000] {dagbag.py:545} INFO - Filling up the DagBag from /home/airflow/.local/lib/python3.9/site-packages/airflow/example_dags/example_local_kubernetes_executor.py
[2025-12-11T04:24:49.222+0000] {processor.py:840} INFO - DAG(s) 'example_local_kubernetes_executor' retrieved from /home/airflow/.local/lib/python3.9/site-packages/airflow/example_dags/example_local_kubernetes_executor.py
[2025-12-11T04:24:49.342+0000] {logging_mixin.py:188} INFO - [2025-12-11T04:24:49.342+0000] {dag.py:3096} INFO - Sync 1 DAGs
[2025-12-11T04:24:49.403+0000] {logging_mixin.py:188} INFO - [2025-12-11T04:24:49.388+0000] {dag.py:3954} INFO - Setting next_dagrun for example_local_kubernetes_executor to None, run_after=None
[2025-12-11T04:24:49.478+0000] {processor.py:183} INFO - Processing /home/airflow/.local/lib/python3.9/site-packages/airflow/example_dags/example_local_kubernetes_executor.py took 0.321 seconds
[2025-12-11T04:25:19.957+0000] {processor.py:161} INFO - Started process (PID=933) to work on /home/airflow/.local/lib/python3.9/site-packages/airflow/example_dags/example_local_kubernetes_executor.py
[2025-12-11T04:25:19.964+0000] {processor.py:830} INFO - Processing file /home/airflow/.local/lib/python3.9/site-packages/airflow/example_dags/example_local_kubernetes_executor.py for tasks to queue
[2025-12-11T04:25:19.968+0000] {logging_mixin.py:188} INFO - [2025-12-11T04:25:19.967+0000] {dagbag.py:545} INFO - Filling up the DagBag from /home/airflow/.local/lib/python3.9/site-packages/airflow/example_dags/example_local_kubernetes_executor.py
[2025-12-11T04:25:19.987+0000] {processor.py:840} INFO - DAG(s) 'example_local_kubernetes_executor' retrieved from /home/airflow/.local/lib/python3.9/site-packages/airflow/example_dags/example_local_kubernetes_executor.py
[2025-12-11T04:25:20.157+0000] {logging_mixin.py:188} INFO - [2025-12-11T04:25:20.149+0000] {dag.py:3096} INFO - Sync 1 DAGs
[2025-12-11T04:25:20.200+0000] {logging_mixin.py:188} INFO - [2025-12-11T04:25:20.199+0000] {dag.py:3954} INFO - Setting next_dagrun for example_local_kubernetes_executor to None, run_after=None
[2025-12-11T04:25:20.248+0000] {processor.py:183} INFO - Processing /home/airflow/.local/lib/python3.9/site-packages/airflow/example_dags/example_local_kubernetes_executor.py took 0.307 seconds
[2025-12-11T04:25:50.545+0000] {processor.py:161} INFO - Started process (PID=999) to work on /home/airflow/.local/lib/python3.9/site-packages/airflow/example_dags/example_local_kubernetes_executor.py
[2025-12-11T04:25:50.609+0000] {processor.py:830} INFO - Processing file /home/airflow/.local/lib/python3.9/site-packages/airflow/example_dags/example_local_kubernetes_executor.py for tasks to queue
[2025-12-11T04:25:50.612+0000] {logging_mixin.py:188} INFO - [2025-12-11T04:25:50.612+0000] {dagbag.py:545} INFO - Filling up the DagBag from /home/airflow/.local/lib/python3.9/site-packages/airflow/example_dags/example_local_kubernetes_executor.py
[2025-12-11T04:25:50.626+0000] {processor.py:840} INFO - DAG(s) 'example_local_kubernetes_executor' retrieved from /home/airflow/.local/lib/python3.9/site-packages/airflow/example_dags/example_local_kubernetes_executor.py
[2025-12-11T04:25:50.727+0000] {logging_mixin.py:188} INFO - [2025-12-11T04:25:50.727+0000] {dag.py:3096} INFO - Sync 1 DAGs
[2025-12-11T04:25:50.777+0000] {logging_mixin.py:188} INFO - [2025-12-11T04:25:50.777+0000] {dag.py:3954} INFO - Setting next_dagrun for example_local_kubernetes_executor to None, run_after=None
[2025-12-11T04:25:50.850+0000] {processor.py:183} INFO - Processing /home/airflow/.local/lib/python3.9/site-packages/airflow/example_dags/example_local_kubernetes_executor.py took 0.324 seconds
[2025-12-11T04:26:21.172+0000] {processor.py:161} INFO - Started process (PID=1065) to work on /home/airflow/.local/lib/python3.9/site-packages/airflow/example_dags/example_local_kubernetes_executor.py
[2025-12-11T04:26:21.194+0000] {processor.py:830} INFO - Processing file /home/airflow/.local/lib/python3.9/site-packages/airflow/example_dags/example_local_kubernetes_executor.py for tasks to queue
[2025-12-11T04:26:21.198+0000] {logging_mixin.py:188} INFO - [2025-12-11T04:26:21.197+0000] {dagbag.py:545} INFO - Filling up the DagBag from /home/airflow/.local/lib/python3.9/site-packages/airflow/example_dags/example_local_kubernetes_executor.py
[2025-12-11T04:26:21.210+0000] {processor.py:840} INFO - DAG(s) 'example_local_kubernetes_executor' retrieved from /home/airflow/.local/lib/python3.9/site-packages/airflow/example_dags/example_local_kubernetes_executor.py
[2025-12-11T04:26:21.319+0000] {logging_mixin.py:188} INFO - [2025-12-11T04:26:21.319+0000] {dag.py:3096} INFO - Sync 1 DAGs
[2025-12-11T04:26:21.349+0000] {logging_mixin.py:188} INFO - [2025-12-11T04:26:21.348+0000] {dag.py:3954} INFO - Setting next_dagrun for example_local_kubernetes_executor to None, run_after=None
[2025-12-11T04:26:21.399+0000] {processor.py:183} INFO - Processing /home/airflow/.local/lib/python3.9/site-packages/airflow/example_dags/example_local_kubernetes_executor.py took 0.238 seconds
[2025-12-11T04:26:51.781+0000] {processor.py:161} INFO - Started process (PID=1131) to work on /home/airflow/.local/lib/python3.9/site-packages/airflow/example_dags/example_local_kubernetes_executor.py
[2025-12-11T04:26:51.786+0000] {processor.py:830} INFO - Processing file /home/airflow/.local/lib/python3.9/site-packages/airflow/example_dags/example_local_kubernetes_executor.py for tasks to queue
[2025-12-11T04:26:51.792+0000] {logging_mixin.py:188} INFO - [2025-12-11T04:26:51.789+0000] {dagbag.py:545} INFO - Filling up the DagBag from /home/airflow/.local/lib/python3.9/site-packages/airflow/example_dags/example_local_kubernetes_executor.py
[2025-12-11T04:26:51.810+0000] {processor.py:840} INFO - DAG(s) 'example_local_kubernetes_executor' retrieved from /home/airflow/.local/lib/python3.9/site-packages/airflow/example_dags/example_local_kubernetes_executor.py
[2025-12-11T04:26:51.926+0000] {logging_mixin.py:188} INFO - [2025-12-11T04:26:51.926+0000] {dag.py:3096} INFO - Sync 1 DAGs
[2025-12-11T04:26:51.958+0000] {logging_mixin.py:188} INFO - [2025-12-11T04:26:51.957+0000] {dag.py:3954} INFO - Setting next_dagrun for example_local_kubernetes_executor to None, run_after=None
[2025-12-11T04:26:52.204+0000] {processor.py:183} INFO - Processing /home/airflow/.local/lib/python3.9/site-packages/airflow/example_dags/example_local_kubernetes_executor.py took 0.440 seconds
[2025-12-11T04:27:22.387+0000] {processor.py:161} INFO - Started process (PID=1197) to work on /home/airflow/.local/lib/python3.9/site-packages/airflow/example_dags/example_local_kubernetes_executor.py
[2025-12-11T04:27:22.388+0000] {processor.py:830} INFO - Processing file /home/airflow/.local/lib/python3.9/site-packages/airflow/example_dags/example_local_kubernetes_executor.py for tasks to queue
[2025-12-11T04:27:22.391+0000] {logging_mixin.py:188} INFO - [2025-12-11T04:27:22.390+0000] {dagbag.py:545} INFO - Filling up the DagBag from /home/airflow/.local/lib/python3.9/site-packages/airflow/example_dags/example_local_kubernetes_executor.py
[2025-12-11T04:27:22.407+0000] {processor.py:840} INFO - DAG(s) 'example_local_kubernetes_executor' retrieved from /home/airflow/.local/lib/python3.9/site-packages/airflow/example_dags/example_local_kubernetes_executor.py
[2025-12-11T04:27:22.522+0000] {logging_mixin.py:188} INFO - [2025-12-11T04:27:22.521+0000] {dag.py:3096} INFO - Sync 1 DAGs
[2025-12-11T04:27:22.545+0000] {logging_mixin.py:188} INFO - [2025-12-11T04:27:22.545+0000] {dag.py:3954} INFO - Setting next_dagrun for example_local_kubernetes_executor to None, run_after=None
[2025-12-11T04:27:22.578+0000] {processor.py:183} INFO - Processing /home/airflow/.local/lib/python3.9/site-packages/airflow/example_dags/example_local_kubernetes_executor.py took 0.201 seconds
[2025-12-11T04:27:53.082+0000] {processor.py:161} INFO - Started process (PID=1263) to work on /home/airflow/.local/lib/python3.9/site-packages/airflow/example_dags/example_local_kubernetes_executor.py
[2025-12-11T04:27:53.084+0000] {processor.py:830} INFO - Processing file /home/airflow/.local/lib/python3.9/site-packages/airflow/example_dags/example_local_kubernetes_executor.py for tasks to queue
[2025-12-11T04:27:53.086+0000] {logging_mixin.py:188} INFO - [2025-12-11T04:27:53.086+0000] {dagbag.py:545} INFO - Filling up the DagBag from /home/airflow/.local/lib/python3.9/site-packages/airflow/example_dags/example_local_kubernetes_executor.py
[2025-12-11T04:27:53.101+0000] {processor.py:840} INFO - DAG(s) 'example_local_kubernetes_executor' retrieved from /home/airflow/.local/lib/python3.9/site-packages/airflow/example_dags/example_local_kubernetes_executor.py
[2025-12-11T04:27:53.164+0000] {logging_mixin.py:188} INFO - [2025-12-11T04:27:53.163+0000] {dag.py:3096} INFO - Sync 1 DAGs
[2025-12-11T04:27:53.185+0000] {logging_mixin.py:188} INFO - [2025-12-11T04:27:53.184+0000] {dag.py:3954} INFO - Setting next_dagrun for example_local_kubernetes_executor to None, run_after=None
[2025-12-11T04:27:53.219+0000] {processor.py:183} INFO - Processing /home/airflow/.local/lib/python3.9/site-packages/airflow/example_dags/example_local_kubernetes_executor.py took 0.150 seconds
[2025-12-11T04:28:23.730+0000] {processor.py:161} INFO - Started process (PID=1329) to work on /home/airflow/.local/lib/python3.9/site-packages/airflow/example_dags/example_local_kubernetes_executor.py
[2025-12-11T04:28:23.748+0000] {processor.py:830} INFO - Processing file /home/airflow/.local/lib/python3.9/site-packages/airflow/example_dags/example_local_kubernetes_executor.py for tasks to queue
[2025-12-11T04:28:23.752+0000] {logging_mixin.py:188} INFO - [2025-12-11T04:28:23.751+0000] {dagbag.py:545} INFO - Filling up the DagBag from /home/airflow/.local/lib/python3.9/site-packages/airflow/example_dags/example_local_kubernetes_executor.py
[2025-12-11T04:28:23.769+0000] {processor.py:840} INFO - DAG(s) 'example_local_kubernetes_executor' retrieved from /home/airflow/.local/lib/python3.9/site-packages/airflow/example_dags/example_local_kubernetes_executor.py
[2025-12-11T04:28:23.852+0000] {logging_mixin.py:188} INFO - [2025-12-11T04:28:23.851+0000] {dag.py:3096} INFO - Sync 1 DAGs
[2025-12-11T04:28:23.883+0000] {logging_mixin.py:188} INFO - [2025-12-11T04:28:23.883+0000] {dag.py:3954} INFO - Setting next_dagrun for example_local_kubernetes_executor to None, run_after=None
[2025-12-11T04:28:23.929+0000] {processor.py:183} INFO - Processing /home/airflow/.local/lib/python3.9/site-packages/airflow/example_dags/example_local_kubernetes_executor.py took 0.213 seconds
[2025-12-11T04:28:54.756+0000] {processor.py:161} INFO - Started process (PID=1395) to work on /home/airflow/.local/lib/python3.9/site-packages/airflow/example_dags/example_local_kubernetes_executor.py
[2025-12-11T04:28:54.757+0000] {processor.py:830} INFO - Processing file /home/airflow/.local/lib/python3.9/site-packages/airflow/example_dags/example_local_kubernetes_executor.py for tasks to queue
[2025-12-11T04:28:54.760+0000] {logging_mixin.py:188} INFO - [2025-12-11T04:28:54.759+0000] {dagbag.py:545} INFO - Filling up the DagBag from /home/airflow/.local/lib/python3.9/site-packages/airflow/example_dags/example_local_kubernetes_executor.py
[2025-12-11T04:28:54.772+0000] {processor.py:840} INFO - DAG(s) 'example_local_kubernetes_executor' retrieved from /home/airflow/.local/lib/python3.9/site-packages/airflow/example_dags/example_local_kubernetes_executor.py
[2025-12-11T04:28:54.837+0000] {logging_mixin.py:188} INFO - [2025-12-11T04:28:54.836+0000] {dag.py:3096} INFO - Sync 1 DAGs
[2025-12-11T04:28:54.857+0000] {logging_mixin.py:188} INFO - [2025-12-11T04:28:54.857+0000] {dag.py:3954} INFO - Setting next_dagrun for example_local_kubernetes_executor to None, run_after=None
[2025-12-11T04:28:54.886+0000] {processor.py:183} INFO - Processing /home/airflow/.local/lib/python3.9/site-packages/airflow/example_dags/example_local_kubernetes_executor.py took 0.141 seconds
[2025-12-11T04:29:25.752+0000] {processor.py:161} INFO - Started process (PID=1461) to work on /home/airflow/.local/lib/python3.9/site-packages/airflow/example_dags/example_local_kubernetes_executor.py
[2025-12-11T04:29:25.757+0000] {processor.py:830} INFO - Processing file /home/airflow/.local/lib/python3.9/site-packages/airflow/example_dags/example_local_kubernetes_executor.py for tasks to queue
[2025-12-11T04:29:25.762+0000] {logging_mixin.py:188} INFO - [2025-12-11T04:29:25.761+0000] {dagbag.py:545} INFO - Filling up the DagBag from /home/airflow/.local/lib/python3.9/site-packages/airflow/example_dags/example_local_kubernetes_executor.py
[2025-12-11T04:29:25.783+0000] {processor.py:840} INFO - DAG(s) 'example_local_kubernetes_executor' retrieved from /home/airflow/.local/lib/python3.9/site-packages/airflow/example_dags/example_local_kubernetes_executor.py
[2025-12-11T04:29:25.854+0000] {logging_mixin.py:188} INFO - [2025-12-11T04:29:25.854+0000] {dag.py:3096} INFO - Sync 1 DAGs
[2025-12-11T04:29:25.888+0000] {logging_mixin.py:188} INFO - [2025-12-11T04:29:25.887+0000] {dag.py:3954} INFO - Setting next_dagrun for example_local_kubernetes_executor to None, run_after=None
[2025-12-11T04:29:25.935+0000] {processor.py:183} INFO - Processing /home/airflow/.local/lib/python3.9/site-packages/airflow/example_dags/example_local_kubernetes_executor.py took 0.193 seconds
[2025-12-11T04:29:56.642+0000] {processor.py:161} INFO - Started process (PID=1527) to work on /home/airflow/.local/lib/python3.9/site-packages/airflow/example_dags/example_local_kubernetes_executor.py
[2025-12-11T04:29:56.644+0000] {processor.py:830} INFO - Processing file /home/airflow/.local/lib/python3.9/site-packages/airflow/example_dags/example_local_kubernetes_executor.py for tasks to queue
[2025-12-11T04:29:56.647+0000] {logging_mixin.py:188} INFO - [2025-12-11T04:29:56.646+0000] {dagbag.py:545} INFO - Filling up the DagBag from /home/airflow/.local/lib/python3.9/site-packages/airflow/example_dags/example_local_kubernetes_executor.py
[2025-12-11T04:29:56.662+0000] {processor.py:840} INFO - DAG(s) 'example_local_kubernetes_executor' retrieved from /home/airflow/.local/lib/python3.9/site-packages/airflow/example_dags/example_local_kubernetes_executor.py
[2025-12-11T04:29:56.727+0000] {logging_mixin.py:188} INFO - [2025-12-11T04:29:56.726+0000] {dag.py:3096} INFO - Sync 1 DAGs
[2025-12-11T04:29:56.751+0000] {logging_mixin.py:188} INFO - [2025-12-11T04:29:56.751+0000] {dag.py:3954} INFO - Setting next_dagrun for example_local_kubernetes_executor to None, run_after=None
[2025-12-11T04:29:56.781+0000] {processor.py:183} INFO - Processing /home/airflow/.local/lib/python3.9/site-packages/airflow/example_dags/example_local_kubernetes_executor.py took 0.150 seconds
[2025-12-11T04:30:27.128+0000] {processor.py:161} INFO - Started process (PID=1593) to work on /home/airflow/.local/lib/python3.9/site-packages/airflow/example_dags/example_local_kubernetes_executor.py
[2025-12-11T04:30:27.136+0000] {processor.py:830} INFO - Processing file /home/airflow/.local/lib/python3.9/site-packages/airflow/example_dags/example_local_kubernetes_executor.py for tasks to queue
[2025-12-11T04:30:27.139+0000] {logging_mixin.py:188} INFO - [2025-12-11T04:30:27.138+0000] {dagbag.py:545} INFO - Filling up the DagBag from /home/airflow/.local/lib/python3.9/site-packages/airflow/example_dags/example_local_kubernetes_executor.py
[2025-12-11T04:30:27.153+0000] {processor.py:840} INFO - DAG(s) 'example_local_kubernetes_executor' retrieved from /home/airflow/.local/lib/python3.9/site-packages/airflow/example_dags/example_local_kubernetes_executor.py
[2025-12-11T04:30:27.216+0000] {logging_mixin.py:188} INFO - [2025-12-11T04:30:27.216+0000] {dag.py:3096} INFO - Sync 1 DAGs
[2025-12-11T04:30:27.237+0000] {logging_mixin.py:188} INFO - [2025-12-11T04:30:27.236+0000] {dag.py:3954} INFO - Setting next_dagrun for example_local_kubernetes_executor to None, run_after=None
[2025-12-11T04:30:27.355+0000] {processor.py:183} INFO - Processing /home/airflow/.local/lib/python3.9/site-packages/airflow/example_dags/example_local_kubernetes_executor.py took 0.238 seconds
[2025-12-11T04:30:57.532+0000] {processor.py:161} INFO - Started process (PID=1658) to work on /home/airflow/.local/lib/python3.9/site-packages/airflow/example_dags/example_local_kubernetes_executor.py
[2025-12-11T04:30:57.534+0000] {processor.py:830} INFO - Processing file /home/airflow/.local/lib/python3.9/site-packages/airflow/example_dags/example_local_kubernetes_executor.py for tasks to queue
[2025-12-11T04:30:57.537+0000] {logging_mixin.py:188} INFO - [2025-12-11T04:30:57.536+0000] {dagbag.py:545} INFO - Filling up the DagBag from /home/airflow/.local/lib/python3.9/site-packages/airflow/example_dags/example_local_kubernetes_executor.py
[2025-12-11T04:30:57.550+0000] {processor.py:840} INFO - DAG(s) 'example_local_kubernetes_executor' retrieved from /home/airflow/.local/lib/python3.9/site-packages/airflow/example_dags/example_local_kubernetes_executor.py
[2025-12-11T04:30:57.612+0000] {logging_mixin.py:188} INFO - [2025-12-11T04:30:57.612+0000] {dag.py:3096} INFO - Sync 1 DAGs
[2025-12-11T04:30:57.632+0000] {logging_mixin.py:188} INFO - [2025-12-11T04:30:57.632+0000] {dag.py:3954} INFO - Setting next_dagrun for example_local_kubernetes_executor to None, run_after=None
[2025-12-11T04:30:57.658+0000] {processor.py:183} INFO - Processing /home/airflow/.local/lib/python3.9/site-packages/airflow/example_dags/example_local_kubernetes_executor.py took 0.138 seconds
[2025-12-11T04:31:28.232+0000] {processor.py:161} INFO - Started process (PID=1724) to work on /home/airflow/.local/lib/python3.9/site-packages/airflow/example_dags/example_local_kubernetes_executor.py
[2025-12-11T04:31:28.234+0000] {processor.py:830} INFO - Processing file /home/airflow/.local/lib/python3.9/site-packages/airflow/example_dags/example_local_kubernetes_executor.py for tasks to queue
[2025-12-11T04:31:28.236+0000] {logging_mixin.py:188} INFO - [2025-12-11T04:31:28.236+0000] {dagbag.py:545} INFO - Filling up the DagBag from /home/airflow/.local/lib/python3.9/site-packages/airflow/example_dags/example_local_kubernetes_executor.py
[2025-12-11T04:31:28.249+0000] {processor.py:840} INFO - DAG(s) 'example_local_kubernetes_executor' retrieved from /home/airflow/.local/lib/python3.9/site-packages/airflow/example_dags/example_local_kubernetes_executor.py
[2025-12-11T04:31:28.308+0000] {logging_mixin.py:188} INFO - [2025-12-11T04:31:28.307+0000] {dag.py:3096} INFO - Sync 1 DAGs
[2025-12-11T04:31:28.326+0000] {logging_mixin.py:188} INFO - [2025-12-11T04:31:28.326+0000] {dag.py:3954} INFO - Setting next_dagrun for example_local_kubernetes_executor to None, run_after=None
[2025-12-11T04:31:28.358+0000] {processor.py:183} INFO - Processing /home/airflow/.local/lib/python3.9/site-packages/airflow/example_dags/example_local_kubernetes_executor.py took 0.136 seconds
[2025-12-11T04:31:58.820+0000] {processor.py:161} INFO - Started process (PID=1790) to work on /home/airflow/.local/lib/python3.9/site-packages/airflow/example_dags/example_local_kubernetes_executor.py
[2025-12-11T04:31:58.907+0000] {processor.py:830} INFO - Processing file /home/airflow/.local/lib/python3.9/site-packages/airflow/example_dags/example_local_kubernetes_executor.py for tasks to queue
[2025-12-11T04:31:58.942+0000] {logging_mixin.py:188} INFO - [2025-12-11T04:31:58.942+0000] {dagbag.py:545} INFO - Filling up the DagBag from /home/airflow/.local/lib/python3.9/site-packages/airflow/example_dags/example_local_kubernetes_executor.py
[2025-12-11T04:31:58.957+0000] {processor.py:840} INFO - DAG(s) 'example_local_kubernetes_executor' retrieved from /home/airflow/.local/lib/python3.9/site-packages/airflow/example_dags/example_local_kubernetes_executor.py
[2025-12-11T04:31:59.059+0000] {logging_mixin.py:188} INFO - [2025-12-11T04:31:59.058+0000] {dag.py:3096} INFO - Sync 1 DAGs
[2025-12-11T04:31:59.084+0000] {logging_mixin.py:188} INFO - [2025-12-11T04:31:59.083+0000] {dag.py:3954} INFO - Setting next_dagrun for example_local_kubernetes_executor to None, run_after=None
[2025-12-11T04:31:59.549+0000] {processor.py:183} INFO - Processing /home/airflow/.local/lib/python3.9/site-packages/airflow/example_dags/example_local_kubernetes_executor.py took 0.744 seconds
[2025-12-11T04:32:30.122+0000] {processor.py:161} INFO - Started process (PID=1856) to work on /home/airflow/.local/lib/python3.9/site-packages/airflow/example_dags/example_local_kubernetes_executor.py
[2025-12-11T04:32:30.123+0000] {processor.py:830} INFO - Processing file /home/airflow/.local/lib/python3.9/site-packages/airflow/example_dags/example_local_kubernetes_executor.py for tasks to queue
[2025-12-11T04:32:30.126+0000] {logging_mixin.py:188} INFO - [2025-12-11T04:32:30.125+0000] {dagbag.py:545} INFO - Filling up the DagBag from /home/airflow/.local/lib/python3.9/site-packages/airflow/example_dags/example_local_kubernetes_executor.py
[2025-12-11T04:32:30.138+0000] {processor.py:840} INFO - DAG(s) 'example_local_kubernetes_executor' retrieved from /home/airflow/.local/lib/python3.9/site-packages/airflow/example_dags/example_local_kubernetes_executor.py
[2025-12-11T04:32:30.200+0000] {logging_mixin.py:188} INFO - [2025-12-11T04:32:30.199+0000] {dag.py:3096} INFO - Sync 1 DAGs
[2025-12-11T04:32:30.225+0000] {logging_mixin.py:188} INFO - [2025-12-11T04:32:30.225+0000] {dag.py:3954} INFO - Setting next_dagrun for example_local_kubernetes_executor to None, run_after=None
[2025-12-11T04:32:30.257+0000] {processor.py:183} INFO - Processing /home/airflow/.local/lib/python3.9/site-packages/airflow/example_dags/example_local_kubernetes_executor.py took 0.145 seconds
[2025-12-11T04:33:00.768+0000] {processor.py:161} INFO - Started process (PID=1922) to work on /home/airflow/.local/lib/python3.9/site-packages/airflow/example_dags/example_local_kubernetes_executor.py
[2025-12-11T04:33:00.779+0000] {processor.py:830} INFO - Processing file /home/airflow/.local/lib/python3.9/site-packages/airflow/example_dags/example_local_kubernetes_executor.py for tasks to queue
[2025-12-11T04:33:00.783+0000] {logging_mixin.py:188} INFO - [2025-12-11T04:33:00.783+0000] {dagbag.py:545} INFO - Filling up the DagBag from /home/airflow/.local/lib/python3.9/site-packages/airflow/example_dags/example_local_kubernetes_executor.py
[2025-12-11T04:33:00.804+0000] {processor.py:840} INFO - DAG(s) 'example_local_kubernetes_executor' retrieved from /home/airflow/.local/lib/python3.9/site-packages/airflow/example_dags/example_local_kubernetes_executor.py
[2025-12-11T04:33:00.942+0000] {logging_mixin.py:188} INFO - [2025-12-11T04:33:00.941+0000] {dag.py:3096} INFO - Sync 1 DAGs
[2025-12-11T04:33:00.967+0000] {logging_mixin.py:188} INFO - [2025-12-11T04:33:00.967+0000] {dag.py:3954} INFO - Setting next_dagrun for example_local_kubernetes_executor to None, run_after=None
[2025-12-11T04:33:01.145+0000] {processor.py:183} INFO - Processing /home/airflow/.local/lib/python3.9/site-packages/airflow/example_dags/example_local_kubernetes_executor.py took 0.392 seconds
[2025-12-11T04:33:31.462+0000] {processor.py:161} INFO - Started process (PID=1989) to work on /home/airflow/.local/lib/python3.9/site-packages/airflow/example_dags/example_local_kubernetes_executor.py
[2025-12-11T04:33:31.481+0000] {processor.py:830} INFO - Processing file /home/airflow/.local/lib/python3.9/site-packages/airflow/example_dags/example_local_kubernetes_executor.py for tasks to queue
[2025-12-11T04:33:31.486+0000] {logging_mixin.py:188} INFO - [2025-12-11T04:33:31.486+0000] {dagbag.py:545} INFO - Filling up the DagBag from /home/airflow/.local/lib/python3.9/site-packages/airflow/example_dags/example_local_kubernetes_executor.py
[2025-12-11T04:33:31.504+0000] {processor.py:840} INFO - DAG(s) 'example_local_kubernetes_executor' retrieved from /home/airflow/.local/lib/python3.9/site-packages/airflow/example_dags/example_local_kubernetes_executor.py
[2025-12-11T04:33:31.599+0000] {logging_mixin.py:188} INFO - [2025-12-11T04:33:31.598+0000] {dag.py:3096} INFO - Sync 1 DAGs
[2025-12-11T04:33:31.632+0000] {logging_mixin.py:188} INFO - [2025-12-11T04:33:31.631+0000] {dag.py:3954} INFO - Setting next_dagrun for example_local_kubernetes_executor to None, run_after=None
[2025-12-11T04:33:31.704+0000] {processor.py:183} INFO - Processing /home/airflow/.local/lib/python3.9/site-packages/airflow/example_dags/example_local_kubernetes_executor.py took 0.261 seconds
[2025-12-11T04:34:02.138+0000] {processor.py:161} INFO - Started process (PID=2057) to work on /home/airflow/.local/lib/python3.9/site-packages/airflow/example_dags/example_local_kubernetes_executor.py
[2025-12-11T04:34:02.140+0000] {processor.py:830} INFO - Processing file /home/airflow/.local/lib/python3.9/site-packages/airflow/example_dags/example_local_kubernetes_executor.py for tasks to queue
[2025-12-11T04:34:02.143+0000] {logging_mixin.py:188} INFO - [2025-12-11T04:34:02.143+0000] {dagbag.py:545} INFO - Filling up the DagBag from /home/airflow/.local/lib/python3.9/site-packages/airflow/example_dags/example_local_kubernetes_executor.py
[2025-12-11T04:34:02.160+0000] {processor.py:840} INFO - DAG(s) 'example_local_kubernetes_executor' retrieved from /home/airflow/.local/lib/python3.9/site-packages/airflow/example_dags/example_local_kubernetes_executor.py
[2025-12-11T04:34:02.237+0000] {logging_mixin.py:188} INFO - [2025-12-11T04:34:02.230+0000] {dag.py:3096} INFO - Sync 1 DAGs
[2025-12-11T04:34:02.280+0000] {logging_mixin.py:188} INFO - [2025-12-11T04:34:02.279+0000] {dag.py:3954} INFO - Setting next_dagrun for example_local_kubernetes_executor to None, run_after=None
[2025-12-11T04:34:02.347+0000] {processor.py:183} INFO - Processing /home/airflow/.local/lib/python3.9/site-packages/airflow/example_dags/example_local_kubernetes_executor.py took 0.221 seconds
[2025-12-11T04:34:32.530+0000] {processor.py:161} INFO - Started process (PID=2124) to work on /home/airflow/.local/lib/python3.9/site-packages/airflow/example_dags/example_local_kubernetes_executor.py
[2025-12-11T04:34:32.536+0000] {processor.py:830} INFO - Processing file /home/airflow/.local/lib/python3.9/site-packages/airflow/example_dags/example_local_kubernetes_executor.py for tasks to queue
[2025-12-11T04:34:32.538+0000] {logging_mixin.py:188} INFO - [2025-12-11T04:34:32.538+0000] {dagbag.py:545} INFO - Filling up the DagBag from /home/airflow/.local/lib/python3.9/site-packages/airflow/example_dags/example_local_kubernetes_executor.py
[2025-12-11T04:34:32.551+0000] {processor.py:840} INFO - DAG(s) 'example_local_kubernetes_executor' retrieved from /home/airflow/.local/lib/python3.9/site-packages/airflow/example_dags/example_local_kubernetes_executor.py
[2025-12-11T04:34:32.617+0000] {logging_mixin.py:188} INFO - [2025-12-11T04:34:32.617+0000] {dag.py:3096} INFO - Sync 1 DAGs
[2025-12-11T04:34:32.638+0000] {logging_mixin.py:188} INFO - [2025-12-11T04:34:32.637+0000] {dag.py:3954} INFO - Setting next_dagrun for example_local_kubernetes_executor to None, run_after=None
[2025-12-11T04:34:32.668+0000] {processor.py:183} INFO - Processing /home/airflow/.local/lib/python3.9/site-packages/airflow/example_dags/example_local_kubernetes_executor.py took 0.148 seconds
[2025-12-11T04:35:02.826+0000] {processor.py:161} INFO - Started process (PID=2191) to work on /home/airflow/.local/lib/python3.9/site-packages/airflow/example_dags/example_local_kubernetes_executor.py
[2025-12-11T04:35:02.828+0000] {processor.py:830} INFO - Processing file /home/airflow/.local/lib/python3.9/site-packages/airflow/example_dags/example_local_kubernetes_executor.py for tasks to queue
[2025-12-11T04:35:02.831+0000] {logging_mixin.py:188} INFO - [2025-12-11T04:35:02.830+0000] {dagbag.py:545} INFO - Filling up the DagBag from /home/airflow/.local/lib/python3.9/site-packages/airflow/example_dags/example_local_kubernetes_executor.py
[2025-12-11T04:35:02.845+0000] {processor.py:840} INFO - DAG(s) 'example_local_kubernetes_executor' retrieved from /home/airflow/.local/lib/python3.9/site-packages/airflow/example_dags/example_local_kubernetes_executor.py
[2025-12-11T04:35:02.904+0000] {logging_mixin.py:188} INFO - [2025-12-11T04:35:02.904+0000] {dag.py:3096} INFO - Sync 1 DAGs
[2025-12-11T04:35:02.926+0000] {logging_mixin.py:188} INFO - [2025-12-11T04:35:02.925+0000] {dag.py:3954} INFO - Setting next_dagrun for example_local_kubernetes_executor to None, run_after=None
[2025-12-11T04:35:02.952+0000] {processor.py:183} INFO - Processing /home/airflow/.local/lib/python3.9/site-packages/airflow/example_dags/example_local_kubernetes_executor.py took 0.137 seconds
[2025-12-11T04:35:33.726+0000] {processor.py:161} INFO - Started process (PID=2266) to work on /home/airflow/.local/lib/python3.9/site-packages/airflow/example_dags/example_local_kubernetes_executor.py
[2025-12-11T04:35:33.728+0000] {processor.py:830} INFO - Processing file /home/airflow/.local/lib/python3.9/site-packages/airflow/example_dags/example_local_kubernetes_executor.py for tasks to queue
[2025-12-11T04:35:33.731+0000] {logging_mixin.py:188} INFO - [2025-12-11T04:35:33.730+0000] {dagbag.py:545} INFO - Filling up the DagBag from /home/airflow/.local/lib/python3.9/site-packages/airflow/example_dags/example_local_kubernetes_executor.py
[2025-12-11T04:35:33.760+0000] {processor.py:840} INFO - DAG(s) 'example_local_kubernetes_executor' retrieved from /home/airflow/.local/lib/python3.9/site-packages/airflow/example_dags/example_local_kubernetes_executor.py
[2025-12-11T04:35:33.868+0000] {logging_mixin.py:188} INFO - [2025-12-11T04:35:33.867+0000] {dag.py:3096} INFO - Sync 1 DAGs
[2025-12-11T04:35:33.920+0000] {logging_mixin.py:188} INFO - [2025-12-11T04:35:33.920+0000] {dag.py:3954} INFO - Setting next_dagrun for example_local_kubernetes_executor to None, run_after=None
[2025-12-11T04:35:33.987+0000] {processor.py:183} INFO - Processing /home/airflow/.local/lib/python3.9/site-packages/airflow/example_dags/example_local_kubernetes_executor.py took 0.274 seconds
[2025-12-11T04:36:04.166+0000] {processor.py:161} INFO - Started process (PID=2333) to work on /home/airflow/.local/lib/python3.9/site-packages/airflow/example_dags/example_local_kubernetes_executor.py
[2025-12-11T04:36:04.177+0000] {processor.py:830} INFO - Processing file /home/airflow/.local/lib/python3.9/site-packages/airflow/example_dags/example_local_kubernetes_executor.py for tasks to queue
[2025-12-11T04:36:04.181+0000] {logging_mixin.py:188} INFO - [2025-12-11T04:36:04.180+0000] {dagbag.py:545} INFO - Filling up the DagBag from /home/airflow/.local/lib/python3.9/site-packages/airflow/example_dags/example_local_kubernetes_executor.py
[2025-12-11T04:36:04.208+0000] {processor.py:840} INFO - DAG(s) 'example_local_kubernetes_executor' retrieved from /home/airflow/.local/lib/python3.9/site-packages/airflow/example_dags/example_local_kubernetes_executor.py
[2025-12-11T04:36:04.363+0000] {logging_mixin.py:188} INFO - [2025-12-11T04:36:04.362+0000] {dag.py:3096} INFO - Sync 1 DAGs
[2025-12-11T04:36:04.417+0000] {logging_mixin.py:188} INFO - [2025-12-11T04:36:04.408+0000] {dag.py:3954} INFO - Setting next_dagrun for example_local_kubernetes_executor to None, run_after=None
[2025-12-11T04:36:04.463+0000] {processor.py:183} INFO - Processing /home/airflow/.local/lib/python3.9/site-packages/airflow/example_dags/example_local_kubernetes_executor.py took 0.312 seconds
[2025-12-11T04:36:34.863+0000] {processor.py:161} INFO - Started process (PID=2400) to work on /home/airflow/.local/lib/python3.9/site-packages/airflow/example_dags/example_local_kubernetes_executor.py
[2025-12-11T04:36:34.865+0000] {processor.py:830} INFO - Processing file /home/airflow/.local/lib/python3.9/site-packages/airflow/example_dags/example_local_kubernetes_executor.py for tasks to queue
[2025-12-11T04:36:34.868+0000] {logging_mixin.py:188} INFO - [2025-12-11T04:36:34.867+0000] {dagbag.py:545} INFO - Filling up the DagBag from /home/airflow/.local/lib/python3.9/site-packages/airflow/example_dags/example_local_kubernetes_executor.py
[2025-12-11T04:36:34.886+0000] {processor.py:840} INFO - DAG(s) 'example_local_kubernetes_executor' retrieved from /home/airflow/.local/lib/python3.9/site-packages/airflow/example_dags/example_local_kubernetes_executor.py
[2025-12-11T04:36:35.043+0000] {logging_mixin.py:188} INFO - [2025-12-11T04:36:35.042+0000] {dag.py:3096} INFO - Sync 1 DAGs
[2025-12-11T04:36:35.137+0000] {logging_mixin.py:188} INFO - [2025-12-11T04:36:35.128+0000] {dag.py:3954} INFO - Setting next_dagrun for example_local_kubernetes_executor to None, run_after=None
[2025-12-11T04:36:35.186+0000] {processor.py:183} INFO - Processing /home/airflow/.local/lib/python3.9/site-packages/airflow/example_dags/example_local_kubernetes_executor.py took 0.339 seconds
[2025-12-11T04:37:05.781+0000] {processor.py:161} INFO - Started process (PID=2460) to work on /home/airflow/.local/lib/python3.9/site-packages/airflow/example_dags/example_local_kubernetes_executor.py
[2025-12-11T04:37:05.783+0000] {processor.py:830} INFO - Processing file /home/airflow/.local/lib/python3.9/site-packages/airflow/example_dags/example_local_kubernetes_executor.py for tasks to queue
[2025-12-11T04:37:05.786+0000] {logging_mixin.py:188} INFO - [2025-12-11T04:37:05.786+0000] {dagbag.py:545} INFO - Filling up the DagBag from /home/airflow/.local/lib/python3.9/site-packages/airflow/example_dags/example_local_kubernetes_executor.py
[2025-12-11T04:37:05.802+0000] {processor.py:840} INFO - DAG(s) 'example_local_kubernetes_executor' retrieved from /home/airflow/.local/lib/python3.9/site-packages/airflow/example_dags/example_local_kubernetes_executor.py
[2025-12-11T04:37:05.903+0000] {logging_mixin.py:188} INFO - [2025-12-11T04:37:05.902+0000] {dag.py:3096} INFO - Sync 1 DAGs
[2025-12-11T04:37:05.968+0000] {logging_mixin.py:188} INFO - [2025-12-11T04:37:05.968+0000] {dag.py:3954} INFO - Setting next_dagrun for example_local_kubernetes_executor to None, run_after=None
[2025-12-11T04:37:06.053+0000] {processor.py:183} INFO - Processing /home/airflow/.local/lib/python3.9/site-packages/airflow/example_dags/example_local_kubernetes_executor.py took 0.285 seconds
[2025-12-11T04:37:36.631+0000] {processor.py:161} INFO - Started process (PID=2525) to work on /home/airflow/.local/lib/python3.9/site-packages/airflow/example_dags/example_local_kubernetes_executor.py
[2025-12-11T04:37:36.639+0000] {processor.py:830} INFO - Processing file /home/airflow/.local/lib/python3.9/site-packages/airflow/example_dags/example_local_kubernetes_executor.py for tasks to queue
[2025-12-11T04:37:36.642+0000] {logging_mixin.py:188} INFO - [2025-12-11T04:37:36.642+0000] {dagbag.py:545} INFO - Filling up the DagBag from /home/airflow/.local/lib/python3.9/site-packages/airflow/example_dags/example_local_kubernetes_executor.py
[2025-12-11T04:37:36.658+0000] {processor.py:840} INFO - DAG(s) 'example_local_kubernetes_executor' retrieved from /home/airflow/.local/lib/python3.9/site-packages/airflow/example_dags/example_local_kubernetes_executor.py
[2025-12-11T04:37:36.721+0000] {logging_mixin.py:188} INFO - [2025-12-11T04:37:36.721+0000] {dag.py:3096} INFO - Sync 1 DAGs
[2025-12-11T04:37:36.744+0000] {logging_mixin.py:188} INFO - [2025-12-11T04:37:36.744+0000] {dag.py:3954} INFO - Setting next_dagrun for example_local_kubernetes_executor to None, run_after=None
[2025-12-11T04:37:36.775+0000] {processor.py:183} INFO - Processing /home/airflow/.local/lib/python3.9/site-packages/airflow/example_dags/example_local_kubernetes_executor.py took 0.154 seconds
[2025-12-11T04:38:06.920+0000] {processor.py:161} INFO - Started process (PID=2592) to work on /home/airflow/.local/lib/python3.9/site-packages/airflow/example_dags/example_local_kubernetes_executor.py
[2025-12-11T04:38:07.002+0000] {processor.py:830} INFO - Processing file /home/airflow/.local/lib/python3.9/site-packages/airflow/example_dags/example_local_kubernetes_executor.py for tasks to queue
[2025-12-11T04:38:07.005+0000] {logging_mixin.py:188} INFO - [2025-12-11T04:38:07.005+0000] {dagbag.py:545} INFO - Filling up the DagBag from /home/airflow/.local/lib/python3.9/site-packages/airflow/example_dags/example_local_kubernetes_executor.py
[2025-12-11T04:38:07.021+0000] {processor.py:840} INFO - DAG(s) 'example_local_kubernetes_executor' retrieved from /home/airflow/.local/lib/python3.9/site-packages/airflow/example_dags/example_local_kubernetes_executor.py
[2025-12-11T04:38:07.093+0000] {logging_mixin.py:188} INFO - [2025-12-11T04:38:07.093+0000] {dag.py:3096} INFO - Sync 1 DAGs
[2025-12-11T04:38:07.120+0000] {logging_mixin.py:188} INFO - [2025-12-11T04:38:07.120+0000] {dag.py:3954} INFO - Setting next_dagrun for example_local_kubernetes_executor to None, run_after=None
[2025-12-11T04:38:07.154+0000] {processor.py:183} INFO - Processing /home/airflow/.local/lib/python3.9/site-packages/airflow/example_dags/example_local_kubernetes_executor.py took 0.246 seconds
[2025-12-11T04:38:37.318+0000] {processor.py:161} INFO - Started process (PID=2658) to work on /home/airflow/.local/lib/python3.9/site-packages/airflow/example_dags/example_local_kubernetes_executor.py
[2025-12-11T04:38:37.326+0000] {processor.py:830} INFO - Processing file /home/airflow/.local/lib/python3.9/site-packages/airflow/example_dags/example_local_kubernetes_executor.py for tasks to queue
[2025-12-11T04:38:37.329+0000] {logging_mixin.py:188} INFO - [2025-12-11T04:38:37.328+0000] {dagbag.py:545} INFO - Filling up the DagBag from /home/airflow/.local/lib/python3.9/site-packages/airflow/example_dags/example_local_kubernetes_executor.py
[2025-12-11T04:38:37.342+0000] {processor.py:840} INFO - DAG(s) 'example_local_kubernetes_executor' retrieved from /home/airflow/.local/lib/python3.9/site-packages/airflow/example_dags/example_local_kubernetes_executor.py
[2025-12-11T04:38:37.400+0000] {logging_mixin.py:188} INFO - [2025-12-11T04:38:37.400+0000] {dag.py:3096} INFO - Sync 1 DAGs
[2025-12-11T04:38:37.421+0000] {logging_mixin.py:188} INFO - [2025-12-11T04:38:37.420+0000] {dag.py:3954} INFO - Setting next_dagrun for example_local_kubernetes_executor to None, run_after=None
[2025-12-11T04:38:37.790+0000] {processor.py:183} INFO - Processing /home/airflow/.local/lib/python3.9/site-packages/airflow/example_dags/example_local_kubernetes_executor.py took 0.483 seconds
[2025-12-11T04:39:08.169+0000] {processor.py:161} INFO - Started process (PID=2725) to work on /home/airflow/.local/lib/python3.9/site-packages/airflow/example_dags/example_local_kubernetes_executor.py
[2025-12-11T04:39:08.170+0000] {processor.py:830} INFO - Processing file /home/airflow/.local/lib/python3.9/site-packages/airflow/example_dags/example_local_kubernetes_executor.py for tasks to queue
[2025-12-11T04:39:08.173+0000] {logging_mixin.py:188} INFO - [2025-12-11T04:39:08.172+0000] {dagbag.py:545} INFO - Filling up the DagBag from /home/airflow/.local/lib/python3.9/site-packages/airflow/example_dags/example_local_kubernetes_executor.py
[2025-12-11T04:39:08.184+0000] {processor.py:840} INFO - DAG(s) 'example_local_kubernetes_executor' retrieved from /home/airflow/.local/lib/python3.9/site-packages/airflow/example_dags/example_local_kubernetes_executor.py
[2025-12-11T04:39:08.242+0000] {logging_mixin.py:188} INFO - [2025-12-11T04:39:08.241+0000] {dag.py:3096} INFO - Sync 1 DAGs
[2025-12-11T04:39:08.264+0000] {logging_mixin.py:188} INFO - [2025-12-11T04:39:08.263+0000] {dag.py:3954} INFO - Setting next_dagrun for example_local_kubernetes_executor to None, run_after=None
[2025-12-11T04:39:08.288+0000] {processor.py:183} INFO - Processing /home/airflow/.local/lib/python3.9/site-packages/airflow/example_dags/example_local_kubernetes_executor.py took 0.128 seconds
[2025-12-11T04:39:38.434+0000] {processor.py:161} INFO - Started process (PID=2791) to work on /home/airflow/.local/lib/python3.9/site-packages/airflow/example_dags/example_local_kubernetes_executor.py
[2025-12-11T04:39:38.473+0000] {processor.py:830} INFO - Processing file /home/airflow/.local/lib/python3.9/site-packages/airflow/example_dags/example_local_kubernetes_executor.py for tasks to queue
[2025-12-11T04:39:38.477+0000] {logging_mixin.py:188} INFO - [2025-12-11T04:39:38.476+0000] {dagbag.py:545} INFO - Filling up the DagBag from /home/airflow/.local/lib/python3.9/site-packages/airflow/example_dags/example_local_kubernetes_executor.py
[2025-12-11T04:39:38.492+0000] {processor.py:840} INFO - DAG(s) 'example_local_kubernetes_executor' retrieved from /home/airflow/.local/lib/python3.9/site-packages/airflow/example_dags/example_local_kubernetes_executor.py
[2025-12-11T04:39:38.552+0000] {logging_mixin.py:188} INFO - [2025-12-11T04:39:38.552+0000] {dag.py:3096} INFO - Sync 1 DAGs
[2025-12-11T04:39:38.578+0000] {logging_mixin.py:188} INFO - [2025-12-11T04:39:38.577+0000] {dag.py:3954} INFO - Setting next_dagrun for example_local_kubernetes_executor to None, run_after=None
[2025-12-11T04:39:38.911+0000] {processor.py:183} INFO - Processing /home/airflow/.local/lib/python3.9/site-packages/airflow/example_dags/example_local_kubernetes_executor.py took 0.487 seconds
[2025-12-11T04:40:09.177+0000] {processor.py:161} INFO - Started process (PID=2858) to work on /home/airflow/.local/lib/python3.9/site-packages/airflow/example_dags/example_local_kubernetes_executor.py
[2025-12-11T04:40:09.203+0000] {processor.py:830} INFO - Processing file /home/airflow/.local/lib/python3.9/site-packages/airflow/example_dags/example_local_kubernetes_executor.py for tasks to queue
[2025-12-11T04:40:09.207+0000] {logging_mixin.py:188} INFO - [2025-12-11T04:40:09.206+0000] {dagbag.py:545} INFO - Filling up the DagBag from /home/airflow/.local/lib/python3.9/site-packages/airflow/example_dags/example_local_kubernetes_executor.py
[2025-12-11T04:40:09.220+0000] {processor.py:840} INFO - DAG(s) 'example_local_kubernetes_executor' retrieved from /home/airflow/.local/lib/python3.9/site-packages/airflow/example_dags/example_local_kubernetes_executor.py
[2025-12-11T04:40:09.280+0000] {logging_mixin.py:188} INFO - [2025-12-11T04:40:09.280+0000] {dag.py:3096} INFO - Sync 1 DAGs
[2025-12-11T04:40:09.306+0000] {logging_mixin.py:188} INFO - [2025-12-11T04:40:09.306+0000] {dag.py:3954} INFO - Setting next_dagrun for example_local_kubernetes_executor to None, run_after=None
[2025-12-11T04:40:09.587+0000] {processor.py:183} INFO - Processing /home/airflow/.local/lib/python3.9/site-packages/airflow/example_dags/example_local_kubernetes_executor.py took 0.423 seconds
[2025-12-11T04:40:40.041+0000] {processor.py:161} INFO - Started process (PID=2925) to work on /home/airflow/.local/lib/python3.9/site-packages/airflow/example_dags/example_local_kubernetes_executor.py
[2025-12-11T04:40:40.043+0000] {processor.py:830} INFO - Processing file /home/airflow/.local/lib/python3.9/site-packages/airflow/example_dags/example_local_kubernetes_executor.py for tasks to queue
[2025-12-11T04:40:40.045+0000] {logging_mixin.py:188} INFO - [2025-12-11T04:40:40.045+0000] {dagbag.py:545} INFO - Filling up the DagBag from /home/airflow/.local/lib/python3.9/site-packages/airflow/example_dags/example_local_kubernetes_executor.py
[2025-12-11T04:40:40.058+0000] {processor.py:840} INFO - DAG(s) 'example_local_kubernetes_executor' retrieved from /home/airflow/.local/lib/python3.9/site-packages/airflow/example_dags/example_local_kubernetes_executor.py
[2025-12-11T04:40:40.120+0000] {logging_mixin.py:188} INFO - [2025-12-11T04:40:40.119+0000] {dag.py:3096} INFO - Sync 1 DAGs
[2025-12-11T04:40:40.145+0000] {logging_mixin.py:188} INFO - [2025-12-11T04:40:40.145+0000] {dag.py:3954} INFO - Setting next_dagrun for example_local_kubernetes_executor to None, run_after=None
[2025-12-11T04:40:40.442+0000] {processor.py:183} INFO - Processing /home/airflow/.local/lib/python3.9/site-packages/airflow/example_dags/example_local_kubernetes_executor.py took 0.412 seconds
[2025-12-11T04:41:11.092+0000] {processor.py:161} INFO - Started process (PID=2992) to work on /home/airflow/.local/lib/python3.9/site-packages/airflow/example_dags/example_local_kubernetes_executor.py
[2025-12-11T04:41:11.106+0000] {processor.py:830} INFO - Processing file /home/airflow/.local/lib/python3.9/site-packages/airflow/example_dags/example_local_kubernetes_executor.py for tasks to queue
[2025-12-11T04:41:11.110+0000] {logging_mixin.py:188} INFO - [2025-12-11T04:41:11.109+0000] {dagbag.py:545} INFO - Filling up the DagBag from /home/airflow/.local/lib/python3.9/site-packages/airflow/example_dags/example_local_kubernetes_executor.py
[2025-12-11T04:41:11.130+0000] {processor.py:840} INFO - DAG(s) 'example_local_kubernetes_executor' retrieved from /home/airflow/.local/lib/python3.9/site-packages/airflow/example_dags/example_local_kubernetes_executor.py
[2025-12-11T04:41:11.210+0000] {logging_mixin.py:188} INFO - [2025-12-11T04:41:11.209+0000] {dag.py:3096} INFO - Sync 1 DAGs
[2025-12-11T04:41:11.236+0000] {logging_mixin.py:188} INFO - [2025-12-11T04:41:11.235+0000] {dag.py:3954} INFO - Setting next_dagrun for example_local_kubernetes_executor to None, run_after=None
[2025-12-11T04:41:11.271+0000] {processor.py:183} INFO - Processing /home/airflow/.local/lib/python3.9/site-packages/airflow/example_dags/example_local_kubernetes_executor.py took 0.190 seconds
[2025-12-11T04:41:41.359+0000] {processor.py:161} INFO - Started process (PID=3059) to work on /home/airflow/.local/lib/python3.9/site-packages/airflow/example_dags/example_local_kubernetes_executor.py
[2025-12-11T04:41:41.368+0000] {processor.py:830} INFO - Processing file /home/airflow/.local/lib/python3.9/site-packages/airflow/example_dags/example_local_kubernetes_executor.py for tasks to queue
[2025-12-11T04:41:41.381+0000] {logging_mixin.py:188} INFO - [2025-12-11T04:41:41.380+0000] {dagbag.py:545} INFO - Filling up the DagBag from /home/airflow/.local/lib/python3.9/site-packages/airflow/example_dags/example_local_kubernetes_executor.py
[2025-12-11T04:41:41.400+0000] {processor.py:840} INFO - DAG(s) 'example_local_kubernetes_executor' retrieved from /home/airflow/.local/lib/python3.9/site-packages/airflow/example_dags/example_local_kubernetes_executor.py
[2025-12-11T04:41:41.468+0000] {logging_mixin.py:188} INFO - [2025-12-11T04:41:41.467+0000] {dag.py:3096} INFO - Sync 1 DAGs
[2025-12-11T04:41:41.493+0000] {logging_mixin.py:188} INFO - [2025-12-11T04:41:41.492+0000] {dag.py:3954} INFO - Setting next_dagrun for example_local_kubernetes_executor to None, run_after=None
[2025-12-11T04:41:41.539+0000] {processor.py:183} INFO - Processing /home/airflow/.local/lib/python3.9/site-packages/airflow/example_dags/example_local_kubernetes_executor.py took 0.200 seconds
[2025-12-11T04:42:12.351+0000] {processor.py:161} INFO - Started process (PID=3127) to work on /home/airflow/.local/lib/python3.9/site-packages/airflow/example_dags/example_local_kubernetes_executor.py
[2025-12-11T04:42:12.354+0000] {processor.py:830} INFO - Processing file /home/airflow/.local/lib/python3.9/site-packages/airflow/example_dags/example_local_kubernetes_executor.py for tasks to queue
[2025-12-11T04:42:12.356+0000] {logging_mixin.py:188} INFO - [2025-12-11T04:42:12.356+0000] {dagbag.py:545} INFO - Filling up the DagBag from /home/airflow/.local/lib/python3.9/site-packages/airflow/example_dags/example_local_kubernetes_executor.py
[2025-12-11T04:42:12.368+0000] {processor.py:840} INFO - DAG(s) 'example_local_kubernetes_executor' retrieved from /home/airflow/.local/lib/python3.9/site-packages/airflow/example_dags/example_local_kubernetes_executor.py
[2025-12-11T04:42:12.428+0000] {logging_mixin.py:188} INFO - [2025-12-11T04:42:12.427+0000] {dag.py:3096} INFO - Sync 1 DAGs
[2025-12-11T04:42:12.449+0000] {logging_mixin.py:188} INFO - [2025-12-11T04:42:12.449+0000] {dag.py:3954} INFO - Setting next_dagrun for example_local_kubernetes_executor to None, run_after=None
[2025-12-11T04:42:12.478+0000] {processor.py:183} INFO - Processing /home/airflow/.local/lib/python3.9/site-packages/airflow/example_dags/example_local_kubernetes_executor.py took 0.136 seconds
[2025-12-11T04:42:43.064+0000] {processor.py:161} INFO - Started process (PID=3194) to work on /home/airflow/.local/lib/python3.9/site-packages/airflow/example_dags/example_local_kubernetes_executor.py
[2025-12-11T04:42:43.066+0000] {processor.py:830} INFO - Processing file /home/airflow/.local/lib/python3.9/site-packages/airflow/example_dags/example_local_kubernetes_executor.py for tasks to queue
[2025-12-11T04:42:43.069+0000] {logging_mixin.py:188} INFO - [2025-12-11T04:42:43.068+0000] {dagbag.py:545} INFO - Filling up the DagBag from /home/airflow/.local/lib/python3.9/site-packages/airflow/example_dags/example_local_kubernetes_executor.py
[2025-12-11T04:42:43.091+0000] {processor.py:840} INFO - DAG(s) 'example_local_kubernetes_executor' retrieved from /home/airflow/.local/lib/python3.9/site-packages/airflow/example_dags/example_local_kubernetes_executor.py
[2025-12-11T04:42:43.172+0000] {logging_mixin.py:188} INFO - [2025-12-11T04:42:43.172+0000] {dag.py:3096} INFO - Sync 1 DAGs
[2025-12-11T04:42:43.198+0000] {logging_mixin.py:188} INFO - [2025-12-11T04:42:43.198+0000] {dag.py:3954} INFO - Setting next_dagrun for example_local_kubernetes_executor to None, run_after=None
[2025-12-11T04:42:43.228+0000] {processor.py:183} INFO - Processing /home/airflow/.local/lib/python3.9/site-packages/airflow/example_dags/example_local_kubernetes_executor.py took 0.182 seconds
[2025-12-11T04:43:14.019+0000] {processor.py:161} INFO - Started process (PID=3261) to work on /home/airflow/.local/lib/python3.9/site-packages/airflow/example_dags/example_local_kubernetes_executor.py
[2025-12-11T04:43:14.021+0000] {processor.py:830} INFO - Processing file /home/airflow/.local/lib/python3.9/site-packages/airflow/example_dags/example_local_kubernetes_executor.py for tasks to queue
[2025-12-11T04:43:14.024+0000] {logging_mixin.py:188} INFO - [2025-12-11T04:43:14.024+0000] {dagbag.py:545} INFO - Filling up the DagBag from /home/airflow/.local/lib/python3.9/site-packages/airflow/example_dags/example_local_kubernetes_executor.py
[2025-12-11T04:43:14.041+0000] {processor.py:840} INFO - DAG(s) 'example_local_kubernetes_executor' retrieved from /home/airflow/.local/lib/python3.9/site-packages/airflow/example_dags/example_local_kubernetes_executor.py
[2025-12-11T04:43:14.121+0000] {logging_mixin.py:188} INFO - [2025-12-11T04:43:14.120+0000] {dag.py:3096} INFO - Sync 1 DAGs
[2025-12-11T04:43:14.146+0000] {logging_mixin.py:188} INFO - [2025-12-11T04:43:14.146+0000] {dag.py:3954} INFO - Setting next_dagrun for example_local_kubernetes_executor to None, run_after=None
[2025-12-11T04:43:14.178+0000] {processor.py:183} INFO - Processing /home/airflow/.local/lib/python3.9/site-packages/airflow/example_dags/example_local_kubernetes_executor.py took 0.170 seconds
[2025-12-11T04:43:45.522+0000] {processor.py:161} INFO - Started process (PID=3328) to work on /home/airflow/.local/lib/python3.9/site-packages/airflow/example_dags/example_local_kubernetes_executor.py
[2025-12-11T04:43:45.524+0000] {processor.py:830} INFO - Processing file /home/airflow/.local/lib/python3.9/site-packages/airflow/example_dags/example_local_kubernetes_executor.py for tasks to queue
[2025-12-11T04:43:45.527+0000] {logging_mixin.py:188} INFO - [2025-12-11T04:43:45.526+0000] {dagbag.py:545} INFO - Filling up the DagBag from /home/airflow/.local/lib/python3.9/site-packages/airflow/example_dags/example_local_kubernetes_executor.py
[2025-12-11T04:43:45.542+0000] {processor.py:840} INFO - DAG(s) 'example_local_kubernetes_executor' retrieved from /home/airflow/.local/lib/python3.9/site-packages/airflow/example_dags/example_local_kubernetes_executor.py
[2025-12-11T04:43:45.606+0000] {logging_mixin.py:188} INFO - [2025-12-11T04:43:45.606+0000] {dag.py:3096} INFO - Sync 1 DAGs
[2025-12-11T04:43:45.628+0000] {logging_mixin.py:188} INFO - [2025-12-11T04:43:45.628+0000] {dag.py:3954} INFO - Setting next_dagrun for example_local_kubernetes_executor to None, run_after=None
[2025-12-11T04:43:45.669+0000] {processor.py:183} INFO - Processing /home/airflow/.local/lib/python3.9/site-packages/airflow/example_dags/example_local_kubernetes_executor.py took 0.160 seconds
[2025-12-11T04:44:15.901+0000] {processor.py:161} INFO - Started process (PID=3395) to work on /home/airflow/.local/lib/python3.9/site-packages/airflow/example_dags/example_local_kubernetes_executor.py
[2025-12-11T04:44:15.942+0000] {processor.py:830} INFO - Processing file /home/airflow/.local/lib/python3.9/site-packages/airflow/example_dags/example_local_kubernetes_executor.py for tasks to queue
[2025-12-11T04:44:15.946+0000] {logging_mixin.py:188} INFO - [2025-12-11T04:44:15.945+0000] {dagbag.py:545} INFO - Filling up the DagBag from /home/airflow/.local/lib/python3.9/site-packages/airflow/example_dags/example_local_kubernetes_executor.py
[2025-12-11T04:44:15.959+0000] {processor.py:840} INFO - DAG(s) 'example_local_kubernetes_executor' retrieved from /home/airflow/.local/lib/python3.9/site-packages/airflow/example_dags/example_local_kubernetes_executor.py
[2025-12-11T04:44:16.021+0000] {logging_mixin.py:188} INFO - [2025-12-11T04:44:16.020+0000] {dag.py:3096} INFO - Sync 1 DAGs
[2025-12-11T04:44:16.046+0000] {logging_mixin.py:188} INFO - [2025-12-11T04:44:16.046+0000] {dag.py:3954} INFO - Setting next_dagrun for example_local_kubernetes_executor to None, run_after=None
[2025-12-11T04:44:16.076+0000] {processor.py:183} INFO - Processing /home/airflow/.local/lib/python3.9/site-packages/airflow/example_dags/example_local_kubernetes_executor.py took 0.188 seconds
[2025-12-11T04:44:46.221+0000] {processor.py:161} INFO - Started process (PID=3462) to work on /home/airflow/.local/lib/python3.9/site-packages/airflow/example_dags/example_local_kubernetes_executor.py
[2025-12-11T04:44:46.223+0000] {processor.py:830} INFO - Processing file /home/airflow/.local/lib/python3.9/site-packages/airflow/example_dags/example_local_kubernetes_executor.py for tasks to queue
[2025-12-11T04:44:46.225+0000] {logging_mixin.py:188} INFO - [2025-12-11T04:44:46.225+0000] {dagbag.py:545} INFO - Filling up the DagBag from /home/airflow/.local/lib/python3.9/site-packages/airflow/example_dags/example_local_kubernetes_executor.py
[2025-12-11T04:44:46.257+0000] {processor.py:840} INFO - DAG(s) 'example_local_kubernetes_executor' retrieved from /home/airflow/.local/lib/python3.9/site-packages/airflow/example_dags/example_local_kubernetes_executor.py
[2025-12-11T04:44:46.345+0000] {logging_mixin.py:188} INFO - [2025-12-11T04:44:46.345+0000] {dag.py:3096} INFO - Sync 1 DAGs
[2025-12-11T04:44:46.366+0000] {logging_mixin.py:188} INFO - [2025-12-11T04:44:46.366+0000] {dag.py:3954} INFO - Setting next_dagrun for example_local_kubernetes_executor to None, run_after=None
[2025-12-11T04:44:46.400+0000] {processor.py:183} INFO - Processing /home/airflow/.local/lib/python3.9/site-packages/airflow/example_dags/example_local_kubernetes_executor.py took 0.199 seconds
[2025-12-11T04:45:17.554+0000] {processor.py:161} INFO - Started process (PID=3531) to work on /home/airflow/.local/lib/python3.9/site-packages/airflow/example_dags/example_local_kubernetes_executor.py
[2025-12-11T04:45:17.560+0000] {processor.py:830} INFO - Processing file /home/airflow/.local/lib/python3.9/site-packages/airflow/example_dags/example_local_kubernetes_executor.py for tasks to queue
[2025-12-11T04:45:17.563+0000] {logging_mixin.py:188} INFO - [2025-12-11T04:45:17.563+0000] {dagbag.py:545} INFO - Filling up the DagBag from /home/airflow/.local/lib/python3.9/site-packages/airflow/example_dags/example_local_kubernetes_executor.py
[2025-12-11T04:45:17.575+0000] {processor.py:840} INFO - DAG(s) 'example_local_kubernetes_executor' retrieved from /home/airflow/.local/lib/python3.9/site-packages/airflow/example_dags/example_local_kubernetes_executor.py
[2025-12-11T04:45:17.638+0000] {logging_mixin.py:188} INFO - [2025-12-11T04:45:17.638+0000] {dag.py:3096} INFO - Sync 1 DAGs
[2025-12-11T04:45:17.661+0000] {logging_mixin.py:188} INFO - [2025-12-11T04:45:17.660+0000] {dag.py:3954} INFO - Setting next_dagrun for example_local_kubernetes_executor to None, run_after=None
[2025-12-11T04:45:17.694+0000] {processor.py:183} INFO - Processing /home/airflow/.local/lib/python3.9/site-packages/airflow/example_dags/example_local_kubernetes_executor.py took 0.152 seconds
[2025-12-11T04:45:48.568+0000] {processor.py:161} INFO - Started process (PID=3607) to work on /home/airflow/.local/lib/python3.9/site-packages/airflow/example_dags/example_local_kubernetes_executor.py
[2025-12-11T04:45:48.576+0000] {processor.py:830} INFO - Processing file /home/airflow/.local/lib/python3.9/site-packages/airflow/example_dags/example_local_kubernetes_executor.py for tasks to queue
[2025-12-11T04:45:48.581+0000] {logging_mixin.py:188} INFO - [2025-12-11T04:45:48.580+0000] {dagbag.py:545} INFO - Filling up the DagBag from /home/airflow/.local/lib/python3.9/site-packages/airflow/example_dags/example_local_kubernetes_executor.py
[2025-12-11T04:45:48.605+0000] {processor.py:840} INFO - DAG(s) 'example_local_kubernetes_executor' retrieved from /home/airflow/.local/lib/python3.9/site-packages/airflow/example_dags/example_local_kubernetes_executor.py
[2025-12-11T04:45:48.702+0000] {logging_mixin.py:188} INFO - [2025-12-11T04:45:48.702+0000] {dag.py:3096} INFO - Sync 1 DAGs
[2025-12-11T04:45:48.742+0000] {logging_mixin.py:188} INFO - [2025-12-11T04:45:48.741+0000] {dag.py:3954} INFO - Setting next_dagrun for example_local_kubernetes_executor to None, run_after=None
[2025-12-11T04:45:48.784+0000] {processor.py:183} INFO - Processing /home/airflow/.local/lib/python3.9/site-packages/airflow/example_dags/example_local_kubernetes_executor.py took 0.240 seconds
[2025-12-11T04:46:19.343+0000] {processor.py:161} INFO - Started process (PID=3674) to work on /home/airflow/.local/lib/python3.9/site-packages/airflow/example_dags/example_local_kubernetes_executor.py
[2025-12-11T04:46:19.348+0000] {processor.py:830} INFO - Processing file /home/airflow/.local/lib/python3.9/site-packages/airflow/example_dags/example_local_kubernetes_executor.py for tasks to queue
[2025-12-11T04:46:19.359+0000] {logging_mixin.py:188} INFO - [2025-12-11T04:46:19.358+0000] {dagbag.py:545} INFO - Filling up the DagBag from /home/airflow/.local/lib/python3.9/site-packages/airflow/example_dags/example_local_kubernetes_executor.py
[2025-12-11T04:46:19.377+0000] {processor.py:840} INFO - DAG(s) 'example_local_kubernetes_executor' retrieved from /home/airflow/.local/lib/python3.9/site-packages/airflow/example_dags/example_local_kubernetes_executor.py
[2025-12-11T04:46:19.485+0000] {logging_mixin.py:188} INFO - [2025-12-11T04:46:19.484+0000] {dag.py:3096} INFO - Sync 1 DAGs
[2025-12-11T04:46:19.526+0000] {logging_mixin.py:188} INFO - [2025-12-11T04:46:19.525+0000] {dag.py:3954} INFO - Setting next_dagrun for example_local_kubernetes_executor to None, run_after=None
[2025-12-11T04:46:19.597+0000] {processor.py:183} INFO - Processing /home/airflow/.local/lib/python3.9/site-packages/airflow/example_dags/example_local_kubernetes_executor.py took 0.260 seconds
[2025-12-11T04:46:49.803+0000] {processor.py:161} INFO - Started process (PID=3741) to work on /home/airflow/.local/lib/python3.9/site-packages/airflow/example_dags/example_local_kubernetes_executor.py
[2025-12-11T04:46:49.805+0000] {processor.py:830} INFO - Processing file /home/airflow/.local/lib/python3.9/site-packages/airflow/example_dags/example_local_kubernetes_executor.py for tasks to queue
[2025-12-11T04:46:49.807+0000] {logging_mixin.py:188} INFO - [2025-12-11T04:46:49.807+0000] {dagbag.py:545} INFO - Filling up the DagBag from /home/airflow/.local/lib/python3.9/site-packages/airflow/example_dags/example_local_kubernetes_executor.py
[2025-12-11T04:46:49.821+0000] {processor.py:840} INFO - DAG(s) 'example_local_kubernetes_executor' retrieved from /home/airflow/.local/lib/python3.9/site-packages/airflow/example_dags/example_local_kubernetes_executor.py
[2025-12-11T04:46:49.888+0000] {logging_mixin.py:188} INFO - [2025-12-11T04:46:49.888+0000] {dag.py:3096} INFO - Sync 1 DAGs
[2025-12-11T04:46:49.910+0000] {logging_mixin.py:188} INFO - [2025-12-11T04:46:49.910+0000] {dag.py:3954} INFO - Setting next_dagrun for example_local_kubernetes_executor to None, run_after=None
[2025-12-11T04:46:49.945+0000] {processor.py:183} INFO - Processing /home/airflow/.local/lib/python3.9/site-packages/airflow/example_dags/example_local_kubernetes_executor.py took 0.154 seconds
[2025-12-11T04:47:20.523+0000] {processor.py:161} INFO - Started process (PID=3808) to work on /home/airflow/.local/lib/python3.9/site-packages/airflow/example_dags/example_local_kubernetes_executor.py
[2025-12-11T04:47:20.525+0000] {processor.py:830} INFO - Processing file /home/airflow/.local/lib/python3.9/site-packages/airflow/example_dags/example_local_kubernetes_executor.py for tasks to queue
[2025-12-11T04:47:20.528+0000] {logging_mixin.py:188} INFO - [2025-12-11T04:47:20.527+0000] {dagbag.py:545} INFO - Filling up the DagBag from /home/airflow/.local/lib/python3.9/site-packages/airflow/example_dags/example_local_kubernetes_executor.py
[2025-12-11T04:47:20.560+0000] {processor.py:840} INFO - DAG(s) 'example_local_kubernetes_executor' retrieved from /home/airflow/.local/lib/python3.9/site-packages/airflow/example_dags/example_local_kubernetes_executor.py
[2025-12-11T04:47:20.662+0000] {logging_mixin.py:188} INFO - [2025-12-11T04:47:20.662+0000] {dag.py:3096} INFO - Sync 1 DAGs
[2025-12-11T04:47:20.723+0000] {logging_mixin.py:188} INFO - [2025-12-11T04:47:20.722+0000] {dag.py:3954} INFO - Setting next_dagrun for example_local_kubernetes_executor to None, run_after=None
[2025-12-11T04:47:20.899+0000] {processor.py:183} INFO - Processing /home/airflow/.local/lib/python3.9/site-packages/airflow/example_dags/example_local_kubernetes_executor.py took 0.396 seconds
[2025-12-11T04:47:50.966+0000] {processor.py:161} INFO - Started process (PID=3875) to work on /home/airflow/.local/lib/python3.9/site-packages/airflow/example_dags/example_local_kubernetes_executor.py
[2025-12-11T04:47:50.968+0000] {processor.py:830} INFO - Processing file /home/airflow/.local/lib/python3.9/site-packages/airflow/example_dags/example_local_kubernetes_executor.py for tasks to queue
[2025-12-11T04:47:50.970+0000] {logging_mixin.py:188} INFO - [2025-12-11T04:47:50.970+0000] {dagbag.py:545} INFO - Filling up the DagBag from /home/airflow/.local/lib/python3.9/site-packages/airflow/example_dags/example_local_kubernetes_executor.py
[2025-12-11T04:47:50.985+0000] {processor.py:840} INFO - DAG(s) 'example_local_kubernetes_executor' retrieved from /home/airflow/.local/lib/python3.9/site-packages/airflow/example_dags/example_local_kubernetes_executor.py
[2025-12-11T04:47:51.049+0000] {logging_mixin.py:188} INFO - [2025-12-11T04:47:51.049+0000] {dag.py:3096} INFO - Sync 1 DAGs
[2025-12-11T04:47:51.072+0000] {logging_mixin.py:188} INFO - [2025-12-11T04:47:51.071+0000] {dag.py:3954} INFO - Setting next_dagrun for example_local_kubernetes_executor to None, run_after=None
[2025-12-11T04:47:51.101+0000] {processor.py:183} INFO - Processing /home/airflow/.local/lib/python3.9/site-packages/airflow/example_dags/example_local_kubernetes_executor.py took 0.148 seconds
[2025-12-11T04:48:22.387+0000] {processor.py:161} INFO - Started process (PID=3942) to work on /home/airflow/.local/lib/python3.9/site-packages/airflow/example_dags/example_local_kubernetes_executor.py
[2025-12-11T04:48:22.404+0000] {processor.py:830} INFO - Processing file /home/airflow/.local/lib/python3.9/site-packages/airflow/example_dags/example_local_kubernetes_executor.py for tasks to queue
[2025-12-11T04:48:22.407+0000] {logging_mixin.py:188} INFO - [2025-12-11T04:48:22.406+0000] {dagbag.py:545} INFO - Filling up the DagBag from /home/airflow/.local/lib/python3.9/site-packages/airflow/example_dags/example_local_kubernetes_executor.py
[2025-12-11T04:48:22.426+0000] {processor.py:840} INFO - DAG(s) 'example_local_kubernetes_executor' retrieved from /home/airflow/.local/lib/python3.9/site-packages/airflow/example_dags/example_local_kubernetes_executor.py
[2025-12-11T04:48:22.541+0000] {logging_mixin.py:188} INFO - [2025-12-11T04:48:22.540+0000] {dag.py:3096} INFO - Sync 1 DAGs
[2025-12-11T04:48:22.578+0000] {logging_mixin.py:188} INFO - [2025-12-11T04:48:22.577+0000] {dag.py:3954} INFO - Setting next_dagrun for example_local_kubernetes_executor to None, run_after=None
[2025-12-11T04:48:22.620+0000] {processor.py:183} INFO - Processing /home/airflow/.local/lib/python3.9/site-packages/airflow/example_dags/example_local_kubernetes_executor.py took 0.255 seconds
[2025-12-11T04:48:54.147+0000] {processor.py:161} INFO - Started process (PID=4011) to work on /home/airflow/.local/lib/python3.9/site-packages/airflow/example_dags/example_local_kubernetes_executor.py
[2025-12-11T04:48:54.164+0000] {processor.py:830} INFO - Processing file /home/airflow/.local/lib/python3.9/site-packages/airflow/example_dags/example_local_kubernetes_executor.py for tasks to queue
[2025-12-11T04:48:54.205+0000] {logging_mixin.py:188} INFO - [2025-12-11T04:48:54.205+0000] {dagbag.py:545} INFO - Filling up the DagBag from /home/airflow/.local/lib/python3.9/site-packages/airflow/example_dags/example_local_kubernetes_executor.py
[2025-12-11T04:48:54.223+0000] {processor.py:840} INFO - DAG(s) 'example_local_kubernetes_executor' retrieved from /home/airflow/.local/lib/python3.9/site-packages/airflow/example_dags/example_local_kubernetes_executor.py
[2025-12-11T04:48:54.295+0000] {logging_mixin.py:188} INFO - [2025-12-11T04:48:54.295+0000] {dag.py:3096} INFO - Sync 1 DAGs
[2025-12-11T04:48:54.321+0000] {logging_mixin.py:188} INFO - [2025-12-11T04:48:54.321+0000] {dag.py:3954} INFO - Setting next_dagrun for example_local_kubernetes_executor to None, run_after=None
[2025-12-11T04:48:54.605+0000] {processor.py:183} INFO - Processing /home/airflow/.local/lib/python3.9/site-packages/airflow/example_dags/example_local_kubernetes_executor.py took 0.472 seconds
[2025-12-11T04:49:25.162+0000] {processor.py:161} INFO - Started process (PID=4078) to work on /home/airflow/.local/lib/python3.9/site-packages/airflow/example_dags/example_local_kubernetes_executor.py
[2025-12-11T04:49:25.164+0000] {processor.py:830} INFO - Processing file /home/airflow/.local/lib/python3.9/site-packages/airflow/example_dags/example_local_kubernetes_executor.py for tasks to queue
[2025-12-11T04:49:25.166+0000] {logging_mixin.py:188} INFO - [2025-12-11T04:49:25.166+0000] {dagbag.py:545} INFO - Filling up the DagBag from /home/airflow/.local/lib/python3.9/site-packages/airflow/example_dags/example_local_kubernetes_executor.py
[2025-12-11T04:49:25.179+0000] {processor.py:840} INFO - DAG(s) 'example_local_kubernetes_executor' retrieved from /home/airflow/.local/lib/python3.9/site-packages/airflow/example_dags/example_local_kubernetes_executor.py
[2025-12-11T04:49:25.251+0000] {logging_mixin.py:188} INFO - [2025-12-11T04:49:25.250+0000] {dag.py:3096} INFO - Sync 1 DAGs
[2025-12-11T04:49:25.274+0000] {logging_mixin.py:188} INFO - [2025-12-11T04:49:25.274+0000] {dag.py:3954} INFO - Setting next_dagrun for example_local_kubernetes_executor to None, run_after=None
[2025-12-11T04:49:25.310+0000] {processor.py:183} INFO - Processing /home/airflow/.local/lib/python3.9/site-packages/airflow/example_dags/example_local_kubernetes_executor.py took 0.158 seconds
[2025-12-11T04:49:55.386+0000] {processor.py:161} INFO - Started process (PID=4144) to work on /home/airflow/.local/lib/python3.9/site-packages/airflow/example_dags/example_local_kubernetes_executor.py
[2025-12-11T04:49:55.387+0000] {processor.py:830} INFO - Processing file /home/airflow/.local/lib/python3.9/site-packages/airflow/example_dags/example_local_kubernetes_executor.py for tasks to queue
[2025-12-11T04:49:55.390+0000] {logging_mixin.py:188} INFO - [2025-12-11T04:49:55.390+0000] {dagbag.py:545} INFO - Filling up the DagBag from /home/airflow/.local/lib/python3.9/site-packages/airflow/example_dags/example_local_kubernetes_executor.py
[2025-12-11T04:49:55.402+0000] {processor.py:840} INFO - DAG(s) 'example_local_kubernetes_executor' retrieved from /home/airflow/.local/lib/python3.9/site-packages/airflow/example_dags/example_local_kubernetes_executor.py
[2025-12-11T04:49:55.469+0000] {logging_mixin.py:188} INFO - [2025-12-11T04:49:55.469+0000] {dag.py:3096} INFO - Sync 1 DAGs
[2025-12-11T04:49:55.492+0000] {logging_mixin.py:188} INFO - [2025-12-11T04:49:55.491+0000] {dag.py:3954} INFO - Setting next_dagrun for example_local_kubernetes_executor to None, run_after=None
[2025-12-11T04:49:55.520+0000] {processor.py:183} INFO - Processing /home/airflow/.local/lib/python3.9/site-packages/airflow/example_dags/example_local_kubernetes_executor.py took 0.144 seconds
[2025-12-11T04:50:26.242+0000] {processor.py:161} INFO - Started process (PID=4210) to work on /home/airflow/.local/lib/python3.9/site-packages/airflow/example_dags/example_local_kubernetes_executor.py
[2025-12-11T04:50:26.243+0000] {processor.py:830} INFO - Processing file /home/airflow/.local/lib/python3.9/site-packages/airflow/example_dags/example_local_kubernetes_executor.py for tasks to queue
[2025-12-11T04:50:26.246+0000] {logging_mixin.py:188} INFO - [2025-12-11T04:50:26.245+0000] {dagbag.py:545} INFO - Filling up the DagBag from /home/airflow/.local/lib/python3.9/site-packages/airflow/example_dags/example_local_kubernetes_executor.py
[2025-12-11T04:50:26.261+0000] {processor.py:840} INFO - DAG(s) 'example_local_kubernetes_executor' retrieved from /home/airflow/.local/lib/python3.9/site-packages/airflow/example_dags/example_local_kubernetes_executor.py
[2025-12-11T04:50:26.322+0000] {logging_mixin.py:188} INFO - [2025-12-11T04:50:26.322+0000] {dag.py:3096} INFO - Sync 1 DAGs
[2025-12-11T04:50:26.343+0000] {logging_mixin.py:188} INFO - [2025-12-11T04:50:26.343+0000] {dag.py:3954} INFO - Setting next_dagrun for example_local_kubernetes_executor to None, run_after=None
[2025-12-11T04:50:26.377+0000] {processor.py:183} INFO - Processing /home/airflow/.local/lib/python3.9/site-packages/airflow/example_dags/example_local_kubernetes_executor.py took 0.146 seconds
[2025-12-11T04:50:56.608+0000] {processor.py:161} INFO - Started process (PID=4284) to work on /home/airflow/.local/lib/python3.9/site-packages/airflow/example_dags/example_local_kubernetes_executor.py
[2025-12-11T04:50:56.618+0000] {processor.py:830} INFO - Processing file /home/airflow/.local/lib/python3.9/site-packages/airflow/example_dags/example_local_kubernetes_executor.py for tasks to queue
[2025-12-11T04:50:56.621+0000] {logging_mixin.py:188} INFO - [2025-12-11T04:50:56.620+0000] {dagbag.py:545} INFO - Filling up the DagBag from /home/airflow/.local/lib/python3.9/site-packages/airflow/example_dags/example_local_kubernetes_executor.py
[2025-12-11T04:50:56.639+0000] {processor.py:840} INFO - DAG(s) 'example_local_kubernetes_executor' retrieved from /home/airflow/.local/lib/python3.9/site-packages/airflow/example_dags/example_local_kubernetes_executor.py
[2025-12-11T04:50:56.743+0000] {logging_mixin.py:188} INFO - [2025-12-11T04:50:56.743+0000] {dag.py:3096} INFO - Sync 1 DAGs
[2025-12-11T04:50:56.770+0000] {logging_mixin.py:188} INFO - [2025-12-11T04:50:56.770+0000] {dag.py:3954} INFO - Setting next_dagrun for example_local_kubernetes_executor to None, run_after=None
[2025-12-11T04:50:56.804+0000] {processor.py:183} INFO - Processing /home/airflow/.local/lib/python3.9/site-packages/airflow/example_dags/example_local_kubernetes_executor.py took 0.217 seconds
[2025-12-11T04:51:28.063+0000] {processor.py:161} INFO - Started process (PID=4351) to work on /home/airflow/.local/lib/python3.9/site-packages/airflow/example_dags/example_local_kubernetes_executor.py
[2025-12-11T04:51:28.065+0000] {processor.py:830} INFO - Processing file /home/airflow/.local/lib/python3.9/site-packages/airflow/example_dags/example_local_kubernetes_executor.py for tasks to queue
[2025-12-11T04:51:28.079+0000] {logging_mixin.py:188} INFO - [2025-12-11T04:51:28.078+0000] {dagbag.py:545} INFO - Filling up the DagBag from /home/airflow/.local/lib/python3.9/site-packages/airflow/example_dags/example_local_kubernetes_executor.py
[2025-12-11T04:51:28.101+0000] {processor.py:840} INFO - DAG(s) 'example_local_kubernetes_executor' retrieved from /home/airflow/.local/lib/python3.9/site-packages/airflow/example_dags/example_local_kubernetes_executor.py
[2025-12-11T04:51:28.281+0000] {logging_mixin.py:188} INFO - [2025-12-11T04:51:28.280+0000] {dag.py:3096} INFO - Sync 1 DAGs
[2025-12-11T04:51:28.326+0000] {logging_mixin.py:188} INFO - [2025-12-11T04:51:28.325+0000] {dag.py:3954} INFO - Setting next_dagrun for example_local_kubernetes_executor to None, run_after=None
[2025-12-11T04:51:28.387+0000] {processor.py:183} INFO - Processing /home/airflow/.local/lib/python3.9/site-packages/airflow/example_dags/example_local_kubernetes_executor.py took 0.348 seconds
[2025-12-11T04:51:59.219+0000] {processor.py:161} INFO - Started process (PID=4418) to work on /home/airflow/.local/lib/python3.9/site-packages/airflow/example_dags/example_local_kubernetes_executor.py
[2025-12-11T04:51:59.220+0000] {processor.py:830} INFO - Processing file /home/airflow/.local/lib/python3.9/site-packages/airflow/example_dags/example_local_kubernetes_executor.py for tasks to queue
[2025-12-11T04:51:59.223+0000] {logging_mixin.py:188} INFO - [2025-12-11T04:51:59.223+0000] {dagbag.py:545} INFO - Filling up the DagBag from /home/airflow/.local/lib/python3.9/site-packages/airflow/example_dags/example_local_kubernetes_executor.py
[2025-12-11T04:51:59.246+0000] {processor.py:840} INFO - DAG(s) 'example_local_kubernetes_executor' retrieved from /home/airflow/.local/lib/python3.9/site-packages/airflow/example_dags/example_local_kubernetes_executor.py
[2025-12-11T04:51:59.366+0000] {logging_mixin.py:188} INFO - [2025-12-11T04:51:59.366+0000] {dag.py:3096} INFO - Sync 1 DAGs
[2025-12-11T04:51:59.401+0000] {logging_mixin.py:188} INFO - [2025-12-11T04:51:59.400+0000] {dag.py:3954} INFO - Setting next_dagrun for example_local_kubernetes_executor to None, run_after=None
[2025-12-11T04:51:59.445+0000] {processor.py:183} INFO - Processing /home/airflow/.local/lib/python3.9/site-packages/airflow/example_dags/example_local_kubernetes_executor.py took 0.261 seconds
[2025-12-11T04:52:30.301+0000] {processor.py:161} INFO - Started process (PID=4486) to work on /home/airflow/.local/lib/python3.9/site-packages/airflow/example_dags/example_local_kubernetes_executor.py
[2025-12-11T04:52:30.477+0000] {processor.py:830} INFO - Processing file /home/airflow/.local/lib/python3.9/site-packages/airflow/example_dags/example_local_kubernetes_executor.py for tasks to queue
[2025-12-11T04:52:30.480+0000] {logging_mixin.py:188} INFO - [2025-12-11T04:52:30.480+0000] {dagbag.py:545} INFO - Filling up the DagBag from /home/airflow/.local/lib/python3.9/site-packages/airflow/example_dags/example_local_kubernetes_executor.py
[2025-12-11T04:52:30.504+0000] {processor.py:840} INFO - DAG(s) 'example_local_kubernetes_executor' retrieved from /home/airflow/.local/lib/python3.9/site-packages/airflow/example_dags/example_local_kubernetes_executor.py
[2025-12-11T04:52:30.627+0000] {logging_mixin.py:188} INFO - [2025-12-11T04:52:30.626+0000] {dag.py:3096} INFO - Sync 1 DAGs
[2025-12-11T04:52:30.667+0000] {logging_mixin.py:188} INFO - [2025-12-11T04:52:30.666+0000] {dag.py:3954} INFO - Setting next_dagrun for example_local_kubernetes_executor to None, run_after=None
[2025-12-11T04:52:30.743+0000] {processor.py:183} INFO - Processing /home/airflow/.local/lib/python3.9/site-packages/airflow/example_dags/example_local_kubernetes_executor.py took 0.464 seconds
[2025-12-11T04:53:01.047+0000] {processor.py:161} INFO - Started process (PID=4553) to work on /home/airflow/.local/lib/python3.9/site-packages/airflow/example_dags/example_local_kubernetes_executor.py
[2025-12-11T04:53:01.113+0000] {processor.py:830} INFO - Processing file /home/airflow/.local/lib/python3.9/site-packages/airflow/example_dags/example_local_kubernetes_executor.py for tasks to queue
[2025-12-11T04:53:01.119+0000] {logging_mixin.py:188} INFO - [2025-12-11T04:53:01.119+0000] {dagbag.py:545} INFO - Filling up the DagBag from /home/airflow/.local/lib/python3.9/site-packages/airflow/example_dags/example_local_kubernetes_executor.py
[2025-12-11T04:53:01.163+0000] {processor.py:840} INFO - DAG(s) 'example_local_kubernetes_executor' retrieved from /home/airflow/.local/lib/python3.9/site-packages/airflow/example_dags/example_local_kubernetes_executor.py
[2025-12-11T04:53:01.266+0000] {logging_mixin.py:188} INFO - [2025-12-11T04:53:01.266+0000] {dag.py:3096} INFO - Sync 1 DAGs
[2025-12-11T04:53:01.461+0000] {logging_mixin.py:188} INFO - [2025-12-11T04:53:01.460+0000] {dag.py:3954} INFO - Setting next_dagrun for example_local_kubernetes_executor to None, run_after=None
[2025-12-11T04:53:01.523+0000] {processor.py:183} INFO - Processing /home/airflow/.local/lib/python3.9/site-packages/airflow/example_dags/example_local_kubernetes_executor.py took 0.494 seconds
