[2025-12-11T04:18:39.924+0000] {processor.py:161} INFO - Started process (PID=95) to work on /home/airflow/.local/lib/python3.9/site-packages/airflow/example_dags/example_branch_labels.py
[2025-12-11T04:18:39.925+0000] {processor.py:830} INFO - Processing file /home/airflow/.local/lib/python3.9/site-packages/airflow/example_dags/example_branch_labels.py for tasks to queue
[2025-12-11T04:18:39.938+0000] {logging_mixin.py:188} INFO - [2025-12-11T04:18:39.937+0000] {dagbag.py:545} INFO - Filling up the DagBag from /home/airflow/.local/lib/python3.9/site-packages/airflow/example_dags/example_branch_labels.py
[2025-12-11T04:18:40.001+0000] {processor.py:840} INFO - DAG(s) 'example_branch_labels' retrieved from /home/airflow/.local/lib/python3.9/site-packages/airflow/example_dags/example_branch_labels.py
[2025-12-11T04:18:40.581+0000] {logging_mixin.py:188} INFO - [2025-12-11T04:18:40.580+0000] {dag.py:3096} INFO - Sync 1 DAGs
[2025-12-11T04:18:40.719+0000] {logging_mixin.py:188} INFO - [2025-12-11T04:18:40.719+0000] {dag.py:3954} INFO - Setting next_dagrun for example_branch_labels to 2025-12-10 00:00:00+00:00, run_after=2025-12-11 00:00:00+00:00
[2025-12-11T04:18:40.881+0000] {processor.py:183} INFO - Processing /home/airflow/.local/lib/python3.9/site-packages/airflow/example_dags/example_branch_labels.py took 0.975 seconds
[2025-12-11T04:19:16.938+0000] {processor.py:161} INFO - Started process (PID=161) to work on /home/airflow/.local/lib/python3.9/site-packages/airflow/example_dags/example_branch_labels.py
[2025-12-11T04:19:16.949+0000] {processor.py:830} INFO - Processing file /home/airflow/.local/lib/python3.9/site-packages/airflow/example_dags/example_branch_labels.py for tasks to queue
[2025-12-11T04:19:16.952+0000] {logging_mixin.py:188} INFO - [2025-12-11T04:19:16.952+0000] {dagbag.py:545} INFO - Filling up the DagBag from /home/airflow/.local/lib/python3.9/site-packages/airflow/example_dags/example_branch_labels.py
[2025-12-11T04:19:16.967+0000] {processor.py:840} INFO - DAG(s) 'example_branch_labels' retrieved from /home/airflow/.local/lib/python3.9/site-packages/airflow/example_dags/example_branch_labels.py
[2025-12-11T04:19:17.021+0000] {logging_mixin.py:188} INFO - [2025-12-11T04:19:17.021+0000] {dag.py:3096} INFO - Sync 1 DAGs
[2025-12-11T04:19:17.085+0000] {logging_mixin.py:188} INFO - [2025-12-11T04:19:17.085+0000] {dag.py:3954} INFO - Setting next_dagrun for example_branch_labels to 2025-12-10 00:00:00+00:00, run_after=2025-12-11 00:00:00+00:00
[2025-12-11T04:19:17.542+0000] {processor.py:183} INFO - Processing /home/airflow/.local/lib/python3.9/site-packages/airflow/example_dags/example_branch_labels.py took 0.624 seconds
[2025-12-11T04:19:48.139+0000] {processor.py:161} INFO - Started process (PID=225) to work on /home/airflow/.local/lib/python3.9/site-packages/airflow/example_dags/example_branch_labels.py
[2025-12-11T04:19:48.258+0000] {processor.py:830} INFO - Processing file /home/airflow/.local/lib/python3.9/site-packages/airflow/example_dags/example_branch_labels.py for tasks to queue
[2025-12-11T04:19:48.263+0000] {logging_mixin.py:188} INFO - [2025-12-11T04:19:48.263+0000] {dagbag.py:545} INFO - Filling up the DagBag from /home/airflow/.local/lib/python3.9/site-packages/airflow/example_dags/example_branch_labels.py
[2025-12-11T04:19:48.306+0000] {processor.py:840} INFO - DAG(s) 'example_branch_labels' retrieved from /home/airflow/.local/lib/python3.9/site-packages/airflow/example_dags/example_branch_labels.py
[2025-12-11T04:19:48.444+0000] {logging_mixin.py:188} INFO - [2025-12-11T04:19:48.444+0000] {dag.py:3096} INFO - Sync 1 DAGs
[2025-12-11T04:19:48.538+0000] {logging_mixin.py:188} INFO - [2025-12-11T04:19:48.538+0000] {dag.py:3954} INFO - Setting next_dagrun for example_branch_labels to 2025-12-10 00:00:00+00:00, run_after=2025-12-11 00:00:00+00:00
[2025-12-11T04:19:48.898+0000] {processor.py:183} INFO - Processing /home/airflow/.local/lib/python3.9/site-packages/airflow/example_dags/example_branch_labels.py took 0.800 seconds
[2025-12-11T04:20:19.748+0000] {processor.py:161} INFO - Started process (PID=291) to work on /home/airflow/.local/lib/python3.9/site-packages/airflow/example_dags/example_branch_labels.py
[2025-12-11T04:20:19.762+0000] {processor.py:830} INFO - Processing file /home/airflow/.local/lib/python3.9/site-packages/airflow/example_dags/example_branch_labels.py for tasks to queue
[2025-12-11T04:20:19.766+0000] {logging_mixin.py:188} INFO - [2025-12-11T04:20:19.765+0000] {dagbag.py:545} INFO - Filling up the DagBag from /home/airflow/.local/lib/python3.9/site-packages/airflow/example_dags/example_branch_labels.py
[2025-12-11T04:20:19.799+0000] {processor.py:840} INFO - DAG(s) 'example_branch_labels' retrieved from /home/airflow/.local/lib/python3.9/site-packages/airflow/example_dags/example_branch_labels.py
[2025-12-11T04:20:19.924+0000] {logging_mixin.py:188} INFO - [2025-12-11T04:20:19.924+0000] {dag.py:3096} INFO - Sync 1 DAGs
[2025-12-11T04:20:20.005+0000] {logging_mixin.py:188} INFO - [2025-12-11T04:20:20.004+0000] {dag.py:3954} INFO - Setting next_dagrun for example_branch_labels to 2025-12-10 00:00:00+00:00, run_after=2025-12-11 00:00:00+00:00
[2025-12-11T04:20:20.081+0000] {processor.py:183} INFO - Processing /home/airflow/.local/lib/python3.9/site-packages/airflow/example_dags/example_branch_labels.py took 0.345 seconds
[2025-12-11T04:20:50.321+0000] {processor.py:161} INFO - Started process (PID=350) to work on /home/airflow/.local/lib/python3.9/site-packages/airflow/example_dags/example_branch_labels.py
[2025-12-11T04:20:50.329+0000] {processor.py:830} INFO - Processing file /home/airflow/.local/lib/python3.9/site-packages/airflow/example_dags/example_branch_labels.py for tasks to queue
[2025-12-11T04:20:50.338+0000] {logging_mixin.py:188} INFO - [2025-12-11T04:20:50.338+0000] {dagbag.py:545} INFO - Filling up the DagBag from /home/airflow/.local/lib/python3.9/site-packages/airflow/example_dags/example_branch_labels.py
[2025-12-11T04:20:50.350+0000] {processor.py:840} INFO - DAG(s) 'example_branch_labels' retrieved from /home/airflow/.local/lib/python3.9/site-packages/airflow/example_dags/example_branch_labels.py
[2025-12-11T04:20:50.407+0000] {logging_mixin.py:188} INFO - [2025-12-11T04:20:50.406+0000] {dag.py:3096} INFO - Sync 1 DAGs
[2025-12-11T04:20:50.478+0000] {logging_mixin.py:188} INFO - [2025-12-11T04:20:50.478+0000] {dag.py:3954} INFO - Setting next_dagrun for example_branch_labels to 2025-12-10 00:00:00+00:00, run_after=2025-12-11 00:00:00+00:00
[2025-12-11T04:20:50.509+0000] {processor.py:183} INFO - Processing /home/airflow/.local/lib/python3.9/site-packages/airflow/example_dags/example_branch_labels.py took 0.203 seconds
[2025-12-11T04:21:20.759+0000] {processor.py:161} INFO - Started process (PID=416) to work on /home/airflow/.local/lib/python3.9/site-packages/airflow/example_dags/example_branch_labels.py
[2025-12-11T04:21:20.761+0000] {processor.py:830} INFO - Processing file /home/airflow/.local/lib/python3.9/site-packages/airflow/example_dags/example_branch_labels.py for tasks to queue
[2025-12-11T04:21:20.764+0000] {logging_mixin.py:188} INFO - [2025-12-11T04:21:20.764+0000] {dagbag.py:545} INFO - Filling up the DagBag from /home/airflow/.local/lib/python3.9/site-packages/airflow/example_dags/example_branch_labels.py
[2025-12-11T04:21:20.785+0000] {processor.py:840} INFO - DAG(s) 'example_branch_labels' retrieved from /home/airflow/.local/lib/python3.9/site-packages/airflow/example_dags/example_branch_labels.py
[2025-12-11T04:21:20.865+0000] {logging_mixin.py:188} INFO - [2025-12-11T04:21:20.864+0000] {dag.py:3096} INFO - Sync 1 DAGs
[2025-12-11T04:21:20.924+0000] {logging_mixin.py:188} INFO - [2025-12-11T04:21:20.923+0000] {dag.py:3954} INFO - Setting next_dagrun for example_branch_labels to 2025-12-10 00:00:00+00:00, run_after=2025-12-11 00:00:00+00:00
[2025-12-11T04:21:20.962+0000] {processor.py:183} INFO - Processing /home/airflow/.local/lib/python3.9/site-packages/airflow/example_dags/example_branch_labels.py took 0.220 seconds
[2025-12-11T04:21:51.241+0000] {processor.py:161} INFO - Started process (PID=481) to work on /home/airflow/.local/lib/python3.9/site-packages/airflow/example_dags/example_branch_labels.py
[2025-12-11T04:21:51.243+0000] {processor.py:830} INFO - Processing file /home/airflow/.local/lib/python3.9/site-packages/airflow/example_dags/example_branch_labels.py for tasks to queue
[2025-12-11T04:21:51.246+0000] {logging_mixin.py:188} INFO - [2025-12-11T04:21:51.245+0000] {dagbag.py:545} INFO - Filling up the DagBag from /home/airflow/.local/lib/python3.9/site-packages/airflow/example_dags/example_branch_labels.py
[2025-12-11T04:21:51.264+0000] {processor.py:840} INFO - DAG(s) 'example_branch_labels' retrieved from /home/airflow/.local/lib/python3.9/site-packages/airflow/example_dags/example_branch_labels.py
[2025-12-11T04:21:51.326+0000] {logging_mixin.py:188} INFO - [2025-12-11T04:21:51.325+0000] {dag.py:3096} INFO - Sync 1 DAGs
[2025-12-11T04:21:51.382+0000] {logging_mixin.py:188} INFO - [2025-12-11T04:21:51.381+0000] {dag.py:3954} INFO - Setting next_dagrun for example_branch_labels to 2025-12-10 00:00:00+00:00, run_after=2025-12-11 00:00:00+00:00
[2025-12-11T04:21:51.439+0000] {processor.py:183} INFO - Processing /home/airflow/.local/lib/python3.9/site-packages/airflow/example_dags/example_branch_labels.py took 0.217 seconds
[2025-12-11T04:22:21.931+0000] {processor.py:161} INFO - Started process (PID=547) to work on /home/airflow/.local/lib/python3.9/site-packages/airflow/example_dags/example_branch_labels.py
[2025-12-11T04:22:21.933+0000] {processor.py:830} INFO - Processing file /home/airflow/.local/lib/python3.9/site-packages/airflow/example_dags/example_branch_labels.py for tasks to queue
[2025-12-11T04:22:21.938+0000] {logging_mixin.py:188} INFO - [2025-12-11T04:22:21.938+0000] {dagbag.py:545} INFO - Filling up the DagBag from /home/airflow/.local/lib/python3.9/site-packages/airflow/example_dags/example_branch_labels.py
[2025-12-11T04:22:21.954+0000] {processor.py:840} INFO - DAG(s) 'example_branch_labels' retrieved from /home/airflow/.local/lib/python3.9/site-packages/airflow/example_dags/example_branch_labels.py
[2025-12-11T04:22:22.006+0000] {logging_mixin.py:188} INFO - [2025-12-11T04:22:22.005+0000] {dag.py:3096} INFO - Sync 1 DAGs
[2025-12-11T04:22:22.085+0000] {logging_mixin.py:188} INFO - [2025-12-11T04:22:22.085+0000] {dag.py:3954} INFO - Setting next_dagrun for example_branch_labels to 2025-12-10 00:00:00+00:00, run_after=2025-12-11 00:00:00+00:00
[2025-12-11T04:22:22.191+0000] {processor.py:183} INFO - Processing /home/airflow/.local/lib/python3.9/site-packages/airflow/example_dags/example_branch_labels.py took 0.274 seconds
[2025-12-11T04:22:52.641+0000] {processor.py:161} INFO - Started process (PID=620) to work on /home/airflow/.local/lib/python3.9/site-packages/airflow/example_dags/example_branch_labels.py
[2025-12-11T04:22:52.643+0000] {processor.py:830} INFO - Processing file /home/airflow/.local/lib/python3.9/site-packages/airflow/example_dags/example_branch_labels.py for tasks to queue
[2025-12-11T04:22:52.645+0000] {logging_mixin.py:188} INFO - [2025-12-11T04:22:52.645+0000] {dagbag.py:545} INFO - Filling up the DagBag from /home/airflow/.local/lib/python3.9/site-packages/airflow/example_dags/example_branch_labels.py
[2025-12-11T04:22:52.664+0000] {processor.py:840} INFO - DAG(s) 'example_branch_labels' retrieved from /home/airflow/.local/lib/python3.9/site-packages/airflow/example_dags/example_branch_labels.py
[2025-12-11T04:22:52.737+0000] {logging_mixin.py:188} INFO - [2025-12-11T04:22:52.733+0000] {dag.py:3096} INFO - Sync 1 DAGs
[2025-12-11T04:22:52.819+0000] {logging_mixin.py:188} INFO - [2025-12-11T04:22:52.818+0000] {dag.py:3954} INFO - Setting next_dagrun for example_branch_labels to 2025-12-10 00:00:00+00:00, run_after=2025-12-11 00:00:00+00:00
[2025-12-11T04:22:52.886+0000] {processor.py:183} INFO - Processing /home/airflow/.local/lib/python3.9/site-packages/airflow/example_dags/example_branch_labels.py took 0.262 seconds
[2025-12-11T04:23:23.180+0000] {processor.py:161} INFO - Started process (PID=686) to work on /home/airflow/.local/lib/python3.9/site-packages/airflow/example_dags/example_branch_labels.py
[2025-12-11T04:23:23.188+0000] {processor.py:830} INFO - Processing file /home/airflow/.local/lib/python3.9/site-packages/airflow/example_dags/example_branch_labels.py for tasks to queue
[2025-12-11T04:23:23.198+0000] {logging_mixin.py:188} INFO - [2025-12-11T04:23:23.197+0000] {dagbag.py:545} INFO - Filling up the DagBag from /home/airflow/.local/lib/python3.9/site-packages/airflow/example_dags/example_branch_labels.py
[2025-12-11T04:23:23.222+0000] {processor.py:840} INFO - DAG(s) 'example_branch_labels' retrieved from /home/airflow/.local/lib/python3.9/site-packages/airflow/example_dags/example_branch_labels.py
[2025-12-11T04:23:23.286+0000] {logging_mixin.py:188} INFO - [2025-12-11T04:23:23.286+0000] {dag.py:3096} INFO - Sync 1 DAGs
[2025-12-11T04:23:23.380+0000] {logging_mixin.py:188} INFO - [2025-12-11T04:23:23.379+0000] {dag.py:3954} INFO - Setting next_dagrun for example_branch_labels to 2025-12-10 00:00:00+00:00, run_after=2025-12-11 00:00:00+00:00
[2025-12-11T04:23:23.423+0000] {processor.py:183} INFO - Processing /home/airflow/.local/lib/python3.9/site-packages/airflow/example_dags/example_branch_labels.py took 0.259 seconds
[2025-12-11T04:23:54.068+0000] {processor.py:161} INFO - Started process (PID=752) to work on /home/airflow/.local/lib/python3.9/site-packages/airflow/example_dags/example_branch_labels.py
[2025-12-11T04:23:54.070+0000] {processor.py:830} INFO - Processing file /home/airflow/.local/lib/python3.9/site-packages/airflow/example_dags/example_branch_labels.py for tasks to queue
[2025-12-11T04:23:54.073+0000] {logging_mixin.py:188} INFO - [2025-12-11T04:23:54.072+0000] {dagbag.py:545} INFO - Filling up the DagBag from /home/airflow/.local/lib/python3.9/site-packages/airflow/example_dags/example_branch_labels.py
[2025-12-11T04:23:54.084+0000] {processor.py:840} INFO - DAG(s) 'example_branch_labels' retrieved from /home/airflow/.local/lib/python3.9/site-packages/airflow/example_dags/example_branch_labels.py
[2025-12-11T04:23:54.126+0000] {logging_mixin.py:188} INFO - [2025-12-11T04:23:54.126+0000] {dag.py:3096} INFO - Sync 1 DAGs
[2025-12-11T04:23:54.166+0000] {logging_mixin.py:188} INFO - [2025-12-11T04:23:54.166+0000] {dag.py:3954} INFO - Setting next_dagrun for example_branch_labels to 2025-12-10 00:00:00+00:00, run_after=2025-12-11 00:00:00+00:00
[2025-12-11T04:23:54.195+0000] {processor.py:183} INFO - Processing /home/airflow/.local/lib/python3.9/site-packages/airflow/example_dags/example_branch_labels.py took 0.137 seconds
[2025-12-11T04:24:24.468+0000] {processor.py:161} INFO - Started process (PID=818) to work on /home/airflow/.local/lib/python3.9/site-packages/airflow/example_dags/example_branch_labels.py
[2025-12-11T04:24:24.470+0000] {processor.py:830} INFO - Processing file /home/airflow/.local/lib/python3.9/site-packages/airflow/example_dags/example_branch_labels.py for tasks to queue
[2025-12-11T04:24:24.473+0000] {logging_mixin.py:188} INFO - [2025-12-11T04:24:24.472+0000] {dagbag.py:545} INFO - Filling up the DagBag from /home/airflow/.local/lib/python3.9/site-packages/airflow/example_dags/example_branch_labels.py
[2025-12-11T04:24:24.485+0000] {processor.py:840} INFO - DAG(s) 'example_branch_labels' retrieved from /home/airflow/.local/lib/python3.9/site-packages/airflow/example_dags/example_branch_labels.py
[2025-12-11T04:24:24.526+0000] {logging_mixin.py:188} INFO - [2025-12-11T04:24:24.525+0000] {dag.py:3096} INFO - Sync 1 DAGs
[2025-12-11T04:24:24.567+0000] {logging_mixin.py:188} INFO - [2025-12-11T04:24:24.566+0000] {dag.py:3954} INFO - Setting next_dagrun for example_branch_labels to 2025-12-10 00:00:00+00:00, run_after=2025-12-11 00:00:00+00:00
[2025-12-11T04:24:24.599+0000] {processor.py:183} INFO - Processing /home/airflow/.local/lib/python3.9/site-packages/airflow/example_dags/example_branch_labels.py took 0.142 seconds
[2025-12-11T04:24:55.585+0000] {processor.py:161} INFO - Started process (PID=884) to work on /home/airflow/.local/lib/python3.9/site-packages/airflow/example_dags/example_branch_labels.py
[2025-12-11T04:24:55.618+0000] {processor.py:830} INFO - Processing file /home/airflow/.local/lib/python3.9/site-packages/airflow/example_dags/example_branch_labels.py for tasks to queue
[2025-12-11T04:24:55.622+0000] {logging_mixin.py:188} INFO - [2025-12-11T04:24:55.621+0000] {dagbag.py:545} INFO - Filling up the DagBag from /home/airflow/.local/lib/python3.9/site-packages/airflow/example_dags/example_branch_labels.py
[2025-12-11T04:24:55.646+0000] {processor.py:840} INFO - DAG(s) 'example_branch_labels' retrieved from /home/airflow/.local/lib/python3.9/site-packages/airflow/example_dags/example_branch_labels.py
[2025-12-11T04:24:55.762+0000] {logging_mixin.py:188} INFO - [2025-12-11T04:24:55.762+0000] {dag.py:3096} INFO - Sync 1 DAGs
[2025-12-11T04:24:56.018+0000] {logging_mixin.py:188} INFO - [2025-12-11T04:24:56.018+0000] {dag.py:3954} INFO - Setting next_dagrun for example_branch_labels to 2025-12-10 00:00:00+00:00, run_after=2025-12-11 00:00:00+00:00
[2025-12-11T04:24:56.437+0000] {processor.py:183} INFO - Processing /home/airflow/.local/lib/python3.9/site-packages/airflow/example_dags/example_branch_labels.py took 0.877 seconds
[2025-12-11T04:25:27.394+0000] {processor.py:161} INFO - Started process (PID=949) to work on /home/airflow/.local/lib/python3.9/site-packages/airflow/example_dags/example_branch_labels.py
[2025-12-11T04:25:27.441+0000] {processor.py:830} INFO - Processing file /home/airflow/.local/lib/python3.9/site-packages/airflow/example_dags/example_branch_labels.py for tasks to queue
[2025-12-11T04:25:27.444+0000] {logging_mixin.py:188} INFO - [2025-12-11T04:25:27.444+0000] {dagbag.py:545} INFO - Filling up the DagBag from /home/airflow/.local/lib/python3.9/site-packages/airflow/example_dags/example_branch_labels.py
[2025-12-11T04:25:27.456+0000] {processor.py:840} INFO - DAG(s) 'example_branch_labels' retrieved from /home/airflow/.local/lib/python3.9/site-packages/airflow/example_dags/example_branch_labels.py
[2025-12-11T04:25:27.492+0000] {logging_mixin.py:188} INFO - [2025-12-11T04:25:27.491+0000] {dag.py:3096} INFO - Sync 1 DAGs
[2025-12-11T04:25:27.527+0000] {logging_mixin.py:188} INFO - [2025-12-11T04:25:27.527+0000] {dag.py:3954} INFO - Setting next_dagrun for example_branch_labels to 2025-12-10 00:00:00+00:00, run_after=2025-12-11 00:00:00+00:00
[2025-12-11T04:25:27.635+0000] {processor.py:183} INFO - Processing /home/airflow/.local/lib/python3.9/site-packages/airflow/example_dags/example_branch_labels.py took 0.255 seconds
[2025-12-11T04:25:57.992+0000] {processor.py:161} INFO - Started process (PID=1015) to work on /home/airflow/.local/lib/python3.9/site-packages/airflow/example_dags/example_branch_labels.py
[2025-12-11T04:25:58.036+0000] {processor.py:830} INFO - Processing file /home/airflow/.local/lib/python3.9/site-packages/airflow/example_dags/example_branch_labels.py for tasks to queue
[2025-12-11T04:25:58.039+0000] {logging_mixin.py:188} INFO - [2025-12-11T04:25:58.039+0000] {dagbag.py:545} INFO - Filling up the DagBag from /home/airflow/.local/lib/python3.9/site-packages/airflow/example_dags/example_branch_labels.py
[2025-12-11T04:25:58.054+0000] {processor.py:840} INFO - DAG(s) 'example_branch_labels' retrieved from /home/airflow/.local/lib/python3.9/site-packages/airflow/example_dags/example_branch_labels.py
[2025-12-11T04:25:58.095+0000] {logging_mixin.py:188} INFO - [2025-12-11T04:25:58.094+0000] {dag.py:3096} INFO - Sync 1 DAGs
[2025-12-11T04:25:58.141+0000] {logging_mixin.py:188} INFO - [2025-12-11T04:25:58.141+0000] {dag.py:3954} INFO - Setting next_dagrun for example_branch_labels to 2025-12-10 00:00:00+00:00, run_after=2025-12-11 00:00:00+00:00
[2025-12-11T04:25:58.204+0000] {processor.py:183} INFO - Processing /home/airflow/.local/lib/python3.9/site-packages/airflow/example_dags/example_branch_labels.py took 0.223 seconds
[2025-12-11T04:26:28.433+0000] {processor.py:161} INFO - Started process (PID=1081) to work on /home/airflow/.local/lib/python3.9/site-packages/airflow/example_dags/example_branch_labels.py
[2025-12-11T04:26:28.562+0000] {processor.py:830} INFO - Processing file /home/airflow/.local/lib/python3.9/site-packages/airflow/example_dags/example_branch_labels.py for tasks to queue
[2025-12-11T04:26:28.566+0000] {logging_mixin.py:188} INFO - [2025-12-11T04:26:28.565+0000] {dagbag.py:545} INFO - Filling up the DagBag from /home/airflow/.local/lib/python3.9/site-packages/airflow/example_dags/example_branch_labels.py
[2025-12-11T04:26:28.599+0000] {processor.py:840} INFO - DAG(s) 'example_branch_labels' retrieved from /home/airflow/.local/lib/python3.9/site-packages/airflow/example_dags/example_branch_labels.py
[2025-12-11T04:26:28.703+0000] {logging_mixin.py:188} INFO - [2025-12-11T04:26:28.702+0000] {dag.py:3096} INFO - Sync 1 DAGs
[2025-12-11T04:26:28.773+0000] {logging_mixin.py:188} INFO - [2025-12-11T04:26:28.772+0000] {dag.py:3954} INFO - Setting next_dagrun for example_branch_labels to 2025-12-10 00:00:00+00:00, run_after=2025-12-11 00:00:00+00:00
[2025-12-11T04:26:28.992+0000] {processor.py:183} INFO - Processing /home/airflow/.local/lib/python3.9/site-packages/airflow/example_dags/example_branch_labels.py took 0.568 seconds
[2025-12-11T04:26:59.392+0000] {processor.py:161} INFO - Started process (PID=1147) to work on /home/airflow/.local/lib/python3.9/site-packages/airflow/example_dags/example_branch_labels.py
[2025-12-11T04:26:59.472+0000] {processor.py:830} INFO - Processing file /home/airflow/.local/lib/python3.9/site-packages/airflow/example_dags/example_branch_labels.py for tasks to queue
[2025-12-11T04:26:59.475+0000] {logging_mixin.py:188} INFO - [2025-12-11T04:26:59.475+0000] {dagbag.py:545} INFO - Filling up the DagBag from /home/airflow/.local/lib/python3.9/site-packages/airflow/example_dags/example_branch_labels.py
[2025-12-11T04:26:59.489+0000] {processor.py:840} INFO - DAG(s) 'example_branch_labels' retrieved from /home/airflow/.local/lib/python3.9/site-packages/airflow/example_dags/example_branch_labels.py
[2025-12-11T04:26:59.566+0000] {logging_mixin.py:188} INFO - [2025-12-11T04:26:59.566+0000] {dag.py:3096} INFO - Sync 1 DAGs
[2025-12-11T04:26:59.611+0000] {logging_mixin.py:188} INFO - [2025-12-11T04:26:59.610+0000] {dag.py:3954} INFO - Setting next_dagrun for example_branch_labels to 2025-12-10 00:00:00+00:00, run_after=2025-12-11 00:00:00+00:00
[2025-12-11T04:26:59.845+0000] {processor.py:183} INFO - Processing /home/airflow/.local/lib/python3.9/site-packages/airflow/example_dags/example_branch_labels.py took 0.466 seconds
[2025-12-11T04:27:30.122+0000] {processor.py:161} INFO - Started process (PID=1213) to work on /home/airflow/.local/lib/python3.9/site-packages/airflow/example_dags/example_branch_labels.py
[2025-12-11T04:27:30.177+0000] {processor.py:830} INFO - Processing file /home/airflow/.local/lib/python3.9/site-packages/airflow/example_dags/example_branch_labels.py for tasks to queue
[2025-12-11T04:27:30.180+0000] {logging_mixin.py:188} INFO - [2025-12-11T04:27:30.180+0000] {dagbag.py:545} INFO - Filling up the DagBag from /home/airflow/.local/lib/python3.9/site-packages/airflow/example_dags/example_branch_labels.py
[2025-12-11T04:27:30.203+0000] {processor.py:840} INFO - DAG(s) 'example_branch_labels' retrieved from /home/airflow/.local/lib/python3.9/site-packages/airflow/example_dags/example_branch_labels.py
[2025-12-11T04:27:30.266+0000] {logging_mixin.py:188} INFO - [2025-12-11T04:27:30.265+0000] {dag.py:3096} INFO - Sync 1 DAGs
[2025-12-11T04:27:30.328+0000] {logging_mixin.py:188} INFO - [2025-12-11T04:27:30.328+0000] {dag.py:3954} INFO - Setting next_dagrun for example_branch_labels to 2025-12-10 00:00:00+00:00, run_after=2025-12-11 00:00:00+00:00
[2025-12-11T04:27:30.400+0000] {processor.py:183} INFO - Processing /home/airflow/.local/lib/python3.9/site-packages/airflow/example_dags/example_branch_labels.py took 0.299 seconds
[2025-12-11T04:28:00.462+0000] {processor.py:161} INFO - Started process (PID=1278) to work on /home/airflow/.local/lib/python3.9/site-packages/airflow/example_dags/example_branch_labels.py
[2025-12-11T04:28:00.465+0000] {processor.py:830} INFO - Processing file /home/airflow/.local/lib/python3.9/site-packages/airflow/example_dags/example_branch_labels.py for tasks to queue
[2025-12-11T04:28:00.468+0000] {logging_mixin.py:188} INFO - [2025-12-11T04:28:00.468+0000] {dagbag.py:545} INFO - Filling up the DagBag from /home/airflow/.local/lib/python3.9/site-packages/airflow/example_dags/example_branch_labels.py
[2025-12-11T04:28:00.483+0000] {processor.py:840} INFO - DAG(s) 'example_branch_labels' retrieved from /home/airflow/.local/lib/python3.9/site-packages/airflow/example_dags/example_branch_labels.py
[2025-12-11T04:28:00.534+0000] {logging_mixin.py:188} INFO - [2025-12-11T04:28:00.533+0000] {dag.py:3096} INFO - Sync 1 DAGs
[2025-12-11T04:28:00.583+0000] {logging_mixin.py:188} INFO - [2025-12-11T04:28:00.582+0000] {dag.py:3954} INFO - Setting next_dagrun for example_branch_labels to 2025-12-10 00:00:00+00:00, run_after=2025-12-11 00:00:00+00:00
[2025-12-11T04:28:00.616+0000] {processor.py:183} INFO - Processing /home/airflow/.local/lib/python3.9/site-packages/airflow/example_dags/example_branch_labels.py took 0.167 seconds
[2025-12-11T04:28:31.244+0000] {processor.py:161} INFO - Started process (PID=1344) to work on /home/airflow/.local/lib/python3.9/site-packages/airflow/example_dags/example_branch_labels.py
[2025-12-11T04:28:31.246+0000] {processor.py:830} INFO - Processing file /home/airflow/.local/lib/python3.9/site-packages/airflow/example_dags/example_branch_labels.py for tasks to queue
[2025-12-11T04:28:31.248+0000] {logging_mixin.py:188} INFO - [2025-12-11T04:28:31.248+0000] {dagbag.py:545} INFO - Filling up the DagBag from /home/airflow/.local/lib/python3.9/site-packages/airflow/example_dags/example_branch_labels.py
[2025-12-11T04:28:31.261+0000] {processor.py:840} INFO - DAG(s) 'example_branch_labels' retrieved from /home/airflow/.local/lib/python3.9/site-packages/airflow/example_dags/example_branch_labels.py
[2025-12-11T04:28:31.302+0000] {logging_mixin.py:188} INFO - [2025-12-11T04:28:31.302+0000] {dag.py:3096} INFO - Sync 1 DAGs
[2025-12-11T04:28:31.341+0000] {logging_mixin.py:188} INFO - [2025-12-11T04:28:31.341+0000] {dag.py:3954} INFO - Setting next_dagrun for example_branch_labels to 2025-12-10 00:00:00+00:00, run_after=2025-12-11 00:00:00+00:00
[2025-12-11T04:28:31.371+0000] {processor.py:183} INFO - Processing /home/airflow/.local/lib/python3.9/site-packages/airflow/example_dags/example_branch_labels.py took 0.137 seconds
[2025-12-11T04:29:02.248+0000] {processor.py:161} INFO - Started process (PID=1410) to work on /home/airflow/.local/lib/python3.9/site-packages/airflow/example_dags/example_branch_labels.py
[2025-12-11T04:29:02.250+0000] {processor.py:830} INFO - Processing file /home/airflow/.local/lib/python3.9/site-packages/airflow/example_dags/example_branch_labels.py for tasks to queue
[2025-12-11T04:29:02.255+0000] {logging_mixin.py:188} INFO - [2025-12-11T04:29:02.255+0000] {dagbag.py:545} INFO - Filling up the DagBag from /home/airflow/.local/lib/python3.9/site-packages/airflow/example_dags/example_branch_labels.py
[2025-12-11T04:29:02.279+0000] {processor.py:840} INFO - DAG(s) 'example_branch_labels' retrieved from /home/airflow/.local/lib/python3.9/site-packages/airflow/example_dags/example_branch_labels.py
[2025-12-11T04:29:02.324+0000] {logging_mixin.py:188} INFO - [2025-12-11T04:29:02.324+0000] {dag.py:3096} INFO - Sync 1 DAGs
[2025-12-11T04:29:02.366+0000] {logging_mixin.py:188} INFO - [2025-12-11T04:29:02.366+0000] {dag.py:3954} INFO - Setting next_dagrun for example_branch_labels to 2025-12-10 00:00:00+00:00, run_after=2025-12-11 00:00:00+00:00
[2025-12-11T04:29:02.393+0000] {processor.py:183} INFO - Processing /home/airflow/.local/lib/python3.9/site-packages/airflow/example_dags/example_branch_labels.py took 0.154 seconds
[2025-12-11T04:29:32.992+0000] {processor.py:161} INFO - Started process (PID=1476) to work on /home/airflow/.local/lib/python3.9/site-packages/airflow/example_dags/example_branch_labels.py
[2025-12-11T04:29:33.000+0000] {processor.py:830} INFO - Processing file /home/airflow/.local/lib/python3.9/site-packages/airflow/example_dags/example_branch_labels.py for tasks to queue
[2025-12-11T04:29:33.003+0000] {logging_mixin.py:188} INFO - [2025-12-11T04:29:33.002+0000] {dagbag.py:545} INFO - Filling up the DagBag from /home/airflow/.local/lib/python3.9/site-packages/airflow/example_dags/example_branch_labels.py
[2025-12-11T04:29:33.017+0000] {processor.py:840} INFO - DAG(s) 'example_branch_labels' retrieved from /home/airflow/.local/lib/python3.9/site-packages/airflow/example_dags/example_branch_labels.py
[2025-12-11T04:29:33.074+0000] {logging_mixin.py:188} INFO - [2025-12-11T04:29:33.074+0000] {dag.py:3096} INFO - Sync 1 DAGs
[2025-12-11T04:29:33.122+0000] {logging_mixin.py:188} INFO - [2025-12-11T04:29:33.122+0000] {dag.py:3954} INFO - Setting next_dagrun for example_branch_labels to 2025-12-10 00:00:00+00:00, run_after=2025-12-11 00:00:00+00:00
[2025-12-11T04:29:33.147+0000] {processor.py:183} INFO - Processing /home/airflow/.local/lib/python3.9/site-packages/airflow/example_dags/example_branch_labels.py took 0.166 seconds
[2025-12-11T04:30:03.303+0000] {processor.py:161} INFO - Started process (PID=1542) to work on /home/airflow/.local/lib/python3.9/site-packages/airflow/example_dags/example_branch_labels.py
[2025-12-11T04:30:03.312+0000] {processor.py:830} INFO - Processing file /home/airflow/.local/lib/python3.9/site-packages/airflow/example_dags/example_branch_labels.py for tasks to queue
[2025-12-11T04:30:03.315+0000] {logging_mixin.py:188} INFO - [2025-12-11T04:30:03.314+0000] {dagbag.py:545} INFO - Filling up the DagBag from /home/airflow/.local/lib/python3.9/site-packages/airflow/example_dags/example_branch_labels.py
[2025-12-11T04:30:03.326+0000] {processor.py:840} INFO - DAG(s) 'example_branch_labels' retrieved from /home/airflow/.local/lib/python3.9/site-packages/airflow/example_dags/example_branch_labels.py
[2025-12-11T04:30:03.363+0000] {logging_mixin.py:188} INFO - [2025-12-11T04:30:03.362+0000] {dag.py:3096} INFO - Sync 1 DAGs
[2025-12-11T04:30:03.412+0000] {logging_mixin.py:188} INFO - [2025-12-11T04:30:03.411+0000] {dag.py:3954} INFO - Setting next_dagrun for example_branch_labels to 2025-12-10 00:00:00+00:00, run_after=2025-12-11 00:00:00+00:00
[2025-12-11T04:30:03.446+0000] {processor.py:183} INFO - Processing /home/airflow/.local/lib/python3.9/site-packages/airflow/example_dags/example_branch_labels.py took 0.152 seconds
[2025-12-11T04:30:33.895+0000] {processor.py:161} INFO - Started process (PID=1608) to work on /home/airflow/.local/lib/python3.9/site-packages/airflow/example_dags/example_branch_labels.py
[2025-12-11T04:30:33.901+0000] {processor.py:830} INFO - Processing file /home/airflow/.local/lib/python3.9/site-packages/airflow/example_dags/example_branch_labels.py for tasks to queue
[2025-12-11T04:30:33.904+0000] {logging_mixin.py:188} INFO - [2025-12-11T04:30:33.904+0000] {dagbag.py:545} INFO - Filling up the DagBag from /home/airflow/.local/lib/python3.9/site-packages/airflow/example_dags/example_branch_labels.py
[2025-12-11T04:30:33.916+0000] {processor.py:840} INFO - DAG(s) 'example_branch_labels' retrieved from /home/airflow/.local/lib/python3.9/site-packages/airflow/example_dags/example_branch_labels.py
[2025-12-11T04:30:33.960+0000] {logging_mixin.py:188} INFO - [2025-12-11T04:30:33.959+0000] {dag.py:3096} INFO - Sync 1 DAGs
[2025-12-11T04:30:34.003+0000] {logging_mixin.py:188} INFO - [2025-12-11T04:30:34.002+0000] {dag.py:3954} INFO - Setting next_dagrun for example_branch_labels to 2025-12-10 00:00:00+00:00, run_after=2025-12-11 00:00:00+00:00
[2025-12-11T04:30:34.040+0000] {processor.py:183} INFO - Processing /home/airflow/.local/lib/python3.9/site-packages/airflow/example_dags/example_branch_labels.py took 0.156 seconds
[2025-12-11T04:31:04.807+0000] {processor.py:161} INFO - Started process (PID=1673) to work on /home/airflow/.local/lib/python3.9/site-packages/airflow/example_dags/example_branch_labels.py
[2025-12-11T04:31:04.809+0000] {processor.py:830} INFO - Processing file /home/airflow/.local/lib/python3.9/site-packages/airflow/example_dags/example_branch_labels.py for tasks to queue
[2025-12-11T04:31:04.812+0000] {logging_mixin.py:188} INFO - [2025-12-11T04:31:04.812+0000] {dagbag.py:545} INFO - Filling up the DagBag from /home/airflow/.local/lib/python3.9/site-packages/airflow/example_dags/example_branch_labels.py
[2025-12-11T04:31:04.828+0000] {processor.py:840} INFO - DAG(s) 'example_branch_labels' retrieved from /home/airflow/.local/lib/python3.9/site-packages/airflow/example_dags/example_branch_labels.py
[2025-12-11T04:31:04.870+0000] {logging_mixin.py:188} INFO - [2025-12-11T04:31:04.870+0000] {dag.py:3096} INFO - Sync 1 DAGs
[2025-12-11T04:31:04.908+0000] {logging_mixin.py:188} INFO - [2025-12-11T04:31:04.908+0000] {dag.py:3954} INFO - Setting next_dagrun for example_branch_labels to 2025-12-10 00:00:00+00:00, run_after=2025-12-11 00:00:00+00:00
[2025-12-11T04:31:04.936+0000] {processor.py:183} INFO - Processing /home/airflow/.local/lib/python3.9/site-packages/airflow/example_dags/example_branch_labels.py took 0.140 seconds
[2025-12-11T04:31:35.499+0000] {processor.py:161} INFO - Started process (PID=1739) to work on /home/airflow/.local/lib/python3.9/site-packages/airflow/example_dags/example_branch_labels.py
[2025-12-11T04:31:35.500+0000] {processor.py:830} INFO - Processing file /home/airflow/.local/lib/python3.9/site-packages/airflow/example_dags/example_branch_labels.py for tasks to queue
[2025-12-11T04:31:35.503+0000] {logging_mixin.py:188} INFO - [2025-12-11T04:31:35.503+0000] {dagbag.py:545} INFO - Filling up the DagBag from /home/airflow/.local/lib/python3.9/site-packages/airflow/example_dags/example_branch_labels.py
[2025-12-11T04:31:35.526+0000] {processor.py:840} INFO - DAG(s) 'example_branch_labels' retrieved from /home/airflow/.local/lib/python3.9/site-packages/airflow/example_dags/example_branch_labels.py
[2025-12-11T04:31:35.585+0000] {logging_mixin.py:188} INFO - [2025-12-11T04:31:35.585+0000] {dag.py:3096} INFO - Sync 1 DAGs
[2025-12-11T04:31:35.642+0000] {logging_mixin.py:188} INFO - [2025-12-11T04:31:35.641+0000] {dag.py:3954} INFO - Setting next_dagrun for example_branch_labels to 2025-12-10 00:00:00+00:00, run_after=2025-12-11 00:00:00+00:00
[2025-12-11T04:31:35.682+0000] {processor.py:183} INFO - Processing /home/airflow/.local/lib/python3.9/site-packages/airflow/example_dags/example_branch_labels.py took 0.204 seconds
[2025-12-11T04:32:06.330+0000] {processor.py:161} INFO - Started process (PID=1805) to work on /home/airflow/.local/lib/python3.9/site-packages/airflow/example_dags/example_branch_labels.py
[2025-12-11T04:32:06.332+0000] {processor.py:830} INFO - Processing file /home/airflow/.local/lib/python3.9/site-packages/airflow/example_dags/example_branch_labels.py for tasks to queue
[2025-12-11T04:32:06.337+0000] {logging_mixin.py:188} INFO - [2025-12-11T04:32:06.337+0000] {dagbag.py:545} INFO - Filling up the DagBag from /home/airflow/.local/lib/python3.9/site-packages/airflow/example_dags/example_branch_labels.py
[2025-12-11T04:32:06.358+0000] {processor.py:840} INFO - DAG(s) 'example_branch_labels' retrieved from /home/airflow/.local/lib/python3.9/site-packages/airflow/example_dags/example_branch_labels.py
[2025-12-11T04:32:06.445+0000] {logging_mixin.py:188} INFO - [2025-12-11T04:32:06.444+0000] {dag.py:3096} INFO - Sync 1 DAGs
[2025-12-11T04:32:06.545+0000] {logging_mixin.py:188} INFO - [2025-12-11T04:32:06.545+0000] {dag.py:3954} INFO - Setting next_dagrun for example_branch_labels to 2025-12-10 00:00:00+00:00, run_after=2025-12-11 00:00:00+00:00
[2025-12-11T04:32:06.599+0000] {processor.py:183} INFO - Processing /home/airflow/.local/lib/python3.9/site-packages/airflow/example_dags/example_branch_labels.py took 0.279 seconds
[2025-12-11T04:32:36.790+0000] {processor.py:161} INFO - Started process (PID=1871) to work on /home/airflow/.local/lib/python3.9/site-packages/airflow/example_dags/example_branch_labels.py
[2025-12-11T04:32:36.792+0000] {processor.py:830} INFO - Processing file /home/airflow/.local/lib/python3.9/site-packages/airflow/example_dags/example_branch_labels.py for tasks to queue
[2025-12-11T04:32:36.794+0000] {logging_mixin.py:188} INFO - [2025-12-11T04:32:36.794+0000] {dagbag.py:545} INFO - Filling up the DagBag from /home/airflow/.local/lib/python3.9/site-packages/airflow/example_dags/example_branch_labels.py
[2025-12-11T04:32:36.805+0000] {processor.py:840} INFO - DAG(s) 'example_branch_labels' retrieved from /home/airflow/.local/lib/python3.9/site-packages/airflow/example_dags/example_branch_labels.py
[2025-12-11T04:32:36.844+0000] {logging_mixin.py:188} INFO - [2025-12-11T04:32:36.844+0000] {dag.py:3096} INFO - Sync 1 DAGs
[2025-12-11T04:32:36.884+0000] {logging_mixin.py:188} INFO - [2025-12-11T04:32:36.883+0000] {dag.py:3954} INFO - Setting next_dagrun for example_branch_labels to 2025-12-10 00:00:00+00:00, run_after=2025-12-11 00:00:00+00:00
[2025-12-11T04:32:36.924+0000] {processor.py:183} INFO - Processing /home/airflow/.local/lib/python3.9/site-packages/airflow/example_dags/example_branch_labels.py took 0.144 seconds
[2025-12-11T04:33:07.469+0000] {processor.py:161} INFO - Started process (PID=1944) to work on /home/airflow/.local/lib/python3.9/site-packages/airflow/example_dags/example_branch_labels.py
[2025-12-11T04:33:07.472+0000] {processor.py:830} INFO - Processing file /home/airflow/.local/lib/python3.9/site-packages/airflow/example_dags/example_branch_labels.py for tasks to queue
[2025-12-11T04:33:07.475+0000] {logging_mixin.py:188} INFO - [2025-12-11T04:33:07.475+0000] {dagbag.py:545} INFO - Filling up the DagBag from /home/airflow/.local/lib/python3.9/site-packages/airflow/example_dags/example_branch_labels.py
[2025-12-11T04:33:07.488+0000] {processor.py:840} INFO - DAG(s) 'example_branch_labels' retrieved from /home/airflow/.local/lib/python3.9/site-packages/airflow/example_dags/example_branch_labels.py
[2025-12-11T04:33:07.535+0000] {logging_mixin.py:188} INFO - [2025-12-11T04:33:07.534+0000] {dag.py:3096} INFO - Sync 1 DAGs
[2025-12-11T04:33:07.588+0000] {logging_mixin.py:188} INFO - [2025-12-11T04:33:07.587+0000] {dag.py:3954} INFO - Setting next_dagrun for example_branch_labels to 2025-12-10 00:00:00+00:00, run_after=2025-12-11 00:00:00+00:00
[2025-12-11T04:33:07.635+0000] {processor.py:183} INFO - Processing /home/airflow/.local/lib/python3.9/site-packages/airflow/example_dags/example_branch_labels.py took 0.178 seconds
[2025-12-11T04:33:38.320+0000] {processor.py:161} INFO - Started process (PID=2011) to work on /home/airflow/.local/lib/python3.9/site-packages/airflow/example_dags/example_branch_labels.py
[2025-12-11T04:33:38.369+0000] {processor.py:830} INFO - Processing file /home/airflow/.local/lib/python3.9/site-packages/airflow/example_dags/example_branch_labels.py for tasks to queue
[2025-12-11T04:33:38.372+0000] {logging_mixin.py:188} INFO - [2025-12-11T04:33:38.371+0000] {dagbag.py:545} INFO - Filling up the DagBag from /home/airflow/.local/lib/python3.9/site-packages/airflow/example_dags/example_branch_labels.py
[2025-12-11T04:33:38.387+0000] {processor.py:840} INFO - DAG(s) 'example_branch_labels' retrieved from /home/airflow/.local/lib/python3.9/site-packages/airflow/example_dags/example_branch_labels.py
[2025-12-11T04:33:38.479+0000] {logging_mixin.py:188} INFO - [2025-12-11T04:33:38.478+0000] {dag.py:3096} INFO - Sync 1 DAGs
[2025-12-11T04:33:38.542+0000] {logging_mixin.py:188} INFO - [2025-12-11T04:33:38.541+0000] {dag.py:3954} INFO - Setting next_dagrun for example_branch_labels to 2025-12-10 00:00:00+00:00, run_after=2025-12-11 00:00:00+00:00
[2025-12-11T04:33:38.632+0000] {processor.py:183} INFO - Processing /home/airflow/.local/lib/python3.9/site-packages/airflow/example_dags/example_branch_labels.py took 0.332 seconds
[2025-12-11T04:34:09.645+0000] {processor.py:161} INFO - Started process (PID=2079) to work on /home/airflow/.local/lib/python3.9/site-packages/airflow/example_dags/example_branch_labels.py
[2025-12-11T04:34:09.661+0000] {processor.py:830} INFO - Processing file /home/airflow/.local/lib/python3.9/site-packages/airflow/example_dags/example_branch_labels.py for tasks to queue
[2025-12-11T04:34:09.665+0000] {logging_mixin.py:188} INFO - [2025-12-11T04:34:09.664+0000] {dagbag.py:545} INFO - Filling up the DagBag from /home/airflow/.local/lib/python3.9/site-packages/airflow/example_dags/example_branch_labels.py
[2025-12-11T04:34:09.688+0000] {processor.py:840} INFO - DAG(s) 'example_branch_labels' retrieved from /home/airflow/.local/lib/python3.9/site-packages/airflow/example_dags/example_branch_labels.py
[2025-12-11T04:34:09.779+0000] {logging_mixin.py:188} INFO - [2025-12-11T04:34:09.778+0000] {dag.py:3096} INFO - Sync 1 DAGs
[2025-12-11T04:34:09.859+0000] {logging_mixin.py:188} INFO - [2025-12-11T04:34:09.858+0000] {dag.py:3954} INFO - Setting next_dagrun for example_branch_labels to 2025-12-10 00:00:00+00:00, run_after=2025-12-11 00:00:00+00:00
[2025-12-11T04:34:10.149+0000] {processor.py:183} INFO - Processing /home/airflow/.local/lib/python3.9/site-packages/airflow/example_dags/example_branch_labels.py took 0.524 seconds
[2025-12-11T04:34:40.609+0000] {processor.py:161} INFO - Started process (PID=2146) to work on /home/airflow/.local/lib/python3.9/site-packages/airflow/example_dags/example_branch_labels.py
[2025-12-11T04:34:40.611+0000] {processor.py:830} INFO - Processing file /home/airflow/.local/lib/python3.9/site-packages/airflow/example_dags/example_branch_labels.py for tasks to queue
[2025-12-11T04:34:40.613+0000] {logging_mixin.py:188} INFO - [2025-12-11T04:34:40.613+0000] {dagbag.py:545} INFO - Filling up the DagBag from /home/airflow/.local/lib/python3.9/site-packages/airflow/example_dags/example_branch_labels.py
[2025-12-11T04:34:40.626+0000] {processor.py:840} INFO - DAG(s) 'example_branch_labels' retrieved from /home/airflow/.local/lib/python3.9/site-packages/airflow/example_dags/example_branch_labels.py
[2025-12-11T04:34:40.683+0000] {logging_mixin.py:188} INFO - [2025-12-11T04:34:40.682+0000] {dag.py:3096} INFO - Sync 1 DAGs
[2025-12-11T04:34:40.759+0000] {logging_mixin.py:188} INFO - [2025-12-11T04:34:40.758+0000] {dag.py:3954} INFO - Setting next_dagrun for example_branch_labels to 2025-12-10 00:00:00+00:00, run_after=2025-12-11 00:00:00+00:00
[2025-12-11T04:34:40.801+0000] {processor.py:183} INFO - Processing /home/airflow/.local/lib/python3.9/site-packages/airflow/example_dags/example_branch_labels.py took 0.202 seconds
[2025-12-11T04:35:11.062+0000] {processor.py:161} INFO - Started process (PID=2213) to work on /home/airflow/.local/lib/python3.9/site-packages/airflow/example_dags/example_branch_labels.py
[2025-12-11T04:35:11.064+0000] {processor.py:830} INFO - Processing file /home/airflow/.local/lib/python3.9/site-packages/airflow/example_dags/example_branch_labels.py for tasks to queue
[2025-12-11T04:35:11.066+0000] {logging_mixin.py:188} INFO - [2025-12-11T04:35:11.066+0000] {dagbag.py:545} INFO - Filling up the DagBag from /home/airflow/.local/lib/python3.9/site-packages/airflow/example_dags/example_branch_labels.py
[2025-12-11T04:35:11.086+0000] {processor.py:840} INFO - DAG(s) 'example_branch_labels' retrieved from /home/airflow/.local/lib/python3.9/site-packages/airflow/example_dags/example_branch_labels.py
[2025-12-11T04:35:11.157+0000] {logging_mixin.py:188} INFO - [2025-12-11T04:35:11.148+0000] {dag.py:3096} INFO - Sync 1 DAGs
[2025-12-11T04:35:11.219+0000] {logging_mixin.py:188} INFO - [2025-12-11T04:35:11.218+0000] {dag.py:3954} INFO - Setting next_dagrun for example_branch_labels to 2025-12-10 00:00:00+00:00, run_after=2025-12-11 00:00:00+00:00
[2025-12-11T04:35:11.285+0000] {processor.py:183} INFO - Processing /home/airflow/.local/lib/python3.9/site-packages/airflow/example_dags/example_branch_labels.py took 0.242 seconds
[2025-12-11T04:35:41.510+0000] {processor.py:161} INFO - Started process (PID=2281) to work on /home/airflow/.local/lib/python3.9/site-packages/airflow/example_dags/example_branch_labels.py
[2025-12-11T04:35:41.537+0000] {processor.py:830} INFO - Processing file /home/airflow/.local/lib/python3.9/site-packages/airflow/example_dags/example_branch_labels.py for tasks to queue
[2025-12-11T04:35:41.541+0000] {logging_mixin.py:188} INFO - [2025-12-11T04:35:41.540+0000] {dagbag.py:545} INFO - Filling up the DagBag from /home/airflow/.local/lib/python3.9/site-packages/airflow/example_dags/example_branch_labels.py
[2025-12-11T04:35:41.560+0000] {processor.py:840} INFO - DAG(s) 'example_branch_labels' retrieved from /home/airflow/.local/lib/python3.9/site-packages/airflow/example_dags/example_branch_labels.py
[2025-12-11T04:35:41.638+0000] {logging_mixin.py:188} INFO - [2025-12-11T04:35:41.638+0000] {dag.py:3096} INFO - Sync 1 DAGs
[2025-12-11T04:35:41.736+0000] {logging_mixin.py:188} INFO - [2025-12-11T04:35:41.736+0000] {dag.py:3954} INFO - Setting next_dagrun for example_branch_labels to 2025-12-10 00:00:00+00:00, run_after=2025-12-11 00:00:00+00:00
[2025-12-11T04:35:41.948+0000] {processor.py:183} INFO - Processing /home/airflow/.local/lib/python3.9/site-packages/airflow/example_dags/example_branch_labels.py took 0.449 seconds
[2025-12-11T04:36:12.802+0000] {processor.py:161} INFO - Started process (PID=2348) to work on /home/airflow/.local/lib/python3.9/site-packages/airflow/example_dags/example_branch_labels.py
[2025-12-11T04:36:12.804+0000] {processor.py:830} INFO - Processing file /home/airflow/.local/lib/python3.9/site-packages/airflow/example_dags/example_branch_labels.py for tasks to queue
[2025-12-11T04:36:12.807+0000] {logging_mixin.py:188} INFO - [2025-12-11T04:36:12.806+0000] {dagbag.py:545} INFO - Filling up the DagBag from /home/airflow/.local/lib/python3.9/site-packages/airflow/example_dags/example_branch_labels.py
[2025-12-11T04:36:12.819+0000] {processor.py:840} INFO - DAG(s) 'example_branch_labels' retrieved from /home/airflow/.local/lib/python3.9/site-packages/airflow/example_dags/example_branch_labels.py
[2025-12-11T04:36:12.856+0000] {logging_mixin.py:188} INFO - [2025-12-11T04:36:12.855+0000] {dag.py:3096} INFO - Sync 1 DAGs
[2025-12-11T04:36:12.894+0000] {logging_mixin.py:188} INFO - [2025-12-11T04:36:12.893+0000] {dag.py:3954} INFO - Setting next_dagrun for example_branch_labels to 2025-12-10 00:00:00+00:00, run_after=2025-12-11 00:00:00+00:00
[2025-12-11T04:36:12.945+0000] {processor.py:183} INFO - Processing /home/airflow/.local/lib/python3.9/site-packages/airflow/example_dags/example_branch_labels.py took 0.153 seconds
[2025-12-11T04:36:43.324+0000] {processor.py:161} INFO - Started process (PID=2415) to work on /home/airflow/.local/lib/python3.9/site-packages/airflow/example_dags/example_branch_labels.py
[2025-12-11T04:36:43.367+0000] {processor.py:830} INFO - Processing file /home/airflow/.local/lib/python3.9/site-packages/airflow/example_dags/example_branch_labels.py for tasks to queue
[2025-12-11T04:36:43.370+0000] {logging_mixin.py:188} INFO - [2025-12-11T04:36:43.369+0000] {dagbag.py:545} INFO - Filling up the DagBag from /home/airflow/.local/lib/python3.9/site-packages/airflow/example_dags/example_branch_labels.py
[2025-12-11T04:36:43.381+0000] {processor.py:840} INFO - DAG(s) 'example_branch_labels' retrieved from /home/airflow/.local/lib/python3.9/site-packages/airflow/example_dags/example_branch_labels.py
[2025-12-11T04:36:43.417+0000] {logging_mixin.py:188} INFO - [2025-12-11T04:36:43.416+0000] {dag.py:3096} INFO - Sync 1 DAGs
[2025-12-11T04:36:43.450+0000] {logging_mixin.py:188} INFO - [2025-12-11T04:36:43.450+0000] {dag.py:3954} INFO - Setting next_dagrun for example_branch_labels to 2025-12-10 00:00:00+00:00, run_after=2025-12-11 00:00:00+00:00
[2025-12-11T04:36:43.477+0000] {processor.py:183} INFO - Processing /home/airflow/.local/lib/python3.9/site-packages/airflow/example_dags/example_branch_labels.py took 0.162 seconds
[2025-12-11T04:37:13.569+0000] {processor.py:161} INFO - Started process (PID=2482) to work on /home/airflow/.local/lib/python3.9/site-packages/airflow/example_dags/example_branch_labels.py
[2025-12-11T04:37:13.571+0000] {processor.py:830} INFO - Processing file /home/airflow/.local/lib/python3.9/site-packages/airflow/example_dags/example_branch_labels.py for tasks to queue
[2025-12-11T04:37:13.578+0000] {logging_mixin.py:188} INFO - [2025-12-11T04:37:13.574+0000] {dagbag.py:545} INFO - Filling up the DagBag from /home/airflow/.local/lib/python3.9/site-packages/airflow/example_dags/example_branch_labels.py
[2025-12-11T04:37:13.593+0000] {processor.py:840} INFO - DAG(s) 'example_branch_labels' retrieved from /home/airflow/.local/lib/python3.9/site-packages/airflow/example_dags/example_branch_labels.py
[2025-12-11T04:37:13.643+0000] {logging_mixin.py:188} INFO - [2025-12-11T04:37:13.642+0000] {dag.py:3096} INFO - Sync 1 DAGs
[2025-12-11T04:37:13.689+0000] {logging_mixin.py:188} INFO - [2025-12-11T04:37:13.688+0000] {dag.py:3954} INFO - Setting next_dagrun for example_branch_labels to 2025-12-10 00:00:00+00:00, run_after=2025-12-11 00:00:00+00:00
[2025-12-11T04:37:13.942+0000] {processor.py:183} INFO - Processing /home/airflow/.local/lib/python3.9/site-packages/airflow/example_dags/example_branch_labels.py took 0.384 seconds
[2025-12-11T04:37:44.602+0000] {processor.py:161} INFO - Started process (PID=2549) to work on /home/airflow/.local/lib/python3.9/site-packages/airflow/example_dags/example_branch_labels.py
[2025-12-11T04:37:44.626+0000] {processor.py:830} INFO - Processing file /home/airflow/.local/lib/python3.9/site-packages/airflow/example_dags/example_branch_labels.py for tasks to queue
[2025-12-11T04:37:44.629+0000] {logging_mixin.py:188} INFO - [2025-12-11T04:37:44.629+0000] {dagbag.py:545} INFO - Filling up the DagBag from /home/airflow/.local/lib/python3.9/site-packages/airflow/example_dags/example_branch_labels.py
[2025-12-11T04:37:44.644+0000] {processor.py:840} INFO - DAG(s) 'example_branch_labels' retrieved from /home/airflow/.local/lib/python3.9/site-packages/airflow/example_dags/example_branch_labels.py
[2025-12-11T04:37:44.687+0000] {logging_mixin.py:188} INFO - [2025-12-11T04:37:44.686+0000] {dag.py:3096} INFO - Sync 1 DAGs
[2025-12-11T04:37:44.744+0000] {logging_mixin.py:188} INFO - [2025-12-11T04:37:44.743+0000] {dag.py:3954} INFO - Setting next_dagrun for example_branch_labels to 2025-12-10 00:00:00+00:00, run_after=2025-12-11 00:00:00+00:00
[2025-12-11T04:37:44.802+0000] {processor.py:183} INFO - Processing /home/airflow/.local/lib/python3.9/site-packages/airflow/example_dags/example_branch_labels.py took 0.215 seconds
[2025-12-11T04:38:15.218+0000] {processor.py:161} INFO - Started process (PID=2616) to work on /home/airflow/.local/lib/python3.9/site-packages/airflow/example_dags/example_branch_labels.py
[2025-12-11T04:38:15.259+0000] {processor.py:830} INFO - Processing file /home/airflow/.local/lib/python3.9/site-packages/airflow/example_dags/example_branch_labels.py for tasks to queue
[2025-12-11T04:38:15.263+0000] {logging_mixin.py:188} INFO - [2025-12-11T04:38:15.262+0000] {dagbag.py:545} INFO - Filling up the DagBag from /home/airflow/.local/lib/python3.9/site-packages/airflow/example_dags/example_branch_labels.py
[2025-12-11T04:38:15.284+0000] {processor.py:840} INFO - DAG(s) 'example_branch_labels' retrieved from /home/airflow/.local/lib/python3.9/site-packages/airflow/example_dags/example_branch_labels.py
[2025-12-11T04:38:15.353+0000] {logging_mixin.py:188} INFO - [2025-12-11T04:38:15.352+0000] {dag.py:3096} INFO - Sync 1 DAGs
[2025-12-11T04:38:15.482+0000] {logging_mixin.py:188} INFO - [2025-12-11T04:38:15.481+0000] {dag.py:3954} INFO - Setting next_dagrun for example_branch_labels to 2025-12-10 00:00:00+00:00, run_after=2025-12-11 00:00:00+00:00
[2025-12-11T04:38:15.619+0000] {processor.py:183} INFO - Processing /home/airflow/.local/lib/python3.9/site-packages/airflow/example_dags/example_branch_labels.py took 0.425 seconds
[2025-12-11T04:38:45.778+0000] {processor.py:161} INFO - Started process (PID=2683) to work on /home/airflow/.local/lib/python3.9/site-packages/airflow/example_dags/example_branch_labels.py
[2025-12-11T04:38:45.780+0000] {processor.py:830} INFO - Processing file /home/airflow/.local/lib/python3.9/site-packages/airflow/example_dags/example_branch_labels.py for tasks to queue
[2025-12-11T04:38:45.783+0000] {logging_mixin.py:188} INFO - [2025-12-11T04:38:45.782+0000] {dagbag.py:545} INFO - Filling up the DagBag from /home/airflow/.local/lib/python3.9/site-packages/airflow/example_dags/example_branch_labels.py
[2025-12-11T04:38:45.805+0000] {processor.py:840} INFO - DAG(s) 'example_branch_labels' retrieved from /home/airflow/.local/lib/python3.9/site-packages/airflow/example_dags/example_branch_labels.py
[2025-12-11T04:38:45.864+0000] {logging_mixin.py:188} INFO - [2025-12-11T04:38:45.864+0000] {dag.py:3096} INFO - Sync 1 DAGs
[2025-12-11T04:38:45.918+0000] {logging_mixin.py:188} INFO - [2025-12-11T04:38:45.918+0000] {dag.py:3954} INFO - Setting next_dagrun for example_branch_labels to 2025-12-10 00:00:00+00:00, run_after=2025-12-11 00:00:00+00:00
[2025-12-11T04:38:45.948+0000] {processor.py:183} INFO - Processing /home/airflow/.local/lib/python3.9/site-packages/airflow/example_dags/example_branch_labels.py took 0.191 seconds
[2025-12-11T04:39:16.499+0000] {processor.py:161} INFO - Started process (PID=2750) to work on /home/airflow/.local/lib/python3.9/site-packages/airflow/example_dags/example_branch_labels.py
[2025-12-11T04:39:16.500+0000] {processor.py:830} INFO - Processing file /home/airflow/.local/lib/python3.9/site-packages/airflow/example_dags/example_branch_labels.py for tasks to queue
[2025-12-11T04:39:16.503+0000] {logging_mixin.py:188} INFO - [2025-12-11T04:39:16.503+0000] {dagbag.py:545} INFO - Filling up the DagBag from /home/airflow/.local/lib/python3.9/site-packages/airflow/example_dags/example_branch_labels.py
[2025-12-11T04:39:16.521+0000] {processor.py:840} INFO - DAG(s) 'example_branch_labels' retrieved from /home/airflow/.local/lib/python3.9/site-packages/airflow/example_dags/example_branch_labels.py
[2025-12-11T04:39:16.586+0000] {logging_mixin.py:188} INFO - [2025-12-11T04:39:16.585+0000] {dag.py:3096} INFO - Sync 1 DAGs
[2025-12-11T04:39:16.647+0000] {logging_mixin.py:188} INFO - [2025-12-11T04:39:16.647+0000] {dag.py:3954} INFO - Setting next_dagrun for example_branch_labels to 2025-12-10 00:00:00+00:00, run_after=2025-12-11 00:00:00+00:00
[2025-12-11T04:39:16.678+0000] {processor.py:183} INFO - Processing /home/airflow/.local/lib/python3.9/site-packages/airflow/example_dags/example_branch_labels.py took 0.193 seconds
[2025-12-11T04:39:47.344+0000] {processor.py:161} INFO - Started process (PID=2816) to work on /home/airflow/.local/lib/python3.9/site-packages/airflow/example_dags/example_branch_labels.py
[2025-12-11T04:39:47.386+0000] {processor.py:830} INFO - Processing file /home/airflow/.local/lib/python3.9/site-packages/airflow/example_dags/example_branch_labels.py for tasks to queue
[2025-12-11T04:39:47.389+0000] {logging_mixin.py:188} INFO - [2025-12-11T04:39:47.389+0000] {dagbag.py:545} INFO - Filling up the DagBag from /home/airflow/.local/lib/python3.9/site-packages/airflow/example_dags/example_branch_labels.py
[2025-12-11T04:39:47.418+0000] {processor.py:840} INFO - DAG(s) 'example_branch_labels' retrieved from /home/airflow/.local/lib/python3.9/site-packages/airflow/example_dags/example_branch_labels.py
[2025-12-11T04:39:47.539+0000] {logging_mixin.py:188} INFO - [2025-12-11T04:39:47.525+0000] {dag.py:3096} INFO - Sync 1 DAGs
[2025-12-11T04:39:47.626+0000] {logging_mixin.py:188} INFO - [2025-12-11T04:39:47.625+0000] {dag.py:3954} INFO - Setting next_dagrun for example_branch_labels to 2025-12-10 00:00:00+00:00, run_after=2025-12-11 00:00:00+00:00
[2025-12-11T04:39:47.702+0000] {processor.py:183} INFO - Processing /home/airflow/.local/lib/python3.9/site-packages/airflow/example_dags/example_branch_labels.py took 0.380 seconds
[2025-12-11T04:40:18.653+0000] {processor.py:161} INFO - Started process (PID=2883) to work on /home/airflow/.local/lib/python3.9/site-packages/airflow/example_dags/example_branch_labels.py
[2025-12-11T04:40:18.655+0000] {processor.py:830} INFO - Processing file /home/airflow/.local/lib/python3.9/site-packages/airflow/example_dags/example_branch_labels.py for tasks to queue
[2025-12-11T04:40:18.660+0000] {logging_mixin.py:188} INFO - [2025-12-11T04:40:18.659+0000] {dagbag.py:545} INFO - Filling up the DagBag from /home/airflow/.local/lib/python3.9/site-packages/airflow/example_dags/example_branch_labels.py
[2025-12-11T04:40:18.674+0000] {processor.py:840} INFO - DAG(s) 'example_branch_labels' retrieved from /home/airflow/.local/lib/python3.9/site-packages/airflow/example_dags/example_branch_labels.py
[2025-12-11T04:40:18.715+0000] {logging_mixin.py:188} INFO - [2025-12-11T04:40:18.714+0000] {dag.py:3096} INFO - Sync 1 DAGs
[2025-12-11T04:40:18.753+0000] {logging_mixin.py:188} INFO - [2025-12-11T04:40:18.753+0000] {dag.py:3954} INFO - Setting next_dagrun for example_branch_labels to 2025-12-10 00:00:00+00:00, run_after=2025-12-11 00:00:00+00:00
[2025-12-11T04:40:18.786+0000] {processor.py:183} INFO - Processing /home/airflow/.local/lib/python3.9/site-packages/airflow/example_dags/example_branch_labels.py took 0.144 seconds
[2025-12-11T04:40:49.142+0000] {processor.py:161} INFO - Started process (PID=2950) to work on /home/airflow/.local/lib/python3.9/site-packages/airflow/example_dags/example_branch_labels.py
[2025-12-11T04:40:49.144+0000] {processor.py:830} INFO - Processing file /home/airflow/.local/lib/python3.9/site-packages/airflow/example_dags/example_branch_labels.py for tasks to queue
[2025-12-11T04:40:49.148+0000] {logging_mixin.py:188} INFO - [2025-12-11T04:40:49.147+0000] {dagbag.py:545} INFO - Filling up the DagBag from /home/airflow/.local/lib/python3.9/site-packages/airflow/example_dags/example_branch_labels.py
[2025-12-11T04:40:49.199+0000] {processor.py:840} INFO - DAG(s) 'example_branch_labels' retrieved from /home/airflow/.local/lib/python3.9/site-packages/airflow/example_dags/example_branch_labels.py
[2025-12-11T04:40:49.317+0000] {logging_mixin.py:188} INFO - [2025-12-11T04:40:49.302+0000] {dag.py:3096} INFO - Sync 1 DAGs
[2025-12-11T04:40:49.423+0000] {logging_mixin.py:188} INFO - [2025-12-11T04:40:49.422+0000] {dag.py:3954} INFO - Setting next_dagrun for example_branch_labels to 2025-12-10 00:00:00+00:00, run_after=2025-12-11 00:00:00+00:00
[2025-12-11T04:40:49.520+0000] {processor.py:183} INFO - Processing /home/airflow/.local/lib/python3.9/site-packages/airflow/example_dags/example_branch_labels.py took 0.399 seconds
[2025-12-11T04:41:19.841+0000] {processor.py:161} INFO - Started process (PID=3015) to work on /home/airflow/.local/lib/python3.9/site-packages/airflow/example_dags/example_branch_labels.py
[2025-12-11T04:41:19.843+0000] {processor.py:830} INFO - Processing file /home/airflow/.local/lib/python3.9/site-packages/airflow/example_dags/example_branch_labels.py for tasks to queue
[2025-12-11T04:41:19.859+0000] {logging_mixin.py:188} INFO - [2025-12-11T04:41:19.858+0000] {dagbag.py:545} INFO - Filling up the DagBag from /home/airflow/.local/lib/python3.9/site-packages/airflow/example_dags/example_branch_labels.py
[2025-12-11T04:41:19.880+0000] {processor.py:840} INFO - DAG(s) 'example_branch_labels' retrieved from /home/airflow/.local/lib/python3.9/site-packages/airflow/example_dags/example_branch_labels.py
[2025-12-11T04:41:19.976+0000] {logging_mixin.py:188} INFO - [2025-12-11T04:41:19.968+0000] {dag.py:3096} INFO - Sync 1 DAGs
[2025-12-11T04:41:20.584+0000] {logging_mixin.py:188} INFO - [2025-12-11T04:41:20.584+0000] {dag.py:3954} INFO - Setting next_dagrun for example_branch_labels to 2025-12-10 00:00:00+00:00, run_after=2025-12-11 00:00:00+00:00
[2025-12-11T04:41:20.663+0000] {processor.py:183} INFO - Processing /home/airflow/.local/lib/python3.9/site-packages/airflow/example_dags/example_branch_labels.py took 0.841 seconds
[2025-12-11T04:41:51.177+0000] {processor.py:161} INFO - Started process (PID=3083) to work on /home/airflow/.local/lib/python3.9/site-packages/airflow/example_dags/example_branch_labels.py
[2025-12-11T04:41:51.179+0000] {processor.py:830} INFO - Processing file /home/airflow/.local/lib/python3.9/site-packages/airflow/example_dags/example_branch_labels.py for tasks to queue
[2025-12-11T04:41:51.183+0000] {logging_mixin.py:188} INFO - [2025-12-11T04:41:51.182+0000] {dagbag.py:545} INFO - Filling up the DagBag from /home/airflow/.local/lib/python3.9/site-packages/airflow/example_dags/example_branch_labels.py
[2025-12-11T04:41:51.223+0000] {processor.py:840} INFO - DAG(s) 'example_branch_labels' retrieved from /home/airflow/.local/lib/python3.9/site-packages/airflow/example_dags/example_branch_labels.py
[2025-12-11T04:41:51.358+0000] {logging_mixin.py:188} INFO - [2025-12-11T04:41:51.358+0000] {dag.py:3096} INFO - Sync 1 DAGs
[2025-12-11T04:41:51.447+0000] {logging_mixin.py:188} INFO - [2025-12-11T04:41:51.446+0000] {dag.py:3954} INFO - Setting next_dagrun for example_branch_labels to 2025-12-10 00:00:00+00:00, run_after=2025-12-11 00:00:00+00:00
[2025-12-11T04:41:51.860+0000] {processor.py:183} INFO - Processing /home/airflow/.local/lib/python3.9/site-packages/airflow/example_dags/example_branch_labels.py took 0.721 seconds
[2025-12-11T04:42:22.882+0000] {processor.py:161} INFO - Started process (PID=3150) to work on /home/airflow/.local/lib/python3.9/site-packages/airflow/example_dags/example_branch_labels.py
[2025-12-11T04:42:22.939+0000] {processor.py:830} INFO - Processing file /home/airflow/.local/lib/python3.9/site-packages/airflow/example_dags/example_branch_labels.py for tasks to queue
[2025-12-11T04:42:22.949+0000] {logging_mixin.py:188} INFO - [2025-12-11T04:42:22.949+0000] {dagbag.py:545} INFO - Filling up the DagBag from /home/airflow/.local/lib/python3.9/site-packages/airflow/example_dags/example_branch_labels.py
[2025-12-11T04:42:22.982+0000] {processor.py:840} INFO - DAG(s) 'example_branch_labels' retrieved from /home/airflow/.local/lib/python3.9/site-packages/airflow/example_dags/example_branch_labels.py
[2025-12-11T04:42:23.059+0000] {logging_mixin.py:188} INFO - [2025-12-11T04:42:23.058+0000] {dag.py:3096} INFO - Sync 1 DAGs
[2025-12-11T04:42:23.125+0000] {logging_mixin.py:188} INFO - [2025-12-11T04:42:23.125+0000] {dag.py:3954} INFO - Setting next_dagrun for example_branch_labels to 2025-12-10 00:00:00+00:00, run_after=2025-12-11 00:00:00+00:00
[2025-12-11T04:42:23.170+0000] {processor.py:183} INFO - Processing /home/airflow/.local/lib/python3.9/site-packages/airflow/example_dags/example_branch_labels.py took 0.312 seconds
[2025-12-11T04:42:53.362+0000] {processor.py:161} INFO - Started process (PID=3217) to work on /home/airflow/.local/lib/python3.9/site-packages/airflow/example_dags/example_branch_labels.py
[2025-12-11T04:42:53.364+0000] {processor.py:830} INFO - Processing file /home/airflow/.local/lib/python3.9/site-packages/airflow/example_dags/example_branch_labels.py for tasks to queue
[2025-12-11T04:42:53.378+0000] {logging_mixin.py:188} INFO - [2025-12-11T04:42:53.378+0000] {dagbag.py:545} INFO - Filling up the DagBag from /home/airflow/.local/lib/python3.9/site-packages/airflow/example_dags/example_branch_labels.py
[2025-12-11T04:42:53.401+0000] {processor.py:840} INFO - DAG(s) 'example_branch_labels' retrieved from /home/airflow/.local/lib/python3.9/site-packages/airflow/example_dags/example_branch_labels.py
[2025-12-11T04:42:53.517+0000] {logging_mixin.py:188} INFO - [2025-12-11T04:42:53.504+0000] {dag.py:3096} INFO - Sync 1 DAGs
[2025-12-11T04:42:53.641+0000] {logging_mixin.py:188} INFO - [2025-12-11T04:42:53.641+0000] {dag.py:3954} INFO - Setting next_dagrun for example_branch_labels to 2025-12-10 00:00:00+00:00, run_after=2025-12-11 00:00:00+00:00
[2025-12-11T04:42:53.797+0000] {processor.py:183} INFO - Processing /home/airflow/.local/lib/python3.9/site-packages/airflow/example_dags/example_branch_labels.py took 0.474 seconds
[2025-12-11T04:43:23.926+0000] {processor.py:161} INFO - Started process (PID=3284) to work on /home/airflow/.local/lib/python3.9/site-packages/airflow/example_dags/example_branch_labels.py
[2025-12-11T04:43:23.938+0000] {processor.py:830} INFO - Processing file /home/airflow/.local/lib/python3.9/site-packages/airflow/example_dags/example_branch_labels.py for tasks to queue
[2025-12-11T04:43:23.941+0000] {logging_mixin.py:188} INFO - [2025-12-11T04:43:23.941+0000] {dagbag.py:545} INFO - Filling up the DagBag from /home/airflow/.local/lib/python3.9/site-packages/airflow/example_dags/example_branch_labels.py
[2025-12-11T04:43:23.961+0000] {processor.py:840} INFO - DAG(s) 'example_branch_labels' retrieved from /home/airflow/.local/lib/python3.9/site-packages/airflow/example_dags/example_branch_labels.py
[2025-12-11T04:43:24.021+0000] {logging_mixin.py:188} INFO - [2025-12-11T04:43:24.020+0000] {dag.py:3096} INFO - Sync 1 DAGs
[2025-12-11T04:43:24.079+0000] {logging_mixin.py:188} INFO - [2025-12-11T04:43:24.078+0000] {dag.py:3954} INFO - Setting next_dagrun for example_branch_labels to 2025-12-10 00:00:00+00:00, run_after=2025-12-11 00:00:00+00:00
[2025-12-11T04:43:24.120+0000] {processor.py:183} INFO - Processing /home/airflow/.local/lib/python3.9/site-packages/airflow/example_dags/example_branch_labels.py took 0.211 seconds
[2025-12-11T04:43:54.371+0000] {processor.py:161} INFO - Started process (PID=3351) to work on /home/airflow/.local/lib/python3.9/site-packages/airflow/example_dags/example_branch_labels.py
[2025-12-11T04:43:54.373+0000] {processor.py:830} INFO - Processing file /home/airflow/.local/lib/python3.9/site-packages/airflow/example_dags/example_branch_labels.py for tasks to queue
[2025-12-11T04:43:54.377+0000] {logging_mixin.py:188} INFO - [2025-12-11T04:43:54.375+0000] {dagbag.py:545} INFO - Filling up the DagBag from /home/airflow/.local/lib/python3.9/site-packages/airflow/example_dags/example_branch_labels.py
[2025-12-11T04:43:54.390+0000] {processor.py:840} INFO - DAG(s) 'example_branch_labels' retrieved from /home/airflow/.local/lib/python3.9/site-packages/airflow/example_dags/example_branch_labels.py
[2025-12-11T04:43:54.438+0000] {logging_mixin.py:188} INFO - [2025-12-11T04:43:54.438+0000] {dag.py:3096} INFO - Sync 1 DAGs
[2025-12-11T04:43:54.483+0000] {logging_mixin.py:188} INFO - [2025-12-11T04:43:54.482+0000] {dag.py:3954} INFO - Setting next_dagrun for example_branch_labels to 2025-12-10 00:00:00+00:00, run_after=2025-12-11 00:00:00+00:00
[2025-12-11T04:43:54.510+0000] {processor.py:183} INFO - Processing /home/airflow/.local/lib/python3.9/site-packages/airflow/example_dags/example_branch_labels.py took 0.151 seconds
[2025-12-11T04:44:24.887+0000] {processor.py:161} INFO - Started process (PID=3418) to work on /home/airflow/.local/lib/python3.9/site-packages/airflow/example_dags/example_branch_labels.py
[2025-12-11T04:44:24.889+0000] {processor.py:830} INFO - Processing file /home/airflow/.local/lib/python3.9/site-packages/airflow/example_dags/example_branch_labels.py for tasks to queue
[2025-12-11T04:44:24.898+0000] {logging_mixin.py:188} INFO - [2025-12-11T04:44:24.898+0000] {dagbag.py:545} INFO - Filling up the DagBag from /home/airflow/.local/lib/python3.9/site-packages/airflow/example_dags/example_branch_labels.py
[2025-12-11T04:44:24.921+0000] {processor.py:840} INFO - DAG(s) 'example_branch_labels' retrieved from /home/airflow/.local/lib/python3.9/site-packages/airflow/example_dags/example_branch_labels.py
[2025-12-11T04:44:25.001+0000] {logging_mixin.py:188} INFO - [2025-12-11T04:44:25.000+0000] {dag.py:3096} INFO - Sync 1 DAGs
[2025-12-11T04:44:25.065+0000] {logging_mixin.py:188} INFO - [2025-12-11T04:44:25.064+0000] {dag.py:3954} INFO - Setting next_dagrun for example_branch_labels to 2025-12-10 00:00:00+00:00, run_after=2025-12-11 00:00:00+00:00
[2025-12-11T04:44:25.126+0000] {processor.py:183} INFO - Processing /home/airflow/.local/lib/python3.9/site-packages/airflow/example_dags/example_branch_labels.py took 0.257 seconds
[2025-12-11T04:44:56.333+0000] {processor.py:161} INFO - Started process (PID=3486) to work on /home/airflow/.local/lib/python3.9/site-packages/airflow/example_dags/example_branch_labels.py
[2025-12-11T04:44:56.375+0000] {processor.py:830} INFO - Processing file /home/airflow/.local/lib/python3.9/site-packages/airflow/example_dags/example_branch_labels.py for tasks to queue
[2025-12-11T04:44:56.379+0000] {logging_mixin.py:188} INFO - [2025-12-11T04:44:56.378+0000] {dagbag.py:545} INFO - Filling up the DagBag from /home/airflow/.local/lib/python3.9/site-packages/airflow/example_dags/example_branch_labels.py
[2025-12-11T04:44:56.390+0000] {processor.py:840} INFO - DAG(s) 'example_branch_labels' retrieved from /home/airflow/.local/lib/python3.9/site-packages/airflow/example_dags/example_branch_labels.py
[2025-12-11T04:44:56.434+0000] {logging_mixin.py:188} INFO - [2025-12-11T04:44:56.433+0000] {dag.py:3096} INFO - Sync 1 DAGs
[2025-12-11T04:44:56.501+0000] {logging_mixin.py:188} INFO - [2025-12-11T04:44:56.501+0000] {dag.py:3954} INFO - Setting next_dagrun for example_branch_labels to 2025-12-10 00:00:00+00:00, run_after=2025-12-11 00:00:00+00:00
[2025-12-11T04:44:56.796+0000] {processor.py:183} INFO - Processing /home/airflow/.local/lib/python3.9/site-packages/airflow/example_dags/example_branch_labels.py took 0.472 seconds
[2025-12-11T04:45:27.602+0000] {processor.py:161} INFO - Started process (PID=3553) to work on /home/airflow/.local/lib/python3.9/site-packages/airflow/example_dags/example_branch_labels.py
[2025-12-11T04:45:27.638+0000] {processor.py:830} INFO - Processing file /home/airflow/.local/lib/python3.9/site-packages/airflow/example_dags/example_branch_labels.py for tasks to queue
[2025-12-11T04:45:27.641+0000] {logging_mixin.py:188} INFO - [2025-12-11T04:45:27.640+0000] {dagbag.py:545} INFO - Filling up the DagBag from /home/airflow/.local/lib/python3.9/site-packages/airflow/example_dags/example_branch_labels.py
[2025-12-11T04:45:27.663+0000] {processor.py:840} INFO - DAG(s) 'example_branch_labels' retrieved from /home/airflow/.local/lib/python3.9/site-packages/airflow/example_dags/example_branch_labels.py
[2025-12-11T04:45:27.737+0000] {logging_mixin.py:188} INFO - [2025-12-11T04:45:27.728+0000] {dag.py:3096} INFO - Sync 1 DAGs
[2025-12-11T04:45:27.798+0000] {logging_mixin.py:188} INFO - [2025-12-11T04:45:27.798+0000] {dag.py:3954} INFO - Setting next_dagrun for example_branch_labels to 2025-12-10 00:00:00+00:00, run_after=2025-12-11 00:00:00+00:00
[2025-12-11T04:45:28.058+0000] {processor.py:183} INFO - Processing /home/airflow/.local/lib/python3.9/site-packages/airflow/example_dags/example_branch_labels.py took 0.467 seconds
[2025-12-11T04:45:58.341+0000] {processor.py:161} INFO - Started process (PID=3621) to work on /home/airflow/.local/lib/python3.9/site-packages/airflow/example_dags/example_branch_labels.py
[2025-12-11T04:45:58.372+0000] {processor.py:830} INFO - Processing file /home/airflow/.local/lib/python3.9/site-packages/airflow/example_dags/example_branch_labels.py for tasks to queue
[2025-12-11T04:45:58.375+0000] {logging_mixin.py:188} INFO - [2025-12-11T04:45:58.375+0000] {dagbag.py:545} INFO - Filling up the DagBag from /home/airflow/.local/lib/python3.9/site-packages/airflow/example_dags/example_branch_labels.py
[2025-12-11T04:45:58.388+0000] {processor.py:840} INFO - DAG(s) 'example_branch_labels' retrieved from /home/airflow/.local/lib/python3.9/site-packages/airflow/example_dags/example_branch_labels.py
[2025-12-11T04:45:58.431+0000] {logging_mixin.py:188} INFO - [2025-12-11T04:45:58.430+0000] {dag.py:3096} INFO - Sync 1 DAGs
[2025-12-11T04:45:58.500+0000] {logging_mixin.py:188} INFO - [2025-12-11T04:45:58.499+0000] {dag.py:3954} INFO - Setting next_dagrun for example_branch_labels to 2025-12-10 00:00:00+00:00, run_after=2025-12-11 00:00:00+00:00
[2025-12-11T04:45:58.602+0000] {processor.py:183} INFO - Processing /home/airflow/.local/lib/python3.9/site-packages/airflow/example_dags/example_branch_labels.py took 0.276 seconds
[2025-12-11T04:46:29.266+0000] {processor.py:161} INFO - Started process (PID=3688) to work on /home/airflow/.local/lib/python3.9/site-packages/airflow/example_dags/example_branch_labels.py
[2025-12-11T04:46:29.277+0000] {processor.py:830} INFO - Processing file /home/airflow/.local/lib/python3.9/site-packages/airflow/example_dags/example_branch_labels.py for tasks to queue
[2025-12-11T04:46:29.280+0000] {logging_mixin.py:188} INFO - [2025-12-11T04:46:29.279+0000] {dagbag.py:545} INFO - Filling up the DagBag from /home/airflow/.local/lib/python3.9/site-packages/airflow/example_dags/example_branch_labels.py
[2025-12-11T04:46:29.299+0000] {processor.py:840} INFO - DAG(s) 'example_branch_labels' retrieved from /home/airflow/.local/lib/python3.9/site-packages/airflow/example_dags/example_branch_labels.py
[2025-12-11T04:46:29.383+0000] {logging_mixin.py:188} INFO - [2025-12-11T04:46:29.383+0000] {dag.py:3096} INFO - Sync 1 DAGs
[2025-12-11T04:46:29.479+0000] {logging_mixin.py:188} INFO - [2025-12-11T04:46:29.478+0000] {dag.py:3954} INFO - Setting next_dagrun for example_branch_labels to 2025-12-10 00:00:00+00:00, run_after=2025-12-11 00:00:00+00:00
[2025-12-11T04:46:29.524+0000] {processor.py:183} INFO - Processing /home/airflow/.local/lib/python3.9/site-packages/airflow/example_dags/example_branch_labels.py took 0.276 seconds
[2025-12-11T04:47:00.180+0000] {processor.py:161} INFO - Started process (PID=3755) to work on /home/airflow/.local/lib/python3.9/site-packages/airflow/example_dags/example_branch_labels.py
[2025-12-11T04:47:00.182+0000] {processor.py:830} INFO - Processing file /home/airflow/.local/lib/python3.9/site-packages/airflow/example_dags/example_branch_labels.py for tasks to queue
[2025-12-11T04:47:00.184+0000] {logging_mixin.py:188} INFO - [2025-12-11T04:47:00.184+0000] {dagbag.py:545} INFO - Filling up the DagBag from /home/airflow/.local/lib/python3.9/site-packages/airflow/example_dags/example_branch_labels.py
[2025-12-11T04:47:00.198+0000] {processor.py:840} INFO - DAG(s) 'example_branch_labels' retrieved from /home/airflow/.local/lib/python3.9/site-packages/airflow/example_dags/example_branch_labels.py
[2025-12-11T04:47:00.240+0000] {logging_mixin.py:188} INFO - [2025-12-11T04:47:00.239+0000] {dag.py:3096} INFO - Sync 1 DAGs
[2025-12-11T04:47:00.282+0000] {logging_mixin.py:188} INFO - [2025-12-11T04:47:00.282+0000] {dag.py:3954} INFO - Setting next_dagrun for example_branch_labels to 2025-12-10 00:00:00+00:00, run_after=2025-12-11 00:00:00+00:00
[2025-12-11T04:47:00.313+0000] {processor.py:183} INFO - Processing /home/airflow/.local/lib/python3.9/site-packages/airflow/example_dags/example_branch_labels.py took 0.144 seconds
[2025-12-11T04:47:31.107+0000] {processor.py:161} INFO - Started process (PID=3829) to work on /home/airflow/.local/lib/python3.9/site-packages/airflow/example_dags/example_branch_labels.py
[2025-12-11T04:47:31.125+0000] {processor.py:830} INFO - Processing file /home/airflow/.local/lib/python3.9/site-packages/airflow/example_dags/example_branch_labels.py for tasks to queue
[2025-12-11T04:47:31.127+0000] {logging_mixin.py:188} INFO - [2025-12-11T04:47:31.127+0000] {dagbag.py:545} INFO - Filling up the DagBag from /home/airflow/.local/lib/python3.9/site-packages/airflow/example_dags/example_branch_labels.py
[2025-12-11T04:47:31.145+0000] {processor.py:840} INFO - DAG(s) 'example_branch_labels' retrieved from /home/airflow/.local/lib/python3.9/site-packages/airflow/example_dags/example_branch_labels.py
[2025-12-11T04:47:31.207+0000] {logging_mixin.py:188} INFO - [2025-12-11T04:47:31.207+0000] {dag.py:3096} INFO - Sync 1 DAGs
[2025-12-11T04:47:31.299+0000] {logging_mixin.py:188} INFO - [2025-12-11T04:47:31.299+0000] {dag.py:3954} INFO - Setting next_dagrun for example_branch_labels to 2025-12-10 00:00:00+00:00, run_after=2025-12-11 00:00:00+00:00
[2025-12-11T04:47:31.361+0000] {processor.py:183} INFO - Processing /home/airflow/.local/lib/python3.9/site-packages/airflow/example_dags/example_branch_labels.py took 0.264 seconds
[2025-12-11T04:48:01.517+0000] {processor.py:161} INFO - Started process (PID=3896) to work on /home/airflow/.local/lib/python3.9/site-packages/airflow/example_dags/example_branch_labels.py
[2025-12-11T04:48:01.525+0000] {processor.py:830} INFO - Processing file /home/airflow/.local/lib/python3.9/site-packages/airflow/example_dags/example_branch_labels.py for tasks to queue
[2025-12-11T04:48:01.527+0000] {logging_mixin.py:188} INFO - [2025-12-11T04:48:01.527+0000] {dagbag.py:545} INFO - Filling up the DagBag from /home/airflow/.local/lib/python3.9/site-packages/airflow/example_dags/example_branch_labels.py
[2025-12-11T04:48:01.545+0000] {processor.py:840} INFO - DAG(s) 'example_branch_labels' retrieved from /home/airflow/.local/lib/python3.9/site-packages/airflow/example_dags/example_branch_labels.py
[2025-12-11T04:48:01.599+0000] {logging_mixin.py:188} INFO - [2025-12-11T04:48:01.599+0000] {dag.py:3096} INFO - Sync 1 DAGs
[2025-12-11T04:48:01.648+0000] {logging_mixin.py:188} INFO - [2025-12-11T04:48:01.648+0000] {dag.py:3954} INFO - Setting next_dagrun for example_branch_labels to 2025-12-10 00:00:00+00:00, run_after=2025-12-11 00:00:00+00:00
[2025-12-11T04:48:01.686+0000] {processor.py:183} INFO - Processing /home/airflow/.local/lib/python3.9/site-packages/airflow/example_dags/example_branch_labels.py took 0.186 seconds
[2025-12-11T04:48:31.980+0000] {processor.py:161} INFO - Started process (PID=3963) to work on /home/airflow/.local/lib/python3.9/site-packages/airflow/example_dags/example_branch_labels.py
[2025-12-11T04:48:31.993+0000] {processor.py:830} INFO - Processing file /home/airflow/.local/lib/python3.9/site-packages/airflow/example_dags/example_branch_labels.py for tasks to queue
[2025-12-11T04:48:32.000+0000] {logging_mixin.py:188} INFO - [2025-12-11T04:48:31.999+0000] {dagbag.py:545} INFO - Filling up the DagBag from /home/airflow/.local/lib/python3.9/site-packages/airflow/example_dags/example_branch_labels.py
[2025-12-11T04:48:32.027+0000] {processor.py:840} INFO - DAG(s) 'example_branch_labels' retrieved from /home/airflow/.local/lib/python3.9/site-packages/airflow/example_dags/example_branch_labels.py
[2025-12-11T04:48:32.097+0000] {logging_mixin.py:188} INFO - [2025-12-11T04:48:32.088+0000] {dag.py:3096} INFO - Sync 1 DAGs
[2025-12-11T04:48:32.146+0000] {logging_mixin.py:188} INFO - [2025-12-11T04:48:32.146+0000] {dag.py:3954} INFO - Setting next_dagrun for example_branch_labels to 2025-12-10 00:00:00+00:00, run_after=2025-12-11 00:00:00+00:00
[2025-12-11T04:48:32.326+0000] {processor.py:183} INFO - Processing /home/airflow/.local/lib/python3.9/site-packages/airflow/example_dags/example_branch_labels.py took 0.361 seconds
[2025-12-11T04:49:02.980+0000] {processor.py:161} INFO - Started process (PID=4030) to work on /home/airflow/.local/lib/python3.9/site-packages/airflow/example_dags/example_branch_labels.py
[2025-12-11T04:49:02.983+0000] {processor.py:830} INFO - Processing file /home/airflow/.local/lib/python3.9/site-packages/airflow/example_dags/example_branch_labels.py for tasks to queue
[2025-12-11T04:49:02.986+0000] {logging_mixin.py:188} INFO - [2025-12-11T04:49:02.985+0000] {dagbag.py:545} INFO - Filling up the DagBag from /home/airflow/.local/lib/python3.9/site-packages/airflow/example_dags/example_branch_labels.py
[2025-12-11T04:49:03.019+0000] {processor.py:840} INFO - DAG(s) 'example_branch_labels' retrieved from /home/airflow/.local/lib/python3.9/site-packages/airflow/example_dags/example_branch_labels.py
[2025-12-11T04:49:03.079+0000] {logging_mixin.py:188} INFO - [2025-12-11T04:49:03.079+0000] {dag.py:3096} INFO - Sync 1 DAGs
[2025-12-11T04:49:03.139+0000] {logging_mixin.py:188} INFO - [2025-12-11T04:49:03.138+0000] {dag.py:3954} INFO - Setting next_dagrun for example_branch_labels to 2025-12-10 00:00:00+00:00, run_after=2025-12-11 00:00:00+00:00
[2025-12-11T04:49:03.174+0000] {processor.py:183} INFO - Processing /home/airflow/.local/lib/python3.9/site-packages/airflow/example_dags/example_branch_labels.py took 0.236 seconds
[2025-12-11T04:49:33.822+0000] {processor.py:161} INFO - Started process (PID=4097) to work on /home/airflow/.local/lib/python3.9/site-packages/airflow/example_dags/example_branch_labels.py
[2025-12-11T04:49:33.824+0000] {processor.py:830} INFO - Processing file /home/airflow/.local/lib/python3.9/site-packages/airflow/example_dags/example_branch_labels.py for tasks to queue
[2025-12-11T04:49:33.826+0000] {logging_mixin.py:188} INFO - [2025-12-11T04:49:33.826+0000] {dagbag.py:545} INFO - Filling up the DagBag from /home/airflow/.local/lib/python3.9/site-packages/airflow/example_dags/example_branch_labels.py
[2025-12-11T04:49:33.844+0000] {processor.py:840} INFO - DAG(s) 'example_branch_labels' retrieved from /home/airflow/.local/lib/python3.9/site-packages/airflow/example_dags/example_branch_labels.py
[2025-12-11T04:49:33.905+0000] {logging_mixin.py:188} INFO - [2025-12-11T04:49:33.904+0000] {dag.py:3096} INFO - Sync 1 DAGs
[2025-12-11T04:49:33.963+0000] {logging_mixin.py:188} INFO - [2025-12-11T04:49:33.963+0000] {dag.py:3954} INFO - Setting next_dagrun for example_branch_labels to 2025-12-10 00:00:00+00:00, run_after=2025-12-11 00:00:00+00:00
[2025-12-11T04:49:34.021+0000] {processor.py:183} INFO - Processing /home/airflow/.local/lib/python3.9/site-packages/airflow/example_dags/example_branch_labels.py took 0.215 seconds
[2025-12-11T04:50:04.501+0000] {processor.py:161} INFO - Started process (PID=4162) to work on /home/airflow/.local/lib/python3.9/site-packages/airflow/example_dags/example_branch_labels.py
[2025-12-11T04:50:04.503+0000] {processor.py:830} INFO - Processing file /home/airflow/.local/lib/python3.9/site-packages/airflow/example_dags/example_branch_labels.py for tasks to queue
[2025-12-11T04:50:04.506+0000] {logging_mixin.py:188} INFO - [2025-12-11T04:50:04.505+0000] {dagbag.py:545} INFO - Filling up the DagBag from /home/airflow/.local/lib/python3.9/site-packages/airflow/example_dags/example_branch_labels.py
[2025-12-11T04:50:04.528+0000] {processor.py:840} INFO - DAG(s) 'example_branch_labels' retrieved from /home/airflow/.local/lib/python3.9/site-packages/airflow/example_dags/example_branch_labels.py
[2025-12-11T04:50:04.584+0000] {logging_mixin.py:188} INFO - [2025-12-11T04:50:04.584+0000] {dag.py:3096} INFO - Sync 1 DAGs
[2025-12-11T04:50:04.644+0000] {logging_mixin.py:188} INFO - [2025-12-11T04:50:04.643+0000] {dag.py:3954} INFO - Setting next_dagrun for example_branch_labels to 2025-12-10 00:00:00+00:00, run_after=2025-12-11 00:00:00+00:00
[2025-12-11T04:50:04.704+0000] {processor.py:183} INFO - Processing /home/airflow/.local/lib/python3.9/site-packages/airflow/example_dags/example_branch_labels.py took 0.222 seconds
[2025-12-11T04:50:35.488+0000] {processor.py:161} INFO - Started process (PID=4229) to work on /home/airflow/.local/lib/python3.9/site-packages/airflow/example_dags/example_branch_labels.py
[2025-12-11T04:50:35.489+0000] {processor.py:830} INFO - Processing file /home/airflow/.local/lib/python3.9/site-packages/airflow/example_dags/example_branch_labels.py for tasks to queue
[2025-12-11T04:50:35.497+0000] {logging_mixin.py:188} INFO - [2025-12-11T04:50:35.491+0000] {dagbag.py:545} INFO - Filling up the DagBag from /home/airflow/.local/lib/python3.9/site-packages/airflow/example_dags/example_branch_labels.py
[2025-12-11T04:50:35.509+0000] {processor.py:840} INFO - DAG(s) 'example_branch_labels' retrieved from /home/airflow/.local/lib/python3.9/site-packages/airflow/example_dags/example_branch_labels.py
[2025-12-11T04:50:35.549+0000] {logging_mixin.py:188} INFO - [2025-12-11T04:50:35.549+0000] {dag.py:3096} INFO - Sync 1 DAGs
[2025-12-11T04:50:35.589+0000] {logging_mixin.py:188} INFO - [2025-12-11T04:50:35.588+0000] {dag.py:3954} INFO - Setting next_dagrun for example_branch_labels to 2025-12-10 00:00:00+00:00, run_after=2025-12-11 00:00:00+00:00
[2025-12-11T04:50:35.616+0000] {processor.py:183} INFO - Processing /home/airflow/.local/lib/python3.9/site-packages/airflow/example_dags/example_branch_labels.py took 0.138 seconds
[2025-12-11T04:51:06.388+0000] {processor.py:161} INFO - Started process (PID=4296) to work on /home/airflow/.local/lib/python3.9/site-packages/airflow/example_dags/example_branch_labels.py
[2025-12-11T04:51:06.390+0000] {processor.py:830} INFO - Processing file /home/airflow/.local/lib/python3.9/site-packages/airflow/example_dags/example_branch_labels.py for tasks to queue
[2025-12-11T04:51:06.393+0000] {logging_mixin.py:188} INFO - [2025-12-11T04:51:06.393+0000] {dagbag.py:545} INFO - Filling up the DagBag from /home/airflow/.local/lib/python3.9/site-packages/airflow/example_dags/example_branch_labels.py
[2025-12-11T04:51:06.405+0000] {processor.py:840} INFO - DAG(s) 'example_branch_labels' retrieved from /home/airflow/.local/lib/python3.9/site-packages/airflow/example_dags/example_branch_labels.py
[2025-12-11T04:51:06.447+0000] {logging_mixin.py:188} INFO - [2025-12-11T04:51:06.446+0000] {dag.py:3096} INFO - Sync 1 DAGs
[2025-12-11T04:51:06.488+0000] {logging_mixin.py:188} INFO - [2025-12-11T04:51:06.488+0000] {dag.py:3954} INFO - Setting next_dagrun for example_branch_labels to 2025-12-10 00:00:00+00:00, run_after=2025-12-11 00:00:00+00:00
[2025-12-11T04:51:06.519+0000] {processor.py:183} INFO - Processing /home/airflow/.local/lib/python3.9/site-packages/airflow/example_dags/example_branch_labels.py took 0.142 seconds
[2025-12-11T04:51:36.872+0000] {processor.py:161} INFO - Started process (PID=4363) to work on /home/airflow/.local/lib/python3.9/site-packages/airflow/example_dags/example_branch_labels.py
[2025-12-11T04:51:36.874+0000] {processor.py:830} INFO - Processing file /home/airflow/.local/lib/python3.9/site-packages/airflow/example_dags/example_branch_labels.py for tasks to queue
[2025-12-11T04:51:36.877+0000] {logging_mixin.py:188} INFO - [2025-12-11T04:51:36.876+0000] {dagbag.py:545} INFO - Filling up the DagBag from /home/airflow/.local/lib/python3.9/site-packages/airflow/example_dags/example_branch_labels.py
[2025-12-11T04:51:36.889+0000] {processor.py:840} INFO - DAG(s) 'example_branch_labels' retrieved from /home/airflow/.local/lib/python3.9/site-packages/airflow/example_dags/example_branch_labels.py
[2025-12-11T04:51:36.934+0000] {logging_mixin.py:188} INFO - [2025-12-11T04:51:36.933+0000] {dag.py:3096} INFO - Sync 1 DAGs
[2025-12-11T04:51:36.995+0000] {logging_mixin.py:188} INFO - [2025-12-11T04:51:36.995+0000] {dag.py:3954} INFO - Setting next_dagrun for example_branch_labels to 2025-12-10 00:00:00+00:00, run_after=2025-12-11 00:00:00+00:00
[2025-12-11T04:51:37.030+0000] {processor.py:183} INFO - Processing /home/airflow/.local/lib/python3.9/site-packages/airflow/example_dags/example_branch_labels.py took 0.168 seconds
[2025-12-11T04:52:07.853+0000] {processor.py:161} INFO - Started process (PID=4430) to work on /home/airflow/.local/lib/python3.9/site-packages/airflow/example_dags/example_branch_labels.py
[2025-12-11T04:52:07.863+0000] {processor.py:830} INFO - Processing file /home/airflow/.local/lib/python3.9/site-packages/airflow/example_dags/example_branch_labels.py for tasks to queue
[2025-12-11T04:52:07.866+0000] {logging_mixin.py:188} INFO - [2025-12-11T04:52:07.866+0000] {dagbag.py:545} INFO - Filling up the DagBag from /home/airflow/.local/lib/python3.9/site-packages/airflow/example_dags/example_branch_labels.py
[2025-12-11T04:52:07.879+0000] {processor.py:840} INFO - DAG(s) 'example_branch_labels' retrieved from /home/airflow/.local/lib/python3.9/site-packages/airflow/example_dags/example_branch_labels.py
[2025-12-11T04:52:07.917+0000] {logging_mixin.py:188} INFO - [2025-12-11T04:52:07.916+0000] {dag.py:3096} INFO - Sync 1 DAGs
[2025-12-11T04:52:07.955+0000] {logging_mixin.py:188} INFO - [2025-12-11T04:52:07.955+0000] {dag.py:3954} INFO - Setting next_dagrun for example_branch_labels to 2025-12-10 00:00:00+00:00, run_after=2025-12-11 00:00:00+00:00
[2025-12-11T04:52:07.988+0000] {processor.py:183} INFO - Processing /home/airflow/.local/lib/python3.9/site-packages/airflow/example_dags/example_branch_labels.py took 0.146 seconds
[2025-12-11T04:52:39.150+0000] {processor.py:161} INFO - Started process (PID=4497) to work on /home/airflow/.local/lib/python3.9/site-packages/airflow/example_dags/example_branch_labels.py
[2025-12-11T04:52:39.168+0000] {processor.py:830} INFO - Processing file /home/airflow/.local/lib/python3.9/site-packages/airflow/example_dags/example_branch_labels.py for tasks to queue
[2025-12-11T04:52:39.172+0000] {logging_mixin.py:188} INFO - [2025-12-11T04:52:39.171+0000] {dagbag.py:545} INFO - Filling up the DagBag from /home/airflow/.local/lib/python3.9/site-packages/airflow/example_dags/example_branch_labels.py
[2025-12-11T04:52:39.187+0000] {processor.py:840} INFO - DAG(s) 'example_branch_labels' retrieved from /home/airflow/.local/lib/python3.9/site-packages/airflow/example_dags/example_branch_labels.py
[2025-12-11T04:52:39.234+0000] {logging_mixin.py:188} INFO - [2025-12-11T04:52:39.233+0000] {dag.py:3096} INFO - Sync 1 DAGs
[2025-12-11T04:52:39.290+0000] {logging_mixin.py:188} INFO - [2025-12-11T04:52:39.289+0000] {dag.py:3954} INFO - Setting next_dagrun for example_branch_labels to 2025-12-10 00:00:00+00:00, run_after=2025-12-11 00:00:00+00:00
[2025-12-11T04:52:39.561+0000] {processor.py:183} INFO - Processing /home/airflow/.local/lib/python3.9/site-packages/airflow/example_dags/example_branch_labels.py took 0.423 seconds
