[2025-12-11T04:19:06.197+0000] {processor.py:161} INFO - Started process (PID=139) to work on /home/airflow/.local/lib/python3.9/site-packages/airflow/example_dags/example_time_delta_sensor_async.py
[2025-12-11T04:19:06.199+0000] {processor.py:830} INFO - Processing file /home/airflow/.local/lib/python3.9/site-packages/airflow/example_dags/example_time_delta_sensor_async.py for tasks to queue
[2025-12-11T04:19:06.202+0000] {logging_mixin.py:188} INFO - [2025-12-11T04:19:06.202+0000] {dagbag.py:545} INFO - Filling up the DagBag from /home/airflow/.local/lib/python3.9/site-packages/airflow/example_dags/example_time_delta_sensor_async.py
[2025-12-11T04:19:06.241+0000] {processor.py:840} INFO - DAG(s) 'example_time_delta_sensor_async' retrieved from /home/airflow/.local/lib/python3.9/site-packages/airflow/example_dags/example_time_delta_sensor_async.py
[2025-12-11T04:19:06.685+0000] {logging_mixin.py:188} INFO - [2025-12-11T04:19:06.684+0000] {dag.py:3096} INFO - Sync 1 DAGs
[2025-12-11T04:19:06.960+0000] {logging_mixin.py:188} INFO - [2025-12-11T04:19:06.947+0000] {dag.py:3954} INFO - Setting next_dagrun for example_time_delta_sensor_async to None, run_after=None
[2025-12-11T04:19:07.101+0000] {processor.py:183} INFO - Processing /home/airflow/.local/lib/python3.9/site-packages/airflow/example_dags/example_time_delta_sensor_async.py took 0.944 seconds
[2025-12-11T04:19:37.617+0000] {processor.py:161} INFO - Started process (PID=198) to work on /home/airflow/.local/lib/python3.9/site-packages/airflow/example_dags/example_time_delta_sensor_async.py
[2025-12-11T04:19:37.626+0000] {processor.py:830} INFO - Processing file /home/airflow/.local/lib/python3.9/site-packages/airflow/example_dags/example_time_delta_sensor_async.py for tasks to queue
[2025-12-11T04:19:37.629+0000] {logging_mixin.py:188} INFO - [2025-12-11T04:19:37.629+0000] {dagbag.py:545} INFO - Filling up the DagBag from /home/airflow/.local/lib/python3.9/site-packages/airflow/example_dags/example_time_delta_sensor_async.py
[2025-12-11T04:19:37.642+0000] {processor.py:840} INFO - DAG(s) 'example_time_delta_sensor_async' retrieved from /home/airflow/.local/lib/python3.9/site-packages/airflow/example_dags/example_time_delta_sensor_async.py
[2025-12-11T04:19:37.704+0000] {logging_mixin.py:188} INFO - [2025-12-11T04:19:37.704+0000] {dag.py:3096} INFO - Sync 1 DAGs
[2025-12-11T04:19:37.744+0000] {logging_mixin.py:188} INFO - [2025-12-11T04:19:37.743+0000] {dag.py:3954} INFO - Setting next_dagrun for example_time_delta_sensor_async to None, run_after=None
[2025-12-11T04:19:37.797+0000] {processor.py:183} INFO - Processing /home/airflow/.local/lib/python3.9/site-packages/airflow/example_dags/example_time_delta_sensor_async.py took 0.195 seconds
[2025-12-11T04:20:08.626+0000] {processor.py:161} INFO - Started process (PID=264) to work on /home/airflow/.local/lib/python3.9/site-packages/airflow/example_dags/example_time_delta_sensor_async.py
[2025-12-11T04:20:08.627+0000] {processor.py:830} INFO - Processing file /home/airflow/.local/lib/python3.9/site-packages/airflow/example_dags/example_time_delta_sensor_async.py for tasks to queue
[2025-12-11T04:20:08.638+0000] {logging_mixin.py:188} INFO - [2025-12-11T04:20:08.638+0000] {dagbag.py:545} INFO - Filling up the DagBag from /home/airflow/.local/lib/python3.9/site-packages/airflow/example_dags/example_time_delta_sensor_async.py
[2025-12-11T04:20:08.646+0000] {processor.py:840} INFO - DAG(s) 'example_time_delta_sensor_async' retrieved from /home/airflow/.local/lib/python3.9/site-packages/airflow/example_dags/example_time_delta_sensor_async.py
[2025-12-11T04:20:08.717+0000] {logging_mixin.py:188} INFO - [2025-12-11T04:20:08.708+0000] {dag.py:3096} INFO - Sync 1 DAGs
[2025-12-11T04:20:08.743+0000] {logging_mixin.py:188} INFO - [2025-12-11T04:20:08.743+0000] {dag.py:3954} INFO - Setting next_dagrun for example_time_delta_sensor_async to None, run_after=None
[2025-12-11T04:20:08.786+0000] {processor.py:183} INFO - Processing /home/airflow/.local/lib/python3.9/site-packages/airflow/example_dags/example_time_delta_sensor_async.py took 0.178 seconds
[2025-12-11T04:20:39.582+0000] {processor.py:161} INFO - Started process (PID=330) to work on /home/airflow/.local/lib/python3.9/site-packages/airflow/example_dags/example_time_delta_sensor_async.py
[2025-12-11T04:20:39.586+0000] {processor.py:830} INFO - Processing file /home/airflow/.local/lib/python3.9/site-packages/airflow/example_dags/example_time_delta_sensor_async.py for tasks to queue
[2025-12-11T04:20:39.590+0000] {logging_mixin.py:188} INFO - [2025-12-11T04:20:39.589+0000] {dagbag.py:545} INFO - Filling up the DagBag from /home/airflow/.local/lib/python3.9/site-packages/airflow/example_dags/example_time_delta_sensor_async.py
[2025-12-11T04:20:39.611+0000] {processor.py:840} INFO - DAG(s) 'example_time_delta_sensor_async' retrieved from /home/airflow/.local/lib/python3.9/site-packages/airflow/example_dags/example_time_delta_sensor_async.py
[2025-12-11T04:20:39.692+0000] {logging_mixin.py:188} INFO - [2025-12-11T04:20:39.692+0000] {dag.py:3096} INFO - Sync 1 DAGs
[2025-12-11T04:20:39.730+0000] {logging_mixin.py:188} INFO - [2025-12-11T04:20:39.729+0000] {dag.py:3954} INFO - Setting next_dagrun for example_time_delta_sensor_async to None, run_after=None
[2025-12-11T04:20:39.789+0000] {processor.py:183} INFO - Processing /home/airflow/.local/lib/python3.9/site-packages/airflow/example_dags/example_time_delta_sensor_async.py took 0.240 seconds
[2025-12-11T04:21:09.978+0000] {processor.py:161} INFO - Started process (PID=396) to work on /home/airflow/.local/lib/python3.9/site-packages/airflow/example_dags/example_time_delta_sensor_async.py
[2025-12-11T04:21:09.982+0000] {processor.py:830} INFO - Processing file /home/airflow/.local/lib/python3.9/site-packages/airflow/example_dags/example_time_delta_sensor_async.py for tasks to queue
[2025-12-11T04:21:09.999+0000] {logging_mixin.py:188} INFO - [2025-12-11T04:21:09.998+0000] {dagbag.py:545} INFO - Filling up the DagBag from /home/airflow/.local/lib/python3.9/site-packages/airflow/example_dags/example_time_delta_sensor_async.py
[2025-12-11T04:21:10.022+0000] {processor.py:840} INFO - DAG(s) 'example_time_delta_sensor_async' retrieved from /home/airflow/.local/lib/python3.9/site-packages/airflow/example_dags/example_time_delta_sensor_async.py
[2025-12-11T04:21:10.162+0000] {logging_mixin.py:188} INFO - [2025-12-11T04:21:10.162+0000] {dag.py:3096} INFO - Sync 1 DAGs
[2025-12-11T04:21:10.224+0000] {logging_mixin.py:188} INFO - [2025-12-11T04:21:10.223+0000] {dag.py:3954} INFO - Setting next_dagrun for example_time_delta_sensor_async to None, run_after=None
[2025-12-11T04:21:10.287+0000] {processor.py:183} INFO - Processing /home/airflow/.local/lib/python3.9/site-packages/airflow/example_dags/example_time_delta_sensor_async.py took 0.330 seconds
[2025-12-11T04:21:40.540+0000] {processor.py:161} INFO - Started process (PID=461) to work on /home/airflow/.local/lib/python3.9/site-packages/airflow/example_dags/example_time_delta_sensor_async.py
[2025-12-11T04:21:40.548+0000] {processor.py:830} INFO - Processing file /home/airflow/.local/lib/python3.9/site-packages/airflow/example_dags/example_time_delta_sensor_async.py for tasks to queue
[2025-12-11T04:21:40.551+0000] {logging_mixin.py:188} INFO - [2025-12-11T04:21:40.550+0000] {dagbag.py:545} INFO - Filling up the DagBag from /home/airflow/.local/lib/python3.9/site-packages/airflow/example_dags/example_time_delta_sensor_async.py
[2025-12-11T04:21:40.561+0000] {processor.py:840} INFO - DAG(s) 'example_time_delta_sensor_async' retrieved from /home/airflow/.local/lib/python3.9/site-packages/airflow/example_dags/example_time_delta_sensor_async.py
[2025-12-11T04:21:40.624+0000] {logging_mixin.py:188} INFO - [2025-12-11T04:21:40.624+0000] {dag.py:3096} INFO - Sync 1 DAGs
[2025-12-11T04:21:40.660+0000] {logging_mixin.py:188} INFO - [2025-12-11T04:21:40.660+0000] {dag.py:3954} INFO - Setting next_dagrun for example_time_delta_sensor_async to None, run_after=None
[2025-12-11T04:21:40.706+0000] {processor.py:183} INFO - Processing /home/airflow/.local/lib/python3.9/site-packages/airflow/example_dags/example_time_delta_sensor_async.py took 0.184 seconds
[2025-12-11T04:22:11.107+0000] {processor.py:161} INFO - Started process (PID=527) to work on /home/airflow/.local/lib/python3.9/site-packages/airflow/example_dags/example_time_delta_sensor_async.py
[2025-12-11T04:22:11.110+0000] {processor.py:830} INFO - Processing file /home/airflow/.local/lib/python3.9/site-packages/airflow/example_dags/example_time_delta_sensor_async.py for tasks to queue
[2025-12-11T04:22:11.113+0000] {logging_mixin.py:188} INFO - [2025-12-11T04:22:11.112+0000] {dagbag.py:545} INFO - Filling up the DagBag from /home/airflow/.local/lib/python3.9/site-packages/airflow/example_dags/example_time_delta_sensor_async.py
[2025-12-11T04:22:11.120+0000] {processor.py:840} INFO - DAG(s) 'example_time_delta_sensor_async' retrieved from /home/airflow/.local/lib/python3.9/site-packages/airflow/example_dags/example_time_delta_sensor_async.py
[2025-12-11T04:22:11.161+0000] {logging_mixin.py:188} INFO - [2025-12-11T04:22:11.160+0000] {dag.py:3096} INFO - Sync 1 DAGs
[2025-12-11T04:22:11.181+0000] {logging_mixin.py:188} INFO - [2025-12-11T04:22:11.181+0000] {dag.py:3954} INFO - Setting next_dagrun for example_time_delta_sensor_async to None, run_after=None
[2025-12-11T04:22:11.209+0000] {processor.py:183} INFO - Processing /home/airflow/.local/lib/python3.9/site-packages/airflow/example_dags/example_time_delta_sensor_async.py took 0.111 seconds
[2025-12-11T04:22:41.707+0000] {processor.py:161} INFO - Started process (PID=593) to work on /home/airflow/.local/lib/python3.9/site-packages/airflow/example_dags/example_time_delta_sensor_async.py
[2025-12-11T04:22:41.710+0000] {processor.py:830} INFO - Processing file /home/airflow/.local/lib/python3.9/site-packages/airflow/example_dags/example_time_delta_sensor_async.py for tasks to queue
[2025-12-11T04:22:41.713+0000] {logging_mixin.py:188} INFO - [2025-12-11T04:22:41.713+0000] {dagbag.py:545} INFO - Filling up the DagBag from /home/airflow/.local/lib/python3.9/site-packages/airflow/example_dags/example_time_delta_sensor_async.py
[2025-12-11T04:22:41.720+0000] {processor.py:840} INFO - DAG(s) 'example_time_delta_sensor_async' retrieved from /home/airflow/.local/lib/python3.9/site-packages/airflow/example_dags/example_time_delta_sensor_async.py
[2025-12-11T04:22:41.780+0000] {logging_mixin.py:188} INFO - [2025-12-11T04:22:41.779+0000] {dag.py:3096} INFO - Sync 1 DAGs
[2025-12-11T04:22:41.809+0000] {logging_mixin.py:188} INFO - [2025-12-11T04:22:41.808+0000] {dag.py:3954} INFO - Setting next_dagrun for example_time_delta_sensor_async to None, run_after=None
[2025-12-11T04:22:41.842+0000] {processor.py:183} INFO - Processing /home/airflow/.local/lib/python3.9/site-packages/airflow/example_dags/example_time_delta_sensor_async.py took 0.150 seconds
[2025-12-11T04:23:12.421+0000] {processor.py:161} INFO - Started process (PID=659) to work on /home/airflow/.local/lib/python3.9/site-packages/airflow/example_dags/example_time_delta_sensor_async.py
[2025-12-11T04:23:12.469+0000] {processor.py:830} INFO - Processing file /home/airflow/.local/lib/python3.9/site-packages/airflow/example_dags/example_time_delta_sensor_async.py for tasks to queue
[2025-12-11T04:23:12.474+0000] {logging_mixin.py:188} INFO - [2025-12-11T04:23:12.473+0000] {dagbag.py:545} INFO - Filling up the DagBag from /home/airflow/.local/lib/python3.9/site-packages/airflow/example_dags/example_time_delta_sensor_async.py
[2025-12-11T04:23:12.487+0000] {processor.py:840} INFO - DAG(s) 'example_time_delta_sensor_async' retrieved from /home/airflow/.local/lib/python3.9/site-packages/airflow/example_dags/example_time_delta_sensor_async.py
[2025-12-11T04:23:12.558+0000] {logging_mixin.py:188} INFO - [2025-12-11T04:23:12.555+0000] {dag.py:3096} INFO - Sync 1 DAGs
[2025-12-11T04:23:12.589+0000] {logging_mixin.py:188} INFO - [2025-12-11T04:23:12.588+0000] {dag.py:3954} INFO - Setting next_dagrun for example_time_delta_sensor_async to None, run_after=None
[2025-12-11T04:23:12.829+0000] {processor.py:183} INFO - Processing /home/airflow/.local/lib/python3.9/site-packages/airflow/example_dags/example_time_delta_sensor_async.py took 0.431 seconds
[2025-12-11T04:23:42.957+0000] {processor.py:161} INFO - Started process (PID=725) to work on /home/airflow/.local/lib/python3.9/site-packages/airflow/example_dags/example_time_delta_sensor_async.py
[2025-12-11T04:23:42.959+0000] {processor.py:830} INFO - Processing file /home/airflow/.local/lib/python3.9/site-packages/airflow/example_dags/example_time_delta_sensor_async.py for tasks to queue
[2025-12-11T04:23:42.962+0000] {logging_mixin.py:188} INFO - [2025-12-11T04:23:42.962+0000] {dagbag.py:545} INFO - Filling up the DagBag from /home/airflow/.local/lib/python3.9/site-packages/airflow/example_dags/example_time_delta_sensor_async.py
[2025-12-11T04:23:42.971+0000] {processor.py:840} INFO - DAG(s) 'example_time_delta_sensor_async' retrieved from /home/airflow/.local/lib/python3.9/site-packages/airflow/example_dags/example_time_delta_sensor_async.py
[2025-12-11T04:23:43.017+0000] {logging_mixin.py:188} INFO - [2025-12-11T04:23:43.016+0000] {dag.py:3096} INFO - Sync 1 DAGs
[2025-12-11T04:23:43.041+0000] {logging_mixin.py:188} INFO - [2025-12-11T04:23:43.040+0000] {dag.py:3954} INFO - Setting next_dagrun for example_time_delta_sensor_async to None, run_after=None
[2025-12-11T04:23:43.072+0000] {processor.py:183} INFO - Processing /home/airflow/.local/lib/python3.9/site-packages/airflow/example_dags/example_time_delta_sensor_async.py took 0.130 seconds
[2025-12-11T04:24:14.007+0000] {processor.py:161} INFO - Started process (PID=791) to work on /home/airflow/.local/lib/python3.9/site-packages/airflow/example_dags/example_time_delta_sensor_async.py
[2025-12-11T04:24:14.017+0000] {processor.py:830} INFO - Processing file /home/airflow/.local/lib/python3.9/site-packages/airflow/example_dags/example_time_delta_sensor_async.py for tasks to queue
[2025-12-11T04:24:14.020+0000] {logging_mixin.py:188} INFO - [2025-12-11T04:24:14.019+0000] {dagbag.py:545} INFO - Filling up the DagBag from /home/airflow/.local/lib/python3.9/site-packages/airflow/example_dags/example_time_delta_sensor_async.py
[2025-12-11T04:24:14.028+0000] {processor.py:840} INFO - DAG(s) 'example_time_delta_sensor_async' retrieved from /home/airflow/.local/lib/python3.9/site-packages/airflow/example_dags/example_time_delta_sensor_async.py
[2025-12-11T04:24:14.084+0000] {logging_mixin.py:188} INFO - [2025-12-11T04:24:14.084+0000] {dag.py:3096} INFO - Sync 1 DAGs
[2025-12-11T04:24:14.119+0000] {logging_mixin.py:188} INFO - [2025-12-11T04:24:14.118+0000] {dag.py:3954} INFO - Setting next_dagrun for example_time_delta_sensor_async to None, run_after=None
[2025-12-11T04:24:14.179+0000] {processor.py:183} INFO - Processing /home/airflow/.local/lib/python3.9/site-packages/airflow/example_dags/example_time_delta_sensor_async.py took 0.183 seconds
[2025-12-11T04:24:44.597+0000] {processor.py:161} INFO - Started process (PID=857) to work on /home/airflow/.local/lib/python3.9/site-packages/airflow/example_dags/example_time_delta_sensor_async.py
[2025-12-11T04:24:44.598+0000] {processor.py:830} INFO - Processing file /home/airflow/.local/lib/python3.9/site-packages/airflow/example_dags/example_time_delta_sensor_async.py for tasks to queue
[2025-12-11T04:24:44.601+0000] {logging_mixin.py:188} INFO - [2025-12-11T04:24:44.600+0000] {dagbag.py:545} INFO - Filling up the DagBag from /home/airflow/.local/lib/python3.9/site-packages/airflow/example_dags/example_time_delta_sensor_async.py
[2025-12-11T04:24:44.607+0000] {processor.py:840} INFO - DAG(s) 'example_time_delta_sensor_async' retrieved from /home/airflow/.local/lib/python3.9/site-packages/airflow/example_dags/example_time_delta_sensor_async.py
[2025-12-11T04:24:44.650+0000] {logging_mixin.py:188} INFO - [2025-12-11T04:24:44.649+0000] {dag.py:3096} INFO - Sync 1 DAGs
[2025-12-11T04:24:44.676+0000] {logging_mixin.py:188} INFO - [2025-12-11T04:24:44.675+0000] {dag.py:3954} INFO - Setting next_dagrun for example_time_delta_sensor_async to None, run_after=None
[2025-12-11T04:24:44.705+0000] {processor.py:183} INFO - Processing /home/airflow/.local/lib/python3.9/site-packages/airflow/example_dags/example_time_delta_sensor_async.py took 0.118 seconds
[2025-12-11T04:25:14.864+0000] {processor.py:161} INFO - Started process (PID=922) to work on /home/airflow/.local/lib/python3.9/site-packages/airflow/example_dags/example_time_delta_sensor_async.py
[2025-12-11T04:25:14.949+0000] {processor.py:830} INFO - Processing file /home/airflow/.local/lib/python3.9/site-packages/airflow/example_dags/example_time_delta_sensor_async.py for tasks to queue
[2025-12-11T04:25:14.952+0000] {logging_mixin.py:188} INFO - [2025-12-11T04:25:14.952+0000] {dagbag.py:545} INFO - Filling up the DagBag from /home/airflow/.local/lib/python3.9/site-packages/airflow/example_dags/example_time_delta_sensor_async.py
[2025-12-11T04:25:14.968+0000] {processor.py:840} INFO - DAG(s) 'example_time_delta_sensor_async' retrieved from /home/airflow/.local/lib/python3.9/site-packages/airflow/example_dags/example_time_delta_sensor_async.py
[2025-12-11T04:25:15.025+0000] {logging_mixin.py:188} INFO - [2025-12-11T04:25:15.024+0000] {dag.py:3096} INFO - Sync 1 DAGs
[2025-12-11T04:25:15.051+0000] {logging_mixin.py:188} INFO - [2025-12-11T04:25:15.050+0000] {dag.py:3954} INFO - Setting next_dagrun for example_time_delta_sensor_async to None, run_after=None
[2025-12-11T04:25:15.090+0000] {processor.py:183} INFO - Processing /home/airflow/.local/lib/python3.9/site-packages/airflow/example_dags/example_time_delta_sensor_async.py took 0.244 seconds
[2025-12-11T04:25:45.326+0000] {processor.py:161} INFO - Started process (PID=988) to work on /home/airflow/.local/lib/python3.9/site-packages/airflow/example_dags/example_time_delta_sensor_async.py
[2025-12-11T04:25:45.331+0000] {processor.py:830} INFO - Processing file /home/airflow/.local/lib/python3.9/site-packages/airflow/example_dags/example_time_delta_sensor_async.py for tasks to queue
[2025-12-11T04:25:45.334+0000] {logging_mixin.py:188} INFO - [2025-12-11T04:25:45.334+0000] {dagbag.py:545} INFO - Filling up the DagBag from /home/airflow/.local/lib/python3.9/site-packages/airflow/example_dags/example_time_delta_sensor_async.py
[2025-12-11T04:25:45.355+0000] {processor.py:840} INFO - DAG(s) 'example_time_delta_sensor_async' retrieved from /home/airflow/.local/lib/python3.9/site-packages/airflow/example_dags/example_time_delta_sensor_async.py
[2025-12-11T04:25:45.395+0000] {logging_mixin.py:188} INFO - [2025-12-11T04:25:45.394+0000] {dag.py:3096} INFO - Sync 1 DAGs
[2025-12-11T04:25:45.415+0000] {logging_mixin.py:188} INFO - [2025-12-11T04:25:45.414+0000] {dag.py:3954} INFO - Setting next_dagrun for example_time_delta_sensor_async to None, run_after=None
[2025-12-11T04:25:45.441+0000] {processor.py:183} INFO - Processing /home/airflow/.local/lib/python3.9/site-packages/airflow/example_dags/example_time_delta_sensor_async.py took 0.129 seconds
[2025-12-11T04:26:15.642+0000] {processor.py:161} INFO - Started process (PID=1054) to work on /home/airflow/.local/lib/python3.9/site-packages/airflow/example_dags/example_time_delta_sensor_async.py
[2025-12-11T04:26:15.644+0000] {processor.py:830} INFO - Processing file /home/airflow/.local/lib/python3.9/site-packages/airflow/example_dags/example_time_delta_sensor_async.py for tasks to queue
[2025-12-11T04:26:15.647+0000] {logging_mixin.py:188} INFO - [2025-12-11T04:26:15.646+0000] {dagbag.py:545} INFO - Filling up the DagBag from /home/airflow/.local/lib/python3.9/site-packages/airflow/example_dags/example_time_delta_sensor_async.py
[2025-12-11T04:26:15.654+0000] {processor.py:840} INFO - DAG(s) 'example_time_delta_sensor_async' retrieved from /home/airflow/.local/lib/python3.9/site-packages/airflow/example_dags/example_time_delta_sensor_async.py
[2025-12-11T04:26:15.695+0000] {logging_mixin.py:188} INFO - [2025-12-11T04:26:15.695+0000] {dag.py:3096} INFO - Sync 1 DAGs
[2025-12-11T04:26:15.716+0000] {logging_mixin.py:188} INFO - [2025-12-11T04:26:15.716+0000] {dag.py:3954} INFO - Setting next_dagrun for example_time_delta_sensor_async to None, run_after=None
[2025-12-11T04:26:15.742+0000] {processor.py:183} INFO - Processing /home/airflow/.local/lib/python3.9/site-packages/airflow/example_dags/example_time_delta_sensor_async.py took 0.112 seconds
[2025-12-11T04:26:46.281+0000] {processor.py:161} INFO - Started process (PID=1127) to work on /home/airflow/.local/lib/python3.9/site-packages/airflow/example_dags/example_time_delta_sensor_async.py
[2025-12-11T04:26:46.282+0000] {processor.py:830} INFO - Processing file /home/airflow/.local/lib/python3.9/site-packages/airflow/example_dags/example_time_delta_sensor_async.py for tasks to queue
[2025-12-11T04:26:46.285+0000] {logging_mixin.py:188} INFO - [2025-12-11T04:26:46.284+0000] {dagbag.py:545} INFO - Filling up the DagBag from /home/airflow/.local/lib/python3.9/site-packages/airflow/example_dags/example_time_delta_sensor_async.py
[2025-12-11T04:26:46.299+0000] {processor.py:840} INFO - DAG(s) 'example_time_delta_sensor_async' retrieved from /home/airflow/.local/lib/python3.9/site-packages/airflow/example_dags/example_time_delta_sensor_async.py
[2025-12-11T04:26:46.348+0000] {logging_mixin.py:188} INFO - [2025-12-11T04:26:46.348+0000] {dag.py:3096} INFO - Sync 1 DAGs
[2025-12-11T04:26:46.385+0000] {logging_mixin.py:188} INFO - [2025-12-11T04:26:46.384+0000] {dag.py:3954} INFO - Setting next_dagrun for example_time_delta_sensor_async to None, run_after=None
[2025-12-11T04:26:46.429+0000] {processor.py:183} INFO - Processing /home/airflow/.local/lib/python3.9/site-packages/airflow/example_dags/example_time_delta_sensor_async.py took 0.163 seconds
[2025-12-11T04:27:16.953+0000] {processor.py:161} INFO - Started process (PID=1193) to work on /home/airflow/.local/lib/python3.9/site-packages/airflow/example_dags/example_time_delta_sensor_async.py
[2025-12-11T04:27:16.955+0000] {processor.py:830} INFO - Processing file /home/airflow/.local/lib/python3.9/site-packages/airflow/example_dags/example_time_delta_sensor_async.py for tasks to queue
[2025-12-11T04:27:16.960+0000] {logging_mixin.py:188} INFO - [2025-12-11T04:27:16.959+0000] {dagbag.py:545} INFO - Filling up the DagBag from /home/airflow/.local/lib/python3.9/site-packages/airflow/example_dags/example_time_delta_sensor_async.py
[2025-12-11T04:27:16.978+0000] {processor.py:840} INFO - DAG(s) 'example_time_delta_sensor_async' retrieved from /home/airflow/.local/lib/python3.9/site-packages/airflow/example_dags/example_time_delta_sensor_async.py
[2025-12-11T04:27:17.057+0000] {logging_mixin.py:188} INFO - [2025-12-11T04:27:17.046+0000] {dag.py:3096} INFO - Sync 1 DAGs
[2025-12-11T04:27:17.123+0000] {logging_mixin.py:188} INFO - [2025-12-11T04:27:17.123+0000] {dag.py:3954} INFO - Setting next_dagrun for example_time_delta_sensor_async to None, run_after=None
[2025-12-11T04:27:17.201+0000] {processor.py:183} INFO - Processing /home/airflow/.local/lib/python3.9/site-packages/airflow/example_dags/example_time_delta_sensor_async.py took 0.281 seconds
[2025-12-11T04:27:47.507+0000] {processor.py:161} INFO - Started process (PID=1259) to work on /home/airflow/.local/lib/python3.9/site-packages/airflow/example_dags/example_time_delta_sensor_async.py
[2025-12-11T04:27:47.518+0000] {processor.py:830} INFO - Processing file /home/airflow/.local/lib/python3.9/site-packages/airflow/example_dags/example_time_delta_sensor_async.py for tasks to queue
[2025-12-11T04:27:47.521+0000] {logging_mixin.py:188} INFO - [2025-12-11T04:27:47.520+0000] {dagbag.py:545} INFO - Filling up the DagBag from /home/airflow/.local/lib/python3.9/site-packages/airflow/example_dags/example_time_delta_sensor_async.py
[2025-12-11T04:27:47.540+0000] {processor.py:840} INFO - DAG(s) 'example_time_delta_sensor_async' retrieved from /home/airflow/.local/lib/python3.9/site-packages/airflow/example_dags/example_time_delta_sensor_async.py
[2025-12-11T04:27:47.641+0000] {logging_mixin.py:188} INFO - [2025-12-11T04:27:47.640+0000] {dag.py:3096} INFO - Sync 1 DAGs
[2025-12-11T04:27:47.721+0000] {logging_mixin.py:188} INFO - [2025-12-11T04:27:47.721+0000] {dag.py:3954} INFO - Setting next_dagrun for example_time_delta_sensor_async to None, run_after=None
[2025-12-11T04:27:47.821+0000] {processor.py:183} INFO - Processing /home/airflow/.local/lib/python3.9/site-packages/airflow/example_dags/example_time_delta_sensor_async.py took 0.339 seconds
[2025-12-11T04:28:18.662+0000] {processor.py:161} INFO - Started process (PID=1325) to work on /home/airflow/.local/lib/python3.9/site-packages/airflow/example_dags/example_time_delta_sensor_async.py
[2025-12-11T04:28:18.669+0000] {processor.py:830} INFO - Processing file /home/airflow/.local/lib/python3.9/site-packages/airflow/example_dags/example_time_delta_sensor_async.py for tasks to queue
[2025-12-11T04:28:18.679+0000] {logging_mixin.py:188} INFO - [2025-12-11T04:28:18.679+0000] {dagbag.py:545} INFO - Filling up the DagBag from /home/airflow/.local/lib/python3.9/site-packages/airflow/example_dags/example_time_delta_sensor_async.py
[2025-12-11T04:28:18.687+0000] {processor.py:840} INFO - DAG(s) 'example_time_delta_sensor_async' retrieved from /home/airflow/.local/lib/python3.9/site-packages/airflow/example_dags/example_time_delta_sensor_async.py
[2025-12-11T04:28:18.819+0000] {logging_mixin.py:188} INFO - [2025-12-11T04:28:18.805+0000] {dag.py:3096} INFO - Sync 1 DAGs
[2025-12-11T04:28:18.866+0000] {logging_mixin.py:188} INFO - [2025-12-11T04:28:18.865+0000] {dag.py:3954} INFO - Setting next_dagrun for example_time_delta_sensor_async to None, run_after=None
[2025-12-11T04:28:19.022+0000] {processor.py:183} INFO - Processing /home/airflow/.local/lib/python3.9/site-packages/airflow/example_dags/example_time_delta_sensor_async.py took 0.380 seconds
[2025-12-11T04:28:49.386+0000] {processor.py:161} INFO - Started process (PID=1384) to work on /home/airflow/.local/lib/python3.9/site-packages/airflow/example_dags/example_time_delta_sensor_async.py
[2025-12-11T04:28:49.394+0000] {processor.py:830} INFO - Processing file /home/airflow/.local/lib/python3.9/site-packages/airflow/example_dags/example_time_delta_sensor_async.py for tasks to queue
[2025-12-11T04:28:49.397+0000] {logging_mixin.py:188} INFO - [2025-12-11T04:28:49.397+0000] {dagbag.py:545} INFO - Filling up the DagBag from /home/airflow/.local/lib/python3.9/site-packages/airflow/example_dags/example_time_delta_sensor_async.py
[2025-12-11T04:28:49.405+0000] {processor.py:840} INFO - DAG(s) 'example_time_delta_sensor_async' retrieved from /home/airflow/.local/lib/python3.9/site-packages/airflow/example_dags/example_time_delta_sensor_async.py
[2025-12-11T04:28:49.469+0000] {logging_mixin.py:188} INFO - [2025-12-11T04:28:49.469+0000] {dag.py:3096} INFO - Sync 1 DAGs
[2025-12-11T04:28:49.506+0000] {logging_mixin.py:188} INFO - [2025-12-11T04:28:49.506+0000] {dag.py:3954} INFO - Setting next_dagrun for example_time_delta_sensor_async to None, run_after=None
[2025-12-11T04:28:49.551+0000] {processor.py:183} INFO - Processing /home/airflow/.local/lib/python3.9/site-packages/airflow/example_dags/example_time_delta_sensor_async.py took 0.174 seconds
[2025-12-11T04:29:20.181+0000] {processor.py:161} INFO - Started process (PID=1450) to work on /home/airflow/.local/lib/python3.9/site-packages/airflow/example_dags/example_time_delta_sensor_async.py
[2025-12-11T04:29:20.183+0000] {processor.py:830} INFO - Processing file /home/airflow/.local/lib/python3.9/site-packages/airflow/example_dags/example_time_delta_sensor_async.py for tasks to queue
[2025-12-11T04:29:20.186+0000] {logging_mixin.py:188} INFO - [2025-12-11T04:29:20.185+0000] {dagbag.py:545} INFO - Filling up the DagBag from /home/airflow/.local/lib/python3.9/site-packages/airflow/example_dags/example_time_delta_sensor_async.py
[2025-12-11T04:29:20.202+0000] {processor.py:840} INFO - DAG(s) 'example_time_delta_sensor_async' retrieved from /home/airflow/.local/lib/python3.9/site-packages/airflow/example_dags/example_time_delta_sensor_async.py
[2025-12-11T04:29:20.263+0000] {logging_mixin.py:188} INFO - [2025-12-11T04:29:20.262+0000] {dag.py:3096} INFO - Sync 1 DAGs
[2025-12-11T04:29:20.306+0000] {logging_mixin.py:188} INFO - [2025-12-11T04:29:20.305+0000] {dag.py:3954} INFO - Setting next_dagrun for example_time_delta_sensor_async to None, run_after=None
[2025-12-11T04:29:20.364+0000] {processor.py:183} INFO - Processing /home/airflow/.local/lib/python3.9/site-packages/airflow/example_dags/example_time_delta_sensor_async.py took 0.200 seconds
[2025-12-11T04:29:50.987+0000] {processor.py:161} INFO - Started process (PID=1522) to work on /home/airflow/.local/lib/python3.9/site-packages/airflow/example_dags/example_time_delta_sensor_async.py
[2025-12-11T04:29:50.998+0000] {processor.py:830} INFO - Processing file /home/airflow/.local/lib/python3.9/site-packages/airflow/example_dags/example_time_delta_sensor_async.py for tasks to queue
[2025-12-11T04:29:51.001+0000] {logging_mixin.py:188} INFO - [2025-12-11T04:29:51.001+0000] {dagbag.py:545} INFO - Filling up the DagBag from /home/airflow/.local/lib/python3.9/site-packages/airflow/example_dags/example_time_delta_sensor_async.py
[2025-12-11T04:29:51.021+0000] {processor.py:840} INFO - DAG(s) 'example_time_delta_sensor_async' retrieved from /home/airflow/.local/lib/python3.9/site-packages/airflow/example_dags/example_time_delta_sensor_async.py
[2025-12-11T04:29:51.121+0000] {logging_mixin.py:188} INFO - [2025-12-11T04:29:51.121+0000] {dag.py:3096} INFO - Sync 1 DAGs
[2025-12-11T04:29:51.183+0000] {logging_mixin.py:188} INFO - [2025-12-11T04:29:51.182+0000] {dag.py:3954} INFO - Setting next_dagrun for example_time_delta_sensor_async to None, run_after=None
[2025-12-11T04:29:51.271+0000] {processor.py:183} INFO - Processing /home/airflow/.local/lib/python3.9/site-packages/airflow/example_dags/example_time_delta_sensor_async.py took 0.294 seconds
[2025-12-11T04:30:22.460+0000] {processor.py:161} INFO - Started process (PID=1589) to work on /home/airflow/.local/lib/python3.9/site-packages/airflow/example_dags/example_time_delta_sensor_async.py
[2025-12-11T04:30:22.468+0000] {processor.py:830} INFO - Processing file /home/airflow/.local/lib/python3.9/site-packages/airflow/example_dags/example_time_delta_sensor_async.py for tasks to queue
[2025-12-11T04:30:22.479+0000] {logging_mixin.py:188} INFO - [2025-12-11T04:30:22.478+0000] {dagbag.py:545} INFO - Filling up the DagBag from /home/airflow/.local/lib/python3.9/site-packages/airflow/example_dags/example_time_delta_sensor_async.py
[2025-12-11T04:30:22.486+0000] {processor.py:840} INFO - DAG(s) 'example_time_delta_sensor_async' retrieved from /home/airflow/.local/lib/python3.9/site-packages/airflow/example_dags/example_time_delta_sensor_async.py
[2025-12-11T04:30:22.563+0000] {logging_mixin.py:188} INFO - [2025-12-11T04:30:22.563+0000] {dag.py:3096} INFO - Sync 1 DAGs
[2025-12-11T04:30:22.587+0000] {logging_mixin.py:188} INFO - [2025-12-11T04:30:22.586+0000] {dag.py:3954} INFO - Setting next_dagrun for example_time_delta_sensor_async to None, run_after=None
[2025-12-11T04:30:22.628+0000] {processor.py:183} INFO - Processing /home/airflow/.local/lib/python3.9/site-packages/airflow/example_dags/example_time_delta_sensor_async.py took 0.203 seconds
[2025-12-11T04:30:53.663+0000] {processor.py:161} INFO - Started process (PID=1654) to work on /home/airflow/.local/lib/python3.9/site-packages/airflow/example_dags/example_time_delta_sensor_async.py
[2025-12-11T04:30:53.708+0000] {processor.py:830} INFO - Processing file /home/airflow/.local/lib/python3.9/site-packages/airflow/example_dags/example_time_delta_sensor_async.py for tasks to queue
[2025-12-11T04:30:53.711+0000] {logging_mixin.py:188} INFO - [2025-12-11T04:30:53.711+0000] {dagbag.py:545} INFO - Filling up the DagBag from /home/airflow/.local/lib/python3.9/site-packages/airflow/example_dags/example_time_delta_sensor_async.py
[2025-12-11T04:30:53.720+0000] {processor.py:840} INFO - DAG(s) 'example_time_delta_sensor_async' retrieved from /home/airflow/.local/lib/python3.9/site-packages/airflow/example_dags/example_time_delta_sensor_async.py
[2025-12-11T04:30:53.765+0000] {logging_mixin.py:188} INFO - [2025-12-11T04:30:53.765+0000] {dag.py:3096} INFO - Sync 1 DAGs
[2025-12-11T04:30:53.788+0000] {logging_mixin.py:188} INFO - [2025-12-11T04:30:53.787+0000] {dag.py:3954} INFO - Setting next_dagrun for example_time_delta_sensor_async to None, run_after=None
[2025-12-11T04:30:54.053+0000] {processor.py:183} INFO - Processing /home/airflow/.local/lib/python3.9/site-packages/airflow/example_dags/example_time_delta_sensor_async.py took 0.403 seconds
[2025-12-11T04:31:24.958+0000] {processor.py:161} INFO - Started process (PID=1720) to work on /home/airflow/.local/lib/python3.9/site-packages/airflow/example_dags/example_time_delta_sensor_async.py
[2025-12-11T04:31:24.960+0000] {processor.py:830} INFO - Processing file /home/airflow/.local/lib/python3.9/site-packages/airflow/example_dags/example_time_delta_sensor_async.py for tasks to queue
[2025-12-11T04:31:24.963+0000] {logging_mixin.py:188} INFO - [2025-12-11T04:31:24.963+0000] {dagbag.py:545} INFO - Filling up the DagBag from /home/airflow/.local/lib/python3.9/site-packages/airflow/example_dags/example_time_delta_sensor_async.py
[2025-12-11T04:31:24.971+0000] {processor.py:840} INFO - DAG(s) 'example_time_delta_sensor_async' retrieved from /home/airflow/.local/lib/python3.9/site-packages/airflow/example_dags/example_time_delta_sensor_async.py
[2025-12-11T04:31:25.010+0000] {logging_mixin.py:188} INFO - [2025-12-11T04:31:25.010+0000] {dag.py:3096} INFO - Sync 1 DAGs
[2025-12-11T04:31:25.033+0000] {logging_mixin.py:188} INFO - [2025-12-11T04:31:25.032+0000] {dag.py:3954} INFO - Setting next_dagrun for example_time_delta_sensor_async to None, run_after=None
[2025-12-11T04:31:25.060+0000] {processor.py:183} INFO - Processing /home/airflow/.local/lib/python3.9/site-packages/airflow/example_dags/example_time_delta_sensor_async.py took 0.112 seconds
[2025-12-11T04:31:55.533+0000] {processor.py:161} INFO - Started process (PID=1786) to work on /home/airflow/.local/lib/python3.9/site-packages/airflow/example_dags/example_time_delta_sensor_async.py
[2025-12-11T04:31:55.534+0000] {processor.py:830} INFO - Processing file /home/airflow/.local/lib/python3.9/site-packages/airflow/example_dags/example_time_delta_sensor_async.py for tasks to queue
[2025-12-11T04:31:55.538+0000] {logging_mixin.py:188} INFO - [2025-12-11T04:31:55.537+0000] {dagbag.py:545} INFO - Filling up the DagBag from /home/airflow/.local/lib/python3.9/site-packages/airflow/example_dags/example_time_delta_sensor_async.py
[2025-12-11T04:31:55.545+0000] {processor.py:840} INFO - DAG(s) 'example_time_delta_sensor_async' retrieved from /home/airflow/.local/lib/python3.9/site-packages/airflow/example_dags/example_time_delta_sensor_async.py
[2025-12-11T04:31:55.585+0000] {logging_mixin.py:188} INFO - [2025-12-11T04:31:55.585+0000] {dag.py:3096} INFO - Sync 1 DAGs
[2025-12-11T04:31:55.604+0000] {logging_mixin.py:188} INFO - [2025-12-11T04:31:55.604+0000] {dag.py:3954} INFO - Setting next_dagrun for example_time_delta_sensor_async to None, run_after=None
[2025-12-11T04:31:55.630+0000] {processor.py:183} INFO - Processing /home/airflow/.local/lib/python3.9/site-packages/airflow/example_dags/example_time_delta_sensor_async.py took 0.107 seconds
[2025-12-11T04:32:25.831+0000] {processor.py:161} INFO - Started process (PID=1852) to work on /home/airflow/.local/lib/python3.9/site-packages/airflow/example_dags/example_time_delta_sensor_async.py
[2025-12-11T04:32:25.833+0000] {processor.py:830} INFO - Processing file /home/airflow/.local/lib/python3.9/site-packages/airflow/example_dags/example_time_delta_sensor_async.py for tasks to queue
[2025-12-11T04:32:25.838+0000] {logging_mixin.py:188} INFO - [2025-12-11T04:32:25.838+0000] {dagbag.py:545} INFO - Filling up the DagBag from /home/airflow/.local/lib/python3.9/site-packages/airflow/example_dags/example_time_delta_sensor_async.py
[2025-12-11T04:32:25.846+0000] {processor.py:840} INFO - DAG(s) 'example_time_delta_sensor_async' retrieved from /home/airflow/.local/lib/python3.9/site-packages/airflow/example_dags/example_time_delta_sensor_async.py
[2025-12-11T04:32:25.885+0000] {logging_mixin.py:188} INFO - [2025-12-11T04:32:25.885+0000] {dag.py:3096} INFO - Sync 1 DAGs
[2025-12-11T04:32:25.905+0000] {logging_mixin.py:188} INFO - [2025-12-11T04:32:25.904+0000] {dag.py:3954} INFO - Setting next_dagrun for example_time_delta_sensor_async to None, run_after=None
[2025-12-11T04:32:25.929+0000] {processor.py:183} INFO - Processing /home/airflow/.local/lib/python3.9/site-packages/airflow/example_dags/example_time_delta_sensor_async.py took 0.108 seconds
[2025-12-11T04:32:56.300+0000] {processor.py:161} INFO - Started process (PID=1918) to work on /home/airflow/.local/lib/python3.9/site-packages/airflow/example_dags/example_time_delta_sensor_async.py
[2025-12-11T04:32:56.302+0000] {processor.py:830} INFO - Processing file /home/airflow/.local/lib/python3.9/site-packages/airflow/example_dags/example_time_delta_sensor_async.py for tasks to queue
[2025-12-11T04:32:56.304+0000] {logging_mixin.py:188} INFO - [2025-12-11T04:32:56.304+0000] {dagbag.py:545} INFO - Filling up the DagBag from /home/airflow/.local/lib/python3.9/site-packages/airflow/example_dags/example_time_delta_sensor_async.py
[2025-12-11T04:32:56.311+0000] {processor.py:840} INFO - DAG(s) 'example_time_delta_sensor_async' retrieved from /home/airflow/.local/lib/python3.9/site-packages/airflow/example_dags/example_time_delta_sensor_async.py
[2025-12-11T04:32:56.349+0000] {logging_mixin.py:188} INFO - [2025-12-11T04:32:56.348+0000] {dag.py:3096} INFO - Sync 1 DAGs
[2025-12-11T04:32:56.368+0000] {logging_mixin.py:188} INFO - [2025-12-11T04:32:56.368+0000] {dag.py:3954} INFO - Setting next_dagrun for example_time_delta_sensor_async to None, run_after=None
[2025-12-11T04:32:56.394+0000] {processor.py:183} INFO - Processing /home/airflow/.local/lib/python3.9/site-packages/airflow/example_dags/example_time_delta_sensor_async.py took 0.107 seconds
[2025-12-11T04:33:27.168+0000] {processor.py:161} INFO - Started process (PID=1982) to work on /home/airflow/.local/lib/python3.9/site-packages/airflow/example_dags/example_time_delta_sensor_async.py
[2025-12-11T04:33:27.170+0000] {processor.py:830} INFO - Processing file /home/airflow/.local/lib/python3.9/site-packages/airflow/example_dags/example_time_delta_sensor_async.py for tasks to queue
[2025-12-11T04:33:27.173+0000] {logging_mixin.py:188} INFO - [2025-12-11T04:33:27.172+0000] {dagbag.py:545} INFO - Filling up the DagBag from /home/airflow/.local/lib/python3.9/site-packages/airflow/example_dags/example_time_delta_sensor_async.py
[2025-12-11T04:33:27.180+0000] {processor.py:840} INFO - DAG(s) 'example_time_delta_sensor_async' retrieved from /home/airflow/.local/lib/python3.9/site-packages/airflow/example_dags/example_time_delta_sensor_async.py
[2025-12-11T04:33:27.217+0000] {logging_mixin.py:188} INFO - [2025-12-11T04:33:27.217+0000] {dag.py:3096} INFO - Sync 1 DAGs
[2025-12-11T04:33:27.238+0000] {logging_mixin.py:188} INFO - [2025-12-11T04:33:27.238+0000] {dag.py:3954} INFO - Setting next_dagrun for example_time_delta_sensor_async to None, run_after=None
[2025-12-11T04:33:27.284+0000] {processor.py:183} INFO - Processing /home/airflow/.local/lib/python3.9/site-packages/airflow/example_dags/example_time_delta_sensor_async.py took 0.125 seconds
[2025-12-11T04:33:57.721+0000] {processor.py:161} INFO - Started process (PID=2050) to work on /home/airflow/.local/lib/python3.9/site-packages/airflow/example_dags/example_time_delta_sensor_async.py
[2025-12-11T04:33:57.723+0000] {processor.py:830} INFO - Processing file /home/airflow/.local/lib/python3.9/site-packages/airflow/example_dags/example_time_delta_sensor_async.py for tasks to queue
[2025-12-11T04:33:57.726+0000] {logging_mixin.py:188} INFO - [2025-12-11T04:33:57.725+0000] {dagbag.py:545} INFO - Filling up the DagBag from /home/airflow/.local/lib/python3.9/site-packages/airflow/example_dags/example_time_delta_sensor_async.py
[2025-12-11T04:33:57.741+0000] {processor.py:840} INFO - DAG(s) 'example_time_delta_sensor_async' retrieved from /home/airflow/.local/lib/python3.9/site-packages/airflow/example_dags/example_time_delta_sensor_async.py
[2025-12-11T04:33:57.787+0000] {logging_mixin.py:188} INFO - [2025-12-11T04:33:57.786+0000] {dag.py:3096} INFO - Sync 1 DAGs
[2025-12-11T04:33:57.812+0000] {logging_mixin.py:188} INFO - [2025-12-11T04:33:57.811+0000] {dag.py:3954} INFO - Setting next_dagrun for example_time_delta_sensor_async to None, run_after=None
[2025-12-11T04:33:57.848+0000] {processor.py:183} INFO - Processing /home/airflow/.local/lib/python3.9/site-packages/airflow/example_dags/example_time_delta_sensor_async.py took 0.147 seconds
[2025-12-11T04:34:28.778+0000] {processor.py:161} INFO - Started process (PID=2117) to work on /home/airflow/.local/lib/python3.9/site-packages/airflow/example_dags/example_time_delta_sensor_async.py
[2025-12-11T04:34:28.784+0000] {processor.py:830} INFO - Processing file /home/airflow/.local/lib/python3.9/site-packages/airflow/example_dags/example_time_delta_sensor_async.py for tasks to queue
[2025-12-11T04:34:28.788+0000] {logging_mixin.py:188} INFO - [2025-12-11T04:34:28.788+0000] {dagbag.py:545} INFO - Filling up the DagBag from /home/airflow/.local/lib/python3.9/site-packages/airflow/example_dags/example_time_delta_sensor_async.py
[2025-12-11T04:34:28.801+0000] {processor.py:840} INFO - DAG(s) 'example_time_delta_sensor_async' retrieved from /home/airflow/.local/lib/python3.9/site-packages/airflow/example_dags/example_time_delta_sensor_async.py
[2025-12-11T04:34:28.862+0000] {logging_mixin.py:188} INFO - [2025-12-11T04:34:28.862+0000] {dag.py:3096} INFO - Sync 1 DAGs
[2025-12-11T04:34:28.883+0000] {logging_mixin.py:188} INFO - [2025-12-11T04:34:28.883+0000] {dag.py:3954} INFO - Setting next_dagrun for example_time_delta_sensor_async to None, run_after=None
[2025-12-11T04:34:28.926+0000] {processor.py:183} INFO - Processing /home/airflow/.local/lib/python3.9/site-packages/airflow/example_dags/example_time_delta_sensor_async.py took 0.168 seconds
[2025-12-11T04:34:59.381+0000] {processor.py:161} INFO - Started process (PID=2184) to work on /home/airflow/.local/lib/python3.9/site-packages/airflow/example_dags/example_time_delta_sensor_async.py
[2025-12-11T04:34:59.382+0000] {processor.py:830} INFO - Processing file /home/airflow/.local/lib/python3.9/site-packages/airflow/example_dags/example_time_delta_sensor_async.py for tasks to queue
[2025-12-11T04:34:59.385+0000] {logging_mixin.py:188} INFO - [2025-12-11T04:34:59.385+0000] {dagbag.py:545} INFO - Filling up the DagBag from /home/airflow/.local/lib/python3.9/site-packages/airflow/example_dags/example_time_delta_sensor_async.py
[2025-12-11T04:34:59.392+0000] {processor.py:840} INFO - DAG(s) 'example_time_delta_sensor_async' retrieved from /home/airflow/.local/lib/python3.9/site-packages/airflow/example_dags/example_time_delta_sensor_async.py
[2025-12-11T04:34:59.428+0000] {logging_mixin.py:188} INFO - [2025-12-11T04:34:59.428+0000] {dag.py:3096} INFO - Sync 1 DAGs
[2025-12-11T04:34:59.448+0000] {logging_mixin.py:188} INFO - [2025-12-11T04:34:59.448+0000] {dag.py:3954} INFO - Setting next_dagrun for example_time_delta_sensor_async to None, run_after=None
[2025-12-11T04:34:59.478+0000] {processor.py:183} INFO - Processing /home/airflow/.local/lib/python3.9/site-packages/airflow/example_dags/example_time_delta_sensor_async.py took 0.107 seconds
[2025-12-11T04:35:30.069+0000] {processor.py:161} INFO - Started process (PID=2252) to work on /home/airflow/.local/lib/python3.9/site-packages/airflow/example_dags/example_time_delta_sensor_async.py
[2025-12-11T04:35:30.071+0000] {processor.py:830} INFO - Processing file /home/airflow/.local/lib/python3.9/site-packages/airflow/example_dags/example_time_delta_sensor_async.py for tasks to queue
[2025-12-11T04:35:30.073+0000] {logging_mixin.py:188} INFO - [2025-12-11T04:35:30.073+0000] {dagbag.py:545} INFO - Filling up the DagBag from /home/airflow/.local/lib/python3.9/site-packages/airflow/example_dags/example_time_delta_sensor_async.py
[2025-12-11T04:35:30.081+0000] {processor.py:840} INFO - DAG(s) 'example_time_delta_sensor_async' retrieved from /home/airflow/.local/lib/python3.9/site-packages/airflow/example_dags/example_time_delta_sensor_async.py
[2025-12-11T04:35:30.117+0000] {logging_mixin.py:188} INFO - [2025-12-11T04:35:30.115+0000] {dag.py:3096} INFO - Sync 1 DAGs
[2025-12-11T04:35:30.138+0000] {logging_mixin.py:188} INFO - [2025-12-11T04:35:30.137+0000] {dag.py:3954} INFO - Setting next_dagrun for example_time_delta_sensor_async to None, run_after=None
[2025-12-11T04:35:30.167+0000] {processor.py:183} INFO - Processing /home/airflow/.local/lib/python3.9/site-packages/airflow/example_dags/example_time_delta_sensor_async.py took 0.108 seconds
[2025-12-11T04:36:00.980+0000] {processor.py:161} INFO - Started process (PID=2319) to work on /home/airflow/.local/lib/python3.9/site-packages/airflow/example_dags/example_time_delta_sensor_async.py
[2025-12-11T04:36:00.982+0000] {processor.py:830} INFO - Processing file /home/airflow/.local/lib/python3.9/site-packages/airflow/example_dags/example_time_delta_sensor_async.py for tasks to queue
[2025-12-11T04:36:00.984+0000] {logging_mixin.py:188} INFO - [2025-12-11T04:36:00.984+0000] {dagbag.py:545} INFO - Filling up the DagBag from /home/airflow/.local/lib/python3.9/site-packages/airflow/example_dags/example_time_delta_sensor_async.py
[2025-12-11T04:36:00.992+0000] {processor.py:840} INFO - DAG(s) 'example_time_delta_sensor_async' retrieved from /home/airflow/.local/lib/python3.9/site-packages/airflow/example_dags/example_time_delta_sensor_async.py
[2025-12-11T04:36:01.034+0000] {logging_mixin.py:188} INFO - [2025-12-11T04:36:01.033+0000] {dag.py:3096} INFO - Sync 1 DAGs
[2025-12-11T04:36:01.057+0000] {logging_mixin.py:188} INFO - [2025-12-11T04:36:01.056+0000] {dag.py:3954} INFO - Setting next_dagrun for example_time_delta_sensor_async to None, run_after=None
[2025-12-11T04:36:01.085+0000] {processor.py:183} INFO - Processing /home/airflow/.local/lib/python3.9/site-packages/airflow/example_dags/example_time_delta_sensor_async.py took 0.116 seconds
[2025-12-11T04:36:31.440+0000] {processor.py:161} INFO - Started process (PID=2386) to work on /home/airflow/.local/lib/python3.9/site-packages/airflow/example_dags/example_time_delta_sensor_async.py
[2025-12-11T04:36:31.442+0000] {processor.py:830} INFO - Processing file /home/airflow/.local/lib/python3.9/site-packages/airflow/example_dags/example_time_delta_sensor_async.py for tasks to queue
[2025-12-11T04:36:31.444+0000] {logging_mixin.py:188} INFO - [2025-12-11T04:36:31.444+0000] {dagbag.py:545} INFO - Filling up the DagBag from /home/airflow/.local/lib/python3.9/site-packages/airflow/example_dags/example_time_delta_sensor_async.py
[2025-12-11T04:36:31.451+0000] {processor.py:840} INFO - DAG(s) 'example_time_delta_sensor_async' retrieved from /home/airflow/.local/lib/python3.9/site-packages/airflow/example_dags/example_time_delta_sensor_async.py
[2025-12-11T04:36:31.483+0000] {logging_mixin.py:188} INFO - [2025-12-11T04:36:31.482+0000] {dag.py:3096} INFO - Sync 1 DAGs
[2025-12-11T04:36:31.502+0000] {logging_mixin.py:188} INFO - [2025-12-11T04:36:31.502+0000] {dag.py:3954} INFO - Setting next_dagrun for example_time_delta_sensor_async to None, run_after=None
[2025-12-11T04:36:31.526+0000] {processor.py:183} INFO - Processing /home/airflow/.local/lib/python3.9/site-packages/airflow/example_dags/example_time_delta_sensor_async.py took 0.098 seconds
[2025-12-11T04:37:02.197+0000] {processor.py:161} INFO - Started process (PID=2453) to work on /home/airflow/.local/lib/python3.9/site-packages/airflow/example_dags/example_time_delta_sensor_async.py
[2025-12-11T04:37:02.199+0000] {processor.py:830} INFO - Processing file /home/airflow/.local/lib/python3.9/site-packages/airflow/example_dags/example_time_delta_sensor_async.py for tasks to queue
[2025-12-11T04:37:02.202+0000] {logging_mixin.py:188} INFO - [2025-12-11T04:37:02.201+0000] {dagbag.py:545} INFO - Filling up the DagBag from /home/airflow/.local/lib/python3.9/site-packages/airflow/example_dags/example_time_delta_sensor_async.py
[2025-12-11T04:37:02.210+0000] {processor.py:840} INFO - DAG(s) 'example_time_delta_sensor_async' retrieved from /home/airflow/.local/lib/python3.9/site-packages/airflow/example_dags/example_time_delta_sensor_async.py
[2025-12-11T04:37:02.247+0000] {logging_mixin.py:188} INFO - [2025-12-11T04:37:02.247+0000] {dag.py:3096} INFO - Sync 1 DAGs
[2025-12-11T04:37:02.271+0000] {logging_mixin.py:188} INFO - [2025-12-11T04:37:02.270+0000] {dag.py:3954} INFO - Setting next_dagrun for example_time_delta_sensor_async to None, run_after=None
[2025-12-11T04:37:02.301+0000] {processor.py:183} INFO - Processing /home/airflow/.local/lib/python3.9/site-packages/airflow/example_dags/example_time_delta_sensor_async.py took 0.117 seconds
[2025-12-11T04:37:32.453+0000] {processor.py:161} INFO - Started process (PID=2520) to work on /home/airflow/.local/lib/python3.9/site-packages/airflow/example_dags/example_time_delta_sensor_async.py
[2025-12-11T04:37:32.459+0000] {processor.py:830} INFO - Processing file /home/airflow/.local/lib/python3.9/site-packages/airflow/example_dags/example_time_delta_sensor_async.py for tasks to queue
[2025-12-11T04:37:32.462+0000] {logging_mixin.py:188} INFO - [2025-12-11T04:37:32.462+0000] {dagbag.py:545} INFO - Filling up the DagBag from /home/airflow/.local/lib/python3.9/site-packages/airflow/example_dags/example_time_delta_sensor_async.py
[2025-12-11T04:37:32.471+0000] {processor.py:840} INFO - DAG(s) 'example_time_delta_sensor_async' retrieved from /home/airflow/.local/lib/python3.9/site-packages/airflow/example_dags/example_time_delta_sensor_async.py
[2025-12-11T04:37:32.511+0000] {logging_mixin.py:188} INFO - [2025-12-11T04:37:32.510+0000] {dag.py:3096} INFO - Sync 1 DAGs
[2025-12-11T04:37:32.533+0000] {logging_mixin.py:188} INFO - [2025-12-11T04:37:32.532+0000] {dag.py:3954} INFO - Setting next_dagrun for example_time_delta_sensor_async to None, run_after=None
[2025-12-11T04:37:32.563+0000] {processor.py:183} INFO - Processing /home/airflow/.local/lib/python3.9/site-packages/airflow/example_dags/example_time_delta_sensor_async.py took 0.121 seconds
[2025-12-11T04:38:03.821+0000] {processor.py:161} INFO - Started process (PID=2587) to work on /home/airflow/.local/lib/python3.9/site-packages/airflow/example_dags/example_time_delta_sensor_async.py
[2025-12-11T04:38:03.829+0000] {processor.py:830} INFO - Processing file /home/airflow/.local/lib/python3.9/site-packages/airflow/example_dags/example_time_delta_sensor_async.py for tasks to queue
[2025-12-11T04:38:03.832+0000] {logging_mixin.py:188} INFO - [2025-12-11T04:38:03.832+0000] {dagbag.py:545} INFO - Filling up the DagBag from /home/airflow/.local/lib/python3.9/site-packages/airflow/example_dags/example_time_delta_sensor_async.py
[2025-12-11T04:38:03.841+0000] {processor.py:840} INFO - DAG(s) 'example_time_delta_sensor_async' retrieved from /home/airflow/.local/lib/python3.9/site-packages/airflow/example_dags/example_time_delta_sensor_async.py
[2025-12-11T04:38:03.883+0000] {logging_mixin.py:188} INFO - [2025-12-11T04:38:03.883+0000] {dag.py:3096} INFO - Sync 1 DAGs
[2025-12-11T04:38:03.904+0000] {logging_mixin.py:188} INFO - [2025-12-11T04:38:03.903+0000] {dag.py:3954} INFO - Setting next_dagrun for example_time_delta_sensor_async to None, run_after=None
[2025-12-11T04:38:03.946+0000] {processor.py:183} INFO - Processing /home/airflow/.local/lib/python3.9/site-packages/airflow/example_dags/example_time_delta_sensor_async.py took 0.138 seconds
[2025-12-11T04:38:34.836+0000] {processor.py:161} INFO - Started process (PID=2654) to work on /home/airflow/.local/lib/python3.9/site-packages/airflow/example_dags/example_time_delta_sensor_async.py
[2025-12-11T04:38:34.899+0000] {processor.py:830} INFO - Processing file /home/airflow/.local/lib/python3.9/site-packages/airflow/example_dags/example_time_delta_sensor_async.py for tasks to queue
[2025-12-11T04:38:34.902+0000] {logging_mixin.py:188} INFO - [2025-12-11T04:38:34.901+0000] {dagbag.py:545} INFO - Filling up the DagBag from /home/airflow/.local/lib/python3.9/site-packages/airflow/example_dags/example_time_delta_sensor_async.py
[2025-12-11T04:38:34.910+0000] {processor.py:840} INFO - DAG(s) 'example_time_delta_sensor_async' retrieved from /home/airflow/.local/lib/python3.9/site-packages/airflow/example_dags/example_time_delta_sensor_async.py
[2025-12-11T04:38:34.951+0000] {logging_mixin.py:188} INFO - [2025-12-11T04:38:34.950+0000] {dag.py:3096} INFO - Sync 1 DAGs
[2025-12-11T04:38:34.982+0000] {logging_mixin.py:188} INFO - [2025-12-11T04:38:34.982+0000] {dag.py:3954} INFO - Setting next_dagrun for example_time_delta_sensor_async to None, run_after=None
[2025-12-11T04:38:35.021+0000] {processor.py:183} INFO - Processing /home/airflow/.local/lib/python3.9/site-packages/airflow/example_dags/example_time_delta_sensor_async.py took 0.198 seconds
[2025-12-11T04:39:05.671+0000] {processor.py:161} INFO - Started process (PID=2721) to work on /home/airflow/.local/lib/python3.9/site-packages/airflow/example_dags/example_time_delta_sensor_async.py
[2025-12-11T04:39:05.672+0000] {processor.py:830} INFO - Processing file /home/airflow/.local/lib/python3.9/site-packages/airflow/example_dags/example_time_delta_sensor_async.py for tasks to queue
[2025-12-11T04:39:05.679+0000] {logging_mixin.py:188} INFO - [2025-12-11T04:39:05.678+0000] {dagbag.py:545} INFO - Filling up the DagBag from /home/airflow/.local/lib/python3.9/site-packages/airflow/example_dags/example_time_delta_sensor_async.py
[2025-12-11T04:39:05.686+0000] {processor.py:840} INFO - DAG(s) 'example_time_delta_sensor_async' retrieved from /home/airflow/.local/lib/python3.9/site-packages/airflow/example_dags/example_time_delta_sensor_async.py
[2025-12-11T04:39:05.727+0000] {logging_mixin.py:188} INFO - [2025-12-11T04:39:05.726+0000] {dag.py:3096} INFO - Sync 1 DAGs
[2025-12-11T04:39:05.749+0000] {logging_mixin.py:188} INFO - [2025-12-11T04:39:05.749+0000] {dag.py:3954} INFO - Setting next_dagrun for example_time_delta_sensor_async to None, run_after=None
[2025-12-11T04:39:05.779+0000] {processor.py:183} INFO - Processing /home/airflow/.local/lib/python3.9/site-packages/airflow/example_dags/example_time_delta_sensor_async.py took 0.119 seconds
[2025-12-11T04:39:36.580+0000] {processor.py:161} INFO - Started process (PID=2787) to work on /home/airflow/.local/lib/python3.9/site-packages/airflow/example_dags/example_time_delta_sensor_async.py
[2025-12-11T04:39:36.589+0000] {processor.py:830} INFO - Processing file /home/airflow/.local/lib/python3.9/site-packages/airflow/example_dags/example_time_delta_sensor_async.py for tasks to queue
[2025-12-11T04:39:36.592+0000] {logging_mixin.py:188} INFO - [2025-12-11T04:39:36.591+0000] {dagbag.py:545} INFO - Filling up the DagBag from /home/airflow/.local/lib/python3.9/site-packages/airflow/example_dags/example_time_delta_sensor_async.py
[2025-12-11T04:39:36.601+0000] {processor.py:840} INFO - DAG(s) 'example_time_delta_sensor_async' retrieved from /home/airflow/.local/lib/python3.9/site-packages/airflow/example_dags/example_time_delta_sensor_async.py
[2025-12-11T04:39:36.646+0000] {logging_mixin.py:188} INFO - [2025-12-11T04:39:36.645+0000] {dag.py:3096} INFO - Sync 1 DAGs
[2025-12-11T04:39:36.670+0000] {logging_mixin.py:188} INFO - [2025-12-11T04:39:36.670+0000] {dag.py:3954} INFO - Setting next_dagrun for example_time_delta_sensor_async to None, run_after=None
[2025-12-11T04:39:36.710+0000] {processor.py:183} INFO - Processing /home/airflow/.local/lib/python3.9/site-packages/airflow/example_dags/example_time_delta_sensor_async.py took 0.143 seconds
[2025-12-11T04:40:07.644+0000] {processor.py:161} INFO - Started process (PID=2854) to work on /home/airflow/.local/lib/python3.9/site-packages/airflow/example_dags/example_time_delta_sensor_async.py
[2025-12-11T04:40:07.652+0000] {processor.py:830} INFO - Processing file /home/airflow/.local/lib/python3.9/site-packages/airflow/example_dags/example_time_delta_sensor_async.py for tasks to queue
[2025-12-11T04:40:07.656+0000] {logging_mixin.py:188} INFO - [2025-12-11T04:40:07.655+0000] {dagbag.py:545} INFO - Filling up the DagBag from /home/airflow/.local/lib/python3.9/site-packages/airflow/example_dags/example_time_delta_sensor_async.py
[2025-12-11T04:40:07.665+0000] {processor.py:840} INFO - DAG(s) 'example_time_delta_sensor_async' retrieved from /home/airflow/.local/lib/python3.9/site-packages/airflow/example_dags/example_time_delta_sensor_async.py
[2025-12-11T04:40:07.712+0000] {logging_mixin.py:188} INFO - [2025-12-11T04:40:07.711+0000] {dag.py:3096} INFO - Sync 1 DAGs
[2025-12-11T04:40:07.738+0000] {logging_mixin.py:188} INFO - [2025-12-11T04:40:07.737+0000] {dag.py:3954} INFO - Setting next_dagrun for example_time_delta_sensor_async to None, run_after=None
[2025-12-11T04:40:08.062+0000] {processor.py:183} INFO - Processing /home/airflow/.local/lib/python3.9/site-packages/airflow/example_dags/example_time_delta_sensor_async.py took 0.431 seconds
[2025-12-11T04:40:38.301+0000] {processor.py:161} INFO - Started process (PID=2921) to work on /home/airflow/.local/lib/python3.9/site-packages/airflow/example_dags/example_time_delta_sensor_async.py
[2025-12-11T04:40:38.303+0000] {processor.py:830} INFO - Processing file /home/airflow/.local/lib/python3.9/site-packages/airflow/example_dags/example_time_delta_sensor_async.py for tasks to queue
[2025-12-11T04:40:38.318+0000] {logging_mixin.py:188} INFO - [2025-12-11T04:40:38.317+0000] {dagbag.py:545} INFO - Filling up the DagBag from /home/airflow/.local/lib/python3.9/site-packages/airflow/example_dags/example_time_delta_sensor_async.py
[2025-12-11T04:40:38.325+0000] {processor.py:840} INFO - DAG(s) 'example_time_delta_sensor_async' retrieved from /home/airflow/.local/lib/python3.9/site-packages/airflow/example_dags/example_time_delta_sensor_async.py
[2025-12-11T04:40:38.383+0000] {logging_mixin.py:188} INFO - [2025-12-11T04:40:38.383+0000] {dag.py:3096} INFO - Sync 1 DAGs
[2025-12-11T04:40:38.408+0000] {logging_mixin.py:188} INFO - [2025-12-11T04:40:38.408+0000] {dag.py:3954} INFO - Setting next_dagrun for example_time_delta_sensor_async to None, run_after=None
[2025-12-11T04:40:38.448+0000] {processor.py:183} INFO - Processing /home/airflow/.local/lib/python3.9/site-packages/airflow/example_dags/example_time_delta_sensor_async.py took 0.166 seconds
[2025-12-11T04:41:09.912+0000] {processor.py:161} INFO - Started process (PID=2988) to work on /home/airflow/.local/lib/python3.9/site-packages/airflow/example_dags/example_time_delta_sensor_async.py
[2025-12-11T04:41:09.958+0000] {processor.py:830} INFO - Processing file /home/airflow/.local/lib/python3.9/site-packages/airflow/example_dags/example_time_delta_sensor_async.py for tasks to queue
[2025-12-11T04:41:09.962+0000] {logging_mixin.py:188} INFO - [2025-12-11T04:41:09.961+0000] {dagbag.py:545} INFO - Filling up the DagBag from /home/airflow/.local/lib/python3.9/site-packages/airflow/example_dags/example_time_delta_sensor_async.py
[2025-12-11T04:41:09.970+0000] {processor.py:840} INFO - DAG(s) 'example_time_delta_sensor_async' retrieved from /home/airflow/.local/lib/python3.9/site-packages/airflow/example_dags/example_time_delta_sensor_async.py
[2025-12-11T04:41:10.046+0000] {logging_mixin.py:188} INFO - [2025-12-11T04:41:10.045+0000] {dag.py:3096} INFO - Sync 1 DAGs
[2025-12-11T04:41:10.084+0000] {logging_mixin.py:188} INFO - [2025-12-11T04:41:10.083+0000] {dag.py:3954} INFO - Setting next_dagrun for example_time_delta_sensor_async to None, run_after=None
[2025-12-11T04:41:10.425+0000] {processor.py:183} INFO - Processing /home/airflow/.local/lib/python3.9/site-packages/airflow/example_dags/example_time_delta_sensor_async.py took 0.526 seconds
[2025-12-11T04:41:40.811+0000] {processor.py:161} INFO - Started process (PID=3055) to work on /home/airflow/.local/lib/python3.9/site-packages/airflow/example_dags/example_time_delta_sensor_async.py
[2025-12-11T04:41:40.820+0000] {processor.py:830} INFO - Processing file /home/airflow/.local/lib/python3.9/site-packages/airflow/example_dags/example_time_delta_sensor_async.py for tasks to queue
[2025-12-11T04:41:40.822+0000] {logging_mixin.py:188} INFO - [2025-12-11T04:41:40.822+0000] {dagbag.py:545} INFO - Filling up the DagBag from /home/airflow/.local/lib/python3.9/site-packages/airflow/example_dags/example_time_delta_sensor_async.py
[2025-12-11T04:41:40.830+0000] {processor.py:840} INFO - DAG(s) 'example_time_delta_sensor_async' retrieved from /home/airflow/.local/lib/python3.9/site-packages/airflow/example_dags/example_time_delta_sensor_async.py
[2025-12-11T04:41:40.868+0000] {logging_mixin.py:188} INFO - [2025-12-11T04:41:40.867+0000] {dag.py:3096} INFO - Sync 1 DAGs
[2025-12-11T04:41:40.888+0000] {logging_mixin.py:188} INFO - [2025-12-11T04:41:40.888+0000] {dag.py:3954} INFO - Setting next_dagrun for example_time_delta_sensor_async to None, run_after=None
[2025-12-11T04:41:40.917+0000] {processor.py:183} INFO - Processing /home/airflow/.local/lib/python3.9/site-packages/airflow/example_dags/example_time_delta_sensor_async.py took 0.116 seconds
[2025-12-11T04:42:11.706+0000] {processor.py:161} INFO - Started process (PID=3123) to work on /home/airflow/.local/lib/python3.9/site-packages/airflow/example_dags/example_time_delta_sensor_async.py
[2025-12-11T04:42:11.731+0000] {processor.py:830} INFO - Processing file /home/airflow/.local/lib/python3.9/site-packages/airflow/example_dags/example_time_delta_sensor_async.py for tasks to queue
[2025-12-11T04:42:11.734+0000] {logging_mixin.py:188} INFO - [2025-12-11T04:42:11.734+0000] {dagbag.py:545} INFO - Filling up the DagBag from /home/airflow/.local/lib/python3.9/site-packages/airflow/example_dags/example_time_delta_sensor_async.py
[2025-12-11T04:42:11.744+0000] {processor.py:840} INFO - DAG(s) 'example_time_delta_sensor_async' retrieved from /home/airflow/.local/lib/python3.9/site-packages/airflow/example_dags/example_time_delta_sensor_async.py
[2025-12-11T04:42:11.797+0000] {logging_mixin.py:188} INFO - [2025-12-11T04:42:11.795+0000] {dag.py:3096} INFO - Sync 1 DAGs
[2025-12-11T04:42:11.821+0000] {logging_mixin.py:188} INFO - [2025-12-11T04:42:11.821+0000] {dag.py:3954} INFO - Setting next_dagrun for example_time_delta_sensor_async to None, run_after=None
[2025-12-11T04:42:12.094+0000] {processor.py:183} INFO - Processing /home/airflow/.local/lib/python3.9/site-packages/airflow/example_dags/example_time_delta_sensor_async.py took 0.410 seconds
[2025-12-11T04:42:42.466+0000] {processor.py:161} INFO - Started process (PID=3190) to work on /home/airflow/.local/lib/python3.9/site-packages/airflow/example_dags/example_time_delta_sensor_async.py
[2025-12-11T04:42:42.473+0000] {processor.py:830} INFO - Processing file /home/airflow/.local/lib/python3.9/site-packages/airflow/example_dags/example_time_delta_sensor_async.py for tasks to queue
[2025-12-11T04:42:42.478+0000] {logging_mixin.py:188} INFO - [2025-12-11T04:42:42.478+0000] {dagbag.py:545} INFO - Filling up the DagBag from /home/airflow/.local/lib/python3.9/site-packages/airflow/example_dags/example_time_delta_sensor_async.py
[2025-12-11T04:42:42.486+0000] {processor.py:840} INFO - DAG(s) 'example_time_delta_sensor_async' retrieved from /home/airflow/.local/lib/python3.9/site-packages/airflow/example_dags/example_time_delta_sensor_async.py
[2025-12-11T04:42:42.582+0000] {logging_mixin.py:188} INFO - [2025-12-11T04:42:42.582+0000] {dag.py:3096} INFO - Sync 1 DAGs
[2025-12-11T04:42:42.626+0000] {logging_mixin.py:188} INFO - [2025-12-11T04:42:42.625+0000] {dag.py:3954} INFO - Setting next_dagrun for example_time_delta_sensor_async to None, run_after=None
[2025-12-11T04:42:42.664+0000] {processor.py:183} INFO - Processing /home/airflow/.local/lib/python3.9/site-packages/airflow/example_dags/example_time_delta_sensor_async.py took 0.219 seconds
[2025-12-11T04:43:13.671+0000] {processor.py:161} INFO - Started process (PID=3257) to work on /home/airflow/.local/lib/python3.9/site-packages/airflow/example_dags/example_time_delta_sensor_async.py
[2025-12-11T04:43:13.675+0000] {processor.py:830} INFO - Processing file /home/airflow/.local/lib/python3.9/site-packages/airflow/example_dags/example_time_delta_sensor_async.py for tasks to queue
[2025-12-11T04:43:13.678+0000] {logging_mixin.py:188} INFO - [2025-12-11T04:43:13.677+0000] {dagbag.py:545} INFO - Filling up the DagBag from /home/airflow/.local/lib/python3.9/site-packages/airflow/example_dags/example_time_delta_sensor_async.py
[2025-12-11T04:43:13.685+0000] {processor.py:840} INFO - DAG(s) 'example_time_delta_sensor_async' retrieved from /home/airflow/.local/lib/python3.9/site-packages/airflow/example_dags/example_time_delta_sensor_async.py
[2025-12-11T04:43:13.719+0000] {logging_mixin.py:188} INFO - [2025-12-11T04:43:13.719+0000] {dag.py:3096} INFO - Sync 1 DAGs
[2025-12-11T04:43:13.740+0000] {logging_mixin.py:188} INFO - [2025-12-11T04:43:13.740+0000] {dag.py:3954} INFO - Setting next_dagrun for example_time_delta_sensor_async to None, run_after=None
[2025-12-11T04:43:13.773+0000] {processor.py:183} INFO - Processing /home/airflow/.local/lib/python3.9/site-packages/airflow/example_dags/example_time_delta_sensor_async.py took 0.111 seconds
[2025-12-11T04:43:44.353+0000] {processor.py:161} INFO - Started process (PID=3324) to work on /home/airflow/.local/lib/python3.9/site-packages/airflow/example_dags/example_time_delta_sensor_async.py
[2025-12-11T04:43:44.355+0000] {processor.py:830} INFO - Processing file /home/airflow/.local/lib/python3.9/site-packages/airflow/example_dags/example_time_delta_sensor_async.py for tasks to queue
[2025-12-11T04:43:44.358+0000] {logging_mixin.py:188} INFO - [2025-12-11T04:43:44.358+0000] {dagbag.py:545} INFO - Filling up the DagBag from /home/airflow/.local/lib/python3.9/site-packages/airflow/example_dags/example_time_delta_sensor_async.py
[2025-12-11T04:43:44.365+0000] {processor.py:840} INFO - DAG(s) 'example_time_delta_sensor_async' retrieved from /home/airflow/.local/lib/python3.9/site-packages/airflow/example_dags/example_time_delta_sensor_async.py
[2025-12-11T04:43:44.409+0000] {logging_mixin.py:188} INFO - [2025-12-11T04:43:44.409+0000] {dag.py:3096} INFO - Sync 1 DAGs
[2025-12-11T04:43:44.433+0000] {logging_mixin.py:188} INFO - [2025-12-11T04:43:44.433+0000] {dag.py:3954} INFO - Setting next_dagrun for example_time_delta_sensor_async to None, run_after=None
[2025-12-11T04:43:44.469+0000] {processor.py:183} INFO - Processing /home/airflow/.local/lib/python3.9/site-packages/airflow/example_dags/example_time_delta_sensor_async.py took 0.126 seconds
[2025-12-11T04:44:15.131+0000] {processor.py:161} INFO - Started process (PID=3391) to work on /home/airflow/.local/lib/python3.9/site-packages/airflow/example_dags/example_time_delta_sensor_async.py
[2025-12-11T04:44:15.132+0000] {processor.py:830} INFO - Processing file /home/airflow/.local/lib/python3.9/site-packages/airflow/example_dags/example_time_delta_sensor_async.py for tasks to queue
[2025-12-11T04:44:15.135+0000] {logging_mixin.py:188} INFO - [2025-12-11T04:44:15.135+0000] {dagbag.py:545} INFO - Filling up the DagBag from /home/airflow/.local/lib/python3.9/site-packages/airflow/example_dags/example_time_delta_sensor_async.py
[2025-12-11T04:44:15.144+0000] {processor.py:840} INFO - DAG(s) 'example_time_delta_sensor_async' retrieved from /home/airflow/.local/lib/python3.9/site-packages/airflow/example_dags/example_time_delta_sensor_async.py
[2025-12-11T04:44:15.193+0000] {logging_mixin.py:188} INFO - [2025-12-11T04:44:15.192+0000] {dag.py:3096} INFO - Sync 1 DAGs
[2025-12-11T04:44:15.220+0000] {logging_mixin.py:188} INFO - [2025-12-11T04:44:15.219+0000] {dag.py:3954} INFO - Setting next_dagrun for example_time_delta_sensor_async to None, run_after=None
[2025-12-11T04:44:15.256+0000] {processor.py:183} INFO - Processing /home/airflow/.local/lib/python3.9/site-packages/airflow/example_dags/example_time_delta_sensor_async.py took 0.138 seconds
[2025-12-11T04:44:45.584+0000] {processor.py:161} INFO - Started process (PID=3458) to work on /home/airflow/.local/lib/python3.9/site-packages/airflow/example_dags/example_time_delta_sensor_async.py
[2025-12-11T04:44:45.585+0000] {processor.py:830} INFO - Processing file /home/airflow/.local/lib/python3.9/site-packages/airflow/example_dags/example_time_delta_sensor_async.py for tasks to queue
[2025-12-11T04:44:45.588+0000] {logging_mixin.py:188} INFO - [2025-12-11T04:44:45.587+0000] {dagbag.py:545} INFO - Filling up the DagBag from /home/airflow/.local/lib/python3.9/site-packages/airflow/example_dags/example_time_delta_sensor_async.py
[2025-12-11T04:44:45.595+0000] {processor.py:840} INFO - DAG(s) 'example_time_delta_sensor_async' retrieved from /home/airflow/.local/lib/python3.9/site-packages/airflow/example_dags/example_time_delta_sensor_async.py
[2025-12-11T04:44:45.630+0000] {logging_mixin.py:188} INFO - [2025-12-11T04:44:45.630+0000] {dag.py:3096} INFO - Sync 1 DAGs
[2025-12-11T04:44:45.654+0000] {logging_mixin.py:188} INFO - [2025-12-11T04:44:45.654+0000] {dag.py:3954} INFO - Setting next_dagrun for example_time_delta_sensor_async to None, run_after=None
[2025-12-11T04:44:45.679+0000] {processor.py:183} INFO - Processing /home/airflow/.local/lib/python3.9/site-packages/airflow/example_dags/example_time_delta_sensor_async.py took 0.107 seconds
[2025-12-11T04:45:16.759+0000] {processor.py:161} INFO - Started process (PID=3526) to work on /home/airflow/.local/lib/python3.9/site-packages/airflow/example_dags/example_time_delta_sensor_async.py
[2025-12-11T04:45:16.761+0000] {processor.py:830} INFO - Processing file /home/airflow/.local/lib/python3.9/site-packages/airflow/example_dags/example_time_delta_sensor_async.py for tasks to queue
[2025-12-11T04:45:16.764+0000] {logging_mixin.py:188} INFO - [2025-12-11T04:45:16.763+0000] {dagbag.py:545} INFO - Filling up the DagBag from /home/airflow/.local/lib/python3.9/site-packages/airflow/example_dags/example_time_delta_sensor_async.py
[2025-12-11T04:45:16.781+0000] {processor.py:840} INFO - DAG(s) 'example_time_delta_sensor_async' retrieved from /home/airflow/.local/lib/python3.9/site-packages/airflow/example_dags/example_time_delta_sensor_async.py
[2025-12-11T04:45:16.845+0000] {logging_mixin.py:188} INFO - [2025-12-11T04:45:16.844+0000] {dag.py:3096} INFO - Sync 1 DAGs
[2025-12-11T04:45:16.899+0000] {logging_mixin.py:188} INFO - [2025-12-11T04:45:16.898+0000] {dag.py:3954} INFO - Setting next_dagrun for example_time_delta_sensor_async to None, run_after=None
[2025-12-11T04:45:16.949+0000] {processor.py:183} INFO - Processing /home/airflow/.local/lib/python3.9/site-packages/airflow/example_dags/example_time_delta_sensor_async.py took 0.205 seconds
[2025-12-11T04:45:47.110+0000] {processor.py:161} INFO - Started process (PID=3594) to work on /home/airflow/.local/lib/python3.9/site-packages/airflow/example_dags/example_time_delta_sensor_async.py
[2025-12-11T04:45:47.112+0000] {processor.py:830} INFO - Processing file /home/airflow/.local/lib/python3.9/site-packages/airflow/example_dags/example_time_delta_sensor_async.py for tasks to queue
[2025-12-11T04:45:47.118+0000] {logging_mixin.py:188} INFO - [2025-12-11T04:45:47.118+0000] {dagbag.py:545} INFO - Filling up the DagBag from /home/airflow/.local/lib/python3.9/site-packages/airflow/example_dags/example_time_delta_sensor_async.py
[2025-12-11T04:45:47.128+0000] {processor.py:840} INFO - DAG(s) 'example_time_delta_sensor_async' retrieved from /home/airflow/.local/lib/python3.9/site-packages/airflow/example_dags/example_time_delta_sensor_async.py
[2025-12-11T04:45:47.179+0000] {logging_mixin.py:188} INFO - [2025-12-11T04:45:47.179+0000] {dag.py:3096} INFO - Sync 1 DAGs
[2025-12-11T04:45:47.209+0000] {logging_mixin.py:188} INFO - [2025-12-11T04:45:47.209+0000] {dag.py:3954} INFO - Setting next_dagrun for example_time_delta_sensor_async to None, run_after=None
[2025-12-11T04:45:47.365+0000] {processor.py:183} INFO - Processing /home/airflow/.local/lib/python3.9/site-packages/airflow/example_dags/example_time_delta_sensor_async.py took 0.266 seconds
[2025-12-11T04:46:18.142+0000] {processor.py:161} INFO - Started process (PID=3668) to work on /home/airflow/.local/lib/python3.9/site-packages/airflow/example_dags/example_time_delta_sensor_async.py
[2025-12-11T04:46:18.150+0000] {processor.py:830} INFO - Processing file /home/airflow/.local/lib/python3.9/site-packages/airflow/example_dags/example_time_delta_sensor_async.py for tasks to queue
[2025-12-11T04:46:18.153+0000] {logging_mixin.py:188} INFO - [2025-12-11T04:46:18.152+0000] {dagbag.py:545} INFO - Filling up the DagBag from /home/airflow/.local/lib/python3.9/site-packages/airflow/example_dags/example_time_delta_sensor_async.py
[2025-12-11T04:46:18.161+0000] {processor.py:840} INFO - DAG(s) 'example_time_delta_sensor_async' retrieved from /home/airflow/.local/lib/python3.9/site-packages/airflow/example_dags/example_time_delta_sensor_async.py
[2025-12-11T04:46:18.199+0000] {logging_mixin.py:188} INFO - [2025-12-11T04:46:18.199+0000] {dag.py:3096} INFO - Sync 1 DAGs
[2025-12-11T04:46:18.223+0000] {logging_mixin.py:188} INFO - [2025-12-11T04:46:18.223+0000] {dag.py:3954} INFO - Setting next_dagrun for example_time_delta_sensor_async to None, run_after=None
[2025-12-11T04:46:18.252+0000] {processor.py:183} INFO - Processing /home/airflow/.local/lib/python3.9/site-packages/airflow/example_dags/example_time_delta_sensor_async.py took 0.121 seconds
[2025-12-11T04:46:48.706+0000] {processor.py:161} INFO - Started process (PID=3736) to work on /home/airflow/.local/lib/python3.9/site-packages/airflow/example_dags/example_time_delta_sensor_async.py
[2025-12-11T04:46:48.707+0000] {processor.py:830} INFO - Processing file /home/airflow/.local/lib/python3.9/site-packages/airflow/example_dags/example_time_delta_sensor_async.py for tasks to queue
[2025-12-11T04:46:48.718+0000] {logging_mixin.py:188} INFO - [2025-12-11T04:46:48.718+0000] {dagbag.py:545} INFO - Filling up the DagBag from /home/airflow/.local/lib/python3.9/site-packages/airflow/example_dags/example_time_delta_sensor_async.py
[2025-12-11T04:46:48.726+0000] {processor.py:840} INFO - DAG(s) 'example_time_delta_sensor_async' retrieved from /home/airflow/.local/lib/python3.9/site-packages/airflow/example_dags/example_time_delta_sensor_async.py
[2025-12-11T04:46:48.800+0000] {logging_mixin.py:188} INFO - [2025-12-11T04:46:48.800+0000] {dag.py:3096} INFO - Sync 1 DAGs
[2025-12-11T04:46:48.838+0000] {logging_mixin.py:188} INFO - [2025-12-11T04:46:48.837+0000] {dag.py:3954} INFO - Setting next_dagrun for example_time_delta_sensor_async to None, run_after=None
[2025-12-11T04:46:48.887+0000] {processor.py:183} INFO - Processing /home/airflow/.local/lib/python3.9/site-packages/airflow/example_dags/example_time_delta_sensor_async.py took 0.195 seconds
[2025-12-11T04:47:19.604+0000] {processor.py:161} INFO - Started process (PID=3803) to work on /home/airflow/.local/lib/python3.9/site-packages/airflow/example_dags/example_time_delta_sensor_async.py
[2025-12-11T04:47:19.611+0000] {processor.py:830} INFO - Processing file /home/airflow/.local/lib/python3.9/site-packages/airflow/example_dags/example_time_delta_sensor_async.py for tasks to queue
[2025-12-11T04:47:19.618+0000] {logging_mixin.py:188} INFO - [2025-12-11T04:47:19.617+0000] {dagbag.py:545} INFO - Filling up the DagBag from /home/airflow/.local/lib/python3.9/site-packages/airflow/example_dags/example_time_delta_sensor_async.py
[2025-12-11T04:47:19.626+0000] {processor.py:840} INFO - DAG(s) 'example_time_delta_sensor_async' retrieved from /home/airflow/.local/lib/python3.9/site-packages/airflow/example_dags/example_time_delta_sensor_async.py
[2025-12-11T04:47:19.686+0000] {logging_mixin.py:188} INFO - [2025-12-11T04:47:19.685+0000] {dag.py:3096} INFO - Sync 1 DAGs
[2025-12-11T04:47:19.719+0000] {logging_mixin.py:188} INFO - [2025-12-11T04:47:19.718+0000] {dag.py:3954} INFO - Setting next_dagrun for example_time_delta_sensor_async to None, run_after=None
[2025-12-11T04:47:19.762+0000] {processor.py:183} INFO - Processing /home/airflow/.local/lib/python3.9/site-packages/airflow/example_dags/example_time_delta_sensor_async.py took 0.175 seconds
[2025-12-11T04:47:50.453+0000] {processor.py:161} INFO - Started process (PID=3870) to work on /home/airflow/.local/lib/python3.9/site-packages/airflow/example_dags/example_time_delta_sensor_async.py
[2025-12-11T04:47:50.454+0000] {processor.py:830} INFO - Processing file /home/airflow/.local/lib/python3.9/site-packages/airflow/example_dags/example_time_delta_sensor_async.py for tasks to queue
[2025-12-11T04:47:50.457+0000] {logging_mixin.py:188} INFO - [2025-12-11T04:47:50.456+0000] {dagbag.py:545} INFO - Filling up the DagBag from /home/airflow/.local/lib/python3.9/site-packages/airflow/example_dags/example_time_delta_sensor_async.py
[2025-12-11T04:47:50.464+0000] {processor.py:840} INFO - DAG(s) 'example_time_delta_sensor_async' retrieved from /home/airflow/.local/lib/python3.9/site-packages/airflow/example_dags/example_time_delta_sensor_async.py
[2025-12-11T04:47:50.501+0000] {logging_mixin.py:188} INFO - [2025-12-11T04:47:50.500+0000] {dag.py:3096} INFO - Sync 1 DAGs
[2025-12-11T04:47:50.522+0000] {logging_mixin.py:188} INFO - [2025-12-11T04:47:50.521+0000] {dag.py:3954} INFO - Setting next_dagrun for example_time_delta_sensor_async to None, run_after=None
[2025-12-11T04:47:50.550+0000] {processor.py:183} INFO - Processing /home/airflow/.local/lib/python3.9/site-packages/airflow/example_dags/example_time_delta_sensor_async.py took 0.106 seconds
[2025-12-11T04:48:21.765+0000] {processor.py:161} INFO - Started process (PID=3938) to work on /home/airflow/.local/lib/python3.9/site-packages/airflow/example_dags/example_time_delta_sensor_async.py
[2025-12-11T04:48:21.771+0000] {processor.py:830} INFO - Processing file /home/airflow/.local/lib/python3.9/site-packages/airflow/example_dags/example_time_delta_sensor_async.py for tasks to queue
[2025-12-11T04:48:21.778+0000] {logging_mixin.py:188} INFO - [2025-12-11T04:48:21.777+0000] {dagbag.py:545} INFO - Filling up the DagBag from /home/airflow/.local/lib/python3.9/site-packages/airflow/example_dags/example_time_delta_sensor_async.py
[2025-12-11T04:48:21.785+0000] {processor.py:840} INFO - DAG(s) 'example_time_delta_sensor_async' retrieved from /home/airflow/.local/lib/python3.9/site-packages/airflow/example_dags/example_time_delta_sensor_async.py
[2025-12-11T04:48:21.831+0000] {logging_mixin.py:188} INFO - [2025-12-11T04:48:21.830+0000] {dag.py:3096} INFO - Sync 1 DAGs
[2025-12-11T04:48:21.866+0000] {logging_mixin.py:188} INFO - [2025-12-11T04:48:21.866+0000] {dag.py:3954} INFO - Setting next_dagrun for example_time_delta_sensor_async to None, run_after=None
[2025-12-11T04:48:21.919+0000] {processor.py:183} INFO - Processing /home/airflow/.local/lib/python3.9/site-packages/airflow/example_dags/example_time_delta_sensor_async.py took 0.168 seconds
[2025-12-11T04:48:52.948+0000] {processor.py:161} INFO - Started process (PID=4005) to work on /home/airflow/.local/lib/python3.9/site-packages/airflow/example_dags/example_time_delta_sensor_async.py
[2025-12-11T04:48:52.950+0000] {processor.py:830} INFO - Processing file /home/airflow/.local/lib/python3.9/site-packages/airflow/example_dags/example_time_delta_sensor_async.py for tasks to queue
[2025-12-11T04:48:52.961+0000] {logging_mixin.py:188} INFO - [2025-12-11T04:48:52.961+0000] {dagbag.py:545} INFO - Filling up the DagBag from /home/airflow/.local/lib/python3.9/site-packages/airflow/example_dags/example_time_delta_sensor_async.py
[2025-12-11T04:48:52.972+0000] {processor.py:840} INFO - DAG(s) 'example_time_delta_sensor_async' retrieved from /home/airflow/.local/lib/python3.9/site-packages/airflow/example_dags/example_time_delta_sensor_async.py
[2025-12-11T04:48:53.064+0000] {logging_mixin.py:188} INFO - [2025-12-11T04:48:53.064+0000] {dag.py:3096} INFO - Sync 1 DAGs
[2025-12-11T04:48:53.104+0000] {logging_mixin.py:188} INFO - [2025-12-11T04:48:53.104+0000] {dag.py:3954} INFO - Setting next_dagrun for example_time_delta_sensor_async to None, run_after=None
[2025-12-11T04:48:53.163+0000] {processor.py:183} INFO - Processing /home/airflow/.local/lib/python3.9/site-packages/airflow/example_dags/example_time_delta_sensor_async.py took 0.237 seconds
[2025-12-11T04:49:23.408+0000] {processor.py:161} INFO - Started process (PID=4072) to work on /home/airflow/.local/lib/python3.9/site-packages/airflow/example_dags/example_time_delta_sensor_async.py
[2025-12-11T04:49:23.409+0000] {processor.py:830} INFO - Processing file /home/airflow/.local/lib/python3.9/site-packages/airflow/example_dags/example_time_delta_sensor_async.py for tasks to queue
[2025-12-11T04:49:23.412+0000] {logging_mixin.py:188} INFO - [2025-12-11T04:49:23.412+0000] {dagbag.py:545} INFO - Filling up the DagBag from /home/airflow/.local/lib/python3.9/site-packages/airflow/example_dags/example_time_delta_sensor_async.py
[2025-12-11T04:49:23.421+0000] {processor.py:840} INFO - DAG(s) 'example_time_delta_sensor_async' retrieved from /home/airflow/.local/lib/python3.9/site-packages/airflow/example_dags/example_time_delta_sensor_async.py
[2025-12-11T04:49:23.457+0000] {logging_mixin.py:188} INFO - [2025-12-11T04:49:23.457+0000] {dag.py:3096} INFO - Sync 1 DAGs
[2025-12-11T04:49:23.478+0000] {logging_mixin.py:188} INFO - [2025-12-11T04:49:23.478+0000] {dag.py:3954} INFO - Setting next_dagrun for example_time_delta_sensor_async to None, run_after=None
[2025-12-11T04:49:23.504+0000] {processor.py:183} INFO - Processing /home/airflow/.local/lib/python3.9/site-packages/airflow/example_dags/example_time_delta_sensor_async.py took 0.107 seconds
[2025-12-11T04:49:53.682+0000] {processor.py:161} INFO - Started process (PID=4138) to work on /home/airflow/.local/lib/python3.9/site-packages/airflow/example_dags/example_time_delta_sensor_async.py
[2025-12-11T04:49:53.684+0000] {processor.py:830} INFO - Processing file /home/airflow/.local/lib/python3.9/site-packages/airflow/example_dags/example_time_delta_sensor_async.py for tasks to queue
[2025-12-11T04:49:53.686+0000] {logging_mixin.py:188} INFO - [2025-12-11T04:49:53.686+0000] {dagbag.py:545} INFO - Filling up the DagBag from /home/airflow/.local/lib/python3.9/site-packages/airflow/example_dags/example_time_delta_sensor_async.py
[2025-12-11T04:49:53.702+0000] {processor.py:840} INFO - DAG(s) 'example_time_delta_sensor_async' retrieved from /home/airflow/.local/lib/python3.9/site-packages/airflow/example_dags/example_time_delta_sensor_async.py
[2025-12-11T04:49:53.777+0000] {logging_mixin.py:188} INFO - [2025-12-11T04:49:53.765+0000] {dag.py:3096} INFO - Sync 1 DAGs
[2025-12-11T04:49:53.809+0000] {logging_mixin.py:188} INFO - [2025-12-11T04:49:53.808+0000] {dag.py:3954} INFO - Setting next_dagrun for example_time_delta_sensor_async to None, run_after=None
[2025-12-11T04:49:53.841+0000] {processor.py:183} INFO - Processing /home/airflow/.local/lib/python3.9/site-packages/airflow/example_dags/example_time_delta_sensor_async.py took 0.169 seconds
[2025-12-11T04:50:24.872+0000] {processor.py:161} INFO - Started process (PID=4206) to work on /home/airflow/.local/lib/python3.9/site-packages/airflow/example_dags/example_time_delta_sensor_async.py
[2025-12-11T04:50:24.879+0000] {processor.py:830} INFO - Processing file /home/airflow/.local/lib/python3.9/site-packages/airflow/example_dags/example_time_delta_sensor_async.py for tasks to queue
[2025-12-11T04:50:24.883+0000] {logging_mixin.py:188} INFO - [2025-12-11T04:50:24.882+0000] {dagbag.py:545} INFO - Filling up the DagBag from /home/airflow/.local/lib/python3.9/site-packages/airflow/example_dags/example_time_delta_sensor_async.py
[2025-12-11T04:50:24.892+0000] {processor.py:840} INFO - DAG(s) 'example_time_delta_sensor_async' retrieved from /home/airflow/.local/lib/python3.9/site-packages/airflow/example_dags/example_time_delta_sensor_async.py
[2025-12-11T04:50:24.935+0000] {logging_mixin.py:188} INFO - [2025-12-11T04:50:24.934+0000] {dag.py:3096} INFO - Sync 1 DAGs
[2025-12-11T04:50:24.955+0000] {logging_mixin.py:188} INFO - [2025-12-11T04:50:24.955+0000] {dag.py:3954} INFO - Setting next_dagrun for example_time_delta_sensor_async to None, run_after=None
[2025-12-11T04:50:24.986+0000] {processor.py:183} INFO - Processing /home/airflow/.local/lib/python3.9/site-packages/airflow/example_dags/example_time_delta_sensor_async.py took 0.126 seconds
[2025-12-11T04:50:55.202+0000] {processor.py:161} INFO - Started process (PID=4273) to work on /home/airflow/.local/lib/python3.9/site-packages/airflow/example_dags/example_time_delta_sensor_async.py
[2025-12-11T04:50:55.204+0000] {processor.py:830} INFO - Processing file /home/airflow/.local/lib/python3.9/site-packages/airflow/example_dags/example_time_delta_sensor_async.py for tasks to queue
[2025-12-11T04:50:55.206+0000] {logging_mixin.py:188} INFO - [2025-12-11T04:50:55.206+0000] {dagbag.py:545} INFO - Filling up the DagBag from /home/airflow/.local/lib/python3.9/site-packages/airflow/example_dags/example_time_delta_sensor_async.py
[2025-12-11T04:50:55.215+0000] {processor.py:840} INFO - DAG(s) 'example_time_delta_sensor_async' retrieved from /home/airflow/.local/lib/python3.9/site-packages/airflow/example_dags/example_time_delta_sensor_async.py
[2025-12-11T04:50:55.251+0000] {logging_mixin.py:188} INFO - [2025-12-11T04:50:55.251+0000] {dag.py:3096} INFO - Sync 1 DAGs
[2025-12-11T04:50:55.272+0000] {logging_mixin.py:188} INFO - [2025-12-11T04:50:55.271+0000] {dag.py:3954} INFO - Setting next_dagrun for example_time_delta_sensor_async to None, run_after=None
[2025-12-11T04:50:55.300+0000] {processor.py:183} INFO - Processing /home/airflow/.local/lib/python3.9/site-packages/airflow/example_dags/example_time_delta_sensor_async.py took 0.111 seconds
[2025-12-11T04:51:26.222+0000] {processor.py:161} INFO - Started process (PID=4347) to work on /home/airflow/.local/lib/python3.9/site-packages/airflow/example_dags/example_time_delta_sensor_async.py
[2025-12-11T04:51:26.238+0000] {processor.py:830} INFO - Processing file /home/airflow/.local/lib/python3.9/site-packages/airflow/example_dags/example_time_delta_sensor_async.py for tasks to queue
[2025-12-11T04:51:26.241+0000] {logging_mixin.py:188} INFO - [2025-12-11T04:51:26.240+0000] {dagbag.py:545} INFO - Filling up the DagBag from /home/airflow/.local/lib/python3.9/site-packages/airflow/example_dags/example_time_delta_sensor_async.py
[2025-12-11T04:51:26.258+0000] {processor.py:840} INFO - DAG(s) 'example_time_delta_sensor_async' retrieved from /home/airflow/.local/lib/python3.9/site-packages/airflow/example_dags/example_time_delta_sensor_async.py
[2025-12-11T04:51:26.308+0000] {logging_mixin.py:188} INFO - [2025-12-11T04:51:26.308+0000] {dag.py:3096} INFO - Sync 1 DAGs
[2025-12-11T04:51:26.343+0000] {logging_mixin.py:188} INFO - [2025-12-11T04:51:26.343+0000] {dag.py:3954} INFO - Setting next_dagrun for example_time_delta_sensor_async to None, run_after=None
[2025-12-11T04:51:26.399+0000] {processor.py:183} INFO - Processing /home/airflow/.local/lib/python3.9/site-packages/airflow/example_dags/example_time_delta_sensor_async.py took 0.216 seconds
[2025-12-11T04:51:57.297+0000] {processor.py:161} INFO - Started process (PID=4414) to work on /home/airflow/.local/lib/python3.9/site-packages/airflow/example_dags/example_time_delta_sensor_async.py
[2025-12-11T04:51:57.299+0000] {processor.py:830} INFO - Processing file /home/airflow/.local/lib/python3.9/site-packages/airflow/example_dags/example_time_delta_sensor_async.py for tasks to queue
[2025-12-11T04:51:57.302+0000] {logging_mixin.py:188} INFO - [2025-12-11T04:51:57.302+0000] {dagbag.py:545} INFO - Filling up the DagBag from /home/airflow/.local/lib/python3.9/site-packages/airflow/example_dags/example_time_delta_sensor_async.py
[2025-12-11T04:51:57.322+0000] {processor.py:840} INFO - DAG(s) 'example_time_delta_sensor_async' retrieved from /home/airflow/.local/lib/python3.9/site-packages/airflow/example_dags/example_time_delta_sensor_async.py
[2025-12-11T04:51:57.438+0000] {logging_mixin.py:188} INFO - [2025-12-11T04:51:57.438+0000] {dag.py:3096} INFO - Sync 1 DAGs
[2025-12-11T04:51:57.498+0000] {logging_mixin.py:188} INFO - [2025-12-11T04:51:57.498+0000] {dag.py:3954} INFO - Setting next_dagrun for example_time_delta_sensor_async to None, run_after=None
[2025-12-11T04:51:57.557+0000] {processor.py:183} INFO - Processing /home/airflow/.local/lib/python3.9/site-packages/airflow/example_dags/example_time_delta_sensor_async.py took 0.280 seconds
[2025-12-11T04:52:27.723+0000] {processor.py:161} INFO - Started process (PID=4473) to work on /home/airflow/.local/lib/python3.9/site-packages/airflow/example_dags/example_time_delta_sensor_async.py
[2025-12-11T04:52:27.731+0000] {processor.py:830} INFO - Processing file /home/airflow/.local/lib/python3.9/site-packages/airflow/example_dags/example_time_delta_sensor_async.py for tasks to queue
[2025-12-11T04:52:27.738+0000] {logging_mixin.py:188} INFO - [2025-12-11T04:52:27.738+0000] {dagbag.py:545} INFO - Filling up the DagBag from /home/airflow/.local/lib/python3.9/site-packages/airflow/example_dags/example_time_delta_sensor_async.py
[2025-12-11T04:52:27.746+0000] {processor.py:840} INFO - DAG(s) 'example_time_delta_sensor_async' retrieved from /home/airflow/.local/lib/python3.9/site-packages/airflow/example_dags/example_time_delta_sensor_async.py
[2025-12-11T04:52:27.820+0000] {logging_mixin.py:188} INFO - [2025-12-11T04:52:27.819+0000] {dag.py:3096} INFO - Sync 1 DAGs
[2025-12-11T04:52:27.864+0000] {logging_mixin.py:188} INFO - [2025-12-11T04:52:27.863+0000] {dag.py:3954} INFO - Setting next_dagrun for example_time_delta_sensor_async to None, run_after=None
[2025-12-11T04:52:27.960+0000] {processor.py:183} INFO - Processing /home/airflow/.local/lib/python3.9/site-packages/airflow/example_dags/example_time_delta_sensor_async.py took 0.257 seconds
[2025-12-11T04:52:58.206+0000] {processor.py:161} INFO - Started process (PID=4540) to work on /home/airflow/.local/lib/python3.9/site-packages/airflow/example_dags/example_time_delta_sensor_async.py
[2025-12-11T04:52:58.299+0000] {processor.py:830} INFO - Processing file /home/airflow/.local/lib/python3.9/site-packages/airflow/example_dags/example_time_delta_sensor_async.py for tasks to queue
[2025-12-11T04:52:58.302+0000] {logging_mixin.py:188} INFO - [2025-12-11T04:52:58.302+0000] {dagbag.py:545} INFO - Filling up the DagBag from /home/airflow/.local/lib/python3.9/site-packages/airflow/example_dags/example_time_delta_sensor_async.py
[2025-12-11T04:52:58.310+0000] {processor.py:840} INFO - DAG(s) 'example_time_delta_sensor_async' retrieved from /home/airflow/.local/lib/python3.9/site-packages/airflow/example_dags/example_time_delta_sensor_async.py
[2025-12-11T04:52:58.349+0000] {logging_mixin.py:188} INFO - [2025-12-11T04:52:58.348+0000] {dag.py:3096} INFO - Sync 1 DAGs
[2025-12-11T04:52:58.370+0000] {logging_mixin.py:188} INFO - [2025-12-11T04:52:58.369+0000] {dag.py:3954} INFO - Setting next_dagrun for example_time_delta_sensor_async to None, run_after=None
[2025-12-11T04:52:58.485+0000] {processor.py:183} INFO - Processing /home/airflow/.local/lib/python3.9/site-packages/airflow/example_dags/example_time_delta_sensor_async.py took 0.289 seconds
