[2025-12-11T04:18:51.540+0000] {processor.py:161} INFO - Started process (PID=113) to work on /home/airflow/.local/lib/python3.9/site-packages/airflow/example_dags/example_complex.py
[2025-12-11T04:18:51.542+0000] {processor.py:830} INFO - Processing file /home/airflow/.local/lib/python3.9/site-packages/airflow/example_dags/example_complex.py for tasks to queue
[2025-12-11T04:18:51.559+0000] {logging_mixin.py:188} INFO - [2025-12-11T04:18:51.558+0000] {dagbag.py:545} INFO - Filling up the DagBag from /home/airflow/.local/lib/python3.9/site-packages/airflow/example_dags/example_complex.py
[2025-12-11T04:18:51.640+0000] {processor.py:840} INFO - DAG(s) 'example_complex' retrieved from /home/airflow/.local/lib/python3.9/site-packages/airflow/example_dags/example_complex.py
[2025-12-11T04:18:52.163+0000] {logging_mixin.py:188} INFO - [2025-12-11T04:18:52.163+0000] {dag.py:3096} INFO - Sync 1 DAGs
[2025-12-11T04:18:52.520+0000] {logging_mixin.py:188} INFO - [2025-12-11T04:18:52.519+0000] {dag.py:3954} INFO - Setting next_dagrun for example_complex to None, run_after=None
[2025-12-11T04:18:52.930+0000] {processor.py:183} INFO - Processing /home/airflow/.local/lib/python3.9/site-packages/airflow/example_dags/example_complex.py took 1.467 seconds
[2025-12-11T04:19:23.286+0000] {processor.py:161} INFO - Started process (PID=172) to work on /home/airflow/.local/lib/python3.9/site-packages/airflow/example_dags/example_complex.py
[2025-12-11T04:19:23.303+0000] {processor.py:830} INFO - Processing file /home/airflow/.local/lib/python3.9/site-packages/airflow/example_dags/example_complex.py for tasks to queue
[2025-12-11T04:19:23.307+0000] {logging_mixin.py:188} INFO - [2025-12-11T04:19:23.306+0000] {dagbag.py:545} INFO - Filling up the DagBag from /home/airflow/.local/lib/python3.9/site-packages/airflow/example_dags/example_complex.py
[2025-12-11T04:19:23.341+0000] {processor.py:840} INFO - DAG(s) 'example_complex' retrieved from /home/airflow/.local/lib/python3.9/site-packages/airflow/example_dags/example_complex.py
[2025-12-11T04:19:23.448+0000] {logging_mixin.py:188} INFO - [2025-12-11T04:19:23.448+0000] {dag.py:3096} INFO - Sync 1 DAGs
[2025-12-11T04:19:23.498+0000] {logging_mixin.py:188} INFO - [2025-12-11T04:19:23.497+0000] {dag.py:3954} INFO - Setting next_dagrun for example_complex to None, run_after=None
[2025-12-11T04:19:23.644+0000] {processor.py:183} INFO - Processing /home/airflow/.local/lib/python3.9/site-packages/airflow/example_dags/example_complex.py took 0.378 seconds
[2025-12-11T04:19:53.755+0000] {processor.py:161} INFO - Started process (PID=238) to work on /home/airflow/.local/lib/python3.9/site-packages/airflow/example_dags/example_complex.py
[2025-12-11T04:19:53.763+0000] {processor.py:830} INFO - Processing file /home/airflow/.local/lib/python3.9/site-packages/airflow/example_dags/example_complex.py for tasks to queue
[2025-12-11T04:19:53.766+0000] {logging_mixin.py:188} INFO - [2025-12-11T04:19:53.765+0000] {dagbag.py:545} INFO - Filling up the DagBag from /home/airflow/.local/lib/python3.9/site-packages/airflow/example_dags/example_complex.py
[2025-12-11T04:19:53.780+0000] {processor.py:840} INFO - DAG(s) 'example_complex' retrieved from /home/airflow/.local/lib/python3.9/site-packages/airflow/example_dags/example_complex.py
[2025-12-11T04:19:53.827+0000] {logging_mixin.py:188} INFO - [2025-12-11T04:19:53.827+0000] {dag.py:3096} INFO - Sync 1 DAGs
[2025-12-11T04:19:53.846+0000] {logging_mixin.py:188} INFO - [2025-12-11T04:19:53.846+0000] {dag.py:3954} INFO - Setting next_dagrun for example_complex to None, run_after=None
[2025-12-11T04:19:53.873+0000] {processor.py:183} INFO - Processing /home/airflow/.local/lib/python3.9/site-packages/airflow/example_dags/example_complex.py took 0.128 seconds
[2025-12-11T04:20:24.534+0000] {processor.py:161} INFO - Started process (PID=304) to work on /home/airflow/.local/lib/python3.9/site-packages/airflow/example_dags/example_complex.py
[2025-12-11T04:20:24.656+0000] {processor.py:830} INFO - Processing file /home/airflow/.local/lib/python3.9/site-packages/airflow/example_dags/example_complex.py for tasks to queue
[2025-12-11T04:20:24.659+0000] {logging_mixin.py:188} INFO - [2025-12-11T04:20:24.659+0000] {dagbag.py:545} INFO - Filling up the DagBag from /home/airflow/.local/lib/python3.9/site-packages/airflow/example_dags/example_complex.py
[2025-12-11T04:20:24.675+0000] {processor.py:840} INFO - DAG(s) 'example_complex' retrieved from /home/airflow/.local/lib/python3.9/site-packages/airflow/example_dags/example_complex.py
[2025-12-11T04:20:24.723+0000] {logging_mixin.py:188} INFO - [2025-12-11T04:20:24.723+0000] {dag.py:3096} INFO - Sync 1 DAGs
[2025-12-11T04:20:24.743+0000] {logging_mixin.py:188} INFO - [2025-12-11T04:20:24.743+0000] {dag.py:3954} INFO - Setting next_dagrun for example_complex to None, run_after=None
[2025-12-11T04:20:24.847+0000] {processor.py:183} INFO - Processing /home/airflow/.local/lib/python3.9/site-packages/airflow/example_dags/example_complex.py took 0.322 seconds
[2025-12-11T04:20:55.338+0000] {processor.py:161} INFO - Started process (PID=370) to work on /home/airflow/.local/lib/python3.9/site-packages/airflow/example_dags/example_complex.py
[2025-12-11T04:20:55.340+0000] {processor.py:830} INFO - Processing file /home/airflow/.local/lib/python3.9/site-packages/airflow/example_dags/example_complex.py for tasks to queue
[2025-12-11T04:20:55.343+0000] {logging_mixin.py:188} INFO - [2025-12-11T04:20:55.343+0000] {dagbag.py:545} INFO - Filling up the DagBag from /home/airflow/.local/lib/python3.9/site-packages/airflow/example_dags/example_complex.py
[2025-12-11T04:20:55.380+0000] {processor.py:840} INFO - DAG(s) 'example_complex' retrieved from /home/airflow/.local/lib/python3.9/site-packages/airflow/example_dags/example_complex.py
[2025-12-11T04:20:55.479+0000] {logging_mixin.py:188} INFO - [2025-12-11T04:20:55.478+0000] {dag.py:3096} INFO - Sync 1 DAGs
[2025-12-11T04:20:55.503+0000] {logging_mixin.py:188} INFO - [2025-12-11T04:20:55.502+0000] {dag.py:3954} INFO - Setting next_dagrun for example_complex to None, run_after=None
[2025-12-11T04:20:55.544+0000] {processor.py:183} INFO - Processing /home/airflow/.local/lib/python3.9/site-packages/airflow/example_dags/example_complex.py took 0.222 seconds
[2025-12-11T04:21:25.667+0000] {processor.py:161} INFO - Started process (PID=433) to work on /home/airflow/.local/lib/python3.9/site-packages/airflow/example_dags/example_complex.py
[2025-12-11T04:21:25.669+0000] {processor.py:830} INFO - Processing file /home/airflow/.local/lib/python3.9/site-packages/airflow/example_dags/example_complex.py for tasks to queue
[2025-12-11T04:21:25.678+0000] {logging_mixin.py:188} INFO - [2025-12-11T04:21:25.677+0000] {dagbag.py:545} INFO - Filling up the DagBag from /home/airflow/.local/lib/python3.9/site-packages/airflow/example_dags/example_complex.py
[2025-12-11T04:21:25.692+0000] {processor.py:840} INFO - DAG(s) 'example_complex' retrieved from /home/airflow/.local/lib/python3.9/site-packages/airflow/example_dags/example_complex.py
[2025-12-11T04:21:25.756+0000] {logging_mixin.py:188} INFO - [2025-12-11T04:21:25.755+0000] {dag.py:3096} INFO - Sync 1 DAGs
[2025-12-11T04:21:25.782+0000] {logging_mixin.py:188} INFO - [2025-12-11T04:21:25.782+0000] {dag.py:3954} INFO - Setting next_dagrun for example_complex to None, run_after=None
[2025-12-11T04:21:25.815+0000] {processor.py:183} INFO - Processing /home/airflow/.local/lib/python3.9/site-packages/airflow/example_dags/example_complex.py took 0.156 seconds
[2025-12-11T04:21:56.608+0000] {processor.py:161} INFO - Started process (PID=499) to work on /home/airflow/.local/lib/python3.9/site-packages/airflow/example_dags/example_complex.py
[2025-12-11T04:21:56.610+0000] {processor.py:830} INFO - Processing file /home/airflow/.local/lib/python3.9/site-packages/airflow/example_dags/example_complex.py for tasks to queue
[2025-12-11T04:21:56.613+0000] {logging_mixin.py:188} INFO - [2025-12-11T04:21:56.612+0000] {dagbag.py:545} INFO - Filling up the DagBag from /home/airflow/.local/lib/python3.9/site-packages/airflow/example_dags/example_complex.py
[2025-12-11T04:21:56.630+0000] {processor.py:840} INFO - DAG(s) 'example_complex' retrieved from /home/airflow/.local/lib/python3.9/site-packages/airflow/example_dags/example_complex.py
[2025-12-11T04:21:56.690+0000] {logging_mixin.py:188} INFO - [2025-12-11T04:21:56.690+0000] {dag.py:3096} INFO - Sync 1 DAGs
[2025-12-11T04:21:56.712+0000] {logging_mixin.py:188} INFO - [2025-12-11T04:21:56.711+0000] {dag.py:3954} INFO - Setting next_dagrun for example_complex to None, run_after=None
[2025-12-11T04:21:56.944+0000] {processor.py:183} INFO - Processing /home/airflow/.local/lib/python3.9/site-packages/airflow/example_dags/example_complex.py took 0.347 seconds
[2025-12-11T04:22:27.785+0000] {processor.py:161} INFO - Started process (PID=565) to work on /home/airflow/.local/lib/python3.9/site-packages/airflow/example_dags/example_complex.py
[2025-12-11T04:22:27.821+0000] {processor.py:830} INFO - Processing file /home/airflow/.local/lib/python3.9/site-packages/airflow/example_dags/example_complex.py for tasks to queue
[2025-12-11T04:22:27.825+0000] {logging_mixin.py:188} INFO - [2025-12-11T04:22:27.825+0000] {dagbag.py:545} INFO - Filling up the DagBag from /home/airflow/.local/lib/python3.9/site-packages/airflow/example_dags/example_complex.py
[2025-12-11T04:22:27.847+0000] {processor.py:840} INFO - DAG(s) 'example_complex' retrieved from /home/airflow/.local/lib/python3.9/site-packages/airflow/example_dags/example_complex.py
[2025-12-11T04:22:27.903+0000] {logging_mixin.py:188} INFO - [2025-12-11T04:22:27.902+0000] {dag.py:3096} INFO - Sync 1 DAGs
[2025-12-11T04:22:27.924+0000] {logging_mixin.py:188} INFO - [2025-12-11T04:22:27.923+0000] {dag.py:3954} INFO - Setting next_dagrun for example_complex to None, run_after=None
[2025-12-11T04:22:28.128+0000] {processor.py:183} INFO - Processing /home/airflow/.local/lib/python3.9/site-packages/airflow/example_dags/example_complex.py took 0.354 seconds
[2025-12-11T04:22:58.609+0000] {processor.py:161} INFO - Started process (PID=631) to work on /home/airflow/.local/lib/python3.9/site-packages/airflow/example_dags/example_complex.py
[2025-12-11T04:22:58.708+0000] {processor.py:830} INFO - Processing file /home/airflow/.local/lib/python3.9/site-packages/airflow/example_dags/example_complex.py for tasks to queue
[2025-12-11T04:22:58.712+0000] {logging_mixin.py:188} INFO - [2025-12-11T04:22:58.711+0000] {dagbag.py:545} INFO - Filling up the DagBag from /home/airflow/.local/lib/python3.9/site-packages/airflow/example_dags/example_complex.py
[2025-12-11T04:22:58.730+0000] {processor.py:840} INFO - DAG(s) 'example_complex' retrieved from /home/airflow/.local/lib/python3.9/site-packages/airflow/example_dags/example_complex.py
[2025-12-11T04:22:58.792+0000] {logging_mixin.py:188} INFO - [2025-12-11T04:22:58.792+0000] {dag.py:3096} INFO - Sync 1 DAGs
[2025-12-11T04:22:58.821+0000] {logging_mixin.py:188} INFO - [2025-12-11T04:22:58.820+0000] {dag.py:3954} INFO - Setting next_dagrun for example_complex to None, run_after=None
[2025-12-11T04:22:58.880+0000] {processor.py:183} INFO - Processing /home/airflow/.local/lib/python3.9/site-packages/airflow/example_dags/example_complex.py took 0.281 seconds
[2025-12-11T04:23:29.090+0000] {processor.py:161} INFO - Started process (PID=697) to work on /home/airflow/.local/lib/python3.9/site-packages/airflow/example_dags/example_complex.py
[2025-12-11T04:23:29.091+0000] {processor.py:830} INFO - Processing file /home/airflow/.local/lib/python3.9/site-packages/airflow/example_dags/example_complex.py for tasks to queue
[2025-12-11T04:23:29.098+0000] {logging_mixin.py:188} INFO - [2025-12-11T04:23:29.098+0000] {dagbag.py:545} INFO - Filling up the DagBag from /home/airflow/.local/lib/python3.9/site-packages/airflow/example_dags/example_complex.py
[2025-12-11T04:23:29.112+0000] {processor.py:840} INFO - DAG(s) 'example_complex' retrieved from /home/airflow/.local/lib/python3.9/site-packages/airflow/example_dags/example_complex.py
[2025-12-11T04:23:29.170+0000] {logging_mixin.py:188} INFO - [2025-12-11T04:23:29.169+0000] {dag.py:3096} INFO - Sync 1 DAGs
[2025-12-11T04:23:29.189+0000] {logging_mixin.py:188} INFO - [2025-12-11T04:23:29.188+0000] {dag.py:3954} INFO - Setting next_dagrun for example_complex to None, run_after=None
[2025-12-11T04:23:29.216+0000] {processor.py:183} INFO - Processing /home/airflow/.local/lib/python3.9/site-packages/airflow/example_dags/example_complex.py took 0.135 seconds
[2025-12-11T04:23:59.475+0000] {processor.py:161} INFO - Started process (PID=763) to work on /home/airflow/.local/lib/python3.9/site-packages/airflow/example_dags/example_complex.py
[2025-12-11T04:23:59.476+0000] {processor.py:830} INFO - Processing file /home/airflow/.local/lib/python3.9/site-packages/airflow/example_dags/example_complex.py for tasks to queue
[2025-12-11T04:23:59.479+0000] {logging_mixin.py:188} INFO - [2025-12-11T04:23:59.478+0000] {dagbag.py:545} INFO - Filling up the DagBag from /home/airflow/.local/lib/python3.9/site-packages/airflow/example_dags/example_complex.py
[2025-12-11T04:23:59.492+0000] {processor.py:840} INFO - DAG(s) 'example_complex' retrieved from /home/airflow/.local/lib/python3.9/site-packages/airflow/example_dags/example_complex.py
[2025-12-11T04:23:59.549+0000] {logging_mixin.py:188} INFO - [2025-12-11T04:23:59.549+0000] {dag.py:3096} INFO - Sync 1 DAGs
[2025-12-11T04:23:59.573+0000] {logging_mixin.py:188} INFO - [2025-12-11T04:23:59.572+0000] {dag.py:3954} INFO - Setting next_dagrun for example_complex to None, run_after=None
[2025-12-11T04:23:59.605+0000] {processor.py:183} INFO - Processing /home/airflow/.local/lib/python3.9/site-packages/airflow/example_dags/example_complex.py took 0.141 seconds
[2025-12-11T04:24:30.290+0000] {processor.py:161} INFO - Started process (PID=829) to work on /home/airflow/.local/lib/python3.9/site-packages/airflow/example_dags/example_complex.py
[2025-12-11T04:24:30.308+0000] {processor.py:830} INFO - Processing file /home/airflow/.local/lib/python3.9/site-packages/airflow/example_dags/example_complex.py for tasks to queue
[2025-12-11T04:24:30.311+0000] {logging_mixin.py:188} INFO - [2025-12-11T04:24:30.310+0000] {dagbag.py:545} INFO - Filling up the DagBag from /home/airflow/.local/lib/python3.9/site-packages/airflow/example_dags/example_complex.py
[2025-12-11T04:24:30.325+0000] {processor.py:840} INFO - DAG(s) 'example_complex' retrieved from /home/airflow/.local/lib/python3.9/site-packages/airflow/example_dags/example_complex.py
[2025-12-11T04:24:30.378+0000] {logging_mixin.py:188} INFO - [2025-12-11T04:24:30.377+0000] {dag.py:3096} INFO - Sync 1 DAGs
[2025-12-11T04:24:30.404+0000] {logging_mixin.py:188} INFO - [2025-12-11T04:24:30.403+0000] {dag.py:3954} INFO - Setting next_dagrun for example_complex to None, run_after=None
[2025-12-11T04:24:30.441+0000] {processor.py:183} INFO - Processing /home/airflow/.local/lib/python3.9/site-packages/airflow/example_dags/example_complex.py took 0.161 seconds
[2025-12-11T04:25:01.103+0000] {processor.py:161} INFO - Started process (PID=895) to work on /home/airflow/.local/lib/python3.9/site-packages/airflow/example_dags/example_complex.py
[2025-12-11T04:25:01.105+0000] {processor.py:830} INFO - Processing file /home/airflow/.local/lib/python3.9/site-packages/airflow/example_dags/example_complex.py for tasks to queue
[2025-12-11T04:25:01.108+0000] {logging_mixin.py:188} INFO - [2025-12-11T04:25:01.107+0000] {dagbag.py:545} INFO - Filling up the DagBag from /home/airflow/.local/lib/python3.9/site-packages/airflow/example_dags/example_complex.py
[2025-12-11T04:25:01.122+0000] {processor.py:840} INFO - DAG(s) 'example_complex' retrieved from /home/airflow/.local/lib/python3.9/site-packages/airflow/example_dags/example_complex.py
[2025-12-11T04:25:01.169+0000] {logging_mixin.py:188} INFO - [2025-12-11T04:25:01.169+0000] {dag.py:3096} INFO - Sync 1 DAGs
[2025-12-11T04:25:01.189+0000] {logging_mixin.py:188} INFO - [2025-12-11T04:25:01.188+0000] {dag.py:3954} INFO - Setting next_dagrun for example_complex to None, run_after=None
[2025-12-11T04:25:01.215+0000] {processor.py:183} INFO - Processing /home/airflow/.local/lib/python3.9/site-packages/airflow/example_dags/example_complex.py took 0.121 seconds
[2025-12-11T04:25:31.402+0000] {processor.py:161} INFO - Started process (PID=960) to work on /home/airflow/.local/lib/python3.9/site-packages/airflow/example_dags/example_complex.py
[2025-12-11T04:25:31.405+0000] {processor.py:830} INFO - Processing file /home/airflow/.local/lib/python3.9/site-packages/airflow/example_dags/example_complex.py for tasks to queue
[2025-12-11T04:25:31.407+0000] {logging_mixin.py:188} INFO - [2025-12-11T04:25:31.407+0000] {dagbag.py:545} INFO - Filling up the DagBag from /home/airflow/.local/lib/python3.9/site-packages/airflow/example_dags/example_complex.py
[2025-12-11T04:25:31.422+0000] {processor.py:840} INFO - DAG(s) 'example_complex' retrieved from /home/airflow/.local/lib/python3.9/site-packages/airflow/example_dags/example_complex.py
[2025-12-11T04:25:31.466+0000] {logging_mixin.py:188} INFO - [2025-12-11T04:25:31.466+0000] {dag.py:3096} INFO - Sync 1 DAGs
[2025-12-11T04:25:31.485+0000] {logging_mixin.py:188} INFO - [2025-12-11T04:25:31.485+0000] {dag.py:3954} INFO - Setting next_dagrun for example_complex to None, run_after=None
[2025-12-11T04:25:31.511+0000] {processor.py:183} INFO - Processing /home/airflow/.local/lib/python3.9/site-packages/airflow/example_dags/example_complex.py took 0.118 seconds
[2025-12-11T04:26:01.557+0000] {processor.py:161} INFO - Started process (PID=1026) to work on /home/airflow/.local/lib/python3.9/site-packages/airflow/example_dags/example_complex.py
[2025-12-11T04:26:01.564+0000] {processor.py:830} INFO - Processing file /home/airflow/.local/lib/python3.9/site-packages/airflow/example_dags/example_complex.py for tasks to queue
[2025-12-11T04:26:01.566+0000] {logging_mixin.py:188} INFO - [2025-12-11T04:26:01.566+0000] {dagbag.py:545} INFO - Filling up the DagBag from /home/airflow/.local/lib/python3.9/site-packages/airflow/example_dags/example_complex.py
[2025-12-11T04:26:01.583+0000] {processor.py:840} INFO - DAG(s) 'example_complex' retrieved from /home/airflow/.local/lib/python3.9/site-packages/airflow/example_dags/example_complex.py
[2025-12-11T04:26:01.634+0000] {logging_mixin.py:188} INFO - [2025-12-11T04:26:01.633+0000] {dag.py:3096} INFO - Sync 1 DAGs
[2025-12-11T04:26:01.654+0000] {logging_mixin.py:188} INFO - [2025-12-11T04:26:01.654+0000] {dag.py:3954} INFO - Setting next_dagrun for example_complex to None, run_after=None
[2025-12-11T04:26:01.682+0000] {processor.py:183} INFO - Processing /home/airflow/.local/lib/python3.9/site-packages/airflow/example_dags/example_complex.py took 0.137 seconds
[2025-12-11T04:26:32.194+0000] {processor.py:161} INFO - Started process (PID=1099) to work on /home/airflow/.local/lib/python3.9/site-packages/airflow/example_dags/example_complex.py
[2025-12-11T04:26:32.203+0000] {processor.py:830} INFO - Processing file /home/airflow/.local/lib/python3.9/site-packages/airflow/example_dags/example_complex.py for tasks to queue
[2025-12-11T04:26:32.206+0000] {logging_mixin.py:188} INFO - [2025-12-11T04:26:32.205+0000] {dagbag.py:545} INFO - Filling up the DagBag from /home/airflow/.local/lib/python3.9/site-packages/airflow/example_dags/example_complex.py
[2025-12-11T04:26:32.220+0000] {processor.py:840} INFO - DAG(s) 'example_complex' retrieved from /home/airflow/.local/lib/python3.9/site-packages/airflow/example_dags/example_complex.py
[2025-12-11T04:26:32.285+0000] {logging_mixin.py:188} INFO - [2025-12-11T04:26:32.285+0000] {dag.py:3096} INFO - Sync 1 DAGs
[2025-12-11T04:26:32.309+0000] {logging_mixin.py:188} INFO - [2025-12-11T04:26:32.308+0000] {dag.py:3954} INFO - Setting next_dagrun for example_complex to None, run_after=None
[2025-12-11T04:26:32.346+0000] {processor.py:183} INFO - Processing /home/airflow/.local/lib/python3.9/site-packages/airflow/example_dags/example_complex.py took 0.162 seconds
[2025-12-11T04:27:02.817+0000] {processor.py:161} INFO - Started process (PID=1165) to work on /home/airflow/.local/lib/python3.9/site-packages/airflow/example_dags/example_complex.py
[2025-12-11T04:27:02.828+0000] {processor.py:830} INFO - Processing file /home/airflow/.local/lib/python3.9/site-packages/airflow/example_dags/example_complex.py for tasks to queue
[2025-12-11T04:27:02.831+0000] {logging_mixin.py:188} INFO - [2025-12-11T04:27:02.830+0000] {dagbag.py:545} INFO - Filling up the DagBag from /home/airflow/.local/lib/python3.9/site-packages/airflow/example_dags/example_complex.py
[2025-12-11T04:27:02.847+0000] {processor.py:840} INFO - DAG(s) 'example_complex' retrieved from /home/airflow/.local/lib/python3.9/site-packages/airflow/example_dags/example_complex.py
[2025-12-11T04:27:02.900+0000] {logging_mixin.py:188} INFO - [2025-12-11T04:27:02.900+0000] {dag.py:3096} INFO - Sync 1 DAGs
[2025-12-11T04:27:02.920+0000] {logging_mixin.py:188} INFO - [2025-12-11T04:27:02.920+0000] {dag.py:3954} INFO - Setting next_dagrun for example_complex to None, run_after=None
[2025-12-11T04:27:02.950+0000] {processor.py:183} INFO - Processing /home/airflow/.local/lib/python3.9/site-packages/airflow/example_dags/example_complex.py took 0.152 seconds
[2025-12-11T04:27:33.727+0000] {processor.py:161} INFO - Started process (PID=1231) to work on /home/airflow/.local/lib/python3.9/site-packages/airflow/example_dags/example_complex.py
[2025-12-11T04:27:33.862+0000] {processor.py:830} INFO - Processing file /home/airflow/.local/lib/python3.9/site-packages/airflow/example_dags/example_complex.py for tasks to queue
[2025-12-11T04:27:33.865+0000] {logging_mixin.py:188} INFO - [2025-12-11T04:27:33.864+0000] {dagbag.py:545} INFO - Filling up the DagBag from /home/airflow/.local/lib/python3.9/site-packages/airflow/example_dags/example_complex.py
[2025-12-11T04:27:33.899+0000] {processor.py:840} INFO - DAG(s) 'example_complex' retrieved from /home/airflow/.local/lib/python3.9/site-packages/airflow/example_dags/example_complex.py
[2025-12-11T04:27:34.044+0000] {logging_mixin.py:188} INFO - [2025-12-11T04:27:34.043+0000] {dag.py:3096} INFO - Sync 1 DAGs
[2025-12-11T04:27:34.106+0000] {logging_mixin.py:188} INFO - [2025-12-11T04:27:34.106+0000] {dag.py:3954} INFO - Setting next_dagrun for example_complex to None, run_after=None
[2025-12-11T04:27:34.360+0000] {processor.py:183} INFO - Processing /home/airflow/.local/lib/python3.9/site-packages/airflow/example_dags/example_complex.py took 0.653 seconds
[2025-12-11T04:28:04.986+0000] {processor.py:161} INFO - Started process (PID=1297) to work on /home/airflow/.local/lib/python3.9/site-packages/airflow/example_dags/example_complex.py
[2025-12-11T04:28:04.997+0000] {processor.py:830} INFO - Processing file /home/airflow/.local/lib/python3.9/site-packages/airflow/example_dags/example_complex.py for tasks to queue
[2025-12-11T04:28:05.000+0000] {logging_mixin.py:188} INFO - [2025-12-11T04:28:05.000+0000] {dagbag.py:545} INFO - Filling up the DagBag from /home/airflow/.local/lib/python3.9/site-packages/airflow/example_dags/example_complex.py
[2025-12-11T04:28:05.023+0000] {processor.py:840} INFO - DAG(s) 'example_complex' retrieved from /home/airflow/.local/lib/python3.9/site-packages/airflow/example_dags/example_complex.py
[2025-12-11T04:28:05.197+0000] {logging_mixin.py:188} INFO - [2025-12-11T04:28:05.184+0000] {dag.py:3096} INFO - Sync 1 DAGs
[2025-12-11T04:28:05.246+0000] {logging_mixin.py:188} INFO - [2025-12-11T04:28:05.246+0000] {dag.py:3954} INFO - Setting next_dagrun for example_complex to None, run_after=None
[2025-12-11T04:28:05.341+0000] {processor.py:183} INFO - Processing /home/airflow/.local/lib/python3.9/site-packages/airflow/example_dags/example_complex.py took 0.374 seconds
[2025-12-11T04:28:36.217+0000] {processor.py:161} INFO - Started process (PID=1363) to work on /home/airflow/.local/lib/python3.9/site-packages/airflow/example_dags/example_complex.py
[2025-12-11T04:28:36.219+0000] {processor.py:830} INFO - Processing file /home/airflow/.local/lib/python3.9/site-packages/airflow/example_dags/example_complex.py for tasks to queue
[2025-12-11T04:28:36.222+0000] {logging_mixin.py:188} INFO - [2025-12-11T04:28:36.221+0000] {dagbag.py:545} INFO - Filling up the DagBag from /home/airflow/.local/lib/python3.9/site-packages/airflow/example_dags/example_complex.py
[2025-12-11T04:28:36.247+0000] {processor.py:840} INFO - DAG(s) 'example_complex' retrieved from /home/airflow/.local/lib/python3.9/site-packages/airflow/example_dags/example_complex.py
[2025-12-11T04:28:36.377+0000] {logging_mixin.py:188} INFO - [2025-12-11T04:28:36.363+0000] {dag.py:3096} INFO - Sync 1 DAGs
[2025-12-11T04:28:36.420+0000] {logging_mixin.py:188} INFO - [2025-12-11T04:28:36.420+0000] {dag.py:3954} INFO - Setting next_dagrun for example_complex to None, run_after=None
[2025-12-11T04:28:36.501+0000] {processor.py:183} INFO - Processing /home/airflow/.local/lib/python3.9/site-packages/airflow/example_dags/example_complex.py took 0.304 seconds
[2025-12-11T04:29:06.942+0000] {processor.py:161} INFO - Started process (PID=1429) to work on /home/airflow/.local/lib/python3.9/site-packages/airflow/example_dags/example_complex.py
[2025-12-11T04:29:06.943+0000] {processor.py:830} INFO - Processing file /home/airflow/.local/lib/python3.9/site-packages/airflow/example_dags/example_complex.py for tasks to queue
[2025-12-11T04:29:06.958+0000] {logging_mixin.py:188} INFO - [2025-12-11T04:29:06.958+0000] {dagbag.py:545} INFO - Filling up the DagBag from /home/airflow/.local/lib/python3.9/site-packages/airflow/example_dags/example_complex.py
[2025-12-11T04:29:06.985+0000] {processor.py:840} INFO - DAG(s) 'example_complex' retrieved from /home/airflow/.local/lib/python3.9/site-packages/airflow/example_dags/example_complex.py
[2025-12-11T04:29:07.118+0000] {logging_mixin.py:188} INFO - [2025-12-11T04:29:07.118+0000] {dag.py:3096} INFO - Sync 1 DAGs
[2025-12-11T04:29:07.180+0000] {logging_mixin.py:188} INFO - [2025-12-11T04:29:07.179+0000] {dag.py:3954} INFO - Setting next_dagrun for example_complex to None, run_after=None
[2025-12-11T04:29:07.266+0000] {processor.py:183} INFO - Processing /home/airflow/.local/lib/python3.9/site-packages/airflow/example_dags/example_complex.py took 0.344 seconds
[2025-12-11T04:29:37.820+0000] {processor.py:161} INFO - Started process (PID=1495) to work on /home/airflow/.local/lib/python3.9/site-packages/airflow/example_dags/example_complex.py
[2025-12-11T04:29:37.843+0000] {processor.py:830} INFO - Processing file /home/airflow/.local/lib/python3.9/site-packages/airflow/example_dags/example_complex.py for tasks to queue
[2025-12-11T04:29:37.846+0000] {logging_mixin.py:188} INFO - [2025-12-11T04:29:37.846+0000] {dagbag.py:545} INFO - Filling up the DagBag from /home/airflow/.local/lib/python3.9/site-packages/airflow/example_dags/example_complex.py
[2025-12-11T04:29:37.887+0000] {processor.py:840} INFO - DAG(s) 'example_complex' retrieved from /home/airflow/.local/lib/python3.9/site-packages/airflow/example_dags/example_complex.py
[2025-12-11T04:29:38.027+0000] {logging_mixin.py:188} INFO - [2025-12-11T04:29:38.026+0000] {dag.py:3096} INFO - Sync 1 DAGs
[2025-12-11T04:29:38.087+0000] {logging_mixin.py:188} INFO - [2025-12-11T04:29:38.086+0000] {dag.py:3954} INFO - Setting next_dagrun for example_complex to None, run_after=None
[2025-12-11T04:29:38.182+0000] {processor.py:183} INFO - Processing /home/airflow/.local/lib/python3.9/site-packages/airflow/example_dags/example_complex.py took 0.394 seconds
[2025-12-11T04:30:08.679+0000] {processor.py:161} INFO - Started process (PID=1561) to work on /home/airflow/.local/lib/python3.9/site-packages/airflow/example_dags/example_complex.py
[2025-12-11T04:30:08.696+0000] {processor.py:830} INFO - Processing file /home/airflow/.local/lib/python3.9/site-packages/airflow/example_dags/example_complex.py for tasks to queue
[2025-12-11T04:30:08.699+0000] {logging_mixin.py:188} INFO - [2025-12-11T04:30:08.699+0000] {dagbag.py:545} INFO - Filling up the DagBag from /home/airflow/.local/lib/python3.9/site-packages/airflow/example_dags/example_complex.py
[2025-12-11T04:30:08.722+0000] {processor.py:840} INFO - DAG(s) 'example_complex' retrieved from /home/airflow/.local/lib/python3.9/site-packages/airflow/example_dags/example_complex.py
[2025-12-11T04:30:08.803+0000] {logging_mixin.py:188} INFO - [2025-12-11T04:30:08.803+0000] {dag.py:3096} INFO - Sync 1 DAGs
[2025-12-11T04:30:08.839+0000] {logging_mixin.py:188} INFO - [2025-12-11T04:30:08.838+0000] {dag.py:3954} INFO - Setting next_dagrun for example_complex to None, run_after=None
[2025-12-11T04:30:08.888+0000] {processor.py:183} INFO - Processing /home/airflow/.local/lib/python3.9/site-packages/airflow/example_dags/example_complex.py took 0.230 seconds
[2025-12-11T04:30:39.904+0000] {processor.py:161} INFO - Started process (PID=1626) to work on /home/airflow/.local/lib/python3.9/site-packages/airflow/example_dags/example_complex.py
[2025-12-11T04:30:39.964+0000] {processor.py:830} INFO - Processing file /home/airflow/.local/lib/python3.9/site-packages/airflow/example_dags/example_complex.py for tasks to queue
[2025-12-11T04:30:39.971+0000] {logging_mixin.py:188} INFO - [2025-12-11T04:30:39.970+0000] {dagbag.py:545} INFO - Filling up the DagBag from /home/airflow/.local/lib/python3.9/site-packages/airflow/example_dags/example_complex.py
[2025-12-11T04:30:40.016+0000] {processor.py:840} INFO - DAG(s) 'example_complex' retrieved from /home/airflow/.local/lib/python3.9/site-packages/airflow/example_dags/example_complex.py
[2025-12-11T04:30:40.088+0000] {logging_mixin.py:188} INFO - [2025-12-11T04:30:40.088+0000] {dag.py:3096} INFO - Sync 1 DAGs
[2025-12-11T04:30:40.127+0000] {logging_mixin.py:188} INFO - [2025-12-11T04:30:40.126+0000] {dag.py:3954} INFO - Setting next_dagrun for example_complex to None, run_after=None
[2025-12-11T04:30:40.177+0000] {processor.py:183} INFO - Processing /home/airflow/.local/lib/python3.9/site-packages/airflow/example_dags/example_complex.py took 0.289 seconds
[2025-12-11T04:31:10.384+0000] {processor.py:161} INFO - Started process (PID=1692) to work on /home/airflow/.local/lib/python3.9/site-packages/airflow/example_dags/example_complex.py
[2025-12-11T04:31:10.385+0000] {processor.py:830} INFO - Processing file /home/airflow/.local/lib/python3.9/site-packages/airflow/example_dags/example_complex.py for tasks to queue
[2025-12-11T04:31:10.388+0000] {logging_mixin.py:188} INFO - [2025-12-11T04:31:10.387+0000] {dagbag.py:545} INFO - Filling up the DagBag from /home/airflow/.local/lib/python3.9/site-packages/airflow/example_dags/example_complex.py
[2025-12-11T04:31:10.417+0000] {processor.py:840} INFO - DAG(s) 'example_complex' retrieved from /home/airflow/.local/lib/python3.9/site-packages/airflow/example_dags/example_complex.py
[2025-12-11T04:31:10.503+0000] {logging_mixin.py:188} INFO - [2025-12-11T04:31:10.502+0000] {dag.py:3096} INFO - Sync 1 DAGs
[2025-12-11T04:31:10.534+0000] {logging_mixin.py:188} INFO - [2025-12-11T04:31:10.533+0000] {dag.py:3954} INFO - Setting next_dagrun for example_complex to None, run_after=None
[2025-12-11T04:31:10.569+0000] {processor.py:183} INFO - Processing /home/airflow/.local/lib/python3.9/site-packages/airflow/example_dags/example_complex.py took 0.203 seconds
[2025-12-11T04:31:40.846+0000] {processor.py:161} INFO - Started process (PID=1758) to work on /home/airflow/.local/lib/python3.9/site-packages/airflow/example_dags/example_complex.py
[2025-12-11T04:31:40.851+0000] {processor.py:830} INFO - Processing file /home/airflow/.local/lib/python3.9/site-packages/airflow/example_dags/example_complex.py for tasks to queue
[2025-12-11T04:31:40.863+0000] {logging_mixin.py:188} INFO - [2025-12-11T04:31:40.859+0000] {dagbag.py:545} INFO - Filling up the DagBag from /home/airflow/.local/lib/python3.9/site-packages/airflow/example_dags/example_complex.py
[2025-12-11T04:31:40.928+0000] {processor.py:840} INFO - DAG(s) 'example_complex' retrieved from /home/airflow/.local/lib/python3.9/site-packages/airflow/example_dags/example_complex.py
[2025-12-11T04:31:41.021+0000] {logging_mixin.py:188} INFO - [2025-12-11T04:31:41.020+0000] {dag.py:3096} INFO - Sync 1 DAGs
[2025-12-11T04:31:41.054+0000] {logging_mixin.py:188} INFO - [2025-12-11T04:31:41.053+0000] {dag.py:3954} INFO - Setting next_dagrun for example_complex to None, run_after=None
[2025-12-11T04:31:41.090+0000] {processor.py:183} INFO - Processing /home/airflow/.local/lib/python3.9/site-packages/airflow/example_dags/example_complex.py took 0.264 seconds
[2025-12-11T04:32:11.367+0000] {processor.py:161} INFO - Started process (PID=1824) to work on /home/airflow/.local/lib/python3.9/site-packages/airflow/example_dags/example_complex.py
[2025-12-11T04:32:11.369+0000] {processor.py:830} INFO - Processing file /home/airflow/.local/lib/python3.9/site-packages/airflow/example_dags/example_complex.py for tasks to queue
[2025-12-11T04:32:11.379+0000] {logging_mixin.py:188} INFO - [2025-12-11T04:32:11.379+0000] {dagbag.py:545} INFO - Filling up the DagBag from /home/airflow/.local/lib/python3.9/site-packages/airflow/example_dags/example_complex.py
[2025-12-11T04:32:11.408+0000] {processor.py:840} INFO - DAG(s) 'example_complex' retrieved from /home/airflow/.local/lib/python3.9/site-packages/airflow/example_dags/example_complex.py
[2025-12-11T04:32:11.486+0000] {logging_mixin.py:188} INFO - [2025-12-11T04:32:11.486+0000] {dag.py:3096} INFO - Sync 1 DAGs
[2025-12-11T04:32:11.515+0000] {logging_mixin.py:188} INFO - [2025-12-11T04:32:11.514+0000] {dag.py:3954} INFO - Setting next_dagrun for example_complex to None, run_after=None
[2025-12-11T04:32:11.549+0000] {processor.py:183} INFO - Processing /home/airflow/.local/lib/python3.9/site-packages/airflow/example_dags/example_complex.py took 0.197 seconds
[2025-12-11T04:32:42.070+0000] {processor.py:161} INFO - Started process (PID=1890) to work on /home/airflow/.local/lib/python3.9/site-packages/airflow/example_dags/example_complex.py
[2025-12-11T04:32:42.073+0000] {processor.py:830} INFO - Processing file /home/airflow/.local/lib/python3.9/site-packages/airflow/example_dags/example_complex.py for tasks to queue
[2025-12-11T04:32:42.077+0000] {logging_mixin.py:188} INFO - [2025-12-11T04:32:42.076+0000] {dagbag.py:545} INFO - Filling up the DagBag from /home/airflow/.local/lib/python3.9/site-packages/airflow/example_dags/example_complex.py
[2025-12-11T04:32:42.099+0000] {processor.py:840} INFO - DAG(s) 'example_complex' retrieved from /home/airflow/.local/lib/python3.9/site-packages/airflow/example_dags/example_complex.py
[2025-12-11T04:32:42.161+0000] {logging_mixin.py:188} INFO - [2025-12-11T04:32:42.160+0000] {dag.py:3096} INFO - Sync 1 DAGs
[2025-12-11T04:32:42.183+0000] {logging_mixin.py:188} INFO - [2025-12-11T04:32:42.183+0000] {dag.py:3954} INFO - Setting next_dagrun for example_complex to None, run_after=None
[2025-12-11T04:32:42.398+0000] {processor.py:183} INFO - Processing /home/airflow/.local/lib/python3.9/site-packages/airflow/example_dags/example_complex.py took 0.343 seconds
[2025-12-11T04:33:12.508+0000] {processor.py:161} INFO - Started process (PID=1956) to work on /home/airflow/.local/lib/python3.9/site-packages/airflow/example_dags/example_complex.py
[2025-12-11T04:33:12.510+0000] {processor.py:830} INFO - Processing file /home/airflow/.local/lib/python3.9/site-packages/airflow/example_dags/example_complex.py for tasks to queue
[2025-12-11T04:33:12.513+0000] {logging_mixin.py:188} INFO - [2025-12-11T04:33:12.512+0000] {dagbag.py:545} INFO - Filling up the DagBag from /home/airflow/.local/lib/python3.9/site-packages/airflow/example_dags/example_complex.py
[2025-12-11T04:33:12.527+0000] {processor.py:840} INFO - DAG(s) 'example_complex' retrieved from /home/airflow/.local/lib/python3.9/site-packages/airflow/example_dags/example_complex.py
[2025-12-11T04:33:12.582+0000] {logging_mixin.py:188} INFO - [2025-12-11T04:33:12.582+0000] {dag.py:3096} INFO - Sync 1 DAGs
[2025-12-11T04:33:12.601+0000] {logging_mixin.py:188} INFO - [2025-12-11T04:33:12.601+0000] {dag.py:3954} INFO - Setting next_dagrun for example_complex to None, run_after=None
[2025-12-11T04:33:12.628+0000] {processor.py:183} INFO - Processing /home/airflow/.local/lib/python3.9/site-packages/airflow/example_dags/example_complex.py took 0.131 seconds
[2025-12-11T04:33:44.504+0000] {processor.py:161} INFO - Started process (PID=2023) to work on /home/airflow/.local/lib/python3.9/site-packages/airflow/example_dags/example_complex.py
[2025-12-11T04:33:44.589+0000] {processor.py:830} INFO - Processing file /home/airflow/.local/lib/python3.9/site-packages/airflow/example_dags/example_complex.py for tasks to queue
[2025-12-11T04:33:44.600+0000] {logging_mixin.py:188} INFO - [2025-12-11T04:33:44.599+0000] {dagbag.py:545} INFO - Filling up the DagBag from /home/airflow/.local/lib/python3.9/site-packages/airflow/example_dags/example_complex.py
[2025-12-11T04:33:44.657+0000] {processor.py:840} INFO - DAG(s) 'example_complex' retrieved from /home/airflow/.local/lib/python3.9/site-packages/airflow/example_dags/example_complex.py
[2025-12-11T04:33:44.879+0000] {logging_mixin.py:188} INFO - [2025-12-11T04:33:44.878+0000] {dag.py:3096} INFO - Sync 1 DAGs
[2025-12-11T04:33:44.924+0000] {logging_mixin.py:188} INFO - [2025-12-11T04:33:44.924+0000] {dag.py:3954} INFO - Setting next_dagrun for example_complex to None, run_after=None
[2025-12-11T04:33:45.001+0000] {processor.py:183} INFO - Processing /home/airflow/.local/lib/python3.9/site-packages/airflow/example_dags/example_complex.py took 0.517 seconds
[2025-12-11T04:34:15.677+0000] {processor.py:161} INFO - Started process (PID=2091) to work on /home/airflow/.local/lib/python3.9/site-packages/airflow/example_dags/example_complex.py
[2025-12-11T04:34:15.685+0000] {processor.py:830} INFO - Processing file /home/airflow/.local/lib/python3.9/site-packages/airflow/example_dags/example_complex.py for tasks to queue
[2025-12-11T04:34:15.688+0000] {logging_mixin.py:188} INFO - [2025-12-11T04:34:15.687+0000] {dagbag.py:545} INFO - Filling up the DagBag from /home/airflow/.local/lib/python3.9/site-packages/airflow/example_dags/example_complex.py
[2025-12-11T04:34:15.704+0000] {processor.py:840} INFO - DAG(s) 'example_complex' retrieved from /home/airflow/.local/lib/python3.9/site-packages/airflow/example_dags/example_complex.py
[2025-12-11T04:34:15.754+0000] {logging_mixin.py:188} INFO - [2025-12-11T04:34:15.753+0000] {dag.py:3096} INFO - Sync 1 DAGs
[2025-12-11T04:34:15.773+0000] {logging_mixin.py:188} INFO - [2025-12-11T04:34:15.773+0000] {dag.py:3954} INFO - Setting next_dagrun for example_complex to None, run_after=None
[2025-12-11T04:34:15.803+0000] {processor.py:183} INFO - Processing /home/airflow/.local/lib/python3.9/site-packages/airflow/example_dags/example_complex.py took 0.137 seconds
[2025-12-11T04:34:46.678+0000] {processor.py:161} INFO - Started process (PID=2158) to work on /home/airflow/.local/lib/python3.9/site-packages/airflow/example_dags/example_complex.py
[2025-12-11T04:34:46.681+0000] {processor.py:830} INFO - Processing file /home/airflow/.local/lib/python3.9/site-packages/airflow/example_dags/example_complex.py for tasks to queue
[2025-12-11T04:34:46.684+0000] {logging_mixin.py:188} INFO - [2025-12-11T04:34:46.683+0000] {dagbag.py:545} INFO - Filling up the DagBag from /home/airflow/.local/lib/python3.9/site-packages/airflow/example_dags/example_complex.py
[2025-12-11T04:34:46.701+0000] {processor.py:840} INFO - DAG(s) 'example_complex' retrieved from /home/airflow/.local/lib/python3.9/site-packages/airflow/example_dags/example_complex.py
[2025-12-11T04:34:46.770+0000] {logging_mixin.py:188} INFO - [2025-12-11T04:34:46.769+0000] {dag.py:3096} INFO - Sync 1 DAGs
[2025-12-11T04:34:46.843+0000] {logging_mixin.py:188} INFO - [2025-12-11T04:34:46.842+0000] {dag.py:3954} INFO - Setting next_dagrun for example_complex to None, run_after=None
[2025-12-11T04:34:46.910+0000] {processor.py:183} INFO - Processing /home/airflow/.local/lib/python3.9/site-packages/airflow/example_dags/example_complex.py took 0.246 seconds
[2025-12-11T04:35:17.637+0000] {processor.py:161} INFO - Started process (PID=2225) to work on /home/airflow/.local/lib/python3.9/site-packages/airflow/example_dags/example_complex.py
[2025-12-11T04:35:17.639+0000] {processor.py:830} INFO - Processing file /home/airflow/.local/lib/python3.9/site-packages/airflow/example_dags/example_complex.py for tasks to queue
[2025-12-11T04:35:17.641+0000] {logging_mixin.py:188} INFO - [2025-12-11T04:35:17.641+0000] {dagbag.py:545} INFO - Filling up the DagBag from /home/airflow/.local/lib/python3.9/site-packages/airflow/example_dags/example_complex.py
[2025-12-11T04:35:17.655+0000] {processor.py:840} INFO - DAG(s) 'example_complex' retrieved from /home/airflow/.local/lib/python3.9/site-packages/airflow/example_dags/example_complex.py
[2025-12-11T04:35:17.706+0000] {logging_mixin.py:188} INFO - [2025-12-11T04:35:17.706+0000] {dag.py:3096} INFO - Sync 1 DAGs
[2025-12-11T04:35:17.726+0000] {logging_mixin.py:188} INFO - [2025-12-11T04:35:17.726+0000] {dag.py:3954} INFO - Setting next_dagrun for example_complex to None, run_after=None
[2025-12-11T04:35:17.752+0000] {processor.py:183} INFO - Processing /home/airflow/.local/lib/python3.9/site-packages/airflow/example_dags/example_complex.py took 0.125 seconds
[2025-12-11T04:35:48.728+0000] {processor.py:161} INFO - Started process (PID=2300) to work on /home/airflow/.local/lib/python3.9/site-packages/airflow/example_dags/example_complex.py
[2025-12-11T04:35:48.741+0000] {processor.py:830} INFO - Processing file /home/airflow/.local/lib/python3.9/site-packages/airflow/example_dags/example_complex.py for tasks to queue
[2025-12-11T04:35:48.745+0000] {logging_mixin.py:188} INFO - [2025-12-11T04:35:48.744+0000] {dagbag.py:545} INFO - Filling up the DagBag from /home/airflow/.local/lib/python3.9/site-packages/airflow/example_dags/example_complex.py
[2025-12-11T04:35:48.769+0000] {processor.py:840} INFO - DAG(s) 'example_complex' retrieved from /home/airflow/.local/lib/python3.9/site-packages/airflow/example_dags/example_complex.py
[2025-12-11T04:35:48.832+0000] {logging_mixin.py:188} INFO - [2025-12-11T04:35:48.832+0000] {dag.py:3096} INFO - Sync 1 DAGs
[2025-12-11T04:35:48.860+0000] {logging_mixin.py:188} INFO - [2025-12-11T04:35:48.860+0000] {dag.py:3954} INFO - Setting next_dagrun for example_complex to None, run_after=None
[2025-12-11T04:35:49.117+0000] {processor.py:183} INFO - Processing /home/airflow/.local/lib/python3.9/site-packages/airflow/example_dags/example_complex.py took 0.404 seconds
[2025-12-11T04:36:19.824+0000] {processor.py:161} INFO - Started process (PID=2367) to work on /home/airflow/.local/lib/python3.9/site-packages/airflow/example_dags/example_complex.py
[2025-12-11T04:36:19.899+0000] {processor.py:830} INFO - Processing file /home/airflow/.local/lib/python3.9/site-packages/airflow/example_dags/example_complex.py for tasks to queue
[2025-12-11T04:36:19.902+0000] {logging_mixin.py:188} INFO - [2025-12-11T04:36:19.901+0000] {dagbag.py:545} INFO - Filling up the DagBag from /home/airflow/.local/lib/python3.9/site-packages/airflow/example_dags/example_complex.py
[2025-12-11T04:36:19.917+0000] {processor.py:840} INFO - DAG(s) 'example_complex' retrieved from /home/airflow/.local/lib/python3.9/site-packages/airflow/example_dags/example_complex.py
[2025-12-11T04:36:20.077+0000] {logging_mixin.py:188} INFO - [2025-12-11T04:36:20.064+0000] {dag.py:3096} INFO - Sync 1 DAGs
[2025-12-11T04:36:20.118+0000] {logging_mixin.py:188} INFO - [2025-12-11T04:36:20.117+0000] {dag.py:3954} INFO - Setting next_dagrun for example_complex to None, run_after=None
[2025-12-11T04:36:20.169+0000] {processor.py:183} INFO - Processing /home/airflow/.local/lib/python3.9/site-packages/airflow/example_dags/example_complex.py took 0.359 seconds
[2025-12-11T04:36:50.782+0000] {processor.py:161} INFO - Started process (PID=2434) to work on /home/airflow/.local/lib/python3.9/site-packages/airflow/example_dags/example_complex.py
[2025-12-11T04:36:50.806+0000] {processor.py:830} INFO - Processing file /home/airflow/.local/lib/python3.9/site-packages/airflow/example_dags/example_complex.py for tasks to queue
[2025-12-11T04:36:50.823+0000] {logging_mixin.py:188} INFO - [2025-12-11T04:36:50.823+0000] {dagbag.py:545} INFO - Filling up the DagBag from /home/airflow/.local/lib/python3.9/site-packages/airflow/example_dags/example_complex.py
[2025-12-11T04:36:50.884+0000] {processor.py:840} INFO - DAG(s) 'example_complex' retrieved from /home/airflow/.local/lib/python3.9/site-packages/airflow/example_dags/example_complex.py
[2025-12-11T04:36:51.057+0000] {logging_mixin.py:188} INFO - [2025-12-11T04:36:51.044+0000] {dag.py:3096} INFO - Sync 1 DAGs
[2025-12-11T04:36:51.121+0000] {logging_mixin.py:188} INFO - [2025-12-11T04:36:51.121+0000] {dag.py:3954} INFO - Setting next_dagrun for example_complex to None, run_after=None
[2025-12-11T04:36:51.205+0000] {processor.py:183} INFO - Processing /home/airflow/.local/lib/python3.9/site-packages/airflow/example_dags/example_complex.py took 0.467 seconds
[2025-12-11T04:37:21.511+0000] {processor.py:161} INFO - Started process (PID=2494) to work on /home/airflow/.local/lib/python3.9/site-packages/airflow/example_dags/example_complex.py
[2025-12-11T04:37:21.515+0000] {processor.py:830} INFO - Processing file /home/airflow/.local/lib/python3.9/site-packages/airflow/example_dags/example_complex.py for tasks to queue
[2025-12-11T04:37:21.519+0000] {logging_mixin.py:188} INFO - [2025-12-11T04:37:21.518+0000] {dagbag.py:545} INFO - Filling up the DagBag from /home/airflow/.local/lib/python3.9/site-packages/airflow/example_dags/example_complex.py
[2025-12-11T04:37:21.538+0000] {processor.py:840} INFO - DAG(s) 'example_complex' retrieved from /home/airflow/.local/lib/python3.9/site-packages/airflow/example_dags/example_complex.py
[2025-12-11T04:37:21.610+0000] {logging_mixin.py:188} INFO - [2025-12-11T04:37:21.609+0000] {dag.py:3096} INFO - Sync 1 DAGs
[2025-12-11T04:37:21.639+0000] {logging_mixin.py:188} INFO - [2025-12-11T04:37:21.639+0000] {dag.py:3954} INFO - Setting next_dagrun for example_complex to None, run_after=None
[2025-12-11T04:37:21.682+0000] {processor.py:183} INFO - Processing /home/airflow/.local/lib/python3.9/site-packages/airflow/example_dags/example_complex.py took 0.183 seconds
[2025-12-11T04:37:51.842+0000] {processor.py:161} INFO - Started process (PID=2561) to work on /home/airflow/.local/lib/python3.9/site-packages/airflow/example_dags/example_complex.py
[2025-12-11T04:37:51.844+0000] {processor.py:830} INFO - Processing file /home/airflow/.local/lib/python3.9/site-packages/airflow/example_dags/example_complex.py for tasks to queue
[2025-12-11T04:37:51.847+0000] {logging_mixin.py:188} INFO - [2025-12-11T04:37:51.846+0000] {dagbag.py:545} INFO - Filling up the DagBag from /home/airflow/.local/lib/python3.9/site-packages/airflow/example_dags/example_complex.py
[2025-12-11T04:37:51.862+0000] {processor.py:840} INFO - DAG(s) 'example_complex' retrieved from /home/airflow/.local/lib/python3.9/site-packages/airflow/example_dags/example_complex.py
[2025-12-11T04:37:51.925+0000] {logging_mixin.py:188} INFO - [2025-12-11T04:37:51.924+0000] {dag.py:3096} INFO - Sync 1 DAGs
[2025-12-11T04:37:51.948+0000] {logging_mixin.py:188} INFO - [2025-12-11T04:37:51.947+0000] {dag.py:3954} INFO - Setting next_dagrun for example_complex to None, run_after=None
[2025-12-11T04:37:51.988+0000] {processor.py:183} INFO - Processing /home/airflow/.local/lib/python3.9/site-packages/airflow/example_dags/example_complex.py took 0.156 seconds
[2025-12-11T04:38:22.905+0000] {processor.py:161} INFO - Started process (PID=2628) to work on /home/airflow/.local/lib/python3.9/site-packages/airflow/example_dags/example_complex.py
[2025-12-11T04:38:22.908+0000] {processor.py:830} INFO - Processing file /home/airflow/.local/lib/python3.9/site-packages/airflow/example_dags/example_complex.py for tasks to queue
[2025-12-11T04:38:22.911+0000] {logging_mixin.py:188} INFO - [2025-12-11T04:38:22.911+0000] {dagbag.py:545} INFO - Filling up the DagBag from /home/airflow/.local/lib/python3.9/site-packages/airflow/example_dags/example_complex.py
[2025-12-11T04:38:22.926+0000] {processor.py:840} INFO - DAG(s) 'example_complex' retrieved from /home/airflow/.local/lib/python3.9/site-packages/airflow/example_dags/example_complex.py
[2025-12-11T04:38:22.979+0000] {logging_mixin.py:188} INFO - [2025-12-11T04:38:22.979+0000] {dag.py:3096} INFO - Sync 1 DAGs
[2025-12-11T04:38:23.002+0000] {logging_mixin.py:188} INFO - [2025-12-11T04:38:23.001+0000] {dag.py:3954} INFO - Setting next_dagrun for example_complex to None, run_after=None
[2025-12-11T04:38:23.032+0000] {processor.py:183} INFO - Processing /home/airflow/.local/lib/python3.9/site-packages/airflow/example_dags/example_complex.py took 0.140 seconds
[2025-12-11T04:38:53.930+0000] {processor.py:161} INFO - Started process (PID=2695) to work on /home/airflow/.local/lib/python3.9/site-packages/airflow/example_dags/example_complex.py
[2025-12-11T04:38:53.932+0000] {processor.py:830} INFO - Processing file /home/airflow/.local/lib/python3.9/site-packages/airflow/example_dags/example_complex.py for tasks to queue
[2025-12-11T04:38:53.935+0000] {logging_mixin.py:188} INFO - [2025-12-11T04:38:53.934+0000] {dagbag.py:545} INFO - Filling up the DagBag from /home/airflow/.local/lib/python3.9/site-packages/airflow/example_dags/example_complex.py
[2025-12-11T04:38:53.950+0000] {processor.py:840} INFO - DAG(s) 'example_complex' retrieved from /home/airflow/.local/lib/python3.9/site-packages/airflow/example_dags/example_complex.py
[2025-12-11T04:38:54.005+0000] {logging_mixin.py:188} INFO - [2025-12-11T04:38:54.004+0000] {dag.py:3096} INFO - Sync 1 DAGs
[2025-12-11T04:38:54.029+0000] {logging_mixin.py:188} INFO - [2025-12-11T04:38:54.029+0000] {dag.py:3954} INFO - Setting next_dagrun for example_complex to None, run_after=None
[2025-12-11T04:38:54.067+0000] {processor.py:183} INFO - Processing /home/airflow/.local/lib/python3.9/site-packages/airflow/example_dags/example_complex.py took 0.147 seconds
[2025-12-11T04:39:25.238+0000] {processor.py:161} INFO - Started process (PID=2762) to work on /home/airflow/.local/lib/python3.9/site-packages/airflow/example_dags/example_complex.py
[2025-12-11T04:39:25.239+0000] {processor.py:830} INFO - Processing file /home/airflow/.local/lib/python3.9/site-packages/airflow/example_dags/example_complex.py for tasks to queue
[2025-12-11T04:39:25.242+0000] {logging_mixin.py:188} INFO - [2025-12-11T04:39:25.242+0000] {dagbag.py:545} INFO - Filling up the DagBag from /home/airflow/.local/lib/python3.9/site-packages/airflow/example_dags/example_complex.py
[2025-12-11T04:39:25.277+0000] {processor.py:840} INFO - DAG(s) 'example_complex' retrieved from /home/airflow/.local/lib/python3.9/site-packages/airflow/example_dags/example_complex.py
[2025-12-11T04:39:25.461+0000] {logging_mixin.py:188} INFO - [2025-12-11T04:39:25.461+0000] {dag.py:3096} INFO - Sync 1 DAGs
[2025-12-11T04:39:25.521+0000] {logging_mixin.py:188} INFO - [2025-12-11T04:39:25.520+0000] {dag.py:3954} INFO - Setting next_dagrun for example_complex to None, run_after=None
[2025-12-11T04:39:25.638+0000] {processor.py:183} INFO - Processing /home/airflow/.local/lib/python3.9/site-packages/airflow/example_dags/example_complex.py took 0.431 seconds
[2025-12-11T04:39:55.793+0000] {processor.py:161} INFO - Started process (PID=2827) to work on /home/airflow/.local/lib/python3.9/site-packages/airflow/example_dags/example_complex.py
[2025-12-11T04:39:55.797+0000] {processor.py:830} INFO - Processing file /home/airflow/.local/lib/python3.9/site-packages/airflow/example_dags/example_complex.py for tasks to queue
[2025-12-11T04:39:55.801+0000] {logging_mixin.py:188} INFO - [2025-12-11T04:39:55.800+0000] {dagbag.py:545} INFO - Filling up the DagBag from /home/airflow/.local/lib/python3.9/site-packages/airflow/example_dags/example_complex.py
[2025-12-11T04:39:55.820+0000] {processor.py:840} INFO - DAG(s) 'example_complex' retrieved from /home/airflow/.local/lib/python3.9/site-packages/airflow/example_dags/example_complex.py
[2025-12-11T04:39:55.893+0000] {logging_mixin.py:188} INFO - [2025-12-11T04:39:55.893+0000] {dag.py:3096} INFO - Sync 1 DAGs
[2025-12-11T04:39:55.919+0000] {logging_mixin.py:188} INFO - [2025-12-11T04:39:55.919+0000] {dag.py:3954} INFO - Setting next_dagrun for example_complex to None, run_after=None
[2025-12-11T04:39:55.953+0000] {processor.py:183} INFO - Processing /home/airflow/.local/lib/python3.9/site-packages/airflow/example_dags/example_complex.py took 0.173 seconds
[2025-12-11T04:40:26.763+0000] {processor.py:161} INFO - Started process (PID=2894) to work on /home/airflow/.local/lib/python3.9/site-packages/airflow/example_dags/example_complex.py
[2025-12-11T04:40:26.765+0000] {processor.py:830} INFO - Processing file /home/airflow/.local/lib/python3.9/site-packages/airflow/example_dags/example_complex.py for tasks to queue
[2025-12-11T04:40:26.768+0000] {logging_mixin.py:188} INFO - [2025-12-11T04:40:26.767+0000] {dagbag.py:545} INFO - Filling up the DagBag from /home/airflow/.local/lib/python3.9/site-packages/airflow/example_dags/example_complex.py
[2025-12-11T04:40:26.784+0000] {processor.py:840} INFO - DAG(s) 'example_complex' retrieved from /home/airflow/.local/lib/python3.9/site-packages/airflow/example_dags/example_complex.py
[2025-12-11T04:40:26.840+0000] {logging_mixin.py:188} INFO - [2025-12-11T04:40:26.839+0000] {dag.py:3096} INFO - Sync 1 DAGs
[2025-12-11T04:40:26.863+0000] {logging_mixin.py:188} INFO - [2025-12-11T04:40:26.862+0000] {dag.py:3954} INFO - Setting next_dagrun for example_complex to None, run_after=None
[2025-12-11T04:40:26.890+0000] {processor.py:183} INFO - Processing /home/airflow/.local/lib/python3.9/site-packages/airflow/example_dags/example_complex.py took 0.137 seconds
[2025-12-11T04:40:57.681+0000] {processor.py:161} INFO - Started process (PID=2961) to work on /home/airflow/.local/lib/python3.9/site-packages/airflow/example_dags/example_complex.py
[2025-12-11T04:40:57.683+0000] {processor.py:830} INFO - Processing file /home/airflow/.local/lib/python3.9/site-packages/airflow/example_dags/example_complex.py for tasks to queue
[2025-12-11T04:40:57.687+0000] {logging_mixin.py:188} INFO - [2025-12-11T04:40:57.686+0000] {dagbag.py:545} INFO - Filling up the DagBag from /home/airflow/.local/lib/python3.9/site-packages/airflow/example_dags/example_complex.py
[2025-12-11T04:40:57.706+0000] {processor.py:840} INFO - DAG(s) 'example_complex' retrieved from /home/airflow/.local/lib/python3.9/site-packages/airflow/example_dags/example_complex.py
[2025-12-11T04:40:57.793+0000] {logging_mixin.py:188} INFO - [2025-12-11T04:40:57.792+0000] {dag.py:3096} INFO - Sync 1 DAGs
[2025-12-11T04:40:57.820+0000] {logging_mixin.py:188} INFO - [2025-12-11T04:40:57.819+0000] {dag.py:3954} INFO - Setting next_dagrun for example_complex to None, run_after=None
[2025-12-11T04:40:57.935+0000] {processor.py:183} INFO - Processing /home/airflow/.local/lib/python3.9/site-packages/airflow/example_dags/example_complex.py took 0.268 seconds
[2025-12-11T04:41:28.669+0000] {processor.py:161} INFO - Started process (PID=3028) to work on /home/airflow/.local/lib/python3.9/site-packages/airflow/example_dags/example_complex.py
[2025-12-11T04:41:28.738+0000] {processor.py:830} INFO - Processing file /home/airflow/.local/lib/python3.9/site-packages/airflow/example_dags/example_complex.py for tasks to queue
[2025-12-11T04:41:28.741+0000] {logging_mixin.py:188} INFO - [2025-12-11T04:41:28.741+0000] {dagbag.py:545} INFO - Filling up the DagBag from /home/airflow/.local/lib/python3.9/site-packages/airflow/example_dags/example_complex.py
[2025-12-11T04:41:28.756+0000] {processor.py:840} INFO - DAG(s) 'example_complex' retrieved from /home/airflow/.local/lib/python3.9/site-packages/airflow/example_dags/example_complex.py
[2025-12-11T04:41:28.810+0000] {logging_mixin.py:188} INFO - [2025-12-11T04:41:28.809+0000] {dag.py:3096} INFO - Sync 1 DAGs
[2025-12-11T04:41:28.831+0000] {logging_mixin.py:188} INFO - [2025-12-11T04:41:28.831+0000] {dag.py:3954} INFO - Setting next_dagrun for example_complex to None, run_after=None
[2025-12-11T04:41:28.894+0000] {processor.py:183} INFO - Processing /home/airflow/.local/lib/python3.9/site-packages/airflow/example_dags/example_complex.py took 0.236 seconds
[2025-12-11T04:41:59.852+0000] {processor.py:161} INFO - Started process (PID=3096) to work on /home/airflow/.local/lib/python3.9/site-packages/airflow/example_dags/example_complex.py
[2025-12-11T04:41:59.860+0000] {processor.py:830} INFO - Processing file /home/airflow/.local/lib/python3.9/site-packages/airflow/example_dags/example_complex.py for tasks to queue
[2025-12-11T04:41:59.864+0000] {logging_mixin.py:188} INFO - [2025-12-11T04:41:59.863+0000] {dagbag.py:545} INFO - Filling up the DagBag from /home/airflow/.local/lib/python3.9/site-packages/airflow/example_dags/example_complex.py
[2025-12-11T04:41:59.888+0000] {processor.py:840} INFO - DAG(s) 'example_complex' retrieved from /home/airflow/.local/lib/python3.9/site-packages/airflow/example_dags/example_complex.py
[2025-12-11T04:42:00.259+0000] {logging_mixin.py:188} INFO - [2025-12-11T04:42:00.258+0000] {dag.py:3096} INFO - Sync 1 DAGs
[2025-12-11T04:42:00.305+0000] {logging_mixin.py:188} INFO - [2025-12-11T04:42:00.304+0000] {dag.py:3954} INFO - Setting next_dagrun for example_complex to None, run_after=None
[2025-12-11T04:42:00.361+0000] {processor.py:183} INFO - Processing /home/airflow/.local/lib/python3.9/site-packages/airflow/example_dags/example_complex.py took 0.520 seconds
[2025-12-11T04:42:31.003+0000] {processor.py:161} INFO - Started process (PID=3163) to work on /home/airflow/.local/lib/python3.9/site-packages/airflow/example_dags/example_complex.py
[2025-12-11T04:42:31.005+0000] {processor.py:830} INFO - Processing file /home/airflow/.local/lib/python3.9/site-packages/airflow/example_dags/example_complex.py for tasks to queue
[2025-12-11T04:42:31.019+0000] {logging_mixin.py:188} INFO - [2025-12-11T04:42:31.019+0000] {dagbag.py:545} INFO - Filling up the DagBag from /home/airflow/.local/lib/python3.9/site-packages/airflow/example_dags/example_complex.py
[2025-12-11T04:42:31.062+0000] {processor.py:840} INFO - DAG(s) 'example_complex' retrieved from /home/airflow/.local/lib/python3.9/site-packages/airflow/example_dags/example_complex.py
[2025-12-11T04:42:31.239+0000] {logging_mixin.py:188} INFO - [2025-12-11T04:42:31.238+0000] {dag.py:3096} INFO - Sync 1 DAGs
[2025-12-11T04:42:31.343+0000] {logging_mixin.py:188} INFO - [2025-12-11T04:42:31.343+0000] {dag.py:3954} INFO - Setting next_dagrun for example_complex to None, run_after=None
[2025-12-11T04:42:31.499+0000] {processor.py:183} INFO - Processing /home/airflow/.local/lib/python3.9/site-packages/airflow/example_dags/example_complex.py took 0.533 seconds
[2025-12-11T04:43:02.239+0000] {processor.py:161} INFO - Started process (PID=3230) to work on /home/airflow/.local/lib/python3.9/site-packages/airflow/example_dags/example_complex.py
[2025-12-11T04:43:02.240+0000] {processor.py:830} INFO - Processing file /home/airflow/.local/lib/python3.9/site-packages/airflow/example_dags/example_complex.py for tasks to queue
[2025-12-11T04:43:02.243+0000] {logging_mixin.py:188} INFO - [2025-12-11T04:43:02.243+0000] {dagbag.py:545} INFO - Filling up the DagBag from /home/airflow/.local/lib/python3.9/site-packages/airflow/example_dags/example_complex.py
[2025-12-11T04:43:02.263+0000] {processor.py:840} INFO - DAG(s) 'example_complex' retrieved from /home/airflow/.local/lib/python3.9/site-packages/airflow/example_dags/example_complex.py
[2025-12-11T04:43:02.340+0000] {logging_mixin.py:188} INFO - [2025-12-11T04:43:02.339+0000] {dag.py:3096} INFO - Sync 1 DAGs
[2025-12-11T04:43:02.379+0000] {logging_mixin.py:188} INFO - [2025-12-11T04:43:02.379+0000] {dag.py:3954} INFO - Setting next_dagrun for example_complex to None, run_after=None
[2025-12-11T04:43:02.426+0000] {processor.py:183} INFO - Processing /home/airflow/.local/lib/python3.9/site-packages/airflow/example_dags/example_complex.py took 0.198 seconds
[2025-12-11T04:43:32.708+0000] {processor.py:161} INFO - Started process (PID=3297) to work on /home/airflow/.local/lib/python3.9/site-packages/airflow/example_dags/example_complex.py
[2025-12-11T04:43:32.717+0000] {processor.py:830} INFO - Processing file /home/airflow/.local/lib/python3.9/site-packages/airflow/example_dags/example_complex.py for tasks to queue
[2025-12-11T04:43:32.720+0000] {logging_mixin.py:188} INFO - [2025-12-11T04:43:32.720+0000] {dagbag.py:545} INFO - Filling up the DagBag from /home/airflow/.local/lib/python3.9/site-packages/airflow/example_dags/example_complex.py
[2025-12-11T04:43:32.757+0000] {processor.py:840} INFO - DAG(s) 'example_complex' retrieved from /home/airflow/.local/lib/python3.9/site-packages/airflow/example_dags/example_complex.py
[2025-12-11T04:43:32.880+0000] {logging_mixin.py:188} INFO - [2025-12-11T04:43:32.879+0000] {dag.py:3096} INFO - Sync 1 DAGs
[2025-12-11T04:43:32.910+0000] {logging_mixin.py:188} INFO - [2025-12-11T04:43:32.909+0000] {dag.py:3954} INFO - Setting next_dagrun for example_complex to None, run_after=None
[2025-12-11T04:43:32.964+0000] {processor.py:183} INFO - Processing /home/airflow/.local/lib/python3.9/site-packages/airflow/example_dags/example_complex.py took 0.273 seconds
[2025-12-11T04:44:03.403+0000] {processor.py:161} INFO - Started process (PID=3364) to work on /home/airflow/.local/lib/python3.9/site-packages/airflow/example_dags/example_complex.py
[2025-12-11T04:44:03.413+0000] {processor.py:830} INFO - Processing file /home/airflow/.local/lib/python3.9/site-packages/airflow/example_dags/example_complex.py for tasks to queue
[2025-12-11T04:44:03.418+0000] {logging_mixin.py:188} INFO - [2025-12-11T04:44:03.418+0000] {dagbag.py:545} INFO - Filling up the DagBag from /home/airflow/.local/lib/python3.9/site-packages/airflow/example_dags/example_complex.py
[2025-12-11T04:44:03.441+0000] {processor.py:840} INFO - DAG(s) 'example_complex' retrieved from /home/airflow/.local/lib/python3.9/site-packages/airflow/example_dags/example_complex.py
[2025-12-11T04:44:03.549+0000] {logging_mixin.py:188} INFO - [2025-12-11T04:44:03.548+0000] {dag.py:3096} INFO - Sync 1 DAGs
[2025-12-11T04:44:03.585+0000] {logging_mixin.py:188} INFO - [2025-12-11T04:44:03.585+0000] {dag.py:3954} INFO - Setting next_dagrun for example_complex to None, run_after=None
[2025-12-11T04:44:03.643+0000] {processor.py:183} INFO - Processing /home/airflow/.local/lib/python3.9/site-packages/airflow/example_dags/example_complex.py took 0.258 seconds
[2025-12-11T04:44:33.920+0000] {processor.py:161} INFO - Started process (PID=3431) to work on /home/airflow/.local/lib/python3.9/site-packages/airflow/example_dags/example_complex.py
[2025-12-11T04:44:33.943+0000] {processor.py:830} INFO - Processing file /home/airflow/.local/lib/python3.9/site-packages/airflow/example_dags/example_complex.py for tasks to queue
[2025-12-11T04:44:33.945+0000] {logging_mixin.py:188} INFO - [2025-12-11T04:44:33.945+0000] {dagbag.py:545} INFO - Filling up the DagBag from /home/airflow/.local/lib/python3.9/site-packages/airflow/example_dags/example_complex.py
[2025-12-11T04:44:33.963+0000] {processor.py:840} INFO - DAG(s) 'example_complex' retrieved from /home/airflow/.local/lib/python3.9/site-packages/airflow/example_dags/example_complex.py
[2025-12-11T04:44:34.061+0000] {logging_mixin.py:188} INFO - [2025-12-11T04:44:34.060+0000] {dag.py:3096} INFO - Sync 1 DAGs
[2025-12-11T04:44:34.102+0000] {logging_mixin.py:188} INFO - [2025-12-11T04:44:34.101+0000] {dag.py:3954} INFO - Setting next_dagrun for example_complex to None, run_after=None
[2025-12-11T04:44:34.149+0000] {processor.py:183} INFO - Processing /home/airflow/.local/lib/python3.9/site-packages/airflow/example_dags/example_complex.py took 0.245 seconds
[2025-12-11T04:45:04.224+0000] {processor.py:161} INFO - Started process (PID=3498) to work on /home/airflow/.local/lib/python3.9/site-packages/airflow/example_dags/example_complex.py
[2025-12-11T04:45:04.226+0000] {processor.py:830} INFO - Processing file /home/airflow/.local/lib/python3.9/site-packages/airflow/example_dags/example_complex.py for tasks to queue
[2025-12-11T04:45:04.229+0000] {logging_mixin.py:188} INFO - [2025-12-11T04:45:04.228+0000] {dagbag.py:545} INFO - Filling up the DagBag from /home/airflow/.local/lib/python3.9/site-packages/airflow/example_dags/example_complex.py
[2025-12-11T04:45:04.243+0000] {processor.py:840} INFO - DAG(s) 'example_complex' retrieved from /home/airflow/.local/lib/python3.9/site-packages/airflow/example_dags/example_complex.py
[2025-12-11T04:45:04.295+0000] {logging_mixin.py:188} INFO - [2025-12-11T04:45:04.295+0000] {dag.py:3096} INFO - Sync 1 DAGs
[2025-12-11T04:45:04.318+0000] {logging_mixin.py:188} INFO - [2025-12-11T04:45:04.317+0000] {dag.py:3954} INFO - Setting next_dagrun for example_complex to None, run_after=None
[2025-12-11T04:45:04.349+0000] {processor.py:183} INFO - Processing /home/airflow/.local/lib/python3.9/site-packages/airflow/example_dags/example_complex.py took 0.135 seconds
[2025-12-11T04:45:34.563+0000] {processor.py:161} INFO - Started process (PID=3573) to work on /home/airflow/.local/lib/python3.9/site-packages/airflow/example_dags/example_complex.py
[2025-12-11T04:45:34.569+0000] {processor.py:830} INFO - Processing file /home/airflow/.local/lib/python3.9/site-packages/airflow/example_dags/example_complex.py for tasks to queue
[2025-12-11T04:45:34.572+0000] {logging_mixin.py:188} INFO - [2025-12-11T04:45:34.571+0000] {dagbag.py:545} INFO - Filling up the DagBag from /home/airflow/.local/lib/python3.9/site-packages/airflow/example_dags/example_complex.py
[2025-12-11T04:45:34.593+0000] {processor.py:840} INFO - DAG(s) 'example_complex' retrieved from /home/airflow/.local/lib/python3.9/site-packages/airflow/example_dags/example_complex.py
[2025-12-11T04:45:34.665+0000] {logging_mixin.py:188} INFO - [2025-12-11T04:45:34.665+0000] {dag.py:3096} INFO - Sync 1 DAGs
[2025-12-11T04:45:34.685+0000] {logging_mixin.py:188} INFO - [2025-12-11T04:45:34.685+0000] {dag.py:3954} INFO - Setting next_dagrun for example_complex to None, run_after=None
[2025-12-11T04:45:34.713+0000] {processor.py:183} INFO - Processing /home/airflow/.local/lib/python3.9/site-packages/airflow/example_dags/example_complex.py took 0.164 seconds
[2025-12-11T04:46:05.205+0000] {processor.py:161} INFO - Started process (PID=3641) to work on /home/airflow/.local/lib/python3.9/site-packages/airflow/example_dags/example_complex.py
[2025-12-11T04:46:05.207+0000] {processor.py:830} INFO - Processing file /home/airflow/.local/lib/python3.9/site-packages/airflow/example_dags/example_complex.py for tasks to queue
[2025-12-11T04:46:05.217+0000] {logging_mixin.py:188} INFO - [2025-12-11T04:46:05.209+0000] {dagbag.py:545} INFO - Filling up the DagBag from /home/airflow/.local/lib/python3.9/site-packages/airflow/example_dags/example_complex.py
[2025-12-11T04:46:05.240+0000] {processor.py:840} INFO - DAG(s) 'example_complex' retrieved from /home/airflow/.local/lib/python3.9/site-packages/airflow/example_dags/example_complex.py
[2025-12-11T04:46:05.322+0000] {logging_mixin.py:188} INFO - [2025-12-11T04:46:05.321+0000] {dag.py:3096} INFO - Sync 1 DAGs
[2025-12-11T04:46:05.348+0000] {logging_mixin.py:188} INFO - [2025-12-11T04:46:05.347+0000] {dag.py:3954} INFO - Setting next_dagrun for example_complex to None, run_after=None
[2025-12-11T04:46:05.403+0000] {processor.py:183} INFO - Processing /home/airflow/.local/lib/python3.9/site-packages/airflow/example_dags/example_complex.py took 0.219 seconds
[2025-12-11T04:46:36.209+0000] {processor.py:161} INFO - Started process (PID=3708) to work on /home/airflow/.local/lib/python3.9/site-packages/airflow/example_dags/example_complex.py
[2025-12-11T04:46:36.219+0000] {processor.py:830} INFO - Processing file /home/airflow/.local/lib/python3.9/site-packages/airflow/example_dags/example_complex.py for tasks to queue
[2025-12-11T04:46:36.223+0000] {logging_mixin.py:188} INFO - [2025-12-11T04:46:36.223+0000] {dagbag.py:545} INFO - Filling up the DagBag from /home/airflow/.local/lib/python3.9/site-packages/airflow/example_dags/example_complex.py
[2025-12-11T04:46:36.248+0000] {processor.py:840} INFO - DAG(s) 'example_complex' retrieved from /home/airflow/.local/lib/python3.9/site-packages/airflow/example_dags/example_complex.py
[2025-12-11T04:46:36.362+0000] {logging_mixin.py:188} INFO - [2025-12-11T04:46:36.361+0000] {dag.py:3096} INFO - Sync 1 DAGs
[2025-12-11T04:46:36.420+0000] {logging_mixin.py:188} INFO - [2025-12-11T04:46:36.419+0000] {dag.py:3954} INFO - Setting next_dagrun for example_complex to None, run_after=None
[2025-12-11T04:46:36.478+0000] {processor.py:183} INFO - Processing /home/airflow/.local/lib/python3.9/site-packages/airflow/example_dags/example_complex.py took 0.280 seconds
[2025-12-11T04:47:06.724+0000] {processor.py:161} INFO - Started process (PID=3775) to work on /home/airflow/.local/lib/python3.9/site-packages/airflow/example_dags/example_complex.py
[2025-12-11T04:47:06.726+0000] {processor.py:830} INFO - Processing file /home/airflow/.local/lib/python3.9/site-packages/airflow/example_dags/example_complex.py for tasks to queue
[2025-12-11T04:47:06.729+0000] {logging_mixin.py:188} INFO - [2025-12-11T04:47:06.728+0000] {dagbag.py:545} INFO - Filling up the DagBag from /home/airflow/.local/lib/python3.9/site-packages/airflow/example_dags/example_complex.py
[2025-12-11T04:47:06.744+0000] {processor.py:840} INFO - DAG(s) 'example_complex' retrieved from /home/airflow/.local/lib/python3.9/site-packages/airflow/example_dags/example_complex.py
[2025-12-11T04:47:06.806+0000] {logging_mixin.py:188} INFO - [2025-12-11T04:47:06.806+0000] {dag.py:3096} INFO - Sync 1 DAGs
[2025-12-11T04:47:06.826+0000] {logging_mixin.py:188} INFO - [2025-12-11T04:47:06.825+0000] {dag.py:3954} INFO - Setting next_dagrun for example_complex to None, run_after=None
[2025-12-11T04:47:06.854+0000] {processor.py:183} INFO - Processing /home/airflow/.local/lib/python3.9/site-packages/airflow/example_dags/example_complex.py took 0.141 seconds
[2025-12-11T04:47:37.432+0000] {processor.py:161} INFO - Started process (PID=3842) to work on /home/airflow/.local/lib/python3.9/site-packages/airflow/example_dags/example_complex.py
[2025-12-11T04:47:37.435+0000] {processor.py:830} INFO - Processing file /home/airflow/.local/lib/python3.9/site-packages/airflow/example_dags/example_complex.py for tasks to queue
[2025-12-11T04:47:37.438+0000] {logging_mixin.py:188} INFO - [2025-12-11T04:47:37.438+0000] {dagbag.py:545} INFO - Filling up the DagBag from /home/airflow/.local/lib/python3.9/site-packages/airflow/example_dags/example_complex.py
[2025-12-11T04:47:37.463+0000] {processor.py:840} INFO - DAG(s) 'example_complex' retrieved from /home/airflow/.local/lib/python3.9/site-packages/airflow/example_dags/example_complex.py
[2025-12-11T04:47:37.520+0000] {logging_mixin.py:188} INFO - [2025-12-11T04:47:37.519+0000] {dag.py:3096} INFO - Sync 1 DAGs
[2025-12-11T04:47:37.540+0000] {logging_mixin.py:188} INFO - [2025-12-11T04:47:37.539+0000] {dag.py:3954} INFO - Setting next_dagrun for example_complex to None, run_after=None
[2025-12-11T04:47:37.570+0000] {processor.py:183} INFO - Processing /home/airflow/.local/lib/python3.9/site-packages/airflow/example_dags/example_complex.py took 0.149 seconds
[2025-12-11T04:48:08.207+0000] {processor.py:161} INFO - Started process (PID=3909) to work on /home/airflow/.local/lib/python3.9/site-packages/airflow/example_dags/example_complex.py
[2025-12-11T04:48:08.209+0000] {processor.py:830} INFO - Processing file /home/airflow/.local/lib/python3.9/site-packages/airflow/example_dags/example_complex.py for tasks to queue
[2025-12-11T04:48:08.220+0000] {logging_mixin.py:188} INFO - [2025-12-11T04:48:08.219+0000] {dagbag.py:545} INFO - Filling up the DagBag from /home/airflow/.local/lib/python3.9/site-packages/airflow/example_dags/example_complex.py
[2025-12-11T04:48:08.248+0000] {processor.py:840} INFO - DAG(s) 'example_complex' retrieved from /home/airflow/.local/lib/python3.9/site-packages/airflow/example_dags/example_complex.py
[2025-12-11T04:48:08.378+0000] {logging_mixin.py:188} INFO - [2025-12-11T04:48:08.377+0000] {dag.py:3096} INFO - Sync 1 DAGs
[2025-12-11T04:48:08.408+0000] {logging_mixin.py:188} INFO - [2025-12-11T04:48:08.407+0000] {dag.py:3954} INFO - Setting next_dagrun for example_complex to None, run_after=None
[2025-12-11T04:48:08.467+0000] {processor.py:183} INFO - Processing /home/airflow/.local/lib/python3.9/site-packages/airflow/example_dags/example_complex.py took 0.285 seconds
[2025-12-11T04:48:38.987+0000] {processor.py:161} INFO - Started process (PID=3976) to work on /home/airflow/.local/lib/python3.9/site-packages/airflow/example_dags/example_complex.py
[2025-12-11T04:48:38.994+0000] {processor.py:830} INFO - Processing file /home/airflow/.local/lib/python3.9/site-packages/airflow/example_dags/example_complex.py for tasks to queue
[2025-12-11T04:48:38.997+0000] {logging_mixin.py:188} INFO - [2025-12-11T04:48:38.996+0000] {dagbag.py:545} INFO - Filling up the DagBag from /home/airflow/.local/lib/python3.9/site-packages/airflow/example_dags/example_complex.py
[2025-12-11T04:48:39.018+0000] {processor.py:840} INFO - DAG(s) 'example_complex' retrieved from /home/airflow/.local/lib/python3.9/site-packages/airflow/example_dags/example_complex.py
[2025-12-11T04:48:39.085+0000] {logging_mixin.py:188} INFO - [2025-12-11T04:48:39.084+0000] {dag.py:3096} INFO - Sync 1 DAGs
[2025-12-11T04:48:39.107+0000] {logging_mixin.py:188} INFO - [2025-12-11T04:48:39.106+0000] {dag.py:3954} INFO - Setting next_dagrun for example_complex to None, run_after=None
[2025-12-11T04:48:39.428+0000] {processor.py:183} INFO - Processing /home/airflow/.local/lib/python3.9/site-packages/airflow/example_dags/example_complex.py took 0.451 seconds
[2025-12-11T04:49:09.762+0000] {processor.py:161} INFO - Started process (PID=4043) to work on /home/airflow/.local/lib/python3.9/site-packages/airflow/example_dags/example_complex.py
[2025-12-11T04:49:09.768+0000] {processor.py:830} INFO - Processing file /home/airflow/.local/lib/python3.9/site-packages/airflow/example_dags/example_complex.py for tasks to queue
[2025-12-11T04:49:09.771+0000] {logging_mixin.py:188} INFO - [2025-12-11T04:49:09.771+0000] {dagbag.py:545} INFO - Filling up the DagBag from /home/airflow/.local/lib/python3.9/site-packages/airflow/example_dags/example_complex.py
[2025-12-11T04:49:09.785+0000] {processor.py:840} INFO - DAG(s) 'example_complex' retrieved from /home/airflow/.local/lib/python3.9/site-packages/airflow/example_dags/example_complex.py
[2025-12-11T04:49:09.853+0000] {logging_mixin.py:188} INFO - [2025-12-11T04:49:09.852+0000] {dag.py:3096} INFO - Sync 1 DAGs
[2025-12-11T04:49:09.879+0000] {logging_mixin.py:188} INFO - [2025-12-11T04:49:09.879+0000] {dag.py:3954} INFO - Setting next_dagrun for example_complex to None, run_after=None
[2025-12-11T04:49:09.991+0000] {processor.py:183} INFO - Processing /home/airflow/.local/lib/python3.9/site-packages/airflow/example_dags/example_complex.py took 0.239 seconds
[2025-12-11T04:49:40.459+0000] {processor.py:161} INFO - Started process (PID=4110) to work on /home/airflow/.local/lib/python3.9/site-packages/airflow/example_dags/example_complex.py
[2025-12-11T04:49:40.467+0000] {processor.py:830} INFO - Processing file /home/airflow/.local/lib/python3.9/site-packages/airflow/example_dags/example_complex.py for tasks to queue
[2025-12-11T04:49:40.470+0000] {logging_mixin.py:188} INFO - [2025-12-11T04:49:40.469+0000] {dagbag.py:545} INFO - Filling up the DagBag from /home/airflow/.local/lib/python3.9/site-packages/airflow/example_dags/example_complex.py
[2025-12-11T04:49:40.497+0000] {processor.py:840} INFO - DAG(s) 'example_complex' retrieved from /home/airflow/.local/lib/python3.9/site-packages/airflow/example_dags/example_complex.py
[2025-12-11T04:49:40.581+0000] {logging_mixin.py:188} INFO - [2025-12-11T04:49:40.580+0000] {dag.py:3096} INFO - Sync 1 DAGs
[2025-12-11T04:49:40.620+0000] {logging_mixin.py:188} INFO - [2025-12-11T04:49:40.619+0000] {dag.py:3954} INFO - Setting next_dagrun for example_complex to None, run_after=None
[2025-12-11T04:49:40.732+0000] {processor.py:183} INFO - Processing /home/airflow/.local/lib/python3.9/site-packages/airflow/example_dags/example_complex.py took 0.292 seconds
[2025-12-11T04:50:10.968+0000] {processor.py:161} INFO - Started process (PID=4175) to work on /home/airflow/.local/lib/python3.9/site-packages/airflow/example_dags/example_complex.py
[2025-12-11T04:50:11.044+0000] {processor.py:830} INFO - Processing file /home/airflow/.local/lib/python3.9/site-packages/airflow/example_dags/example_complex.py for tasks to queue
[2025-12-11T04:50:11.047+0000] {logging_mixin.py:188} INFO - [2025-12-11T04:50:11.047+0000] {dagbag.py:545} INFO - Filling up the DagBag from /home/airflow/.local/lib/python3.9/site-packages/airflow/example_dags/example_complex.py
[2025-12-11T04:50:11.064+0000] {processor.py:840} INFO - DAG(s) 'example_complex' retrieved from /home/airflow/.local/lib/python3.9/site-packages/airflow/example_dags/example_complex.py
[2025-12-11T04:50:11.119+0000] {logging_mixin.py:188} INFO - [2025-12-11T04:50:11.119+0000] {dag.py:3096} INFO - Sync 1 DAGs
[2025-12-11T04:50:11.141+0000] {logging_mixin.py:188} INFO - [2025-12-11T04:50:11.141+0000] {dag.py:3954} INFO - Setting next_dagrun for example_complex to None, run_after=None
[2025-12-11T04:50:11.300+0000] {processor.py:183} INFO - Processing /home/airflow/.local/lib/python3.9/site-packages/airflow/example_dags/example_complex.py took 0.348 seconds
[2025-12-11T04:50:41.387+0000] {processor.py:161} INFO - Started process (PID=4242) to work on /home/airflow/.local/lib/python3.9/site-packages/airflow/example_dags/example_complex.py
[2025-12-11T04:50:41.389+0000] {processor.py:830} INFO - Processing file /home/airflow/.local/lib/python3.9/site-packages/airflow/example_dags/example_complex.py for tasks to queue
[2025-12-11T04:50:41.391+0000] {logging_mixin.py:188} INFO - [2025-12-11T04:50:41.391+0000] {dagbag.py:545} INFO - Filling up the DagBag from /home/airflow/.local/lib/python3.9/site-packages/airflow/example_dags/example_complex.py
[2025-12-11T04:50:41.407+0000] {processor.py:840} INFO - DAG(s) 'example_complex' retrieved from /home/airflow/.local/lib/python3.9/site-packages/airflow/example_dags/example_complex.py
[2025-12-11T04:50:41.459+0000] {logging_mixin.py:188} INFO - [2025-12-11T04:50:41.459+0000] {dag.py:3096} INFO - Sync 1 DAGs
[2025-12-11T04:50:41.480+0000] {logging_mixin.py:188} INFO - [2025-12-11T04:50:41.480+0000] {dag.py:3954} INFO - Setting next_dagrun for example_complex to None, run_after=None
[2025-12-11T04:50:41.506+0000] {processor.py:183} INFO - Processing /home/airflow/.local/lib/python3.9/site-packages/airflow/example_dags/example_complex.py took 0.130 seconds
[2025-12-11T04:51:11.625+0000] {processor.py:161} INFO - Started process (PID=4316) to work on /home/airflow/.local/lib/python3.9/site-packages/airflow/example_dags/example_complex.py
[2025-12-11T04:51:11.627+0000] {processor.py:830} INFO - Processing file /home/airflow/.local/lib/python3.9/site-packages/airflow/example_dags/example_complex.py for tasks to queue
[2025-12-11T04:51:11.639+0000] {logging_mixin.py:188} INFO - [2025-12-11T04:51:11.638+0000] {dagbag.py:545} INFO - Filling up the DagBag from /home/airflow/.local/lib/python3.9/site-packages/airflow/example_dags/example_complex.py
[2025-12-11T04:51:11.665+0000] {processor.py:840} INFO - DAG(s) 'example_complex' retrieved from /home/airflow/.local/lib/python3.9/site-packages/airflow/example_dags/example_complex.py
[2025-12-11T04:51:11.748+0000] {logging_mixin.py:188} INFO - [2025-12-11T04:51:11.747+0000] {dag.py:3096} INFO - Sync 1 DAGs
[2025-12-11T04:51:11.788+0000] {logging_mixin.py:188} INFO - [2025-12-11T04:51:11.788+0000] {dag.py:3954} INFO - Setting next_dagrun for example_complex to None, run_after=None
[2025-12-11T04:51:11.845+0000] {processor.py:183} INFO - Processing /home/airflow/.local/lib/python3.9/site-packages/airflow/example_dags/example_complex.py took 0.238 seconds
[2025-12-11T04:51:42.499+0000] {processor.py:161} INFO - Started process (PID=4383) to work on /home/airflow/.local/lib/python3.9/site-packages/airflow/example_dags/example_complex.py
[2025-12-11T04:51:42.505+0000] {processor.py:830} INFO - Processing file /home/airflow/.local/lib/python3.9/site-packages/airflow/example_dags/example_complex.py for tasks to queue
[2025-12-11T04:51:42.518+0000] {logging_mixin.py:188} INFO - [2025-12-11T04:51:42.518+0000] {dagbag.py:545} INFO - Filling up the DagBag from /home/airflow/.local/lib/python3.9/site-packages/airflow/example_dags/example_complex.py
[2025-12-11T04:51:42.543+0000] {processor.py:840} INFO - DAG(s) 'example_complex' retrieved from /home/airflow/.local/lib/python3.9/site-packages/airflow/example_dags/example_complex.py
[2025-12-11T04:51:42.645+0000] {logging_mixin.py:188} INFO - [2025-12-11T04:51:42.645+0000] {dag.py:3096} INFO - Sync 1 DAGs
[2025-12-11T04:51:42.698+0000] {logging_mixin.py:188} INFO - [2025-12-11T04:51:42.698+0000] {dag.py:3954} INFO - Setting next_dagrun for example_complex to None, run_after=None
[2025-12-11T04:51:42.777+0000] {processor.py:183} INFO - Processing /home/airflow/.local/lib/python3.9/site-packages/airflow/example_dags/example_complex.py took 0.298 seconds
[2025-12-11T04:52:13.144+0000] {processor.py:161} INFO - Started process (PID=4450) to work on /home/airflow/.local/lib/python3.9/site-packages/airflow/example_dags/example_complex.py
[2025-12-11T04:52:13.209+0000] {processor.py:830} INFO - Processing file /home/airflow/.local/lib/python3.9/site-packages/airflow/example_dags/example_complex.py for tasks to queue
[2025-12-11T04:52:13.220+0000] {logging_mixin.py:188} INFO - [2025-12-11T04:52:13.219+0000] {dagbag.py:545} INFO - Filling up the DagBag from /home/airflow/.local/lib/python3.9/site-packages/airflow/example_dags/example_complex.py
[2025-12-11T04:52:13.280+0000] {processor.py:840} INFO - DAG(s) 'example_complex' retrieved from /home/airflow/.local/lib/python3.9/site-packages/airflow/example_dags/example_complex.py
[2025-12-11T04:52:13.447+0000] {logging_mixin.py:188} INFO - [2025-12-11T04:52:13.446+0000] {dag.py:3096} INFO - Sync 1 DAGs
[2025-12-11T04:52:13.525+0000] {logging_mixin.py:188} INFO - [2025-12-11T04:52:13.524+0000] {dag.py:3954} INFO - Setting next_dagrun for example_complex to None, run_after=None
[2025-12-11T04:52:13.637+0000] {processor.py:183} INFO - Processing /home/airflow/.local/lib/python3.9/site-packages/airflow/example_dags/example_complex.py took 0.512 seconds
[2025-12-11T04:52:43.941+0000] {processor.py:161} INFO - Started process (PID=4510) to work on /home/airflow/.local/lib/python3.9/site-packages/airflow/example_dags/example_complex.py
[2025-12-11T04:52:43.943+0000] {processor.py:830} INFO - Processing file /home/airflow/.local/lib/python3.9/site-packages/airflow/example_dags/example_complex.py for tasks to queue
[2025-12-11T04:52:43.946+0000] {logging_mixin.py:188} INFO - [2025-12-11T04:52:43.945+0000] {dagbag.py:545} INFO - Filling up the DagBag from /home/airflow/.local/lib/python3.9/site-packages/airflow/example_dags/example_complex.py
[2025-12-11T04:52:43.968+0000] {processor.py:840} INFO - DAG(s) 'example_complex' retrieved from /home/airflow/.local/lib/python3.9/site-packages/airflow/example_dags/example_complex.py
[2025-12-11T04:52:44.083+0000] {logging_mixin.py:188} INFO - [2025-12-11T04:52:44.083+0000] {dag.py:3096} INFO - Sync 1 DAGs
[2025-12-11T04:52:44.124+0000] {logging_mixin.py:188} INFO - [2025-12-11T04:52:44.124+0000] {dag.py:3954} INFO - Setting next_dagrun for example_complex to None, run_after=None
[2025-12-11T04:52:44.197+0000] {processor.py:183} INFO - Processing /home/airflow/.local/lib/python3.9/site-packages/airflow/example_dags/example_complex.py took 0.274 seconds
