[2025-12-11T04:18:49.797+0000] {processor.py:161} INFO - Started process (PID=111) to work on /home/airflow/.local/lib/python3.9/site-packages/airflow/example_dags/example_kubernetes_executor.py
[2025-12-11T04:18:49.798+0000] {processor.py:830} INFO - Processing file /home/airflow/.local/lib/python3.9/site-packages/airflow/example_dags/example_kubernetes_executor.py for tasks to queue
[2025-12-11T04:18:49.801+0000] {logging_mixin.py:188} INFO - [2025-12-11T04:18:49.801+0000] {dagbag.py:545} INFO - Filling up the DagBag from /home/airflow/.local/lib/python3.9/site-packages/airflow/example_dags/example_kubernetes_executor.py
[2025-12-11T04:18:49.860+0000] {processor.py:840} INFO - DAG(s) 'example_kubernetes_executor' retrieved from /home/airflow/.local/lib/python3.9/site-packages/airflow/example_dags/example_kubernetes_executor.py
[2025-12-11T04:18:50.942+0000] {logging_mixin.py:188} INFO - [2025-12-11T04:18:50.941+0000] {dag.py:3096} INFO - Sync 1 DAGs
[2025-12-11T04:18:51.020+0000] {logging_mixin.py:188} INFO - [2025-12-11T04:18:51.019+0000] {dag.py:3954} INFO - Setting next_dagrun for example_kubernetes_executor to None, run_after=None
[2025-12-11T04:18:51.241+0000] {processor.py:183} INFO - Processing /home/airflow/.local/lib/python3.9/site-packages/airflow/example_dags/example_kubernetes_executor.py took 1.463 seconds
[2025-12-11T04:19:22.139+0000] {processor.py:161} INFO - Started process (PID=170) to work on /home/airflow/.local/lib/python3.9/site-packages/airflow/example_dags/example_kubernetes_executor.py
[2025-12-11T04:19:22.143+0000] {processor.py:830} INFO - Processing file /home/airflow/.local/lib/python3.9/site-packages/airflow/example_dags/example_kubernetes_executor.py for tasks to queue
[2025-12-11T04:19:22.146+0000] {logging_mixin.py:188} INFO - [2025-12-11T04:19:22.146+0000] {dagbag.py:545} INFO - Filling up the DagBag from /home/airflow/.local/lib/python3.9/site-packages/airflow/example_dags/example_kubernetes_executor.py
[2025-12-11T04:19:22.165+0000] {processor.py:840} INFO - DAG(s) 'example_kubernetes_executor' retrieved from /home/airflow/.local/lib/python3.9/site-packages/airflow/example_dags/example_kubernetes_executor.py
[2025-12-11T04:19:22.227+0000] {logging_mixin.py:188} INFO - [2025-12-11T04:19:22.227+0000] {dag.py:3096} INFO - Sync 1 DAGs
[2025-12-11T04:19:22.250+0000] {logging_mixin.py:188} INFO - [2025-12-11T04:19:22.249+0000] {dag.py:3954} INFO - Setting next_dagrun for example_kubernetes_executor to None, run_after=None
[2025-12-11T04:19:22.301+0000] {processor.py:183} INFO - Processing /home/airflow/.local/lib/python3.9/site-packages/airflow/example_dags/example_kubernetes_executor.py took 0.172 seconds
[2025-12-11T04:19:52.465+0000] {processor.py:161} INFO - Started process (PID=236) to work on /home/airflow/.local/lib/python3.9/site-packages/airflow/example_dags/example_kubernetes_executor.py
[2025-12-11T04:19:52.475+0000] {processor.py:830} INFO - Processing file /home/airflow/.local/lib/python3.9/site-packages/airflow/example_dags/example_kubernetes_executor.py for tasks to queue
[2025-12-11T04:19:52.479+0000] {logging_mixin.py:188} INFO - [2025-12-11T04:19:52.478+0000] {dagbag.py:545} INFO - Filling up the DagBag from /home/airflow/.local/lib/python3.9/site-packages/airflow/example_dags/example_kubernetes_executor.py
[2025-12-11T04:19:52.507+0000] {processor.py:840} INFO - DAG(s) 'example_kubernetes_executor' retrieved from /home/airflow/.local/lib/python3.9/site-packages/airflow/example_dags/example_kubernetes_executor.py
[2025-12-11T04:19:52.609+0000] {logging_mixin.py:188} INFO - [2025-12-11T04:19:52.609+0000] {dag.py:3096} INFO - Sync 1 DAGs
[2025-12-11T04:19:52.639+0000] {logging_mixin.py:188} INFO - [2025-12-11T04:19:52.638+0000] {dag.py:3954} INFO - Setting next_dagrun for example_kubernetes_executor to None, run_after=None
[2025-12-11T04:19:52.685+0000] {processor.py:183} INFO - Processing /home/airflow/.local/lib/python3.9/site-packages/airflow/example_dags/example_kubernetes_executor.py took 0.242 seconds
[2025-12-11T04:20:23.286+0000] {processor.py:161} INFO - Started process (PID=302) to work on /home/airflow/.local/lib/python3.9/site-packages/airflow/example_dags/example_kubernetes_executor.py
[2025-12-11T04:20:23.297+0000] {processor.py:830} INFO - Processing file /home/airflow/.local/lib/python3.9/site-packages/airflow/example_dags/example_kubernetes_executor.py for tasks to queue
[2025-12-11T04:20:23.300+0000] {logging_mixin.py:188} INFO - [2025-12-11T04:20:23.299+0000] {dagbag.py:545} INFO - Filling up the DagBag from /home/airflow/.local/lib/python3.9/site-packages/airflow/example_dags/example_kubernetes_executor.py
[2025-12-11T04:20:23.338+0000] {processor.py:840} INFO - DAG(s) 'example_kubernetes_executor' retrieved from /home/airflow/.local/lib/python3.9/site-packages/airflow/example_dags/example_kubernetes_executor.py
[2025-12-11T04:20:23.437+0000] {logging_mixin.py:188} INFO - [2025-12-11T04:20:23.431+0000] {dag.py:3096} INFO - Sync 1 DAGs
[2025-12-11T04:20:23.465+0000] {logging_mixin.py:188} INFO - [2025-12-11T04:20:23.465+0000] {dag.py:3954} INFO - Setting next_dagrun for example_kubernetes_executor to None, run_after=None
[2025-12-11T04:20:23.523+0000] {processor.py:183} INFO - Processing /home/airflow/.local/lib/python3.9/site-packages/airflow/example_dags/example_kubernetes_executor.py took 0.248 seconds
[2025-12-11T04:20:54.220+0000] {processor.py:161} INFO - Started process (PID=366) to work on /home/airflow/.local/lib/python3.9/site-packages/airflow/example_dags/example_kubernetes_executor.py
[2025-12-11T04:20:54.223+0000] {processor.py:830} INFO - Processing file /home/airflow/.local/lib/python3.9/site-packages/airflow/example_dags/example_kubernetes_executor.py for tasks to queue
[2025-12-11T04:20:54.240+0000] {logging_mixin.py:188} INFO - [2025-12-11T04:20:54.240+0000] {dagbag.py:545} INFO - Filling up the DagBag from /home/airflow/.local/lib/python3.9/site-packages/airflow/example_dags/example_kubernetes_executor.py
[2025-12-11T04:20:54.318+0000] {processor.py:840} INFO - DAG(s) 'example_kubernetes_executor' retrieved from /home/airflow/.local/lib/python3.9/site-packages/airflow/example_dags/example_kubernetes_executor.py
[2025-12-11T04:20:54.522+0000] {logging_mixin.py:188} INFO - [2025-12-11T04:20:54.521+0000] {dag.py:3096} INFO - Sync 1 DAGs
[2025-12-11T04:20:54.602+0000] {logging_mixin.py:188} INFO - [2025-12-11T04:20:54.601+0000] {dag.py:3954} INFO - Setting next_dagrun for example_kubernetes_executor to None, run_after=None
[2025-12-11T04:20:54.702+0000] {processor.py:183} INFO - Processing /home/airflow/.local/lib/python3.9/site-packages/airflow/example_dags/example_kubernetes_executor.py took 0.504 seconds
[2025-12-11T04:21:25.391+0000] {processor.py:161} INFO - Started process (PID=431) to work on /home/airflow/.local/lib/python3.9/site-packages/airflow/example_dags/example_kubernetes_executor.py
[2025-12-11T04:21:25.392+0000] {processor.py:830} INFO - Processing file /home/airflow/.local/lib/python3.9/site-packages/airflow/example_dags/example_kubernetes_executor.py for tasks to queue
[2025-12-11T04:21:25.399+0000] {logging_mixin.py:188} INFO - [2025-12-11T04:21:25.398+0000] {dagbag.py:545} INFO - Filling up the DagBag from /home/airflow/.local/lib/python3.9/site-packages/airflow/example_dags/example_kubernetes_executor.py
[2025-12-11T04:21:25.425+0000] {processor.py:840} INFO - DAG(s) 'example_kubernetes_executor' retrieved from /home/airflow/.local/lib/python3.9/site-packages/airflow/example_dags/example_kubernetes_executor.py
[2025-12-11T04:21:25.541+0000] {logging_mixin.py:188} INFO - [2025-12-11T04:21:25.540+0000] {dag.py:3096} INFO - Sync 1 DAGs
[2025-12-11T04:21:25.581+0000] {logging_mixin.py:188} INFO - [2025-12-11T04:21:25.580+0000] {dag.py:3954} INFO - Setting next_dagrun for example_kubernetes_executor to None, run_after=None
[2025-12-11T04:21:25.637+0000] {processor.py:183} INFO - Processing /home/airflow/.local/lib/python3.9/site-packages/airflow/example_dags/example_kubernetes_executor.py took 0.256 seconds
[2025-12-11T04:21:56.237+0000] {processor.py:161} INFO - Started process (PID=497) to work on /home/airflow/.local/lib/python3.9/site-packages/airflow/example_dags/example_kubernetes_executor.py
[2025-12-11T04:21:56.239+0000] {processor.py:830} INFO - Processing file /home/airflow/.local/lib/python3.9/site-packages/airflow/example_dags/example_kubernetes_executor.py for tasks to queue
[2025-12-11T04:21:56.243+0000] {logging_mixin.py:188} INFO - [2025-12-11T04:21:56.242+0000] {dagbag.py:545} INFO - Filling up the DagBag from /home/airflow/.local/lib/python3.9/site-packages/airflow/example_dags/example_kubernetes_executor.py
[2025-12-11T04:21:56.297+0000] {processor.py:840} INFO - DAG(s) 'example_kubernetes_executor' retrieved from /home/airflow/.local/lib/python3.9/site-packages/airflow/example_dags/example_kubernetes_executor.py
[2025-12-11T04:21:56.424+0000] {logging_mixin.py:188} INFO - [2025-12-11T04:21:56.424+0000] {dag.py:3096} INFO - Sync 1 DAGs
[2025-12-11T04:21:56.471+0000] {logging_mixin.py:188} INFO - [2025-12-11T04:21:56.470+0000] {dag.py:3954} INFO - Setting next_dagrun for example_kubernetes_executor to None, run_after=None
[2025-12-11T04:21:56.548+0000] {processor.py:183} INFO - Processing /home/airflow/.local/lib/python3.9/site-packages/airflow/example_dags/example_kubernetes_executor.py took 0.326 seconds
[2025-12-11T04:22:26.755+0000] {processor.py:161} INFO - Started process (PID=564) to work on /home/airflow/.local/lib/python3.9/site-packages/airflow/example_dags/example_kubernetes_executor.py
[2025-12-11T04:22:26.756+0000] {processor.py:830} INFO - Processing file /home/airflow/.local/lib/python3.9/site-packages/airflow/example_dags/example_kubernetes_executor.py for tasks to queue
[2025-12-11T04:22:26.759+0000] {logging_mixin.py:188} INFO - [2025-12-11T04:22:26.758+0000] {dagbag.py:545} INFO - Filling up the DagBag from /home/airflow/.local/lib/python3.9/site-packages/airflow/example_dags/example_kubernetes_executor.py
[2025-12-11T04:22:26.777+0000] {processor.py:840} INFO - DAG(s) 'example_kubernetes_executor' retrieved from /home/airflow/.local/lib/python3.9/site-packages/airflow/example_dags/example_kubernetes_executor.py
[2025-12-11T04:22:26.838+0000] {logging_mixin.py:188} INFO - [2025-12-11T04:22:26.838+0000] {dag.py:3096} INFO - Sync 1 DAGs
[2025-12-11T04:22:26.858+0000] {logging_mixin.py:188} INFO - [2025-12-11T04:22:26.857+0000] {dag.py:3954} INFO - Setting next_dagrun for example_kubernetes_executor to None, run_after=None
[2025-12-11T04:22:26.883+0000] {processor.py:183} INFO - Processing /home/airflow/.local/lib/python3.9/site-packages/airflow/example_dags/example_kubernetes_executor.py took 0.139 seconds
[2025-12-11T04:22:57.402+0000] {processor.py:161} INFO - Started process (PID=629) to work on /home/airflow/.local/lib/python3.9/site-packages/airflow/example_dags/example_kubernetes_executor.py
[2025-12-11T04:22:57.409+0000] {processor.py:830} INFO - Processing file /home/airflow/.local/lib/python3.9/site-packages/airflow/example_dags/example_kubernetes_executor.py for tasks to queue
[2025-12-11T04:22:57.412+0000] {logging_mixin.py:188} INFO - [2025-12-11T04:22:57.412+0000] {dagbag.py:545} INFO - Filling up the DagBag from /home/airflow/.local/lib/python3.9/site-packages/airflow/example_dags/example_kubernetes_executor.py
[2025-12-11T04:22:57.433+0000] {processor.py:840} INFO - DAG(s) 'example_kubernetes_executor' retrieved from /home/airflow/.local/lib/python3.9/site-packages/airflow/example_dags/example_kubernetes_executor.py
[2025-12-11T04:22:57.504+0000] {logging_mixin.py:188} INFO - [2025-12-11T04:22:57.503+0000] {dag.py:3096} INFO - Sync 1 DAGs
[2025-12-11T04:22:57.527+0000] {logging_mixin.py:188} INFO - [2025-12-11T04:22:57.526+0000] {dag.py:3954} INFO - Setting next_dagrun for example_kubernetes_executor to None, run_after=None
[2025-12-11T04:22:57.556+0000] {processor.py:183} INFO - Processing /home/airflow/.local/lib/python3.9/site-packages/airflow/example_dags/example_kubernetes_executor.py took 0.164 seconds
[2025-12-11T04:23:27.870+0000] {processor.py:161} INFO - Started process (PID=695) to work on /home/airflow/.local/lib/python3.9/site-packages/airflow/example_dags/example_kubernetes_executor.py
[2025-12-11T04:23:27.872+0000] {processor.py:830} INFO - Processing file /home/airflow/.local/lib/python3.9/site-packages/airflow/example_dags/example_kubernetes_executor.py for tasks to queue
[2025-12-11T04:23:27.875+0000] {logging_mixin.py:188} INFO - [2025-12-11T04:23:27.874+0000] {dagbag.py:545} INFO - Filling up the DagBag from /home/airflow/.local/lib/python3.9/site-packages/airflow/example_dags/example_kubernetes_executor.py
[2025-12-11T04:23:27.895+0000] {processor.py:840} INFO - DAG(s) 'example_kubernetes_executor' retrieved from /home/airflow/.local/lib/python3.9/site-packages/airflow/example_dags/example_kubernetes_executor.py
[2025-12-11T04:23:27.966+0000] {logging_mixin.py:188} INFO - [2025-12-11T04:23:27.966+0000] {dag.py:3096} INFO - Sync 1 DAGs
[2025-12-11T04:23:27.987+0000] {logging_mixin.py:188} INFO - [2025-12-11T04:23:27.987+0000] {dag.py:3954} INFO - Setting next_dagrun for example_kubernetes_executor to None, run_after=None
[2025-12-11T04:23:28.041+0000] {processor.py:183} INFO - Processing /home/airflow/.local/lib/python3.9/site-packages/airflow/example_dags/example_kubernetes_executor.py took 0.181 seconds
[2025-12-11T04:23:58.200+0000] {processor.py:161} INFO - Started process (PID=761) to work on /home/airflow/.local/lib/python3.9/site-packages/airflow/example_dags/example_kubernetes_executor.py
[2025-12-11T04:23:58.202+0000] {processor.py:830} INFO - Processing file /home/airflow/.local/lib/python3.9/site-packages/airflow/example_dags/example_kubernetes_executor.py for tasks to queue
[2025-12-11T04:23:58.205+0000] {logging_mixin.py:188} INFO - [2025-12-11T04:23:58.204+0000] {dagbag.py:545} INFO - Filling up the DagBag from /home/airflow/.local/lib/python3.9/site-packages/airflow/example_dags/example_kubernetes_executor.py
[2025-12-11T04:23:58.240+0000] {processor.py:840} INFO - DAG(s) 'example_kubernetes_executor' retrieved from /home/airflow/.local/lib/python3.9/site-packages/airflow/example_dags/example_kubernetes_executor.py
[2025-12-11T04:23:58.339+0000] {logging_mixin.py:188} INFO - [2025-12-11T04:23:58.339+0000] {dag.py:3096} INFO - Sync 1 DAGs
[2025-12-11T04:23:58.366+0000] {logging_mixin.py:188} INFO - [2025-12-11T04:23:58.366+0000] {dag.py:3954} INFO - Setting next_dagrun for example_kubernetes_executor to None, run_after=None
[2025-12-11T04:23:58.406+0000] {processor.py:183} INFO - Processing /home/airflow/.local/lib/python3.9/site-packages/airflow/example_dags/example_kubernetes_executor.py took 0.224 seconds
[2025-12-11T04:24:28.859+0000] {processor.py:161} INFO - Started process (PID=827) to work on /home/airflow/.local/lib/python3.9/site-packages/airflow/example_dags/example_kubernetes_executor.py
[2025-12-11T04:24:28.864+0000] {processor.py:830} INFO - Processing file /home/airflow/.local/lib/python3.9/site-packages/airflow/example_dags/example_kubernetes_executor.py for tasks to queue
[2025-12-11T04:24:28.867+0000] {logging_mixin.py:188} INFO - [2025-12-11T04:24:28.867+0000] {dagbag.py:545} INFO - Filling up the DagBag from /home/airflow/.local/lib/python3.9/site-packages/airflow/example_dags/example_kubernetes_executor.py
[2025-12-11T04:24:28.889+0000] {processor.py:840} INFO - DAG(s) 'example_kubernetes_executor' retrieved from /home/airflow/.local/lib/python3.9/site-packages/airflow/example_dags/example_kubernetes_executor.py
[2025-12-11T04:24:28.955+0000] {logging_mixin.py:188} INFO - [2025-12-11T04:24:28.954+0000] {dag.py:3096} INFO - Sync 1 DAGs
[2025-12-11T04:24:28.980+0000] {logging_mixin.py:188} INFO - [2025-12-11T04:24:28.979+0000] {dag.py:3954} INFO - Setting next_dagrun for example_kubernetes_executor to None, run_after=None
[2025-12-11T04:24:29.230+0000] {processor.py:183} INFO - Processing /home/airflow/.local/lib/python3.9/site-packages/airflow/example_dags/example_kubernetes_executor.py took 0.389 seconds
[2025-12-11T04:24:59.804+0000] {processor.py:161} INFO - Started process (PID=893) to work on /home/airflow/.local/lib/python3.9/site-packages/airflow/example_dags/example_kubernetes_executor.py
[2025-12-11T04:24:59.806+0000] {processor.py:830} INFO - Processing file /home/airflow/.local/lib/python3.9/site-packages/airflow/example_dags/example_kubernetes_executor.py for tasks to queue
[2025-12-11T04:24:59.809+0000] {logging_mixin.py:188} INFO - [2025-12-11T04:24:59.808+0000] {dagbag.py:545} INFO - Filling up the DagBag from /home/airflow/.local/lib/python3.9/site-packages/airflow/example_dags/example_kubernetes_executor.py
[2025-12-11T04:24:59.829+0000] {processor.py:840} INFO - DAG(s) 'example_kubernetes_executor' retrieved from /home/airflow/.local/lib/python3.9/site-packages/airflow/example_dags/example_kubernetes_executor.py
[2025-12-11T04:24:59.897+0000] {logging_mixin.py:188} INFO - [2025-12-11T04:24:59.896+0000] {dag.py:3096} INFO - Sync 1 DAGs
[2025-12-11T04:24:59.919+0000] {logging_mixin.py:188} INFO - [2025-12-11T04:24:59.919+0000] {dag.py:3954} INFO - Setting next_dagrun for example_kubernetes_executor to None, run_after=None
[2025-12-11T04:25:00.026+0000] {processor.py:183} INFO - Processing /home/airflow/.local/lib/python3.9/site-packages/airflow/example_dags/example_kubernetes_executor.py took 0.236 seconds
[2025-12-11T04:25:30.151+0000] {processor.py:161} INFO - Started process (PID=958) to work on /home/airflow/.local/lib/python3.9/site-packages/airflow/example_dags/example_kubernetes_executor.py
[2025-12-11T04:25:30.157+0000] {processor.py:830} INFO - Processing file /home/airflow/.local/lib/python3.9/site-packages/airflow/example_dags/example_kubernetes_executor.py for tasks to queue
[2025-12-11T04:25:30.160+0000] {logging_mixin.py:188} INFO - [2025-12-11T04:25:30.160+0000] {dagbag.py:545} INFO - Filling up the DagBag from /home/airflow/.local/lib/python3.9/site-packages/airflow/example_dags/example_kubernetes_executor.py
[2025-12-11T04:25:30.180+0000] {processor.py:840} INFO - DAG(s) 'example_kubernetes_executor' retrieved from /home/airflow/.local/lib/python3.9/site-packages/airflow/example_dags/example_kubernetes_executor.py
[2025-12-11T04:25:30.280+0000] {logging_mixin.py:188} INFO - [2025-12-11T04:25:30.279+0000] {dag.py:3096} INFO - Sync 1 DAGs
[2025-12-11T04:25:30.319+0000] {logging_mixin.py:188} INFO - [2025-12-11T04:25:30.318+0000] {dag.py:3954} INFO - Setting next_dagrun for example_kubernetes_executor to None, run_after=None
[2025-12-11T04:25:30.362+0000] {processor.py:183} INFO - Processing /home/airflow/.local/lib/python3.9/site-packages/airflow/example_dags/example_kubernetes_executor.py took 0.221 seconds
[2025-12-11T04:26:00.525+0000] {processor.py:161} INFO - Started process (PID=1024) to work on /home/airflow/.local/lib/python3.9/site-packages/airflow/example_dags/example_kubernetes_executor.py
[2025-12-11T04:26:00.532+0000] {processor.py:830} INFO - Processing file /home/airflow/.local/lib/python3.9/site-packages/airflow/example_dags/example_kubernetes_executor.py for tasks to queue
[2025-12-11T04:26:00.535+0000] {logging_mixin.py:188} INFO - [2025-12-11T04:26:00.534+0000] {dagbag.py:545} INFO - Filling up the DagBag from /home/airflow/.local/lib/python3.9/site-packages/airflow/example_dags/example_kubernetes_executor.py
[2025-12-11T04:26:00.554+0000] {processor.py:840} INFO - DAG(s) 'example_kubernetes_executor' retrieved from /home/airflow/.local/lib/python3.9/site-packages/airflow/example_dags/example_kubernetes_executor.py
[2025-12-11T04:26:00.620+0000] {logging_mixin.py:188} INFO - [2025-12-11T04:26:00.620+0000] {dag.py:3096} INFO - Sync 1 DAGs
[2025-12-11T04:26:00.643+0000] {logging_mixin.py:188} INFO - [2025-12-11T04:26:00.642+0000] {dag.py:3954} INFO - Setting next_dagrun for example_kubernetes_executor to None, run_after=None
[2025-12-11T04:26:00.670+0000] {processor.py:183} INFO - Processing /home/airflow/.local/lib/python3.9/site-packages/airflow/example_dags/example_kubernetes_executor.py took 0.155 seconds
[2025-12-11T04:26:30.871+0000] {processor.py:161} INFO - Started process (PID=1090) to work on /home/airflow/.local/lib/python3.9/site-packages/airflow/example_dags/example_kubernetes_executor.py
[2025-12-11T04:26:30.880+0000] {processor.py:830} INFO - Processing file /home/airflow/.local/lib/python3.9/site-packages/airflow/example_dags/example_kubernetes_executor.py for tasks to queue
[2025-12-11T04:26:30.882+0000] {logging_mixin.py:188} INFO - [2025-12-11T04:26:30.882+0000] {dagbag.py:545} INFO - Filling up the DagBag from /home/airflow/.local/lib/python3.9/site-packages/airflow/example_dags/example_kubernetes_executor.py
[2025-12-11T04:26:30.902+0000] {processor.py:840} INFO - DAG(s) 'example_kubernetes_executor' retrieved from /home/airflow/.local/lib/python3.9/site-packages/airflow/example_dags/example_kubernetes_executor.py
[2025-12-11T04:26:30.997+0000] {logging_mixin.py:188} INFO - [2025-12-11T04:26:30.987+0000] {dag.py:3096} INFO - Sync 1 DAGs
[2025-12-11T04:26:31.040+0000] {logging_mixin.py:188} INFO - [2025-12-11T04:26:31.039+0000] {dag.py:3954} INFO - Setting next_dagrun for example_kubernetes_executor to None, run_after=None
[2025-12-11T04:26:31.121+0000] {processor.py:183} INFO - Processing /home/airflow/.local/lib/python3.9/site-packages/airflow/example_dags/example_kubernetes_executor.py took 0.259 seconds
[2025-12-11T04:27:02.404+0000] {processor.py:161} INFO - Started process (PID=1163) to work on /home/airflow/.local/lib/python3.9/site-packages/airflow/example_dags/example_kubernetes_executor.py
[2025-12-11T04:27:02.413+0000] {processor.py:830} INFO - Processing file /home/airflow/.local/lib/python3.9/site-packages/airflow/example_dags/example_kubernetes_executor.py for tasks to queue
[2025-12-11T04:27:02.416+0000] {logging_mixin.py:188} INFO - [2025-12-11T04:27:02.415+0000] {dagbag.py:545} INFO - Filling up the DagBag from /home/airflow/.local/lib/python3.9/site-packages/airflow/example_dags/example_kubernetes_executor.py
[2025-12-11T04:27:02.435+0000] {processor.py:840} INFO - DAG(s) 'example_kubernetes_executor' retrieved from /home/airflow/.local/lib/python3.9/site-packages/airflow/example_dags/example_kubernetes_executor.py
[2025-12-11T04:27:02.498+0000] {logging_mixin.py:188} INFO - [2025-12-11T04:27:02.498+0000] {dag.py:3096} INFO - Sync 1 DAGs
[2025-12-11T04:27:02.519+0000] {logging_mixin.py:188} INFO - [2025-12-11T04:27:02.518+0000] {dag.py:3954} INFO - Setting next_dagrun for example_kubernetes_executor to None, run_after=None
[2025-12-11T04:27:02.555+0000] {processor.py:183} INFO - Processing /home/airflow/.local/lib/python3.9/site-packages/airflow/example_dags/example_kubernetes_executor.py took 0.164 seconds
[2025-12-11T04:27:33.226+0000] {processor.py:161} INFO - Started process (PID=1229) to work on /home/airflow/.local/lib/python3.9/site-packages/airflow/example_dags/example_kubernetes_executor.py
[2025-12-11T04:27:33.237+0000] {processor.py:830} INFO - Processing file /home/airflow/.local/lib/python3.9/site-packages/airflow/example_dags/example_kubernetes_executor.py for tasks to queue
[2025-12-11T04:27:33.240+0000] {logging_mixin.py:188} INFO - [2025-12-11T04:27:33.239+0000] {dagbag.py:545} INFO - Filling up the DagBag from /home/airflow/.local/lib/python3.9/site-packages/airflow/example_dags/example_kubernetes_executor.py
[2025-12-11T04:27:33.277+0000] {processor.py:840} INFO - DAG(s) 'example_kubernetes_executor' retrieved from /home/airflow/.local/lib/python3.9/site-packages/airflow/example_dags/example_kubernetes_executor.py
[2025-12-11T04:27:33.424+0000] {logging_mixin.py:188} INFO - [2025-12-11T04:27:33.423+0000] {dag.py:3096} INFO - Sync 1 DAGs
[2025-12-11T04:27:33.506+0000] {logging_mixin.py:188} INFO - [2025-12-11T04:27:33.505+0000] {dag.py:3954} INFO - Setting next_dagrun for example_kubernetes_executor to None, run_after=None
[2025-12-11T04:27:33.621+0000] {processor.py:183} INFO - Processing /home/airflow/.local/lib/python3.9/site-packages/airflow/example_dags/example_kubernetes_executor.py took 0.416 seconds
[2025-12-11T04:28:04.522+0000] {processor.py:161} INFO - Started process (PID=1295) to work on /home/airflow/.local/lib/python3.9/site-packages/airflow/example_dags/example_kubernetes_executor.py
[2025-12-11T04:28:04.524+0000] {processor.py:830} INFO - Processing file /home/airflow/.local/lib/python3.9/site-packages/airflow/example_dags/example_kubernetes_executor.py for tasks to queue
[2025-12-11T04:28:04.527+0000] {logging_mixin.py:188} INFO - [2025-12-11T04:28:04.526+0000] {dagbag.py:545} INFO - Filling up the DagBag from /home/airflow/.local/lib/python3.9/site-packages/airflow/example_dags/example_kubernetes_executor.py
[2025-12-11T04:28:04.618+0000] {processor.py:840} INFO - DAG(s) 'example_kubernetes_executor' retrieved from /home/airflow/.local/lib/python3.9/site-packages/airflow/example_dags/example_kubernetes_executor.py
[2025-12-11T04:28:04.742+0000] {logging_mixin.py:188} INFO - [2025-12-11T04:28:04.742+0000] {dag.py:3096} INFO - Sync 1 DAGs
[2025-12-11T04:28:04.779+0000] {logging_mixin.py:188} INFO - [2025-12-11T04:28:04.778+0000] {dag.py:3954} INFO - Setting next_dagrun for example_kubernetes_executor to None, run_after=None
[2025-12-11T04:28:04.880+0000] {processor.py:183} INFO - Processing /home/airflow/.local/lib/python3.9/site-packages/airflow/example_dags/example_kubernetes_executor.py took 0.382 seconds
[2025-12-11T04:28:35.683+0000] {processor.py:161} INFO - Started process (PID=1361) to work on /home/airflow/.local/lib/python3.9/site-packages/airflow/example_dags/example_kubernetes_executor.py
[2025-12-11T04:28:35.685+0000] {processor.py:830} INFO - Processing file /home/airflow/.local/lib/python3.9/site-packages/airflow/example_dags/example_kubernetes_executor.py for tasks to queue
[2025-12-11T04:28:35.687+0000] {logging_mixin.py:188} INFO - [2025-12-11T04:28:35.687+0000] {dagbag.py:545} INFO - Filling up the DagBag from /home/airflow/.local/lib/python3.9/site-packages/airflow/example_dags/example_kubernetes_executor.py
[2025-12-11T04:28:35.725+0000] {processor.py:840} INFO - DAG(s) 'example_kubernetes_executor' retrieved from /home/airflow/.local/lib/python3.9/site-packages/airflow/example_dags/example_kubernetes_executor.py
[2025-12-11T04:28:35.958+0000] {logging_mixin.py:188} INFO - [2025-12-11T04:28:35.957+0000] {dag.py:3096} INFO - Sync 1 DAGs
[2025-12-11T04:28:36.038+0000] {logging_mixin.py:188} INFO - [2025-12-11T04:28:36.038+0000] {dag.py:3954} INFO - Setting next_dagrun for example_kubernetes_executor to None, run_after=None
[2025-12-11T04:28:36.122+0000] {processor.py:183} INFO - Processing /home/airflow/.local/lib/python3.9/site-packages/airflow/example_dags/example_kubernetes_executor.py took 0.464 seconds
[2025-12-11T04:29:06.477+0000] {processor.py:161} INFO - Started process (PID=1427) to work on /home/airflow/.local/lib/python3.9/site-packages/airflow/example_dags/example_kubernetes_executor.py
[2025-12-11T04:29:06.479+0000] {processor.py:830} INFO - Processing file /home/airflow/.local/lib/python3.9/site-packages/airflow/example_dags/example_kubernetes_executor.py for tasks to queue
[2025-12-11T04:29:06.482+0000] {logging_mixin.py:188} INFO - [2025-12-11T04:29:06.481+0000] {dagbag.py:545} INFO - Filling up the DagBag from /home/airflow/.local/lib/python3.9/site-packages/airflow/example_dags/example_kubernetes_executor.py
[2025-12-11T04:29:06.522+0000] {processor.py:840} INFO - DAG(s) 'example_kubernetes_executor' retrieved from /home/airflow/.local/lib/python3.9/site-packages/airflow/example_dags/example_kubernetes_executor.py
[2025-12-11T04:29:06.648+0000] {logging_mixin.py:188} INFO - [2025-12-11T04:29:06.647+0000] {dag.py:3096} INFO - Sync 1 DAGs
[2025-12-11T04:29:06.717+0000] {logging_mixin.py:188} INFO - [2025-12-11T04:29:06.707+0000] {dag.py:3954} INFO - Setting next_dagrun for example_kubernetes_executor to None, run_after=None
[2025-12-11T04:29:06.817+0000] {processor.py:183} INFO - Processing /home/airflow/.local/lib/python3.9/site-packages/airflow/example_dags/example_kubernetes_executor.py took 0.360 seconds
[2025-12-11T04:29:37.263+0000] {processor.py:161} INFO - Started process (PID=1493) to work on /home/airflow/.local/lib/python3.9/site-packages/airflow/example_dags/example_kubernetes_executor.py
[2025-12-11T04:29:37.325+0000] {processor.py:830} INFO - Processing file /home/airflow/.local/lib/python3.9/site-packages/airflow/example_dags/example_kubernetes_executor.py for tasks to queue
[2025-12-11T04:29:37.329+0000] {logging_mixin.py:188} INFO - [2025-12-11T04:29:37.328+0000] {dagbag.py:545} INFO - Filling up the DagBag from /home/airflow/.local/lib/python3.9/site-packages/airflow/example_dags/example_kubernetes_executor.py
[2025-12-11T04:29:37.403+0000] {processor.py:840} INFO - DAG(s) 'example_kubernetes_executor' retrieved from /home/airflow/.local/lib/python3.9/site-packages/airflow/example_dags/example_kubernetes_executor.py
[2025-12-11T04:29:37.566+0000] {logging_mixin.py:188} INFO - [2025-12-11T04:29:37.566+0000] {dag.py:3096} INFO - Sync 1 DAGs
[2025-12-11T04:29:37.637+0000] {logging_mixin.py:188} INFO - [2025-12-11T04:29:37.622+0000] {dag.py:3954} INFO - Setting next_dagrun for example_kubernetes_executor to None, run_after=None
[2025-12-11T04:29:37.719+0000] {processor.py:183} INFO - Processing /home/airflow/.local/lib/python3.9/site-packages/airflow/example_dags/example_kubernetes_executor.py took 0.489 seconds
[2025-12-11T04:30:08.199+0000] {processor.py:161} INFO - Started process (PID=1559) to work on /home/airflow/.local/lib/python3.9/site-packages/airflow/example_dags/example_kubernetes_executor.py
[2025-12-11T04:30:08.223+0000] {processor.py:830} INFO - Processing file /home/airflow/.local/lib/python3.9/site-packages/airflow/example_dags/example_kubernetes_executor.py for tasks to queue
[2025-12-11T04:30:08.226+0000] {logging_mixin.py:188} INFO - [2025-12-11T04:30:08.226+0000] {dagbag.py:545} INFO - Filling up the DagBag from /home/airflow/.local/lib/python3.9/site-packages/airflow/example_dags/example_kubernetes_executor.py
[2025-12-11T04:30:08.263+0000] {processor.py:840} INFO - DAG(s) 'example_kubernetes_executor' retrieved from /home/airflow/.local/lib/python3.9/site-packages/airflow/example_dags/example_kubernetes_executor.py
[2025-12-11T04:30:08.388+0000] {logging_mixin.py:188} INFO - [2025-12-11T04:30:08.387+0000] {dag.py:3096} INFO - Sync 1 DAGs
[2025-12-11T04:30:08.507+0000] {logging_mixin.py:188} INFO - [2025-12-11T04:30:08.507+0000] {dag.py:3954} INFO - Setting next_dagrun for example_kubernetes_executor to None, run_after=None
[2025-12-11T04:30:08.584+0000] {processor.py:183} INFO - Processing /home/airflow/.local/lib/python3.9/site-packages/airflow/example_dags/example_kubernetes_executor.py took 0.420 seconds
[2025-12-11T04:30:39.659+0000] {processor.py:161} INFO - Started process (PID=1624) to work on /home/airflow/.local/lib/python3.9/site-packages/airflow/example_dags/example_kubernetes_executor.py
[2025-12-11T04:30:39.663+0000] {processor.py:830} INFO - Processing file /home/airflow/.local/lib/python3.9/site-packages/airflow/example_dags/example_kubernetes_executor.py for tasks to queue
[2025-12-11T04:30:39.667+0000] {logging_mixin.py:188} INFO - [2025-12-11T04:30:39.666+0000] {dagbag.py:545} INFO - Filling up the DagBag from /home/airflow/.local/lib/python3.9/site-packages/airflow/example_dags/example_kubernetes_executor.py
[2025-12-11T04:30:39.695+0000] {processor.py:840} INFO - DAG(s) 'example_kubernetes_executor' retrieved from /home/airflow/.local/lib/python3.9/site-packages/airflow/example_dags/example_kubernetes_executor.py
[2025-12-11T04:30:39.781+0000] {logging_mixin.py:188} INFO - [2025-12-11T04:30:39.781+0000] {dag.py:3096} INFO - Sync 1 DAGs
[2025-12-11T04:30:39.804+0000] {logging_mixin.py:188} INFO - [2025-12-11T04:30:39.803+0000] {dag.py:3954} INFO - Setting next_dagrun for example_kubernetes_executor to None, run_after=None
[2025-12-11T04:30:39.836+0000] {processor.py:183} INFO - Processing /home/airflow/.local/lib/python3.9/site-packages/airflow/example_dags/example_kubernetes_executor.py took 0.196 seconds
[2025-12-11T04:31:10.065+0000] {processor.py:161} INFO - Started process (PID=1690) to work on /home/airflow/.local/lib/python3.9/site-packages/airflow/example_dags/example_kubernetes_executor.py
[2025-12-11T04:31:10.067+0000] {processor.py:830} INFO - Processing file /home/airflow/.local/lib/python3.9/site-packages/airflow/example_dags/example_kubernetes_executor.py for tasks to queue
[2025-12-11T04:31:10.077+0000] {logging_mixin.py:188} INFO - [2025-12-11T04:31:10.077+0000] {dagbag.py:545} INFO - Filling up the DagBag from /home/airflow/.local/lib/python3.9/site-packages/airflow/example_dags/example_kubernetes_executor.py
[2025-12-11T04:31:10.107+0000] {processor.py:840} INFO - DAG(s) 'example_kubernetes_executor' retrieved from /home/airflow/.local/lib/python3.9/site-packages/airflow/example_dags/example_kubernetes_executor.py
[2025-12-11T04:31:10.225+0000] {logging_mixin.py:188} INFO - [2025-12-11T04:31:10.224+0000] {dag.py:3096} INFO - Sync 1 DAGs
[2025-12-11T04:31:10.258+0000] {logging_mixin.py:188} INFO - [2025-12-11T04:31:10.258+0000] {dag.py:3954} INFO - Setting next_dagrun for example_kubernetes_executor to None, run_after=None
[2025-12-11T04:31:10.305+0000] {processor.py:183} INFO - Processing /home/airflow/.local/lib/python3.9/site-packages/airflow/example_dags/example_kubernetes_executor.py took 0.258 seconds
[2025-12-11T04:31:40.541+0000] {processor.py:161} INFO - Started process (PID=1756) to work on /home/airflow/.local/lib/python3.9/site-packages/airflow/example_dags/example_kubernetes_executor.py
[2025-12-11T04:31:40.543+0000] {processor.py:830} INFO - Processing file /home/airflow/.local/lib/python3.9/site-packages/airflow/example_dags/example_kubernetes_executor.py for tasks to queue
[2025-12-11T04:31:40.545+0000] {logging_mixin.py:188} INFO - [2025-12-11T04:31:40.545+0000] {dagbag.py:545} INFO - Filling up the DagBag from /home/airflow/.local/lib/python3.9/site-packages/airflow/example_dags/example_kubernetes_executor.py
[2025-12-11T04:31:40.570+0000] {processor.py:840} INFO - DAG(s) 'example_kubernetes_executor' retrieved from /home/airflow/.local/lib/python3.9/site-packages/airflow/example_dags/example_kubernetes_executor.py
[2025-12-11T04:31:40.680+0000] {logging_mixin.py:188} INFO - [2025-12-11T04:31:40.679+0000] {dag.py:3096} INFO - Sync 1 DAGs
[2025-12-11T04:31:40.705+0000] {logging_mixin.py:188} INFO - [2025-12-11T04:31:40.704+0000] {dag.py:3954} INFO - Setting next_dagrun for example_kubernetes_executor to None, run_after=None
[2025-12-11T04:31:40.762+0000] {processor.py:183} INFO - Processing /home/airflow/.local/lib/python3.9/site-packages/airflow/example_dags/example_kubernetes_executor.py took 0.239 seconds
[2025-12-11T04:32:11.005+0000] {processor.py:161} INFO - Started process (PID=1822) to work on /home/airflow/.local/lib/python3.9/site-packages/airflow/example_dags/example_kubernetes_executor.py
[2025-12-11T04:32:11.007+0000] {processor.py:830} INFO - Processing file /home/airflow/.local/lib/python3.9/site-packages/airflow/example_dags/example_kubernetes_executor.py for tasks to queue
[2025-12-11T04:32:11.019+0000] {logging_mixin.py:188} INFO - [2025-12-11T04:32:11.018+0000] {dagbag.py:545} INFO - Filling up the DagBag from /home/airflow/.local/lib/python3.9/site-packages/airflow/example_dags/example_kubernetes_executor.py
[2025-12-11T04:32:11.046+0000] {processor.py:840} INFO - DAG(s) 'example_kubernetes_executor' retrieved from /home/airflow/.local/lib/python3.9/site-packages/airflow/example_dags/example_kubernetes_executor.py
[2025-12-11T04:32:11.166+0000] {logging_mixin.py:188} INFO - [2025-12-11T04:32:11.166+0000] {dag.py:3096} INFO - Sync 1 DAGs
[2025-12-11T04:32:11.209+0000] {logging_mixin.py:188} INFO - [2025-12-11T04:32:11.208+0000] {dag.py:3954} INFO - Setting next_dagrun for example_kubernetes_executor to None, run_after=None
[2025-12-11T04:32:11.267+0000] {processor.py:183} INFO - Processing /home/airflow/.local/lib/python3.9/site-packages/airflow/example_dags/example_kubernetes_executor.py took 0.278 seconds
[2025-12-11T04:32:41.794+0000] {processor.py:161} INFO - Started process (PID=1888) to work on /home/airflow/.local/lib/python3.9/site-packages/airflow/example_dags/example_kubernetes_executor.py
[2025-12-11T04:32:41.824+0000] {processor.py:830} INFO - Processing file /home/airflow/.local/lib/python3.9/site-packages/airflow/example_dags/example_kubernetes_executor.py for tasks to queue
[2025-12-11T04:32:41.827+0000] {logging_mixin.py:188} INFO - [2025-12-11T04:32:41.827+0000] {dagbag.py:545} INFO - Filling up the DagBag from /home/airflow/.local/lib/python3.9/site-packages/airflow/example_dags/example_kubernetes_executor.py
[2025-12-11T04:32:41.846+0000] {processor.py:840} INFO - DAG(s) 'example_kubernetes_executor' retrieved from /home/airflow/.local/lib/python3.9/site-packages/airflow/example_dags/example_kubernetes_executor.py
[2025-12-11T04:32:41.928+0000] {logging_mixin.py:188} INFO - [2025-12-11T04:32:41.928+0000] {dag.py:3096} INFO - Sync 1 DAGs
[2025-12-11T04:32:41.961+0000] {logging_mixin.py:188} INFO - [2025-12-11T04:32:41.960+0000] {dag.py:3954} INFO - Setting next_dagrun for example_kubernetes_executor to None, run_after=None
[2025-12-11T04:32:42.001+0000] {processor.py:183} INFO - Processing /home/airflow/.local/lib/python3.9/site-packages/airflow/example_dags/example_kubernetes_executor.py took 0.216 seconds
[2025-12-11T04:33:12.320+0000] {processor.py:161} INFO - Started process (PID=1954) to work on /home/airflow/.local/lib/python3.9/site-packages/airflow/example_dags/example_kubernetes_executor.py
[2025-12-11T04:33:12.322+0000] {processor.py:830} INFO - Processing file /home/airflow/.local/lib/python3.9/site-packages/airflow/example_dags/example_kubernetes_executor.py for tasks to queue
[2025-12-11T04:33:12.325+0000] {logging_mixin.py:188} INFO - [2025-12-11T04:33:12.324+0000] {dagbag.py:545} INFO - Filling up the DagBag from /home/airflow/.local/lib/python3.9/site-packages/airflow/example_dags/example_kubernetes_executor.py
[2025-12-11T04:33:12.344+0000] {processor.py:840} INFO - DAG(s) 'example_kubernetes_executor' retrieved from /home/airflow/.local/lib/python3.9/site-packages/airflow/example_dags/example_kubernetes_executor.py
[2025-12-11T04:33:12.406+0000] {logging_mixin.py:188} INFO - [2025-12-11T04:33:12.406+0000] {dag.py:3096} INFO - Sync 1 DAGs
[2025-12-11T04:33:12.424+0000] {logging_mixin.py:188} INFO - [2025-12-11T04:33:12.424+0000] {dag.py:3954} INFO - Setting next_dagrun for example_kubernetes_executor to None, run_after=None
[2025-12-11T04:33:12.448+0000] {processor.py:183} INFO - Processing /home/airflow/.local/lib/python3.9/site-packages/airflow/example_dags/example_kubernetes_executor.py took 0.138 seconds
[2025-12-11T04:33:43.987+0000] {processor.py:161} INFO - Started process (PID=2021) to work on /home/airflow/.local/lib/python3.9/site-packages/airflow/example_dags/example_kubernetes_executor.py
[2025-12-11T04:33:44.045+0000] {processor.py:830} INFO - Processing file /home/airflow/.local/lib/python3.9/site-packages/airflow/example_dags/example_kubernetes_executor.py for tasks to queue
[2025-12-11T04:33:44.049+0000] {logging_mixin.py:188} INFO - [2025-12-11T04:33:44.049+0000] {dagbag.py:545} INFO - Filling up the DagBag from /home/airflow/.local/lib/python3.9/site-packages/airflow/example_dags/example_kubernetes_executor.py
[2025-12-11T04:33:44.096+0000] {processor.py:840} INFO - DAG(s) 'example_kubernetes_executor' retrieved from /home/airflow/.local/lib/python3.9/site-packages/airflow/example_dags/example_kubernetes_executor.py
[2025-12-11T04:33:44.199+0000] {logging_mixin.py:188} INFO - [2025-12-11T04:33:44.199+0000] {dag.py:3096} INFO - Sync 1 DAGs
[2025-12-11T04:33:44.224+0000] {logging_mixin.py:188} INFO - [2025-12-11T04:33:44.223+0000] {dag.py:3954} INFO - Setting next_dagrun for example_kubernetes_executor to None, run_after=None
[2025-12-11T04:33:44.386+0000] {processor.py:183} INFO - Processing /home/airflow/.local/lib/python3.9/site-packages/airflow/example_dags/example_kubernetes_executor.py took 0.421 seconds
[2025-12-11T04:34:15.400+0000] {processor.py:161} INFO - Started process (PID=2089) to work on /home/airflow/.local/lib/python3.9/site-packages/airflow/example_dags/example_kubernetes_executor.py
[2025-12-11T04:34:15.407+0000] {processor.py:830} INFO - Processing file /home/airflow/.local/lib/python3.9/site-packages/airflow/example_dags/example_kubernetes_executor.py for tasks to queue
[2025-12-11T04:34:15.419+0000] {logging_mixin.py:188} INFO - [2025-12-11T04:34:15.418+0000] {dagbag.py:545} INFO - Filling up the DagBag from /home/airflow/.local/lib/python3.9/site-packages/airflow/example_dags/example_kubernetes_executor.py
[2025-12-11T04:34:15.446+0000] {processor.py:840} INFO - DAG(s) 'example_kubernetes_executor' retrieved from /home/airflow/.local/lib/python3.9/site-packages/airflow/example_dags/example_kubernetes_executor.py
[2025-12-11T04:34:15.544+0000] {logging_mixin.py:188} INFO - [2025-12-11T04:34:15.543+0000] {dag.py:3096} INFO - Sync 1 DAGs
[2025-12-11T04:34:15.580+0000] {logging_mixin.py:188} INFO - [2025-12-11T04:34:15.579+0000] {dag.py:3954} INFO - Setting next_dagrun for example_kubernetes_executor to None, run_after=None
[2025-12-11T04:34:15.625+0000] {processor.py:183} INFO - Processing /home/airflow/.local/lib/python3.9/site-packages/airflow/example_dags/example_kubernetes_executor.py took 0.238 seconds
[2025-12-11T04:34:46.446+0000] {processor.py:161} INFO - Started process (PID=2156) to work on /home/airflow/.local/lib/python3.9/site-packages/airflow/example_dags/example_kubernetes_executor.py
[2025-12-11T04:34:46.448+0000] {processor.py:830} INFO - Processing file /home/airflow/.local/lib/python3.9/site-packages/airflow/example_dags/example_kubernetes_executor.py for tasks to queue
[2025-12-11T04:34:46.459+0000] {logging_mixin.py:188} INFO - [2025-12-11T04:34:46.451+0000] {dagbag.py:545} INFO - Filling up the DagBag from /home/airflow/.local/lib/python3.9/site-packages/airflow/example_dags/example_kubernetes_executor.py
[2025-12-11T04:34:46.495+0000] {processor.py:840} INFO - DAG(s) 'example_kubernetes_executor' retrieved from /home/airflow/.local/lib/python3.9/site-packages/airflow/example_dags/example_kubernetes_executor.py
[2025-12-11T04:34:46.587+0000] {logging_mixin.py:188} INFO - [2025-12-11T04:34:46.587+0000] {dag.py:3096} INFO - Sync 1 DAGs
[2025-12-11T04:34:46.621+0000] {logging_mixin.py:188} INFO - [2025-12-11T04:34:46.620+0000] {dag.py:3954} INFO - Setting next_dagrun for example_kubernetes_executor to None, run_after=None
[2025-12-11T04:34:46.667+0000] {processor.py:183} INFO - Processing /home/airflow/.local/lib/python3.9/site-packages/airflow/example_dags/example_kubernetes_executor.py took 0.236 seconds
[2025-12-11T04:35:17.444+0000] {processor.py:161} INFO - Started process (PID=2223) to work on /home/airflow/.local/lib/python3.9/site-packages/airflow/example_dags/example_kubernetes_executor.py
[2025-12-11T04:35:17.445+0000] {processor.py:830} INFO - Processing file /home/airflow/.local/lib/python3.9/site-packages/airflow/example_dags/example_kubernetes_executor.py for tasks to queue
[2025-12-11T04:35:17.448+0000] {logging_mixin.py:188} INFO - [2025-12-11T04:35:17.448+0000] {dagbag.py:545} INFO - Filling up the DagBag from /home/airflow/.local/lib/python3.9/site-packages/airflow/example_dags/example_kubernetes_executor.py
[2025-12-11T04:35:17.480+0000] {processor.py:840} INFO - DAG(s) 'example_kubernetes_executor' retrieved from /home/airflow/.local/lib/python3.9/site-packages/airflow/example_dags/example_kubernetes_executor.py
[2025-12-11T04:35:17.551+0000] {logging_mixin.py:188} INFO - [2025-12-11T04:35:17.551+0000] {dag.py:3096} INFO - Sync 1 DAGs
[2025-12-11T04:35:17.574+0000] {logging_mixin.py:188} INFO - [2025-12-11T04:35:17.573+0000] {dag.py:3954} INFO - Setting next_dagrun for example_kubernetes_executor to None, run_after=None
[2025-12-11T04:35:17.604+0000] {processor.py:183} INFO - Processing /home/airflow/.local/lib/python3.9/site-packages/airflow/example_dags/example_kubernetes_executor.py took 0.172 seconds
[2025-12-11T04:35:48.238+0000] {processor.py:161} INFO - Started process (PID=2298) to work on /home/airflow/.local/lib/python3.9/site-packages/airflow/example_dags/example_kubernetes_executor.py
[2025-12-11T04:35:48.249+0000] {processor.py:830} INFO - Processing file /home/airflow/.local/lib/python3.9/site-packages/airflow/example_dags/example_kubernetes_executor.py for tasks to queue
[2025-12-11T04:35:48.253+0000] {logging_mixin.py:188} INFO - [2025-12-11T04:35:48.252+0000] {dagbag.py:545} INFO - Filling up the DagBag from /home/airflow/.local/lib/python3.9/site-packages/airflow/example_dags/example_kubernetes_executor.py
[2025-12-11T04:35:48.288+0000] {processor.py:840} INFO - DAG(s) 'example_kubernetes_executor' retrieved from /home/airflow/.local/lib/python3.9/site-packages/airflow/example_dags/example_kubernetes_executor.py
[2025-12-11T04:35:48.399+0000] {logging_mixin.py:188} INFO - [2025-12-11T04:35:48.399+0000] {dag.py:3096} INFO - Sync 1 DAGs
[2025-12-11T04:35:48.439+0000] {logging_mixin.py:188} INFO - [2025-12-11T04:35:48.439+0000] {dag.py:3954} INFO - Setting next_dagrun for example_kubernetes_executor to None, run_after=None
[2025-12-11T04:35:48.644+0000] {processor.py:183} INFO - Processing /home/airflow/.local/lib/python3.9/site-packages/airflow/example_dags/example_kubernetes_executor.py took 0.425 seconds
[2025-12-11T04:36:18.781+0000] {processor.py:161} INFO - Started process (PID=2358) to work on /home/airflow/.local/lib/python3.9/site-packages/airflow/example_dags/example_kubernetes_executor.py
[2025-12-11T04:36:18.789+0000] {processor.py:830} INFO - Processing file /home/airflow/.local/lib/python3.9/site-packages/airflow/example_dags/example_kubernetes_executor.py for tasks to queue
[2025-12-11T04:36:18.792+0000] {logging_mixin.py:188} INFO - [2025-12-11T04:36:18.791+0000] {dagbag.py:545} INFO - Filling up the DagBag from /home/airflow/.local/lib/python3.9/site-packages/airflow/example_dags/example_kubernetes_executor.py
[2025-12-11T04:36:18.818+0000] {processor.py:840} INFO - DAG(s) 'example_kubernetes_executor' retrieved from /home/airflow/.local/lib/python3.9/site-packages/airflow/example_dags/example_kubernetes_executor.py
[2025-12-11T04:36:18.938+0000] {logging_mixin.py:188} INFO - [2025-12-11T04:36:18.938+0000] {dag.py:3096} INFO - Sync 1 DAGs
[2025-12-11T04:36:18.968+0000] {logging_mixin.py:188} INFO - [2025-12-11T04:36:18.967+0000] {dag.py:3954} INFO - Setting next_dagrun for example_kubernetes_executor to None, run_after=None
[2025-12-11T04:36:19.017+0000] {processor.py:183} INFO - Processing /home/airflow/.local/lib/python3.9/site-packages/airflow/example_dags/example_kubernetes_executor.py took 0.248 seconds
[2025-12-11T04:36:49.473+0000] {processor.py:161} INFO - Started process (PID=2425) to work on /home/airflow/.local/lib/python3.9/site-packages/airflow/example_dags/example_kubernetes_executor.py
[2025-12-11T04:36:49.474+0000] {processor.py:830} INFO - Processing file /home/airflow/.local/lib/python3.9/site-packages/airflow/example_dags/example_kubernetes_executor.py for tasks to queue
[2025-12-11T04:36:49.479+0000] {logging_mixin.py:188} INFO - [2025-12-11T04:36:49.479+0000] {dagbag.py:545} INFO - Filling up the DagBag from /home/airflow/.local/lib/python3.9/site-packages/airflow/example_dags/example_kubernetes_executor.py
[2025-12-11T04:36:49.499+0000] {processor.py:840} INFO - DAG(s) 'example_kubernetes_executor' retrieved from /home/airflow/.local/lib/python3.9/site-packages/airflow/example_dags/example_kubernetes_executor.py
[2025-12-11T04:36:49.582+0000] {logging_mixin.py:188} INFO - [2025-12-11T04:36:49.582+0000] {dag.py:3096} INFO - Sync 1 DAGs
[2025-12-11T04:36:49.609+0000] {logging_mixin.py:188} INFO - [2025-12-11T04:36:49.608+0000] {dag.py:3954} INFO - Setting next_dagrun for example_kubernetes_executor to None, run_after=None
[2025-12-11T04:36:49.650+0000] {processor.py:183} INFO - Processing /home/airflow/.local/lib/python3.9/site-packages/airflow/example_dags/example_kubernetes_executor.py took 0.187 seconds
[2025-12-11T04:37:20.127+0000] {processor.py:161} INFO - Started process (PID=2492) to work on /home/airflow/.local/lib/python3.9/site-packages/airflow/example_dags/example_kubernetes_executor.py
[2025-12-11T04:37:20.131+0000] {processor.py:830} INFO - Processing file /home/airflow/.local/lib/python3.9/site-packages/airflow/example_dags/example_kubernetes_executor.py for tasks to queue
[2025-12-11T04:37:20.135+0000] {logging_mixin.py:188} INFO - [2025-12-11T04:37:20.134+0000] {dagbag.py:545} INFO - Filling up the DagBag from /home/airflow/.local/lib/python3.9/site-packages/airflow/example_dags/example_kubernetes_executor.py
[2025-12-11T04:37:20.163+0000] {processor.py:840} INFO - DAG(s) 'example_kubernetes_executor' retrieved from /home/airflow/.local/lib/python3.9/site-packages/airflow/example_dags/example_kubernetes_executor.py
[2025-12-11T04:37:20.239+0000] {logging_mixin.py:188} INFO - [2025-12-11T04:37:20.238+0000] {dag.py:3096} INFO - Sync 1 DAGs
[2025-12-11T04:37:20.263+0000] {logging_mixin.py:188} INFO - [2025-12-11T04:37:20.263+0000] {dag.py:3954} INFO - Setting next_dagrun for example_kubernetes_executor to None, run_after=None
[2025-12-11T04:37:20.295+0000] {processor.py:183} INFO - Processing /home/airflow/.local/lib/python3.9/site-packages/airflow/example_dags/example_kubernetes_executor.py took 0.181 seconds
[2025-12-11T04:37:51.077+0000] {processor.py:161} INFO - Started process (PID=2558) to work on /home/airflow/.local/lib/python3.9/site-packages/airflow/example_dags/example_kubernetes_executor.py
[2025-12-11T04:37:51.079+0000] {processor.py:830} INFO - Processing file /home/airflow/.local/lib/python3.9/site-packages/airflow/example_dags/example_kubernetes_executor.py for tasks to queue
[2025-12-11T04:37:51.082+0000] {logging_mixin.py:188} INFO - [2025-12-11T04:37:51.082+0000] {dagbag.py:545} INFO - Filling up the DagBag from /home/airflow/.local/lib/python3.9/site-packages/airflow/example_dags/example_kubernetes_executor.py
[2025-12-11T04:37:51.112+0000] {processor.py:840} INFO - DAG(s) 'example_kubernetes_executor' retrieved from /home/airflow/.local/lib/python3.9/site-packages/airflow/example_dags/example_kubernetes_executor.py
[2025-12-11T04:37:51.211+0000] {logging_mixin.py:188} INFO - [2025-12-11T04:37:51.210+0000] {dag.py:3096} INFO - Sync 1 DAGs
[2025-12-11T04:37:51.243+0000] {logging_mixin.py:188} INFO - [2025-12-11T04:37:51.242+0000] {dag.py:3954} INFO - Setting next_dagrun for example_kubernetes_executor to None, run_after=None
[2025-12-11T04:37:51.284+0000] {processor.py:183} INFO - Processing /home/airflow/.local/lib/python3.9/site-packages/airflow/example_dags/example_kubernetes_executor.py took 0.220 seconds
[2025-12-11T04:38:22.143+0000] {processor.py:161} INFO - Started process (PID=2625) to work on /home/airflow/.local/lib/python3.9/site-packages/airflow/example_dags/example_kubernetes_executor.py
[2025-12-11T04:38:22.177+0000] {processor.py:830} INFO - Processing file /home/airflow/.local/lib/python3.9/site-packages/airflow/example_dags/example_kubernetes_executor.py for tasks to queue
[2025-12-11T04:38:22.180+0000] {logging_mixin.py:188} INFO - [2025-12-11T04:38:22.179+0000] {dagbag.py:545} INFO - Filling up the DagBag from /home/airflow/.local/lib/python3.9/site-packages/airflow/example_dags/example_kubernetes_executor.py
[2025-12-11T04:38:22.200+0000] {processor.py:840} INFO - DAG(s) 'example_kubernetes_executor' retrieved from /home/airflow/.local/lib/python3.9/site-packages/airflow/example_dags/example_kubernetes_executor.py
[2025-12-11T04:38:22.267+0000] {logging_mixin.py:188} INFO - [2025-12-11T04:38:22.266+0000] {dag.py:3096} INFO - Sync 1 DAGs
[2025-12-11T04:38:22.288+0000] {logging_mixin.py:188} INFO - [2025-12-11T04:38:22.288+0000] {dag.py:3954} INFO - Setting next_dagrun for example_kubernetes_executor to None, run_after=None
[2025-12-11T04:38:22.330+0000] {processor.py:183} INFO - Processing /home/airflow/.local/lib/python3.9/site-packages/airflow/example_dags/example_kubernetes_executor.py took 0.201 seconds
[2025-12-11T04:38:52.726+0000] {processor.py:161} INFO - Started process (PID=2692) to work on /home/airflow/.local/lib/python3.9/site-packages/airflow/example_dags/example_kubernetes_executor.py
[2025-12-11T04:38:52.728+0000] {processor.py:830} INFO - Processing file /home/airflow/.local/lib/python3.9/site-packages/airflow/example_dags/example_kubernetes_executor.py for tasks to queue
[2025-12-11T04:38:52.731+0000] {logging_mixin.py:188} INFO - [2025-12-11T04:38:52.730+0000] {dagbag.py:545} INFO - Filling up the DagBag from /home/airflow/.local/lib/python3.9/site-packages/airflow/example_dags/example_kubernetes_executor.py
[2025-12-11T04:38:52.752+0000] {processor.py:840} INFO - DAG(s) 'example_kubernetes_executor' retrieved from /home/airflow/.local/lib/python3.9/site-packages/airflow/example_dags/example_kubernetes_executor.py
[2025-12-11T04:38:52.811+0000] {logging_mixin.py:188} INFO - [2025-12-11T04:38:52.811+0000] {dag.py:3096} INFO - Sync 1 DAGs
[2025-12-11T04:38:52.830+0000] {logging_mixin.py:188} INFO - [2025-12-11T04:38:52.830+0000] {dag.py:3954} INFO - Setting next_dagrun for example_kubernetes_executor to None, run_after=None
[2025-12-11T04:38:52.858+0000] {processor.py:183} INFO - Processing /home/airflow/.local/lib/python3.9/site-packages/airflow/example_dags/example_kubernetes_executor.py took 0.144 seconds
[2025-12-11T04:39:24.646+0000] {processor.py:161} INFO - Started process (PID=2759) to work on /home/airflow/.local/lib/python3.9/site-packages/airflow/example_dags/example_kubernetes_executor.py
[2025-12-11T04:39:24.649+0000] {processor.py:830} INFO - Processing file /home/airflow/.local/lib/python3.9/site-packages/airflow/example_dags/example_kubernetes_executor.py for tasks to queue
[2025-12-11T04:39:24.659+0000] {logging_mixin.py:188} INFO - [2025-12-11T04:39:24.659+0000] {dagbag.py:545} INFO - Filling up the DagBag from /home/airflow/.local/lib/python3.9/site-packages/airflow/example_dags/example_kubernetes_executor.py
[2025-12-11T04:39:24.706+0000] {processor.py:840} INFO - DAG(s) 'example_kubernetes_executor' retrieved from /home/airflow/.local/lib/python3.9/site-packages/airflow/example_dags/example_kubernetes_executor.py
[2025-12-11T04:39:24.843+0000] {logging_mixin.py:188} INFO - [2025-12-11T04:39:24.843+0000] {dag.py:3096} INFO - Sync 1 DAGs
[2025-12-11T04:39:24.883+0000] {logging_mixin.py:188} INFO - [2025-12-11T04:39:24.883+0000] {dag.py:3954} INFO - Setting next_dagrun for example_kubernetes_executor to None, run_after=None
[2025-12-11T04:39:24.943+0000] {processor.py:183} INFO - Processing /home/airflow/.local/lib/python3.9/site-packages/airflow/example_dags/example_kubernetes_executor.py took 0.316 seconds
[2025-12-11T04:39:55.478+0000] {processor.py:161} INFO - Started process (PID=2825) to work on /home/airflow/.local/lib/python3.9/site-packages/airflow/example_dags/example_kubernetes_executor.py
[2025-12-11T04:39:55.480+0000] {processor.py:830} INFO - Processing file /home/airflow/.local/lib/python3.9/site-packages/airflow/example_dags/example_kubernetes_executor.py for tasks to queue
[2025-12-11T04:39:55.482+0000] {logging_mixin.py:188} INFO - [2025-12-11T04:39:55.482+0000] {dagbag.py:545} INFO - Filling up the DagBag from /home/airflow/.local/lib/python3.9/site-packages/airflow/example_dags/example_kubernetes_executor.py
[2025-12-11T04:39:55.505+0000] {processor.py:840} INFO - DAG(s) 'example_kubernetes_executor' retrieved from /home/airflow/.local/lib/python3.9/site-packages/airflow/example_dags/example_kubernetes_executor.py
[2025-12-11T04:39:55.583+0000] {logging_mixin.py:188} INFO - [2025-12-11T04:39:55.583+0000] {dag.py:3096} INFO - Sync 1 DAGs
[2025-12-11T04:39:55.612+0000] {logging_mixin.py:188} INFO - [2025-12-11T04:39:55.611+0000] {dag.py:3954} INFO - Setting next_dagrun for example_kubernetes_executor to None, run_after=None
[2025-12-11T04:39:55.642+0000] {processor.py:183} INFO - Processing /home/airflow/.local/lib/python3.9/site-packages/airflow/example_dags/example_kubernetes_executor.py took 0.174 seconds
[2025-12-11T04:40:26.572+0000] {processor.py:161} INFO - Started process (PID=2892) to work on /home/airflow/.local/lib/python3.9/site-packages/airflow/example_dags/example_kubernetes_executor.py
[2025-12-11T04:40:26.574+0000] {processor.py:830} INFO - Processing file /home/airflow/.local/lib/python3.9/site-packages/airflow/example_dags/example_kubernetes_executor.py for tasks to queue
[2025-12-11T04:40:26.576+0000] {logging_mixin.py:188} INFO - [2025-12-11T04:40:26.576+0000] {dagbag.py:545} INFO - Filling up the DagBag from /home/airflow/.local/lib/python3.9/site-packages/airflow/example_dags/example_kubernetes_executor.py
[2025-12-11T04:40:26.598+0000] {processor.py:840} INFO - DAG(s) 'example_kubernetes_executor' retrieved from /home/airflow/.local/lib/python3.9/site-packages/airflow/example_dags/example_kubernetes_executor.py
[2025-12-11T04:40:26.667+0000] {logging_mixin.py:188} INFO - [2025-12-11T04:40:26.667+0000] {dag.py:3096} INFO - Sync 1 DAGs
[2025-12-11T04:40:26.687+0000] {logging_mixin.py:188} INFO - [2025-12-11T04:40:26.686+0000] {dag.py:3954} INFO - Setting next_dagrun for example_kubernetes_executor to None, run_after=None
[2025-12-11T04:40:26.713+0000] {processor.py:183} INFO - Processing /home/airflow/.local/lib/python3.9/site-packages/airflow/example_dags/example_kubernetes_executor.py took 0.150 seconds
[2025-12-11T04:40:57.262+0000] {processor.py:161} INFO - Started process (PID=2959) to work on /home/airflow/.local/lib/python3.9/site-packages/airflow/example_dags/example_kubernetes_executor.py
[2025-12-11T04:40:57.322+0000] {processor.py:830} INFO - Processing file /home/airflow/.local/lib/python3.9/site-packages/airflow/example_dags/example_kubernetes_executor.py for tasks to queue
[2025-12-11T04:40:57.325+0000] {logging_mixin.py:188} INFO - [2025-12-11T04:40:57.325+0000] {dagbag.py:545} INFO - Filling up the DagBag from /home/airflow/.local/lib/python3.9/site-packages/airflow/example_dags/example_kubernetes_executor.py
[2025-12-11T04:40:57.351+0000] {processor.py:840} INFO - DAG(s) 'example_kubernetes_executor' retrieved from /home/airflow/.local/lib/python3.9/site-packages/airflow/example_dags/example_kubernetes_executor.py
[2025-12-11T04:40:57.453+0000] {logging_mixin.py:188} INFO - [2025-12-11T04:40:57.452+0000] {dag.py:3096} INFO - Sync 1 DAGs
[2025-12-11T04:40:57.482+0000] {logging_mixin.py:188} INFO - [2025-12-11T04:40:57.481+0000] {dag.py:3954} INFO - Setting next_dagrun for example_kubernetes_executor to None, run_after=None
[2025-12-11T04:40:57.606+0000] {processor.py:183} INFO - Processing /home/airflow/.local/lib/python3.9/site-packages/airflow/example_dags/example_kubernetes_executor.py took 0.355 seconds
[2025-12-11T04:41:28.298+0000] {processor.py:161} INFO - Started process (PID=3026) to work on /home/airflow/.local/lib/python3.9/site-packages/airflow/example_dags/example_kubernetes_executor.py
[2025-12-11T04:41:28.392+0000] {processor.py:830} INFO - Processing file /home/airflow/.local/lib/python3.9/site-packages/airflow/example_dags/example_kubernetes_executor.py for tasks to queue
[2025-12-11T04:41:28.395+0000] {logging_mixin.py:188} INFO - [2025-12-11T04:41:28.395+0000] {dagbag.py:545} INFO - Filling up the DagBag from /home/airflow/.local/lib/python3.9/site-packages/airflow/example_dags/example_kubernetes_executor.py
[2025-12-11T04:41:28.419+0000] {processor.py:840} INFO - DAG(s) 'example_kubernetes_executor' retrieved from /home/airflow/.local/lib/python3.9/site-packages/airflow/example_dags/example_kubernetes_executor.py
[2025-12-11T04:41:28.491+0000] {logging_mixin.py:188} INFO - [2025-12-11T04:41:28.491+0000] {dag.py:3096} INFO - Sync 1 DAGs
[2025-12-11T04:41:28.511+0000] {logging_mixin.py:188} INFO - [2025-12-11T04:41:28.511+0000] {dag.py:3954} INFO - Setting next_dagrun for example_kubernetes_executor to None, run_after=None
[2025-12-11T04:41:28.608+0000] {processor.py:183} INFO - Processing /home/airflow/.local/lib/python3.9/site-packages/airflow/example_dags/example_kubernetes_executor.py took 0.321 seconds
[2025-12-11T04:41:59.268+0000] {processor.py:161} INFO - Started process (PID=3094) to work on /home/airflow/.local/lib/python3.9/site-packages/airflow/example_dags/example_kubernetes_executor.py
[2025-12-11T04:41:59.275+0000] {processor.py:830} INFO - Processing file /home/airflow/.local/lib/python3.9/site-packages/airflow/example_dags/example_kubernetes_executor.py for tasks to queue
[2025-12-11T04:41:59.278+0000] {logging_mixin.py:188} INFO - [2025-12-11T04:41:59.277+0000] {dagbag.py:545} INFO - Filling up the DagBag from /home/airflow/.local/lib/python3.9/site-packages/airflow/example_dags/example_kubernetes_executor.py
[2025-12-11T04:41:59.300+0000] {processor.py:840} INFO - DAG(s) 'example_kubernetes_executor' retrieved from /home/airflow/.local/lib/python3.9/site-packages/airflow/example_dags/example_kubernetes_executor.py
[2025-12-11T04:41:59.630+0000] {logging_mixin.py:188} INFO - [2025-12-11T04:41:59.630+0000] {dag.py:3096} INFO - Sync 1 DAGs
[2025-12-11T04:41:59.754+0000] {logging_mixin.py:188} INFO - [2025-12-11T04:41:59.754+0000] {dag.py:3954} INFO - Setting next_dagrun for example_kubernetes_executor to None, run_after=None
[2025-12-11T04:41:59.790+0000] {processor.py:183} INFO - Processing /home/airflow/.local/lib/python3.9/site-packages/airflow/example_dags/example_kubernetes_executor.py took 0.532 seconds
[2025-12-11T04:42:29.888+0000] {processor.py:161} INFO - Started process (PID=3161) to work on /home/airflow/.local/lib/python3.9/site-packages/airflow/example_dags/example_kubernetes_executor.py
[2025-12-11T04:42:29.890+0000] {processor.py:830} INFO - Processing file /home/airflow/.local/lib/python3.9/site-packages/airflow/example_dags/example_kubernetes_executor.py for tasks to queue
[2025-12-11T04:42:29.892+0000] {logging_mixin.py:188} INFO - [2025-12-11T04:42:29.892+0000] {dagbag.py:545} INFO - Filling up the DagBag from /home/airflow/.local/lib/python3.9/site-packages/airflow/example_dags/example_kubernetes_executor.py
[2025-12-11T04:42:29.924+0000] {processor.py:840} INFO - DAG(s) 'example_kubernetes_executor' retrieved from /home/airflow/.local/lib/python3.9/site-packages/airflow/example_dags/example_kubernetes_executor.py
[2025-12-11T04:42:30.020+0000] {logging_mixin.py:188} INFO - [2025-12-11T04:42:30.020+0000] {dag.py:3096} INFO - Sync 1 DAGs
[2025-12-11T04:42:30.043+0000] {logging_mixin.py:188} INFO - [2025-12-11T04:42:30.042+0000] {dag.py:3954} INFO - Setting next_dagrun for example_kubernetes_executor to None, run_after=None
[2025-12-11T04:42:30.083+0000] {processor.py:183} INFO - Processing /home/airflow/.local/lib/python3.9/site-packages/airflow/example_dags/example_kubernetes_executor.py took 0.206 seconds
[2025-12-11T04:43:00.162+0000] {processor.py:161} INFO - Started process (PID=3228) to work on /home/airflow/.local/lib/python3.9/site-packages/airflow/example_dags/example_kubernetes_executor.py
[2025-12-11T04:43:00.164+0000] {processor.py:830} INFO - Processing file /home/airflow/.local/lib/python3.9/site-packages/airflow/example_dags/example_kubernetes_executor.py for tasks to queue
[2025-12-11T04:43:00.167+0000] {logging_mixin.py:188} INFO - [2025-12-11T04:43:00.167+0000] {dagbag.py:545} INFO - Filling up the DagBag from /home/airflow/.local/lib/python3.9/site-packages/airflow/example_dags/example_kubernetes_executor.py
[2025-12-11T04:43:00.188+0000] {processor.py:840} INFO - DAG(s) 'example_kubernetes_executor' retrieved from /home/airflow/.local/lib/python3.9/site-packages/airflow/example_dags/example_kubernetes_executor.py
[2025-12-11T04:43:00.251+0000] {logging_mixin.py:188} INFO - [2025-12-11T04:43:00.251+0000] {dag.py:3096} INFO - Sync 1 DAGs
[2025-12-11T04:43:00.271+0000] {logging_mixin.py:188} INFO - [2025-12-11T04:43:00.270+0000] {dag.py:3954} INFO - Setting next_dagrun for example_kubernetes_executor to None, run_after=None
[2025-12-11T04:43:00.298+0000] {processor.py:183} INFO - Processing /home/airflow/.local/lib/python3.9/site-packages/airflow/example_dags/example_kubernetes_executor.py took 0.149 seconds
[2025-12-11T04:43:30.490+0000] {processor.py:161} INFO - Started process (PID=3295) to work on /home/airflow/.local/lib/python3.9/site-packages/airflow/example_dags/example_kubernetes_executor.py
[2025-12-11T04:43:30.493+0000] {processor.py:830} INFO - Processing file /home/airflow/.local/lib/python3.9/site-packages/airflow/example_dags/example_kubernetes_executor.py for tasks to queue
[2025-12-11T04:43:30.497+0000] {logging_mixin.py:188} INFO - [2025-12-11T04:43:30.497+0000] {dagbag.py:545} INFO - Filling up the DagBag from /home/airflow/.local/lib/python3.9/site-packages/airflow/example_dags/example_kubernetes_executor.py
[2025-12-11T04:43:30.523+0000] {processor.py:840} INFO - DAG(s) 'example_kubernetes_executor' retrieved from /home/airflow/.local/lib/python3.9/site-packages/airflow/example_dags/example_kubernetes_executor.py
[2025-12-11T04:43:30.610+0000] {logging_mixin.py:188} INFO - [2025-12-11T04:43:30.609+0000] {dag.py:3096} INFO - Sync 1 DAGs
[2025-12-11T04:43:30.637+0000] {logging_mixin.py:188} INFO - [2025-12-11T04:43:30.636+0000] {dag.py:3954} INFO - Setting next_dagrun for example_kubernetes_executor to None, run_after=None
[2025-12-11T04:43:30.689+0000] {processor.py:183} INFO - Processing /home/airflow/.local/lib/python3.9/site-packages/airflow/example_dags/example_kubernetes_executor.py took 0.213 seconds
[2025-12-11T04:44:00.923+0000] {processor.py:161} INFO - Started process (PID=3362) to work on /home/airflow/.local/lib/python3.9/site-packages/airflow/example_dags/example_kubernetes_executor.py
[2025-12-11T04:44:01.069+0000] {processor.py:830} INFO - Processing file /home/airflow/.local/lib/python3.9/site-packages/airflow/example_dags/example_kubernetes_executor.py for tasks to queue
[2025-12-11T04:44:01.072+0000] {logging_mixin.py:188} INFO - [2025-12-11T04:44:01.072+0000] {dagbag.py:545} INFO - Filling up the DagBag from /home/airflow/.local/lib/python3.9/site-packages/airflow/example_dags/example_kubernetes_executor.py
[2025-12-11T04:44:01.093+0000] {processor.py:840} INFO - DAG(s) 'example_kubernetes_executor' retrieved from /home/airflow/.local/lib/python3.9/site-packages/airflow/example_dags/example_kubernetes_executor.py
[2025-12-11T04:44:01.183+0000] {logging_mixin.py:188} INFO - [2025-12-11T04:44:01.183+0000] {dag.py:3096} INFO - Sync 1 DAGs
[2025-12-11T04:44:01.212+0000] {logging_mixin.py:188} INFO - [2025-12-11T04:44:01.212+0000] {dag.py:3954} INFO - Setting next_dagrun for example_kubernetes_executor to None, run_after=None
[2025-12-11T04:44:01.308+0000] {processor.py:183} INFO - Processing /home/airflow/.local/lib/python3.9/site-packages/airflow/example_dags/example_kubernetes_executor.py took 0.394 seconds
[2025-12-11T04:44:31.399+0000] {processor.py:161} INFO - Started process (PID=3428) to work on /home/airflow/.local/lib/python3.9/site-packages/airflow/example_dags/example_kubernetes_executor.py
[2025-12-11T04:44:31.407+0000] {processor.py:830} INFO - Processing file /home/airflow/.local/lib/python3.9/site-packages/airflow/example_dags/example_kubernetes_executor.py for tasks to queue
[2025-12-11T04:44:31.410+0000] {logging_mixin.py:188} INFO - [2025-12-11T04:44:31.409+0000] {dagbag.py:545} INFO - Filling up the DagBag from /home/airflow/.local/lib/python3.9/site-packages/airflow/example_dags/example_kubernetes_executor.py
[2025-12-11T04:44:31.445+0000] {processor.py:840} INFO - DAG(s) 'example_kubernetes_executor' retrieved from /home/airflow/.local/lib/python3.9/site-packages/airflow/example_dags/example_kubernetes_executor.py
[2025-12-11T04:44:31.577+0000] {logging_mixin.py:188} INFO - [2025-12-11T04:44:31.568+0000] {dag.py:3096} INFO - Sync 1 DAGs
[2025-12-11T04:44:31.623+0000] {logging_mixin.py:188} INFO - [2025-12-11T04:44:31.622+0000] {dag.py:3954} INFO - Setting next_dagrun for example_kubernetes_executor to None, run_after=None
[2025-12-11T04:44:31.806+0000] {processor.py:183} INFO - Processing /home/airflow/.local/lib/python3.9/site-packages/airflow/example_dags/example_kubernetes_executor.py took 0.424 seconds
[2025-12-11T04:45:01.919+0000] {processor.py:161} INFO - Started process (PID=3496) to work on /home/airflow/.local/lib/python3.9/site-packages/airflow/example_dags/example_kubernetes_executor.py
[2025-12-11T04:45:01.921+0000] {processor.py:830} INFO - Processing file /home/airflow/.local/lib/python3.9/site-packages/airflow/example_dags/example_kubernetes_executor.py for tasks to queue
[2025-12-11T04:45:01.923+0000] {logging_mixin.py:188} INFO - [2025-12-11T04:45:01.923+0000] {dagbag.py:545} INFO - Filling up the DagBag from /home/airflow/.local/lib/python3.9/site-packages/airflow/example_dags/example_kubernetes_executor.py
[2025-12-11T04:45:01.958+0000] {processor.py:840} INFO - DAG(s) 'example_kubernetes_executor' retrieved from /home/airflow/.local/lib/python3.9/site-packages/airflow/example_dags/example_kubernetes_executor.py
[2025-12-11T04:45:02.050+0000] {logging_mixin.py:188} INFO - [2025-12-11T04:45:02.049+0000] {dag.py:3096} INFO - Sync 1 DAGs
[2025-12-11T04:45:02.088+0000] {logging_mixin.py:188} INFO - [2025-12-11T04:45:02.088+0000] {dag.py:3954} INFO - Setting next_dagrun for example_kubernetes_executor to None, run_after=None
[2025-12-11T04:45:02.143+0000] {processor.py:183} INFO - Processing /home/airflow/.local/lib/python3.9/site-packages/airflow/example_dags/example_kubernetes_executor.py took 0.244 seconds
[2025-12-11T04:45:32.323+0000] {processor.py:161} INFO - Started process (PID=3563) to work on /home/airflow/.local/lib/python3.9/site-packages/airflow/example_dags/example_kubernetes_executor.py
[2025-12-11T04:45:32.324+0000] {processor.py:830} INFO - Processing file /home/airflow/.local/lib/python3.9/site-packages/airflow/example_dags/example_kubernetes_executor.py for tasks to queue
[2025-12-11T04:45:32.327+0000] {logging_mixin.py:188} INFO - [2025-12-11T04:45:32.327+0000] {dagbag.py:545} INFO - Filling up the DagBag from /home/airflow/.local/lib/python3.9/site-packages/airflow/example_dags/example_kubernetes_executor.py
[2025-12-11T04:45:32.349+0000] {processor.py:840} INFO - DAG(s) 'example_kubernetes_executor' retrieved from /home/airflow/.local/lib/python3.9/site-packages/airflow/example_dags/example_kubernetes_executor.py
[2025-12-11T04:45:32.423+0000] {logging_mixin.py:188} INFO - [2025-12-11T04:45:32.423+0000] {dag.py:3096} INFO - Sync 1 DAGs
[2025-12-11T04:45:32.450+0000] {logging_mixin.py:188} INFO - [2025-12-11T04:45:32.450+0000] {dag.py:3954} INFO - Setting next_dagrun for example_kubernetes_executor to None, run_after=None
[2025-12-11T04:45:32.481+0000] {processor.py:183} INFO - Processing /home/airflow/.local/lib/python3.9/site-packages/airflow/example_dags/example_kubernetes_executor.py took 0.177 seconds
[2025-12-11T04:46:03.711+0000] {processor.py:161} INFO - Started process (PID=3639) to work on /home/airflow/.local/lib/python3.9/site-packages/airflow/example_dags/example_kubernetes_executor.py
[2025-12-11T04:46:03.722+0000] {processor.py:830} INFO - Processing file /home/airflow/.local/lib/python3.9/site-packages/airflow/example_dags/example_kubernetes_executor.py for tasks to queue
[2025-12-11T04:46:03.726+0000] {logging_mixin.py:188} INFO - [2025-12-11T04:46:03.725+0000] {dagbag.py:545} INFO - Filling up the DagBag from /home/airflow/.local/lib/python3.9/site-packages/airflow/example_dags/example_kubernetes_executor.py
[2025-12-11T04:46:03.782+0000] {processor.py:840} INFO - DAG(s) 'example_kubernetes_executor' retrieved from /home/airflow/.local/lib/python3.9/site-packages/airflow/example_dags/example_kubernetes_executor.py
[2025-12-11T04:46:03.883+0000] {logging_mixin.py:188} INFO - [2025-12-11T04:46:03.882+0000] {dag.py:3096} INFO - Sync 1 DAGs
[2025-12-11T04:46:03.906+0000] {logging_mixin.py:188} INFO - [2025-12-11T04:46:03.906+0000] {dag.py:3954} INFO - Setting next_dagrun for example_kubernetes_executor to None, run_after=None
[2025-12-11T04:46:04.109+0000] {processor.py:183} INFO - Processing /home/airflow/.local/lib/python3.9/site-packages/airflow/example_dags/example_kubernetes_executor.py took 0.417 seconds
[2025-12-11T04:46:35.035+0000] {processor.py:161} INFO - Started process (PID=3706) to work on /home/airflow/.local/lib/python3.9/site-packages/airflow/example_dags/example_kubernetes_executor.py
[2025-12-11T04:46:35.037+0000] {processor.py:830} INFO - Processing file /home/airflow/.local/lib/python3.9/site-packages/airflow/example_dags/example_kubernetes_executor.py for tasks to queue
[2025-12-11T04:46:35.040+0000] {logging_mixin.py:188} INFO - [2025-12-11T04:46:35.039+0000] {dagbag.py:545} INFO - Filling up the DagBag from /home/airflow/.local/lib/python3.9/site-packages/airflow/example_dags/example_kubernetes_executor.py
[2025-12-11T04:46:35.063+0000] {processor.py:840} INFO - DAG(s) 'example_kubernetes_executor' retrieved from /home/airflow/.local/lib/python3.9/site-packages/airflow/example_dags/example_kubernetes_executor.py
[2025-12-11T04:46:35.138+0000] {logging_mixin.py:188} INFO - [2025-12-11T04:46:35.137+0000] {dag.py:3096} INFO - Sync 1 DAGs
[2025-12-11T04:46:35.182+0000] {logging_mixin.py:188} INFO - [2025-12-11T04:46:35.181+0000] {dag.py:3954} INFO - Setting next_dagrun for example_kubernetes_executor to None, run_after=None
[2025-12-11T04:46:35.240+0000] {processor.py:183} INFO - Processing /home/airflow/.local/lib/python3.9/site-packages/airflow/example_dags/example_kubernetes_executor.py took 0.216 seconds
[2025-12-11T04:47:05.597+0000] {processor.py:161} INFO - Started process (PID=3773) to work on /home/airflow/.local/lib/python3.9/site-packages/airflow/example_dags/example_kubernetes_executor.py
[2025-12-11T04:47:05.599+0000] {processor.py:830} INFO - Processing file /home/airflow/.local/lib/python3.9/site-packages/airflow/example_dags/example_kubernetes_executor.py for tasks to queue
[2025-12-11T04:47:05.602+0000] {logging_mixin.py:188} INFO - [2025-12-11T04:47:05.601+0000] {dagbag.py:545} INFO - Filling up the DagBag from /home/airflow/.local/lib/python3.9/site-packages/airflow/example_dags/example_kubernetes_executor.py
[2025-12-11T04:47:05.628+0000] {processor.py:840} INFO - DAG(s) 'example_kubernetes_executor' retrieved from /home/airflow/.local/lib/python3.9/site-packages/airflow/example_dags/example_kubernetes_executor.py
[2025-12-11T04:47:05.700+0000] {logging_mixin.py:188} INFO - [2025-12-11T04:47:05.700+0000] {dag.py:3096} INFO - Sync 1 DAGs
[2025-12-11T04:47:05.725+0000] {logging_mixin.py:188} INFO - [2025-12-11T04:47:05.724+0000] {dag.py:3954} INFO - Setting next_dagrun for example_kubernetes_executor to None, run_after=None
[2025-12-11T04:47:05.749+0000] {processor.py:183} INFO - Processing /home/airflow/.local/lib/python3.9/site-packages/airflow/example_dags/example_kubernetes_executor.py took 0.166 seconds
[2025-12-11T04:47:36.303+0000] {processor.py:161} INFO - Started process (PID=3840) to work on /home/airflow/.local/lib/python3.9/site-packages/airflow/example_dags/example_kubernetes_executor.py
[2025-12-11T04:47:36.352+0000] {processor.py:830} INFO - Processing file /home/airflow/.local/lib/python3.9/site-packages/airflow/example_dags/example_kubernetes_executor.py for tasks to queue
[2025-12-11T04:47:36.355+0000] {logging_mixin.py:188} INFO - [2025-12-11T04:47:36.355+0000] {dagbag.py:545} INFO - Filling up the DagBag from /home/airflow/.local/lib/python3.9/site-packages/airflow/example_dags/example_kubernetes_executor.py
[2025-12-11T04:47:36.380+0000] {processor.py:840} INFO - DAG(s) 'example_kubernetes_executor' retrieved from /home/airflow/.local/lib/python3.9/site-packages/airflow/example_dags/example_kubernetes_executor.py
[2025-12-11T04:47:36.453+0000] {logging_mixin.py:188} INFO - [2025-12-11T04:47:36.453+0000] {dag.py:3096} INFO - Sync 1 DAGs
[2025-12-11T04:47:36.482+0000] {logging_mixin.py:188} INFO - [2025-12-11T04:47:36.481+0000] {dag.py:3954} INFO - Setting next_dagrun for example_kubernetes_executor to None, run_after=None
[2025-12-11T04:47:36.792+0000] {processor.py:183} INFO - Processing /home/airflow/.local/lib/python3.9/site-packages/airflow/example_dags/example_kubernetes_executor.py took 0.501 seconds
[2025-12-11T04:48:07.138+0000] {processor.py:161} INFO - Started process (PID=3907) to work on /home/airflow/.local/lib/python3.9/site-packages/airflow/example_dags/example_kubernetes_executor.py
[2025-12-11T04:48:07.140+0000] {processor.py:830} INFO - Processing file /home/airflow/.local/lib/python3.9/site-packages/airflow/example_dags/example_kubernetes_executor.py for tasks to queue
[2025-12-11T04:48:07.142+0000] {logging_mixin.py:188} INFO - [2025-12-11T04:48:07.142+0000] {dagbag.py:545} INFO - Filling up the DagBag from /home/airflow/.local/lib/python3.9/site-packages/airflow/example_dags/example_kubernetes_executor.py
[2025-12-11T04:48:07.164+0000] {processor.py:840} INFO - DAG(s) 'example_kubernetes_executor' retrieved from /home/airflow/.local/lib/python3.9/site-packages/airflow/example_dags/example_kubernetes_executor.py
[2025-12-11T04:48:07.238+0000] {logging_mixin.py:188} INFO - [2025-12-11T04:48:07.238+0000] {dag.py:3096} INFO - Sync 1 DAGs
[2025-12-11T04:48:07.261+0000] {logging_mixin.py:188} INFO - [2025-12-11T04:48:07.260+0000] {dag.py:3954} INFO - Setting next_dagrun for example_kubernetes_executor to None, run_after=None
[2025-12-11T04:48:07.290+0000] {processor.py:183} INFO - Processing /home/airflow/.local/lib/python3.9/site-packages/airflow/example_dags/example_kubernetes_executor.py took 0.164 seconds
[2025-12-11T04:48:37.728+0000] {processor.py:161} INFO - Started process (PID=3974) to work on /home/airflow/.local/lib/python3.9/site-packages/airflow/example_dags/example_kubernetes_executor.py
[2025-12-11T04:48:37.773+0000] {processor.py:830} INFO - Processing file /home/airflow/.local/lib/python3.9/site-packages/airflow/example_dags/example_kubernetes_executor.py for tasks to queue
[2025-12-11T04:48:37.777+0000] {logging_mixin.py:188} INFO - [2025-12-11T04:48:37.776+0000] {dagbag.py:545} INFO - Filling up the DagBag from /home/airflow/.local/lib/python3.9/site-packages/airflow/example_dags/example_kubernetes_executor.py
[2025-12-11T04:48:37.799+0000] {processor.py:840} INFO - DAG(s) 'example_kubernetes_executor' retrieved from /home/airflow/.local/lib/python3.9/site-packages/airflow/example_dags/example_kubernetes_executor.py
[2025-12-11T04:48:37.892+0000] {logging_mixin.py:188} INFO - [2025-12-11T04:48:37.892+0000] {dag.py:3096} INFO - Sync 1 DAGs
[2025-12-11T04:48:37.922+0000] {logging_mixin.py:188} INFO - [2025-12-11T04:48:37.921+0000] {dag.py:3954} INFO - Setting next_dagrun for example_kubernetes_executor to None, run_after=None
[2025-12-11T04:48:38.070+0000] {processor.py:183} INFO - Processing /home/airflow/.local/lib/python3.9/site-packages/airflow/example_dags/example_kubernetes_executor.py took 0.359 seconds
[2025-12-11T04:49:08.623+0000] {processor.py:161} INFO - Started process (PID=4041) to work on /home/airflow/.local/lib/python3.9/site-packages/airflow/example_dags/example_kubernetes_executor.py
[2025-12-11T04:49:08.662+0000] {processor.py:830} INFO - Processing file /home/airflow/.local/lib/python3.9/site-packages/airflow/example_dags/example_kubernetes_executor.py for tasks to queue
[2025-12-11T04:49:08.666+0000] {logging_mixin.py:188} INFO - [2025-12-11T04:49:08.665+0000] {dagbag.py:545} INFO - Filling up the DagBag from /home/airflow/.local/lib/python3.9/site-packages/airflow/example_dags/example_kubernetes_executor.py
[2025-12-11T04:49:08.688+0000] {processor.py:840} INFO - DAG(s) 'example_kubernetes_executor' retrieved from /home/airflow/.local/lib/python3.9/site-packages/airflow/example_dags/example_kubernetes_executor.py
[2025-12-11T04:49:08.757+0000] {logging_mixin.py:188} INFO - [2025-12-11T04:49:08.756+0000] {dag.py:3096} INFO - Sync 1 DAGs
[2025-12-11T04:49:08.778+0000] {logging_mixin.py:188} INFO - [2025-12-11T04:49:08.778+0000] {dag.py:3954} INFO - Setting next_dagrun for example_kubernetes_executor to None, run_after=None
[2025-12-11T04:49:08.803+0000] {processor.py:183} INFO - Processing /home/airflow/.local/lib/python3.9/site-packages/airflow/example_dags/example_kubernetes_executor.py took 0.190 seconds
[2025-12-11T04:49:39.330+0000] {processor.py:161} INFO - Started process (PID=4108) to work on /home/airflow/.local/lib/python3.9/site-packages/airflow/example_dags/example_kubernetes_executor.py
[2025-12-11T04:49:39.338+0000] {processor.py:830} INFO - Processing file /home/airflow/.local/lib/python3.9/site-packages/airflow/example_dags/example_kubernetes_executor.py for tasks to queue
[2025-12-11T04:49:39.340+0000] {logging_mixin.py:188} INFO - [2025-12-11T04:49:39.340+0000] {dagbag.py:545} INFO - Filling up the DagBag from /home/airflow/.local/lib/python3.9/site-packages/airflow/example_dags/example_kubernetes_executor.py
[2025-12-11T04:49:39.361+0000] {processor.py:840} INFO - DAG(s) 'example_kubernetes_executor' retrieved from /home/airflow/.local/lib/python3.9/site-packages/airflow/example_dags/example_kubernetes_executor.py
[2025-12-11T04:49:39.427+0000] {logging_mixin.py:188} INFO - [2025-12-11T04:49:39.426+0000] {dag.py:3096} INFO - Sync 1 DAGs
[2025-12-11T04:49:39.446+0000] {logging_mixin.py:188} INFO - [2025-12-11T04:49:39.445+0000] {dag.py:3954} INFO - Setting next_dagrun for example_kubernetes_executor to None, run_after=None
[2025-12-11T04:49:39.473+0000] {processor.py:183} INFO - Processing /home/airflow/.local/lib/python3.9/site-packages/airflow/example_dags/example_kubernetes_executor.py took 0.153 seconds
[2025-12-11T04:50:09.722+0000] {processor.py:161} INFO - Started process (PID=4173) to work on /home/airflow/.local/lib/python3.9/site-packages/airflow/example_dags/example_kubernetes_executor.py
[2025-12-11T04:50:09.725+0000] {processor.py:830} INFO - Processing file /home/airflow/.local/lib/python3.9/site-packages/airflow/example_dags/example_kubernetes_executor.py for tasks to queue
[2025-12-11T04:50:09.727+0000] {logging_mixin.py:188} INFO - [2025-12-11T04:50:09.727+0000] {dagbag.py:545} INFO - Filling up the DagBag from /home/airflow/.local/lib/python3.9/site-packages/airflow/example_dags/example_kubernetes_executor.py
[2025-12-11T04:50:09.749+0000] {processor.py:840} INFO - DAG(s) 'example_kubernetes_executor' retrieved from /home/airflow/.local/lib/python3.9/site-packages/airflow/example_dags/example_kubernetes_executor.py
[2025-12-11T04:50:09.822+0000] {logging_mixin.py:188} INFO - [2025-12-11T04:50:09.821+0000] {dag.py:3096} INFO - Sync 1 DAGs
[2025-12-11T04:50:09.844+0000] {logging_mixin.py:188} INFO - [2025-12-11T04:50:09.844+0000] {dag.py:3954} INFO - Setting next_dagrun for example_kubernetes_executor to None, run_after=None
[2025-12-11T04:50:09.872+0000] {processor.py:183} INFO - Processing /home/airflow/.local/lib/python3.9/site-packages/airflow/example_dags/example_kubernetes_executor.py took 0.162 seconds
[2025-12-11T04:50:40.187+0000] {processor.py:161} INFO - Started process (PID=4240) to work on /home/airflow/.local/lib/python3.9/site-packages/airflow/example_dags/example_kubernetes_executor.py
[2025-12-11T04:50:40.188+0000] {processor.py:830} INFO - Processing file /home/airflow/.local/lib/python3.9/site-packages/airflow/example_dags/example_kubernetes_executor.py for tasks to queue
[2025-12-11T04:50:40.191+0000] {logging_mixin.py:188} INFO - [2025-12-11T04:50:40.190+0000] {dagbag.py:545} INFO - Filling up the DagBag from /home/airflow/.local/lib/python3.9/site-packages/airflow/example_dags/example_kubernetes_executor.py
[2025-12-11T04:50:40.211+0000] {processor.py:840} INFO - DAG(s) 'example_kubernetes_executor' retrieved from /home/airflow/.local/lib/python3.9/site-packages/airflow/example_dags/example_kubernetes_executor.py
[2025-12-11T04:50:40.276+0000] {logging_mixin.py:188} INFO - [2025-12-11T04:50:40.276+0000] {dag.py:3096} INFO - Sync 1 DAGs
[2025-12-11T04:50:40.296+0000] {logging_mixin.py:188} INFO - [2025-12-11T04:50:40.295+0000] {dag.py:3954} INFO - Setting next_dagrun for example_kubernetes_executor to None, run_after=None
[2025-12-11T04:50:40.323+0000] {processor.py:183} INFO - Processing /home/airflow/.local/lib/python3.9/site-packages/airflow/example_dags/example_kubernetes_executor.py took 0.146 seconds
[2025-12-11T04:51:10.538+0000] {processor.py:161} INFO - Started process (PID=4314) to work on /home/airflow/.local/lib/python3.9/site-packages/airflow/example_dags/example_kubernetes_executor.py
[2025-12-11T04:51:10.540+0000] {processor.py:830} INFO - Processing file /home/airflow/.local/lib/python3.9/site-packages/airflow/example_dags/example_kubernetes_executor.py for tasks to queue
[2025-12-11T04:51:10.544+0000] {logging_mixin.py:188} INFO - [2025-12-11T04:51:10.543+0000] {dagbag.py:545} INFO - Filling up the DagBag from /home/airflow/.local/lib/python3.9/site-packages/airflow/example_dags/example_kubernetes_executor.py
[2025-12-11T04:51:10.570+0000] {processor.py:840} INFO - DAG(s) 'example_kubernetes_executor' retrieved from /home/airflow/.local/lib/python3.9/site-packages/airflow/example_dags/example_kubernetes_executor.py
[2025-12-11T04:51:10.647+0000] {logging_mixin.py:188} INFO - [2025-12-11T04:51:10.646+0000] {dag.py:3096} INFO - Sync 1 DAGs
[2025-12-11T04:51:10.674+0000] {logging_mixin.py:188} INFO - [2025-12-11T04:51:10.673+0000] {dag.py:3954} INFO - Setting next_dagrun for example_kubernetes_executor to None, run_after=None
[2025-12-11T04:51:10.711+0000] {processor.py:183} INFO - Processing /home/airflow/.local/lib/python3.9/site-packages/airflow/example_dags/example_kubernetes_executor.py took 0.189 seconds
[2025-12-11T04:51:41.337+0000] {processor.py:161} INFO - Started process (PID=4381) to work on /home/airflow/.local/lib/python3.9/site-packages/airflow/example_dags/example_kubernetes_executor.py
[2025-12-11T04:51:41.347+0000] {processor.py:830} INFO - Processing file /home/airflow/.local/lib/python3.9/site-packages/airflow/example_dags/example_kubernetes_executor.py for tasks to queue
[2025-12-11T04:51:41.350+0000] {logging_mixin.py:188} INFO - [2025-12-11T04:51:41.350+0000] {dagbag.py:545} INFO - Filling up the DagBag from /home/airflow/.local/lib/python3.9/site-packages/airflow/example_dags/example_kubernetes_executor.py
[2025-12-11T04:51:41.369+0000] {processor.py:840} INFO - DAG(s) 'example_kubernetes_executor' retrieved from /home/airflow/.local/lib/python3.9/site-packages/airflow/example_dags/example_kubernetes_executor.py
[2025-12-11T04:51:41.435+0000] {logging_mixin.py:188} INFO - [2025-12-11T04:51:41.435+0000] {dag.py:3096} INFO - Sync 1 DAGs
[2025-12-11T04:51:41.462+0000] {logging_mixin.py:188} INFO - [2025-12-11T04:51:41.462+0000] {dag.py:3954} INFO - Setting next_dagrun for example_kubernetes_executor to None, run_after=None
[2025-12-11T04:51:41.494+0000] {processor.py:183} INFO - Processing /home/airflow/.local/lib/python3.9/site-packages/airflow/example_dags/example_kubernetes_executor.py took 0.167 seconds
[2025-12-11T04:52:12.003+0000] {processor.py:161} INFO - Started process (PID=4441) to work on /home/airflow/.local/lib/python3.9/site-packages/airflow/example_dags/example_kubernetes_executor.py
[2025-12-11T04:52:12.095+0000] {processor.py:830} INFO - Processing file /home/airflow/.local/lib/python3.9/site-packages/airflow/example_dags/example_kubernetes_executor.py for tasks to queue
[2025-12-11T04:52:12.098+0000] {logging_mixin.py:188} INFO - [2025-12-11T04:52:12.098+0000] {dagbag.py:545} INFO - Filling up the DagBag from /home/airflow/.local/lib/python3.9/site-packages/airflow/example_dags/example_kubernetes_executor.py
[2025-12-11T04:52:12.119+0000] {processor.py:840} INFO - DAG(s) 'example_kubernetes_executor' retrieved from /home/airflow/.local/lib/python3.9/site-packages/airflow/example_dags/example_kubernetes_executor.py
[2025-12-11T04:52:12.187+0000] {logging_mixin.py:188} INFO - [2025-12-11T04:52:12.186+0000] {dag.py:3096} INFO - Sync 1 DAGs
[2025-12-11T04:52:12.214+0000] {logging_mixin.py:188} INFO - [2025-12-11T04:52:12.213+0000] {dag.py:3954} INFO - Setting next_dagrun for example_kubernetes_executor to None, run_after=None
[2025-12-11T04:52:12.387+0000] {processor.py:183} INFO - Processing /home/airflow/.local/lib/python3.9/site-packages/airflow/example_dags/example_kubernetes_executor.py took 0.397 seconds
[2025-12-11T04:52:42.891+0000] {processor.py:161} INFO - Started process (PID=4508) to work on /home/airflow/.local/lib/python3.9/site-packages/airflow/example_dags/example_kubernetes_executor.py
[2025-12-11T04:52:42.892+0000] {processor.py:830} INFO - Processing file /home/airflow/.local/lib/python3.9/site-packages/airflow/example_dags/example_kubernetes_executor.py for tasks to queue
[2025-12-11T04:52:42.895+0000] {logging_mixin.py:188} INFO - [2025-12-11T04:52:42.895+0000] {dagbag.py:545} INFO - Filling up the DagBag from /home/airflow/.local/lib/python3.9/site-packages/airflow/example_dags/example_kubernetes_executor.py
[2025-12-11T04:52:42.916+0000] {processor.py:840} INFO - DAG(s) 'example_kubernetes_executor' retrieved from /home/airflow/.local/lib/python3.9/site-packages/airflow/example_dags/example_kubernetes_executor.py
[2025-12-11T04:52:42.983+0000] {logging_mixin.py:188} INFO - [2025-12-11T04:52:42.983+0000] {dag.py:3096} INFO - Sync 1 DAGs
[2025-12-11T04:52:43.003+0000] {logging_mixin.py:188} INFO - [2025-12-11T04:52:43.003+0000] {dag.py:3954} INFO - Setting next_dagrun for example_kubernetes_executor to None, run_after=None
[2025-12-11T04:52:43.031+0000] {processor.py:183} INFO - Processing /home/airflow/.local/lib/python3.9/site-packages/airflow/example_dags/example_kubernetes_executor.py took 0.151 seconds
