[2025-12-11T04:19:05.663+0000] {processor.py:161} INFO - Started process (PID=138) to work on /home/airflow/.local/lib/python3.9/site-packages/airflow/example_dags/example_task_group_decorator.py
[2025-12-11T04:19:05.665+0000] {processor.py:830} INFO - Processing file /home/airflow/.local/lib/python3.9/site-packages/airflow/example_dags/example_task_group_decorator.py for tasks to queue
[2025-12-11T04:19:05.679+0000] {logging_mixin.py:188} INFO - [2025-12-11T04:19:05.678+0000] {dagbag.py:545} INFO - Filling up the DagBag from /home/airflow/.local/lib/python3.9/site-packages/airflow/example_dags/example_task_group_decorator.py
[2025-12-11T04:19:05.739+0000] {processor.py:840} INFO - DAG(s) 'example_task_group_decorator' retrieved from /home/airflow/.local/lib/python3.9/site-packages/airflow/example_dags/example_task_group_decorator.py
[2025-12-11T04:19:06.360+0000] {logging_mixin.py:188} INFO - [2025-12-11T04:19:06.360+0000] {dag.py:3096} INFO - Sync 1 DAGs
[2025-12-11T04:19:06.480+0000] {logging_mixin.py:188} INFO - [2025-12-11T04:19:06.480+0000] {dag.py:3954} INFO - Setting next_dagrun for example_task_group_decorator to 2025-12-10 00:00:00+00:00, run_after=2025-12-11 00:00:00+00:00
[2025-12-11T04:19:06.800+0000] {processor.py:183} INFO - Processing /home/airflow/.local/lib/python3.9/site-packages/airflow/example_dags/example_task_group_decorator.py took 1.162 seconds
[2025-12-11T04:19:37.601+0000] {processor.py:161} INFO - Started process (PID=197) to work on /home/airflow/.local/lib/python3.9/site-packages/airflow/example_dags/example_task_group_decorator.py
[2025-12-11T04:19:37.610+0000] {processor.py:830} INFO - Processing file /home/airflow/.local/lib/python3.9/site-packages/airflow/example_dags/example_task_group_decorator.py for tasks to queue
[2025-12-11T04:19:37.618+0000] {logging_mixin.py:188} INFO - [2025-12-11T04:19:37.618+0000] {dagbag.py:545} INFO - Filling up the DagBag from /home/airflow/.local/lib/python3.9/site-packages/airflow/example_dags/example_task_group_decorator.py
[2025-12-11T04:19:37.643+0000] {processor.py:840} INFO - DAG(s) 'example_task_group_decorator' retrieved from /home/airflow/.local/lib/python3.9/site-packages/airflow/example_dags/example_task_group_decorator.py
[2025-12-11T04:19:37.718+0000] {logging_mixin.py:188} INFO - [2025-12-11T04:19:37.717+0000] {dag.py:3096} INFO - Sync 1 DAGs
[2025-12-11T04:19:37.771+0000] {logging_mixin.py:188} INFO - [2025-12-11T04:19:37.770+0000] {dag.py:3954} INFO - Setting next_dagrun for example_task_group_decorator to 2025-12-10 00:00:00+00:00, run_after=2025-12-11 00:00:00+00:00
[2025-12-11T04:19:37.806+0000] {processor.py:183} INFO - Processing /home/airflow/.local/lib/python3.9/site-packages/airflow/example_dags/example_task_group_decorator.py took 0.223 seconds
[2025-12-11T04:20:08.618+0000] {processor.py:161} INFO - Started process (PID=263) to work on /home/airflow/.local/lib/python3.9/site-packages/airflow/example_dags/example_task_group_decorator.py
[2025-12-11T04:20:08.620+0000] {processor.py:830} INFO - Processing file /home/airflow/.local/lib/python3.9/site-packages/airflow/example_dags/example_task_group_decorator.py for tasks to queue
[2025-12-11T04:20:08.623+0000] {logging_mixin.py:188} INFO - [2025-12-11T04:20:08.622+0000] {dagbag.py:545} INFO - Filling up the DagBag from /home/airflow/.local/lib/python3.9/site-packages/airflow/example_dags/example_task_group_decorator.py
[2025-12-11T04:20:08.663+0000] {processor.py:840} INFO - DAG(s) 'example_task_group_decorator' retrieved from /home/airflow/.local/lib/python3.9/site-packages/airflow/example_dags/example_task_group_decorator.py
[2025-12-11T04:20:08.728+0000] {logging_mixin.py:188} INFO - [2025-12-11T04:20:08.728+0000] {dag.py:3096} INFO - Sync 1 DAGs
[2025-12-11T04:20:08.778+0000] {logging_mixin.py:188} INFO - [2025-12-11T04:20:08.778+0000] {dag.py:3954} INFO - Setting next_dagrun for example_task_group_decorator to 2025-12-10 00:00:00+00:00, run_after=2025-12-11 00:00:00+00:00
[2025-12-11T04:20:08.817+0000] {processor.py:183} INFO - Processing /home/airflow/.local/lib/python3.9/site-packages/airflow/example_dags/example_task_group_decorator.py took 0.231 seconds
[2025-12-11T04:20:39.527+0000] {processor.py:161} INFO - Started process (PID=329) to work on /home/airflow/.local/lib/python3.9/site-packages/airflow/example_dags/example_task_group_decorator.py
[2025-12-11T04:20:39.531+0000] {processor.py:830} INFO - Processing file /home/airflow/.local/lib/python3.9/site-packages/airflow/example_dags/example_task_group_decorator.py for tasks to queue
[2025-12-11T04:20:39.542+0000] {logging_mixin.py:188} INFO - [2025-12-11T04:20:39.541+0000] {dagbag.py:545} INFO - Filling up the DagBag from /home/airflow/.local/lib/python3.9/site-packages/airflow/example_dags/example_task_group_decorator.py
[2025-12-11T04:20:39.589+0000] {processor.py:840} INFO - DAG(s) 'example_task_group_decorator' retrieved from /home/airflow/.local/lib/python3.9/site-packages/airflow/example_dags/example_task_group_decorator.py
[2025-12-11T04:20:39.684+0000] {logging_mixin.py:188} INFO - [2025-12-11T04:20:39.684+0000] {dag.py:3096} INFO - Sync 1 DAGs
[2025-12-11T04:20:39.778+0000] {logging_mixin.py:188} INFO - [2025-12-11T04:20:39.777+0000] {dag.py:3954} INFO - Setting next_dagrun for example_task_group_decorator to 2025-12-10 00:00:00+00:00, run_after=2025-12-11 00:00:00+00:00
[2025-12-11T04:20:39.840+0000] {processor.py:183} INFO - Processing /home/airflow/.local/lib/python3.9/site-packages/airflow/example_dags/example_task_group_decorator.py took 0.329 seconds
[2025-12-11T04:21:09.959+0000] {processor.py:161} INFO - Started process (PID=395) to work on /home/airflow/.local/lib/python3.9/site-packages/airflow/example_dags/example_task_group_decorator.py
[2025-12-11T04:21:09.966+0000] {processor.py:830} INFO - Processing file /home/airflow/.local/lib/python3.9/site-packages/airflow/example_dags/example_task_group_decorator.py for tasks to queue
[2025-12-11T04:21:09.979+0000] {logging_mixin.py:188} INFO - [2025-12-11T04:21:09.978+0000] {dagbag.py:545} INFO - Filling up the DagBag from /home/airflow/.local/lib/python3.9/site-packages/airflow/example_dags/example_task_group_decorator.py
[2025-12-11T04:21:10.042+0000] {processor.py:840} INFO - DAG(s) 'example_task_group_decorator' retrieved from /home/airflow/.local/lib/python3.9/site-packages/airflow/example_dags/example_task_group_decorator.py
[2025-12-11T04:21:10.203+0000] {logging_mixin.py:188} INFO - [2025-12-11T04:21:10.202+0000] {dag.py:3096} INFO - Sync 1 DAGs
[2025-12-11T04:21:10.269+0000] {logging_mixin.py:188} INFO - [2025-12-11T04:21:10.269+0000] {dag.py:3954} INFO - Setting next_dagrun for example_task_group_decorator to 2025-12-10 00:00:00+00:00, run_after=2025-12-11 00:00:00+00:00
[2025-12-11T04:21:10.312+0000] {processor.py:183} INFO - Processing /home/airflow/.local/lib/python3.9/site-packages/airflow/example_dags/example_task_group_decorator.py took 0.391 seconds
[2025-12-11T04:21:40.511+0000] {processor.py:161} INFO - Started process (PID=460) to work on /home/airflow/.local/lib/python3.9/site-packages/airflow/example_dags/example_task_group_decorator.py
[2025-12-11T04:21:40.518+0000] {processor.py:830} INFO - Processing file /home/airflow/.local/lib/python3.9/site-packages/airflow/example_dags/example_task_group_decorator.py for tasks to queue
[2025-12-11T04:21:40.521+0000] {logging_mixin.py:188} INFO - [2025-12-11T04:21:40.520+0000] {dagbag.py:545} INFO - Filling up the DagBag from /home/airflow/.local/lib/python3.9/site-packages/airflow/example_dags/example_task_group_decorator.py
[2025-12-11T04:21:40.543+0000] {processor.py:840} INFO - DAG(s) 'example_task_group_decorator' retrieved from /home/airflow/.local/lib/python3.9/site-packages/airflow/example_dags/example_task_group_decorator.py
[2025-12-11T04:21:40.622+0000] {logging_mixin.py:188} INFO - [2025-12-11T04:21:40.622+0000] {dag.py:3096} INFO - Sync 1 DAGs
[2025-12-11T04:21:40.687+0000] {logging_mixin.py:188} INFO - [2025-12-11T04:21:40.686+0000] {dag.py:3954} INFO - Setting next_dagrun for example_task_group_decorator to 2025-12-10 00:00:00+00:00, run_after=2025-12-11 00:00:00+00:00
[2025-12-11T04:21:40.728+0000] {processor.py:183} INFO - Processing /home/airflow/.local/lib/python3.9/site-packages/airflow/example_dags/example_task_group_decorator.py took 0.228 seconds
[2025-12-11T04:22:10.931+0000] {processor.py:161} INFO - Started process (PID=526) to work on /home/airflow/.local/lib/python3.9/site-packages/airflow/example_dags/example_task_group_decorator.py
[2025-12-11T04:22:10.933+0000] {processor.py:830} INFO - Processing file /home/airflow/.local/lib/python3.9/site-packages/airflow/example_dags/example_task_group_decorator.py for tasks to queue
[2025-12-11T04:22:10.937+0000] {logging_mixin.py:188} INFO - [2025-12-11T04:22:10.936+0000] {dagbag.py:545} INFO - Filling up the DagBag from /home/airflow/.local/lib/python3.9/site-packages/airflow/example_dags/example_task_group_decorator.py
[2025-12-11T04:22:10.956+0000] {processor.py:840} INFO - DAG(s) 'example_task_group_decorator' retrieved from /home/airflow/.local/lib/python3.9/site-packages/airflow/example_dags/example_task_group_decorator.py
[2025-12-11T04:22:11.001+0000] {logging_mixin.py:188} INFO - [2025-12-11T04:22:11.000+0000] {dag.py:3096} INFO - Sync 1 DAGs
[2025-12-11T04:22:11.041+0000] {logging_mixin.py:188} INFO - [2025-12-11T04:22:11.041+0000] {dag.py:3954} INFO - Setting next_dagrun for example_task_group_decorator to 2025-12-10 00:00:00+00:00, run_after=2025-12-11 00:00:00+00:00
[2025-12-11T04:22:11.068+0000] {processor.py:183} INFO - Processing /home/airflow/.local/lib/python3.9/site-packages/airflow/example_dags/example_task_group_decorator.py took 0.148 seconds
[2025-12-11T04:22:41.652+0000] {processor.py:161} INFO - Started process (PID=592) to work on /home/airflow/.local/lib/python3.9/site-packages/airflow/example_dags/example_task_group_decorator.py
[2025-12-11T04:22:41.654+0000] {processor.py:830} INFO - Processing file /home/airflow/.local/lib/python3.9/site-packages/airflow/example_dags/example_task_group_decorator.py for tasks to queue
[2025-12-11T04:22:41.659+0000] {logging_mixin.py:188} INFO - [2025-12-11T04:22:41.658+0000] {dagbag.py:545} INFO - Filling up the DagBag from /home/airflow/.local/lib/python3.9/site-packages/airflow/example_dags/example_task_group_decorator.py
[2025-12-11T04:22:41.683+0000] {processor.py:840} INFO - DAG(s) 'example_task_group_decorator' retrieved from /home/airflow/.local/lib/python3.9/site-packages/airflow/example_dags/example_task_group_decorator.py
[2025-12-11T04:22:41.730+0000] {logging_mixin.py:188} INFO - [2025-12-11T04:22:41.729+0000] {dag.py:3096} INFO - Sync 1 DAGs
[2025-12-11T04:22:41.781+0000] {logging_mixin.py:188} INFO - [2025-12-11T04:22:41.781+0000] {dag.py:3954} INFO - Setting next_dagrun for example_task_group_decorator to 2025-12-10 00:00:00+00:00, run_after=2025-12-11 00:00:00+00:00
[2025-12-11T04:22:41.816+0000] {processor.py:183} INFO - Processing /home/airflow/.local/lib/python3.9/site-packages/airflow/example_dags/example_task_group_decorator.py took 0.177 seconds
[2025-12-11T04:23:12.210+0000] {processor.py:161} INFO - Started process (PID=658) to work on /home/airflow/.local/lib/python3.9/site-packages/airflow/example_dags/example_task_group_decorator.py
[2025-12-11T04:23:12.323+0000] {processor.py:830} INFO - Processing file /home/airflow/.local/lib/python3.9/site-packages/airflow/example_dags/example_task_group_decorator.py for tasks to queue
[2025-12-11T04:23:12.327+0000] {logging_mixin.py:188} INFO - [2025-12-11T04:23:12.326+0000] {dagbag.py:545} INFO - Filling up the DagBag from /home/airflow/.local/lib/python3.9/site-packages/airflow/example_dags/example_task_group_decorator.py
[2025-12-11T04:23:12.350+0000] {processor.py:840} INFO - DAG(s) 'example_task_group_decorator' retrieved from /home/airflow/.local/lib/python3.9/site-packages/airflow/example_dags/example_task_group_decorator.py
[2025-12-11T04:23:12.421+0000] {logging_mixin.py:188} INFO - [2025-12-11T04:23:12.421+0000] {dag.py:3096} INFO - Sync 1 DAGs
[2025-12-11T04:23:12.503+0000] {logging_mixin.py:188} INFO - [2025-12-11T04:23:12.502+0000] {dag.py:3954} INFO - Setting next_dagrun for example_task_group_decorator to 2025-12-10 00:00:00+00:00, run_after=2025-12-11 00:00:00+00:00
[2025-12-11T04:23:12.560+0000] {processor.py:183} INFO - Processing /home/airflow/.local/lib/python3.9/site-packages/airflow/example_dags/example_task_group_decorator.py took 0.361 seconds
[2025-12-11T04:23:42.852+0000] {processor.py:161} INFO - Started process (PID=724) to work on /home/airflow/.local/lib/python3.9/site-packages/airflow/example_dags/example_task_group_decorator.py
[2025-12-11T04:23:42.857+0000] {processor.py:830} INFO - Processing file /home/airflow/.local/lib/python3.9/site-packages/airflow/example_dags/example_task_group_decorator.py for tasks to queue
[2025-12-11T04:23:42.860+0000] {logging_mixin.py:188} INFO - [2025-12-11T04:23:42.860+0000] {dagbag.py:545} INFO - Filling up the DagBag from /home/airflow/.local/lib/python3.9/site-packages/airflow/example_dags/example_task_group_decorator.py
[2025-12-11T04:23:42.884+0000] {processor.py:840} INFO - DAG(s) 'example_task_group_decorator' retrieved from /home/airflow/.local/lib/python3.9/site-packages/airflow/example_dags/example_task_group_decorator.py
[2025-12-11T04:23:42.940+0000] {logging_mixin.py:188} INFO - [2025-12-11T04:23:42.939+0000] {dag.py:3096} INFO - Sync 1 DAGs
[2025-12-11T04:23:42.980+0000] {logging_mixin.py:188} INFO - [2025-12-11T04:23:42.980+0000] {dag.py:3954} INFO - Setting next_dagrun for example_task_group_decorator to 2025-12-10 00:00:00+00:00, run_after=2025-12-11 00:00:00+00:00
[2025-12-11T04:23:43.011+0000] {processor.py:183} INFO - Processing /home/airflow/.local/lib/python3.9/site-packages/airflow/example_dags/example_task_group_decorator.py took 0.172 seconds
[2025-12-11T04:24:13.947+0000] {processor.py:161} INFO - Started process (PID=790) to work on /home/airflow/.local/lib/python3.9/site-packages/airflow/example_dags/example_task_group_decorator.py
[2025-12-11T04:24:13.948+0000] {processor.py:830} INFO - Processing file /home/airflow/.local/lib/python3.9/site-packages/airflow/example_dags/example_task_group_decorator.py for tasks to queue
[2025-12-11T04:24:13.959+0000] {logging_mixin.py:188} INFO - [2025-12-11T04:24:13.959+0000] {dagbag.py:545} INFO - Filling up the DagBag from /home/airflow/.local/lib/python3.9/site-packages/airflow/example_dags/example_task_group_decorator.py
[2025-12-11T04:24:13.983+0000] {processor.py:840} INFO - DAG(s) 'example_task_group_decorator' retrieved from /home/airflow/.local/lib/python3.9/site-packages/airflow/example_dags/example_task_group_decorator.py
[2025-12-11T04:24:14.061+0000] {logging_mixin.py:188} INFO - [2025-12-11T04:24:14.061+0000] {dag.py:3096} INFO - Sync 1 DAGs
[2025-12-11T04:24:14.142+0000] {logging_mixin.py:188} INFO - [2025-12-11T04:24:14.142+0000] {dag.py:3954} INFO - Setting next_dagrun for example_task_group_decorator to 2025-12-10 00:00:00+00:00, run_after=2025-12-11 00:00:00+00:00
[2025-12-11T04:24:14.186+0000] {processor.py:183} INFO - Processing /home/airflow/.local/lib/python3.9/site-packages/airflow/example_dags/example_task_group_decorator.py took 0.260 seconds
[2025-12-11T04:24:44.402+0000] {processor.py:161} INFO - Started process (PID=856) to work on /home/airflow/.local/lib/python3.9/site-packages/airflow/example_dags/example_task_group_decorator.py
[2025-12-11T04:24:44.403+0000] {processor.py:830} INFO - Processing file /home/airflow/.local/lib/python3.9/site-packages/airflow/example_dags/example_task_group_decorator.py for tasks to queue
[2025-12-11T04:24:44.406+0000] {logging_mixin.py:188} INFO - [2025-12-11T04:24:44.406+0000] {dagbag.py:545} INFO - Filling up the DagBag from /home/airflow/.local/lib/python3.9/site-packages/airflow/example_dags/example_task_group_decorator.py
[2025-12-11T04:24:44.427+0000] {processor.py:840} INFO - DAG(s) 'example_task_group_decorator' retrieved from /home/airflow/.local/lib/python3.9/site-packages/airflow/example_dags/example_task_group_decorator.py
[2025-12-11T04:24:44.474+0000] {logging_mixin.py:188} INFO - [2025-12-11T04:24:44.474+0000] {dag.py:3096} INFO - Sync 1 DAGs
[2025-12-11T04:24:44.522+0000] {logging_mixin.py:188} INFO - [2025-12-11T04:24:44.522+0000] {dag.py:3954} INFO - Setting next_dagrun for example_task_group_decorator to 2025-12-10 00:00:00+00:00, run_after=2025-12-11 00:00:00+00:00
[2025-12-11T04:24:44.549+0000] {processor.py:183} INFO - Processing /home/airflow/.local/lib/python3.9/site-packages/airflow/example_dags/example_task_group_decorator.py took 0.163 seconds
[2025-12-11T04:25:14.845+0000] {processor.py:161} INFO - Started process (PID=921) to work on /home/airflow/.local/lib/python3.9/site-packages/airflow/example_dags/example_task_group_decorator.py
[2025-12-11T04:25:14.917+0000] {processor.py:830} INFO - Processing file /home/airflow/.local/lib/python3.9/site-packages/airflow/example_dags/example_task_group_decorator.py for tasks to queue
[2025-12-11T04:25:14.921+0000] {logging_mixin.py:188} INFO - [2025-12-11T04:25:14.921+0000] {dagbag.py:545} INFO - Filling up the DagBag from /home/airflow/.local/lib/python3.9/site-packages/airflow/example_dags/example_task_group_decorator.py
[2025-12-11T04:25:14.982+0000] {processor.py:840} INFO - DAG(s) 'example_task_group_decorator' retrieved from /home/airflow/.local/lib/python3.9/site-packages/airflow/example_dags/example_task_group_decorator.py
[2025-12-11T04:25:15.059+0000] {logging_mixin.py:188} INFO - [2025-12-11T04:25:15.058+0000] {dag.py:3096} INFO - Sync 1 DAGs
[2025-12-11T04:25:15.104+0000] {logging_mixin.py:188} INFO - [2025-12-11T04:25:15.103+0000] {dag.py:3954} INFO - Setting next_dagrun for example_task_group_decorator to 2025-12-10 00:00:00+00:00, run_after=2025-12-11 00:00:00+00:00
[2025-12-11T04:25:15.143+0000] {processor.py:183} INFO - Processing /home/airflow/.local/lib/python3.9/site-packages/airflow/example_dags/example_task_group_decorator.py took 0.316 seconds
[2025-12-11T04:25:45.299+0000] {processor.py:161} INFO - Started process (PID=987) to work on /home/airflow/.local/lib/python3.9/site-packages/airflow/example_dags/example_task_group_decorator.py
[2025-12-11T04:25:45.300+0000] {processor.py:830} INFO - Processing file /home/airflow/.local/lib/python3.9/site-packages/airflow/example_dags/example_task_group_decorator.py for tasks to queue
[2025-12-11T04:25:45.303+0000] {logging_mixin.py:188} INFO - [2025-12-11T04:25:45.302+0000] {dagbag.py:545} INFO - Filling up the DagBag from /home/airflow/.local/lib/python3.9/site-packages/airflow/example_dags/example_task_group_decorator.py
[2025-12-11T04:25:45.324+0000] {processor.py:840} INFO - DAG(s) 'example_task_group_decorator' retrieved from /home/airflow/.local/lib/python3.9/site-packages/airflow/example_dags/example_task_group_decorator.py
[2025-12-11T04:25:45.365+0000] {logging_mixin.py:188} INFO - [2025-12-11T04:25:45.365+0000] {dag.py:3096} INFO - Sync 1 DAGs
[2025-12-11T04:25:45.401+0000] {logging_mixin.py:188} INFO - [2025-12-11T04:25:45.400+0000] {dag.py:3954} INFO - Setting next_dagrun for example_task_group_decorator to 2025-12-10 00:00:00+00:00, run_after=2025-12-11 00:00:00+00:00
[2025-12-11T04:25:45.426+0000] {processor.py:183} INFO - Processing /home/airflow/.local/lib/python3.9/site-packages/airflow/example_dags/example_task_group_decorator.py took 0.140 seconds
[2025-12-11T04:26:15.483+0000] {processor.py:161} INFO - Started process (PID=1053) to work on /home/airflow/.local/lib/python3.9/site-packages/airflow/example_dags/example_task_group_decorator.py
[2025-12-11T04:26:15.485+0000] {processor.py:830} INFO - Processing file /home/airflow/.local/lib/python3.9/site-packages/airflow/example_dags/example_task_group_decorator.py for tasks to queue
[2025-12-11T04:26:15.487+0000] {logging_mixin.py:188} INFO - [2025-12-11T04:26:15.487+0000] {dagbag.py:545} INFO - Filling up the DagBag from /home/airflow/.local/lib/python3.9/site-packages/airflow/example_dags/example_task_group_decorator.py
[2025-12-11T04:26:15.522+0000] {processor.py:840} INFO - DAG(s) 'example_task_group_decorator' retrieved from /home/airflow/.local/lib/python3.9/site-packages/airflow/example_dags/example_task_group_decorator.py
[2025-12-11T04:26:15.587+0000] {logging_mixin.py:188} INFO - [2025-12-11T04:26:15.586+0000] {dag.py:3096} INFO - Sync 1 DAGs
[2025-12-11T04:26:15.628+0000] {logging_mixin.py:188} INFO - [2025-12-11T04:26:15.628+0000] {dag.py:3954} INFO - Setting next_dagrun for example_task_group_decorator to 2025-12-10 00:00:00+00:00, run_after=2025-12-11 00:00:00+00:00
[2025-12-11T04:26:15.658+0000] {processor.py:183} INFO - Processing /home/airflow/.local/lib/python3.9/site-packages/airflow/example_dags/example_task_group_decorator.py took 0.196 seconds
[2025-12-11T04:26:46.205+0000] {processor.py:161} INFO - Started process (PID=1126) to work on /home/airflow/.local/lib/python3.9/site-packages/airflow/example_dags/example_task_group_decorator.py
[2025-12-11T04:26:46.207+0000] {processor.py:830} INFO - Processing file /home/airflow/.local/lib/python3.9/site-packages/airflow/example_dags/example_task_group_decorator.py for tasks to queue
[2025-12-11T04:26:46.209+0000] {logging_mixin.py:188} INFO - [2025-12-11T04:26:46.209+0000] {dagbag.py:545} INFO - Filling up the DagBag from /home/airflow/.local/lib/python3.9/site-packages/airflow/example_dags/example_task_group_decorator.py
[2025-12-11T04:26:46.240+0000] {processor.py:840} INFO - DAG(s) 'example_task_group_decorator' retrieved from /home/airflow/.local/lib/python3.9/site-packages/airflow/example_dags/example_task_group_decorator.py
[2025-12-11T04:26:46.305+0000] {logging_mixin.py:188} INFO - [2025-12-11T04:26:46.305+0000] {dag.py:3096} INFO - Sync 1 DAGs
[2025-12-11T04:26:46.363+0000] {logging_mixin.py:188} INFO - [2025-12-11T04:26:46.362+0000] {dag.py:3954} INFO - Setting next_dagrun for example_task_group_decorator to 2025-12-10 00:00:00+00:00, run_after=2025-12-11 00:00:00+00:00
[2025-12-11T04:26:46.406+0000] {processor.py:183} INFO - Processing /home/airflow/.local/lib/python3.9/site-packages/airflow/example_dags/example_task_group_decorator.py took 0.220 seconds
[2025-12-11T04:27:16.766+0000] {processor.py:161} INFO - Started process (PID=1192) to work on /home/airflow/.local/lib/python3.9/site-packages/airflow/example_dags/example_task_group_decorator.py
[2025-12-11T04:27:16.780+0000] {processor.py:830} INFO - Processing file /home/airflow/.local/lib/python3.9/site-packages/airflow/example_dags/example_task_group_decorator.py for tasks to queue
[2025-12-11T04:27:16.784+0000] {logging_mixin.py:188} INFO - [2025-12-11T04:27:16.783+0000] {dagbag.py:545} INFO - Filling up the DagBag from /home/airflow/.local/lib/python3.9/site-packages/airflow/example_dags/example_task_group_decorator.py
[2025-12-11T04:27:16.843+0000] {processor.py:840} INFO - DAG(s) 'example_task_group_decorator' retrieved from /home/airflow/.local/lib/python3.9/site-packages/airflow/example_dags/example_task_group_decorator.py
[2025-12-11T04:27:16.946+0000] {logging_mixin.py:188} INFO - [2025-12-11T04:27:16.946+0000] {dag.py:3096} INFO - Sync 1 DAGs
[2025-12-11T04:27:17.018+0000] {logging_mixin.py:188} INFO - [2025-12-11T04:27:17.017+0000] {dag.py:3954} INFO - Setting next_dagrun for example_task_group_decorator to 2025-12-10 00:00:00+00:00, run_after=2025-12-11 00:00:00+00:00
[2025-12-11T04:27:17.081+0000] {processor.py:183} INFO - Processing /home/airflow/.local/lib/python3.9/site-packages/airflow/example_dags/example_task_group_decorator.py took 0.337 seconds
[2025-12-11T04:27:47.342+0000] {processor.py:161} INFO - Started process (PID=1258) to work on /home/airflow/.local/lib/python3.9/site-packages/airflow/example_dags/example_task_group_decorator.py
[2025-12-11T04:27:47.343+0000] {processor.py:830} INFO - Processing file /home/airflow/.local/lib/python3.9/site-packages/airflow/example_dags/example_task_group_decorator.py for tasks to queue
[2025-12-11T04:27:47.359+0000] {logging_mixin.py:188} INFO - [2025-12-11T04:27:47.359+0000] {dagbag.py:545} INFO - Filling up the DagBag from /home/airflow/.local/lib/python3.9/site-packages/airflow/example_dags/example_task_group_decorator.py
[2025-12-11T04:27:47.388+0000] {processor.py:840} INFO - DAG(s) 'example_task_group_decorator' retrieved from /home/airflow/.local/lib/python3.9/site-packages/airflow/example_dags/example_task_group_decorator.py
[2025-12-11T04:27:47.507+0000] {logging_mixin.py:188} INFO - [2025-12-11T04:27:47.506+0000] {dag.py:3096} INFO - Sync 1 DAGs
[2025-12-11T04:27:47.618+0000] {logging_mixin.py:188} INFO - [2025-12-11T04:27:47.618+0000] {dag.py:3954} INFO - Setting next_dagrun for example_task_group_decorator to 2025-12-10 00:00:00+00:00, run_after=2025-12-11 00:00:00+00:00
[2025-12-11T04:27:47.744+0000] {processor.py:183} INFO - Processing /home/airflow/.local/lib/python3.9/site-packages/airflow/example_dags/example_task_group_decorator.py took 0.436 seconds
[2025-12-11T04:28:18.546+0000] {processor.py:161} INFO - Started process (PID=1324) to work on /home/airflow/.local/lib/python3.9/site-packages/airflow/example_dags/example_task_group_decorator.py
[2025-12-11T04:28:18.552+0000] {processor.py:830} INFO - Processing file /home/airflow/.local/lib/python3.9/site-packages/airflow/example_dags/example_task_group_decorator.py for tasks to queue
[2025-12-11T04:28:18.560+0000] {logging_mixin.py:188} INFO - [2025-12-11T04:28:18.559+0000] {dagbag.py:545} INFO - Filling up the DagBag from /home/airflow/.local/lib/python3.9/site-packages/airflow/example_dags/example_task_group_decorator.py
[2025-12-11T04:28:18.599+0000] {processor.py:840} INFO - DAG(s) 'example_task_group_decorator' retrieved from /home/airflow/.local/lib/python3.9/site-packages/airflow/example_dags/example_task_group_decorator.py
[2025-12-11T04:28:18.704+0000] {logging_mixin.py:188} INFO - [2025-12-11T04:28:18.703+0000] {dag.py:3096} INFO - Sync 1 DAGs
[2025-12-11T04:28:18.801+0000] {logging_mixin.py:188} INFO - [2025-12-11T04:28:18.801+0000] {dag.py:3954} INFO - Setting next_dagrun for example_task_group_decorator to 2025-12-10 00:00:00+00:00, run_after=2025-12-11 00:00:00+00:00
[2025-12-11T04:28:18.998+0000] {processor.py:183} INFO - Processing /home/airflow/.local/lib/python3.9/site-packages/airflow/example_dags/example_task_group_decorator.py took 0.470 seconds
[2025-12-11T04:28:49.167+0000] {processor.py:161} INFO - Started process (PID=1383) to work on /home/airflow/.local/lib/python3.9/site-packages/airflow/example_dags/example_task_group_decorator.py
[2025-12-11T04:28:49.176+0000] {processor.py:830} INFO - Processing file /home/airflow/.local/lib/python3.9/site-packages/airflow/example_dags/example_task_group_decorator.py for tasks to queue
[2025-12-11T04:28:49.179+0000] {logging_mixin.py:188} INFO - [2025-12-11T04:28:49.179+0000] {dagbag.py:545} INFO - Filling up the DagBag from /home/airflow/.local/lib/python3.9/site-packages/airflow/example_dags/example_task_group_decorator.py
[2025-12-11T04:28:49.208+0000] {processor.py:840} INFO - DAG(s) 'example_task_group_decorator' retrieved from /home/airflow/.local/lib/python3.9/site-packages/airflow/example_dags/example_task_group_decorator.py
[2025-12-11T04:28:49.281+0000] {logging_mixin.py:188} INFO - [2025-12-11T04:28:49.281+0000] {dag.py:3096} INFO - Sync 1 DAGs
[2025-12-11T04:28:49.317+0000] {logging_mixin.py:188} INFO - [2025-12-11T04:28:49.317+0000] {dag.py:3954} INFO - Setting next_dagrun for example_task_group_decorator to 2025-12-10 00:00:00+00:00, run_after=2025-12-11 00:00:00+00:00
[2025-12-11T04:28:49.344+0000] {processor.py:183} INFO - Processing /home/airflow/.local/lib/python3.9/site-packages/airflow/example_dags/example_task_group_decorator.py took 0.191 seconds
[2025-12-11T04:29:20.143+0000] {processor.py:161} INFO - Started process (PID=1449) to work on /home/airflow/.local/lib/python3.9/site-packages/airflow/example_dags/example_task_group_decorator.py
[2025-12-11T04:29:20.145+0000] {processor.py:830} INFO - Processing file /home/airflow/.local/lib/python3.9/site-packages/airflow/example_dags/example_task_group_decorator.py for tasks to queue
[2025-12-11T04:29:20.150+0000] {logging_mixin.py:188} INFO - [2025-12-11T04:29:20.149+0000] {dagbag.py:545} INFO - Filling up the DagBag from /home/airflow/.local/lib/python3.9/site-packages/airflow/example_dags/example_task_group_decorator.py
[2025-12-11T04:29:20.191+0000] {processor.py:840} INFO - DAG(s) 'example_task_group_decorator' retrieved from /home/airflow/.local/lib/python3.9/site-packages/airflow/example_dags/example_task_group_decorator.py
[2025-12-11T04:29:20.267+0000] {logging_mixin.py:188} INFO - [2025-12-11T04:29:20.267+0000] {dag.py:3096} INFO - Sync 1 DAGs
[2025-12-11T04:29:20.334+0000] {logging_mixin.py:188} INFO - [2025-12-11T04:29:20.333+0000] {dag.py:3954} INFO - Setting next_dagrun for example_task_group_decorator to 2025-12-10 00:00:00+00:00, run_after=2025-12-11 00:00:00+00:00
[2025-12-11T04:29:20.404+0000] {processor.py:183} INFO - Processing /home/airflow/.local/lib/python3.9/site-packages/airflow/example_dags/example_task_group_decorator.py took 0.281 seconds
[2025-12-11T04:29:50.898+0000] {processor.py:161} INFO - Started process (PID=1515) to work on /home/airflow/.local/lib/python3.9/site-packages/airflow/example_dags/example_task_group_decorator.py
[2025-12-11T04:29:50.900+0000] {processor.py:830} INFO - Processing file /home/airflow/.local/lib/python3.9/site-packages/airflow/example_dags/example_task_group_decorator.py for tasks to queue
[2025-12-11T04:29:50.903+0000] {logging_mixin.py:188} INFO - [2025-12-11T04:29:50.902+0000] {dagbag.py:545} INFO - Filling up the DagBag from /home/airflow/.local/lib/python3.9/site-packages/airflow/example_dags/example_task_group_decorator.py
[2025-12-11T04:29:50.946+0000] {processor.py:840} INFO - DAG(s) 'example_task_group_decorator' retrieved from /home/airflow/.local/lib/python3.9/site-packages/airflow/example_dags/example_task_group_decorator.py
[2025-12-11T04:29:51.029+0000] {logging_mixin.py:188} INFO - [2025-12-11T04:29:51.028+0000] {dag.py:3096} INFO - Sync 1 DAGs
[2025-12-11T04:29:51.122+0000] {logging_mixin.py:188} INFO - [2025-12-11T04:29:51.121+0000] {dag.py:3954} INFO - Setting next_dagrun for example_task_group_decorator to 2025-12-10 00:00:00+00:00, run_after=2025-12-11 00:00:00+00:00
[2025-12-11T04:29:51.190+0000] {processor.py:183} INFO - Processing /home/airflow/.local/lib/python3.9/site-packages/airflow/example_dags/example_task_group_decorator.py took 0.313 seconds
[2025-12-11T04:30:21.810+0000] {processor.py:161} INFO - Started process (PID=1588) to work on /home/airflow/.local/lib/python3.9/site-packages/airflow/example_dags/example_task_group_decorator.py
[2025-12-11T04:30:21.817+0000] {processor.py:830} INFO - Processing file /home/airflow/.local/lib/python3.9/site-packages/airflow/example_dags/example_task_group_decorator.py for tasks to queue
[2025-12-11T04:30:21.821+0000] {logging_mixin.py:188} INFO - [2025-12-11T04:30:21.821+0000] {dagbag.py:545} INFO - Filling up the DagBag from /home/airflow/.local/lib/python3.9/site-packages/airflow/example_dags/example_task_group_decorator.py
[2025-12-11T04:30:21.867+0000] {processor.py:840} INFO - DAG(s) 'example_task_group_decorator' retrieved from /home/airflow/.local/lib/python3.9/site-packages/airflow/example_dags/example_task_group_decorator.py
[2025-12-11T04:30:21.966+0000] {logging_mixin.py:188} INFO - [2025-12-11T04:30:21.965+0000] {dag.py:3096} INFO - Sync 1 DAGs
[2025-12-11T04:30:22.046+0000] {logging_mixin.py:188} INFO - [2025-12-11T04:30:22.045+0000] {dag.py:3954} INFO - Setting next_dagrun for example_task_group_decorator to 2025-12-10 00:00:00+00:00, run_after=2025-12-11 00:00:00+00:00
[2025-12-11T04:30:22.479+0000] {processor.py:183} INFO - Processing /home/airflow/.local/lib/python3.9/site-packages/airflow/example_dags/example_task_group_decorator.py took 0.694 seconds
[2025-12-11T04:30:53.200+0000] {processor.py:161} INFO - Started process (PID=1653) to work on /home/airflow/.local/lib/python3.9/site-packages/airflow/example_dags/example_task_group_decorator.py
[2025-12-11T04:30:53.208+0000] {processor.py:830} INFO - Processing file /home/airflow/.local/lib/python3.9/site-packages/airflow/example_dags/example_task_group_decorator.py for tasks to queue
[2025-12-11T04:30:53.218+0000] {logging_mixin.py:188} INFO - [2025-12-11T04:30:53.218+0000] {dagbag.py:545} INFO - Filling up the DagBag from /home/airflow/.local/lib/python3.9/site-packages/airflow/example_dags/example_task_group_decorator.py
[2025-12-11T04:30:53.247+0000] {processor.py:840} INFO - DAG(s) 'example_task_group_decorator' retrieved from /home/airflow/.local/lib/python3.9/site-packages/airflow/example_dags/example_task_group_decorator.py
[2025-12-11T04:30:53.317+0000] {logging_mixin.py:188} INFO - [2025-12-11T04:30:53.314+0000] {dag.py:3096} INFO - Sync 1 DAGs
[2025-12-11T04:30:53.360+0000] {logging_mixin.py:188} INFO - [2025-12-11T04:30:53.360+0000] {dag.py:3954} INFO - Setting next_dagrun for example_task_group_decorator to 2025-12-10 00:00:00+00:00, run_after=2025-12-11 00:00:00+00:00
[2025-12-11T04:30:53.600+0000] {processor.py:183} INFO - Processing /home/airflow/.local/lib/python3.9/site-packages/airflow/example_dags/example_task_group_decorator.py took 0.419 seconds
[2025-12-11T04:31:23.888+0000] {processor.py:161} INFO - Started process (PID=1719) to work on /home/airflow/.local/lib/python3.9/site-packages/airflow/example_dags/example_task_group_decorator.py
[2025-12-11T04:31:23.898+0000] {processor.py:830} INFO - Processing file /home/airflow/.local/lib/python3.9/site-packages/airflow/example_dags/example_task_group_decorator.py for tasks to queue
[2025-12-11T04:31:23.902+0000] {logging_mixin.py:188} INFO - [2025-12-11T04:31:23.901+0000] {dagbag.py:545} INFO - Filling up the DagBag from /home/airflow/.local/lib/python3.9/site-packages/airflow/example_dags/example_task_group_decorator.py
[2025-12-11T04:31:23.929+0000] {processor.py:840} INFO - DAG(s) 'example_task_group_decorator' retrieved from /home/airflow/.local/lib/python3.9/site-packages/airflow/example_dags/example_task_group_decorator.py
[2025-12-11T04:31:23.979+0000] {logging_mixin.py:188} INFO - [2025-12-11T04:31:23.979+0000] {dag.py:3096} INFO - Sync 1 DAGs
[2025-12-11T04:31:24.020+0000] {logging_mixin.py:188} INFO - [2025-12-11T04:31:24.019+0000] {dag.py:3954} INFO - Setting next_dagrun for example_task_group_decorator to 2025-12-10 00:00:00+00:00, run_after=2025-12-11 00:00:00+00:00
[2025-12-11T04:31:24.078+0000] {processor.py:183} INFO - Processing /home/airflow/.local/lib/python3.9/site-packages/airflow/example_dags/example_task_group_decorator.py took 0.201 seconds
[2025-12-11T04:31:54.511+0000] {processor.py:161} INFO - Started process (PID=1785) to work on /home/airflow/.local/lib/python3.9/site-packages/airflow/example_dags/example_task_group_decorator.py
[2025-12-11T04:31:54.517+0000] {processor.py:830} INFO - Processing file /home/airflow/.local/lib/python3.9/site-packages/airflow/example_dags/example_task_group_decorator.py for tasks to queue
[2025-12-11T04:31:54.520+0000] {logging_mixin.py:188} INFO - [2025-12-11T04:31:54.519+0000] {dagbag.py:545} INFO - Filling up the DagBag from /home/airflow/.local/lib/python3.9/site-packages/airflow/example_dags/example_task_group_decorator.py
[2025-12-11T04:31:54.541+0000] {processor.py:840} INFO - DAG(s) 'example_task_group_decorator' retrieved from /home/airflow/.local/lib/python3.9/site-packages/airflow/example_dags/example_task_group_decorator.py
[2025-12-11T04:31:54.592+0000] {logging_mixin.py:188} INFO - [2025-12-11T04:31:54.592+0000] {dag.py:3096} INFO - Sync 1 DAGs
[2025-12-11T04:31:54.638+0000] {logging_mixin.py:188} INFO - [2025-12-11T04:31:54.638+0000] {dag.py:3954} INFO - Setting next_dagrun for example_task_group_decorator to 2025-12-10 00:00:00+00:00, run_after=2025-12-11 00:00:00+00:00
[2025-12-11T04:31:54.668+0000] {processor.py:183} INFO - Processing /home/airflow/.local/lib/python3.9/site-packages/airflow/example_dags/example_task_group_decorator.py took 0.167 seconds
[2025-12-11T04:32:25.623+0000] {processor.py:161} INFO - Started process (PID=1851) to work on /home/airflow/.local/lib/python3.9/site-packages/airflow/example_dags/example_task_group_decorator.py
[2025-12-11T04:32:25.625+0000] {processor.py:830} INFO - Processing file /home/airflow/.local/lib/python3.9/site-packages/airflow/example_dags/example_task_group_decorator.py for tasks to queue
[2025-12-11T04:32:25.629+0000] {logging_mixin.py:188} INFO - [2025-12-11T04:32:25.628+0000] {dagbag.py:545} INFO - Filling up the DagBag from /home/airflow/.local/lib/python3.9/site-packages/airflow/example_dags/example_task_group_decorator.py
[2025-12-11T04:32:25.655+0000] {processor.py:840} INFO - DAG(s) 'example_task_group_decorator' retrieved from /home/airflow/.local/lib/python3.9/site-packages/airflow/example_dags/example_task_group_decorator.py
[2025-12-11T04:32:25.714+0000] {logging_mixin.py:188} INFO - [2025-12-11T04:32:25.713+0000] {dag.py:3096} INFO - Sync 1 DAGs
[2025-12-11T04:32:25.750+0000] {logging_mixin.py:188} INFO - [2025-12-11T04:32:25.750+0000] {dag.py:3954} INFO - Setting next_dagrun for example_task_group_decorator to 2025-12-10 00:00:00+00:00, run_after=2025-12-11 00:00:00+00:00
[2025-12-11T04:32:25.778+0000] {processor.py:183} INFO - Processing /home/airflow/.local/lib/python3.9/site-packages/airflow/example_dags/example_task_group_decorator.py took 0.173 seconds
[2025-12-11T04:32:56.247+0000] {processor.py:161} INFO - Started process (PID=1917) to work on /home/airflow/.local/lib/python3.9/site-packages/airflow/example_dags/example_task_group_decorator.py
[2025-12-11T04:32:56.249+0000] {processor.py:830} INFO - Processing file /home/airflow/.local/lib/python3.9/site-packages/airflow/example_dags/example_task_group_decorator.py for tasks to queue
[2025-12-11T04:32:56.251+0000] {logging_mixin.py:188} INFO - [2025-12-11T04:32:56.251+0000] {dagbag.py:545} INFO - Filling up the DagBag from /home/airflow/.local/lib/python3.9/site-packages/airflow/example_dags/example_task_group_decorator.py
[2025-12-11T04:32:56.282+0000] {processor.py:840} INFO - DAG(s) 'example_task_group_decorator' retrieved from /home/airflow/.local/lib/python3.9/site-packages/airflow/example_dags/example_task_group_decorator.py
[2025-12-11T04:32:56.326+0000] {logging_mixin.py:188} INFO - [2025-12-11T04:32:56.325+0000] {dag.py:3096} INFO - Sync 1 DAGs
[2025-12-11T04:32:56.369+0000] {logging_mixin.py:188} INFO - [2025-12-11T04:32:56.368+0000] {dag.py:3954} INFO - Setting next_dagrun for example_task_group_decorator to 2025-12-10 00:00:00+00:00, run_after=2025-12-11 00:00:00+00:00
[2025-12-11T04:32:56.395+0000] {processor.py:183} INFO - Processing /home/airflow/.local/lib/python3.9/site-packages/airflow/example_dags/example_task_group_decorator.py took 0.158 seconds
[2025-12-11T04:33:26.978+0000] {processor.py:161} INFO - Started process (PID=1981) to work on /home/airflow/.local/lib/python3.9/site-packages/airflow/example_dags/example_task_group_decorator.py
[2025-12-11T04:33:26.980+0000] {processor.py:830} INFO - Processing file /home/airflow/.local/lib/python3.9/site-packages/airflow/example_dags/example_task_group_decorator.py for tasks to queue
[2025-12-11T04:33:26.982+0000] {logging_mixin.py:188} INFO - [2025-12-11T04:33:26.982+0000] {dagbag.py:545} INFO - Filling up the DagBag from /home/airflow/.local/lib/python3.9/site-packages/airflow/example_dags/example_task_group_decorator.py
[2025-12-11T04:33:27.000+0000] {processor.py:840} INFO - DAG(s) 'example_task_group_decorator' retrieved from /home/airflow/.local/lib/python3.9/site-packages/airflow/example_dags/example_task_group_decorator.py
[2025-12-11T04:33:27.044+0000] {logging_mixin.py:188} INFO - [2025-12-11T04:33:27.043+0000] {dag.py:3096} INFO - Sync 1 DAGs
[2025-12-11T04:33:27.081+0000] {logging_mixin.py:188} INFO - [2025-12-11T04:33:27.081+0000] {dag.py:3954} INFO - Setting next_dagrun for example_task_group_decorator to 2025-12-10 00:00:00+00:00, run_after=2025-12-11 00:00:00+00:00
[2025-12-11T04:33:27.121+0000] {processor.py:183} INFO - Processing /home/airflow/.local/lib/python3.9/site-packages/airflow/example_dags/example_task_group_decorator.py took 0.152 seconds
[2025-12-11T04:33:57.658+0000] {processor.py:161} INFO - Started process (PID=2049) to work on /home/airflow/.local/lib/python3.9/site-packages/airflow/example_dags/example_task_group_decorator.py
[2025-12-11T04:33:57.660+0000] {processor.py:830} INFO - Processing file /home/airflow/.local/lib/python3.9/site-packages/airflow/example_dags/example_task_group_decorator.py for tasks to queue
[2025-12-11T04:33:57.663+0000] {logging_mixin.py:188} INFO - [2025-12-11T04:33:57.663+0000] {dagbag.py:545} INFO - Filling up the DagBag from /home/airflow/.local/lib/python3.9/site-packages/airflow/example_dags/example_task_group_decorator.py
[2025-12-11T04:33:57.700+0000] {processor.py:840} INFO - DAG(s) 'example_task_group_decorator' retrieved from /home/airflow/.local/lib/python3.9/site-packages/airflow/example_dags/example_task_group_decorator.py
[2025-12-11T04:33:57.760+0000] {logging_mixin.py:188} INFO - [2025-12-11T04:33:57.760+0000] {dag.py:3096} INFO - Sync 1 DAGs
[2025-12-11T04:33:57.818+0000] {logging_mixin.py:188} INFO - [2025-12-11T04:33:57.817+0000] {dag.py:3954} INFO - Setting next_dagrun for example_task_group_decorator to 2025-12-10 00:00:00+00:00, run_after=2025-12-11 00:00:00+00:00
[2025-12-11T04:33:57.865+0000] {processor.py:183} INFO - Processing /home/airflow/.local/lib/python3.9/site-packages/airflow/example_dags/example_task_group_decorator.py took 0.227 seconds
[2025-12-11T04:34:28.248+0000] {processor.py:161} INFO - Started process (PID=2116) to work on /home/airflow/.local/lib/python3.9/site-packages/airflow/example_dags/example_task_group_decorator.py
[2025-12-11T04:34:28.261+0000] {processor.py:830} INFO - Processing file /home/airflow/.local/lib/python3.9/site-packages/airflow/example_dags/example_task_group_decorator.py for tasks to queue
[2025-12-11T04:34:28.264+0000] {logging_mixin.py:188} INFO - [2025-12-11T04:34:28.264+0000] {dagbag.py:545} INFO - Filling up the DagBag from /home/airflow/.local/lib/python3.9/site-packages/airflow/example_dags/example_task_group_decorator.py
[2025-12-11T04:34:28.289+0000] {processor.py:840} INFO - DAG(s) 'example_task_group_decorator' retrieved from /home/airflow/.local/lib/python3.9/site-packages/airflow/example_dags/example_task_group_decorator.py
[2025-12-11T04:34:28.349+0000] {logging_mixin.py:188} INFO - [2025-12-11T04:34:28.349+0000] {dag.py:3096} INFO - Sync 1 DAGs
[2025-12-11T04:34:28.398+0000] {logging_mixin.py:188} INFO - [2025-12-11T04:34:28.398+0000] {dag.py:3954} INFO - Setting next_dagrun for example_task_group_decorator to 2025-12-10 00:00:00+00:00, run_after=2025-12-11 00:00:00+00:00
[2025-12-11T04:34:28.695+0000] {processor.py:183} INFO - Processing /home/airflow/.local/lib/python3.9/site-packages/airflow/example_dags/example_task_group_decorator.py took 0.463 seconds
[2025-12-11T04:34:59.195+0000] {processor.py:161} INFO - Started process (PID=2183) to work on /home/airflow/.local/lib/python3.9/site-packages/airflow/example_dags/example_task_group_decorator.py
[2025-12-11T04:34:59.198+0000] {processor.py:830} INFO - Processing file /home/airflow/.local/lib/python3.9/site-packages/airflow/example_dags/example_task_group_decorator.py for tasks to queue
[2025-12-11T04:34:59.200+0000] {logging_mixin.py:188} INFO - [2025-12-11T04:34:59.200+0000] {dagbag.py:545} INFO - Filling up the DagBag from /home/airflow/.local/lib/python3.9/site-packages/airflow/example_dags/example_task_group_decorator.py
[2025-12-11T04:34:59.219+0000] {processor.py:840} INFO - DAG(s) 'example_task_group_decorator' retrieved from /home/airflow/.local/lib/python3.9/site-packages/airflow/example_dags/example_task_group_decorator.py
[2025-12-11T04:34:59.265+0000] {logging_mixin.py:188} INFO - [2025-12-11T04:34:59.264+0000] {dag.py:3096} INFO - Sync 1 DAGs
[2025-12-11T04:34:59.307+0000] {logging_mixin.py:188} INFO - [2025-12-11T04:34:59.306+0000] {dag.py:3954} INFO - Setting next_dagrun for example_task_group_decorator to 2025-12-10 00:00:00+00:00, run_after=2025-12-11 00:00:00+00:00
[2025-12-11T04:34:59.336+0000] {processor.py:183} INFO - Processing /home/airflow/.local/lib/python3.9/site-packages/airflow/example_dags/example_task_group_decorator.py took 0.151 seconds
[2025-12-11T04:35:30.057+0000] {processor.py:161} INFO - Started process (PID=2251) to work on /home/airflow/.local/lib/python3.9/site-packages/airflow/example_dags/example_task_group_decorator.py
[2025-12-11T04:35:30.058+0000] {processor.py:830} INFO - Processing file /home/airflow/.local/lib/python3.9/site-packages/airflow/example_dags/example_task_group_decorator.py for tasks to queue
[2025-12-11T04:35:30.061+0000] {logging_mixin.py:188} INFO - [2025-12-11T04:35:30.060+0000] {dagbag.py:545} INFO - Filling up the DagBag from /home/airflow/.local/lib/python3.9/site-packages/airflow/example_dags/example_task_group_decorator.py
[2025-12-11T04:35:30.081+0000] {processor.py:840} INFO - DAG(s) 'example_task_group_decorator' retrieved from /home/airflow/.local/lib/python3.9/site-packages/airflow/example_dags/example_task_group_decorator.py
[2025-12-11T04:35:30.119+0000] {logging_mixin.py:188} INFO - [2025-12-11T04:35:30.119+0000] {dag.py:3096} INFO - Sync 1 DAGs
[2025-12-11T04:35:30.151+0000] {logging_mixin.py:188} INFO - [2025-12-11T04:35:30.151+0000] {dag.py:3954} INFO - Setting next_dagrun for example_task_group_decorator to 2025-12-10 00:00:00+00:00, run_after=2025-12-11 00:00:00+00:00
[2025-12-11T04:35:30.183+0000] {processor.py:183} INFO - Processing /home/airflow/.local/lib/python3.9/site-packages/airflow/example_dags/example_task_group_decorator.py took 0.137 seconds
[2025-12-11T04:36:00.803+0000] {processor.py:161} INFO - Started process (PID=2318) to work on /home/airflow/.local/lib/python3.9/site-packages/airflow/example_dags/example_task_group_decorator.py
[2025-12-11T04:36:00.805+0000] {processor.py:830} INFO - Processing file /home/airflow/.local/lib/python3.9/site-packages/airflow/example_dags/example_task_group_decorator.py for tasks to queue
[2025-12-11T04:36:00.809+0000] {logging_mixin.py:188} INFO - [2025-12-11T04:36:00.808+0000] {dagbag.py:545} INFO - Filling up the DagBag from /home/airflow/.local/lib/python3.9/site-packages/airflow/example_dags/example_task_group_decorator.py
[2025-12-11T04:36:00.830+0000] {processor.py:840} INFO - DAG(s) 'example_task_group_decorator' retrieved from /home/airflow/.local/lib/python3.9/site-packages/airflow/example_dags/example_task_group_decorator.py
[2025-12-11T04:36:00.886+0000] {logging_mixin.py:188} INFO - [2025-12-11T04:36:00.886+0000] {dag.py:3096} INFO - Sync 1 DAGs
[2025-12-11T04:36:00.931+0000] {logging_mixin.py:188} INFO - [2025-12-11T04:36:00.931+0000] {dag.py:3954} INFO - Setting next_dagrun for example_task_group_decorator to 2025-12-10 00:00:00+00:00, run_after=2025-12-11 00:00:00+00:00
[2025-12-11T04:36:00.966+0000] {processor.py:183} INFO - Processing /home/airflow/.local/lib/python3.9/site-packages/airflow/example_dags/example_task_group_decorator.py took 0.184 seconds
[2025-12-11T04:36:31.285+0000] {processor.py:161} INFO - Started process (PID=2385) to work on /home/airflow/.local/lib/python3.9/site-packages/airflow/example_dags/example_task_group_decorator.py
[2025-12-11T04:36:31.287+0000] {processor.py:830} INFO - Processing file /home/airflow/.local/lib/python3.9/site-packages/airflow/example_dags/example_task_group_decorator.py for tasks to queue
[2025-12-11T04:36:31.289+0000] {logging_mixin.py:188} INFO - [2025-12-11T04:36:31.289+0000] {dagbag.py:545} INFO - Filling up the DagBag from /home/airflow/.local/lib/python3.9/site-packages/airflow/example_dags/example_task_group_decorator.py
[2025-12-11T04:36:31.309+0000] {processor.py:840} INFO - DAG(s) 'example_task_group_decorator' retrieved from /home/airflow/.local/lib/python3.9/site-packages/airflow/example_dags/example_task_group_decorator.py
[2025-12-11T04:36:31.352+0000] {logging_mixin.py:188} INFO - [2025-12-11T04:36:31.352+0000] {dag.py:3096} INFO - Sync 1 DAGs
[2025-12-11T04:36:31.399+0000] {logging_mixin.py:188} INFO - [2025-12-11T04:36:31.398+0000] {dag.py:3954} INFO - Setting next_dagrun for example_task_group_decorator to 2025-12-10 00:00:00+00:00, run_after=2025-12-11 00:00:00+00:00
[2025-12-11T04:36:31.426+0000] {processor.py:183} INFO - Processing /home/airflow/.local/lib/python3.9/site-packages/airflow/example_dags/example_task_group_decorator.py took 0.152 seconds
[2025-12-11T04:37:02.012+0000] {processor.py:161} INFO - Started process (PID=2452) to work on /home/airflow/.local/lib/python3.9/site-packages/airflow/example_dags/example_task_group_decorator.py
[2025-12-11T04:37:02.014+0000] {processor.py:830} INFO - Processing file /home/airflow/.local/lib/python3.9/site-packages/airflow/example_dags/example_task_group_decorator.py for tasks to queue
[2025-12-11T04:37:02.019+0000] {logging_mixin.py:188} INFO - [2025-12-11T04:37:02.018+0000] {dagbag.py:545} INFO - Filling up the DagBag from /home/airflow/.local/lib/python3.9/site-packages/airflow/example_dags/example_task_group_decorator.py
[2025-12-11T04:37:02.042+0000] {processor.py:840} INFO - DAG(s) 'example_task_group_decorator' retrieved from /home/airflow/.local/lib/python3.9/site-packages/airflow/example_dags/example_task_group_decorator.py
[2025-12-11T04:37:02.094+0000] {logging_mixin.py:188} INFO - [2025-12-11T04:37:02.094+0000] {dag.py:3096} INFO - Sync 1 DAGs
[2025-12-11T04:37:02.142+0000] {logging_mixin.py:188} INFO - [2025-12-11T04:37:02.141+0000] {dag.py:3954} INFO - Setting next_dagrun for example_task_group_decorator to 2025-12-10 00:00:00+00:00, run_after=2025-12-11 00:00:00+00:00
[2025-12-11T04:37:02.170+0000] {processor.py:183} INFO - Processing /home/airflow/.local/lib/python3.9/site-packages/airflow/example_dags/example_task_group_decorator.py took 0.168 seconds
[2025-12-11T04:37:32.332+0000] {processor.py:161} INFO - Started process (PID=2519) to work on /home/airflow/.local/lib/python3.9/site-packages/airflow/example_dags/example_task_group_decorator.py
[2025-12-11T04:37:32.339+0000] {processor.py:830} INFO - Processing file /home/airflow/.local/lib/python3.9/site-packages/airflow/example_dags/example_task_group_decorator.py for tasks to queue
[2025-12-11T04:37:32.341+0000] {logging_mixin.py:188} INFO - [2025-12-11T04:37:32.341+0000] {dagbag.py:545} INFO - Filling up the DagBag from /home/airflow/.local/lib/python3.9/site-packages/airflow/example_dags/example_task_group_decorator.py
[2025-12-11T04:37:32.360+0000] {processor.py:840} INFO - DAG(s) 'example_task_group_decorator' retrieved from /home/airflow/.local/lib/python3.9/site-packages/airflow/example_dags/example_task_group_decorator.py
[2025-12-11T04:37:32.410+0000] {logging_mixin.py:188} INFO - [2025-12-11T04:37:32.410+0000] {dag.py:3096} INFO - Sync 1 DAGs
[2025-12-11T04:37:32.448+0000] {logging_mixin.py:188} INFO - [2025-12-11T04:37:32.447+0000] {dag.py:3954} INFO - Setting next_dagrun for example_task_group_decorator to 2025-12-10 00:00:00+00:00, run_after=2025-12-11 00:00:00+00:00
[2025-12-11T04:37:32.475+0000] {processor.py:183} INFO - Processing /home/airflow/.local/lib/python3.9/site-packages/airflow/example_dags/example_task_group_decorator.py took 0.153 seconds
[2025-12-11T04:38:03.323+0000] {processor.py:161} INFO - Started process (PID=2586) to work on /home/airflow/.local/lib/python3.9/site-packages/airflow/example_dags/example_task_group_decorator.py
[2025-12-11T04:38:03.331+0000] {processor.py:830} INFO - Processing file /home/airflow/.local/lib/python3.9/site-packages/airflow/example_dags/example_task_group_decorator.py for tasks to queue
[2025-12-11T04:38:03.335+0000] {logging_mixin.py:188} INFO - [2025-12-11T04:38:03.334+0000] {dagbag.py:545} INFO - Filling up the DagBag from /home/airflow/.local/lib/python3.9/site-packages/airflow/example_dags/example_task_group_decorator.py
[2025-12-11T04:38:03.360+0000] {processor.py:840} INFO - DAG(s) 'example_task_group_decorator' retrieved from /home/airflow/.local/lib/python3.9/site-packages/airflow/example_dags/example_task_group_decorator.py
[2025-12-11T04:38:03.419+0000] {logging_mixin.py:188} INFO - [2025-12-11T04:38:03.418+0000] {dag.py:3096} INFO - Sync 1 DAGs
[2025-12-11T04:38:03.461+0000] {logging_mixin.py:188} INFO - [2025-12-11T04:38:03.461+0000] {dag.py:3954} INFO - Setting next_dagrun for example_task_group_decorator to 2025-12-10 00:00:00+00:00, run_after=2025-12-11 00:00:00+00:00
[2025-12-11T04:38:03.773+0000] {processor.py:183} INFO - Processing /home/airflow/.local/lib/python3.9/site-packages/airflow/example_dags/example_task_group_decorator.py took 0.463 seconds
[2025-12-11T04:38:34.320+0000] {processor.py:161} INFO - Started process (PID=2653) to work on /home/airflow/.local/lib/python3.9/site-packages/airflow/example_dags/example_task_group_decorator.py
[2025-12-11T04:38:34.325+0000] {processor.py:830} INFO - Processing file /home/airflow/.local/lib/python3.9/site-packages/airflow/example_dags/example_task_group_decorator.py for tasks to queue
[2025-12-11T04:38:34.328+0000] {logging_mixin.py:188} INFO - [2025-12-11T04:38:34.328+0000] {dagbag.py:545} INFO - Filling up the DagBag from /home/airflow/.local/lib/python3.9/site-packages/airflow/example_dags/example_task_group_decorator.py
[2025-12-11T04:38:34.349+0000] {processor.py:840} INFO - DAG(s) 'example_task_group_decorator' retrieved from /home/airflow/.local/lib/python3.9/site-packages/airflow/example_dags/example_task_group_decorator.py
[2025-12-11T04:38:34.395+0000] {logging_mixin.py:188} INFO - [2025-12-11T04:38:34.395+0000] {dag.py:3096} INFO - Sync 1 DAGs
[2025-12-11T04:38:34.432+0000] {logging_mixin.py:188} INFO - [2025-12-11T04:38:34.432+0000] {dag.py:3954} INFO - Setting next_dagrun for example_task_group_decorator to 2025-12-10 00:00:00+00:00, run_after=2025-12-11 00:00:00+00:00
[2025-12-11T04:38:34.716+0000] {processor.py:183} INFO - Processing /home/airflow/.local/lib/python3.9/site-packages/airflow/example_dags/example_task_group_decorator.py took 0.409 seconds
[2025-12-11T04:39:05.658+0000] {processor.py:161} INFO - Started process (PID=2720) to work on /home/airflow/.local/lib/python3.9/site-packages/airflow/example_dags/example_task_group_decorator.py
[2025-12-11T04:39:05.660+0000] {processor.py:830} INFO - Processing file /home/airflow/.local/lib/python3.9/site-packages/airflow/example_dags/example_task_group_decorator.py for tasks to queue
[2025-12-11T04:39:05.663+0000] {logging_mixin.py:188} INFO - [2025-12-11T04:39:05.663+0000] {dagbag.py:545} INFO - Filling up the DagBag from /home/airflow/.local/lib/python3.9/site-packages/airflow/example_dags/example_task_group_decorator.py
[2025-12-11T04:39:05.682+0000] {processor.py:840} INFO - DAG(s) 'example_task_group_decorator' retrieved from /home/airflow/.local/lib/python3.9/site-packages/airflow/example_dags/example_task_group_decorator.py
[2025-12-11T04:39:05.725+0000] {logging_mixin.py:188} INFO - [2025-12-11T04:39:05.724+0000] {dag.py:3096} INFO - Sync 1 DAGs
[2025-12-11T04:39:05.761+0000] {logging_mixin.py:188} INFO - [2025-12-11T04:39:05.760+0000] {dag.py:3954} INFO - Setting next_dagrun for example_task_group_decorator to 2025-12-10 00:00:00+00:00, run_after=2025-12-11 00:00:00+00:00
[2025-12-11T04:39:05.784+0000] {processor.py:183} INFO - Processing /home/airflow/.local/lib/python3.9/site-packages/airflow/example_dags/example_task_group_decorator.py took 0.135 seconds
[2025-12-11T04:39:36.481+0000] {processor.py:161} INFO - Started process (PID=2786) to work on /home/airflow/.local/lib/python3.9/site-packages/airflow/example_dags/example_task_group_decorator.py
[2025-12-11T04:39:36.488+0000] {processor.py:830} INFO - Processing file /home/airflow/.local/lib/python3.9/site-packages/airflow/example_dags/example_task_group_decorator.py for tasks to queue
[2025-12-11T04:39:36.492+0000] {logging_mixin.py:188} INFO - [2025-12-11T04:39:36.491+0000] {dagbag.py:545} INFO - Filling up the DagBag from /home/airflow/.local/lib/python3.9/site-packages/airflow/example_dags/example_task_group_decorator.py
[2025-12-11T04:39:36.520+0000] {processor.py:840} INFO - DAG(s) 'example_task_group_decorator' retrieved from /home/airflow/.local/lib/python3.9/site-packages/airflow/example_dags/example_task_group_decorator.py
[2025-12-11T04:39:36.578+0000] {logging_mixin.py:188} INFO - [2025-12-11T04:39:36.577+0000] {dag.py:3096} INFO - Sync 1 DAGs
[2025-12-11T04:39:36.864+0000] {logging_mixin.py:188} INFO - [2025-12-11T04:39:36.863+0000] {dag.py:3954} INFO - Setting next_dagrun for example_task_group_decorator to 2025-12-10 00:00:00+00:00, run_after=2025-12-11 00:00:00+00:00
[2025-12-11T04:39:36.900+0000] {processor.py:183} INFO - Processing /home/airflow/.local/lib/python3.9/site-packages/airflow/example_dags/example_task_group_decorator.py took 0.439 seconds
[2025-12-11T04:40:07.093+0000] {processor.py:161} INFO - Started process (PID=2853) to work on /home/airflow/.local/lib/python3.9/site-packages/airflow/example_dags/example_task_group_decorator.py
[2025-12-11T04:40:07.094+0000] {processor.py:830} INFO - Processing file /home/airflow/.local/lib/python3.9/site-packages/airflow/example_dags/example_task_group_decorator.py for tasks to queue
[2025-12-11T04:40:07.097+0000] {logging_mixin.py:188} INFO - [2025-12-11T04:40:07.096+0000] {dagbag.py:545} INFO - Filling up the DagBag from /home/airflow/.local/lib/python3.9/site-packages/airflow/example_dags/example_task_group_decorator.py
[2025-12-11T04:40:07.117+0000] {processor.py:840} INFO - DAG(s) 'example_task_group_decorator' retrieved from /home/airflow/.local/lib/python3.9/site-packages/airflow/example_dags/example_task_group_decorator.py
[2025-12-11T04:40:07.170+0000] {logging_mixin.py:188} INFO - [2025-12-11T04:40:07.169+0000] {dag.py:3096} INFO - Sync 1 DAGs
[2025-12-11T04:40:07.546+0000] {logging_mixin.py:188} INFO - [2025-12-11T04:40:07.545+0000] {dag.py:3954} INFO - Setting next_dagrun for example_task_group_decorator to 2025-12-10 00:00:00+00:00, run_after=2025-12-11 00:00:00+00:00
[2025-12-11T04:40:07.579+0000] {processor.py:183} INFO - Processing /home/airflow/.local/lib/python3.9/site-packages/airflow/example_dags/example_task_group_decorator.py took 0.497 seconds
[2025-12-11T04:40:38.248+0000] {processor.py:161} INFO - Started process (PID=2920) to work on /home/airflow/.local/lib/python3.9/site-packages/airflow/example_dags/example_task_group_decorator.py
[2025-12-11T04:40:38.258+0000] {processor.py:830} INFO - Processing file /home/airflow/.local/lib/python3.9/site-packages/airflow/example_dags/example_task_group_decorator.py for tasks to queue
[2025-12-11T04:40:38.261+0000] {logging_mixin.py:188} INFO - [2025-12-11T04:40:38.260+0000] {dagbag.py:545} INFO - Filling up the DagBag from /home/airflow/.local/lib/python3.9/site-packages/airflow/example_dags/example_task_group_decorator.py
[2025-12-11T04:40:38.298+0000] {processor.py:840} INFO - DAG(s) 'example_task_group_decorator' retrieved from /home/airflow/.local/lib/python3.9/site-packages/airflow/example_dags/example_task_group_decorator.py
[2025-12-11T04:40:38.363+0000] {logging_mixin.py:188} INFO - [2025-12-11T04:40:38.363+0000] {dag.py:3096} INFO - Sync 1 DAGs
[2025-12-11T04:40:38.645+0000] {logging_mixin.py:188} INFO - [2025-12-11T04:40:38.645+0000] {dag.py:3954} INFO - Setting next_dagrun for example_task_group_decorator to 2025-12-10 00:00:00+00:00, run_after=2025-12-11 00:00:00+00:00
[2025-12-11T04:40:38.670+0000] {processor.py:183} INFO - Processing /home/airflow/.local/lib/python3.9/site-packages/airflow/example_dags/example_task_group_decorator.py took 0.433 seconds
[2025-12-11T04:41:09.361+0000] {processor.py:161} INFO - Started process (PID=2987) to work on /home/airflow/.local/lib/python3.9/site-packages/airflow/example_dags/example_task_group_decorator.py
[2025-12-11T04:41:09.370+0000] {processor.py:830} INFO - Processing file /home/airflow/.local/lib/python3.9/site-packages/airflow/example_dags/example_task_group_decorator.py for tasks to queue
[2025-12-11T04:41:09.375+0000] {logging_mixin.py:188} INFO - [2025-12-11T04:41:09.374+0000] {dagbag.py:545} INFO - Filling up the DagBag from /home/airflow/.local/lib/python3.9/site-packages/airflow/example_dags/example_task_group_decorator.py
[2025-12-11T04:41:09.400+0000] {processor.py:840} INFO - DAG(s) 'example_task_group_decorator' retrieved from /home/airflow/.local/lib/python3.9/site-packages/airflow/example_dags/example_task_group_decorator.py
[2025-12-11T04:41:09.477+0000] {logging_mixin.py:188} INFO - [2025-12-11T04:41:09.477+0000] {dag.py:3096} INFO - Sync 1 DAGs
[2025-12-11T04:41:09.525+0000] {logging_mixin.py:188} INFO - [2025-12-11T04:41:09.525+0000] {dag.py:3954} INFO - Setting next_dagrun for example_task_group_decorator to 2025-12-10 00:00:00+00:00, run_after=2025-12-11 00:00:00+00:00
[2025-12-11T04:41:09.888+0000] {processor.py:183} INFO - Processing /home/airflow/.local/lib/python3.9/site-packages/airflow/example_dags/example_task_group_decorator.py took 0.543 seconds
[2025-12-11T04:41:40.584+0000] {processor.py:161} INFO - Started process (PID=3054) to work on /home/airflow/.local/lib/python3.9/site-packages/airflow/example_dags/example_task_group_decorator.py
[2025-12-11T04:41:40.592+0000] {processor.py:830} INFO - Processing file /home/airflow/.local/lib/python3.9/site-packages/airflow/example_dags/example_task_group_decorator.py for tasks to queue
[2025-12-11T04:41:40.594+0000] {logging_mixin.py:188} INFO - [2025-12-11T04:41:40.594+0000] {dagbag.py:545} INFO - Filling up the DagBag from /home/airflow/.local/lib/python3.9/site-packages/airflow/example_dags/example_task_group_decorator.py
[2025-12-11T04:41:40.612+0000] {processor.py:840} INFO - DAG(s) 'example_task_group_decorator' retrieved from /home/airflow/.local/lib/python3.9/site-packages/airflow/example_dags/example_task_group_decorator.py
[2025-12-11T04:41:40.661+0000] {logging_mixin.py:188} INFO - [2025-12-11T04:41:40.660+0000] {dag.py:3096} INFO - Sync 1 DAGs
[2025-12-11T04:41:40.698+0000] {logging_mixin.py:188} INFO - [2025-12-11T04:41:40.698+0000] {dag.py:3954} INFO - Setting next_dagrun for example_task_group_decorator to 2025-12-10 00:00:00+00:00, run_after=2025-12-11 00:00:00+00:00
[2025-12-11T04:41:40.767+0000] {processor.py:183} INFO - Processing /home/airflow/.local/lib/python3.9/site-packages/airflow/example_dags/example_task_group_decorator.py took 0.192 seconds
[2025-12-11T04:42:11.297+0000] {processor.py:161} INFO - Started process (PID=3122) to work on /home/airflow/.local/lib/python3.9/site-packages/airflow/example_dags/example_task_group_decorator.py
[2025-12-11T04:42:11.299+0000] {processor.py:830} INFO - Processing file /home/airflow/.local/lib/python3.9/site-packages/airflow/example_dags/example_task_group_decorator.py for tasks to queue
[2025-12-11T04:42:11.302+0000] {logging_mixin.py:188} INFO - [2025-12-11T04:42:11.301+0000] {dagbag.py:545} INFO - Filling up the DagBag from /home/airflow/.local/lib/python3.9/site-packages/airflow/example_dags/example_task_group_decorator.py
[2025-12-11T04:42:11.325+0000] {processor.py:840} INFO - DAG(s) 'example_task_group_decorator' retrieved from /home/airflow/.local/lib/python3.9/site-packages/airflow/example_dags/example_task_group_decorator.py
[2025-12-11T04:42:11.378+0000] {logging_mixin.py:188} INFO - [2025-12-11T04:42:11.377+0000] {dag.py:3096} INFO - Sync 1 DAGs
[2025-12-11T04:42:11.413+0000] {logging_mixin.py:188} INFO - [2025-12-11T04:42:11.413+0000] {dag.py:3954} INFO - Setting next_dagrun for example_task_group_decorator to 2025-12-10 00:00:00+00:00, run_after=2025-12-11 00:00:00+00:00
[2025-12-11T04:42:11.616+0000] {processor.py:183} INFO - Processing /home/airflow/.local/lib/python3.9/site-packages/airflow/example_dags/example_task_group_decorator.py took 0.332 seconds
[2025-12-11T04:42:42.105+0000] {processor.py:161} INFO - Started process (PID=3189) to work on /home/airflow/.local/lib/python3.9/site-packages/airflow/example_dags/example_task_group_decorator.py
[2025-12-11T04:42:42.147+0000] {processor.py:830} INFO - Processing file /home/airflow/.local/lib/python3.9/site-packages/airflow/example_dags/example_task_group_decorator.py for tasks to queue
[2025-12-11T04:42:42.151+0000] {logging_mixin.py:188} INFO - [2025-12-11T04:42:42.150+0000] {dagbag.py:545} INFO - Filling up the DagBag from /home/airflow/.local/lib/python3.9/site-packages/airflow/example_dags/example_task_group_decorator.py
[2025-12-11T04:42:42.183+0000] {processor.py:840} INFO - DAG(s) 'example_task_group_decorator' retrieved from /home/airflow/.local/lib/python3.9/site-packages/airflow/example_dags/example_task_group_decorator.py
[2025-12-11T04:42:42.287+0000] {logging_mixin.py:188} INFO - [2025-12-11T04:42:42.286+0000] {dag.py:3096} INFO - Sync 1 DAGs
[2025-12-11T04:42:42.363+0000] {logging_mixin.py:188} INFO - [2025-12-11T04:42:42.363+0000] {dag.py:3954} INFO - Setting next_dagrun for example_task_group_decorator to 2025-12-10 00:00:00+00:00, run_after=2025-12-11 00:00:00+00:00
[2025-12-11T04:42:42.423+0000] {processor.py:183} INFO - Processing /home/airflow/.local/lib/python3.9/site-packages/airflow/example_dags/example_task_group_decorator.py took 0.340 seconds
[2025-12-11T04:43:13.409+0000] {processor.py:161} INFO - Started process (PID=3256) to work on /home/airflow/.local/lib/python3.9/site-packages/airflow/example_dags/example_task_group_decorator.py
[2025-12-11T04:43:13.410+0000] {processor.py:830} INFO - Processing file /home/airflow/.local/lib/python3.9/site-packages/airflow/example_dags/example_task_group_decorator.py for tasks to queue
[2025-12-11T04:43:13.414+0000] {logging_mixin.py:188} INFO - [2025-12-11T04:43:13.413+0000] {dagbag.py:545} INFO - Filling up the DagBag from /home/airflow/.local/lib/python3.9/site-packages/airflow/example_dags/example_task_group_decorator.py
[2025-12-11T04:43:13.443+0000] {processor.py:840} INFO - DAG(s) 'example_task_group_decorator' retrieved from /home/airflow/.local/lib/python3.9/site-packages/airflow/example_dags/example_task_group_decorator.py
[2025-12-11T04:43:13.500+0000] {logging_mixin.py:188} INFO - [2025-12-11T04:43:13.500+0000] {dag.py:3096} INFO - Sync 1 DAGs
[2025-12-11T04:43:13.550+0000] {logging_mixin.py:188} INFO - [2025-12-11T04:43:13.550+0000] {dag.py:3954} INFO - Setting next_dagrun for example_task_group_decorator to 2025-12-10 00:00:00+00:00, run_after=2025-12-11 00:00:00+00:00
[2025-12-11T04:43:13.628+0000] {processor.py:183} INFO - Processing /home/airflow/.local/lib/python3.9/site-packages/airflow/example_dags/example_task_group_decorator.py took 0.233 seconds
[2025-12-11T04:43:44.161+0000] {processor.py:161} INFO - Started process (PID=3323) to work on /home/airflow/.local/lib/python3.9/site-packages/airflow/example_dags/example_task_group_decorator.py
[2025-12-11T04:43:44.163+0000] {processor.py:830} INFO - Processing file /home/airflow/.local/lib/python3.9/site-packages/airflow/example_dags/example_task_group_decorator.py for tasks to queue
[2025-12-11T04:43:44.166+0000] {logging_mixin.py:188} INFO - [2025-12-11T04:43:44.165+0000] {dagbag.py:545} INFO - Filling up the DagBag from /home/airflow/.local/lib/python3.9/site-packages/airflow/example_dags/example_task_group_decorator.py
[2025-12-11T04:43:44.187+0000] {processor.py:840} INFO - DAG(s) 'example_task_group_decorator' retrieved from /home/airflow/.local/lib/python3.9/site-packages/airflow/example_dags/example_task_group_decorator.py
[2025-12-11T04:43:44.241+0000] {logging_mixin.py:188} INFO - [2025-12-11T04:43:44.241+0000] {dag.py:3096} INFO - Sync 1 DAGs
[2025-12-11T04:43:44.277+0000] {logging_mixin.py:188} INFO - [2025-12-11T04:43:44.276+0000] {dag.py:3954} INFO - Setting next_dagrun for example_task_group_decorator to 2025-12-10 00:00:00+00:00, run_after=2025-12-11 00:00:00+00:00
[2025-12-11T04:43:44.306+0000] {processor.py:183} INFO - Processing /home/airflow/.local/lib/python3.9/site-packages/airflow/example_dags/example_task_group_decorator.py took 0.156 seconds
[2025-12-11T04:44:14.910+0000] {processor.py:161} INFO - Started process (PID=3390) to work on /home/airflow/.local/lib/python3.9/site-packages/airflow/example_dags/example_task_group_decorator.py
[2025-12-11T04:44:14.917+0000] {processor.py:830} INFO - Processing file /home/airflow/.local/lib/python3.9/site-packages/airflow/example_dags/example_task_group_decorator.py for tasks to queue
[2025-12-11T04:44:14.920+0000] {logging_mixin.py:188} INFO - [2025-12-11T04:44:14.920+0000] {dagbag.py:545} INFO - Filling up the DagBag from /home/airflow/.local/lib/python3.9/site-packages/airflow/example_dags/example_task_group_decorator.py
[2025-12-11T04:44:14.946+0000] {processor.py:840} INFO - DAG(s) 'example_task_group_decorator' retrieved from /home/airflow/.local/lib/python3.9/site-packages/airflow/example_dags/example_task_group_decorator.py
[2025-12-11T04:44:15.019+0000] {logging_mixin.py:188} INFO - [2025-12-11T04:44:15.018+0000] {dag.py:3096} INFO - Sync 1 DAGs
[2025-12-11T04:44:15.063+0000] {logging_mixin.py:188} INFO - [2025-12-11T04:44:15.062+0000] {dag.py:3954} INFO - Setting next_dagrun for example_task_group_decorator to 2025-12-10 00:00:00+00:00, run_after=2025-12-11 00:00:00+00:00
[2025-12-11T04:44:15.099+0000] {processor.py:183} INFO - Processing /home/airflow/.local/lib/python3.9/site-packages/airflow/example_dags/example_task_group_decorator.py took 0.201 seconds
[2025-12-11T04:44:45.267+0000] {processor.py:161} INFO - Started process (PID=3457) to work on /home/airflow/.local/lib/python3.9/site-packages/airflow/example_dags/example_task_group_decorator.py
[2025-12-11T04:44:45.296+0000] {processor.py:830} INFO - Processing file /home/airflow/.local/lib/python3.9/site-packages/airflow/example_dags/example_task_group_decorator.py for tasks to queue
[2025-12-11T04:44:45.298+0000] {logging_mixin.py:188} INFO - [2025-12-11T04:44:45.298+0000] {dagbag.py:545} INFO - Filling up the DagBag from /home/airflow/.local/lib/python3.9/site-packages/airflow/example_dags/example_task_group_decorator.py
[2025-12-11T04:44:45.326+0000] {processor.py:840} INFO - DAG(s) 'example_task_group_decorator' retrieved from /home/airflow/.local/lib/python3.9/site-packages/airflow/example_dags/example_task_group_decorator.py
[2025-12-11T04:44:45.409+0000] {logging_mixin.py:188} INFO - [2025-12-11T04:44:45.408+0000] {dag.py:3096} INFO - Sync 1 DAGs
[2025-12-11T04:44:45.482+0000] {logging_mixin.py:188} INFO - [2025-12-11T04:44:45.481+0000] {dag.py:3954} INFO - Setting next_dagrun for example_task_group_decorator to 2025-12-10 00:00:00+00:00, run_after=2025-12-11 00:00:00+00:00
[2025-12-11T04:44:45.526+0000] {processor.py:183} INFO - Processing /home/airflow/.local/lib/python3.9/site-packages/airflow/example_dags/example_task_group_decorator.py took 0.277 seconds
[2025-12-11T04:45:16.500+0000] {processor.py:161} INFO - Started process (PID=3525) to work on /home/airflow/.local/lib/python3.9/site-packages/airflow/example_dags/example_task_group_decorator.py
[2025-12-11T04:45:16.503+0000] {processor.py:830} INFO - Processing file /home/airflow/.local/lib/python3.9/site-packages/airflow/example_dags/example_task_group_decorator.py for tasks to queue
[2025-12-11T04:45:16.507+0000] {logging_mixin.py:188} INFO - [2025-12-11T04:45:16.507+0000] {dagbag.py:545} INFO - Filling up the DagBag from /home/airflow/.local/lib/python3.9/site-packages/airflow/example_dags/example_task_group_decorator.py
[2025-12-11T04:45:16.535+0000] {processor.py:840} INFO - DAG(s) 'example_task_group_decorator' retrieved from /home/airflow/.local/lib/python3.9/site-packages/airflow/example_dags/example_task_group_decorator.py
[2025-12-11T04:45:16.595+0000] {logging_mixin.py:188} INFO - [2025-12-11T04:45:16.594+0000] {dag.py:3096} INFO - Sync 1 DAGs
[2025-12-11T04:45:16.638+0000] {logging_mixin.py:188} INFO - [2025-12-11T04:45:16.638+0000] {dag.py:3954} INFO - Setting next_dagrun for example_task_group_decorator to 2025-12-10 00:00:00+00:00, run_after=2025-12-11 00:00:00+00:00
[2025-12-11T04:45:16.688+0000] {processor.py:183} INFO - Processing /home/airflow/.local/lib/python3.9/site-packages/airflow/example_dags/example_task_group_decorator.py took 0.202 seconds
[2025-12-11T04:45:47.036+0000] {processor.py:161} INFO - Started process (PID=3593) to work on /home/airflow/.local/lib/python3.9/site-packages/airflow/example_dags/example_task_group_decorator.py
[2025-12-11T04:45:47.038+0000] {processor.py:830} INFO - Processing file /home/airflow/.local/lib/python3.9/site-packages/airflow/example_dags/example_task_group_decorator.py for tasks to queue
[2025-12-11T04:45:47.042+0000] {logging_mixin.py:188} INFO - [2025-12-11T04:45:47.041+0000] {dagbag.py:545} INFO - Filling up the DagBag from /home/airflow/.local/lib/python3.9/site-packages/airflow/example_dags/example_task_group_decorator.py
[2025-12-11T04:45:47.064+0000] {processor.py:840} INFO - DAG(s) 'example_task_group_decorator' retrieved from /home/airflow/.local/lib/python3.9/site-packages/airflow/example_dags/example_task_group_decorator.py
[2025-12-11T04:45:47.121+0000] {logging_mixin.py:188} INFO - [2025-12-11T04:45:47.120+0000] {dag.py:3096} INFO - Sync 1 DAGs
[2025-12-11T04:45:47.161+0000] {logging_mixin.py:188} INFO - [2025-12-11T04:45:47.161+0000] {dag.py:3954} INFO - Setting next_dagrun for example_task_group_decorator to 2025-12-10 00:00:00+00:00, run_after=2025-12-11 00:00:00+00:00
[2025-12-11T04:45:47.362+0000] {processor.py:183} INFO - Processing /home/airflow/.local/lib/python3.9/site-packages/airflow/example_dags/example_task_group_decorator.py took 0.341 seconds
[2025-12-11T04:46:17.942+0000] {processor.py:161} INFO - Started process (PID=3667) to work on /home/airflow/.local/lib/python3.9/site-packages/airflow/example_dags/example_task_group_decorator.py
[2025-12-11T04:46:17.951+0000] {processor.py:830} INFO - Processing file /home/airflow/.local/lib/python3.9/site-packages/airflow/example_dags/example_task_group_decorator.py for tasks to queue
[2025-12-11T04:46:17.954+0000] {logging_mixin.py:188} INFO - [2025-12-11T04:46:17.953+0000] {dagbag.py:545} INFO - Filling up the DagBag from /home/airflow/.local/lib/python3.9/site-packages/airflow/example_dags/example_task_group_decorator.py
[2025-12-11T04:46:17.973+0000] {processor.py:840} INFO - DAG(s) 'example_task_group_decorator' retrieved from /home/airflow/.local/lib/python3.9/site-packages/airflow/example_dags/example_task_group_decorator.py
[2025-12-11T04:46:18.022+0000] {logging_mixin.py:188} INFO - [2025-12-11T04:46:18.021+0000] {dag.py:3096} INFO - Sync 1 DAGs
[2025-12-11T04:46:18.065+0000] {logging_mixin.py:188} INFO - [2025-12-11T04:46:18.064+0000] {dag.py:3954} INFO - Setting next_dagrun for example_task_group_decorator to 2025-12-10 00:00:00+00:00, run_after=2025-12-11 00:00:00+00:00
[2025-12-11T04:46:18.094+0000] {processor.py:183} INFO - Processing /home/airflow/.local/lib/python3.9/site-packages/airflow/example_dags/example_task_group_decorator.py took 0.167 seconds
[2025-12-11T04:46:48.512+0000] {processor.py:161} INFO - Started process (PID=3734) to work on /home/airflow/.local/lib/python3.9/site-packages/airflow/example_dags/example_task_group_decorator.py
[2025-12-11T04:46:48.517+0000] {processor.py:830} INFO - Processing file /home/airflow/.local/lib/python3.9/site-packages/airflow/example_dags/example_task_group_decorator.py for tasks to queue
[2025-12-11T04:46:48.520+0000] {logging_mixin.py:188} INFO - [2025-12-11T04:46:48.519+0000] {dagbag.py:545} INFO - Filling up the DagBag from /home/airflow/.local/lib/python3.9/site-packages/airflow/example_dags/example_task_group_decorator.py
[2025-12-11T04:46:48.538+0000] {processor.py:840} INFO - DAG(s) 'example_task_group_decorator' retrieved from /home/airflow/.local/lib/python3.9/site-packages/airflow/example_dags/example_task_group_decorator.py
[2025-12-11T04:46:48.585+0000] {logging_mixin.py:188} INFO - [2025-12-11T04:46:48.585+0000] {dag.py:3096} INFO - Sync 1 DAGs
[2025-12-11T04:46:48.624+0000] {logging_mixin.py:188} INFO - [2025-12-11T04:46:48.624+0000] {dag.py:3954} INFO - Setting next_dagrun for example_task_group_decorator to 2025-12-10 00:00:00+00:00, run_after=2025-12-11 00:00:00+00:00
[2025-12-11T04:46:48.649+0000] {processor.py:183} INFO - Processing /home/airflow/.local/lib/python3.9/site-packages/airflow/example_dags/example_task_group_decorator.py took 0.147 seconds
[2025-12-11T04:47:19.399+0000] {processor.py:161} INFO - Started process (PID=3802) to work on /home/airflow/.local/lib/python3.9/site-packages/airflow/example_dags/example_task_group_decorator.py
[2025-12-11T04:47:19.408+0000] {processor.py:830} INFO - Processing file /home/airflow/.local/lib/python3.9/site-packages/airflow/example_dags/example_task_group_decorator.py for tasks to queue
[2025-12-11T04:47:19.411+0000] {logging_mixin.py:188} INFO - [2025-12-11T04:47:19.410+0000] {dagbag.py:545} INFO - Filling up the DagBag from /home/airflow/.local/lib/python3.9/site-packages/airflow/example_dags/example_task_group_decorator.py
[2025-12-11T04:47:19.443+0000] {processor.py:840} INFO - DAG(s) 'example_task_group_decorator' retrieved from /home/airflow/.local/lib/python3.9/site-packages/airflow/example_dags/example_task_group_decorator.py
[2025-12-11T04:47:19.524+0000] {logging_mixin.py:188} INFO - [2025-12-11T04:47:19.523+0000] {dag.py:3096} INFO - Sync 1 DAGs
[2025-12-11T04:47:19.597+0000] {logging_mixin.py:188} INFO - [2025-12-11T04:47:19.597+0000] {dag.py:3954} INFO - Setting next_dagrun for example_task_group_decorator to 2025-12-10 00:00:00+00:00, run_after=2025-12-11 00:00:00+00:00
[2025-12-11T04:47:19.640+0000] {processor.py:183} INFO - Processing /home/airflow/.local/lib/python3.9/site-packages/airflow/example_dags/example_task_group_decorator.py took 0.257 seconds
[2025-12-11T04:47:50.267+0000] {processor.py:161} INFO - Started process (PID=3869) to work on /home/airflow/.local/lib/python3.9/site-packages/airflow/example_dags/example_task_group_decorator.py
[2025-12-11T04:47:50.273+0000] {processor.py:830} INFO - Processing file /home/airflow/.local/lib/python3.9/site-packages/airflow/example_dags/example_task_group_decorator.py for tasks to queue
[2025-12-11T04:47:50.283+0000] {logging_mixin.py:188} INFO - [2025-12-11T04:47:50.282+0000] {dagbag.py:545} INFO - Filling up the DagBag from /home/airflow/.local/lib/python3.9/site-packages/airflow/example_dags/example_task_group_decorator.py
[2025-12-11T04:47:50.322+0000] {processor.py:840} INFO - DAG(s) 'example_task_group_decorator' retrieved from /home/airflow/.local/lib/python3.9/site-packages/airflow/example_dags/example_task_group_decorator.py
[2025-12-11T04:47:50.384+0000] {logging_mixin.py:188} INFO - [2025-12-11T04:47:50.384+0000] {dag.py:3096} INFO - Sync 1 DAGs
[2025-12-11T04:47:50.422+0000] {logging_mixin.py:188} INFO - [2025-12-11T04:47:50.422+0000] {dag.py:3954} INFO - Setting next_dagrun for example_task_group_decorator to 2025-12-10 00:00:00+00:00, run_after=2025-12-11 00:00:00+00:00
[2025-12-11T04:47:50.450+0000] {processor.py:183} INFO - Processing /home/airflow/.local/lib/python3.9/site-packages/airflow/example_dags/example_task_group_decorator.py took 0.203 seconds
[2025-12-11T04:48:20.927+0000] {processor.py:161} INFO - Started process (PID=3936) to work on /home/airflow/.local/lib/python3.9/site-packages/airflow/example_dags/example_task_group_decorator.py
[2025-12-11T04:48:20.962+0000] {processor.py:830} INFO - Processing file /home/airflow/.local/lib/python3.9/site-packages/airflow/example_dags/example_task_group_decorator.py for tasks to queue
[2025-12-11T04:48:20.966+0000] {logging_mixin.py:188} INFO - [2025-12-11T04:48:20.965+0000] {dagbag.py:545} INFO - Filling up the DagBag from /home/airflow/.local/lib/python3.9/site-packages/airflow/example_dags/example_task_group_decorator.py
[2025-12-11T04:48:20.990+0000] {processor.py:840} INFO - DAG(s) 'example_task_group_decorator' retrieved from /home/airflow/.local/lib/python3.9/site-packages/airflow/example_dags/example_task_group_decorator.py
[2025-12-11T04:48:21.067+0000] {logging_mixin.py:188} INFO - [2025-12-11T04:48:21.066+0000] {dag.py:3096} INFO - Sync 1 DAGs
[2025-12-11T04:48:21.121+0000] {logging_mixin.py:188} INFO - [2025-12-11T04:48:21.120+0000] {dag.py:3954} INFO - Setting next_dagrun for example_task_group_decorator to 2025-12-10 00:00:00+00:00, run_after=2025-12-11 00:00:00+00:00
[2025-12-11T04:48:21.281+0000] {processor.py:183} INFO - Processing /home/airflow/.local/lib/python3.9/site-packages/airflow/example_dags/example_task_group_decorator.py took 0.375 seconds
[2025-12-11T04:48:52.667+0000] {processor.py:161} INFO - Started process (PID=4004) to work on /home/airflow/.local/lib/python3.9/site-packages/airflow/example_dags/example_task_group_decorator.py
[2025-12-11T04:48:52.681+0000] {processor.py:830} INFO - Processing file /home/airflow/.local/lib/python3.9/site-packages/airflow/example_dags/example_task_group_decorator.py for tasks to queue
[2025-12-11T04:48:52.684+0000] {logging_mixin.py:188} INFO - [2025-12-11T04:48:52.684+0000] {dagbag.py:545} INFO - Filling up the DagBag from /home/airflow/.local/lib/python3.9/site-packages/airflow/example_dags/example_task_group_decorator.py
[2025-12-11T04:48:52.729+0000] {processor.py:840} INFO - DAG(s) 'example_task_group_decorator' retrieved from /home/airflow/.local/lib/python3.9/site-packages/airflow/example_dags/example_task_group_decorator.py
[2025-12-11T04:48:52.845+0000] {logging_mixin.py:188} INFO - [2025-12-11T04:48:52.844+0000] {dag.py:3096} INFO - Sync 1 DAGs
[2025-12-11T04:48:52.921+0000] {logging_mixin.py:188} INFO - [2025-12-11T04:48:52.920+0000] {dag.py:3954} INFO - Setting next_dagrun for example_task_group_decorator to 2025-12-10 00:00:00+00:00, run_after=2025-12-11 00:00:00+00:00
[2025-12-11T04:48:52.986+0000] {processor.py:183} INFO - Processing /home/airflow/.local/lib/python3.9/site-packages/airflow/example_dags/example_task_group_decorator.py took 0.342 seconds
[2025-12-11T04:49:23.146+0000] {processor.py:161} INFO - Started process (PID=4071) to work on /home/airflow/.local/lib/python3.9/site-packages/airflow/example_dags/example_task_group_decorator.py
[2025-12-11T04:49:23.157+0000] {processor.py:830} INFO - Processing file /home/airflow/.local/lib/python3.9/site-packages/airflow/example_dags/example_task_group_decorator.py for tasks to queue
[2025-12-11T04:49:23.160+0000] {logging_mixin.py:188} INFO - [2025-12-11T04:49:23.160+0000] {dagbag.py:545} INFO - Filling up the DagBag from /home/airflow/.local/lib/python3.9/site-packages/airflow/example_dags/example_task_group_decorator.py
[2025-12-11T04:49:23.194+0000] {processor.py:840} INFO - DAG(s) 'example_task_group_decorator' retrieved from /home/airflow/.local/lib/python3.9/site-packages/airflow/example_dags/example_task_group_decorator.py
[2025-12-11T04:49:23.280+0000] {logging_mixin.py:188} INFO - [2025-12-11T04:49:23.279+0000] {dag.py:3096} INFO - Sync 1 DAGs
[2025-12-11T04:49:23.332+0000] {logging_mixin.py:188} INFO - [2025-12-11T04:49:23.331+0000] {dag.py:3954} INFO - Setting next_dagrun for example_task_group_decorator to 2025-12-10 00:00:00+00:00, run_after=2025-12-11 00:00:00+00:00
[2025-12-11T04:49:23.369+0000] {processor.py:183} INFO - Processing /home/airflow/.local/lib/python3.9/site-packages/airflow/example_dags/example_task_group_decorator.py took 0.240 seconds
[2025-12-11T04:49:53.672+0000] {processor.py:161} INFO - Started process (PID=4137) to work on /home/airflow/.local/lib/python3.9/site-packages/airflow/example_dags/example_task_group_decorator.py
[2025-12-11T04:49:53.673+0000] {processor.py:830} INFO - Processing file /home/airflow/.local/lib/python3.9/site-packages/airflow/example_dags/example_task_group_decorator.py for tasks to queue
[2025-12-11T04:49:53.676+0000] {logging_mixin.py:188} INFO - [2025-12-11T04:49:53.676+0000] {dagbag.py:545} INFO - Filling up the DagBag from /home/airflow/.local/lib/python3.9/site-packages/airflow/example_dags/example_task_group_decorator.py
[2025-12-11T04:49:53.701+0000] {processor.py:840} INFO - DAG(s) 'example_task_group_decorator' retrieved from /home/airflow/.local/lib/python3.9/site-packages/airflow/example_dags/example_task_group_decorator.py
[2025-12-11T04:49:53.781+0000] {logging_mixin.py:188} INFO - [2025-12-11T04:49:53.780+0000] {dag.py:3096} INFO - Sync 1 DAGs
[2025-12-11T04:49:53.830+0000] {logging_mixin.py:188} INFO - [2025-12-11T04:49:53.830+0000] {dag.py:3954} INFO - Setting next_dagrun for example_task_group_decorator to 2025-12-10 00:00:00+00:00, run_after=2025-12-11 00:00:00+00:00
[2025-12-11T04:49:53.868+0000] {processor.py:183} INFO - Processing /home/airflow/.local/lib/python3.9/site-packages/airflow/example_dags/example_task_group_decorator.py took 0.207 seconds
[2025-12-11T04:50:24.718+0000] {processor.py:161} INFO - Started process (PID=4205) to work on /home/airflow/.local/lib/python3.9/site-packages/airflow/example_dags/example_task_group_decorator.py
[2025-12-11T04:50:24.724+0000] {processor.py:830} INFO - Processing file /home/airflow/.local/lib/python3.9/site-packages/airflow/example_dags/example_task_group_decorator.py for tasks to queue
[2025-12-11T04:50:24.727+0000] {logging_mixin.py:188} INFO - [2025-12-11T04:50:24.726+0000] {dagbag.py:545} INFO - Filling up the DagBag from /home/airflow/.local/lib/python3.9/site-packages/airflow/example_dags/example_task_group_decorator.py
[2025-12-11T04:50:24.749+0000] {processor.py:840} INFO - DAG(s) 'example_task_group_decorator' retrieved from /home/airflow/.local/lib/python3.9/site-packages/airflow/example_dags/example_task_group_decorator.py
[2025-12-11T04:50:24.809+0000] {logging_mixin.py:188} INFO - [2025-12-11T04:50:24.809+0000] {dag.py:3096} INFO - Sync 1 DAGs
[2025-12-11T04:50:24.863+0000] {logging_mixin.py:188} INFO - [2025-12-11T04:50:24.862+0000] {dag.py:3954} INFO - Setting next_dagrun for example_task_group_decorator to 2025-12-10 00:00:00+00:00, run_after=2025-12-11 00:00:00+00:00
[2025-12-11T04:50:24.903+0000] {processor.py:183} INFO - Processing /home/airflow/.local/lib/python3.9/site-packages/airflow/example_dags/example_task_group_decorator.py took 0.197 seconds
[2025-12-11T04:50:55.043+0000] {processor.py:161} INFO - Started process (PID=4272) to work on /home/airflow/.local/lib/python3.9/site-packages/airflow/example_dags/example_task_group_decorator.py
[2025-12-11T04:50:55.045+0000] {processor.py:830} INFO - Processing file /home/airflow/.local/lib/python3.9/site-packages/airflow/example_dags/example_task_group_decorator.py for tasks to queue
[2025-12-11T04:50:55.047+0000] {logging_mixin.py:188} INFO - [2025-12-11T04:50:55.047+0000] {dagbag.py:545} INFO - Filling up the DagBag from /home/airflow/.local/lib/python3.9/site-packages/airflow/example_dags/example_task_group_decorator.py
[2025-12-11T04:50:55.069+0000] {processor.py:840} INFO - DAG(s) 'example_task_group_decorator' retrieved from /home/airflow/.local/lib/python3.9/site-packages/airflow/example_dags/example_task_group_decorator.py
[2025-12-11T04:50:55.122+0000] {logging_mixin.py:188} INFO - [2025-12-11T04:50:55.121+0000] {dag.py:3096} INFO - Sync 1 DAGs
[2025-12-11T04:50:55.161+0000] {logging_mixin.py:188} INFO - [2025-12-11T04:50:55.160+0000] {dag.py:3954} INFO - Setting next_dagrun for example_task_group_decorator to 2025-12-10 00:00:00+00:00, run_after=2025-12-11 00:00:00+00:00
[2025-12-11T04:50:55.186+0000] {processor.py:183} INFO - Processing /home/airflow/.local/lib/python3.9/site-packages/airflow/example_dags/example_task_group_decorator.py took 0.157 seconds
[2025-12-11T04:51:25.949+0000] {processor.py:161} INFO - Started process (PID=4346) to work on /home/airflow/.local/lib/python3.9/site-packages/airflow/example_dags/example_task_group_decorator.py
[2025-12-11T04:51:25.951+0000] {processor.py:830} INFO - Processing file /home/airflow/.local/lib/python3.9/site-packages/airflow/example_dags/example_task_group_decorator.py for tasks to queue
[2025-12-11T04:51:25.960+0000] {logging_mixin.py:188} INFO - [2025-12-11T04:51:25.959+0000] {dagbag.py:545} INFO - Filling up the DagBag from /home/airflow/.local/lib/python3.9/site-packages/airflow/example_dags/example_task_group_decorator.py
[2025-12-11T04:51:25.998+0000] {processor.py:840} INFO - DAG(s) 'example_task_group_decorator' retrieved from /home/airflow/.local/lib/python3.9/site-packages/airflow/example_dags/example_task_group_decorator.py
[2025-12-11T04:51:26.080+0000] {logging_mixin.py:188} INFO - [2025-12-11T04:51:26.079+0000] {dag.py:3096} INFO - Sync 1 DAGs
[2025-12-11T04:51:26.240+0000] {logging_mixin.py:188} INFO - [2025-12-11T04:51:26.240+0000] {dag.py:3954} INFO - Setting next_dagrun for example_task_group_decorator to 2025-12-10 00:00:00+00:00, run_after=2025-12-11 00:00:00+00:00
[2025-12-11T04:51:26.299+0000] {processor.py:183} INFO - Processing /home/airflow/.local/lib/python3.9/site-packages/airflow/example_dags/example_task_group_decorator.py took 0.362 seconds
[2025-12-11T04:51:57.279+0000] {processor.py:161} INFO - Started process (PID=4413) to work on /home/airflow/.local/lib/python3.9/site-packages/airflow/example_dags/example_task_group_decorator.py
[2025-12-11T04:51:57.281+0000] {processor.py:830} INFO - Processing file /home/airflow/.local/lib/python3.9/site-packages/airflow/example_dags/example_task_group_decorator.py for tasks to queue
[2025-12-11T04:51:57.284+0000] {logging_mixin.py:188} INFO - [2025-12-11T04:51:57.284+0000] {dagbag.py:545} INFO - Filling up the DagBag from /home/airflow/.local/lib/python3.9/site-packages/airflow/example_dags/example_task_group_decorator.py
[2025-12-11T04:51:57.340+0000] {processor.py:840} INFO - DAG(s) 'example_task_group_decorator' retrieved from /home/airflow/.local/lib/python3.9/site-packages/airflow/example_dags/example_task_group_decorator.py
[2025-12-11T04:51:57.461+0000] {logging_mixin.py:188} INFO - [2025-12-11T04:51:57.460+0000] {dag.py:3096} INFO - Sync 1 DAGs
[2025-12-11T04:51:57.577+0000] {logging_mixin.py:188} INFO - [2025-12-11T04:51:57.577+0000] {dag.py:3954} INFO - Setting next_dagrun for example_task_group_decorator to 2025-12-10 00:00:00+00:00, run_after=2025-12-11 00:00:00+00:00
[2025-12-11T04:51:57.677+0000] {processor.py:183} INFO - Processing /home/airflow/.local/lib/python3.9/site-packages/airflow/example_dags/example_task_group_decorator.py took 0.433 seconds
[2025-12-11T04:52:27.787+0000] {processor.py:161} INFO - Started process (PID=4474) to work on /home/airflow/.local/lib/python3.9/site-packages/airflow/example_dags/example_task_group_decorator.py
[2025-12-11T04:52:27.794+0000] {processor.py:830} INFO - Processing file /home/airflow/.local/lib/python3.9/site-packages/airflow/example_dags/example_task_group_decorator.py for tasks to queue
[2025-12-11T04:52:27.800+0000] {logging_mixin.py:188} INFO - [2025-12-11T04:52:27.799+0000] {dagbag.py:545} INFO - Filling up the DagBag from /home/airflow/.local/lib/python3.9/site-packages/airflow/example_dags/example_task_group_decorator.py
[2025-12-11T04:52:27.860+0000] {processor.py:840} INFO - DAG(s) 'example_task_group_decorator' retrieved from /home/airflow/.local/lib/python3.9/site-packages/airflow/example_dags/example_task_group_decorator.py
[2025-12-11T04:52:27.961+0000] {logging_mixin.py:188} INFO - [2025-12-11T04:52:27.961+0000] {dag.py:3096} INFO - Sync 1 DAGs
[2025-12-11T04:52:28.057+0000] {logging_mixin.py:188} INFO - [2025-12-11T04:52:28.057+0000] {dag.py:3954} INFO - Setting next_dagrun for example_task_group_decorator to 2025-12-10 00:00:00+00:00, run_after=2025-12-11 00:00:00+00:00
[2025-12-11T04:52:28.184+0000] {processor.py:183} INFO - Processing /home/airflow/.local/lib/python3.9/site-packages/airflow/example_dags/example_task_group_decorator.py took 0.416 seconds
[2025-12-11T04:52:58.549+0000] {processor.py:161} INFO - Started process (PID=4541) to work on /home/airflow/.local/lib/python3.9/site-packages/airflow/example_dags/example_task_group_decorator.py
[2025-12-11T04:52:58.572+0000] {processor.py:830} INFO - Processing file /home/airflow/.local/lib/python3.9/site-packages/airflow/example_dags/example_task_group_decorator.py for tasks to queue
[2025-12-11T04:52:58.576+0000] {logging_mixin.py:188} INFO - [2025-12-11T04:52:58.575+0000] {dagbag.py:545} INFO - Filling up the DagBag from /home/airflow/.local/lib/python3.9/site-packages/airflow/example_dags/example_task_group_decorator.py
[2025-12-11T04:52:58.602+0000] {processor.py:840} INFO - DAG(s) 'example_task_group_decorator' retrieved from /home/airflow/.local/lib/python3.9/site-packages/airflow/example_dags/example_task_group_decorator.py
[2025-12-11T04:52:58.668+0000] {logging_mixin.py:188} INFO - [2025-12-11T04:52:58.667+0000] {dag.py:3096} INFO - Sync 1 DAGs
[2025-12-11T04:52:58.737+0000] {logging_mixin.py:188} INFO - [2025-12-11T04:52:58.728+0000] {dag.py:3954} INFO - Setting next_dagrun for example_task_group_decorator to 2025-12-10 00:00:00+00:00, run_after=2025-12-11 00:00:00+00:00
[2025-12-11T04:52:59.025+0000] {processor.py:183} INFO - Processing /home/airflow/.local/lib/python3.9/site-packages/airflow/example_dags/example_task_group_decorator.py took 0.488 seconds
