[2025-12-11T04:19:03.820+0000] {processor.py:161} INFO - Started process (PID=126) to work on /home/airflow/.local/lib/python3.9/site-packages/airflow/example_dags/example_short_circuit_operator.py
[2025-12-11T04:19:03.821+0000] {processor.py:830} INFO - Processing file /home/airflow/.local/lib/python3.9/site-packages/airflow/example_dags/example_short_circuit_operator.py for tasks to queue
[2025-12-11T04:19:03.835+0000] {logging_mixin.py:188} INFO - [2025-12-11T04:19:03.834+0000] {dagbag.py:545} INFO - Filling up the DagBag from /home/airflow/.local/lib/python3.9/site-packages/airflow/example_dags/example_short_circuit_operator.py
[2025-12-11T04:19:03.853+0000] {processor.py:840} INFO - DAG(s) 'example_short_circuit_operator' retrieved from /home/airflow/.local/lib/python3.9/site-packages/airflow/example_dags/example_short_circuit_operator.py
[2025-12-11T04:19:04.107+0000] {logging_mixin.py:188} INFO - [2025-12-11T04:19:04.107+0000] {dag.py:3096} INFO - Sync 1 DAGs
[2025-12-11T04:19:04.169+0000] {logging_mixin.py:188} INFO - [2025-12-11T04:19:04.169+0000] {dag.py:3954} INFO - Setting next_dagrun for example_short_circuit_operator to 2025-12-10 00:00:00+00:00, run_after=2025-12-11 00:00:00+00:00
[2025-12-11T04:19:04.240+0000] {processor.py:183} INFO - Processing /home/airflow/.local/lib/python3.9/site-packages/airflow/example_dags/example_short_circuit_operator.py took 0.440 seconds
[2025-12-11T04:19:34.946+0000] {processor.py:161} INFO - Started process (PID=192) to work on /home/airflow/.local/lib/python3.9/site-packages/airflow/example_dags/example_short_circuit_operator.py
[2025-12-11T04:19:34.948+0000] {processor.py:830} INFO - Processing file /home/airflow/.local/lib/python3.9/site-packages/airflow/example_dags/example_short_circuit_operator.py for tasks to queue
[2025-12-11T04:19:34.959+0000] {logging_mixin.py:188} INFO - [2025-12-11T04:19:34.958+0000] {dagbag.py:545} INFO - Filling up the DagBag from /home/airflow/.local/lib/python3.9/site-packages/airflow/example_dags/example_short_circuit_operator.py
[2025-12-11T04:19:34.980+0000] {processor.py:840} INFO - DAG(s) 'example_short_circuit_operator' retrieved from /home/airflow/.local/lib/python3.9/site-packages/airflow/example_dags/example_short_circuit_operator.py
[2025-12-11T04:19:35.124+0000] {logging_mixin.py:188} INFO - [2025-12-11T04:19:35.123+0000] {dag.py:3096} INFO - Sync 1 DAGs
[2025-12-11T04:19:35.177+0000] {logging_mixin.py:188} INFO - [2025-12-11T04:19:35.177+0000] {dag.py:3954} INFO - Setting next_dagrun for example_short_circuit_operator to 2025-12-10 00:00:00+00:00, run_after=2025-12-11 00:00:00+00:00
[2025-12-11T04:19:35.220+0000] {processor.py:183} INFO - Processing /home/airflow/.local/lib/python3.9/site-packages/airflow/example_dags/example_short_circuit_operator.py took 0.287 seconds
[2025-12-11T04:20:06.122+0000] {processor.py:161} INFO - Started process (PID=258) to work on /home/airflow/.local/lib/python3.9/site-packages/airflow/example_dags/example_short_circuit_operator.py
[2025-12-11T04:20:06.123+0000] {processor.py:830} INFO - Processing file /home/airflow/.local/lib/python3.9/site-packages/airflow/example_dags/example_short_circuit_operator.py for tasks to queue
[2025-12-11T04:20:06.139+0000] {logging_mixin.py:188} INFO - [2025-12-11T04:20:06.138+0000] {dagbag.py:545} INFO - Filling up the DagBag from /home/airflow/.local/lib/python3.9/site-packages/airflow/example_dags/example_short_circuit_operator.py
[2025-12-11T04:20:06.177+0000] {processor.py:840} INFO - DAG(s) 'example_short_circuit_operator' retrieved from /home/airflow/.local/lib/python3.9/site-packages/airflow/example_dags/example_short_circuit_operator.py
[2025-12-11T04:20:06.284+0000] {logging_mixin.py:188} INFO - [2025-12-11T04:20:06.283+0000] {dag.py:3096} INFO - Sync 1 DAGs
[2025-12-11T04:20:06.419+0000] {logging_mixin.py:188} INFO - [2025-12-11T04:20:06.418+0000] {dag.py:3954} INFO - Setting next_dagrun for example_short_circuit_operator to 2025-12-10 00:00:00+00:00, run_after=2025-12-11 00:00:00+00:00
[2025-12-11T04:20:06.562+0000] {processor.py:183} INFO - Processing /home/airflow/.local/lib/python3.9/site-packages/airflow/example_dags/example_short_circuit_operator.py took 0.477 seconds
[2025-12-11T04:20:36.941+0000] {processor.py:161} INFO - Started process (PID=324) to work on /home/airflow/.local/lib/python3.9/site-packages/airflow/example_dags/example_short_circuit_operator.py
[2025-12-11T04:20:36.942+0000] {processor.py:830} INFO - Processing file /home/airflow/.local/lib/python3.9/site-packages/airflow/example_dags/example_short_circuit_operator.py for tasks to queue
[2025-12-11T04:20:36.960+0000] {logging_mixin.py:188} INFO - [2025-12-11T04:20:36.959+0000] {dagbag.py:545} INFO - Filling up the DagBag from /home/airflow/.local/lib/python3.9/site-packages/airflow/example_dags/example_short_circuit_operator.py
[2025-12-11T04:20:37.001+0000] {processor.py:840} INFO - DAG(s) 'example_short_circuit_operator' retrieved from /home/airflow/.local/lib/python3.9/site-packages/airflow/example_dags/example_short_circuit_operator.py
[2025-12-11T04:20:37.200+0000] {logging_mixin.py:188} INFO - [2025-12-11T04:20:37.199+0000] {dag.py:3096} INFO - Sync 1 DAGs
[2025-12-11T04:20:37.317+0000] {logging_mixin.py:188} INFO - [2025-12-11T04:20:37.305+0000] {dag.py:3954} INFO - Setting next_dagrun for example_short_circuit_operator to 2025-12-10 00:00:00+00:00, run_after=2025-12-11 00:00:00+00:00
[2025-12-11T04:20:37.443+0000] {processor.py:183} INFO - Processing /home/airflow/.local/lib/python3.9/site-packages/airflow/example_dags/example_short_circuit_operator.py took 0.545 seconds
[2025-12-11T04:21:07.666+0000] {processor.py:161} INFO - Started process (PID=390) to work on /home/airflow/.local/lib/python3.9/site-packages/airflow/example_dags/example_short_circuit_operator.py
[2025-12-11T04:21:07.675+0000] {processor.py:830} INFO - Processing file /home/airflow/.local/lib/python3.9/site-packages/airflow/example_dags/example_short_circuit_operator.py for tasks to queue
[2025-12-11T04:21:07.678+0000] {logging_mixin.py:188} INFO - [2025-12-11T04:21:07.678+0000] {dagbag.py:545} INFO - Filling up the DagBag from /home/airflow/.local/lib/python3.9/site-packages/airflow/example_dags/example_short_circuit_operator.py
[2025-12-11T04:21:07.690+0000] {processor.py:840} INFO - DAG(s) 'example_short_circuit_operator' retrieved from /home/airflow/.local/lib/python3.9/site-packages/airflow/example_dags/example_short_circuit_operator.py
[2025-12-11T04:21:07.748+0000] {logging_mixin.py:188} INFO - [2025-12-11T04:21:07.748+0000] {dag.py:3096} INFO - Sync 1 DAGs
[2025-12-11T04:21:07.818+0000] {logging_mixin.py:188} INFO - [2025-12-11T04:21:07.818+0000] {dag.py:3954} INFO - Setting next_dagrun for example_short_circuit_operator to 2025-12-10 00:00:00+00:00, run_after=2025-12-11 00:00:00+00:00
[2025-12-11T04:21:07.881+0000] {processor.py:183} INFO - Processing /home/airflow/.local/lib/python3.9/site-packages/airflow/example_dags/example_short_circuit_operator.py took 0.232 seconds
[2025-12-11T04:21:38.120+0000] {processor.py:161} INFO - Started process (PID=455) to work on /home/airflow/.local/lib/python3.9/site-packages/airflow/example_dags/example_short_circuit_operator.py
[2025-12-11T04:21:38.130+0000] {processor.py:830} INFO - Processing file /home/airflow/.local/lib/python3.9/site-packages/airflow/example_dags/example_short_circuit_operator.py for tasks to queue
[2025-12-11T04:21:38.133+0000] {logging_mixin.py:188} INFO - [2025-12-11T04:21:38.132+0000] {dagbag.py:545} INFO - Filling up the DagBag from /home/airflow/.local/lib/python3.9/site-packages/airflow/example_dags/example_short_circuit_operator.py
[2025-12-11T04:21:38.144+0000] {processor.py:840} INFO - DAG(s) 'example_short_circuit_operator' retrieved from /home/airflow/.local/lib/python3.9/site-packages/airflow/example_dags/example_short_circuit_operator.py
[2025-12-11T04:21:38.217+0000] {logging_mixin.py:188} INFO - [2025-12-11T04:21:38.204+0000] {dag.py:3096} INFO - Sync 1 DAGs
[2025-12-11T04:21:38.305+0000] {logging_mixin.py:188} INFO - [2025-12-11T04:21:38.305+0000] {dag.py:3954} INFO - Setting next_dagrun for example_short_circuit_operator to 2025-12-10 00:00:00+00:00, run_after=2025-12-11 00:00:00+00:00
[2025-12-11T04:21:38.401+0000] {processor.py:183} INFO - Processing /home/airflow/.local/lib/python3.9/site-packages/airflow/example_dags/example_short_circuit_operator.py took 0.299 seconds
[2025-12-11T04:22:09.343+0000] {processor.py:161} INFO - Started process (PID=521) to work on /home/airflow/.local/lib/python3.9/site-packages/airflow/example_dags/example_short_circuit_operator.py
[2025-12-11T04:22:09.350+0000] {processor.py:830} INFO - Processing file /home/airflow/.local/lib/python3.9/site-packages/airflow/example_dags/example_short_circuit_operator.py for tasks to queue
[2025-12-11T04:22:09.360+0000] {logging_mixin.py:188} INFO - [2025-12-11T04:22:09.359+0000] {dagbag.py:545} INFO - Filling up the DagBag from /home/airflow/.local/lib/python3.9/site-packages/airflow/example_dags/example_short_circuit_operator.py
[2025-12-11T04:22:09.373+0000] {processor.py:840} INFO - DAG(s) 'example_short_circuit_operator' retrieved from /home/airflow/.local/lib/python3.9/site-packages/airflow/example_dags/example_short_circuit_operator.py
[2025-12-11T04:22:09.464+0000] {logging_mixin.py:188} INFO - [2025-12-11T04:22:09.464+0000] {dag.py:3096} INFO - Sync 1 DAGs
[2025-12-11T04:22:09.583+0000] {logging_mixin.py:188} INFO - [2025-12-11T04:22:09.582+0000] {dag.py:3954} INFO - Setting next_dagrun for example_short_circuit_operator to 2025-12-10 00:00:00+00:00, run_after=2025-12-11 00:00:00+00:00
[2025-12-11T04:22:09.771+0000] {processor.py:183} INFO - Processing /home/airflow/.local/lib/python3.9/site-packages/airflow/example_dags/example_short_circuit_operator.py took 0.464 seconds
[2025-12-11T04:22:40.406+0000] {processor.py:161} INFO - Started process (PID=587) to work on /home/airflow/.local/lib/python3.9/site-packages/airflow/example_dags/example_short_circuit_operator.py
[2025-12-11T04:22:40.481+0000] {processor.py:830} INFO - Processing file /home/airflow/.local/lib/python3.9/site-packages/airflow/example_dags/example_short_circuit_operator.py for tasks to queue
[2025-12-11T04:22:40.487+0000] {logging_mixin.py:188} INFO - [2025-12-11T04:22:40.486+0000] {dagbag.py:545} INFO - Filling up the DagBag from /home/airflow/.local/lib/python3.9/site-packages/airflow/example_dags/example_short_circuit_operator.py
[2025-12-11T04:22:40.522+0000] {processor.py:840} INFO - DAG(s) 'example_short_circuit_operator' retrieved from /home/airflow/.local/lib/python3.9/site-packages/airflow/example_dags/example_short_circuit_operator.py
[2025-12-11T04:22:40.583+0000] {logging_mixin.py:188} INFO - [2025-12-11T04:22:40.582+0000] {dag.py:3096} INFO - Sync 1 DAGs
[2025-12-11T04:22:40.634+0000] {logging_mixin.py:188} INFO - [2025-12-11T04:22:40.633+0000] {dag.py:3954} INFO - Setting next_dagrun for example_short_circuit_operator to 2025-12-10 00:00:00+00:00, run_after=2025-12-11 00:00:00+00:00
[2025-12-11T04:22:40.686+0000] {processor.py:183} INFO - Processing /home/airflow/.local/lib/python3.9/site-packages/airflow/example_dags/example_short_circuit_operator.py took 0.299 seconds
[2025-12-11T04:23:11.360+0000] {processor.py:161} INFO - Started process (PID=653) to work on /home/airflow/.local/lib/python3.9/site-packages/airflow/example_dags/example_short_circuit_operator.py
[2025-12-11T04:23:11.372+0000] {processor.py:830} INFO - Processing file /home/airflow/.local/lib/python3.9/site-packages/airflow/example_dags/example_short_circuit_operator.py for tasks to queue
[2025-12-11T04:23:11.376+0000] {logging_mixin.py:188} INFO - [2025-12-11T04:23:11.376+0000] {dagbag.py:545} INFO - Filling up the DagBag from /home/airflow/.local/lib/python3.9/site-packages/airflow/example_dags/example_short_circuit_operator.py
[2025-12-11T04:23:11.390+0000] {processor.py:840} INFO - DAG(s) 'example_short_circuit_operator' retrieved from /home/airflow/.local/lib/python3.9/site-packages/airflow/example_dags/example_short_circuit_operator.py
[2025-12-11T04:23:11.433+0000] {logging_mixin.py:188} INFO - [2025-12-11T04:23:11.433+0000] {dag.py:3096} INFO - Sync 1 DAGs
[2025-12-11T04:23:11.472+0000] {logging_mixin.py:188} INFO - [2025-12-11T04:23:11.471+0000] {dag.py:3954} INFO - Setting next_dagrun for example_short_circuit_operator to 2025-12-10 00:00:00+00:00, run_after=2025-12-11 00:00:00+00:00
[2025-12-11T04:23:11.772+0000] {processor.py:183} INFO - Processing /home/airflow/.local/lib/python3.9/site-packages/airflow/example_dags/example_short_circuit_operator.py took 0.423 seconds
[2025-12-11T04:23:42.210+0000] {processor.py:161} INFO - Started process (PID=719) to work on /home/airflow/.local/lib/python3.9/site-packages/airflow/example_dags/example_short_circuit_operator.py
[2025-12-11T04:23:42.212+0000] {processor.py:830} INFO - Processing file /home/airflow/.local/lib/python3.9/site-packages/airflow/example_dags/example_short_circuit_operator.py for tasks to queue
[2025-12-11T04:23:42.216+0000] {logging_mixin.py:188} INFO - [2025-12-11T04:23:42.216+0000] {dagbag.py:545} INFO - Filling up the DagBag from /home/airflow/.local/lib/python3.9/site-packages/airflow/example_dags/example_short_circuit_operator.py
[2025-12-11T04:23:42.231+0000] {processor.py:840} INFO - DAG(s) 'example_short_circuit_operator' retrieved from /home/airflow/.local/lib/python3.9/site-packages/airflow/example_dags/example_short_circuit_operator.py
[2025-12-11T04:23:42.273+0000] {logging_mixin.py:188} INFO - [2025-12-11T04:23:42.272+0000] {dag.py:3096} INFO - Sync 1 DAGs
[2025-12-11T04:23:42.312+0000] {logging_mixin.py:188} INFO - [2025-12-11T04:23:42.312+0000] {dag.py:3954} INFO - Setting next_dagrun for example_short_circuit_operator to 2025-12-10 00:00:00+00:00, run_after=2025-12-11 00:00:00+00:00
[2025-12-11T04:23:42.338+0000] {processor.py:183} INFO - Processing /home/airflow/.local/lib/python3.9/site-packages/airflow/example_dags/example_short_circuit_operator.py took 0.139 seconds
[2025-12-11T04:24:13.001+0000] {processor.py:161} INFO - Started process (PID=785) to work on /home/airflow/.local/lib/python3.9/site-packages/airflow/example_dags/example_short_circuit_operator.py
[2025-12-11T04:24:13.003+0000] {processor.py:830} INFO - Processing file /home/airflow/.local/lib/python3.9/site-packages/airflow/example_dags/example_short_circuit_operator.py for tasks to queue
[2025-12-11T04:24:13.005+0000] {logging_mixin.py:188} INFO - [2025-12-11T04:24:13.005+0000] {dagbag.py:545} INFO - Filling up the DagBag from /home/airflow/.local/lib/python3.9/site-packages/airflow/example_dags/example_short_circuit_operator.py
[2025-12-11T04:24:13.026+0000] {processor.py:840} INFO - DAG(s) 'example_short_circuit_operator' retrieved from /home/airflow/.local/lib/python3.9/site-packages/airflow/example_dags/example_short_circuit_operator.py
[2025-12-11T04:24:13.141+0000] {logging_mixin.py:188} INFO - [2025-12-11T04:24:13.140+0000] {dag.py:3096} INFO - Sync 1 DAGs
[2025-12-11T04:24:13.238+0000] {logging_mixin.py:188} INFO - [2025-12-11T04:24:13.238+0000] {dag.py:3954} INFO - Setting next_dagrun for example_short_circuit_operator to 2025-12-10 00:00:00+00:00, run_after=2025-12-11 00:00:00+00:00
[2025-12-11T04:24:13.299+0000] {processor.py:183} INFO - Processing /home/airflow/.local/lib/python3.9/site-packages/airflow/example_dags/example_short_circuit_operator.py took 0.314 seconds
[2025-12-11T04:24:43.446+0000] {processor.py:161} INFO - Started process (PID=851) to work on /home/airflow/.local/lib/python3.9/site-packages/airflow/example_dags/example_short_circuit_operator.py
[2025-12-11T04:24:43.447+0000] {processor.py:830} INFO - Processing file /home/airflow/.local/lib/python3.9/site-packages/airflow/example_dags/example_short_circuit_operator.py for tasks to queue
[2025-12-11T04:24:43.450+0000] {logging_mixin.py:188} INFO - [2025-12-11T04:24:43.450+0000] {dagbag.py:545} INFO - Filling up the DagBag from /home/airflow/.local/lib/python3.9/site-packages/airflow/example_dags/example_short_circuit_operator.py
[2025-12-11T04:24:43.463+0000] {processor.py:840} INFO - DAG(s) 'example_short_circuit_operator' retrieved from /home/airflow/.local/lib/python3.9/site-packages/airflow/example_dags/example_short_circuit_operator.py
[2025-12-11T04:24:43.508+0000] {logging_mixin.py:188} INFO - [2025-12-11T04:24:43.508+0000] {dag.py:3096} INFO - Sync 1 DAGs
[2025-12-11T04:24:43.563+0000] {logging_mixin.py:188} INFO - [2025-12-11T04:24:43.562+0000] {dag.py:3954} INFO - Setting next_dagrun for example_short_circuit_operator to 2025-12-10 00:00:00+00:00, run_after=2025-12-11 00:00:00+00:00
[2025-12-11T04:24:43.607+0000] {processor.py:183} INFO - Processing /home/airflow/.local/lib/python3.9/site-packages/airflow/example_dags/example_short_circuit_operator.py took 0.172 seconds
[2025-12-11T04:25:14.038+0000] {processor.py:161} INFO - Started process (PID=916) to work on /home/airflow/.local/lib/python3.9/site-packages/airflow/example_dags/example_short_circuit_operator.py
[2025-12-11T04:25:14.041+0000] {processor.py:830} INFO - Processing file /home/airflow/.local/lib/python3.9/site-packages/airflow/example_dags/example_short_circuit_operator.py for tasks to queue
[2025-12-11T04:25:14.044+0000] {logging_mixin.py:188} INFO - [2025-12-11T04:25:14.044+0000] {dagbag.py:545} INFO - Filling up the DagBag from /home/airflow/.local/lib/python3.9/site-packages/airflow/example_dags/example_short_circuit_operator.py
[2025-12-11T04:25:14.055+0000] {processor.py:840} INFO - DAG(s) 'example_short_circuit_operator' retrieved from /home/airflow/.local/lib/python3.9/site-packages/airflow/example_dags/example_short_circuit_operator.py
[2025-12-11T04:25:14.100+0000] {logging_mixin.py:188} INFO - [2025-12-11T04:25:14.100+0000] {dag.py:3096} INFO - Sync 1 DAGs
[2025-12-11T04:25:14.137+0000] {logging_mixin.py:188} INFO - [2025-12-11T04:25:14.137+0000] {dag.py:3954} INFO - Setting next_dagrun for example_short_circuit_operator to 2025-12-10 00:00:00+00:00, run_after=2025-12-11 00:00:00+00:00
[2025-12-11T04:25:14.164+0000] {processor.py:183} INFO - Processing /home/airflow/.local/lib/python3.9/site-packages/airflow/example_dags/example_short_circuit_operator.py took 0.139 seconds
[2025-12-11T04:25:44.567+0000] {processor.py:161} INFO - Started process (PID=982) to work on /home/airflow/.local/lib/python3.9/site-packages/airflow/example_dags/example_short_circuit_operator.py
[2025-12-11T04:25:44.595+0000] {processor.py:830} INFO - Processing file /home/airflow/.local/lib/python3.9/site-packages/airflow/example_dags/example_short_circuit_operator.py for tasks to queue
[2025-12-11T04:25:44.599+0000] {logging_mixin.py:188} INFO - [2025-12-11T04:25:44.598+0000] {dagbag.py:545} INFO - Filling up the DagBag from /home/airflow/.local/lib/python3.9/site-packages/airflow/example_dags/example_short_circuit_operator.py
[2025-12-11T04:25:44.612+0000] {processor.py:840} INFO - DAG(s) 'example_short_circuit_operator' retrieved from /home/airflow/.local/lib/python3.9/site-packages/airflow/example_dags/example_short_circuit_operator.py
[2025-12-11T04:25:44.657+0000] {logging_mixin.py:188} INFO - [2025-12-11T04:25:44.657+0000] {dag.py:3096} INFO - Sync 1 DAGs
[2025-12-11T04:25:44.699+0000] {logging_mixin.py:188} INFO - [2025-12-11T04:25:44.699+0000] {dag.py:3954} INFO - Setting next_dagrun for example_short_circuit_operator to 2025-12-10 00:00:00+00:00, run_after=2025-12-11 00:00:00+00:00
[2025-12-11T04:25:44.725+0000] {processor.py:183} INFO - Processing /home/airflow/.local/lib/python3.9/site-packages/airflow/example_dags/example_short_circuit_operator.py took 0.170 seconds
[2025-12-11T04:26:15.040+0000] {processor.py:161} INFO - Started process (PID=1048) to work on /home/airflow/.local/lib/python3.9/site-packages/airflow/example_dags/example_short_circuit_operator.py
[2025-12-11T04:26:15.042+0000] {processor.py:830} INFO - Processing file /home/airflow/.local/lib/python3.9/site-packages/airflow/example_dags/example_short_circuit_operator.py for tasks to queue
[2025-12-11T04:26:15.044+0000] {logging_mixin.py:188} INFO - [2025-12-11T04:26:15.044+0000] {dagbag.py:545} INFO - Filling up the DagBag from /home/airflow/.local/lib/python3.9/site-packages/airflow/example_dags/example_short_circuit_operator.py
[2025-12-11T04:26:15.057+0000] {processor.py:840} INFO - DAG(s) 'example_short_circuit_operator' retrieved from /home/airflow/.local/lib/python3.9/site-packages/airflow/example_dags/example_short_circuit_operator.py
[2025-12-11T04:26:15.103+0000] {logging_mixin.py:188} INFO - [2025-12-11T04:26:15.103+0000] {dag.py:3096} INFO - Sync 1 DAGs
[2025-12-11T04:26:15.141+0000] {logging_mixin.py:188} INFO - [2025-12-11T04:26:15.140+0000] {dag.py:3954} INFO - Setting next_dagrun for example_short_circuit_operator to 2025-12-10 00:00:00+00:00, run_after=2025-12-11 00:00:00+00:00
[2025-12-11T04:26:15.168+0000] {processor.py:183} INFO - Processing /home/airflow/.local/lib/python3.9/site-packages/airflow/example_dags/example_short_circuit_operator.py took 0.141 seconds
[2025-12-11T04:26:45.466+0000] {processor.py:161} INFO - Started process (PID=1114) to work on /home/airflow/.local/lib/python3.9/site-packages/airflow/example_dags/example_short_circuit_operator.py
[2025-12-11T04:26:45.469+0000] {processor.py:830} INFO - Processing file /home/airflow/.local/lib/python3.9/site-packages/airflow/example_dags/example_short_circuit_operator.py for tasks to queue
[2025-12-11T04:26:45.472+0000] {logging_mixin.py:188} INFO - [2025-12-11T04:26:45.472+0000] {dagbag.py:545} INFO - Filling up the DagBag from /home/airflow/.local/lib/python3.9/site-packages/airflow/example_dags/example_short_circuit_operator.py
[2025-12-11T04:26:45.487+0000] {processor.py:840} INFO - DAG(s) 'example_short_circuit_operator' retrieved from /home/airflow/.local/lib/python3.9/site-packages/airflow/example_dags/example_short_circuit_operator.py
[2025-12-11T04:26:45.544+0000] {logging_mixin.py:188} INFO - [2025-12-11T04:26:45.544+0000] {dag.py:3096} INFO - Sync 1 DAGs
[2025-12-11T04:26:45.618+0000] {logging_mixin.py:188} INFO - [2025-12-11T04:26:45.617+0000] {dag.py:3954} INFO - Setting next_dagrun for example_short_circuit_operator to 2025-12-10 00:00:00+00:00, run_after=2025-12-11 00:00:00+00:00
[2025-12-11T04:26:45.658+0000] {processor.py:183} INFO - Processing /home/airflow/.local/lib/python3.9/site-packages/airflow/example_dags/example_short_circuit_operator.py took 0.210 seconds
[2025-12-11T04:27:15.947+0000] {processor.py:161} INFO - Started process (PID=1187) to work on /home/airflow/.local/lib/python3.9/site-packages/airflow/example_dags/example_short_circuit_operator.py
[2025-12-11T04:27:15.952+0000] {processor.py:830} INFO - Processing file /home/airflow/.local/lib/python3.9/site-packages/airflow/example_dags/example_short_circuit_operator.py for tasks to queue
[2025-12-11T04:27:15.960+0000] {logging_mixin.py:188} INFO - [2025-12-11T04:27:15.960+0000] {dagbag.py:545} INFO - Filling up the DagBag from /home/airflow/.local/lib/python3.9/site-packages/airflow/example_dags/example_short_circuit_operator.py
[2025-12-11T04:27:15.981+0000] {processor.py:840} INFO - DAG(s) 'example_short_circuit_operator' retrieved from /home/airflow/.local/lib/python3.9/site-packages/airflow/example_dags/example_short_circuit_operator.py
[2025-12-11T04:27:16.065+0000] {logging_mixin.py:188} INFO - [2025-12-11T04:27:16.064+0000] {dag.py:3096} INFO - Sync 1 DAGs
[2025-12-11T04:27:16.123+0000] {logging_mixin.py:188} INFO - [2025-12-11T04:27:16.122+0000] {dag.py:3954} INFO - Setting next_dagrun for example_short_circuit_operator to 2025-12-10 00:00:00+00:00, run_after=2025-12-11 00:00:00+00:00
[2025-12-11T04:27:16.166+0000] {processor.py:183} INFO - Processing /home/airflow/.local/lib/python3.9/site-packages/airflow/example_dags/example_short_circuit_operator.py took 0.237 seconds
[2025-12-11T04:27:46.283+0000] {processor.py:161} INFO - Started process (PID=1253) to work on /home/airflow/.local/lib/python3.9/site-packages/airflow/example_dags/example_short_circuit_operator.py
[2025-12-11T04:27:46.284+0000] {processor.py:830} INFO - Processing file /home/airflow/.local/lib/python3.9/site-packages/airflow/example_dags/example_short_circuit_operator.py for tasks to queue
[2025-12-11T04:27:46.287+0000] {logging_mixin.py:188} INFO - [2025-12-11T04:27:46.287+0000] {dagbag.py:545} INFO - Filling up the DagBag from /home/airflow/.local/lib/python3.9/site-packages/airflow/example_dags/example_short_circuit_operator.py
[2025-12-11T04:27:46.306+0000] {processor.py:840} INFO - DAG(s) 'example_short_circuit_operator' retrieved from /home/airflow/.local/lib/python3.9/site-packages/airflow/example_dags/example_short_circuit_operator.py
[2025-12-11T04:27:46.361+0000] {logging_mixin.py:188} INFO - [2025-12-11T04:27:46.361+0000] {dag.py:3096} INFO - Sync 1 DAGs
[2025-12-11T04:27:46.424+0000] {logging_mixin.py:188} INFO - [2025-12-11T04:27:46.423+0000] {dag.py:3954} INFO - Setting next_dagrun for example_short_circuit_operator to 2025-12-10 00:00:00+00:00, run_after=2025-12-11 00:00:00+00:00
[2025-12-11T04:27:46.521+0000] {processor.py:183} INFO - Processing /home/airflow/.local/lib/python3.9/site-packages/airflow/example_dags/example_short_circuit_operator.py took 0.258 seconds
[2025-12-11T04:28:16.647+0000] {processor.py:161} INFO - Started process (PID=1312) to work on /home/airflow/.local/lib/python3.9/site-packages/airflow/example_dags/example_short_circuit_operator.py
[2025-12-11T04:28:16.649+0000] {processor.py:830} INFO - Processing file /home/airflow/.local/lib/python3.9/site-packages/airflow/example_dags/example_short_circuit_operator.py for tasks to queue
[2025-12-11T04:28:16.652+0000] {logging_mixin.py:188} INFO - [2025-12-11T04:28:16.652+0000] {dagbag.py:545} INFO - Filling up the DagBag from /home/airflow/.local/lib/python3.9/site-packages/airflow/example_dags/example_short_circuit_operator.py
[2025-12-11T04:28:16.665+0000] {processor.py:840} INFO - DAG(s) 'example_short_circuit_operator' retrieved from /home/airflow/.local/lib/python3.9/site-packages/airflow/example_dags/example_short_circuit_operator.py
[2025-12-11T04:28:16.708+0000] {logging_mixin.py:188} INFO - [2025-12-11T04:28:16.707+0000] {dag.py:3096} INFO - Sync 1 DAGs
[2025-12-11T04:28:16.755+0000] {logging_mixin.py:188} INFO - [2025-12-11T04:28:16.755+0000] {dag.py:3954} INFO - Setting next_dagrun for example_short_circuit_operator to 2025-12-10 00:00:00+00:00, run_after=2025-12-11 00:00:00+00:00
[2025-12-11T04:28:16.793+0000] {processor.py:183} INFO - Processing /home/airflow/.local/lib/python3.9/site-packages/airflow/example_dags/example_short_circuit_operator.py took 0.160 seconds
[2025-12-11T04:28:47.177+0000] {processor.py:161} INFO - Started process (PID=1378) to work on /home/airflow/.local/lib/python3.9/site-packages/airflow/example_dags/example_short_circuit_operator.py
[2025-12-11T04:28:47.204+0000] {processor.py:830} INFO - Processing file /home/airflow/.local/lib/python3.9/site-packages/airflow/example_dags/example_short_circuit_operator.py for tasks to queue
[2025-12-11T04:28:47.207+0000] {logging_mixin.py:188} INFO - [2025-12-11T04:28:47.207+0000] {dagbag.py:545} INFO - Filling up the DagBag from /home/airflow/.local/lib/python3.9/site-packages/airflow/example_dags/example_short_circuit_operator.py
[2025-12-11T04:28:47.223+0000] {processor.py:840} INFO - DAG(s) 'example_short_circuit_operator' retrieved from /home/airflow/.local/lib/python3.9/site-packages/airflow/example_dags/example_short_circuit_operator.py
[2025-12-11T04:28:47.294+0000] {logging_mixin.py:188} INFO - [2025-12-11T04:28:47.293+0000] {dag.py:3096} INFO - Sync 1 DAGs
[2025-12-11T04:28:47.334+0000] {logging_mixin.py:188} INFO - [2025-12-11T04:28:47.333+0000] {dag.py:3954} INFO - Setting next_dagrun for example_short_circuit_operator to 2025-12-10 00:00:00+00:00, run_after=2025-12-11 00:00:00+00:00
[2025-12-11T04:28:47.605+0000] {processor.py:183} INFO - Processing /home/airflow/.local/lib/python3.9/site-packages/airflow/example_dags/example_short_circuit_operator.py took 0.438 seconds
[2025-12-11T04:29:18.220+0000] {processor.py:161} INFO - Started process (PID=1444) to work on /home/airflow/.local/lib/python3.9/site-packages/airflow/example_dags/example_short_circuit_operator.py
[2025-12-11T04:29:18.234+0000] {processor.py:830} INFO - Processing file /home/airflow/.local/lib/python3.9/site-packages/airflow/example_dags/example_short_circuit_operator.py for tasks to queue
[2025-12-11T04:29:18.237+0000] {logging_mixin.py:188} INFO - [2025-12-11T04:29:18.237+0000] {dagbag.py:545} INFO - Filling up the DagBag from /home/airflow/.local/lib/python3.9/site-packages/airflow/example_dags/example_short_circuit_operator.py
[2025-12-11T04:29:18.251+0000] {processor.py:840} INFO - DAG(s) 'example_short_circuit_operator' retrieved from /home/airflow/.local/lib/python3.9/site-packages/airflow/example_dags/example_short_circuit_operator.py
[2025-12-11T04:29:18.296+0000] {logging_mixin.py:188} INFO - [2025-12-11T04:29:18.295+0000] {dag.py:3096} INFO - Sync 1 DAGs
[2025-12-11T04:29:18.330+0000] {logging_mixin.py:188} INFO - [2025-12-11T04:29:18.329+0000] {dag.py:3954} INFO - Setting next_dagrun for example_short_circuit_operator to 2025-12-10 00:00:00+00:00, run_after=2025-12-11 00:00:00+00:00
[2025-12-11T04:29:18.379+0000] {processor.py:183} INFO - Processing /home/airflow/.local/lib/python3.9/site-packages/airflow/example_dags/example_short_circuit_operator.py took 0.173 seconds
[2025-12-11T04:29:49.223+0000] {processor.py:161} INFO - Started process (PID=1510) to work on /home/airflow/.local/lib/python3.9/site-packages/airflow/example_dags/example_short_circuit_operator.py
[2025-12-11T04:29:49.226+0000] {processor.py:830} INFO - Processing file /home/airflow/.local/lib/python3.9/site-packages/airflow/example_dags/example_short_circuit_operator.py for tasks to queue
[2025-12-11T04:29:49.229+0000] {logging_mixin.py:188} INFO - [2025-12-11T04:29:49.228+0000] {dagbag.py:545} INFO - Filling up the DagBag from /home/airflow/.local/lib/python3.9/site-packages/airflow/example_dags/example_short_circuit_operator.py
[2025-12-11T04:29:49.244+0000] {processor.py:840} INFO - DAG(s) 'example_short_circuit_operator' retrieved from /home/airflow/.local/lib/python3.9/site-packages/airflow/example_dags/example_short_circuit_operator.py
[2025-12-11T04:29:49.322+0000] {logging_mixin.py:188} INFO - [2025-12-11T04:29:49.321+0000] {dag.py:3096} INFO - Sync 1 DAGs
[2025-12-11T04:29:49.382+0000] {logging_mixin.py:188} INFO - [2025-12-11T04:29:49.382+0000] {dag.py:3954} INFO - Setting next_dagrun for example_short_circuit_operator to 2025-12-10 00:00:00+00:00, run_after=2025-12-11 00:00:00+00:00
[2025-12-11T04:29:49.425+0000] {processor.py:183} INFO - Processing /home/airflow/.local/lib/python3.9/site-packages/airflow/example_dags/example_short_circuit_operator.py took 0.220 seconds
[2025-12-11T04:30:19.787+0000] {processor.py:161} INFO - Started process (PID=1576) to work on /home/airflow/.local/lib/python3.9/site-packages/airflow/example_dags/example_short_circuit_operator.py
[2025-12-11T04:30:19.816+0000] {processor.py:830} INFO - Processing file /home/airflow/.local/lib/python3.9/site-packages/airflow/example_dags/example_short_circuit_operator.py for tasks to queue
[2025-12-11T04:30:19.819+0000] {logging_mixin.py:188} INFO - [2025-12-11T04:30:19.819+0000] {dagbag.py:545} INFO - Filling up the DagBag from /home/airflow/.local/lib/python3.9/site-packages/airflow/example_dags/example_short_circuit_operator.py
[2025-12-11T04:30:19.840+0000] {processor.py:840} INFO - DAG(s) 'example_short_circuit_operator' retrieved from /home/airflow/.local/lib/python3.9/site-packages/airflow/example_dags/example_short_circuit_operator.py
[2025-12-11T04:30:19.897+0000] {logging_mixin.py:188} INFO - [2025-12-11T04:30:19.895+0000] {dag.py:3096} INFO - Sync 1 DAGs
[2025-12-11T04:30:19.937+0000] {logging_mixin.py:188} INFO - [2025-12-11T04:30:19.936+0000] {dag.py:3954} INFO - Setting next_dagrun for example_short_circuit_operator to 2025-12-10 00:00:00+00:00, run_after=2025-12-11 00:00:00+00:00
[2025-12-11T04:30:20.005+0000] {processor.py:183} INFO - Processing /home/airflow/.local/lib/python3.9/site-packages/airflow/example_dags/example_short_circuit_operator.py took 0.233 seconds
[2025-12-11T04:30:50.646+0000] {processor.py:161} INFO - Started process (PID=1641) to work on /home/airflow/.local/lib/python3.9/site-packages/airflow/example_dags/example_short_circuit_operator.py
[2025-12-11T04:30:50.655+0000] {processor.py:830} INFO - Processing file /home/airflow/.local/lib/python3.9/site-packages/airflow/example_dags/example_short_circuit_operator.py for tasks to queue
[2025-12-11T04:30:50.658+0000] {logging_mixin.py:188} INFO - [2025-12-11T04:30:50.657+0000] {dagbag.py:545} INFO - Filling up the DagBag from /home/airflow/.local/lib/python3.9/site-packages/airflow/example_dags/example_short_circuit_operator.py
[2025-12-11T04:30:50.672+0000] {processor.py:840} INFO - DAG(s) 'example_short_circuit_operator' retrieved from /home/airflow/.local/lib/python3.9/site-packages/airflow/example_dags/example_short_circuit_operator.py
[2025-12-11T04:30:50.737+0000] {logging_mixin.py:188} INFO - [2025-12-11T04:30:50.732+0000] {dag.py:3096} INFO - Sync 1 DAGs
[2025-12-11T04:30:50.800+0000] {logging_mixin.py:188} INFO - [2025-12-11T04:30:50.800+0000] {dag.py:3954} INFO - Setting next_dagrun for example_short_circuit_operator to 2025-12-10 00:00:00+00:00, run_after=2025-12-11 00:00:00+00:00
[2025-12-11T04:30:51.032+0000] {processor.py:183} INFO - Processing /home/airflow/.local/lib/python3.9/site-packages/airflow/example_dags/example_short_circuit_operator.py took 0.401 seconds
[2025-12-11T04:31:21.781+0000] {processor.py:161} INFO - Started process (PID=1714) to work on /home/airflow/.local/lib/python3.9/site-packages/airflow/example_dags/example_short_circuit_operator.py
[2025-12-11T04:31:21.789+0000] {processor.py:830} INFO - Processing file /home/airflow/.local/lib/python3.9/site-packages/airflow/example_dags/example_short_circuit_operator.py for tasks to queue
[2025-12-11T04:31:21.802+0000] {logging_mixin.py:188} INFO - [2025-12-11T04:31:21.802+0000] {dagbag.py:545} INFO - Filling up the DagBag from /home/airflow/.local/lib/python3.9/site-packages/airflow/example_dags/example_short_circuit_operator.py
[2025-12-11T04:31:21.841+0000] {processor.py:840} INFO - DAG(s) 'example_short_circuit_operator' retrieved from /home/airflow/.local/lib/python3.9/site-packages/airflow/example_dags/example_short_circuit_operator.py
[2025-12-11T04:31:21.961+0000] {logging_mixin.py:188} INFO - [2025-12-11T04:31:21.961+0000] {dag.py:3096} INFO - Sync 1 DAGs
[2025-12-11T04:31:22.038+0000] {logging_mixin.py:188} INFO - [2025-12-11T04:31:22.037+0000] {dag.py:3954} INFO - Setting next_dagrun for example_short_circuit_operator to 2025-12-10 00:00:00+00:00, run_after=2025-12-11 00:00:00+00:00
[2025-12-11T04:31:22.158+0000] {processor.py:183} INFO - Processing /home/airflow/.local/lib/python3.9/site-packages/airflow/example_dags/example_short_circuit_operator.py took 0.414 seconds
[2025-12-11T04:31:52.504+0000] {processor.py:161} INFO - Started process (PID=1780) to work on /home/airflow/.local/lib/python3.9/site-packages/airflow/example_dags/example_short_circuit_operator.py
[2025-12-11T04:31:52.506+0000] {processor.py:830} INFO - Processing file /home/airflow/.local/lib/python3.9/site-packages/airflow/example_dags/example_short_circuit_operator.py for tasks to queue
[2025-12-11T04:31:52.518+0000] {logging_mixin.py:188} INFO - [2025-12-11T04:31:52.518+0000] {dagbag.py:545} INFO - Filling up the DagBag from /home/airflow/.local/lib/python3.9/site-packages/airflow/example_dags/example_short_circuit_operator.py
[2025-12-11T04:31:52.543+0000] {processor.py:840} INFO - DAG(s) 'example_short_circuit_operator' retrieved from /home/airflow/.local/lib/python3.9/site-packages/airflow/example_dags/example_short_circuit_operator.py
[2025-12-11T04:31:52.657+0000] {logging_mixin.py:188} INFO - [2025-12-11T04:31:52.644+0000] {dag.py:3096} INFO - Sync 1 DAGs
[2025-12-11T04:31:52.797+0000] {logging_mixin.py:188} INFO - [2025-12-11T04:31:52.797+0000] {dag.py:3954} INFO - Setting next_dagrun for example_short_circuit_operator to 2025-12-10 00:00:00+00:00, run_after=2025-12-11 00:00:00+00:00
[2025-12-11T04:31:52.925+0000] {processor.py:183} INFO - Processing /home/airflow/.local/lib/python3.9/site-packages/airflow/example_dags/example_short_circuit_operator.py took 0.443 seconds
[2025-12-11T04:32:23.898+0000] {processor.py:161} INFO - Started process (PID=1846) to work on /home/airflow/.local/lib/python3.9/site-packages/airflow/example_dags/example_short_circuit_operator.py
[2025-12-11T04:32:23.900+0000] {processor.py:830} INFO - Processing file /home/airflow/.local/lib/python3.9/site-packages/airflow/example_dags/example_short_circuit_operator.py for tasks to queue
[2025-12-11T04:32:23.903+0000] {logging_mixin.py:188} INFO - [2025-12-11T04:32:23.902+0000] {dagbag.py:545} INFO - Filling up the DagBag from /home/airflow/.local/lib/python3.9/site-packages/airflow/example_dags/example_short_circuit_operator.py
[2025-12-11T04:32:23.925+0000] {processor.py:840} INFO - DAG(s) 'example_short_circuit_operator' retrieved from /home/airflow/.local/lib/python3.9/site-packages/airflow/example_dags/example_short_circuit_operator.py
[2025-12-11T04:32:23.997+0000] {logging_mixin.py:188} INFO - [2025-12-11T04:32:23.997+0000] {dag.py:3096} INFO - Sync 1 DAGs
[2025-12-11T04:32:24.052+0000] {logging_mixin.py:188} INFO - [2025-12-11T04:32:24.051+0000] {dag.py:3954} INFO - Setting next_dagrun for example_short_circuit_operator to 2025-12-10 00:00:00+00:00, run_after=2025-12-11 00:00:00+00:00
[2025-12-11T04:32:24.108+0000] {processor.py:183} INFO - Processing /home/airflow/.local/lib/python3.9/site-packages/airflow/example_dags/example_short_circuit_operator.py took 0.230 seconds
[2025-12-11T04:32:54.520+0000] {processor.py:161} INFO - Started process (PID=1910) to work on /home/airflow/.local/lib/python3.9/site-packages/airflow/example_dags/example_short_circuit_operator.py
[2025-12-11T04:32:54.522+0000] {processor.py:830} INFO - Processing file /home/airflow/.local/lib/python3.9/site-packages/airflow/example_dags/example_short_circuit_operator.py for tasks to queue
[2025-12-11T04:32:54.525+0000] {logging_mixin.py:188} INFO - [2025-12-11T04:32:54.525+0000] {dagbag.py:545} INFO - Filling up the DagBag from /home/airflow/.local/lib/python3.9/site-packages/airflow/example_dags/example_short_circuit_operator.py
[2025-12-11T04:32:54.547+0000] {processor.py:840} INFO - DAG(s) 'example_short_circuit_operator' retrieved from /home/airflow/.local/lib/python3.9/site-packages/airflow/example_dags/example_short_circuit_operator.py
[2025-12-11T04:32:54.621+0000] {logging_mixin.py:188} INFO - [2025-12-11T04:32:54.621+0000] {dag.py:3096} INFO - Sync 1 DAGs
[2025-12-11T04:32:54.686+0000] {logging_mixin.py:188} INFO - [2025-12-11T04:32:54.686+0000] {dag.py:3954} INFO - Setting next_dagrun for example_short_circuit_operator to 2025-12-10 00:00:00+00:00, run_after=2025-12-11 00:00:00+00:00
[2025-12-11T04:32:54.760+0000] {processor.py:183} INFO - Processing /home/airflow/.local/lib/python3.9/site-packages/airflow/example_dags/example_short_circuit_operator.py took 0.258 seconds
[2025-12-11T04:33:25.060+0000] {processor.py:161} INFO - Started process (PID=1976) to work on /home/airflow/.local/lib/python3.9/site-packages/airflow/example_dags/example_short_circuit_operator.py
[2025-12-11T04:33:25.081+0000] {processor.py:830} INFO - Processing file /home/airflow/.local/lib/python3.9/site-packages/airflow/example_dags/example_short_circuit_operator.py for tasks to queue
[2025-12-11T04:33:25.088+0000] {logging_mixin.py:188} INFO - [2025-12-11T04:33:25.087+0000] {dagbag.py:545} INFO - Filling up the DagBag from /home/airflow/.local/lib/python3.9/site-packages/airflow/example_dags/example_short_circuit_operator.py
[2025-12-11T04:33:25.117+0000] {processor.py:840} INFO - DAG(s) 'example_short_circuit_operator' retrieved from /home/airflow/.local/lib/python3.9/site-packages/airflow/example_dags/example_short_circuit_operator.py
[2025-12-11T04:33:25.200+0000] {logging_mixin.py:188} INFO - [2025-12-11T04:33:25.199+0000] {dag.py:3096} INFO - Sync 1 DAGs
[2025-12-11T04:33:25.271+0000] {logging_mixin.py:188} INFO - [2025-12-11T04:33:25.271+0000] {dag.py:3954} INFO - Setting next_dagrun for example_short_circuit_operator to 2025-12-10 00:00:00+00:00, run_after=2025-12-11 00:00:00+00:00
[2025-12-11T04:33:25.569+0000] {processor.py:183} INFO - Processing /home/airflow/.local/lib/python3.9/site-packages/airflow/example_dags/example_short_circuit_operator.py took 0.530 seconds
[2025-12-11T04:33:55.723+0000] {processor.py:161} INFO - Started process (PID=2044) to work on /home/airflow/.local/lib/python3.9/site-packages/airflow/example_dags/example_short_circuit_operator.py
[2025-12-11T04:33:55.741+0000] {processor.py:830} INFO - Processing file /home/airflow/.local/lib/python3.9/site-packages/airflow/example_dags/example_short_circuit_operator.py for tasks to queue
[2025-12-11T04:33:55.744+0000] {logging_mixin.py:188} INFO - [2025-12-11T04:33:55.744+0000] {dagbag.py:545} INFO - Filling up the DagBag from /home/airflow/.local/lib/python3.9/site-packages/airflow/example_dags/example_short_circuit_operator.py
[2025-12-11T04:33:55.759+0000] {processor.py:840} INFO - DAG(s) 'example_short_circuit_operator' retrieved from /home/airflow/.local/lib/python3.9/site-packages/airflow/example_dags/example_short_circuit_operator.py
[2025-12-11T04:33:55.812+0000] {logging_mixin.py:188} INFO - [2025-12-11T04:33:55.812+0000] {dag.py:3096} INFO - Sync 1 DAGs
[2025-12-11T04:33:55.850+0000] {logging_mixin.py:188} INFO - [2025-12-11T04:33:55.850+0000] {dag.py:3954} INFO - Setting next_dagrun for example_short_circuit_operator to 2025-12-10 00:00:00+00:00, run_after=2025-12-11 00:00:00+00:00
[2025-12-11T04:33:56.165+0000] {processor.py:183} INFO - Processing /home/airflow/.local/lib/python3.9/site-packages/airflow/example_dags/example_short_circuit_operator.py took 0.455 seconds
[2025-12-11T04:34:26.605+0000] {processor.py:161} INFO - Started process (PID=2111) to work on /home/airflow/.local/lib/python3.9/site-packages/airflow/example_dags/example_short_circuit_operator.py
[2025-12-11T04:34:26.606+0000] {processor.py:830} INFO - Processing file /home/airflow/.local/lib/python3.9/site-packages/airflow/example_dags/example_short_circuit_operator.py for tasks to queue
[2025-12-11T04:34:26.618+0000] {logging_mixin.py:188} INFO - [2025-12-11T04:34:26.618+0000] {dagbag.py:545} INFO - Filling up the DagBag from /home/airflow/.local/lib/python3.9/site-packages/airflow/example_dags/example_short_circuit_operator.py
[2025-12-11T04:34:26.640+0000] {processor.py:840} INFO - DAG(s) 'example_short_circuit_operator' retrieved from /home/airflow/.local/lib/python3.9/site-packages/airflow/example_dags/example_short_circuit_operator.py
[2025-12-11T04:34:26.727+0000] {logging_mixin.py:188} INFO - [2025-12-11T04:34:26.727+0000] {dag.py:3096} INFO - Sync 1 DAGs
[2025-12-11T04:34:26.788+0000] {logging_mixin.py:188} INFO - [2025-12-11T04:34:26.788+0000] {dag.py:3954} INFO - Setting next_dagrun for example_short_circuit_operator to 2025-12-10 00:00:00+00:00, run_after=2025-12-11 00:00:00+00:00
[2025-12-11T04:34:27.098+0000] {processor.py:183} INFO - Processing /home/airflow/.local/lib/python3.9/site-packages/airflow/example_dags/example_short_circuit_operator.py took 0.512 seconds
[2025-12-11T04:34:57.302+0000] {processor.py:161} INFO - Started process (PID=2178) to work on /home/airflow/.local/lib/python3.9/site-packages/airflow/example_dags/example_short_circuit_operator.py
[2025-12-11T04:34:57.304+0000] {processor.py:830} INFO - Processing file /home/airflow/.local/lib/python3.9/site-packages/airflow/example_dags/example_short_circuit_operator.py for tasks to queue
[2025-12-11T04:34:57.306+0000] {logging_mixin.py:188} INFO - [2025-12-11T04:34:57.306+0000] {dagbag.py:545} INFO - Filling up the DagBag from /home/airflow/.local/lib/python3.9/site-packages/airflow/example_dags/example_short_circuit_operator.py
[2025-12-11T04:34:57.324+0000] {processor.py:840} INFO - DAG(s) 'example_short_circuit_operator' retrieved from /home/airflow/.local/lib/python3.9/site-packages/airflow/example_dags/example_short_circuit_operator.py
[2025-12-11T04:34:57.386+0000] {logging_mixin.py:188} INFO - [2025-12-11T04:34:57.385+0000] {dag.py:3096} INFO - Sync 1 DAGs
[2025-12-11T04:34:57.447+0000] {logging_mixin.py:188} INFO - [2025-12-11T04:34:57.447+0000] {dag.py:3954} INFO - Setting next_dagrun for example_short_circuit_operator to 2025-12-10 00:00:00+00:00, run_after=2025-12-11 00:00:00+00:00
[2025-12-11T04:34:57.484+0000] {processor.py:183} INFO - Processing /home/airflow/.local/lib/python3.9/site-packages/airflow/example_dags/example_short_circuit_operator.py took 0.198 seconds
[2025-12-11T04:35:27.866+0000] {processor.py:161} INFO - Started process (PID=2246) to work on /home/airflow/.local/lib/python3.9/site-packages/airflow/example_dags/example_short_circuit_operator.py
[2025-12-11T04:35:27.868+0000] {processor.py:830} INFO - Processing file /home/airflow/.local/lib/python3.9/site-packages/airflow/example_dags/example_short_circuit_operator.py for tasks to queue
[2025-12-11T04:35:27.871+0000] {logging_mixin.py:188} INFO - [2025-12-11T04:35:27.870+0000] {dagbag.py:545} INFO - Filling up the DagBag from /home/airflow/.local/lib/python3.9/site-packages/airflow/example_dags/example_short_circuit_operator.py
[2025-12-11T04:35:27.883+0000] {processor.py:840} INFO - DAG(s) 'example_short_circuit_operator' retrieved from /home/airflow/.local/lib/python3.9/site-packages/airflow/example_dags/example_short_circuit_operator.py
[2025-12-11T04:35:27.928+0000] {logging_mixin.py:188} INFO - [2025-12-11T04:35:27.927+0000] {dag.py:3096} INFO - Sync 1 DAGs
[2025-12-11T04:35:27.964+0000] {logging_mixin.py:188} INFO - [2025-12-11T04:35:27.964+0000] {dag.py:3954} INFO - Setting next_dagrun for example_short_circuit_operator to 2025-12-10 00:00:00+00:00, run_after=2025-12-11 00:00:00+00:00
[2025-12-11T04:35:27.989+0000] {processor.py:183} INFO - Processing /home/airflow/.local/lib/python3.9/site-packages/airflow/example_dags/example_short_circuit_operator.py took 0.134 seconds
[2025-12-11T04:35:58.353+0000] {processor.py:161} INFO - Started process (PID=2313) to work on /home/airflow/.local/lib/python3.9/site-packages/airflow/example_dags/example_short_circuit_operator.py
[2025-12-11T04:35:58.355+0000] {processor.py:830} INFO - Processing file /home/airflow/.local/lib/python3.9/site-packages/airflow/example_dags/example_short_circuit_operator.py for tasks to queue
[2025-12-11T04:35:58.359+0000] {logging_mixin.py:188} INFO - [2025-12-11T04:35:58.358+0000] {dagbag.py:545} INFO - Filling up the DagBag from /home/airflow/.local/lib/python3.9/site-packages/airflow/example_dags/example_short_circuit_operator.py
[2025-12-11T04:35:58.371+0000] {processor.py:840} INFO - DAG(s) 'example_short_circuit_operator' retrieved from /home/airflow/.local/lib/python3.9/site-packages/airflow/example_dags/example_short_circuit_operator.py
[2025-12-11T04:35:58.420+0000] {logging_mixin.py:188} INFO - [2025-12-11T04:35:58.420+0000] {dag.py:3096} INFO - Sync 1 DAGs
[2025-12-11T04:35:58.458+0000] {logging_mixin.py:188} INFO - [2025-12-11T04:35:58.458+0000] {dag.py:3954} INFO - Setting next_dagrun for example_short_circuit_operator to 2025-12-10 00:00:00+00:00, run_after=2025-12-11 00:00:00+00:00
[2025-12-11T04:35:58.508+0000] {processor.py:183} INFO - Processing /home/airflow/.local/lib/python3.9/site-packages/airflow/example_dags/example_short_circuit_operator.py took 0.167 seconds
[2025-12-11T04:36:28.942+0000] {processor.py:161} INFO - Started process (PID=2380) to work on /home/airflow/.local/lib/python3.9/site-packages/airflow/example_dags/example_short_circuit_operator.py
[2025-12-11T04:36:28.943+0000] {processor.py:830} INFO - Processing file /home/airflow/.local/lib/python3.9/site-packages/airflow/example_dags/example_short_circuit_operator.py for tasks to queue
[2025-12-11T04:36:28.946+0000] {logging_mixin.py:188} INFO - [2025-12-11T04:36:28.945+0000] {dagbag.py:545} INFO - Filling up the DagBag from /home/airflow/.local/lib/python3.9/site-packages/airflow/example_dags/example_short_circuit_operator.py
[2025-12-11T04:36:28.956+0000] {processor.py:840} INFO - DAG(s) 'example_short_circuit_operator' retrieved from /home/airflow/.local/lib/python3.9/site-packages/airflow/example_dags/example_short_circuit_operator.py
[2025-12-11T04:36:28.996+0000] {logging_mixin.py:188} INFO - [2025-12-11T04:36:28.996+0000] {dag.py:3096} INFO - Sync 1 DAGs
[2025-12-11T04:36:29.033+0000] {logging_mixin.py:188} INFO - [2025-12-11T04:36:29.032+0000] {dag.py:3954} INFO - Setting next_dagrun for example_short_circuit_operator to 2025-12-10 00:00:00+00:00, run_after=2025-12-11 00:00:00+00:00
[2025-12-11T04:36:29.059+0000] {processor.py:183} INFO - Processing /home/airflow/.local/lib/python3.9/site-packages/airflow/example_dags/example_short_circuit_operator.py took 0.128 seconds
[2025-12-11T04:36:59.281+0000] {processor.py:161} INFO - Started process (PID=2447) to work on /home/airflow/.local/lib/python3.9/site-packages/airflow/example_dags/example_short_circuit_operator.py
[2025-12-11T04:36:59.283+0000] {processor.py:830} INFO - Processing file /home/airflow/.local/lib/python3.9/site-packages/airflow/example_dags/example_short_circuit_operator.py for tasks to queue
[2025-12-11T04:36:59.285+0000] {logging_mixin.py:188} INFO - [2025-12-11T04:36:59.285+0000] {dagbag.py:545} INFO - Filling up the DagBag from /home/airflow/.local/lib/python3.9/site-packages/airflow/example_dags/example_short_circuit_operator.py
[2025-12-11T04:36:59.296+0000] {processor.py:840} INFO - DAG(s) 'example_short_circuit_operator' retrieved from /home/airflow/.local/lib/python3.9/site-packages/airflow/example_dags/example_short_circuit_operator.py
[2025-12-11T04:36:59.338+0000] {logging_mixin.py:188} INFO - [2025-12-11T04:36:59.338+0000] {dag.py:3096} INFO - Sync 1 DAGs
[2025-12-11T04:36:59.377+0000] {logging_mixin.py:188} INFO - [2025-12-11T04:36:59.376+0000] {dag.py:3954} INFO - Setting next_dagrun for example_short_circuit_operator to 2025-12-10 00:00:00+00:00, run_after=2025-12-11 00:00:00+00:00
[2025-12-11T04:36:59.407+0000] {processor.py:183} INFO - Processing /home/airflow/.local/lib/python3.9/site-packages/airflow/example_dags/example_short_circuit_operator.py took 0.138 seconds
[2025-12-11T04:37:30.591+0000] {processor.py:161} INFO - Started process (PID=2514) to work on /home/airflow/.local/lib/python3.9/site-packages/airflow/example_dags/example_short_circuit_operator.py
[2025-12-11T04:37:30.595+0000] {processor.py:830} INFO - Processing file /home/airflow/.local/lib/python3.9/site-packages/airflow/example_dags/example_short_circuit_operator.py for tasks to queue
[2025-12-11T04:37:30.599+0000] {logging_mixin.py:188} INFO - [2025-12-11T04:37:30.599+0000] {dagbag.py:545} INFO - Filling up the DagBag from /home/airflow/.local/lib/python3.9/site-packages/airflow/example_dags/example_short_circuit_operator.py
[2025-12-11T04:37:30.613+0000] {processor.py:840} INFO - DAG(s) 'example_short_circuit_operator' retrieved from /home/airflow/.local/lib/python3.9/site-packages/airflow/example_dags/example_short_circuit_operator.py
[2025-12-11T04:37:30.662+0000] {logging_mixin.py:188} INFO - [2025-12-11T04:37:30.662+0000] {dag.py:3096} INFO - Sync 1 DAGs
[2025-12-11T04:37:30.706+0000] {logging_mixin.py:188} INFO - [2025-12-11T04:37:30.706+0000] {dag.py:3954} INFO - Setting next_dagrun for example_short_circuit_operator to 2025-12-10 00:00:00+00:00, run_after=2025-12-11 00:00:00+00:00
[2025-12-11T04:37:31.012+0000] {processor.py:183} INFO - Processing /home/airflow/.local/lib/python3.9/site-packages/airflow/example_dags/example_short_circuit_operator.py took 0.433 seconds
[2025-12-11T04:38:01.181+0000] {processor.py:161} INFO - Started process (PID=2581) to work on /home/airflow/.local/lib/python3.9/site-packages/airflow/example_dags/example_short_circuit_operator.py
[2025-12-11T04:38:01.188+0000] {processor.py:830} INFO - Processing file /home/airflow/.local/lib/python3.9/site-packages/airflow/example_dags/example_short_circuit_operator.py for tasks to queue
[2025-12-11T04:38:01.191+0000] {logging_mixin.py:188} INFO - [2025-12-11T04:38:01.190+0000] {dagbag.py:545} INFO - Filling up the DagBag from /home/airflow/.local/lib/python3.9/site-packages/airflow/example_dags/example_short_circuit_operator.py
[2025-12-11T04:38:01.204+0000] {processor.py:840} INFO - DAG(s) 'example_short_circuit_operator' retrieved from /home/airflow/.local/lib/python3.9/site-packages/airflow/example_dags/example_short_circuit_operator.py
[2025-12-11T04:38:01.249+0000] {logging_mixin.py:188} INFO - [2025-12-11T04:38:01.249+0000] {dag.py:3096} INFO - Sync 1 DAGs
[2025-12-11T04:38:01.292+0000] {logging_mixin.py:188} INFO - [2025-12-11T04:38:01.291+0000] {dag.py:3954} INFO - Setting next_dagrun for example_short_circuit_operator to 2025-12-10 00:00:00+00:00, run_after=2025-12-11 00:00:00+00:00
[2025-12-11T04:38:01.669+0000] {processor.py:183} INFO - Processing /home/airflow/.local/lib/python3.9/site-packages/airflow/example_dags/example_short_circuit_operator.py took 0.500 seconds
[2025-12-11T04:38:32.326+0000] {processor.py:161} INFO - Started process (PID=2648) to work on /home/airflow/.local/lib/python3.9/site-packages/airflow/example_dags/example_short_circuit_operator.py
[2025-12-11T04:38:32.365+0000] {processor.py:830} INFO - Processing file /home/airflow/.local/lib/python3.9/site-packages/airflow/example_dags/example_short_circuit_operator.py for tasks to queue
[2025-12-11T04:38:32.368+0000] {logging_mixin.py:188} INFO - [2025-12-11T04:38:32.368+0000] {dagbag.py:545} INFO - Filling up the DagBag from /home/airflow/.local/lib/python3.9/site-packages/airflow/example_dags/example_short_circuit_operator.py
[2025-12-11T04:38:32.382+0000] {processor.py:840} INFO - DAG(s) 'example_short_circuit_operator' retrieved from /home/airflow/.local/lib/python3.9/site-packages/airflow/example_dags/example_short_circuit_operator.py
[2025-12-11T04:38:32.427+0000] {logging_mixin.py:188} INFO - [2025-12-11T04:38:32.427+0000] {dag.py:3096} INFO - Sync 1 DAGs
[2025-12-11T04:38:32.468+0000] {logging_mixin.py:188} INFO - [2025-12-11T04:38:32.468+0000] {dag.py:3954} INFO - Setting next_dagrun for example_short_circuit_operator to 2025-12-10 00:00:00+00:00, run_after=2025-12-11 00:00:00+00:00
[2025-12-11T04:38:32.808+0000] {processor.py:183} INFO - Processing /home/airflow/.local/lib/python3.9/site-packages/airflow/example_dags/example_short_circuit_operator.py took 0.496 seconds
[2025-12-11T04:39:03.589+0000] {processor.py:161} INFO - Started process (PID=2715) to work on /home/airflow/.local/lib/python3.9/site-packages/airflow/example_dags/example_short_circuit_operator.py
[2025-12-11T04:39:03.591+0000] {processor.py:830} INFO - Processing file /home/airflow/.local/lib/python3.9/site-packages/airflow/example_dags/example_short_circuit_operator.py for tasks to queue
[2025-12-11T04:39:03.594+0000] {logging_mixin.py:188} INFO - [2025-12-11T04:39:03.594+0000] {dagbag.py:545} INFO - Filling up the DagBag from /home/airflow/.local/lib/python3.9/site-packages/airflow/example_dags/example_short_circuit_operator.py
[2025-12-11T04:39:03.605+0000] {processor.py:840} INFO - DAG(s) 'example_short_circuit_operator' retrieved from /home/airflow/.local/lib/python3.9/site-packages/airflow/example_dags/example_short_circuit_operator.py
[2025-12-11T04:39:03.686+0000] {logging_mixin.py:188} INFO - [2025-12-11T04:39:03.685+0000] {dag.py:3096} INFO - Sync 1 DAGs
[2025-12-11T04:39:03.769+0000] {logging_mixin.py:188} INFO - [2025-12-11T04:39:03.769+0000] {dag.py:3954} INFO - Setting next_dagrun for example_short_circuit_operator to 2025-12-10 00:00:00+00:00, run_after=2025-12-11 00:00:00+00:00
[2025-12-11T04:39:04.074+0000] {processor.py:183} INFO - Processing /home/airflow/.local/lib/python3.9/site-packages/airflow/example_dags/example_short_circuit_operator.py took 0.494 seconds
[2025-12-11T04:39:34.449+0000] {processor.py:161} INFO - Started process (PID=2781) to work on /home/airflow/.local/lib/python3.9/site-packages/airflow/example_dags/example_short_circuit_operator.py
[2025-12-11T04:39:34.463+0000] {processor.py:830} INFO - Processing file /home/airflow/.local/lib/python3.9/site-packages/airflow/example_dags/example_short_circuit_operator.py for tasks to queue
[2025-12-11T04:39:34.466+0000] {logging_mixin.py:188} INFO - [2025-12-11T04:39:34.465+0000] {dagbag.py:545} INFO - Filling up the DagBag from /home/airflow/.local/lib/python3.9/site-packages/airflow/example_dags/example_short_circuit_operator.py
[2025-12-11T04:39:34.477+0000] {processor.py:840} INFO - DAG(s) 'example_short_circuit_operator' retrieved from /home/airflow/.local/lib/python3.9/site-packages/airflow/example_dags/example_short_circuit_operator.py
[2025-12-11T04:39:34.532+0000] {logging_mixin.py:188} INFO - [2025-12-11T04:39:34.531+0000] {dag.py:3096} INFO - Sync 1 DAGs
[2025-12-11T04:39:34.575+0000] {logging_mixin.py:188} INFO - [2025-12-11T04:39:34.575+0000] {dag.py:3954} INFO - Setting next_dagrun for example_short_circuit_operator to 2025-12-10 00:00:00+00:00, run_after=2025-12-11 00:00:00+00:00
[2025-12-11T04:39:35.199+0000] {processor.py:183} INFO - Processing /home/airflow/.local/lib/python3.9/site-packages/airflow/example_dags/example_short_circuit_operator.py took 0.761 seconds
[2025-12-11T04:40:05.556+0000] {processor.py:161} INFO - Started process (PID=2848) to work on /home/airflow/.local/lib/python3.9/site-packages/airflow/example_dags/example_short_circuit_operator.py
[2025-12-11T04:40:05.616+0000] {processor.py:830} INFO - Processing file /home/airflow/.local/lib/python3.9/site-packages/airflow/example_dags/example_short_circuit_operator.py for tasks to queue
[2025-12-11T04:40:05.620+0000] {logging_mixin.py:188} INFO - [2025-12-11T04:40:05.619+0000] {dagbag.py:545} INFO - Filling up the DagBag from /home/airflow/.local/lib/python3.9/site-packages/airflow/example_dags/example_short_circuit_operator.py
[2025-12-11T04:40:05.632+0000] {processor.py:840} INFO - DAG(s) 'example_short_circuit_operator' retrieved from /home/airflow/.local/lib/python3.9/site-packages/airflow/example_dags/example_short_circuit_operator.py
[2025-12-11T04:40:05.676+0000] {logging_mixin.py:188} INFO - [2025-12-11T04:40:05.676+0000] {dag.py:3096} INFO - Sync 1 DAGs
[2025-12-11T04:40:05.720+0000] {logging_mixin.py:188} INFO - [2025-12-11T04:40:05.720+0000] {dag.py:3954} INFO - Setting next_dagrun for example_short_circuit_operator to 2025-12-10 00:00:00+00:00, run_after=2025-12-11 00:00:00+00:00
[2025-12-11T04:40:06.090+0000] {processor.py:183} INFO - Processing /home/airflow/.local/lib/python3.9/site-packages/airflow/example_dags/example_short_circuit_operator.py took 0.543 seconds
[2025-12-11T04:40:36.153+0000] {processor.py:161} INFO - Started process (PID=2915) to work on /home/airflow/.local/lib/python3.9/site-packages/airflow/example_dags/example_short_circuit_operator.py
[2025-12-11T04:40:36.156+0000] {processor.py:830} INFO - Processing file /home/airflow/.local/lib/python3.9/site-packages/airflow/example_dags/example_short_circuit_operator.py for tasks to queue
[2025-12-11T04:40:36.158+0000] {logging_mixin.py:188} INFO - [2025-12-11T04:40:36.158+0000] {dagbag.py:545} INFO - Filling up the DagBag from /home/airflow/.local/lib/python3.9/site-packages/airflow/example_dags/example_short_circuit_operator.py
[2025-12-11T04:40:36.169+0000] {processor.py:840} INFO - DAG(s) 'example_short_circuit_operator' retrieved from /home/airflow/.local/lib/python3.9/site-packages/airflow/example_dags/example_short_circuit_operator.py
[2025-12-11T04:40:36.211+0000] {logging_mixin.py:188} INFO - [2025-12-11T04:40:36.210+0000] {dag.py:3096} INFO - Sync 1 DAGs
[2025-12-11T04:40:36.267+0000] {logging_mixin.py:188} INFO - [2025-12-11T04:40:36.266+0000] {dag.py:3954} INFO - Setting next_dagrun for example_short_circuit_operator to 2025-12-10 00:00:00+00:00, run_after=2025-12-11 00:00:00+00:00
[2025-12-11T04:40:36.607+0000] {processor.py:183} INFO - Processing /home/airflow/.local/lib/python3.9/site-packages/airflow/example_dags/example_short_circuit_operator.py took 0.465 seconds
[2025-12-11T04:41:06.886+0000] {processor.py:161} INFO - Started process (PID=2982) to work on /home/airflow/.local/lib/python3.9/site-packages/airflow/example_dags/example_short_circuit_operator.py
[2025-12-11T04:41:06.907+0000] {processor.py:830} INFO - Processing file /home/airflow/.local/lib/python3.9/site-packages/airflow/example_dags/example_short_circuit_operator.py for tasks to queue
[2025-12-11T04:41:06.911+0000] {logging_mixin.py:188} INFO - [2025-12-11T04:41:06.910+0000] {dagbag.py:545} INFO - Filling up the DagBag from /home/airflow/.local/lib/python3.9/site-packages/airflow/example_dags/example_short_circuit_operator.py
[2025-12-11T04:41:06.928+0000] {processor.py:840} INFO - DAG(s) 'example_short_circuit_operator' retrieved from /home/airflow/.local/lib/python3.9/site-packages/airflow/example_dags/example_short_circuit_operator.py
[2025-12-11T04:41:07.007+0000] {logging_mixin.py:188} INFO - [2025-12-11T04:41:07.007+0000] {dag.py:3096} INFO - Sync 1 DAGs
[2025-12-11T04:41:07.061+0000] {logging_mixin.py:188} INFO - [2025-12-11T04:41:07.060+0000] {dag.py:3954} INFO - Setting next_dagrun for example_short_circuit_operator to 2025-12-10 00:00:00+00:00, run_after=2025-12-11 00:00:00+00:00
[2025-12-11T04:41:07.322+0000] {processor.py:183} INFO - Processing /home/airflow/.local/lib/python3.9/site-packages/airflow/example_dags/example_short_circuit_operator.py took 0.458 seconds
[2025-12-11T04:41:38.209+0000] {processor.py:161} INFO - Started process (PID=3049) to work on /home/airflow/.local/lib/python3.9/site-packages/airflow/example_dags/example_short_circuit_operator.py
[2025-12-11T04:41:38.274+0000] {processor.py:830} INFO - Processing file /home/airflow/.local/lib/python3.9/site-packages/airflow/example_dags/example_short_circuit_operator.py for tasks to queue
[2025-12-11T04:41:38.279+0000] {logging_mixin.py:188} INFO - [2025-12-11T04:41:38.278+0000] {dagbag.py:545} INFO - Filling up the DagBag from /home/airflow/.local/lib/python3.9/site-packages/airflow/example_dags/example_short_circuit_operator.py
[2025-12-11T04:41:38.290+0000] {processor.py:840} INFO - DAG(s) 'example_short_circuit_operator' retrieved from /home/airflow/.local/lib/python3.9/site-packages/airflow/example_dags/example_short_circuit_operator.py
[2025-12-11T04:41:38.338+0000] {logging_mixin.py:188} INFO - [2025-12-11T04:41:38.338+0000] {dag.py:3096} INFO - Sync 1 DAGs
[2025-12-11T04:41:38.373+0000] {logging_mixin.py:188} INFO - [2025-12-11T04:41:38.373+0000] {dag.py:3954} INFO - Setting next_dagrun for example_short_circuit_operator to 2025-12-10 00:00:00+00:00, run_after=2025-12-11 00:00:00+00:00
[2025-12-11T04:41:38.668+0000] {processor.py:183} INFO - Processing /home/airflow/.local/lib/python3.9/site-packages/airflow/example_dags/example_short_circuit_operator.py took 0.483 seconds
[2025-12-11T04:42:09.023+0000] {processor.py:161} INFO - Started process (PID=3117) to work on /home/airflow/.local/lib/python3.9/site-packages/airflow/example_dags/example_short_circuit_operator.py
[2025-12-11T04:42:09.024+0000] {processor.py:830} INFO - Processing file /home/airflow/.local/lib/python3.9/site-packages/airflow/example_dags/example_short_circuit_operator.py for tasks to queue
[2025-12-11T04:42:09.027+0000] {logging_mixin.py:188} INFO - [2025-12-11T04:42:09.026+0000] {dagbag.py:545} INFO - Filling up the DagBag from /home/airflow/.local/lib/python3.9/site-packages/airflow/example_dags/example_short_circuit_operator.py
[2025-12-11T04:42:09.041+0000] {processor.py:840} INFO - DAG(s) 'example_short_circuit_operator' retrieved from /home/airflow/.local/lib/python3.9/site-packages/airflow/example_dags/example_short_circuit_operator.py
[2025-12-11T04:42:09.084+0000] {logging_mixin.py:188} INFO - [2025-12-11T04:42:09.083+0000] {dag.py:3096} INFO - Sync 1 DAGs
[2025-12-11T04:42:09.123+0000] {logging_mixin.py:188} INFO - [2025-12-11T04:42:09.122+0000] {dag.py:3954} INFO - Setting next_dagrun for example_short_circuit_operator to 2025-12-10 00:00:00+00:00, run_after=2025-12-11 00:00:00+00:00
[2025-12-11T04:42:09.149+0000] {processor.py:183} INFO - Processing /home/airflow/.local/lib/python3.9/site-packages/airflow/example_dags/example_short_circuit_operator.py took 0.139 seconds
[2025-12-11T04:42:39.580+0000] {processor.py:161} INFO - Started process (PID=3184) to work on /home/airflow/.local/lib/python3.9/site-packages/airflow/example_dags/example_short_circuit_operator.py
[2025-12-11T04:42:39.590+0000] {processor.py:830} INFO - Processing file /home/airflow/.local/lib/python3.9/site-packages/airflow/example_dags/example_short_circuit_operator.py for tasks to queue
[2025-12-11T04:42:39.597+0000] {logging_mixin.py:188} INFO - [2025-12-11T04:42:39.593+0000] {dagbag.py:545} INFO - Filling up the DagBag from /home/airflow/.local/lib/python3.9/site-packages/airflow/example_dags/example_short_circuit_operator.py
[2025-12-11T04:42:39.610+0000] {processor.py:840} INFO - DAG(s) 'example_short_circuit_operator' retrieved from /home/airflow/.local/lib/python3.9/site-packages/airflow/example_dags/example_short_circuit_operator.py
[2025-12-11T04:42:39.683+0000] {logging_mixin.py:188} INFO - [2025-12-11T04:42:39.683+0000] {dag.py:3096} INFO - Sync 1 DAGs
[2025-12-11T04:42:39.758+0000] {logging_mixin.py:188} INFO - [2025-12-11T04:42:39.757+0000] {dag.py:3954} INFO - Setting next_dagrun for example_short_circuit_operator to 2025-12-10 00:00:00+00:00, run_after=2025-12-11 00:00:00+00:00
[2025-12-11T04:42:39.799+0000] {processor.py:183} INFO - Processing /home/airflow/.local/lib/python3.9/site-packages/airflow/example_dags/example_short_circuit_operator.py took 0.237 seconds
[2025-12-11T04:43:09.952+0000] {processor.py:161} INFO - Started process (PID=3251) to work on /home/airflow/.local/lib/python3.9/site-packages/airflow/example_dags/example_short_circuit_operator.py
[2025-12-11T04:43:09.962+0000] {processor.py:830} INFO - Processing file /home/airflow/.local/lib/python3.9/site-packages/airflow/example_dags/example_short_circuit_operator.py for tasks to queue
[2025-12-11T04:43:09.967+0000] {logging_mixin.py:188} INFO - [2025-12-11T04:43:09.964+0000] {dagbag.py:545} INFO - Filling up the DagBag from /home/airflow/.local/lib/python3.9/site-packages/airflow/example_dags/example_short_circuit_operator.py
[2025-12-11T04:43:09.999+0000] {processor.py:840} INFO - DAG(s) 'example_short_circuit_operator' retrieved from /home/airflow/.local/lib/python3.9/site-packages/airflow/example_dags/example_short_circuit_operator.py
[2025-12-11T04:43:10.057+0000] {logging_mixin.py:188} INFO - [2025-12-11T04:43:10.056+0000] {dag.py:3096} INFO - Sync 1 DAGs
[2025-12-11T04:43:10.107+0000] {logging_mixin.py:188} INFO - [2025-12-11T04:43:10.106+0000] {dag.py:3954} INFO - Setting next_dagrun for example_short_circuit_operator to 2025-12-10 00:00:00+00:00, run_after=2025-12-11 00:00:00+00:00
[2025-12-11T04:43:10.142+0000] {processor.py:183} INFO - Processing /home/airflow/.local/lib/python3.9/site-packages/airflow/example_dags/example_short_circuit_operator.py took 0.204 seconds
[2025-12-11T04:43:40.718+0000] {processor.py:161} INFO - Started process (PID=3318) to work on /home/airflow/.local/lib/python3.9/site-packages/airflow/example_dags/example_short_circuit_operator.py
[2025-12-11T04:43:40.812+0000] {processor.py:830} INFO - Processing file /home/airflow/.local/lib/python3.9/site-packages/airflow/example_dags/example_short_circuit_operator.py for tasks to queue
[2025-12-11T04:43:40.816+0000] {logging_mixin.py:188} INFO - [2025-12-11T04:43:40.816+0000] {dagbag.py:545} INFO - Filling up the DagBag from /home/airflow/.local/lib/python3.9/site-packages/airflow/example_dags/example_short_circuit_operator.py
[2025-12-11T04:43:40.831+0000] {processor.py:840} INFO - DAG(s) 'example_short_circuit_operator' retrieved from /home/airflow/.local/lib/python3.9/site-packages/airflow/example_dags/example_short_circuit_operator.py
[2025-12-11T04:43:40.872+0000] {logging_mixin.py:188} INFO - [2025-12-11T04:43:40.872+0000] {dag.py:3096} INFO - Sync 1 DAGs
[2025-12-11T04:43:40.911+0000] {logging_mixin.py:188} INFO - [2025-12-11T04:43:40.911+0000] {dag.py:3954} INFO - Setting next_dagrun for example_short_circuit_operator to 2025-12-10 00:00:00+00:00, run_after=2025-12-11 00:00:00+00:00
[2025-12-11T04:43:40.937+0000] {processor.py:183} INFO - Processing /home/airflow/.local/lib/python3.9/site-packages/airflow/example_dags/example_short_circuit_operator.py took 0.238 seconds
[2025-12-11T04:44:11.632+0000] {processor.py:161} INFO - Started process (PID=3385) to work on /home/airflow/.local/lib/python3.9/site-packages/airflow/example_dags/example_short_circuit_operator.py
[2025-12-11T04:44:11.633+0000] {processor.py:830} INFO - Processing file /home/airflow/.local/lib/python3.9/site-packages/airflow/example_dags/example_short_circuit_operator.py for tasks to queue
[2025-12-11T04:44:11.638+0000] {logging_mixin.py:188} INFO - [2025-12-11T04:44:11.638+0000] {dagbag.py:545} INFO - Filling up the DagBag from /home/airflow/.local/lib/python3.9/site-packages/airflow/example_dags/example_short_circuit_operator.py
[2025-12-11T04:44:11.649+0000] {processor.py:840} INFO - DAG(s) 'example_short_circuit_operator' retrieved from /home/airflow/.local/lib/python3.9/site-packages/airflow/example_dags/example_short_circuit_operator.py
[2025-12-11T04:44:11.687+0000] {logging_mixin.py:188} INFO - [2025-12-11T04:44:11.686+0000] {dag.py:3096} INFO - Sync 1 DAGs
[2025-12-11T04:44:11.721+0000] {logging_mixin.py:188} INFO - [2025-12-11T04:44:11.721+0000] {dag.py:3954} INFO - Setting next_dagrun for example_short_circuit_operator to 2025-12-10 00:00:00+00:00, run_after=2025-12-11 00:00:00+00:00
[2025-12-11T04:44:11.744+0000] {processor.py:183} INFO - Processing /home/airflow/.local/lib/python3.9/site-packages/airflow/example_dags/example_short_circuit_operator.py took 0.123 seconds
[2025-12-11T04:44:42.504+0000] {processor.py:161} INFO - Started process (PID=3452) to work on /home/airflow/.local/lib/python3.9/site-packages/airflow/example_dags/example_short_circuit_operator.py
[2025-12-11T04:44:42.505+0000] {processor.py:830} INFO - Processing file /home/airflow/.local/lib/python3.9/site-packages/airflow/example_dags/example_short_circuit_operator.py for tasks to queue
[2025-12-11T04:44:42.508+0000] {logging_mixin.py:188} INFO - [2025-12-11T04:44:42.508+0000] {dagbag.py:545} INFO - Filling up the DagBag from /home/airflow/.local/lib/python3.9/site-packages/airflow/example_dags/example_short_circuit_operator.py
[2025-12-11T04:44:42.519+0000] {processor.py:840} INFO - DAG(s) 'example_short_circuit_operator' retrieved from /home/airflow/.local/lib/python3.9/site-packages/airflow/example_dags/example_short_circuit_operator.py
[2025-12-11T04:44:42.557+0000] {logging_mixin.py:188} INFO - [2025-12-11T04:44:42.557+0000] {dag.py:3096} INFO - Sync 1 DAGs
[2025-12-11T04:44:42.601+0000] {logging_mixin.py:188} INFO - [2025-12-11T04:44:42.600+0000] {dag.py:3954} INFO - Setting next_dagrun for example_short_circuit_operator to 2025-12-10 00:00:00+00:00, run_after=2025-12-11 00:00:00+00:00
[2025-12-11T04:44:42.635+0000] {processor.py:183} INFO - Processing /home/airflow/.local/lib/python3.9/site-packages/airflow/example_dags/example_short_circuit_operator.py took 0.144 seconds
[2025-12-11T04:45:12.763+0000] {processor.py:161} INFO - Started process (PID=3520) to work on /home/airflow/.local/lib/python3.9/site-packages/airflow/example_dags/example_short_circuit_operator.py
[2025-12-11T04:45:12.765+0000] {processor.py:830} INFO - Processing file /home/airflow/.local/lib/python3.9/site-packages/airflow/example_dags/example_short_circuit_operator.py for tasks to queue
[2025-12-11T04:45:12.768+0000] {logging_mixin.py:188} INFO - [2025-12-11T04:45:12.767+0000] {dagbag.py:545} INFO - Filling up the DagBag from /home/airflow/.local/lib/python3.9/site-packages/airflow/example_dags/example_short_circuit_operator.py
[2025-12-11T04:45:12.783+0000] {processor.py:840} INFO - DAG(s) 'example_short_circuit_operator' retrieved from /home/airflow/.local/lib/python3.9/site-packages/airflow/example_dags/example_short_circuit_operator.py
[2025-12-11T04:45:12.824+0000] {logging_mixin.py:188} INFO - [2025-12-11T04:45:12.824+0000] {dag.py:3096} INFO - Sync 1 DAGs
[2025-12-11T04:45:12.861+0000] {logging_mixin.py:188} INFO - [2025-12-11T04:45:12.861+0000] {dag.py:3954} INFO - Setting next_dagrun for example_short_circuit_operator to 2025-12-10 00:00:00+00:00, run_after=2025-12-11 00:00:00+00:00
[2025-12-11T04:45:12.890+0000] {processor.py:183} INFO - Processing /home/airflow/.local/lib/python3.9/site-packages/airflow/example_dags/example_short_circuit_operator.py took 0.140 seconds
[2025-12-11T04:45:43.349+0000] {processor.py:161} INFO - Started process (PID=3588) to work on /home/airflow/.local/lib/python3.9/site-packages/airflow/example_dags/example_short_circuit_operator.py
[2025-12-11T04:45:43.423+0000] {processor.py:830} INFO - Processing file /home/airflow/.local/lib/python3.9/site-packages/airflow/example_dags/example_short_circuit_operator.py for tasks to queue
[2025-12-11T04:45:43.426+0000] {logging_mixin.py:188} INFO - [2025-12-11T04:45:43.425+0000] {dagbag.py:545} INFO - Filling up the DagBag from /home/airflow/.local/lib/python3.9/site-packages/airflow/example_dags/example_short_circuit_operator.py
[2025-12-11T04:45:43.444+0000] {processor.py:840} INFO - DAG(s) 'example_short_circuit_operator' retrieved from /home/airflow/.local/lib/python3.9/site-packages/airflow/example_dags/example_short_circuit_operator.py
[2025-12-11T04:45:43.513+0000] {logging_mixin.py:188} INFO - [2025-12-11T04:45:43.512+0000] {dag.py:3096} INFO - Sync 1 DAGs
[2025-12-11T04:45:43.563+0000] {logging_mixin.py:188} INFO - [2025-12-11T04:45:43.562+0000] {dag.py:3954} INFO - Setting next_dagrun for example_short_circuit_operator to 2025-12-10 00:00:00+00:00, run_after=2025-12-11 00:00:00+00:00
[2025-12-11T04:45:43.609+0000] {processor.py:183} INFO - Processing /home/airflow/.local/lib/python3.9/site-packages/airflow/example_dags/example_short_circuit_operator.py took 0.271 seconds
[2025-12-11T04:46:14.112+0000] {processor.py:161} INFO - Started process (PID=3655) to work on /home/airflow/.local/lib/python3.9/site-packages/airflow/example_dags/example_short_circuit_operator.py
[2025-12-11T04:46:14.123+0000] {processor.py:830} INFO - Processing file /home/airflow/.local/lib/python3.9/site-packages/airflow/example_dags/example_short_circuit_operator.py for tasks to queue
[2025-12-11T04:46:14.126+0000] {logging_mixin.py:188} INFO - [2025-12-11T04:46:14.125+0000] {dagbag.py:545} INFO - Filling up the DagBag from /home/airflow/.local/lib/python3.9/site-packages/airflow/example_dags/example_short_circuit_operator.py
[2025-12-11T04:46:14.141+0000] {processor.py:840} INFO - DAG(s) 'example_short_circuit_operator' retrieved from /home/airflow/.local/lib/python3.9/site-packages/airflow/example_dags/example_short_circuit_operator.py
[2025-12-11T04:46:14.191+0000] {logging_mixin.py:188} INFO - [2025-12-11T04:46:14.191+0000] {dag.py:3096} INFO - Sync 1 DAGs
[2025-12-11T04:46:14.226+0000] {logging_mixin.py:188} INFO - [2025-12-11T04:46:14.226+0000] {dag.py:3954} INFO - Setting next_dagrun for example_short_circuit_operator to 2025-12-10 00:00:00+00:00, run_after=2025-12-11 00:00:00+00:00
[2025-12-11T04:46:14.251+0000] {processor.py:183} INFO - Processing /home/airflow/.local/lib/python3.9/site-packages/airflow/example_dags/example_short_circuit_operator.py took 0.149 seconds
[2025-12-11T04:46:45.037+0000] {processor.py:161} INFO - Started process (PID=3722) to work on /home/airflow/.local/lib/python3.9/site-packages/airflow/example_dags/example_short_circuit_operator.py
[2025-12-11T04:46:45.039+0000] {processor.py:830} INFO - Processing file /home/airflow/.local/lib/python3.9/site-packages/airflow/example_dags/example_short_circuit_operator.py for tasks to queue
[2025-12-11T04:46:45.042+0000] {logging_mixin.py:188} INFO - [2025-12-11T04:46:45.042+0000] {dagbag.py:545} INFO - Filling up the DagBag from /home/airflow/.local/lib/python3.9/site-packages/airflow/example_dags/example_short_circuit_operator.py
[2025-12-11T04:46:45.055+0000] {processor.py:840} INFO - DAG(s) 'example_short_circuit_operator' retrieved from /home/airflow/.local/lib/python3.9/site-packages/airflow/example_dags/example_short_circuit_operator.py
[2025-12-11T04:46:45.096+0000] {logging_mixin.py:188} INFO - [2025-12-11T04:46:45.096+0000] {dag.py:3096} INFO - Sync 1 DAGs
[2025-12-11T04:46:45.133+0000] {logging_mixin.py:188} INFO - [2025-12-11T04:46:45.133+0000] {dag.py:3954} INFO - Setting next_dagrun for example_short_circuit_operator to 2025-12-10 00:00:00+00:00, run_after=2025-12-11 00:00:00+00:00
[2025-12-11T04:46:45.159+0000] {processor.py:183} INFO - Processing /home/airflow/.local/lib/python3.9/site-packages/airflow/example_dags/example_short_circuit_operator.py took 0.137 seconds
[2025-12-11T04:47:15.756+0000] {processor.py:161} INFO - Started process (PID=3789) to work on /home/airflow/.local/lib/python3.9/site-packages/airflow/example_dags/example_short_circuit_operator.py
[2025-12-11T04:47:15.758+0000] {processor.py:830} INFO - Processing file /home/airflow/.local/lib/python3.9/site-packages/airflow/example_dags/example_short_circuit_operator.py for tasks to queue
[2025-12-11T04:47:15.760+0000] {logging_mixin.py:188} INFO - [2025-12-11T04:47:15.760+0000] {dagbag.py:545} INFO - Filling up the DagBag from /home/airflow/.local/lib/python3.9/site-packages/airflow/example_dags/example_short_circuit_operator.py
[2025-12-11T04:47:15.770+0000] {processor.py:840} INFO - DAG(s) 'example_short_circuit_operator' retrieved from /home/airflow/.local/lib/python3.9/site-packages/airflow/example_dags/example_short_circuit_operator.py
[2025-12-11T04:47:15.808+0000] {logging_mixin.py:188} INFO - [2025-12-11T04:47:15.808+0000] {dag.py:3096} INFO - Sync 1 DAGs
[2025-12-11T04:47:15.844+0000] {logging_mixin.py:188} INFO - [2025-12-11T04:47:15.843+0000] {dag.py:3954} INFO - Setting next_dagrun for example_short_circuit_operator to 2025-12-10 00:00:00+00:00, run_after=2025-12-11 00:00:00+00:00
[2025-12-11T04:47:15.873+0000] {processor.py:183} INFO - Processing /home/airflow/.local/lib/python3.9/site-packages/airflow/example_dags/example_short_circuit_operator.py took 0.126 seconds
[2025-12-11T04:47:46.535+0000] {processor.py:161} INFO - Started process (PID=3863) to work on /home/airflow/.local/lib/python3.9/site-packages/airflow/example_dags/example_short_circuit_operator.py
[2025-12-11T04:47:46.559+0000] {processor.py:830} INFO - Processing file /home/airflow/.local/lib/python3.9/site-packages/airflow/example_dags/example_short_circuit_operator.py for tasks to queue
[2025-12-11T04:47:46.564+0000] {logging_mixin.py:188} INFO - [2025-12-11T04:47:46.563+0000] {dagbag.py:545} INFO - Filling up the DagBag from /home/airflow/.local/lib/python3.9/site-packages/airflow/example_dags/example_short_circuit_operator.py
[2025-12-11T04:47:46.583+0000] {processor.py:840} INFO - DAG(s) 'example_short_circuit_operator' retrieved from /home/airflow/.local/lib/python3.9/site-packages/airflow/example_dags/example_short_circuit_operator.py
[2025-12-11T04:47:46.633+0000] {logging_mixin.py:188} INFO - [2025-12-11T04:47:46.632+0000] {dag.py:3096} INFO - Sync 1 DAGs
[2025-12-11T04:47:46.670+0000] {logging_mixin.py:188} INFO - [2025-12-11T04:47:46.670+0000] {dag.py:3954} INFO - Setting next_dagrun for example_short_circuit_operator to 2025-12-10 00:00:00+00:00, run_after=2025-12-11 00:00:00+00:00
[2025-12-11T04:47:46.870+0000] {processor.py:183} INFO - Processing /home/airflow/.local/lib/python3.9/site-packages/airflow/example_dags/example_short_circuit_operator.py took 0.349 seconds
[2025-12-11T04:48:17.040+0000] {processor.py:161} INFO - Started process (PID=3930) to work on /home/airflow/.local/lib/python3.9/site-packages/airflow/example_dags/example_short_circuit_operator.py
[2025-12-11T04:48:17.042+0000] {processor.py:830} INFO - Processing file /home/airflow/.local/lib/python3.9/site-packages/airflow/example_dags/example_short_circuit_operator.py for tasks to queue
[2025-12-11T04:48:17.044+0000] {logging_mixin.py:188} INFO - [2025-12-11T04:48:17.044+0000] {dagbag.py:545} INFO - Filling up the DagBag from /home/airflow/.local/lib/python3.9/site-packages/airflow/example_dags/example_short_circuit_operator.py
[2025-12-11T04:48:17.064+0000] {processor.py:840} INFO - DAG(s) 'example_short_circuit_operator' retrieved from /home/airflow/.local/lib/python3.9/site-packages/airflow/example_dags/example_short_circuit_operator.py
[2025-12-11T04:48:17.118+0000] {logging_mixin.py:188} INFO - [2025-12-11T04:48:17.117+0000] {dag.py:3096} INFO - Sync 1 DAGs
[2025-12-11T04:48:17.155+0000] {logging_mixin.py:188} INFO - [2025-12-11T04:48:17.155+0000] {dag.py:3954} INFO - Setting next_dagrun for example_short_circuit_operator to 2025-12-10 00:00:00+00:00, run_after=2025-12-11 00:00:00+00:00
[2025-12-11T04:48:17.184+0000] {processor.py:183} INFO - Processing /home/airflow/.local/lib/python3.9/site-packages/airflow/example_dags/example_short_circuit_operator.py took 0.165 seconds
[2025-12-11T04:48:47.619+0000] {processor.py:161} INFO - Started process (PID=3997) to work on /home/airflow/.local/lib/python3.9/site-packages/airflow/example_dags/example_short_circuit_operator.py
[2025-12-11T04:48:47.627+0000] {processor.py:830} INFO - Processing file /home/airflow/.local/lib/python3.9/site-packages/airflow/example_dags/example_short_circuit_operator.py for tasks to queue
[2025-12-11T04:48:47.630+0000] {logging_mixin.py:188} INFO - [2025-12-11T04:48:47.630+0000] {dagbag.py:545} INFO - Filling up the DagBag from /home/airflow/.local/lib/python3.9/site-packages/airflow/example_dags/example_short_circuit_operator.py
[2025-12-11T04:48:47.643+0000] {processor.py:840} INFO - DAG(s) 'example_short_circuit_operator' retrieved from /home/airflow/.local/lib/python3.9/site-packages/airflow/example_dags/example_short_circuit_operator.py
[2025-12-11T04:48:47.685+0000] {logging_mixin.py:188} INFO - [2025-12-11T04:48:47.685+0000] {dag.py:3096} INFO - Sync 1 DAGs
[2025-12-11T04:48:47.725+0000] {logging_mixin.py:188} INFO - [2025-12-11T04:48:47.725+0000] {dag.py:3954} INFO - Setting next_dagrun for example_short_circuit_operator to 2025-12-10 00:00:00+00:00, run_after=2025-12-11 00:00:00+00:00
[2025-12-11T04:48:47.755+0000] {processor.py:183} INFO - Processing /home/airflow/.local/lib/python3.9/site-packages/airflow/example_dags/example_short_circuit_operator.py took 0.153 seconds
[2025-12-11T04:49:18.363+0000] {processor.py:161} INFO - Started process (PID=4064) to work on /home/airflow/.local/lib/python3.9/site-packages/airflow/example_dags/example_short_circuit_operator.py
[2025-12-11T04:49:18.431+0000] {processor.py:830} INFO - Processing file /home/airflow/.local/lib/python3.9/site-packages/airflow/example_dags/example_short_circuit_operator.py for tasks to queue
[2025-12-11T04:49:18.442+0000] {logging_mixin.py:188} INFO - [2025-12-11T04:49:18.441+0000] {dagbag.py:545} INFO - Filling up the DagBag from /home/airflow/.local/lib/python3.9/site-packages/airflow/example_dags/example_short_circuit_operator.py
[2025-12-11T04:49:18.454+0000] {processor.py:840} INFO - DAG(s) 'example_short_circuit_operator' retrieved from /home/airflow/.local/lib/python3.9/site-packages/airflow/example_dags/example_short_circuit_operator.py
[2025-12-11T04:49:18.527+0000] {logging_mixin.py:188} INFO - [2025-12-11T04:49:18.526+0000] {dag.py:3096} INFO - Sync 1 DAGs
[2025-12-11T04:49:18.561+0000] {logging_mixin.py:188} INFO - [2025-12-11T04:49:18.560+0000] {dag.py:3954} INFO - Setting next_dagrun for example_short_circuit_operator to 2025-12-10 00:00:00+00:00, run_after=2025-12-11 00:00:00+00:00
[2025-12-11T04:49:18.600+0000] {processor.py:183} INFO - Processing /home/airflow/.local/lib/python3.9/site-packages/airflow/example_dags/example_short_circuit_operator.py took 0.253 seconds
[2025-12-11T04:49:49.613+0000] {processor.py:161} INFO - Started process (PID=4130) to work on /home/airflow/.local/lib/python3.9/site-packages/airflow/example_dags/example_short_circuit_operator.py
[2025-12-11T04:49:49.684+0000] {processor.py:830} INFO - Processing file /home/airflow/.local/lib/python3.9/site-packages/airflow/example_dags/example_short_circuit_operator.py for tasks to queue
[2025-12-11T04:49:49.687+0000] {logging_mixin.py:188} INFO - [2025-12-11T04:49:49.687+0000] {dagbag.py:545} INFO - Filling up the DagBag from /home/airflow/.local/lib/python3.9/site-packages/airflow/example_dags/example_short_circuit_operator.py
[2025-12-11T04:49:49.699+0000] {processor.py:840} INFO - DAG(s) 'example_short_circuit_operator' retrieved from /home/airflow/.local/lib/python3.9/site-packages/airflow/example_dags/example_short_circuit_operator.py
[2025-12-11T04:49:49.739+0000] {logging_mixin.py:188} INFO - [2025-12-11T04:49:49.738+0000] {dag.py:3096} INFO - Sync 1 DAGs
[2025-12-11T04:49:49.772+0000] {logging_mixin.py:188} INFO - [2025-12-11T04:49:49.772+0000] {dag.py:3954} INFO - Setting next_dagrun for example_short_circuit_operator to 2025-12-10 00:00:00+00:00, run_after=2025-12-11 00:00:00+00:00
[2025-12-11T04:49:50.081+0000] {processor.py:183} INFO - Processing /home/airflow/.local/lib/python3.9/site-packages/airflow/example_dags/example_short_circuit_operator.py took 0.480 seconds
[2025-12-11T04:50:20.818+0000] {processor.py:161} INFO - Started process (PID=4196) to work on /home/airflow/.local/lib/python3.9/site-packages/airflow/example_dags/example_short_circuit_operator.py
[2025-12-11T04:50:20.820+0000] {processor.py:830} INFO - Processing file /home/airflow/.local/lib/python3.9/site-packages/airflow/example_dags/example_short_circuit_operator.py for tasks to queue
[2025-12-11T04:50:20.823+0000] {logging_mixin.py:188} INFO - [2025-12-11T04:50:20.823+0000] {dagbag.py:545} INFO - Filling up the DagBag from /home/airflow/.local/lib/python3.9/site-packages/airflow/example_dags/example_short_circuit_operator.py
[2025-12-11T04:50:20.834+0000] {processor.py:840} INFO - DAG(s) 'example_short_circuit_operator' retrieved from /home/airflow/.local/lib/python3.9/site-packages/airflow/example_dags/example_short_circuit_operator.py
[2025-12-11T04:50:20.882+0000] {logging_mixin.py:188} INFO - [2025-12-11T04:50:20.882+0000] {dag.py:3096} INFO - Sync 1 DAGs
[2025-12-11T04:50:20.920+0000] {logging_mixin.py:188} INFO - [2025-12-11T04:50:20.920+0000] {dag.py:3954} INFO - Setting next_dagrun for example_short_circuit_operator to 2025-12-10 00:00:00+00:00, run_after=2025-12-11 00:00:00+00:00
[2025-12-11T04:50:20.947+0000] {processor.py:183} INFO - Processing /home/airflow/.local/lib/python3.9/site-packages/airflow/example_dags/example_short_circuit_operator.py took 0.140 seconds
[2025-12-11T04:50:51.021+0000] {processor.py:161} INFO - Started process (PID=4263) to work on /home/airflow/.local/lib/python3.9/site-packages/airflow/example_dags/example_short_circuit_operator.py
[2025-12-11T04:50:51.026+0000] {processor.py:830} INFO - Processing file /home/airflow/.local/lib/python3.9/site-packages/airflow/example_dags/example_short_circuit_operator.py for tasks to queue
[2025-12-11T04:50:51.029+0000] {logging_mixin.py:188} INFO - [2025-12-11T04:50:51.029+0000] {dagbag.py:545} INFO - Filling up the DagBag from /home/airflow/.local/lib/python3.9/site-packages/airflow/example_dags/example_short_circuit_operator.py
[2025-12-11T04:50:51.044+0000] {processor.py:840} INFO - DAG(s) 'example_short_circuit_operator' retrieved from /home/airflow/.local/lib/python3.9/site-packages/airflow/example_dags/example_short_circuit_operator.py
[2025-12-11T04:50:51.098+0000] {logging_mixin.py:188} INFO - [2025-12-11T04:50:51.098+0000] {dag.py:3096} INFO - Sync 1 DAGs
[2025-12-11T04:50:51.147+0000] {logging_mixin.py:188} INFO - [2025-12-11T04:50:51.147+0000] {dag.py:3954} INFO - Setting next_dagrun for example_short_circuit_operator to 2025-12-10 00:00:00+00:00, run_after=2025-12-11 00:00:00+00:00
[2025-12-11T04:50:51.180+0000] {processor.py:183} INFO - Processing /home/airflow/.local/lib/python3.9/site-packages/airflow/example_dags/example_short_circuit_operator.py took 0.173 seconds
[2025-12-11T04:51:22.041+0000] {processor.py:161} INFO - Started process (PID=4330) to work on /home/airflow/.local/lib/python3.9/site-packages/airflow/example_dags/example_short_circuit_operator.py
[2025-12-11T04:51:22.065+0000] {processor.py:830} INFO - Processing file /home/airflow/.local/lib/python3.9/site-packages/airflow/example_dags/example_short_circuit_operator.py for tasks to queue
[2025-12-11T04:51:22.068+0000] {logging_mixin.py:188} INFO - [2025-12-11T04:51:22.068+0000] {dagbag.py:545} INFO - Filling up the DagBag from /home/airflow/.local/lib/python3.9/site-packages/airflow/example_dags/example_short_circuit_operator.py
[2025-12-11T04:51:22.086+0000] {processor.py:840} INFO - DAG(s) 'example_short_circuit_operator' retrieved from /home/airflow/.local/lib/python3.9/site-packages/airflow/example_dags/example_short_circuit_operator.py
[2025-12-11T04:51:22.154+0000] {logging_mixin.py:188} INFO - [2025-12-11T04:51:22.153+0000] {dag.py:3096} INFO - Sync 1 DAGs
[2025-12-11T04:51:22.206+0000] {logging_mixin.py:188} INFO - [2025-12-11T04:51:22.206+0000] {dag.py:3954} INFO - Setting next_dagrun for example_short_circuit_operator to 2025-12-10 00:00:00+00:00, run_after=2025-12-11 00:00:00+00:00
[2025-12-11T04:51:22.542+0000] {processor.py:183} INFO - Processing /home/airflow/.local/lib/python3.9/site-packages/airflow/example_dags/example_short_circuit_operator.py took 0.515 seconds
[2025-12-11T04:51:52.888+0000] {processor.py:161} INFO - Started process (PID=4397) to work on /home/airflow/.local/lib/python3.9/site-packages/airflow/example_dags/example_short_circuit_operator.py
[2025-12-11T04:51:52.889+0000] {processor.py:830} INFO - Processing file /home/airflow/.local/lib/python3.9/site-packages/airflow/example_dags/example_short_circuit_operator.py for tasks to queue
[2025-12-11T04:51:52.892+0000] {logging_mixin.py:188} INFO - [2025-12-11T04:51:52.891+0000] {dagbag.py:545} INFO - Filling up the DagBag from /home/airflow/.local/lib/python3.9/site-packages/airflow/example_dags/example_short_circuit_operator.py
[2025-12-11T04:51:52.904+0000] {processor.py:840} INFO - DAG(s) 'example_short_circuit_operator' retrieved from /home/airflow/.local/lib/python3.9/site-packages/airflow/example_dags/example_short_circuit_operator.py
[2025-12-11T04:51:52.961+0000] {logging_mixin.py:188} INFO - [2025-12-11T04:51:52.961+0000] {dag.py:3096} INFO - Sync 1 DAGs
[2025-12-11T04:51:53.006+0000] {logging_mixin.py:188} INFO - [2025-12-11T04:51:53.006+0000] {dag.py:3954} INFO - Setting next_dagrun for example_short_circuit_operator to 2025-12-10 00:00:00+00:00, run_after=2025-12-11 00:00:00+00:00
[2025-12-11T04:51:53.037+0000] {processor.py:183} INFO - Processing /home/airflow/.local/lib/python3.9/site-packages/airflow/example_dags/example_short_circuit_operator.py took 0.160 seconds
[2025-12-11T04:52:23.394+0000] {processor.py:161} INFO - Started process (PID=4464) to work on /home/airflow/.local/lib/python3.9/site-packages/airflow/example_dags/example_short_circuit_operator.py
[2025-12-11T04:52:23.397+0000] {processor.py:830} INFO - Processing file /home/airflow/.local/lib/python3.9/site-packages/airflow/example_dags/example_short_circuit_operator.py for tasks to queue
[2025-12-11T04:52:23.400+0000] {logging_mixin.py:188} INFO - [2025-12-11T04:52:23.399+0000] {dagbag.py:545} INFO - Filling up the DagBag from /home/airflow/.local/lib/python3.9/site-packages/airflow/example_dags/example_short_circuit_operator.py
[2025-12-11T04:52:23.417+0000] {processor.py:840} INFO - DAG(s) 'example_short_circuit_operator' retrieved from /home/airflow/.local/lib/python3.9/site-packages/airflow/example_dags/example_short_circuit_operator.py
[2025-12-11T04:52:23.467+0000] {logging_mixin.py:188} INFO - [2025-12-11T04:52:23.467+0000] {dag.py:3096} INFO - Sync 1 DAGs
[2025-12-11T04:52:23.515+0000] {logging_mixin.py:188} INFO - [2025-12-11T04:52:23.515+0000] {dag.py:3954} INFO - Setting next_dagrun for example_short_circuit_operator to 2025-12-10 00:00:00+00:00, run_after=2025-12-11 00:00:00+00:00
[2025-12-11T04:52:23.548+0000] {processor.py:183} INFO - Processing /home/airflow/.local/lib/python3.9/site-packages/airflow/example_dags/example_short_circuit_operator.py took 0.173 seconds
[2025-12-11T04:52:54.249+0000] {processor.py:161} INFO - Started process (PID=4531) to work on /home/airflow/.local/lib/python3.9/site-packages/airflow/example_dags/example_short_circuit_operator.py
[2025-12-11T04:52:54.252+0000] {processor.py:830} INFO - Processing file /home/airflow/.local/lib/python3.9/site-packages/airflow/example_dags/example_short_circuit_operator.py for tasks to queue
[2025-12-11T04:52:54.255+0000] {logging_mixin.py:188} INFO - [2025-12-11T04:52:54.254+0000] {dagbag.py:545} INFO - Filling up the DagBag from /home/airflow/.local/lib/python3.9/site-packages/airflow/example_dags/example_short_circuit_operator.py
[2025-12-11T04:52:54.268+0000] {processor.py:840} INFO - DAG(s) 'example_short_circuit_operator' retrieved from /home/airflow/.local/lib/python3.9/site-packages/airflow/example_dags/example_short_circuit_operator.py
[2025-12-11T04:52:54.316+0000] {logging_mixin.py:188} INFO - [2025-12-11T04:52:54.315+0000] {dag.py:3096} INFO - Sync 1 DAGs
[2025-12-11T04:52:54.357+0000] {logging_mixin.py:188} INFO - [2025-12-11T04:52:54.357+0000] {dag.py:3954} INFO - Setting next_dagrun for example_short_circuit_operator to 2025-12-10 00:00:00+00:00, run_after=2025-12-11 00:00:00+00:00
[2025-12-11T04:52:54.387+0000] {processor.py:183} INFO - Processing /home/airflow/.local/lib/python3.9/site-packages/airflow/example_dags/example_short_circuit_operator.py took 0.150 seconds
