[2025-12-11T04:18:34.637+0000] {processor.py:161} INFO - Started process (PID=89) to work on /home/airflow/.local/lib/python3.9/site-packages/airflow/example_dags/tutorial_dag.py
[2025-12-11T04:18:34.639+0000] {processor.py:830} INFO - Processing file /home/airflow/.local/lib/python3.9/site-packages/airflow/example_dags/tutorial_dag.py for tasks to queue
[2025-12-11T04:18:34.642+0000] {logging_mixin.py:188} INFO - [2025-12-11T04:18:34.641+0000] {dagbag.py:545} INFO - Filling up the DagBag from /home/airflow/.local/lib/python3.9/site-packages/airflow/example_dags/tutorial_dag.py
[2025-12-11T04:18:34.777+0000] {processor.py:840} INFO - DAG(s) 'tutorial_dag' retrieved from /home/airflow/.local/lib/python3.9/site-packages/airflow/example_dags/tutorial_dag.py
[2025-12-11T04:18:36.118+0000] {logging_mixin.py:188} INFO - [2025-12-11T04:18:36.117+0000] {dag.py:3096} INFO - Sync 1 DAGs
[2025-12-11T04:18:36.258+0000] {logging_mixin.py:188} INFO - [2025-12-11T04:18:36.257+0000] {dag.py:3954} INFO - Setting next_dagrun for tutorial_dag to None, run_after=None
[2025-12-11T04:18:36.539+0000] {processor.py:183} INFO - Processing /home/airflow/.local/lib/python3.9/site-packages/airflow/example_dags/tutorial_dag.py took 1.961 seconds
[2025-12-11T04:19:13.988+0000] {processor.py:161} INFO - Started process (PID=155) to work on /home/airflow/.local/lib/python3.9/site-packages/airflow/example_dags/tutorial_dag.py
[2025-12-11T04:19:13.999+0000] {processor.py:830} INFO - Processing file /home/airflow/.local/lib/python3.9/site-packages/airflow/example_dags/tutorial_dag.py for tasks to queue
[2025-12-11T04:19:14.002+0000] {logging_mixin.py:188} INFO - [2025-12-11T04:19:14.002+0000] {dagbag.py:545} INFO - Filling up the DagBag from /home/airflow/.local/lib/python3.9/site-packages/airflow/example_dags/tutorial_dag.py
[2025-12-11T04:19:14.013+0000] {processor.py:840} INFO - DAG(s) 'tutorial_dag' retrieved from /home/airflow/.local/lib/python3.9/site-packages/airflow/example_dags/tutorial_dag.py
[2025-12-11T04:19:14.070+0000] {logging_mixin.py:188} INFO - [2025-12-11T04:19:14.070+0000] {dag.py:3096} INFO - Sync 1 DAGs
[2025-12-11T04:19:14.094+0000] {logging_mixin.py:188} INFO - [2025-12-11T04:19:14.094+0000] {dag.py:3954} INFO - Setting next_dagrun for tutorial_dag to None, run_after=None
[2025-12-11T04:19:14.512+0000] {processor.py:183} INFO - Processing /home/airflow/.local/lib/python3.9/site-packages/airflow/example_dags/tutorial_dag.py took 0.536 seconds
[2025-12-11T04:19:44.621+0000] {processor.py:161} INFO - Started process (PID=219) to work on /home/airflow/.local/lib/python3.9/site-packages/airflow/example_dags/tutorial_dag.py
[2025-12-11T04:19:44.629+0000] {processor.py:830} INFO - Processing file /home/airflow/.local/lib/python3.9/site-packages/airflow/example_dags/tutorial_dag.py for tasks to queue
[2025-12-11T04:19:44.640+0000] {logging_mixin.py:188} INFO - [2025-12-11T04:19:44.639+0000] {dagbag.py:545} INFO - Filling up the DagBag from /home/airflow/.local/lib/python3.9/site-packages/airflow/example_dags/tutorial_dag.py
[2025-12-11T04:19:44.662+0000] {processor.py:840} INFO - DAG(s) 'tutorial_dag' retrieved from /home/airflow/.local/lib/python3.9/site-packages/airflow/example_dags/tutorial_dag.py
[2025-12-11T04:19:44.765+0000] {logging_mixin.py:188} INFO - [2025-12-11T04:19:44.764+0000] {dag.py:3096} INFO - Sync 1 DAGs
[2025-12-11T04:19:44.823+0000] {logging_mixin.py:188} INFO - [2025-12-11T04:19:44.823+0000] {dag.py:3954} INFO - Setting next_dagrun for tutorial_dag to None, run_after=None
[2025-12-11T04:19:44.902+0000] {processor.py:183} INFO - Processing /home/airflow/.local/lib/python3.9/site-packages/airflow/example_dags/tutorial_dag.py took 0.305 seconds
[2025-12-11T04:20:15.752+0000] {processor.py:161} INFO - Started process (PID=278) to work on /home/airflow/.local/lib/python3.9/site-packages/airflow/example_dags/tutorial_dag.py
[2025-12-11T04:20:15.754+0000] {processor.py:830} INFO - Processing file /home/airflow/.local/lib/python3.9/site-packages/airflow/example_dags/tutorial_dag.py for tasks to queue
[2025-12-11T04:20:15.758+0000] {logging_mixin.py:188} INFO - [2025-12-11T04:20:15.758+0000] {dagbag.py:545} INFO - Filling up the DagBag from /home/airflow/.local/lib/python3.9/site-packages/airflow/example_dags/tutorial_dag.py
[2025-12-11T04:20:15.766+0000] {processor.py:840} INFO - DAG(s) 'tutorial_dag' retrieved from /home/airflow/.local/lib/python3.9/site-packages/airflow/example_dags/tutorial_dag.py
[2025-12-11T04:20:15.803+0000] {logging_mixin.py:188} INFO - [2025-12-11T04:20:15.803+0000] {dag.py:3096} INFO - Sync 1 DAGs
[2025-12-11T04:20:15.824+0000] {logging_mixin.py:188} INFO - [2025-12-11T04:20:15.823+0000] {dag.py:3954} INFO - Setting next_dagrun for tutorial_dag to None, run_after=None
[2025-12-11T04:20:15.853+0000] {processor.py:183} INFO - Processing /home/airflow/.local/lib/python3.9/site-packages/airflow/example_dags/tutorial_dag.py took 0.110 seconds
[2025-12-11T04:20:46.070+0000] {processor.py:161} INFO - Started process (PID=344) to work on /home/airflow/.local/lib/python3.9/site-packages/airflow/example_dags/tutorial_dag.py
[2025-12-11T04:20:46.072+0000] {processor.py:830} INFO - Processing file /home/airflow/.local/lib/python3.9/site-packages/airflow/example_dags/tutorial_dag.py for tasks to queue
[2025-12-11T04:20:46.074+0000] {logging_mixin.py:188} INFO - [2025-12-11T04:20:46.074+0000] {dagbag.py:545} INFO - Filling up the DagBag from /home/airflow/.local/lib/python3.9/site-packages/airflow/example_dags/tutorial_dag.py
[2025-12-11T04:20:46.084+0000] {processor.py:840} INFO - DAG(s) 'tutorial_dag' retrieved from /home/airflow/.local/lib/python3.9/site-packages/airflow/example_dags/tutorial_dag.py
[2025-12-11T04:20:46.125+0000] {logging_mixin.py:188} INFO - [2025-12-11T04:20:46.124+0000] {dag.py:3096} INFO - Sync 1 DAGs
[2025-12-11T04:20:46.147+0000] {logging_mixin.py:188} INFO - [2025-12-11T04:20:46.146+0000] {dag.py:3954} INFO - Setting next_dagrun for tutorial_dag to None, run_after=None
[2025-12-11T04:20:46.179+0000] {processor.py:183} INFO - Processing /home/airflow/.local/lib/python3.9/site-packages/airflow/example_dags/tutorial_dag.py took 0.120 seconds
[2025-12-11T04:21:17.094+0000] {processor.py:161} INFO - Started process (PID=410) to work on /home/airflow/.local/lib/python3.9/site-packages/airflow/example_dags/tutorial_dag.py
[2025-12-11T04:21:17.095+0000] {processor.py:830} INFO - Processing file /home/airflow/.local/lib/python3.9/site-packages/airflow/example_dags/tutorial_dag.py for tasks to queue
[2025-12-11T04:21:17.098+0000] {logging_mixin.py:188} INFO - [2025-12-11T04:21:17.098+0000] {dagbag.py:545} INFO - Filling up the DagBag from /home/airflow/.local/lib/python3.9/site-packages/airflow/example_dags/tutorial_dag.py
[2025-12-11T04:21:17.109+0000] {processor.py:840} INFO - DAG(s) 'tutorial_dag' retrieved from /home/airflow/.local/lib/python3.9/site-packages/airflow/example_dags/tutorial_dag.py
[2025-12-11T04:21:17.165+0000] {logging_mixin.py:188} INFO - [2025-12-11T04:21:17.165+0000] {dag.py:3096} INFO - Sync 1 DAGs
[2025-12-11T04:21:17.194+0000] {logging_mixin.py:188} INFO - [2025-12-11T04:21:17.194+0000] {dag.py:3954} INFO - Setting next_dagrun for tutorial_dag to None, run_after=None
[2025-12-11T04:21:17.244+0000] {processor.py:183} INFO - Processing /home/airflow/.local/lib/python3.9/site-packages/airflow/example_dags/tutorial_dag.py took 0.161 seconds
[2025-12-11T04:21:47.667+0000] {processor.py:161} INFO - Started process (PID=475) to work on /home/airflow/.local/lib/python3.9/site-packages/airflow/example_dags/tutorial_dag.py
[2025-12-11T04:21:47.668+0000] {processor.py:830} INFO - Processing file /home/airflow/.local/lib/python3.9/site-packages/airflow/example_dags/tutorial_dag.py for tasks to queue
[2025-12-11T04:21:47.679+0000] {logging_mixin.py:188} INFO - [2025-12-11T04:21:47.678+0000] {dagbag.py:545} INFO - Filling up the DagBag from /home/airflow/.local/lib/python3.9/site-packages/airflow/example_dags/tutorial_dag.py
[2025-12-11T04:21:47.697+0000] {processor.py:840} INFO - DAG(s) 'tutorial_dag' retrieved from /home/airflow/.local/lib/python3.9/site-packages/airflow/example_dags/tutorial_dag.py
[2025-12-11T04:21:47.762+0000] {logging_mixin.py:188} INFO - [2025-12-11T04:21:47.762+0000] {dag.py:3096} INFO - Sync 1 DAGs
[2025-12-11T04:21:47.789+0000] {logging_mixin.py:188} INFO - [2025-12-11T04:21:47.788+0000] {dag.py:3954} INFO - Setting next_dagrun for tutorial_dag to None, run_after=None
[2025-12-11T04:21:47.828+0000] {processor.py:183} INFO - Processing /home/airflow/.local/lib/python3.9/site-packages/airflow/example_dags/tutorial_dag.py took 0.172 seconds
[2025-12-11T04:22:18.299+0000] {processor.py:161} INFO - Started process (PID=541) to work on /home/airflow/.local/lib/python3.9/site-packages/airflow/example_dags/tutorial_dag.py
[2025-12-11T04:22:18.300+0000] {processor.py:830} INFO - Processing file /home/airflow/.local/lib/python3.9/site-packages/airflow/example_dags/tutorial_dag.py for tasks to queue
[2025-12-11T04:22:18.303+0000] {logging_mixin.py:188} INFO - [2025-12-11T04:22:18.303+0000] {dagbag.py:545} INFO - Filling up the DagBag from /home/airflow/.local/lib/python3.9/site-packages/airflow/example_dags/tutorial_dag.py
[2025-12-11T04:22:18.320+0000] {processor.py:840} INFO - DAG(s) 'tutorial_dag' retrieved from /home/airflow/.local/lib/python3.9/site-packages/airflow/example_dags/tutorial_dag.py
[2025-12-11T04:22:18.366+0000] {logging_mixin.py:188} INFO - [2025-12-11T04:22:18.366+0000] {dag.py:3096} INFO - Sync 1 DAGs
[2025-12-11T04:22:18.405+0000] {logging_mixin.py:188} INFO - [2025-12-11T04:22:18.404+0000] {dag.py:3954} INFO - Setting next_dagrun for tutorial_dag to None, run_after=None
[2025-12-11T04:22:18.501+0000] {processor.py:183} INFO - Processing /home/airflow/.local/lib/python3.9/site-packages/airflow/example_dags/tutorial_dag.py took 0.220 seconds
[2025-12-11T04:22:49.222+0000] {processor.py:161} INFO - Started process (PID=607) to work on /home/airflow/.local/lib/python3.9/site-packages/airflow/example_dags/tutorial_dag.py
[2025-12-11T04:22:49.224+0000] {processor.py:830} INFO - Processing file /home/airflow/.local/lib/python3.9/site-packages/airflow/example_dags/tutorial_dag.py for tasks to queue
[2025-12-11T04:22:49.227+0000] {logging_mixin.py:188} INFO - [2025-12-11T04:22:49.227+0000] {dagbag.py:545} INFO - Filling up the DagBag from /home/airflow/.local/lib/python3.9/site-packages/airflow/example_dags/tutorial_dag.py
[2025-12-11T04:22:49.245+0000] {processor.py:840} INFO - DAG(s) 'tutorial_dag' retrieved from /home/airflow/.local/lib/python3.9/site-packages/airflow/example_dags/tutorial_dag.py
[2025-12-11T04:22:49.338+0000] {logging_mixin.py:188} INFO - [2025-12-11T04:22:49.332+0000] {dag.py:3096} INFO - Sync 1 DAGs
[2025-12-11T04:22:49.379+0000] {logging_mixin.py:188} INFO - [2025-12-11T04:22:49.379+0000] {dag.py:3954} INFO - Setting next_dagrun for tutorial_dag to None, run_after=None
[2025-12-11T04:22:49.429+0000] {processor.py:183} INFO - Processing /home/airflow/.local/lib/python3.9/site-packages/airflow/example_dags/tutorial_dag.py took 0.227 seconds
[2025-12-11T04:23:19.602+0000] {processor.py:161} INFO - Started process (PID=673) to work on /home/airflow/.local/lib/python3.9/site-packages/airflow/example_dags/tutorial_dag.py
[2025-12-11T04:23:19.611+0000] {processor.py:830} INFO - Processing file /home/airflow/.local/lib/python3.9/site-packages/airflow/example_dags/tutorial_dag.py for tasks to queue
[2025-12-11T04:23:19.614+0000] {logging_mixin.py:188} INFO - [2025-12-11T04:23:19.613+0000] {dagbag.py:545} INFO - Filling up the DagBag from /home/airflow/.local/lib/python3.9/site-packages/airflow/example_dags/tutorial_dag.py
[2025-12-11T04:23:19.623+0000] {processor.py:840} INFO - DAG(s) 'tutorial_dag' retrieved from /home/airflow/.local/lib/python3.9/site-packages/airflow/example_dags/tutorial_dag.py
[2025-12-11T04:23:19.659+0000] {logging_mixin.py:188} INFO - [2025-12-11T04:23:19.658+0000] {dag.py:3096} INFO - Sync 1 DAGs
[2025-12-11T04:23:19.679+0000] {logging_mixin.py:188} INFO - [2025-12-11T04:23:19.678+0000] {dag.py:3954} INFO - Setting next_dagrun for tutorial_dag to None, run_after=None
[2025-12-11T04:23:19.707+0000] {processor.py:183} INFO - Processing /home/airflow/.local/lib/python3.9/site-packages/airflow/example_dags/tutorial_dag.py took 0.115 seconds
[2025-12-11T04:23:50.387+0000] {processor.py:161} INFO - Started process (PID=746) to work on /home/airflow/.local/lib/python3.9/site-packages/airflow/example_dags/tutorial_dag.py
[2025-12-11T04:23:50.396+0000] {processor.py:830} INFO - Processing file /home/airflow/.local/lib/python3.9/site-packages/airflow/example_dags/tutorial_dag.py for tasks to queue
[2025-12-11T04:23:50.399+0000] {logging_mixin.py:188} INFO - [2025-12-11T04:23:50.399+0000] {dagbag.py:545} INFO - Filling up the DagBag from /home/airflow/.local/lib/python3.9/site-packages/airflow/example_dags/tutorial_dag.py
[2025-12-11T04:23:50.408+0000] {processor.py:840} INFO - DAG(s) 'tutorial_dag' retrieved from /home/airflow/.local/lib/python3.9/site-packages/airflow/example_dags/tutorial_dag.py
[2025-12-11T04:23:50.464+0000] {logging_mixin.py:188} INFO - [2025-12-11T04:23:50.463+0000] {dag.py:3096} INFO - Sync 1 DAGs
[2025-12-11T04:23:50.499+0000] {logging_mixin.py:188} INFO - [2025-12-11T04:23:50.498+0000] {dag.py:3954} INFO - Setting next_dagrun for tutorial_dag to None, run_after=None
[2025-12-11T04:23:50.540+0000] {processor.py:183} INFO - Processing /home/airflow/.local/lib/python3.9/site-packages/airflow/example_dags/tutorial_dag.py took 0.164 seconds
[2025-12-11T04:24:20.978+0000] {processor.py:161} INFO - Started process (PID=812) to work on /home/airflow/.local/lib/python3.9/site-packages/airflow/example_dags/tutorial_dag.py
[2025-12-11T04:24:20.979+0000] {processor.py:830} INFO - Processing file /home/airflow/.local/lib/python3.9/site-packages/airflow/example_dags/tutorial_dag.py for tasks to queue
[2025-12-11T04:24:20.982+0000] {logging_mixin.py:188} INFO - [2025-12-11T04:24:20.982+0000] {dagbag.py:545} INFO - Filling up the DagBag from /home/airflow/.local/lib/python3.9/site-packages/airflow/example_dags/tutorial_dag.py
[2025-12-11T04:24:20.997+0000] {processor.py:840} INFO - DAG(s) 'tutorial_dag' retrieved from /home/airflow/.local/lib/python3.9/site-packages/airflow/example_dags/tutorial_dag.py
[2025-12-11T04:24:21.059+0000] {logging_mixin.py:188} INFO - [2025-12-11T04:24:21.059+0000] {dag.py:3096} INFO - Sync 1 DAGs
[2025-12-11T04:24:21.084+0000] {logging_mixin.py:188} INFO - [2025-12-11T04:24:21.084+0000] {dag.py:3954} INFO - Setting next_dagrun for tutorial_dag to None, run_after=None
[2025-12-11T04:24:21.142+0000] {processor.py:183} INFO - Processing /home/airflow/.local/lib/python3.9/site-packages/airflow/example_dags/tutorial_dag.py took 0.181 seconds
[2025-12-11T04:24:52.361+0000] {processor.py:161} INFO - Started process (PID=877) to work on /home/airflow/.local/lib/python3.9/site-packages/airflow/example_dags/tutorial_dag.py
[2025-12-11T04:24:52.368+0000] {processor.py:830} INFO - Processing file /home/airflow/.local/lib/python3.9/site-packages/airflow/example_dags/tutorial_dag.py for tasks to queue
[2025-12-11T04:24:52.379+0000] {logging_mixin.py:188} INFO - [2025-12-11T04:24:52.379+0000] {dagbag.py:545} INFO - Filling up the DagBag from /home/airflow/.local/lib/python3.9/site-packages/airflow/example_dags/tutorial_dag.py
[2025-12-11T04:24:52.397+0000] {processor.py:840} INFO - DAG(s) 'tutorial_dag' retrieved from /home/airflow/.local/lib/python3.9/site-packages/airflow/example_dags/tutorial_dag.py
[2025-12-11T04:24:52.480+0000] {logging_mixin.py:188} INFO - [2025-12-11T04:24:52.480+0000] {dag.py:3096} INFO - Sync 1 DAGs
[2025-12-11T04:24:52.526+0000] {logging_mixin.py:188} INFO - [2025-12-11T04:24:52.526+0000] {dag.py:3954} INFO - Setting next_dagrun for tutorial_dag to None, run_after=None
[2025-12-11T04:24:52.977+0000] {processor.py:183} INFO - Processing /home/airflow/.local/lib/python3.9/site-packages/airflow/example_dags/tutorial_dag.py took 0.730 seconds
[2025-12-11T04:25:23.423+0000] {processor.py:161} INFO - Started process (PID=942) to work on /home/airflow/.local/lib/python3.9/site-packages/airflow/example_dags/tutorial_dag.py
[2025-12-11T04:25:23.432+0000] {processor.py:830} INFO - Processing file /home/airflow/.local/lib/python3.9/site-packages/airflow/example_dags/tutorial_dag.py for tasks to queue
[2025-12-11T04:25:23.440+0000] {logging_mixin.py:188} INFO - [2025-12-11T04:25:23.439+0000] {dagbag.py:545} INFO - Filling up the DagBag from /home/airflow/.local/lib/python3.9/site-packages/airflow/example_dags/tutorial_dag.py
[2025-12-11T04:25:23.459+0000] {processor.py:840} INFO - DAG(s) 'tutorial_dag' retrieved from /home/airflow/.local/lib/python3.9/site-packages/airflow/example_dags/tutorial_dag.py
[2025-12-11T04:25:23.550+0000] {logging_mixin.py:188} INFO - [2025-12-11T04:25:23.549+0000] {dag.py:3096} INFO - Sync 1 DAGs
[2025-12-11T04:25:23.583+0000] {logging_mixin.py:188} INFO - [2025-12-11T04:25:23.583+0000] {dag.py:3954} INFO - Setting next_dagrun for tutorial_dag to None, run_after=None
[2025-12-11T04:25:23.628+0000] {processor.py:183} INFO - Processing /home/airflow/.local/lib/python3.9/site-packages/airflow/example_dags/tutorial_dag.py took 0.241 seconds
[2025-12-11T04:25:54.218+0000] {processor.py:161} INFO - Started process (PID=1008) to work on /home/airflow/.local/lib/python3.9/site-packages/airflow/example_dags/tutorial_dag.py
[2025-12-11T04:25:54.225+0000] {processor.py:830} INFO - Processing file /home/airflow/.local/lib/python3.9/site-packages/airflow/example_dags/tutorial_dag.py for tasks to queue
[2025-12-11T04:25:54.229+0000] {logging_mixin.py:188} INFO - [2025-12-11T04:25:54.228+0000] {dagbag.py:545} INFO - Filling up the DagBag from /home/airflow/.local/lib/python3.9/site-packages/airflow/example_dags/tutorial_dag.py
[2025-12-11T04:25:54.246+0000] {processor.py:840} INFO - DAG(s) 'tutorial_dag' retrieved from /home/airflow/.local/lib/python3.9/site-packages/airflow/example_dags/tutorial_dag.py
[2025-12-11T04:25:54.318+0000] {logging_mixin.py:188} INFO - [2025-12-11T04:25:54.317+0000] {dag.py:3096} INFO - Sync 1 DAGs
[2025-12-11T04:25:54.347+0000] {logging_mixin.py:188} INFO - [2025-12-11T04:25:54.346+0000] {dag.py:3954} INFO - Setting next_dagrun for tutorial_dag to None, run_after=None
[2025-12-11T04:25:54.389+0000] {processor.py:183} INFO - Processing /home/airflow/.local/lib/python3.9/site-packages/airflow/example_dags/tutorial_dag.py took 0.183 seconds
[2025-12-11T04:26:24.861+0000] {processor.py:161} INFO - Started process (PID=1074) to work on /home/airflow/.local/lib/python3.9/site-packages/airflow/example_dags/tutorial_dag.py
[2025-12-11T04:26:24.869+0000] {processor.py:830} INFO - Processing file /home/airflow/.local/lib/python3.9/site-packages/airflow/example_dags/tutorial_dag.py for tasks to queue
[2025-12-11T04:26:24.872+0000] {logging_mixin.py:188} INFO - [2025-12-11T04:26:24.872+0000] {dagbag.py:545} INFO - Filling up the DagBag from /home/airflow/.local/lib/python3.9/site-packages/airflow/example_dags/tutorial_dag.py
[2025-12-11T04:26:24.882+0000] {processor.py:840} INFO - DAG(s) 'tutorial_dag' retrieved from /home/airflow/.local/lib/python3.9/site-packages/airflow/example_dags/tutorial_dag.py
[2025-12-11T04:26:24.921+0000] {logging_mixin.py:188} INFO - [2025-12-11T04:26:24.921+0000] {dag.py:3096} INFO - Sync 1 DAGs
[2025-12-11T04:26:24.943+0000] {logging_mixin.py:188} INFO - [2025-12-11T04:26:24.942+0000] {dag.py:3954} INFO - Setting next_dagrun for tutorial_dag to None, run_after=None
[2025-12-11T04:26:24.973+0000] {processor.py:183} INFO - Processing /home/airflow/.local/lib/python3.9/site-packages/airflow/example_dags/tutorial_dag.py took 0.124 seconds
[2025-12-11T04:26:55.466+0000] {processor.py:161} INFO - Started process (PID=1140) to work on /home/airflow/.local/lib/python3.9/site-packages/airflow/example_dags/tutorial_dag.py
[2025-12-11T04:26:55.476+0000] {processor.py:830} INFO - Processing file /home/airflow/.local/lib/python3.9/site-packages/airflow/example_dags/tutorial_dag.py for tasks to queue
[2025-12-11T04:26:55.479+0000] {logging_mixin.py:188} INFO - [2025-12-11T04:26:55.479+0000] {dagbag.py:545} INFO - Filling up the DagBag from /home/airflow/.local/lib/python3.9/site-packages/airflow/example_dags/tutorial_dag.py
[2025-12-11T04:26:55.489+0000] {processor.py:840} INFO - DAG(s) 'tutorial_dag' retrieved from /home/airflow/.local/lib/python3.9/site-packages/airflow/example_dags/tutorial_dag.py
[2025-12-11T04:26:55.540+0000] {logging_mixin.py:188} INFO - [2025-12-11T04:26:55.540+0000] {dag.py:3096} INFO - Sync 1 DAGs
[2025-12-11T04:26:55.565+0000] {logging_mixin.py:188} INFO - [2025-12-11T04:26:55.565+0000] {dag.py:3954} INFO - Setting next_dagrun for tutorial_dag to None, run_after=None
[2025-12-11T04:26:55.847+0000] {processor.py:183} INFO - Processing /home/airflow/.local/lib/python3.9/site-packages/airflow/example_dags/tutorial_dag.py took 0.391 seconds
[2025-12-11T04:27:26.428+0000] {processor.py:161} INFO - Started process (PID=1206) to work on /home/airflow/.local/lib/python3.9/site-packages/airflow/example_dags/tutorial_dag.py
[2025-12-11T04:27:26.430+0000] {processor.py:830} INFO - Processing file /home/airflow/.local/lib/python3.9/site-packages/airflow/example_dags/tutorial_dag.py for tasks to queue
[2025-12-11T04:27:26.433+0000] {logging_mixin.py:188} INFO - [2025-12-11T04:27:26.432+0000] {dagbag.py:545} INFO - Filling up the DagBag from /home/airflow/.local/lib/python3.9/site-packages/airflow/example_dags/tutorial_dag.py
[2025-12-11T04:27:26.442+0000] {processor.py:840} INFO - DAG(s) 'tutorial_dag' retrieved from /home/airflow/.local/lib/python3.9/site-packages/airflow/example_dags/tutorial_dag.py
[2025-12-11T04:27:26.483+0000] {logging_mixin.py:188} INFO - [2025-12-11T04:27:26.482+0000] {dag.py:3096} INFO - Sync 1 DAGs
[2025-12-11T04:27:26.503+0000] {logging_mixin.py:188} INFO - [2025-12-11T04:27:26.503+0000] {dag.py:3954} INFO - Setting next_dagrun for tutorial_dag to None, run_after=None
[2025-12-11T04:27:26.531+0000] {processor.py:183} INFO - Processing /home/airflow/.local/lib/python3.9/site-packages/airflow/example_dags/tutorial_dag.py took 0.112 seconds
[2025-12-11T04:27:56.856+0000] {processor.py:161} INFO - Started process (PID=1272) to work on /home/airflow/.local/lib/python3.9/site-packages/airflow/example_dags/tutorial_dag.py
[2025-12-11T04:27:56.858+0000] {processor.py:830} INFO - Processing file /home/airflow/.local/lib/python3.9/site-packages/airflow/example_dags/tutorial_dag.py for tasks to queue
[2025-12-11T04:27:56.860+0000] {logging_mixin.py:188} INFO - [2025-12-11T04:27:56.860+0000] {dagbag.py:545} INFO - Filling up the DagBag from /home/airflow/.local/lib/python3.9/site-packages/airflow/example_dags/tutorial_dag.py
[2025-12-11T04:27:56.870+0000] {processor.py:840} INFO - DAG(s) 'tutorial_dag' retrieved from /home/airflow/.local/lib/python3.9/site-packages/airflow/example_dags/tutorial_dag.py
[2025-12-11T04:27:56.918+0000] {logging_mixin.py:188} INFO - [2025-12-11T04:27:56.918+0000] {dag.py:3096} INFO - Sync 1 DAGs
[2025-12-11T04:27:56.944+0000] {logging_mixin.py:188} INFO - [2025-12-11T04:27:56.944+0000] {dag.py:3954} INFO - Setting next_dagrun for tutorial_dag to None, run_after=None
[2025-12-11T04:27:56.979+0000] {processor.py:183} INFO - Processing /home/airflow/.local/lib/python3.9/site-packages/airflow/example_dags/tutorial_dag.py took 0.133 seconds
[2025-12-11T04:28:27.633+0000] {processor.py:161} INFO - Started process (PID=1338) to work on /home/airflow/.local/lib/python3.9/site-packages/airflow/example_dags/tutorial_dag.py
[2025-12-11T04:28:27.642+0000] {processor.py:830} INFO - Processing file /home/airflow/.local/lib/python3.9/site-packages/airflow/example_dags/tutorial_dag.py for tasks to queue
[2025-12-11T04:28:27.644+0000] {logging_mixin.py:188} INFO - [2025-12-11T04:28:27.644+0000] {dagbag.py:545} INFO - Filling up the DagBag from /home/airflow/.local/lib/python3.9/site-packages/airflow/example_dags/tutorial_dag.py
[2025-12-11T04:28:27.653+0000] {processor.py:840} INFO - DAG(s) 'tutorial_dag' retrieved from /home/airflow/.local/lib/python3.9/site-packages/airflow/example_dags/tutorial_dag.py
[2025-12-11T04:28:27.688+0000] {logging_mixin.py:188} INFO - [2025-12-11T04:28:27.688+0000] {dag.py:3096} INFO - Sync 1 DAGs
[2025-12-11T04:28:27.708+0000] {logging_mixin.py:188} INFO - [2025-12-11T04:28:27.708+0000] {dag.py:3954} INFO - Setting next_dagrun for tutorial_dag to None, run_after=None
[2025-12-11T04:28:27.849+0000] {processor.py:183} INFO - Processing /home/airflow/.local/lib/python3.9/site-packages/airflow/example_dags/tutorial_dag.py took 0.226 seconds
[2025-12-11T04:28:58.454+0000] {processor.py:161} INFO - Started process (PID=1404) to work on /home/airflow/.local/lib/python3.9/site-packages/airflow/example_dags/tutorial_dag.py
[2025-12-11T04:28:58.455+0000] {processor.py:830} INFO - Processing file /home/airflow/.local/lib/python3.9/site-packages/airflow/example_dags/tutorial_dag.py for tasks to queue
[2025-12-11T04:28:58.459+0000] {logging_mixin.py:188} INFO - [2025-12-11T04:28:58.458+0000] {dagbag.py:545} INFO - Filling up the DagBag from /home/airflow/.local/lib/python3.9/site-packages/airflow/example_dags/tutorial_dag.py
[2025-12-11T04:28:58.467+0000] {processor.py:840} INFO - DAG(s) 'tutorial_dag' retrieved from /home/airflow/.local/lib/python3.9/site-packages/airflow/example_dags/tutorial_dag.py
[2025-12-11T04:28:58.508+0000] {logging_mixin.py:188} INFO - [2025-12-11T04:28:58.508+0000] {dag.py:3096} INFO - Sync 1 DAGs
[2025-12-11T04:28:58.528+0000] {logging_mixin.py:188} INFO - [2025-12-11T04:28:58.528+0000] {dag.py:3954} INFO - Setting next_dagrun for tutorial_dag to None, run_after=None
[2025-12-11T04:28:58.560+0000] {processor.py:183} INFO - Processing /home/airflow/.local/lib/python3.9/site-packages/airflow/example_dags/tutorial_dag.py took 0.116 seconds
[2025-12-11T04:29:29.429+0000] {processor.py:161} INFO - Started process (PID=1470) to work on /home/airflow/.local/lib/python3.9/site-packages/airflow/example_dags/tutorial_dag.py
[2025-12-11T04:29:29.431+0000] {processor.py:830} INFO - Processing file /home/airflow/.local/lib/python3.9/site-packages/airflow/example_dags/tutorial_dag.py for tasks to queue
[2025-12-11T04:29:29.434+0000] {logging_mixin.py:188} INFO - [2025-12-11T04:29:29.434+0000] {dagbag.py:545} INFO - Filling up the DagBag from /home/airflow/.local/lib/python3.9/site-packages/airflow/example_dags/tutorial_dag.py
[2025-12-11T04:29:29.445+0000] {processor.py:840} INFO - DAG(s) 'tutorial_dag' retrieved from /home/airflow/.local/lib/python3.9/site-packages/airflow/example_dags/tutorial_dag.py
[2025-12-11T04:29:29.491+0000] {logging_mixin.py:188} INFO - [2025-12-11T04:29:29.491+0000] {dag.py:3096} INFO - Sync 1 DAGs
[2025-12-11T04:29:29.511+0000] {logging_mixin.py:188} INFO - [2025-12-11T04:29:29.511+0000] {dag.py:3954} INFO - Setting next_dagrun for tutorial_dag to None, run_after=None
[2025-12-11T04:29:29.535+0000] {processor.py:183} INFO - Processing /home/airflow/.local/lib/python3.9/site-packages/airflow/example_dags/tutorial_dag.py took 0.115 seconds
[2025-12-11T04:29:59.607+0000] {processor.py:161} INFO - Started process (PID=1536) to work on /home/airflow/.local/lib/python3.9/site-packages/airflow/example_dags/tutorial_dag.py
[2025-12-11T04:29:59.631+0000] {processor.py:830} INFO - Processing file /home/airflow/.local/lib/python3.9/site-packages/airflow/example_dags/tutorial_dag.py for tasks to queue
[2025-12-11T04:29:59.634+0000] {logging_mixin.py:188} INFO - [2025-12-11T04:29:59.633+0000] {dagbag.py:545} INFO - Filling up the DagBag from /home/airflow/.local/lib/python3.9/site-packages/airflow/example_dags/tutorial_dag.py
[2025-12-11T04:29:59.642+0000] {processor.py:840} INFO - DAG(s) 'tutorial_dag' retrieved from /home/airflow/.local/lib/python3.9/site-packages/airflow/example_dags/tutorial_dag.py
[2025-12-11T04:29:59.676+0000] {logging_mixin.py:188} INFO - [2025-12-11T04:29:59.676+0000] {dag.py:3096} INFO - Sync 1 DAGs
[2025-12-11T04:29:59.696+0000] {logging_mixin.py:188} INFO - [2025-12-11T04:29:59.696+0000] {dag.py:3954} INFO - Setting next_dagrun for tutorial_dag to None, run_after=None
[2025-12-11T04:29:59.721+0000] {processor.py:183} INFO - Processing /home/airflow/.local/lib/python3.9/site-packages/airflow/example_dags/tutorial_dag.py took 0.124 seconds
[2025-12-11T04:30:29.828+0000] {processor.py:161} INFO - Started process (PID=1597) to work on /home/airflow/.local/lib/python3.9/site-packages/airflow/example_dags/tutorial_dag.py
[2025-12-11T04:30:29.835+0000] {processor.py:830} INFO - Processing file /home/airflow/.local/lib/python3.9/site-packages/airflow/example_dags/tutorial_dag.py for tasks to queue
[2025-12-11T04:30:29.837+0000] {logging_mixin.py:188} INFO - [2025-12-11T04:30:29.837+0000] {dagbag.py:545} INFO - Filling up the DagBag from /home/airflow/.local/lib/python3.9/site-packages/airflow/example_dags/tutorial_dag.py
[2025-12-11T04:30:29.846+0000] {processor.py:840} INFO - DAG(s) 'tutorial_dag' retrieved from /home/airflow/.local/lib/python3.9/site-packages/airflow/example_dags/tutorial_dag.py
[2025-12-11T04:30:29.882+0000] {logging_mixin.py:188} INFO - [2025-12-11T04:30:29.882+0000] {dag.py:3096} INFO - Sync 1 DAGs
[2025-12-11T04:30:29.903+0000] {logging_mixin.py:188} INFO - [2025-12-11T04:30:29.902+0000] {dag.py:3954} INFO - Setting next_dagrun for tutorial_dag to None, run_after=None
[2025-12-11T04:30:29.940+0000] {processor.py:183} INFO - Processing /home/airflow/.local/lib/python3.9/site-packages/airflow/example_dags/tutorial_dag.py took 0.122 seconds
[2025-12-11T04:31:00.748+0000] {processor.py:161} INFO - Started process (PID=1662) to work on /home/airflow/.local/lib/python3.9/site-packages/airflow/example_dags/tutorial_dag.py
[2025-12-11T04:31:00.749+0000] {processor.py:830} INFO - Processing file /home/airflow/.local/lib/python3.9/site-packages/airflow/example_dags/tutorial_dag.py for tasks to queue
[2025-12-11T04:31:00.752+0000] {logging_mixin.py:188} INFO - [2025-12-11T04:31:00.752+0000] {dagbag.py:545} INFO - Filling up the DagBag from /home/airflow/.local/lib/python3.9/site-packages/airflow/example_dags/tutorial_dag.py
[2025-12-11T04:31:00.760+0000] {processor.py:840} INFO - DAG(s) 'tutorial_dag' retrieved from /home/airflow/.local/lib/python3.9/site-packages/airflow/example_dags/tutorial_dag.py
[2025-12-11T04:31:00.799+0000] {logging_mixin.py:188} INFO - [2025-12-11T04:31:00.799+0000] {dag.py:3096} INFO - Sync 1 DAGs
[2025-12-11T04:31:00.819+0000] {logging_mixin.py:188} INFO - [2025-12-11T04:31:00.818+0000] {dag.py:3954} INFO - Setting next_dagrun for tutorial_dag to None, run_after=None
[2025-12-11T04:31:00.844+0000] {processor.py:183} INFO - Processing /home/airflow/.local/lib/python3.9/site-packages/airflow/example_dags/tutorial_dag.py took 0.105 seconds
[2025-12-11T04:31:31.582+0000] {processor.py:161} INFO - Started process (PID=1728) to work on /home/airflow/.local/lib/python3.9/site-packages/airflow/example_dags/tutorial_dag.py
[2025-12-11T04:31:31.584+0000] {processor.py:830} INFO - Processing file /home/airflow/.local/lib/python3.9/site-packages/airflow/example_dags/tutorial_dag.py for tasks to queue
[2025-12-11T04:31:31.587+0000] {logging_mixin.py:188} INFO - [2025-12-11T04:31:31.586+0000] {dagbag.py:545} INFO - Filling up the DagBag from /home/airflow/.local/lib/python3.9/site-packages/airflow/example_dags/tutorial_dag.py
[2025-12-11T04:31:31.600+0000] {processor.py:840} INFO - DAG(s) 'tutorial_dag' retrieved from /home/airflow/.local/lib/python3.9/site-packages/airflow/example_dags/tutorial_dag.py
[2025-12-11T04:31:31.643+0000] {logging_mixin.py:188} INFO - [2025-12-11T04:31:31.643+0000] {dag.py:3096} INFO - Sync 1 DAGs
[2025-12-11T04:31:31.665+0000] {logging_mixin.py:188} INFO - [2025-12-11T04:31:31.664+0000] {dag.py:3954} INFO - Setting next_dagrun for tutorial_dag to None, run_after=None
[2025-12-11T04:31:31.692+0000] {processor.py:183} INFO - Processing /home/airflow/.local/lib/python3.9/site-packages/airflow/example_dags/tutorial_dag.py took 0.122 seconds
[2025-12-11T04:32:01.812+0000] {processor.py:161} INFO - Started process (PID=1794) to work on /home/airflow/.local/lib/python3.9/site-packages/airflow/example_dags/tutorial_dag.py
[2025-12-11T04:32:01.814+0000] {processor.py:830} INFO - Processing file /home/airflow/.local/lib/python3.9/site-packages/airflow/example_dags/tutorial_dag.py for tasks to queue
[2025-12-11T04:32:01.818+0000] {logging_mixin.py:188} INFO - [2025-12-11T04:32:01.817+0000] {dagbag.py:545} INFO - Filling up the DagBag from /home/airflow/.local/lib/python3.9/site-packages/airflow/example_dags/tutorial_dag.py
[2025-12-11T04:32:01.828+0000] {processor.py:840} INFO - DAG(s) 'tutorial_dag' retrieved from /home/airflow/.local/lib/python3.9/site-packages/airflow/example_dags/tutorial_dag.py
[2025-12-11T04:32:01.870+0000] {logging_mixin.py:188} INFO - [2025-12-11T04:32:01.869+0000] {dag.py:3096} INFO - Sync 1 DAGs
[2025-12-11T04:32:01.895+0000] {logging_mixin.py:188} INFO - [2025-12-11T04:32:01.894+0000] {dag.py:3954} INFO - Setting next_dagrun for tutorial_dag to None, run_after=None
[2025-12-11T04:32:02.168+0000] {processor.py:183} INFO - Processing /home/airflow/.local/lib/python3.9/site-packages/airflow/example_dags/tutorial_dag.py took 0.368 seconds
[2025-12-11T04:32:32.500+0000] {processor.py:161} INFO - Started process (PID=1860) to work on /home/airflow/.local/lib/python3.9/site-packages/airflow/example_dags/tutorial_dag.py
[2025-12-11T04:32:32.502+0000] {processor.py:830} INFO - Processing file /home/airflow/.local/lib/python3.9/site-packages/airflow/example_dags/tutorial_dag.py for tasks to queue
[2025-12-11T04:32:32.505+0000] {logging_mixin.py:188} INFO - [2025-12-11T04:32:32.505+0000] {dagbag.py:545} INFO - Filling up the DagBag from /home/airflow/.local/lib/python3.9/site-packages/airflow/example_dags/tutorial_dag.py
[2025-12-11T04:32:32.523+0000] {processor.py:840} INFO - DAG(s) 'tutorial_dag' retrieved from /home/airflow/.local/lib/python3.9/site-packages/airflow/example_dags/tutorial_dag.py
[2025-12-11T04:32:32.585+0000] {logging_mixin.py:188} INFO - [2025-12-11T04:32:32.584+0000] {dag.py:3096} INFO - Sync 1 DAGs
[2025-12-11T04:32:32.618+0000] {logging_mixin.py:188} INFO - [2025-12-11T04:32:32.618+0000] {dag.py:3954} INFO - Setting next_dagrun for tutorial_dag to None, run_after=None
[2025-12-11T04:32:32.661+0000] {processor.py:183} INFO - Processing /home/airflow/.local/lib/python3.9/site-packages/airflow/example_dags/tutorial_dag.py took 0.173 seconds
[2025-12-11T04:33:03.217+0000] {processor.py:161} INFO - Started process (PID=1926) to work on /home/airflow/.local/lib/python3.9/site-packages/airflow/example_dags/tutorial_dag.py
[2025-12-11T04:33:03.220+0000] {processor.py:830} INFO - Processing file /home/airflow/.local/lib/python3.9/site-packages/airflow/example_dags/tutorial_dag.py for tasks to queue
[2025-12-11T04:33:03.224+0000] {logging_mixin.py:188} INFO - [2025-12-11T04:33:03.224+0000] {dagbag.py:545} INFO - Filling up the DagBag from /home/airflow/.local/lib/python3.9/site-packages/airflow/example_dags/tutorial_dag.py
[2025-12-11T04:33:03.241+0000] {processor.py:840} INFO - DAG(s) 'tutorial_dag' retrieved from /home/airflow/.local/lib/python3.9/site-packages/airflow/example_dags/tutorial_dag.py
[2025-12-11T04:33:03.307+0000] {logging_mixin.py:188} INFO - [2025-12-11T04:33:03.304+0000] {dag.py:3096} INFO - Sync 1 DAGs
[2025-12-11T04:33:03.336+0000] {logging_mixin.py:188} INFO - [2025-12-11T04:33:03.336+0000] {dag.py:3954} INFO - Setting next_dagrun for tutorial_dag to None, run_after=None
[2025-12-11T04:33:03.375+0000] {processor.py:183} INFO - Processing /home/airflow/.local/lib/python3.9/site-packages/airflow/example_dags/tutorial_dag.py took 0.172 seconds
[2025-12-11T04:33:33.998+0000] {processor.py:161} INFO - Started process (PID=1993) to work on /home/airflow/.local/lib/python3.9/site-packages/airflow/example_dags/tutorial_dag.py
[2025-12-11T04:33:34.000+0000] {processor.py:830} INFO - Processing file /home/airflow/.local/lib/python3.9/site-packages/airflow/example_dags/tutorial_dag.py for tasks to queue
[2025-12-11T04:33:34.002+0000] {logging_mixin.py:188} INFO - [2025-12-11T04:33:34.002+0000] {dagbag.py:545} INFO - Filling up the DagBag from /home/airflow/.local/lib/python3.9/site-packages/airflow/example_dags/tutorial_dag.py
[2025-12-11T04:33:34.012+0000] {processor.py:840} INFO - DAG(s) 'tutorial_dag' retrieved from /home/airflow/.local/lib/python3.9/site-packages/airflow/example_dags/tutorial_dag.py
[2025-12-11T04:33:34.053+0000] {logging_mixin.py:188} INFO - [2025-12-11T04:33:34.052+0000] {dag.py:3096} INFO - Sync 1 DAGs
[2025-12-11T04:33:34.081+0000] {logging_mixin.py:188} INFO - [2025-12-11T04:33:34.080+0000] {dag.py:3954} INFO - Setting next_dagrun for tutorial_dag to None, run_after=None
[2025-12-11T04:33:34.116+0000] {processor.py:183} INFO - Processing /home/airflow/.local/lib/python3.9/site-packages/airflow/example_dags/tutorial_dag.py took 0.128 seconds
[2025-12-11T04:34:04.373+0000] {processor.py:161} INFO - Started process (PID=2061) to work on /home/airflow/.local/lib/python3.9/site-packages/airflow/example_dags/tutorial_dag.py
[2025-12-11T04:34:04.375+0000] {processor.py:830} INFO - Processing file /home/airflow/.local/lib/python3.9/site-packages/airflow/example_dags/tutorial_dag.py for tasks to queue
[2025-12-11T04:34:04.379+0000] {logging_mixin.py:188} INFO - [2025-12-11T04:34:04.378+0000] {dagbag.py:545} INFO - Filling up the DagBag from /home/airflow/.local/lib/python3.9/site-packages/airflow/example_dags/tutorial_dag.py
[2025-12-11T04:34:04.387+0000] {processor.py:840} INFO - DAG(s) 'tutorial_dag' retrieved from /home/airflow/.local/lib/python3.9/site-packages/airflow/example_dags/tutorial_dag.py
[2025-12-11T04:34:04.435+0000] {logging_mixin.py:188} INFO - [2025-12-11T04:34:04.434+0000] {dag.py:3096} INFO - Sync 1 DAGs
[2025-12-11T04:34:04.464+0000] {logging_mixin.py:188} INFO - [2025-12-11T04:34:04.464+0000] {dag.py:3954} INFO - Setting next_dagrun for tutorial_dag to None, run_after=None
[2025-12-11T04:34:04.510+0000] {processor.py:183} INFO - Processing /home/airflow/.local/lib/python3.9/site-packages/airflow/example_dags/tutorial_dag.py took 0.147 seconds
[2025-12-11T04:34:34.978+0000] {processor.py:161} INFO - Started process (PID=2135) to work on /home/airflow/.local/lib/python3.9/site-packages/airflow/example_dags/tutorial_dag.py
[2025-12-11T04:34:35.073+0000] {processor.py:830} INFO - Processing file /home/airflow/.local/lib/python3.9/site-packages/airflow/example_dags/tutorial_dag.py for tasks to queue
[2025-12-11T04:34:35.076+0000] {logging_mixin.py:188} INFO - [2025-12-11T04:34:35.076+0000] {dagbag.py:545} INFO - Filling up the DagBag from /home/airflow/.local/lib/python3.9/site-packages/airflow/example_dags/tutorial_dag.py
[2025-12-11T04:34:35.084+0000] {processor.py:840} INFO - DAG(s) 'tutorial_dag' retrieved from /home/airflow/.local/lib/python3.9/site-packages/airflow/example_dags/tutorial_dag.py
[2025-12-11T04:34:35.148+0000] {logging_mixin.py:188} INFO - [2025-12-11T04:34:35.148+0000] {dag.py:3096} INFO - Sync 1 DAGs
[2025-12-11T04:34:35.189+0000] {logging_mixin.py:188} INFO - [2025-12-11T04:34:35.188+0000] {dag.py:3954} INFO - Setting next_dagrun for tutorial_dag to None, run_after=None
[2025-12-11T04:34:35.589+0000] {processor.py:183} INFO - Processing /home/airflow/.local/lib/python3.9/site-packages/airflow/example_dags/tutorial_dag.py took 0.627 seconds
[2025-12-11T04:35:06.057+0000] {processor.py:161} INFO - Started process (PID=2202) to work on /home/airflow/.local/lib/python3.9/site-packages/airflow/example_dags/tutorial_dag.py
[2025-12-11T04:35:06.059+0000] {processor.py:830} INFO - Processing file /home/airflow/.local/lib/python3.9/site-packages/airflow/example_dags/tutorial_dag.py for tasks to queue
[2025-12-11T04:35:06.062+0000] {logging_mixin.py:188} INFO - [2025-12-11T04:35:06.061+0000] {dagbag.py:545} INFO - Filling up the DagBag from /home/airflow/.local/lib/python3.9/site-packages/airflow/example_dags/tutorial_dag.py
[2025-12-11T04:35:06.077+0000] {processor.py:840} INFO - DAG(s) 'tutorial_dag' retrieved from /home/airflow/.local/lib/python3.9/site-packages/airflow/example_dags/tutorial_dag.py
[2025-12-11T04:35:06.141+0000] {logging_mixin.py:188} INFO - [2025-12-11T04:35:06.140+0000] {dag.py:3096} INFO - Sync 1 DAGs
[2025-12-11T04:35:06.198+0000] {logging_mixin.py:188} INFO - [2025-12-11T04:35:06.198+0000] {dag.py:3954} INFO - Setting next_dagrun for tutorial_dag to None, run_after=None
[2025-12-11T04:35:06.243+0000] {processor.py:183} INFO - Processing /home/airflow/.local/lib/python3.9/site-packages/airflow/example_dags/tutorial_dag.py took 0.199 seconds
[2025-12-11T04:35:36.341+0000] {processor.py:161} INFO - Started process (PID=2270) to work on /home/airflow/.local/lib/python3.9/site-packages/airflow/example_dags/tutorial_dag.py
[2025-12-11T04:35:36.342+0000] {processor.py:830} INFO - Processing file /home/airflow/.local/lib/python3.9/site-packages/airflow/example_dags/tutorial_dag.py for tasks to queue
[2025-12-11T04:35:36.345+0000] {logging_mixin.py:188} INFO - [2025-12-11T04:35:36.345+0000] {dagbag.py:545} INFO - Filling up the DagBag from /home/airflow/.local/lib/python3.9/site-packages/airflow/example_dags/tutorial_dag.py
[2025-12-11T04:35:36.362+0000] {processor.py:840} INFO - DAG(s) 'tutorial_dag' retrieved from /home/airflow/.local/lib/python3.9/site-packages/airflow/example_dags/tutorial_dag.py
[2025-12-11T04:35:36.418+0000] {logging_mixin.py:188} INFO - [2025-12-11T04:35:36.417+0000] {dag.py:3096} INFO - Sync 1 DAGs
[2025-12-11T04:35:36.447+0000] {logging_mixin.py:188} INFO - [2025-12-11T04:35:36.446+0000] {dag.py:3954} INFO - Setting next_dagrun for tutorial_dag to None, run_after=None
[2025-12-11T04:35:36.478+0000] {processor.py:183} INFO - Processing /home/airflow/.local/lib/python3.9/site-packages/airflow/example_dags/tutorial_dag.py took 0.151 seconds
[2025-12-11T04:36:06.845+0000] {processor.py:161} INFO - Started process (PID=2337) to work on /home/airflow/.local/lib/python3.9/site-packages/airflow/example_dags/tutorial_dag.py
[2025-12-11T04:36:06.847+0000] {processor.py:830} INFO - Processing file /home/airflow/.local/lib/python3.9/site-packages/airflow/example_dags/tutorial_dag.py for tasks to queue
[2025-12-11T04:36:06.857+0000] {logging_mixin.py:188} INFO - [2025-12-11T04:36:06.849+0000] {dagbag.py:545} INFO - Filling up the DagBag from /home/airflow/.local/lib/python3.9/site-packages/airflow/example_dags/tutorial_dag.py
[2025-12-11T04:36:06.880+0000] {processor.py:840} INFO - DAG(s) 'tutorial_dag' retrieved from /home/airflow/.local/lib/python3.9/site-packages/airflow/example_dags/tutorial_dag.py
[2025-12-11T04:36:06.987+0000] {logging_mixin.py:188} INFO - [2025-12-11T04:36:06.986+0000] {dag.py:3096} INFO - Sync 1 DAGs
[2025-12-11T04:36:07.057+0000] {logging_mixin.py:188} INFO - [2025-12-11T04:36:07.045+0000] {dag.py:3954} INFO - Setting next_dagrun for tutorial_dag to None, run_after=None
[2025-12-11T04:36:07.146+0000] {processor.py:183} INFO - Processing /home/airflow/.local/lib/python3.9/site-packages/airflow/example_dags/tutorial_dag.py took 0.321 seconds
[2025-12-11T04:36:37.819+0000] {processor.py:161} INFO - Started process (PID=2404) to work on /home/airflow/.local/lib/python3.9/site-packages/airflow/example_dags/tutorial_dag.py
[2025-12-11T04:36:37.827+0000] {processor.py:830} INFO - Processing file /home/airflow/.local/lib/python3.9/site-packages/airflow/example_dags/tutorial_dag.py for tasks to queue
[2025-12-11T04:36:37.839+0000] {logging_mixin.py:188} INFO - [2025-12-11T04:36:37.838+0000] {dagbag.py:545} INFO - Filling up the DagBag from /home/airflow/.local/lib/python3.9/site-packages/airflow/example_dags/tutorial_dag.py
[2025-12-11T04:36:37.857+0000] {processor.py:840} INFO - DAG(s) 'tutorial_dag' retrieved from /home/airflow/.local/lib/python3.9/site-packages/airflow/example_dags/tutorial_dag.py
[2025-12-11T04:36:37.957+0000] {logging_mixin.py:188} INFO - [2025-12-11T04:36:37.956+0000] {dag.py:3096} INFO - Sync 1 DAGs
[2025-12-11T04:36:38.005+0000] {logging_mixin.py:188} INFO - [2025-12-11T04:36:38.005+0000] {dag.py:3954} INFO - Setting next_dagrun for tutorial_dag to None, run_after=None
[2025-12-11T04:36:38.084+0000] {processor.py:183} INFO - Processing /home/airflow/.local/lib/python3.9/site-packages/airflow/example_dags/tutorial_dag.py took 0.303 seconds
[2025-12-11T04:37:08.662+0000] {processor.py:161} INFO - Started process (PID=2471) to work on /home/airflow/.local/lib/python3.9/site-packages/airflow/example_dags/tutorial_dag.py
[2025-12-11T04:37:08.726+0000] {processor.py:830} INFO - Processing file /home/airflow/.local/lib/python3.9/site-packages/airflow/example_dags/tutorial_dag.py for tasks to queue
[2025-12-11T04:37:08.729+0000] {logging_mixin.py:188} INFO - [2025-12-11T04:37:08.728+0000] {dagbag.py:545} INFO - Filling up the DagBag from /home/airflow/.local/lib/python3.9/site-packages/airflow/example_dags/tutorial_dag.py
[2025-12-11T04:37:08.743+0000] {processor.py:840} INFO - DAG(s) 'tutorial_dag' retrieved from /home/airflow/.local/lib/python3.9/site-packages/airflow/example_dags/tutorial_dag.py
[2025-12-11T04:37:08.881+0000] {logging_mixin.py:188} INFO - [2025-12-11T04:37:08.880+0000] {dag.py:3096} INFO - Sync 1 DAGs
[2025-12-11T04:37:08.943+0000] {logging_mixin.py:188} INFO - [2025-12-11T04:37:08.943+0000] {dag.py:3954} INFO - Setting next_dagrun for tutorial_dag to None, run_after=None
[2025-12-11T04:37:09.242+0000] {processor.py:183} INFO - Processing /home/airflow/.local/lib/python3.9/site-packages/airflow/example_dags/tutorial_dag.py took 0.614 seconds
[2025-12-11T04:37:39.702+0000] {processor.py:161} INFO - Started process (PID=2538) to work on /home/airflow/.local/lib/python3.9/site-packages/airflow/example_dags/tutorial_dag.py
[2025-12-11T04:37:39.786+0000] {processor.py:830} INFO - Processing file /home/airflow/.local/lib/python3.9/site-packages/airflow/example_dags/tutorial_dag.py for tasks to queue
[2025-12-11T04:37:39.789+0000] {logging_mixin.py:188} INFO - [2025-12-11T04:37:39.789+0000] {dagbag.py:545} INFO - Filling up the DagBag from /home/airflow/.local/lib/python3.9/site-packages/airflow/example_dags/tutorial_dag.py
[2025-12-11T04:37:39.808+0000] {processor.py:840} INFO - DAG(s) 'tutorial_dag' retrieved from /home/airflow/.local/lib/python3.9/site-packages/airflow/example_dags/tutorial_dag.py
[2025-12-11T04:37:39.897+0000] {logging_mixin.py:188} INFO - [2025-12-11T04:37:39.895+0000] {dag.py:3096} INFO - Sync 1 DAGs
[2025-12-11T04:37:39.940+0000] {logging_mixin.py:188} INFO - [2025-12-11T04:37:39.939+0000] {dag.py:3954} INFO - Setting next_dagrun for tutorial_dag to None, run_after=None
[2025-12-11T04:37:40.081+0000] {processor.py:183} INFO - Processing /home/airflow/.local/lib/python3.9/site-packages/airflow/example_dags/tutorial_dag.py took 0.420 seconds
[2025-12-11T04:38:10.226+0000] {processor.py:161} INFO - Started process (PID=2605) to work on /home/airflow/.local/lib/python3.9/site-packages/airflow/example_dags/tutorial_dag.py
[2025-12-11T04:38:10.245+0000] {processor.py:830} INFO - Processing file /home/airflow/.local/lib/python3.9/site-packages/airflow/example_dags/tutorial_dag.py for tasks to queue
[2025-12-11T04:38:10.248+0000] {logging_mixin.py:188} INFO - [2025-12-11T04:38:10.247+0000] {dagbag.py:545} INFO - Filling up the DagBag from /home/airflow/.local/lib/python3.9/site-packages/airflow/example_dags/tutorial_dag.py
[2025-12-11T04:38:10.263+0000] {processor.py:840} INFO - DAG(s) 'tutorial_dag' retrieved from /home/airflow/.local/lib/python3.9/site-packages/airflow/example_dags/tutorial_dag.py
[2025-12-11T04:38:10.346+0000] {logging_mixin.py:188} INFO - [2025-12-11T04:38:10.345+0000] {dag.py:3096} INFO - Sync 1 DAGs
[2025-12-11T04:38:10.398+0000] {logging_mixin.py:188} INFO - [2025-12-11T04:38:10.397+0000] {dag.py:3954} INFO - Setting next_dagrun for tutorial_dag to None, run_after=None
[2025-12-11T04:38:10.461+0000] {processor.py:183} INFO - Processing /home/airflow/.local/lib/python3.9/site-packages/airflow/example_dags/tutorial_dag.py took 0.253 seconds
[2025-12-11T04:38:40.700+0000] {processor.py:161} INFO - Started process (PID=2663) to work on /home/airflow/.local/lib/python3.9/site-packages/airflow/example_dags/tutorial_dag.py
[2025-12-11T04:38:40.706+0000] {processor.py:830} INFO - Processing file /home/airflow/.local/lib/python3.9/site-packages/airflow/example_dags/tutorial_dag.py for tasks to queue
[2025-12-11T04:38:40.718+0000] {logging_mixin.py:188} INFO - [2025-12-11T04:38:40.718+0000] {dagbag.py:545} INFO - Filling up the DagBag from /home/airflow/.local/lib/python3.9/site-packages/airflow/example_dags/tutorial_dag.py
[2025-12-11T04:38:40.727+0000] {processor.py:840} INFO - DAG(s) 'tutorial_dag' retrieved from /home/airflow/.local/lib/python3.9/site-packages/airflow/example_dags/tutorial_dag.py
[2025-12-11T04:38:40.778+0000] {logging_mixin.py:188} INFO - [2025-12-11T04:38:40.777+0000] {dag.py:3096} INFO - Sync 1 DAGs
[2025-12-11T04:38:40.804+0000] {logging_mixin.py:188} INFO - [2025-12-11T04:38:40.803+0000] {dag.py:3954} INFO - Setting next_dagrun for tutorial_dag to None, run_after=None
[2025-12-11T04:38:40.848+0000] {processor.py:183} INFO - Processing /home/airflow/.local/lib/python3.9/site-packages/airflow/example_dags/tutorial_dag.py took 0.165 seconds
[2025-12-11T04:39:11.071+0000] {processor.py:161} INFO - Started process (PID=2730) to work on /home/airflow/.local/lib/python3.9/site-packages/airflow/example_dags/tutorial_dag.py
[2025-12-11T04:39:11.073+0000] {processor.py:830} INFO - Processing file /home/airflow/.local/lib/python3.9/site-packages/airflow/example_dags/tutorial_dag.py for tasks to queue
[2025-12-11T04:39:11.078+0000] {logging_mixin.py:188} INFO - [2025-12-11T04:39:11.078+0000] {dagbag.py:545} INFO - Filling up the DagBag from /home/airflow/.local/lib/python3.9/site-packages/airflow/example_dags/tutorial_dag.py
[2025-12-11T04:39:11.086+0000] {processor.py:840} INFO - DAG(s) 'tutorial_dag' retrieved from /home/airflow/.local/lib/python3.9/site-packages/airflow/example_dags/tutorial_dag.py
[2025-12-11T04:39:11.129+0000] {logging_mixin.py:188} INFO - [2025-12-11T04:39:11.128+0000] {dag.py:3096} INFO - Sync 1 DAGs
[2025-12-11T04:39:11.150+0000] {logging_mixin.py:188} INFO - [2025-12-11T04:39:11.150+0000] {dag.py:3954} INFO - Setting next_dagrun for tutorial_dag to None, run_after=None
[2025-12-11T04:39:11.179+0000] {processor.py:183} INFO - Processing /home/airflow/.local/lib/python3.9/site-packages/airflow/example_dags/tutorial_dag.py took 0.118 seconds
[2025-12-11T04:39:41.422+0000] {processor.py:161} INFO - Started process (PID=2796) to work on /home/airflow/.local/lib/python3.9/site-packages/airflow/example_dags/tutorial_dag.py
[2025-12-11T04:39:41.442+0000] {processor.py:830} INFO - Processing file /home/airflow/.local/lib/python3.9/site-packages/airflow/example_dags/tutorial_dag.py for tasks to queue
[2025-12-11T04:39:41.445+0000] {logging_mixin.py:188} INFO - [2025-12-11T04:39:41.445+0000] {dagbag.py:545} INFO - Filling up the DagBag from /home/airflow/.local/lib/python3.9/site-packages/airflow/example_dags/tutorial_dag.py
[2025-12-11T04:39:41.463+0000] {processor.py:840} INFO - DAG(s) 'tutorial_dag' retrieved from /home/airflow/.local/lib/python3.9/site-packages/airflow/example_dags/tutorial_dag.py
[2025-12-11T04:39:41.529+0000] {logging_mixin.py:188} INFO - [2025-12-11T04:39:41.528+0000] {dag.py:3096} INFO - Sync 1 DAGs
[2025-12-11T04:39:41.566+0000] {logging_mixin.py:188} INFO - [2025-12-11T04:39:41.566+0000] {dag.py:3954} INFO - Setting next_dagrun for tutorial_dag to None, run_after=None
[2025-12-11T04:39:42.286+0000] {processor.py:183} INFO - Processing /home/airflow/.local/lib/python3.9/site-packages/airflow/example_dags/tutorial_dag.py took 0.883 seconds
[2025-12-11T04:40:12.493+0000] {processor.py:161} INFO - Started process (PID=2863) to work on /home/airflow/.local/lib/python3.9/site-packages/airflow/example_dags/tutorial_dag.py
[2025-12-11T04:40:12.495+0000] {processor.py:830} INFO - Processing file /home/airflow/.local/lib/python3.9/site-packages/airflow/example_dags/tutorial_dag.py for tasks to queue
[2025-12-11T04:40:12.498+0000] {logging_mixin.py:188} INFO - [2025-12-11T04:40:12.498+0000] {dagbag.py:545} INFO - Filling up the DagBag from /home/airflow/.local/lib/python3.9/site-packages/airflow/example_dags/tutorial_dag.py
[2025-12-11T04:40:12.508+0000] {processor.py:840} INFO - DAG(s) 'tutorial_dag' retrieved from /home/airflow/.local/lib/python3.9/site-packages/airflow/example_dags/tutorial_dag.py
[2025-12-11T04:40:12.544+0000] {logging_mixin.py:188} INFO - [2025-12-11T04:40:12.543+0000] {dag.py:3096} INFO - Sync 1 DAGs
[2025-12-11T04:40:12.565+0000] {logging_mixin.py:188} INFO - [2025-12-11T04:40:12.565+0000] {dag.py:3954} INFO - Setting next_dagrun for tutorial_dag to None, run_after=None
[2025-12-11T04:40:13.047+0000] {processor.py:183} INFO - Processing /home/airflow/.local/lib/python3.9/site-packages/airflow/example_dags/tutorial_dag.py took 0.565 seconds
[2025-12-11T04:40:43.187+0000] {processor.py:161} INFO - Started process (PID=2930) to work on /home/airflow/.local/lib/python3.9/site-packages/airflow/example_dags/tutorial_dag.py
[2025-12-11T04:40:43.189+0000] {processor.py:830} INFO - Processing file /home/airflow/.local/lib/python3.9/site-packages/airflow/example_dags/tutorial_dag.py for tasks to queue
[2025-12-11T04:40:43.192+0000] {logging_mixin.py:188} INFO - [2025-12-11T04:40:43.191+0000] {dagbag.py:545} INFO - Filling up the DagBag from /home/airflow/.local/lib/python3.9/site-packages/airflow/example_dags/tutorial_dag.py
[2025-12-11T04:40:43.202+0000] {processor.py:840} INFO - DAG(s) 'tutorial_dag' retrieved from /home/airflow/.local/lib/python3.9/site-packages/airflow/example_dags/tutorial_dag.py
[2025-12-11T04:40:43.244+0000] {logging_mixin.py:188} INFO - [2025-12-11T04:40:43.243+0000] {dag.py:3096} INFO - Sync 1 DAGs
[2025-12-11T04:40:43.270+0000] {logging_mixin.py:188} INFO - [2025-12-11T04:40:43.270+0000] {dag.py:3954} INFO - Setting next_dagrun for tutorial_dag to None, run_after=None
[2025-12-11T04:40:43.804+0000] {processor.py:183} INFO - Processing /home/airflow/.local/lib/python3.9/site-packages/airflow/example_dags/tutorial_dag.py took 0.629 seconds
[2025-12-11T04:41:14.046+0000] {processor.py:161} INFO - Started process (PID=2997) to work on /home/airflow/.local/lib/python3.9/site-packages/airflow/example_dags/tutorial_dag.py
[2025-12-11T04:41:14.048+0000] {processor.py:830} INFO - Processing file /home/airflow/.local/lib/python3.9/site-packages/airflow/example_dags/tutorial_dag.py for tasks to queue
[2025-12-11T04:41:14.051+0000] {logging_mixin.py:188} INFO - [2025-12-11T04:41:14.050+0000] {dagbag.py:545} INFO - Filling up the DagBag from /home/airflow/.local/lib/python3.9/site-packages/airflow/example_dags/tutorial_dag.py
[2025-12-11T04:41:14.060+0000] {processor.py:840} INFO - DAG(s) 'tutorial_dag' retrieved from /home/airflow/.local/lib/python3.9/site-packages/airflow/example_dags/tutorial_dag.py
[2025-12-11T04:41:14.097+0000] {logging_mixin.py:188} INFO - [2025-12-11T04:41:14.096+0000] {dag.py:3096} INFO - Sync 1 DAGs
[2025-12-11T04:41:14.120+0000] {logging_mixin.py:188} INFO - [2025-12-11T04:41:14.120+0000] {dag.py:3954} INFO - Setting next_dagrun for tutorial_dag to None, run_after=None
[2025-12-11T04:41:14.151+0000] {processor.py:183} INFO - Processing /home/airflow/.local/lib/python3.9/site-packages/airflow/example_dags/tutorial_dag.py took 0.117 seconds
[2025-12-11T04:41:44.482+0000] {processor.py:161} INFO - Started process (PID=3064) to work on /home/airflow/.local/lib/python3.9/site-packages/airflow/example_dags/tutorial_dag.py
[2025-12-11T04:41:44.483+0000] {processor.py:830} INFO - Processing file /home/airflow/.local/lib/python3.9/site-packages/airflow/example_dags/tutorial_dag.py for tasks to queue
[2025-12-11T04:41:44.486+0000] {logging_mixin.py:188} INFO - [2025-12-11T04:41:44.486+0000] {dagbag.py:545} INFO - Filling up the DagBag from /home/airflow/.local/lib/python3.9/site-packages/airflow/example_dags/tutorial_dag.py
[2025-12-11T04:41:44.495+0000] {processor.py:840} INFO - DAG(s) 'tutorial_dag' retrieved from /home/airflow/.local/lib/python3.9/site-packages/airflow/example_dags/tutorial_dag.py
[2025-12-11T04:41:44.536+0000] {logging_mixin.py:188} INFO - [2025-12-11T04:41:44.535+0000] {dag.py:3096} INFO - Sync 1 DAGs
[2025-12-11T04:41:44.556+0000] {logging_mixin.py:188} INFO - [2025-12-11T04:41:44.556+0000] {dag.py:3954} INFO - Setting next_dagrun for tutorial_dag to None, run_after=None
[2025-12-11T04:41:44.588+0000] {processor.py:183} INFO - Processing /home/airflow/.local/lib/python3.9/site-packages/airflow/example_dags/tutorial_dag.py took 0.116 seconds
[2025-12-11T04:42:14.799+0000] {processor.py:161} INFO - Started process (PID=3132) to work on /home/airflow/.local/lib/python3.9/site-packages/airflow/example_dags/tutorial_dag.py
[2025-12-11T04:42:14.801+0000] {processor.py:830} INFO - Processing file /home/airflow/.local/lib/python3.9/site-packages/airflow/example_dags/tutorial_dag.py for tasks to queue
[2025-12-11T04:42:14.804+0000] {logging_mixin.py:188} INFO - [2025-12-11T04:42:14.804+0000] {dagbag.py:545} INFO - Filling up the DagBag from /home/airflow/.local/lib/python3.9/site-packages/airflow/example_dags/tutorial_dag.py
[2025-12-11T04:42:14.812+0000] {processor.py:840} INFO - DAG(s) 'tutorial_dag' retrieved from /home/airflow/.local/lib/python3.9/site-packages/airflow/example_dags/tutorial_dag.py
[2025-12-11T04:42:14.849+0000] {logging_mixin.py:188} INFO - [2025-12-11T04:42:14.848+0000] {dag.py:3096} INFO - Sync 1 DAGs
[2025-12-11T04:42:14.873+0000] {logging_mixin.py:188} INFO - [2025-12-11T04:42:14.872+0000] {dag.py:3954} INFO - Setting next_dagrun for tutorial_dag to None, run_after=None
[2025-12-11T04:42:14.903+0000] {processor.py:183} INFO - Processing /home/airflow/.local/lib/python3.9/site-packages/airflow/example_dags/tutorial_dag.py took 0.114 seconds
[2025-12-11T04:42:45.502+0000] {processor.py:161} INFO - Started process (PID=3199) to work on /home/airflow/.local/lib/python3.9/site-packages/airflow/example_dags/tutorial_dag.py
[2025-12-11T04:42:45.504+0000] {processor.py:830} INFO - Processing file /home/airflow/.local/lib/python3.9/site-packages/airflow/example_dags/tutorial_dag.py for tasks to queue
[2025-12-11T04:42:45.507+0000] {logging_mixin.py:188} INFO - [2025-12-11T04:42:45.506+0000] {dagbag.py:545} INFO - Filling up the DagBag from /home/airflow/.local/lib/python3.9/site-packages/airflow/example_dags/tutorial_dag.py
[2025-12-11T04:42:45.521+0000] {processor.py:840} INFO - DAG(s) 'tutorial_dag' retrieved from /home/airflow/.local/lib/python3.9/site-packages/airflow/example_dags/tutorial_dag.py
[2025-12-11T04:42:45.597+0000] {logging_mixin.py:188} INFO - [2025-12-11T04:42:45.590+0000] {dag.py:3096} INFO - Sync 1 DAGs
[2025-12-11T04:42:45.628+0000] {logging_mixin.py:188} INFO - [2025-12-11T04:42:45.627+0000] {dag.py:3954} INFO - Setting next_dagrun for tutorial_dag to None, run_after=None
[2025-12-11T04:42:45.687+0000] {processor.py:183} INFO - Processing /home/airflow/.local/lib/python3.9/site-packages/airflow/example_dags/tutorial_dag.py took 0.202 seconds
[2025-12-11T04:43:16.561+0000] {processor.py:161} INFO - Started process (PID=3266) to work on /home/airflow/.local/lib/python3.9/site-packages/airflow/example_dags/tutorial_dag.py
[2025-12-11T04:43:16.599+0000] {processor.py:830} INFO - Processing file /home/airflow/.local/lib/python3.9/site-packages/airflow/example_dags/tutorial_dag.py for tasks to queue
[2025-12-11T04:43:16.619+0000] {logging_mixin.py:188} INFO - [2025-12-11T04:43:16.618+0000] {dagbag.py:545} INFO - Filling up the DagBag from /home/airflow/.local/lib/python3.9/site-packages/airflow/example_dags/tutorial_dag.py
[2025-12-11T04:43:16.630+0000] {processor.py:840} INFO - DAG(s) 'tutorial_dag' retrieved from /home/airflow/.local/lib/python3.9/site-packages/airflow/example_dags/tutorial_dag.py
[2025-12-11T04:43:16.673+0000] {logging_mixin.py:188} INFO - [2025-12-11T04:43:16.672+0000] {dag.py:3096} INFO - Sync 1 DAGs
[2025-12-11T04:43:16.698+0000] {logging_mixin.py:188} INFO - [2025-12-11T04:43:16.697+0000] {dag.py:3954} INFO - Setting next_dagrun for tutorial_dag to None, run_after=None
[2025-12-11T04:43:16.733+0000] {processor.py:183} INFO - Processing /home/airflow/.local/lib/python3.9/site-packages/airflow/example_dags/tutorial_dag.py took 0.193 seconds
[2025-12-11T04:43:47.072+0000] {processor.py:161} INFO - Started process (PID=3333) to work on /home/airflow/.local/lib/python3.9/site-packages/airflow/example_dags/tutorial_dag.py
[2025-12-11T04:43:47.075+0000] {processor.py:830} INFO - Processing file /home/airflow/.local/lib/python3.9/site-packages/airflow/example_dags/tutorial_dag.py for tasks to queue
[2025-12-11T04:43:47.079+0000] {logging_mixin.py:188} INFO - [2025-12-11T04:43:47.078+0000] {dagbag.py:545} INFO - Filling up the DagBag from /home/airflow/.local/lib/python3.9/site-packages/airflow/example_dags/tutorial_dag.py
[2025-12-11T04:43:47.088+0000] {processor.py:840} INFO - DAG(s) 'tutorial_dag' retrieved from /home/airflow/.local/lib/python3.9/site-packages/airflow/example_dags/tutorial_dag.py
[2025-12-11T04:43:47.129+0000] {logging_mixin.py:188} INFO - [2025-12-11T04:43:47.129+0000] {dag.py:3096} INFO - Sync 1 DAGs
[2025-12-11T04:43:47.152+0000] {logging_mixin.py:188} INFO - [2025-12-11T04:43:47.151+0000] {dag.py:3954} INFO - Setting next_dagrun for tutorial_dag to None, run_after=None
[2025-12-11T04:43:47.180+0000] {processor.py:183} INFO - Processing /home/airflow/.local/lib/python3.9/site-packages/airflow/example_dags/tutorial_dag.py took 0.119 seconds
[2025-12-11T04:44:17.606+0000] {processor.py:161} INFO - Started process (PID=3400) to work on /home/airflow/.local/lib/python3.9/site-packages/airflow/example_dags/tutorial_dag.py
[2025-12-11T04:44:17.608+0000] {processor.py:830} INFO - Processing file /home/airflow/.local/lib/python3.9/site-packages/airflow/example_dags/tutorial_dag.py for tasks to queue
[2025-12-11T04:44:17.619+0000] {logging_mixin.py:188} INFO - [2025-12-11T04:44:17.618+0000] {dagbag.py:545} INFO - Filling up the DagBag from /home/airflow/.local/lib/python3.9/site-packages/airflow/example_dags/tutorial_dag.py
[2025-12-11T04:44:17.628+0000] {processor.py:840} INFO - DAG(s) 'tutorial_dag' retrieved from /home/airflow/.local/lib/python3.9/site-packages/airflow/example_dags/tutorial_dag.py
[2025-12-11T04:44:17.737+0000] {logging_mixin.py:188} INFO - [2025-12-11T04:44:17.729+0000] {dag.py:3096} INFO - Sync 1 DAGs
[2025-12-11T04:44:17.780+0000] {logging_mixin.py:188} INFO - [2025-12-11T04:44:17.780+0000] {dag.py:3954} INFO - Setting next_dagrun for tutorial_dag to None, run_after=None
[2025-12-11T04:44:17.897+0000] {processor.py:183} INFO - Processing /home/airflow/.local/lib/python3.9/site-packages/airflow/example_dags/tutorial_dag.py took 0.306 seconds
[2025-12-11T04:44:48.109+0000] {processor.py:161} INFO - Started process (PID=3467) to work on /home/airflow/.local/lib/python3.9/site-packages/airflow/example_dags/tutorial_dag.py
[2025-12-11T04:44:48.200+0000] {processor.py:830} INFO - Processing file /home/airflow/.local/lib/python3.9/site-packages/airflow/example_dags/tutorial_dag.py for tasks to queue
[2025-12-11T04:44:48.204+0000] {logging_mixin.py:188} INFO - [2025-12-11T04:44:48.203+0000] {dagbag.py:545} INFO - Filling up the DagBag from /home/airflow/.local/lib/python3.9/site-packages/airflow/example_dags/tutorial_dag.py
[2025-12-11T04:44:48.212+0000] {processor.py:840} INFO - DAG(s) 'tutorial_dag' retrieved from /home/airflow/.local/lib/python3.9/site-packages/airflow/example_dags/tutorial_dag.py
[2025-12-11T04:44:48.277+0000] {logging_mixin.py:188} INFO - [2025-12-11T04:44:48.269+0000] {dag.py:3096} INFO - Sync 1 DAGs
[2025-12-11T04:44:48.320+0000] {logging_mixin.py:188} INFO - [2025-12-11T04:44:48.319+0000] {dag.py:3954} INFO - Setting next_dagrun for tutorial_dag to None, run_after=None
[2025-12-11T04:44:48.421+0000] {processor.py:183} INFO - Processing /home/airflow/.local/lib/python3.9/site-packages/airflow/example_dags/tutorial_dag.py took 0.324 seconds
[2025-12-11T04:45:18.977+0000] {processor.py:161} INFO - Started process (PID=3535) to work on /home/airflow/.local/lib/python3.9/site-packages/airflow/example_dags/tutorial_dag.py
[2025-12-11T04:45:18.985+0000] {processor.py:830} INFO - Processing file /home/airflow/.local/lib/python3.9/site-packages/airflow/example_dags/tutorial_dag.py for tasks to queue
[2025-12-11T04:45:18.990+0000] {logging_mixin.py:188} INFO - [2025-12-11T04:45:18.989+0000] {dagbag.py:545} INFO - Filling up the DagBag from /home/airflow/.local/lib/python3.9/site-packages/airflow/example_dags/tutorial_dag.py
[2025-12-11T04:45:19.001+0000] {processor.py:840} INFO - DAG(s) 'tutorial_dag' retrieved from /home/airflow/.local/lib/python3.9/site-packages/airflow/example_dags/tutorial_dag.py
[2025-12-11T04:45:19.048+0000] {logging_mixin.py:188} INFO - [2025-12-11T04:45:19.047+0000] {dag.py:3096} INFO - Sync 1 DAGs
[2025-12-11T04:45:19.079+0000] {logging_mixin.py:188} INFO - [2025-12-11T04:45:19.078+0000] {dag.py:3954} INFO - Setting next_dagrun for tutorial_dag to None, run_after=None
[2025-12-11T04:45:19.145+0000] {processor.py:183} INFO - Processing /home/airflow/.local/lib/python3.9/site-packages/airflow/example_dags/tutorial_dag.py took 0.184 seconds
[2025-12-11T04:45:49.863+0000] {processor.py:161} INFO - Started process (PID=3610) to work on /home/airflow/.local/lib/python3.9/site-packages/airflow/example_dags/tutorial_dag.py
[2025-12-11T04:45:49.869+0000] {processor.py:830} INFO - Processing file /home/airflow/.local/lib/python3.9/site-packages/airflow/example_dags/tutorial_dag.py for tasks to queue
[2025-12-11T04:45:49.880+0000] {logging_mixin.py:188} INFO - [2025-12-11T04:45:49.880+0000] {dagbag.py:545} INFO - Filling up the DagBag from /home/airflow/.local/lib/python3.9/site-packages/airflow/example_dags/tutorial_dag.py
[2025-12-11T04:45:49.889+0000] {processor.py:840} INFO - DAG(s) 'tutorial_dag' retrieved from /home/airflow/.local/lib/python3.9/site-packages/airflow/example_dags/tutorial_dag.py
[2025-12-11T04:45:49.959+0000] {logging_mixin.py:188} INFO - [2025-12-11T04:45:49.958+0000] {dag.py:3096} INFO - Sync 1 DAGs
[2025-12-11T04:45:49.988+0000] {logging_mixin.py:188} INFO - [2025-12-11T04:45:49.988+0000] {dag.py:3954} INFO - Setting next_dagrun for tutorial_dag to None, run_after=None
[2025-12-11T04:45:50.041+0000] {processor.py:183} INFO - Processing /home/airflow/.local/lib/python3.9/site-packages/airflow/example_dags/tutorial_dag.py took 0.198 seconds
[2025-12-11T04:46:20.724+0000] {processor.py:161} INFO - Started process (PID=3677) to work on /home/airflow/.local/lib/python3.9/site-packages/airflow/example_dags/tutorial_dag.py
[2025-12-11T04:46:20.726+0000] {processor.py:830} INFO - Processing file /home/airflow/.local/lib/python3.9/site-packages/airflow/example_dags/tutorial_dag.py for tasks to queue
[2025-12-11T04:46:20.739+0000] {logging_mixin.py:188} INFO - [2025-12-11T04:46:20.738+0000] {dagbag.py:545} INFO - Filling up the DagBag from /home/airflow/.local/lib/python3.9/site-packages/airflow/example_dags/tutorial_dag.py
[2025-12-11T04:46:20.747+0000] {processor.py:840} INFO - DAG(s) 'tutorial_dag' retrieved from /home/airflow/.local/lib/python3.9/site-packages/airflow/example_dags/tutorial_dag.py
[2025-12-11T04:46:20.808+0000] {logging_mixin.py:188} INFO - [2025-12-11T04:46:20.808+0000] {dag.py:3096} INFO - Sync 1 DAGs
[2025-12-11T04:46:20.845+0000] {logging_mixin.py:188} INFO - [2025-12-11T04:46:20.844+0000] {dag.py:3954} INFO - Setting next_dagrun for tutorial_dag to None, run_after=None
[2025-12-11T04:46:20.944+0000] {processor.py:183} INFO - Processing /home/airflow/.local/lib/python3.9/site-packages/airflow/example_dags/tutorial_dag.py took 0.237 seconds
[2025-12-11T04:46:51.041+0000] {processor.py:161} INFO - Started process (PID=3744) to work on /home/airflow/.local/lib/python3.9/site-packages/airflow/example_dags/tutorial_dag.py
[2025-12-11T04:46:51.043+0000] {processor.py:830} INFO - Processing file /home/airflow/.local/lib/python3.9/site-packages/airflow/example_dags/tutorial_dag.py for tasks to queue
[2025-12-11T04:46:51.047+0000] {logging_mixin.py:188} INFO - [2025-12-11T04:46:51.046+0000] {dagbag.py:545} INFO - Filling up the DagBag from /home/airflow/.local/lib/python3.9/site-packages/airflow/example_dags/tutorial_dag.py
[2025-12-11T04:46:51.064+0000] {processor.py:840} INFO - DAG(s) 'tutorial_dag' retrieved from /home/airflow/.local/lib/python3.9/site-packages/airflow/example_dags/tutorial_dag.py
[2025-12-11T04:46:51.141+0000] {logging_mixin.py:188} INFO - [2025-12-11T04:46:51.140+0000] {dag.py:3096} INFO - Sync 1 DAGs
[2025-12-11T04:46:51.180+0000] {logging_mixin.py:188} INFO - [2025-12-11T04:46:51.179+0000] {dag.py:3954} INFO - Setting next_dagrun for tutorial_dag to None, run_after=None
[2025-12-11T04:46:51.225+0000] {processor.py:183} INFO - Processing /home/airflow/.local/lib/python3.9/site-packages/airflow/example_dags/tutorial_dag.py took 0.203 seconds
[2025-12-11T04:47:21.642+0000] {processor.py:161} INFO - Started process (PID=3811) to work on /home/airflow/.local/lib/python3.9/site-packages/airflow/example_dags/tutorial_dag.py
[2025-12-11T04:47:21.644+0000] {processor.py:830} INFO - Processing file /home/airflow/.local/lib/python3.9/site-packages/airflow/example_dags/tutorial_dag.py for tasks to queue
[2025-12-11T04:47:21.648+0000] {logging_mixin.py:188} INFO - [2025-12-11T04:47:21.647+0000] {dagbag.py:545} INFO - Filling up the DagBag from /home/airflow/.local/lib/python3.9/site-packages/airflow/example_dags/tutorial_dag.py
[2025-12-11T04:47:21.679+0000] {processor.py:840} INFO - DAG(s) 'tutorial_dag' retrieved from /home/airflow/.local/lib/python3.9/site-packages/airflow/example_dags/tutorial_dag.py
[2025-12-11T04:47:21.780+0000] {logging_mixin.py:188} INFO - [2025-12-11T04:47:21.780+0000] {dag.py:3096} INFO - Sync 1 DAGs
[2025-12-11T04:47:21.824+0000] {logging_mixin.py:188} INFO - [2025-12-11T04:47:21.823+0000] {dag.py:3954} INFO - Setting next_dagrun for tutorial_dag to None, run_after=None
[2025-12-11T04:47:21.886+0000] {processor.py:183} INFO - Processing /home/airflow/.local/lib/python3.9/site-packages/airflow/example_dags/tutorial_dag.py took 0.264 seconds
[2025-12-11T04:47:52.187+0000] {processor.py:161} INFO - Started process (PID=3878) to work on /home/airflow/.local/lib/python3.9/site-packages/airflow/example_dags/tutorial_dag.py
[2025-12-11T04:47:52.190+0000] {processor.py:830} INFO - Processing file /home/airflow/.local/lib/python3.9/site-packages/airflow/example_dags/tutorial_dag.py for tasks to queue
[2025-12-11T04:47:52.200+0000] {logging_mixin.py:188} INFO - [2025-12-11T04:47:52.199+0000] {dagbag.py:545} INFO - Filling up the DagBag from /home/airflow/.local/lib/python3.9/site-packages/airflow/example_dags/tutorial_dag.py
[2025-12-11T04:47:52.232+0000] {processor.py:840} INFO - DAG(s) 'tutorial_dag' retrieved from /home/airflow/.local/lib/python3.9/site-packages/airflow/example_dags/tutorial_dag.py
[2025-12-11T04:47:52.306+0000] {logging_mixin.py:188} INFO - [2025-12-11T04:47:52.305+0000] {dag.py:3096} INFO - Sync 1 DAGs
[2025-12-11T04:47:52.340+0000] {logging_mixin.py:188} INFO - [2025-12-11T04:47:52.340+0000] {dag.py:3954} INFO - Setting next_dagrun for tutorial_dag to None, run_after=None
[2025-12-11T04:47:52.400+0000] {processor.py:183} INFO - Processing /home/airflow/.local/lib/python3.9/site-packages/airflow/example_dags/tutorial_dag.py took 0.235 seconds
[2025-12-11T04:48:22.804+0000] {processor.py:161} INFO - Started process (PID=3945) to work on /home/airflow/.local/lib/python3.9/site-packages/airflow/example_dags/tutorial_dag.py
[2025-12-11T04:48:22.807+0000] {processor.py:830} INFO - Processing file /home/airflow/.local/lib/python3.9/site-packages/airflow/example_dags/tutorial_dag.py for tasks to queue
[2025-12-11T04:48:22.815+0000] {logging_mixin.py:188} INFO - [2025-12-11T04:48:22.814+0000] {dagbag.py:545} INFO - Filling up the DagBag from /home/airflow/.local/lib/python3.9/site-packages/airflow/example_dags/tutorial_dag.py
[2025-12-11T04:48:22.828+0000] {processor.py:840} INFO - DAG(s) 'tutorial_dag' retrieved from /home/airflow/.local/lib/python3.9/site-packages/airflow/example_dags/tutorial_dag.py
[2025-12-11T04:48:22.903+0000] {logging_mixin.py:188} INFO - [2025-12-11T04:48:22.903+0000] {dag.py:3096} INFO - Sync 1 DAGs
[2025-12-11T04:48:22.942+0000] {logging_mixin.py:188} INFO - [2025-12-11T04:48:22.941+0000] {dag.py:3954} INFO - Setting next_dagrun for tutorial_dag to None, run_after=None
[2025-12-11T04:48:23.002+0000] {processor.py:183} INFO - Processing /home/airflow/.local/lib/python3.9/site-packages/airflow/example_dags/tutorial_dag.py took 0.220 seconds
[2025-12-11T04:48:53.385+0000] {processor.py:161} INFO - Started process (PID=4008) to work on /home/airflow/.local/lib/python3.9/site-packages/airflow/example_dags/tutorial_dag.py
[2025-12-11T04:48:53.390+0000] {processor.py:830} INFO - Processing file /home/airflow/.local/lib/python3.9/site-packages/airflow/example_dags/tutorial_dag.py for tasks to queue
[2025-12-11T04:48:53.400+0000] {logging_mixin.py:188} INFO - [2025-12-11T04:48:53.400+0000] {dagbag.py:545} INFO - Filling up the DagBag from /home/airflow/.local/lib/python3.9/site-packages/airflow/example_dags/tutorial_dag.py
[2025-12-11T04:48:53.420+0000] {processor.py:840} INFO - DAG(s) 'tutorial_dag' retrieved from /home/airflow/.local/lib/python3.9/site-packages/airflow/example_dags/tutorial_dag.py
[2025-12-11T04:48:53.519+0000] {logging_mixin.py:188} INFO - [2025-12-11T04:48:53.519+0000] {dag.py:3096} INFO - Sync 1 DAGs
[2025-12-11T04:48:53.562+0000] {logging_mixin.py:188} INFO - [2025-12-11T04:48:53.562+0000] {dag.py:3954} INFO - Setting next_dagrun for tutorial_dag to None, run_after=None
[2025-12-11T04:48:53.700+0000] {processor.py:183} INFO - Processing /home/airflow/.local/lib/python3.9/site-packages/airflow/example_dags/tutorial_dag.py took 0.336 seconds
[2025-12-11T04:49:23.862+0000] {processor.py:161} INFO - Started process (PID=4075) to work on /home/airflow/.local/lib/python3.9/site-packages/airflow/example_dags/tutorial_dag.py
[2025-12-11T04:49:23.863+0000] {processor.py:830} INFO - Processing file /home/airflow/.local/lib/python3.9/site-packages/airflow/example_dags/tutorial_dag.py for tasks to queue
[2025-12-11T04:49:23.866+0000] {logging_mixin.py:188} INFO - [2025-12-11T04:49:23.866+0000] {dagbag.py:545} INFO - Filling up the DagBag from /home/airflow/.local/lib/python3.9/site-packages/airflow/example_dags/tutorial_dag.py
[2025-12-11T04:49:23.875+0000] {processor.py:840} INFO - DAG(s) 'tutorial_dag' retrieved from /home/airflow/.local/lib/python3.9/site-packages/airflow/example_dags/tutorial_dag.py
[2025-12-11T04:49:23.912+0000] {logging_mixin.py:188} INFO - [2025-12-11T04:49:23.912+0000] {dag.py:3096} INFO - Sync 1 DAGs
[2025-12-11T04:49:23.933+0000] {logging_mixin.py:188} INFO - [2025-12-11T04:49:23.932+0000] {dag.py:3954} INFO - Setting next_dagrun for tutorial_dag to None, run_after=None
[2025-12-11T04:49:23.960+0000] {processor.py:183} INFO - Processing /home/airflow/.local/lib/python3.9/site-packages/airflow/example_dags/tutorial_dag.py took 0.109 seconds
[2025-12-11T04:49:54.056+0000] {processor.py:161} INFO - Started process (PID=4141) to work on /home/airflow/.local/lib/python3.9/site-packages/airflow/example_dags/tutorial_dag.py
[2025-12-11T04:49:54.057+0000] {processor.py:830} INFO - Processing file /home/airflow/.local/lib/python3.9/site-packages/airflow/example_dags/tutorial_dag.py for tasks to queue
[2025-12-11T04:49:54.060+0000] {logging_mixin.py:188} INFO - [2025-12-11T04:49:54.060+0000] {dagbag.py:545} INFO - Filling up the DagBag from /home/airflow/.local/lib/python3.9/site-packages/airflow/example_dags/tutorial_dag.py
[2025-12-11T04:49:54.069+0000] {processor.py:840} INFO - DAG(s) 'tutorial_dag' retrieved from /home/airflow/.local/lib/python3.9/site-packages/airflow/example_dags/tutorial_dag.py
[2025-12-11T04:49:54.106+0000] {logging_mixin.py:188} INFO - [2025-12-11T04:49:54.106+0000] {dag.py:3096} INFO - Sync 1 DAGs
[2025-12-11T04:49:54.126+0000] {logging_mixin.py:188} INFO - [2025-12-11T04:49:54.126+0000] {dag.py:3954} INFO - Setting next_dagrun for tutorial_dag to None, run_after=None
[2025-12-11T04:49:54.151+0000] {processor.py:183} INFO - Processing /home/airflow/.local/lib/python3.9/site-packages/airflow/example_dags/tutorial_dag.py took 0.106 seconds
[2025-12-11T04:50:24.534+0000] {processor.py:161} INFO - Started process (PID=4203) to work on /home/airflow/.local/lib/python3.9/site-packages/airflow/example_dags/tutorial_dag.py
[2025-12-11T04:50:24.536+0000] {processor.py:830} INFO - Processing file /home/airflow/.local/lib/python3.9/site-packages/airflow/example_dags/tutorial_dag.py for tasks to queue
[2025-12-11T04:50:24.538+0000] {logging_mixin.py:188} INFO - [2025-12-11T04:50:24.538+0000] {dagbag.py:545} INFO - Filling up the DagBag from /home/airflow/.local/lib/python3.9/site-packages/airflow/example_dags/tutorial_dag.py
[2025-12-11T04:50:24.547+0000] {processor.py:840} INFO - DAG(s) 'tutorial_dag' retrieved from /home/airflow/.local/lib/python3.9/site-packages/airflow/example_dags/tutorial_dag.py
[2025-12-11T04:50:24.591+0000] {logging_mixin.py:188} INFO - [2025-12-11T04:50:24.590+0000] {dag.py:3096} INFO - Sync 1 DAGs
[2025-12-11T04:50:24.623+0000] {logging_mixin.py:188} INFO - [2025-12-11T04:50:24.622+0000] {dag.py:3954} INFO - Setting next_dagrun for tutorial_dag to None, run_after=None
[2025-12-11T04:50:24.657+0000] {processor.py:183} INFO - Processing /home/airflow/.local/lib/python3.9/site-packages/airflow/example_dags/tutorial_dag.py took 0.133 seconds
[2025-12-11T04:50:54.841+0000] {processor.py:161} INFO - Started process (PID=4270) to work on /home/airflow/.local/lib/python3.9/site-packages/airflow/example_dags/tutorial_dag.py
[2025-12-11T04:50:54.843+0000] {processor.py:830} INFO - Processing file /home/airflow/.local/lib/python3.9/site-packages/airflow/example_dags/tutorial_dag.py for tasks to queue
[2025-12-11T04:50:54.845+0000] {logging_mixin.py:188} INFO - [2025-12-11T04:50:54.845+0000] {dagbag.py:545} INFO - Filling up the DagBag from /home/airflow/.local/lib/python3.9/site-packages/airflow/example_dags/tutorial_dag.py
[2025-12-11T04:50:54.854+0000] {processor.py:840} INFO - DAG(s) 'tutorial_dag' retrieved from /home/airflow/.local/lib/python3.9/site-packages/airflow/example_dags/tutorial_dag.py
[2025-12-11T04:50:54.900+0000] {logging_mixin.py:188} INFO - [2025-12-11T04:50:54.900+0000] {dag.py:3096} INFO - Sync 1 DAGs
[2025-12-11T04:50:54.925+0000] {logging_mixin.py:188} INFO - [2025-12-11T04:50:54.924+0000] {dag.py:3954} INFO - Setting next_dagrun for tutorial_dag to None, run_after=None
[2025-12-11T04:50:54.957+0000] {processor.py:183} INFO - Processing /home/airflow/.local/lib/python3.9/site-packages/airflow/example_dags/tutorial_dag.py took 0.129 seconds
[2025-12-11T04:51:25.669+0000] {processor.py:161} INFO - Started process (PID=4344) to work on /home/airflow/.local/lib/python3.9/site-packages/airflow/example_dags/tutorial_dag.py
[2025-12-11T04:51:25.679+0000] {processor.py:830} INFO - Processing file /home/airflow/.local/lib/python3.9/site-packages/airflow/example_dags/tutorial_dag.py for tasks to queue
[2025-12-11T04:51:25.682+0000] {logging_mixin.py:188} INFO - [2025-12-11T04:51:25.681+0000] {dagbag.py:545} INFO - Filling up the DagBag from /home/airflow/.local/lib/python3.9/site-packages/airflow/example_dags/tutorial_dag.py
[2025-12-11T04:51:25.698+0000] {processor.py:840} INFO - DAG(s) 'tutorial_dag' retrieved from /home/airflow/.local/lib/python3.9/site-packages/airflow/example_dags/tutorial_dag.py
[2025-12-11T04:51:25.760+0000] {logging_mixin.py:188} INFO - [2025-12-11T04:51:25.760+0000] {dag.py:3096} INFO - Sync 1 DAGs
[2025-12-11T04:51:25.799+0000] {logging_mixin.py:188} INFO - [2025-12-11T04:51:25.798+0000] {dag.py:3954} INFO - Setting next_dagrun for tutorial_dag to None, run_after=None
[2025-12-11T04:51:25.864+0000] {processor.py:183} INFO - Processing /home/airflow/.local/lib/python3.9/site-packages/airflow/example_dags/tutorial_dag.py took 0.207 seconds
[2025-12-11T04:51:56.804+0000] {processor.py:161} INFO - Started process (PID=4411) to work on /home/airflow/.local/lib/python3.9/site-packages/airflow/example_dags/tutorial_dag.py
[2025-12-11T04:51:56.806+0000] {processor.py:830} INFO - Processing file /home/airflow/.local/lib/python3.9/site-packages/airflow/example_dags/tutorial_dag.py for tasks to queue
[2025-12-11T04:51:56.809+0000] {logging_mixin.py:188} INFO - [2025-12-11T04:51:56.809+0000] {dagbag.py:545} INFO - Filling up the DagBag from /home/airflow/.local/lib/python3.9/site-packages/airflow/example_dags/tutorial_dag.py
[2025-12-11T04:51:56.823+0000] {processor.py:840} INFO - DAG(s) 'tutorial_dag' retrieved from /home/airflow/.local/lib/python3.9/site-packages/airflow/example_dags/tutorial_dag.py
[2025-12-11T04:51:56.885+0000] {logging_mixin.py:188} INFO - [2025-12-11T04:51:56.885+0000] {dag.py:3096} INFO - Sync 1 DAGs
[2025-12-11T04:51:56.918+0000] {logging_mixin.py:188} INFO - [2025-12-11T04:51:56.918+0000] {dag.py:3954} INFO - Setting next_dagrun for tutorial_dag to None, run_after=None
[2025-12-11T04:51:56.960+0000] {processor.py:183} INFO - Processing /home/airflow/.local/lib/python3.9/site-packages/airflow/example_dags/tutorial_dag.py took 0.173 seconds
[2025-12-11T04:52:27.421+0000] {processor.py:161} INFO - Started process (PID=4471) to work on /home/airflow/.local/lib/python3.9/site-packages/airflow/example_dags/tutorial_dag.py
[2025-12-11T04:52:27.479+0000] {processor.py:830} INFO - Processing file /home/airflow/.local/lib/python3.9/site-packages/airflow/example_dags/tutorial_dag.py for tasks to queue
[2025-12-11T04:52:27.482+0000] {logging_mixin.py:188} INFO - [2025-12-11T04:52:27.482+0000] {dagbag.py:545} INFO - Filling up the DagBag from /home/airflow/.local/lib/python3.9/site-packages/airflow/example_dags/tutorial_dag.py
[2025-12-11T04:52:27.490+0000] {processor.py:840} INFO - DAG(s) 'tutorial_dag' retrieved from /home/airflow/.local/lib/python3.9/site-packages/airflow/example_dags/tutorial_dag.py
[2025-12-11T04:52:27.545+0000] {logging_mixin.py:188} INFO - [2025-12-11T04:52:27.545+0000] {dag.py:3096} INFO - Sync 1 DAGs
[2025-12-11T04:52:27.579+0000] {logging_mixin.py:188} INFO - [2025-12-11T04:52:27.578+0000] {dag.py:3954} INFO - Setting next_dagrun for tutorial_dag to None, run_after=None
[2025-12-11T04:52:27.623+0000] {processor.py:183} INFO - Processing /home/airflow/.local/lib/python3.9/site-packages/airflow/example_dags/tutorial_dag.py took 0.218 seconds
[2025-12-11T04:52:57.807+0000] {processor.py:161} INFO - Started process (PID=4538) to work on /home/airflow/.local/lib/python3.9/site-packages/airflow/example_dags/tutorial_dag.py
[2025-12-11T04:52:57.808+0000] {processor.py:830} INFO - Processing file /home/airflow/.local/lib/python3.9/site-packages/airflow/example_dags/tutorial_dag.py for tasks to queue
[2025-12-11T04:52:57.811+0000] {logging_mixin.py:188} INFO - [2025-12-11T04:52:57.810+0000] {dagbag.py:545} INFO - Filling up the DagBag from /home/airflow/.local/lib/python3.9/site-packages/airflow/example_dags/tutorial_dag.py
[2025-12-11T04:52:57.820+0000] {processor.py:840} INFO - DAG(s) 'tutorial_dag' retrieved from /home/airflow/.local/lib/python3.9/site-packages/airflow/example_dags/tutorial_dag.py
[2025-12-11T04:52:57.858+0000] {logging_mixin.py:188} INFO - [2025-12-11T04:52:57.857+0000] {dag.py:3096} INFO - Sync 1 DAGs
[2025-12-11T04:52:57.878+0000] {logging_mixin.py:188} INFO - [2025-12-11T04:52:57.878+0000] {dag.py:3954} INFO - Setting next_dagrun for tutorial_dag to None, run_after=None
[2025-12-11T04:52:57.910+0000] {processor.py:183} INFO - Processing /home/airflow/.local/lib/python3.9/site-packages/airflow/example_dags/tutorial_dag.py took 0.113 seconds
