[2025-12-11T04:18:30.918+0000] {processor.py:161} INFO - Started process (PID=88) to work on /home/airflow/.local/lib/python3.9/site-packages/airflow/example_dags/tutorial_taskflow_api.py
[2025-12-11T04:18:30.919+0000] {processor.py:830} INFO - Processing file /home/airflow/.local/lib/python3.9/site-packages/airflow/example_dags/tutorial_taskflow_api.py for tasks to queue
[2025-12-11T04:18:30.937+0000] {logging_mixin.py:188} INFO - [2025-12-11T04:18:30.922+0000] {dagbag.py:545} INFO - Filling up the DagBag from /home/airflow/.local/lib/python3.9/site-packages/airflow/example_dags/tutorial_taskflow_api.py
[2025-12-11T04:18:31.061+0000] {processor.py:840} INFO - DAG(s) 'tutorial_taskflow_api' retrieved from /home/airflow/.local/lib/python3.9/site-packages/airflow/example_dags/tutorial_taskflow_api.py
[2025-12-11T04:18:34.001+0000] {logging_mixin.py:188} INFO - [2025-12-11T04:18:34.000+0000] {dag.py:3096} INFO - Sync 1 DAGs
[2025-12-11T04:18:34.140+0000] {logging_mixin.py:188} INFO - [2025-12-11T04:18:34.139+0000] {dag.py:3954} INFO - Setting next_dagrun for tutorial_taskflow_api to None, run_after=None
[2025-12-11T04:18:34.379+0000] {processor.py:183} INFO - Processing /home/airflow/.local/lib/python3.9/site-packages/airflow/example_dags/tutorial_taskflow_api.py took 3.502 seconds
[2025-12-11T04:19:13.680+0000] {processor.py:161} INFO - Started process (PID=154) to work on /home/airflow/.local/lib/python3.9/site-packages/airflow/example_dags/tutorial_taskflow_api.py
[2025-12-11T04:19:13.770+0000] {processor.py:830} INFO - Processing file /home/airflow/.local/lib/python3.9/site-packages/airflow/example_dags/tutorial_taskflow_api.py for tasks to queue
[2025-12-11T04:19:13.780+0000] {logging_mixin.py:188} INFO - [2025-12-11T04:19:13.779+0000] {dagbag.py:545} INFO - Filling up the DagBag from /home/airflow/.local/lib/python3.9/site-packages/airflow/example_dags/tutorial_taskflow_api.py
[2025-12-11T04:19:13.793+0000] {processor.py:840} INFO - DAG(s) 'tutorial_taskflow_api' retrieved from /home/airflow/.local/lib/python3.9/site-packages/airflow/example_dags/tutorial_taskflow_api.py
[2025-12-11T04:19:13.853+0000] {logging_mixin.py:188} INFO - [2025-12-11T04:19:13.852+0000] {dag.py:3096} INFO - Sync 1 DAGs
[2025-12-11T04:19:13.875+0000] {logging_mixin.py:188} INFO - [2025-12-11T04:19:13.875+0000] {dag.py:3954} INFO - Setting next_dagrun for tutorial_taskflow_api to None, run_after=None
[2025-12-11T04:19:13.940+0000] {processor.py:183} INFO - Processing /home/airflow/.local/lib/python3.9/site-packages/airflow/example_dags/tutorial_taskflow_api.py took 0.274 seconds
[2025-12-11T04:19:44.197+0000] {processor.py:161} INFO - Started process (PID=218) to work on /home/airflow/.local/lib/python3.9/site-packages/airflow/example_dags/tutorial_taskflow_api.py
[2025-12-11T04:19:44.205+0000] {processor.py:830} INFO - Processing file /home/airflow/.local/lib/python3.9/site-packages/airflow/example_dags/tutorial_taskflow_api.py for tasks to queue
[2025-12-11T04:19:44.218+0000] {logging_mixin.py:188} INFO - [2025-12-11T04:19:44.218+0000] {dagbag.py:545} INFO - Filling up the DagBag from /home/airflow/.local/lib/python3.9/site-packages/airflow/example_dags/tutorial_taskflow_api.py
[2025-12-11T04:19:44.237+0000] {processor.py:840} INFO - DAG(s) 'tutorial_taskflow_api' retrieved from /home/airflow/.local/lib/python3.9/site-packages/airflow/example_dags/tutorial_taskflow_api.py
[2025-12-11T04:19:44.323+0000] {logging_mixin.py:188} INFO - [2025-12-11T04:19:44.323+0000] {dag.py:3096} INFO - Sync 1 DAGs
[2025-12-11T04:19:44.364+0000] {logging_mixin.py:188} INFO - [2025-12-11T04:19:44.363+0000] {dag.py:3954} INFO - Setting next_dagrun for tutorial_taskflow_api to None, run_after=None
[2025-12-11T04:19:44.461+0000] {processor.py:183} INFO - Processing /home/airflow/.local/lib/python3.9/site-packages/airflow/example_dags/tutorial_taskflow_api.py took 0.299 seconds
[2025-12-11T04:20:14.721+0000] {processor.py:161} INFO - Started process (PID=277) to work on /home/airflow/.local/lib/python3.9/site-packages/airflow/example_dags/tutorial_taskflow_api.py
[2025-12-11T04:20:14.722+0000] {processor.py:830} INFO - Processing file /home/airflow/.local/lib/python3.9/site-packages/airflow/example_dags/tutorial_taskflow_api.py for tasks to queue
[2025-12-11T04:20:14.725+0000] {logging_mixin.py:188} INFO - [2025-12-11T04:20:14.724+0000] {dagbag.py:545} INFO - Filling up the DagBag from /home/airflow/.local/lib/python3.9/site-packages/airflow/example_dags/tutorial_taskflow_api.py
[2025-12-11T04:20:14.737+0000] {processor.py:840} INFO - DAG(s) 'tutorial_taskflow_api' retrieved from /home/airflow/.local/lib/python3.9/site-packages/airflow/example_dags/tutorial_taskflow_api.py
[2025-12-11T04:20:14.773+0000] {logging_mixin.py:188} INFO - [2025-12-11T04:20:14.772+0000] {dag.py:3096} INFO - Sync 1 DAGs
[2025-12-11T04:20:14.793+0000] {logging_mixin.py:188} INFO - [2025-12-11T04:20:14.793+0000] {dag.py:3954} INFO - Setting next_dagrun for tutorial_taskflow_api to None, run_after=None
[2025-12-11T04:20:14.820+0000] {processor.py:183} INFO - Processing /home/airflow/.local/lib/python3.9/site-packages/airflow/example_dags/tutorial_taskflow_api.py took 0.108 seconds
[2025-12-11T04:20:45.042+0000] {processor.py:161} INFO - Started process (PID=343) to work on /home/airflow/.local/lib/python3.9/site-packages/airflow/example_dags/tutorial_taskflow_api.py
[2025-12-11T04:20:45.044+0000] {processor.py:830} INFO - Processing file /home/airflow/.local/lib/python3.9/site-packages/airflow/example_dags/tutorial_taskflow_api.py for tasks to queue
[2025-12-11T04:20:45.047+0000] {logging_mixin.py:188} INFO - [2025-12-11T04:20:45.046+0000] {dagbag.py:545} INFO - Filling up the DagBag from /home/airflow/.local/lib/python3.9/site-packages/airflow/example_dags/tutorial_taskflow_api.py
[2025-12-11T04:20:45.058+0000] {processor.py:840} INFO - DAG(s) 'tutorial_taskflow_api' retrieved from /home/airflow/.local/lib/python3.9/site-packages/airflow/example_dags/tutorial_taskflow_api.py
[2025-12-11T04:20:45.095+0000] {logging_mixin.py:188} INFO - [2025-12-11T04:20:45.095+0000] {dag.py:3096} INFO - Sync 1 DAGs
[2025-12-11T04:20:45.118+0000] {logging_mixin.py:188} INFO - [2025-12-11T04:20:45.118+0000] {dag.py:3954} INFO - Setting next_dagrun for tutorial_taskflow_api to None, run_after=None
[2025-12-11T04:20:45.147+0000] {processor.py:183} INFO - Processing /home/airflow/.local/lib/python3.9/site-packages/airflow/example_dags/tutorial_taskflow_api.py took 0.119 seconds
[2025-12-11T04:21:15.911+0000] {processor.py:161} INFO - Started process (PID=409) to work on /home/airflow/.local/lib/python3.9/site-packages/airflow/example_dags/tutorial_taskflow_api.py
[2025-12-11T04:21:15.913+0000] {processor.py:830} INFO - Processing file /home/airflow/.local/lib/python3.9/site-packages/airflow/example_dags/tutorial_taskflow_api.py for tasks to queue
[2025-12-11T04:21:15.918+0000] {logging_mixin.py:188} INFO - [2025-12-11T04:21:15.917+0000] {dagbag.py:545} INFO - Filling up the DagBag from /home/airflow/.local/lib/python3.9/site-packages/airflow/example_dags/tutorial_taskflow_api.py
[2025-12-11T04:21:15.927+0000] {processor.py:840} INFO - DAG(s) 'tutorial_taskflow_api' retrieved from /home/airflow/.local/lib/python3.9/site-packages/airflow/example_dags/tutorial_taskflow_api.py
[2025-12-11T04:21:15.969+0000] {logging_mixin.py:188} INFO - [2025-12-11T04:21:15.969+0000] {dag.py:3096} INFO - Sync 1 DAGs
[2025-12-11T04:21:15.992+0000] {logging_mixin.py:188} INFO - [2025-12-11T04:21:15.991+0000] {dag.py:3954} INFO - Setting next_dagrun for tutorial_taskflow_api to None, run_after=None
[2025-12-11T04:21:16.041+0000] {processor.py:183} INFO - Processing /home/airflow/.local/lib/python3.9/site-packages/airflow/example_dags/tutorial_taskflow_api.py took 0.139 seconds
[2025-12-11T04:21:46.635+0000] {processor.py:161} INFO - Started process (PID=474) to work on /home/airflow/.local/lib/python3.9/site-packages/airflow/example_dags/tutorial_taskflow_api.py
[2025-12-11T04:21:46.638+0000] {processor.py:830} INFO - Processing file /home/airflow/.local/lib/python3.9/site-packages/airflow/example_dags/tutorial_taskflow_api.py for tasks to queue
[2025-12-11T04:21:46.641+0000] {logging_mixin.py:188} INFO - [2025-12-11T04:21:46.640+0000] {dagbag.py:545} INFO - Filling up the DagBag from /home/airflow/.local/lib/python3.9/site-packages/airflow/example_dags/tutorial_taskflow_api.py
[2025-12-11T04:21:46.654+0000] {processor.py:840} INFO - DAG(s) 'tutorial_taskflow_api' retrieved from /home/airflow/.local/lib/python3.9/site-packages/airflow/example_dags/tutorial_taskflow_api.py
[2025-12-11T04:21:46.706+0000] {logging_mixin.py:188} INFO - [2025-12-11T04:21:46.706+0000] {dag.py:3096} INFO - Sync 1 DAGs
[2025-12-11T04:21:46.728+0000] {logging_mixin.py:188} INFO - [2025-12-11T04:21:46.728+0000] {dag.py:3954} INFO - Setting next_dagrun for tutorial_taskflow_api to None, run_after=None
[2025-12-11T04:21:46.762+0000] {processor.py:183} INFO - Processing /home/airflow/.local/lib/python3.9/site-packages/airflow/example_dags/tutorial_taskflow_api.py took 0.136 seconds
[2025-12-11T04:22:17.143+0000] {processor.py:161} INFO - Started process (PID=540) to work on /home/airflow/.local/lib/python3.9/site-packages/airflow/example_dags/tutorial_taskflow_api.py
[2025-12-11T04:22:17.145+0000] {processor.py:830} INFO - Processing file /home/airflow/.local/lib/python3.9/site-packages/airflow/example_dags/tutorial_taskflow_api.py for tasks to queue
[2025-12-11T04:22:17.147+0000] {logging_mixin.py:188} INFO - [2025-12-11T04:22:17.147+0000] {dagbag.py:545} INFO - Filling up the DagBag from /home/airflow/.local/lib/python3.9/site-packages/airflow/example_dags/tutorial_taskflow_api.py
[2025-12-11T04:22:17.157+0000] {processor.py:840} INFO - DAG(s) 'tutorial_taskflow_api' retrieved from /home/airflow/.local/lib/python3.9/site-packages/airflow/example_dags/tutorial_taskflow_api.py
[2025-12-11T04:22:17.191+0000] {logging_mixin.py:188} INFO - [2025-12-11T04:22:17.191+0000] {dag.py:3096} INFO - Sync 1 DAGs
[2025-12-11T04:22:17.212+0000] {logging_mixin.py:188} INFO - [2025-12-11T04:22:17.212+0000] {dag.py:3954} INFO - Setting next_dagrun for tutorial_taskflow_api to None, run_after=None
[2025-12-11T04:22:17.240+0000] {processor.py:183} INFO - Processing /home/airflow/.local/lib/python3.9/site-packages/airflow/example_dags/tutorial_taskflow_api.py took 0.108 seconds
[2025-12-11T04:22:47.980+0000] {processor.py:161} INFO - Started process (PID=606) to work on /home/airflow/.local/lib/python3.9/site-packages/airflow/example_dags/tutorial_taskflow_api.py
[2025-12-11T04:22:47.982+0000] {processor.py:830} INFO - Processing file /home/airflow/.local/lib/python3.9/site-packages/airflow/example_dags/tutorial_taskflow_api.py for tasks to queue
[2025-12-11T04:22:47.985+0000] {logging_mixin.py:188} INFO - [2025-12-11T04:22:47.984+0000] {dagbag.py:545} INFO - Filling up the DagBag from /home/airflow/.local/lib/python3.9/site-packages/airflow/example_dags/tutorial_taskflow_api.py
[2025-12-11T04:22:48.005+0000] {processor.py:840} INFO - DAG(s) 'tutorial_taskflow_api' retrieved from /home/airflow/.local/lib/python3.9/site-packages/airflow/example_dags/tutorial_taskflow_api.py
[2025-12-11T04:22:48.066+0000] {logging_mixin.py:188} INFO - [2025-12-11T04:22:48.065+0000] {dag.py:3096} INFO - Sync 1 DAGs
[2025-12-11T04:22:48.102+0000] {logging_mixin.py:188} INFO - [2025-12-11T04:22:48.101+0000] {dag.py:3954} INFO - Setting next_dagrun for tutorial_taskflow_api to None, run_after=None
[2025-12-11T04:22:48.147+0000] {processor.py:183} INFO - Processing /home/airflow/.local/lib/python3.9/site-packages/airflow/example_dags/tutorial_taskflow_api.py took 0.183 seconds
[2025-12-11T04:23:18.444+0000] {processor.py:161} INFO - Started process (PID=670) to work on /home/airflow/.local/lib/python3.9/site-packages/airflow/example_dags/tutorial_taskflow_api.py
[2025-12-11T04:23:18.453+0000] {processor.py:830} INFO - Processing file /home/airflow/.local/lib/python3.9/site-packages/airflow/example_dags/tutorial_taskflow_api.py for tasks to queue
[2025-12-11T04:23:18.458+0000] {logging_mixin.py:188} INFO - [2025-12-11T04:23:18.458+0000] {dagbag.py:545} INFO - Filling up the DagBag from /home/airflow/.local/lib/python3.9/site-packages/airflow/example_dags/tutorial_taskflow_api.py
[2025-12-11T04:23:18.468+0000] {processor.py:840} INFO - DAG(s) 'tutorial_taskflow_api' retrieved from /home/airflow/.local/lib/python3.9/site-packages/airflow/example_dags/tutorial_taskflow_api.py
[2025-12-11T04:23:18.542+0000] {logging_mixin.py:188} INFO - [2025-12-11T04:23:18.541+0000] {dag.py:3096} INFO - Sync 1 DAGs
[2025-12-11T04:23:18.584+0000] {logging_mixin.py:188} INFO - [2025-12-11T04:23:18.584+0000] {dag.py:3954} INFO - Setting next_dagrun for tutorial_taskflow_api to None, run_after=None
[2025-12-11T04:23:18.665+0000] {processor.py:183} INFO - Processing /home/airflow/.local/lib/python3.9/site-packages/airflow/example_dags/tutorial_taskflow_api.py took 0.234 seconds
[2025-12-11T04:23:48.845+0000] {processor.py:161} INFO - Started process (PID=733) to work on /home/airflow/.local/lib/python3.9/site-packages/airflow/example_dags/tutorial_taskflow_api.py
[2025-12-11T04:23:48.853+0000] {processor.py:830} INFO - Processing file /home/airflow/.local/lib/python3.9/site-packages/airflow/example_dags/tutorial_taskflow_api.py for tasks to queue
[2025-12-11T04:23:48.856+0000] {logging_mixin.py:188} INFO - [2025-12-11T04:23:48.856+0000] {dagbag.py:545} INFO - Filling up the DagBag from /home/airflow/.local/lib/python3.9/site-packages/airflow/example_dags/tutorial_taskflow_api.py
[2025-12-11T04:23:48.867+0000] {processor.py:840} INFO - DAG(s) 'tutorial_taskflow_api' retrieved from /home/airflow/.local/lib/python3.9/site-packages/airflow/example_dags/tutorial_taskflow_api.py
[2025-12-11T04:23:48.902+0000] {logging_mixin.py:188} INFO - [2025-12-11T04:23:48.901+0000] {dag.py:3096} INFO - Sync 1 DAGs
[2025-12-11T04:23:48.922+0000] {logging_mixin.py:188} INFO - [2025-12-11T04:23:48.922+0000] {dag.py:3954} INFO - Setting next_dagrun for tutorial_taskflow_api to None, run_after=None
[2025-12-11T04:23:48.949+0000] {processor.py:183} INFO - Processing /home/airflow/.local/lib/python3.9/site-packages/airflow/example_dags/tutorial_taskflow_api.py took 0.114 seconds
[2025-12-11T04:24:19.246+0000] {processor.py:161} INFO - Started process (PID=806) to work on /home/airflow/.local/lib/python3.9/site-packages/airflow/example_dags/tutorial_taskflow_api.py
[2025-12-11T04:24:19.247+0000] {processor.py:830} INFO - Processing file /home/airflow/.local/lib/python3.9/site-packages/airflow/example_dags/tutorial_taskflow_api.py for tasks to queue
[2025-12-11T04:24:19.250+0000] {logging_mixin.py:188} INFO - [2025-12-11T04:24:19.249+0000] {dagbag.py:545} INFO - Filling up the DagBag from /home/airflow/.local/lib/python3.9/site-packages/airflow/example_dags/tutorial_taskflow_api.py
[2025-12-11T04:24:19.266+0000] {processor.py:840} INFO - DAG(s) 'tutorial_taskflow_api' retrieved from /home/airflow/.local/lib/python3.9/site-packages/airflow/example_dags/tutorial_taskflow_api.py
[2025-12-11T04:24:19.328+0000] {logging_mixin.py:188} INFO - [2025-12-11T04:24:19.327+0000] {dag.py:3096} INFO - Sync 1 DAGs
[2025-12-11T04:24:19.363+0000] {logging_mixin.py:188} INFO - [2025-12-11T04:24:19.363+0000] {dag.py:3954} INFO - Setting next_dagrun for tutorial_taskflow_api to None, run_after=None
[2025-12-11T04:24:19.424+0000] {processor.py:183} INFO - Processing /home/airflow/.local/lib/python3.9/site-packages/airflow/example_dags/tutorial_taskflow_api.py took 0.187 seconds
[2025-12-11T04:24:50.158+0000] {processor.py:161} INFO - Started process (PID=871) to work on /home/airflow/.local/lib/python3.9/site-packages/airflow/example_dags/tutorial_taskflow_api.py
[2025-12-11T04:24:50.353+0000] {processor.py:830} INFO - Processing file /home/airflow/.local/lib/python3.9/site-packages/airflow/example_dags/tutorial_taskflow_api.py for tasks to queue
[2025-12-11T04:24:50.359+0000] {logging_mixin.py:188} INFO - [2025-12-11T04:24:50.358+0000] {dagbag.py:545} INFO - Filling up the DagBag from /home/airflow/.local/lib/python3.9/site-packages/airflow/example_dags/tutorial_taskflow_api.py
[2025-12-11T04:24:50.379+0000] {processor.py:840} INFO - DAG(s) 'tutorial_taskflow_api' retrieved from /home/airflow/.local/lib/python3.9/site-packages/airflow/example_dags/tutorial_taskflow_api.py
[2025-12-11T04:24:50.539+0000] {logging_mixin.py:188} INFO - [2025-12-11T04:24:50.539+0000] {dag.py:3096} INFO - Sync 1 DAGs
[2025-12-11T04:24:50.581+0000] {logging_mixin.py:188} INFO - [2025-12-11T04:24:50.581+0000] {dag.py:3954} INFO - Setting next_dagrun for tutorial_taskflow_api to None, run_after=None
[2025-12-11T04:24:50.657+0000] {processor.py:183} INFO - Processing /home/airflow/.local/lib/python3.9/site-packages/airflow/example_dags/tutorial_taskflow_api.py took 0.520 seconds
[2025-12-11T04:25:21.384+0000] {processor.py:161} INFO - Started process (PID=936) to work on /home/airflow/.local/lib/python3.9/site-packages/airflow/example_dags/tutorial_taskflow_api.py
[2025-12-11T04:25:21.403+0000] {processor.py:830} INFO - Processing file /home/airflow/.local/lib/python3.9/site-packages/airflow/example_dags/tutorial_taskflow_api.py for tasks to queue
[2025-12-11T04:25:21.419+0000] {logging_mixin.py:188} INFO - [2025-12-11T04:25:21.418+0000] {dagbag.py:545} INFO - Filling up the DagBag from /home/airflow/.local/lib/python3.9/site-packages/airflow/example_dags/tutorial_taskflow_api.py
[2025-12-11T04:25:21.479+0000] {processor.py:840} INFO - DAG(s) 'tutorial_taskflow_api' retrieved from /home/airflow/.local/lib/python3.9/site-packages/airflow/example_dags/tutorial_taskflow_api.py
[2025-12-11T04:25:21.563+0000] {logging_mixin.py:188} INFO - [2025-12-11T04:25:21.563+0000] {dag.py:3096} INFO - Sync 1 DAGs
[2025-12-11T04:25:21.604+0000] {logging_mixin.py:188} INFO - [2025-12-11T04:25:21.603+0000] {dag.py:3954} INFO - Setting next_dagrun for tutorial_taskflow_api to None, run_after=None
[2025-12-11T04:25:21.677+0000] {processor.py:183} INFO - Processing /home/airflow/.local/lib/python3.9/site-packages/airflow/example_dags/tutorial_taskflow_api.py took 0.315 seconds
[2025-12-11T04:25:51.977+0000] {processor.py:161} INFO - Started process (PID=1002) to work on /home/airflow/.local/lib/python3.9/site-packages/airflow/example_dags/tutorial_taskflow_api.py
[2025-12-11T04:25:52.154+0000] {processor.py:830} INFO - Processing file /home/airflow/.local/lib/python3.9/site-packages/airflow/example_dags/tutorial_taskflow_api.py for tasks to queue
[2025-12-11T04:25:52.159+0000] {logging_mixin.py:188} INFO - [2025-12-11T04:25:52.158+0000] {dagbag.py:545} INFO - Filling up the DagBag from /home/airflow/.local/lib/python3.9/site-packages/airflow/example_dags/tutorial_taskflow_api.py
[2025-12-11T04:25:52.181+0000] {processor.py:840} INFO - DAG(s) 'tutorial_taskflow_api' retrieved from /home/airflow/.local/lib/python3.9/site-packages/airflow/example_dags/tutorial_taskflow_api.py
[2025-12-11T04:25:52.268+0000] {logging_mixin.py:188} INFO - [2025-12-11T04:25:52.268+0000] {dag.py:3096} INFO - Sync 1 DAGs
[2025-12-11T04:25:52.379+0000] {logging_mixin.py:188} INFO - [2025-12-11T04:25:52.379+0000] {dag.py:3954} INFO - Setting next_dagrun for tutorial_taskflow_api to None, run_after=None
[2025-12-11T04:25:52.428+0000] {processor.py:183} INFO - Processing /home/airflow/.local/lib/python3.9/site-packages/airflow/example_dags/tutorial_taskflow_api.py took 0.470 seconds
[2025-12-11T04:26:22.663+0000] {processor.py:161} INFO - Started process (PID=1068) to work on /home/airflow/.local/lib/python3.9/site-packages/airflow/example_dags/tutorial_taskflow_api.py
[2025-12-11T04:26:22.792+0000] {processor.py:830} INFO - Processing file /home/airflow/.local/lib/python3.9/site-packages/airflow/example_dags/tutorial_taskflow_api.py for tasks to queue
[2025-12-11T04:26:22.805+0000] {logging_mixin.py:188} INFO - [2025-12-11T04:26:22.805+0000] {dagbag.py:545} INFO - Filling up the DagBag from /home/airflow/.local/lib/python3.9/site-packages/airflow/example_dags/tutorial_taskflow_api.py
[2025-12-11T04:26:22.820+0000] {processor.py:840} INFO - DAG(s) 'tutorial_taskflow_api' retrieved from /home/airflow/.local/lib/python3.9/site-packages/airflow/example_dags/tutorial_taskflow_api.py
[2025-12-11T04:26:22.901+0000] {logging_mixin.py:188} INFO - [2025-12-11T04:26:22.900+0000] {dag.py:3096} INFO - Sync 1 DAGs
[2025-12-11T04:26:22.943+0000] {logging_mixin.py:188} INFO - [2025-12-11T04:26:22.942+0000] {dag.py:3954} INFO - Setting next_dagrun for tutorial_taskflow_api to None, run_after=None
[2025-12-11T04:26:23.063+0000] {processor.py:183} INFO - Processing /home/airflow/.local/lib/python3.9/site-packages/airflow/example_dags/tutorial_taskflow_api.py took 0.417 seconds
[2025-12-11T04:26:53.296+0000] {processor.py:161} INFO - Started process (PID=1134) to work on /home/airflow/.local/lib/python3.9/site-packages/airflow/example_dags/tutorial_taskflow_api.py
[2025-12-11T04:26:53.433+0000] {processor.py:830} INFO - Processing file /home/airflow/.local/lib/python3.9/site-packages/airflow/example_dags/tutorial_taskflow_api.py for tasks to queue
[2025-12-11T04:26:53.436+0000] {logging_mixin.py:188} INFO - [2025-12-11T04:26:53.436+0000] {dagbag.py:545} INFO - Filling up the DagBag from /home/airflow/.local/lib/python3.9/site-packages/airflow/example_dags/tutorial_taskflow_api.py
[2025-12-11T04:26:53.446+0000] {processor.py:840} INFO - DAG(s) 'tutorial_taskflow_api' retrieved from /home/airflow/.local/lib/python3.9/site-packages/airflow/example_dags/tutorial_taskflow_api.py
[2025-12-11T04:26:53.488+0000] {logging_mixin.py:188} INFO - [2025-12-11T04:26:53.488+0000] {dag.py:3096} INFO - Sync 1 DAGs
[2025-12-11T04:26:53.509+0000] {logging_mixin.py:188} INFO - [2025-12-11T04:26:53.508+0000] {dag.py:3954} INFO - Setting next_dagrun for tutorial_taskflow_api to None, run_after=None
[2025-12-11T04:26:53.656+0000] {processor.py:183} INFO - Processing /home/airflow/.local/lib/python3.9/site-packages/airflow/example_dags/tutorial_taskflow_api.py took 0.372 seconds
[2025-12-11T04:27:23.802+0000] {processor.py:161} INFO - Started process (PID=1200) to work on /home/airflow/.local/lib/python3.9/site-packages/airflow/example_dags/tutorial_taskflow_api.py
[2025-12-11T04:27:23.836+0000] {processor.py:830} INFO - Processing file /home/airflow/.local/lib/python3.9/site-packages/airflow/example_dags/tutorial_taskflow_api.py for tasks to queue
[2025-12-11T04:27:23.840+0000] {logging_mixin.py:188} INFO - [2025-12-11T04:27:23.840+0000] {dagbag.py:545} INFO - Filling up the DagBag from /home/airflow/.local/lib/python3.9/site-packages/airflow/example_dags/tutorial_taskflow_api.py
[2025-12-11T04:27:23.852+0000] {processor.py:840} INFO - DAG(s) 'tutorial_taskflow_api' retrieved from /home/airflow/.local/lib/python3.9/site-packages/airflow/example_dags/tutorial_taskflow_api.py
[2025-12-11T04:27:23.909+0000] {logging_mixin.py:188} INFO - [2025-12-11T04:27:23.909+0000] {dag.py:3096} INFO - Sync 1 DAGs
[2025-12-11T04:27:23.937+0000] {logging_mixin.py:188} INFO - [2025-12-11T04:27:23.936+0000] {dag.py:3954} INFO - Setting next_dagrun for tutorial_taskflow_api to None, run_after=None
[2025-12-11T04:27:23.977+0000] {processor.py:183} INFO - Processing /home/airflow/.local/lib/python3.9/site-packages/airflow/example_dags/tutorial_taskflow_api.py took 0.185 seconds
[2025-12-11T04:27:54.295+0000] {processor.py:161} INFO - Started process (PID=1266) to work on /home/airflow/.local/lib/python3.9/site-packages/airflow/example_dags/tutorial_taskflow_api.py
[2025-12-11T04:27:54.297+0000] {processor.py:830} INFO - Processing file /home/airflow/.local/lib/python3.9/site-packages/airflow/example_dags/tutorial_taskflow_api.py for tasks to queue
[2025-12-11T04:27:54.300+0000] {logging_mixin.py:188} INFO - [2025-12-11T04:27:54.300+0000] {dagbag.py:545} INFO - Filling up the DagBag from /home/airflow/.local/lib/python3.9/site-packages/airflow/example_dags/tutorial_taskflow_api.py
[2025-12-11T04:27:54.312+0000] {processor.py:840} INFO - DAG(s) 'tutorial_taskflow_api' retrieved from /home/airflow/.local/lib/python3.9/site-packages/airflow/example_dags/tutorial_taskflow_api.py
[2025-12-11T04:27:54.364+0000] {logging_mixin.py:188} INFO - [2025-12-11T04:27:54.364+0000] {dag.py:3096} INFO - Sync 1 DAGs
[2025-12-11T04:27:54.404+0000] {logging_mixin.py:188} INFO - [2025-12-11T04:27:54.404+0000] {dag.py:3954} INFO - Setting next_dagrun for tutorial_taskflow_api to None, run_after=None
[2025-12-11T04:27:54.447+0000] {processor.py:183} INFO - Processing /home/airflow/.local/lib/python3.9/site-packages/airflow/example_dags/tutorial_taskflow_api.py took 0.163 seconds
[2025-12-11T04:28:24.781+0000] {processor.py:161} INFO - Started process (PID=1332) to work on /home/airflow/.local/lib/python3.9/site-packages/airflow/example_dags/tutorial_taskflow_api.py
[2025-12-11T04:28:24.826+0000] {processor.py:830} INFO - Processing file /home/airflow/.local/lib/python3.9/site-packages/airflow/example_dags/tutorial_taskflow_api.py for tasks to queue
[2025-12-11T04:28:24.829+0000] {logging_mixin.py:188} INFO - [2025-12-11T04:28:24.829+0000] {dagbag.py:545} INFO - Filling up the DagBag from /home/airflow/.local/lib/python3.9/site-packages/airflow/example_dags/tutorial_taskflow_api.py
[2025-12-11T04:28:24.840+0000] {processor.py:840} INFO - DAG(s) 'tutorial_taskflow_api' retrieved from /home/airflow/.local/lib/python3.9/site-packages/airflow/example_dags/tutorial_taskflow_api.py
[2025-12-11T04:28:24.888+0000] {logging_mixin.py:188} INFO - [2025-12-11T04:28:24.887+0000] {dag.py:3096} INFO - Sync 1 DAGs
[2025-12-11T04:28:24.916+0000] {logging_mixin.py:188} INFO - [2025-12-11T04:28:24.915+0000] {dag.py:3954} INFO - Setting next_dagrun for tutorial_taskflow_api to None, run_after=None
[2025-12-11T04:28:25.008+0000] {processor.py:183} INFO - Processing /home/airflow/.local/lib/python3.9/site-packages/airflow/example_dags/tutorial_taskflow_api.py took 0.240 seconds
[2025-12-11T04:28:55.952+0000] {processor.py:161} INFO - Started process (PID=1398) to work on /home/airflow/.local/lib/python3.9/site-packages/airflow/example_dags/tutorial_taskflow_api.py
[2025-12-11T04:28:55.957+0000] {processor.py:830} INFO - Processing file /home/airflow/.local/lib/python3.9/site-packages/airflow/example_dags/tutorial_taskflow_api.py for tasks to queue
[2025-12-11T04:28:55.960+0000] {logging_mixin.py:188} INFO - [2025-12-11T04:28:55.960+0000] {dagbag.py:545} INFO - Filling up the DagBag from /home/airflow/.local/lib/python3.9/site-packages/airflow/example_dags/tutorial_taskflow_api.py
[2025-12-11T04:28:55.971+0000] {processor.py:840} INFO - DAG(s) 'tutorial_taskflow_api' retrieved from /home/airflow/.local/lib/python3.9/site-packages/airflow/example_dags/tutorial_taskflow_api.py
[2025-12-11T04:28:56.020+0000] {logging_mixin.py:188} INFO - [2025-12-11T04:28:56.019+0000] {dag.py:3096} INFO - Sync 1 DAGs
[2025-12-11T04:28:56.047+0000] {logging_mixin.py:188} INFO - [2025-12-11T04:28:56.046+0000] {dag.py:3954} INFO - Setting next_dagrun for tutorial_taskflow_api to None, run_after=None
[2025-12-11T04:28:56.083+0000] {processor.py:183} INFO - Processing /home/airflow/.local/lib/python3.9/site-packages/airflow/example_dags/tutorial_taskflow_api.py took 0.141 seconds
[2025-12-11T04:29:26.999+0000] {processor.py:161} INFO - Started process (PID=1464) to work on /home/airflow/.local/lib/python3.9/site-packages/airflow/example_dags/tutorial_taskflow_api.py
[2025-12-11T04:29:27.000+0000] {processor.py:830} INFO - Processing file /home/airflow/.local/lib/python3.9/site-packages/airflow/example_dags/tutorial_taskflow_api.py for tasks to queue
[2025-12-11T04:29:27.003+0000] {logging_mixin.py:188} INFO - [2025-12-11T04:29:27.002+0000] {dagbag.py:545} INFO - Filling up the DagBag from /home/airflow/.local/lib/python3.9/site-packages/airflow/example_dags/tutorial_taskflow_api.py
[2025-12-11T04:29:27.013+0000] {processor.py:840} INFO - DAG(s) 'tutorial_taskflow_api' retrieved from /home/airflow/.local/lib/python3.9/site-packages/airflow/example_dags/tutorial_taskflow_api.py
[2025-12-11T04:29:27.052+0000] {logging_mixin.py:188} INFO - [2025-12-11T04:29:27.052+0000] {dag.py:3096} INFO - Sync 1 DAGs
[2025-12-11T04:29:27.071+0000] {logging_mixin.py:188} INFO - [2025-12-11T04:29:27.071+0000] {dag.py:3954} INFO - Setting next_dagrun for tutorial_taskflow_api to None, run_after=None
[2025-12-11T04:29:27.098+0000] {processor.py:183} INFO - Processing /home/airflow/.local/lib/python3.9/site-packages/airflow/example_dags/tutorial_taskflow_api.py took 0.110 seconds
[2025-12-11T04:29:57.774+0000] {processor.py:161} INFO - Started process (PID=1530) to work on /home/airflow/.local/lib/python3.9/site-packages/airflow/example_dags/tutorial_taskflow_api.py
[2025-12-11T04:29:57.781+0000] {processor.py:830} INFO - Processing file /home/airflow/.local/lib/python3.9/site-packages/airflow/example_dags/tutorial_taskflow_api.py for tasks to queue
[2025-12-11T04:29:57.783+0000] {logging_mixin.py:188} INFO - [2025-12-11T04:29:57.783+0000] {dagbag.py:545} INFO - Filling up the DagBag from /home/airflow/.local/lib/python3.9/site-packages/airflow/example_dags/tutorial_taskflow_api.py
[2025-12-11T04:29:57.793+0000] {processor.py:840} INFO - DAG(s) 'tutorial_taskflow_api' retrieved from /home/airflow/.local/lib/python3.9/site-packages/airflow/example_dags/tutorial_taskflow_api.py
[2025-12-11T04:29:57.836+0000] {logging_mixin.py:188} INFO - [2025-12-11T04:29:57.835+0000] {dag.py:3096} INFO - Sync 1 DAGs
[2025-12-11T04:29:57.858+0000] {logging_mixin.py:188} INFO - [2025-12-11T04:29:57.857+0000] {dag.py:3954} INFO - Setting next_dagrun for tutorial_taskflow_api to None, run_after=None
[2025-12-11T04:29:57.886+0000] {processor.py:183} INFO - Processing /home/airflow/.local/lib/python3.9/site-packages/airflow/example_dags/tutorial_taskflow_api.py took 0.122 seconds
[2025-12-11T04:30:28.425+0000] {processor.py:161} INFO - Started process (PID=1596) to work on /home/airflow/.local/lib/python3.9/site-packages/airflow/example_dags/tutorial_taskflow_api.py
[2025-12-11T04:30:28.446+0000] {processor.py:830} INFO - Processing file /home/airflow/.local/lib/python3.9/site-packages/airflow/example_dags/tutorial_taskflow_api.py for tasks to queue
[2025-12-11T04:30:28.449+0000] {logging_mixin.py:188} INFO - [2025-12-11T04:30:28.449+0000] {dagbag.py:545} INFO - Filling up the DagBag from /home/airflow/.local/lib/python3.9/site-packages/airflow/example_dags/tutorial_taskflow_api.py
[2025-12-11T04:30:28.461+0000] {processor.py:840} INFO - DAG(s) 'tutorial_taskflow_api' retrieved from /home/airflow/.local/lib/python3.9/site-packages/airflow/example_dags/tutorial_taskflow_api.py
[2025-12-11T04:30:28.503+0000] {logging_mixin.py:188} INFO - [2025-12-11T04:30:28.503+0000] {dag.py:3096} INFO - Sync 1 DAGs
[2025-12-11T04:30:28.527+0000] {logging_mixin.py:188} INFO - [2025-12-11T04:30:28.526+0000] {dag.py:3954} INFO - Setting next_dagrun for tutorial_taskflow_api to None, run_after=None
[2025-12-11T04:30:28.759+0000] {processor.py:183} INFO - Processing /home/airflow/.local/lib/python3.9/site-packages/airflow/example_dags/tutorial_taskflow_api.py took 0.344 seconds
[2025-12-11T04:30:59.587+0000] {processor.py:161} INFO - Started process (PID=1661) to work on /home/airflow/.local/lib/python3.9/site-packages/airflow/example_dags/tutorial_taskflow_api.py
[2025-12-11T04:30:59.588+0000] {processor.py:830} INFO - Processing file /home/airflow/.local/lib/python3.9/site-packages/airflow/example_dags/tutorial_taskflow_api.py for tasks to queue
[2025-12-11T04:30:59.591+0000] {logging_mixin.py:188} INFO - [2025-12-11T04:30:59.591+0000] {dagbag.py:545} INFO - Filling up the DagBag from /home/airflow/.local/lib/python3.9/site-packages/airflow/example_dags/tutorial_taskflow_api.py
[2025-12-11T04:30:59.604+0000] {processor.py:840} INFO - DAG(s) 'tutorial_taskflow_api' retrieved from /home/airflow/.local/lib/python3.9/site-packages/airflow/example_dags/tutorial_taskflow_api.py
[2025-12-11T04:30:59.645+0000] {logging_mixin.py:188} INFO - [2025-12-11T04:30:59.644+0000] {dag.py:3096} INFO - Sync 1 DAGs
[2025-12-11T04:30:59.667+0000] {logging_mixin.py:188} INFO - [2025-12-11T04:30:59.666+0000] {dag.py:3954} INFO - Setting next_dagrun for tutorial_taskflow_api to None, run_after=None
[2025-12-11T04:30:59.706+0000] {processor.py:183} INFO - Processing /home/airflow/.local/lib/python3.9/site-packages/airflow/example_dags/tutorial_taskflow_api.py took 0.130 seconds
[2025-12-11T04:31:30.425+0000] {processor.py:161} INFO - Started process (PID=1727) to work on /home/airflow/.local/lib/python3.9/site-packages/airflow/example_dags/tutorial_taskflow_api.py
[2025-12-11T04:31:30.427+0000] {processor.py:830} INFO - Processing file /home/airflow/.local/lib/python3.9/site-packages/airflow/example_dags/tutorial_taskflow_api.py for tasks to queue
[2025-12-11T04:31:30.429+0000] {logging_mixin.py:188} INFO - [2025-12-11T04:31:30.429+0000] {dagbag.py:545} INFO - Filling up the DagBag from /home/airflow/.local/lib/python3.9/site-packages/airflow/example_dags/tutorial_taskflow_api.py
[2025-12-11T04:31:30.442+0000] {processor.py:840} INFO - DAG(s) 'tutorial_taskflow_api' retrieved from /home/airflow/.local/lib/python3.9/site-packages/airflow/example_dags/tutorial_taskflow_api.py
[2025-12-11T04:31:30.484+0000] {logging_mixin.py:188} INFO - [2025-12-11T04:31:30.484+0000] {dag.py:3096} INFO - Sync 1 DAGs
[2025-12-11T04:31:30.512+0000] {logging_mixin.py:188} INFO - [2025-12-11T04:31:30.511+0000] {dag.py:3954} INFO - Setting next_dagrun for tutorial_taskflow_api to None, run_after=None
[2025-12-11T04:31:30.543+0000] {processor.py:183} INFO - Processing /home/airflow/.local/lib/python3.9/site-packages/airflow/example_dags/tutorial_taskflow_api.py took 0.126 seconds
[2025-12-11T04:32:00.643+0000] {processor.py:161} INFO - Started process (PID=1793) to work on /home/airflow/.local/lib/python3.9/site-packages/airflow/example_dags/tutorial_taskflow_api.py
[2025-12-11T04:32:00.645+0000] {processor.py:830} INFO - Processing file /home/airflow/.local/lib/python3.9/site-packages/airflow/example_dags/tutorial_taskflow_api.py for tasks to queue
[2025-12-11T04:32:00.648+0000] {logging_mixin.py:188} INFO - [2025-12-11T04:32:00.648+0000] {dagbag.py:545} INFO - Filling up the DagBag from /home/airflow/.local/lib/python3.9/site-packages/airflow/example_dags/tutorial_taskflow_api.py
[2025-12-11T04:32:00.661+0000] {processor.py:840} INFO - DAG(s) 'tutorial_taskflow_api' retrieved from /home/airflow/.local/lib/python3.9/site-packages/airflow/example_dags/tutorial_taskflow_api.py
[2025-12-11T04:32:00.712+0000] {logging_mixin.py:188} INFO - [2025-12-11T04:32:00.711+0000] {dag.py:3096} INFO - Sync 1 DAGs
[2025-12-11T04:32:00.732+0000] {logging_mixin.py:188} INFO - [2025-12-11T04:32:00.731+0000] {dag.py:3954} INFO - Setting next_dagrun for tutorial_taskflow_api to None, run_after=None
[2025-12-11T04:32:00.760+0000] {processor.py:183} INFO - Processing /home/airflow/.local/lib/python3.9/site-packages/airflow/example_dags/tutorial_taskflow_api.py took 0.135 seconds
[2025-12-11T04:32:31.266+0000] {processor.py:161} INFO - Started process (PID=1859) to work on /home/airflow/.local/lib/python3.9/site-packages/airflow/example_dags/tutorial_taskflow_api.py
[2025-12-11T04:32:31.268+0000] {processor.py:830} INFO - Processing file /home/airflow/.local/lib/python3.9/site-packages/airflow/example_dags/tutorial_taskflow_api.py for tasks to queue
[2025-12-11T04:32:31.278+0000] {logging_mixin.py:188} INFO - [2025-12-11T04:32:31.277+0000] {dagbag.py:545} INFO - Filling up the DagBag from /home/airflow/.local/lib/python3.9/site-packages/airflow/example_dags/tutorial_taskflow_api.py
[2025-12-11T04:32:31.298+0000] {processor.py:840} INFO - DAG(s) 'tutorial_taskflow_api' retrieved from /home/airflow/.local/lib/python3.9/site-packages/airflow/example_dags/tutorial_taskflow_api.py
[2025-12-11T04:32:31.377+0000] {logging_mixin.py:188} INFO - [2025-12-11T04:32:31.365+0000] {dag.py:3096} INFO - Sync 1 DAGs
[2025-12-11T04:32:31.418+0000] {logging_mixin.py:188} INFO - [2025-12-11T04:32:31.418+0000] {dag.py:3954} INFO - Setting next_dagrun for tutorial_taskflow_api to None, run_after=None
[2025-12-11T04:32:31.459+0000] {processor.py:183} INFO - Processing /home/airflow/.local/lib/python3.9/site-packages/airflow/example_dags/tutorial_taskflow_api.py took 0.207 seconds
[2025-12-11T04:33:01.947+0000] {processor.py:161} INFO - Started process (PID=1925) to work on /home/airflow/.local/lib/python3.9/site-packages/airflow/example_dags/tutorial_taskflow_api.py
[2025-12-11T04:33:01.957+0000] {processor.py:830} INFO - Processing file /home/airflow/.local/lib/python3.9/site-packages/airflow/example_dags/tutorial_taskflow_api.py for tasks to queue
[2025-12-11T04:33:01.961+0000] {logging_mixin.py:188} INFO - [2025-12-11T04:33:01.960+0000] {dagbag.py:545} INFO - Filling up the DagBag from /home/airflow/.local/lib/python3.9/site-packages/airflow/example_dags/tutorial_taskflow_api.py
[2025-12-11T04:33:01.985+0000] {processor.py:840} INFO - DAG(s) 'tutorial_taskflow_api' retrieved from /home/airflow/.local/lib/python3.9/site-packages/airflow/example_dags/tutorial_taskflow_api.py
[2025-12-11T04:33:02.057+0000] {logging_mixin.py:188} INFO - [2025-12-11T04:33:02.057+0000] {dag.py:3096} INFO - Sync 1 DAGs
[2025-12-11T04:33:02.097+0000] {logging_mixin.py:188} INFO - [2025-12-11T04:33:02.090+0000] {dag.py:3954} INFO - Setting next_dagrun for tutorial_taskflow_api to None, run_after=None
[2025-12-11T04:33:02.144+0000] {processor.py:183} INFO - Processing /home/airflow/.local/lib/python3.9/site-packages/airflow/example_dags/tutorial_taskflow_api.py took 0.207 seconds
[2025-12-11T04:33:32.787+0000] {processor.py:161} INFO - Started process (PID=1992) to work on /home/airflow/.local/lib/python3.9/site-packages/airflow/example_dags/tutorial_taskflow_api.py
[2025-12-11T04:33:32.805+0000] {processor.py:830} INFO - Processing file /home/airflow/.local/lib/python3.9/site-packages/airflow/example_dags/tutorial_taskflow_api.py for tasks to queue
[2025-12-11T04:33:32.808+0000] {logging_mixin.py:188} INFO - [2025-12-11T04:33:32.808+0000] {dagbag.py:545} INFO - Filling up the DagBag from /home/airflow/.local/lib/python3.9/site-packages/airflow/example_dags/tutorial_taskflow_api.py
[2025-12-11T04:33:32.819+0000] {processor.py:840} INFO - DAG(s) 'tutorial_taskflow_api' retrieved from /home/airflow/.local/lib/python3.9/site-packages/airflow/example_dags/tutorial_taskflow_api.py
[2025-12-11T04:33:32.857+0000] {logging_mixin.py:188} INFO - [2025-12-11T04:33:32.856+0000] {dag.py:3096} INFO - Sync 1 DAGs
[2025-12-11T04:33:32.877+0000] {logging_mixin.py:188} INFO - [2025-12-11T04:33:32.877+0000] {dag.py:3954} INFO - Setting next_dagrun for tutorial_taskflow_api to None, run_after=None
[2025-12-11T04:33:32.950+0000] {processor.py:183} INFO - Processing /home/airflow/.local/lib/python3.9/site-packages/airflow/example_dags/tutorial_taskflow_api.py took 0.176 seconds
[2025-12-11T04:34:03.202+0000] {processor.py:161} INFO - Started process (PID=2060) to work on /home/airflow/.local/lib/python3.9/site-packages/airflow/example_dags/tutorial_taskflow_api.py
[2025-12-11T04:34:03.204+0000] {processor.py:830} INFO - Processing file /home/airflow/.local/lib/python3.9/site-packages/airflow/example_dags/tutorial_taskflow_api.py for tasks to queue
[2025-12-11T04:34:03.208+0000] {logging_mixin.py:188} INFO - [2025-12-11T04:34:03.207+0000] {dagbag.py:545} INFO - Filling up the DagBag from /home/airflow/.local/lib/python3.9/site-packages/airflow/example_dags/tutorial_taskflow_api.py
[2025-12-11T04:34:03.221+0000] {processor.py:840} INFO - DAG(s) 'tutorial_taskflow_api' retrieved from /home/airflow/.local/lib/python3.9/site-packages/airflow/example_dags/tutorial_taskflow_api.py
[2025-12-11T04:34:03.266+0000] {logging_mixin.py:188} INFO - [2025-12-11T04:34:03.266+0000] {dag.py:3096} INFO - Sync 1 DAGs
[2025-12-11T04:34:03.287+0000] {logging_mixin.py:188} INFO - [2025-12-11T04:34:03.286+0000] {dag.py:3954} INFO - Setting next_dagrun for tutorial_taskflow_api to None, run_after=None
[2025-12-11T04:34:03.321+0000] {processor.py:183} INFO - Processing /home/airflow/.local/lib/python3.9/site-packages/airflow/example_dags/tutorial_taskflow_api.py took 0.133 seconds
[2025-12-11T04:34:33.741+0000] {processor.py:161} INFO - Started process (PID=2127) to work on /home/airflow/.local/lib/python3.9/site-packages/airflow/example_dags/tutorial_taskflow_api.py
[2025-12-11T04:34:33.749+0000] {processor.py:830} INFO - Processing file /home/airflow/.local/lib/python3.9/site-packages/airflow/example_dags/tutorial_taskflow_api.py for tasks to queue
[2025-12-11T04:34:33.759+0000] {logging_mixin.py:188} INFO - [2025-12-11T04:34:33.758+0000] {dagbag.py:545} INFO - Filling up the DagBag from /home/airflow/.local/lib/python3.9/site-packages/airflow/example_dags/tutorial_taskflow_api.py
[2025-12-11T04:34:33.779+0000] {processor.py:840} INFO - DAG(s) 'tutorial_taskflow_api' retrieved from /home/airflow/.local/lib/python3.9/site-packages/airflow/example_dags/tutorial_taskflow_api.py
[2025-12-11T04:34:33.859+0000] {logging_mixin.py:188} INFO - [2025-12-11T04:34:33.859+0000] {dag.py:3096} INFO - Sync 1 DAGs
[2025-12-11T04:34:33.887+0000] {logging_mixin.py:188} INFO - [2025-12-11T04:34:33.886+0000] {dag.py:3954} INFO - Setting next_dagrun for tutorial_taskflow_api to None, run_after=None
[2025-12-11T04:34:33.925+0000] {processor.py:183} INFO - Processing /home/airflow/.local/lib/python3.9/site-packages/airflow/example_dags/tutorial_taskflow_api.py took 0.203 seconds
[2025-12-11T04:35:04.027+0000] {processor.py:161} INFO - Started process (PID=2201) to work on /home/airflow/.local/lib/python3.9/site-packages/airflow/example_dags/tutorial_taskflow_api.py
[2025-12-11T04:35:04.032+0000] {processor.py:830} INFO - Processing file /home/airflow/.local/lib/python3.9/site-packages/airflow/example_dags/tutorial_taskflow_api.py for tasks to queue
[2025-12-11T04:35:04.038+0000] {logging_mixin.py:188} INFO - [2025-12-11T04:35:04.038+0000] {dagbag.py:545} INFO - Filling up the DagBag from /home/airflow/.local/lib/python3.9/site-packages/airflow/example_dags/tutorial_taskflow_api.py
[2025-12-11T04:35:04.057+0000] {processor.py:840} INFO - DAG(s) 'tutorial_taskflow_api' retrieved from /home/airflow/.local/lib/python3.9/site-packages/airflow/example_dags/tutorial_taskflow_api.py
[2025-12-11T04:35:04.130+0000] {logging_mixin.py:188} INFO - [2025-12-11T04:35:04.129+0000] {dag.py:3096} INFO - Sync 1 DAGs
[2025-12-11T04:35:04.165+0000] {logging_mixin.py:188} INFO - [2025-12-11T04:35:04.164+0000] {dag.py:3954} INFO - Setting next_dagrun for tutorial_taskflow_api to None, run_after=None
[2025-12-11T04:35:04.210+0000] {processor.py:183} INFO - Processing /home/airflow/.local/lib/python3.9/site-packages/airflow/example_dags/tutorial_taskflow_api.py took 0.193 seconds
[2025-12-11T04:35:35.106+0000] {processor.py:161} INFO - Started process (PID=2269) to work on /home/airflow/.local/lib/python3.9/site-packages/airflow/example_dags/tutorial_taskflow_api.py
[2025-12-11T04:35:35.117+0000] {processor.py:830} INFO - Processing file /home/airflow/.local/lib/python3.9/site-packages/airflow/example_dags/tutorial_taskflow_api.py for tasks to queue
[2025-12-11T04:35:35.120+0000] {logging_mixin.py:188} INFO - [2025-12-11T04:35:35.119+0000] {dagbag.py:545} INFO - Filling up the DagBag from /home/airflow/.local/lib/python3.9/site-packages/airflow/example_dags/tutorial_taskflow_api.py
[2025-12-11T04:35:35.141+0000] {processor.py:840} INFO - DAG(s) 'tutorial_taskflow_api' retrieved from /home/airflow/.local/lib/python3.9/site-packages/airflow/example_dags/tutorial_taskflow_api.py
[2025-12-11T04:35:35.204+0000] {logging_mixin.py:188} INFO - [2025-12-11T04:35:35.203+0000] {dag.py:3096} INFO - Sync 1 DAGs
[2025-12-11T04:35:35.244+0000] {logging_mixin.py:188} INFO - [2025-12-11T04:35:35.243+0000] {dag.py:3954} INFO - Setting next_dagrun for tutorial_taskflow_api to None, run_after=None
[2025-12-11T04:35:35.307+0000] {processor.py:183} INFO - Processing /home/airflow/.local/lib/python3.9/site-packages/airflow/example_dags/tutorial_taskflow_api.py took 0.210 seconds
[2025-12-11T04:36:05.546+0000] {processor.py:161} INFO - Started process (PID=2336) to work on /home/airflow/.local/lib/python3.9/site-packages/airflow/example_dags/tutorial_taskflow_api.py
[2025-12-11T04:36:05.548+0000] {processor.py:830} INFO - Processing file /home/airflow/.local/lib/python3.9/site-packages/airflow/example_dags/tutorial_taskflow_api.py for tasks to queue
[2025-12-11T04:36:05.560+0000] {logging_mixin.py:188} INFO - [2025-12-11T04:36:05.559+0000] {dagbag.py:545} INFO - Filling up the DagBag from /home/airflow/.local/lib/python3.9/site-packages/airflow/example_dags/tutorial_taskflow_api.py
[2025-12-11T04:36:05.570+0000] {processor.py:840} INFO - DAG(s) 'tutorial_taskflow_api' retrieved from /home/airflow/.local/lib/python3.9/site-packages/airflow/example_dags/tutorial_taskflow_api.py
[2025-12-11T04:36:05.625+0000] {logging_mixin.py:188} INFO - [2025-12-11T04:36:05.625+0000] {dag.py:3096} INFO - Sync 1 DAGs
[2025-12-11T04:36:05.681+0000] {logging_mixin.py:188} INFO - [2025-12-11T04:36:05.681+0000] {dag.py:3954} INFO - Setting next_dagrun for tutorial_taskflow_api to None, run_after=None
[2025-12-11T04:36:05.760+0000] {processor.py:183} INFO - Processing /home/airflow/.local/lib/python3.9/site-packages/airflow/example_dags/tutorial_taskflow_api.py took 0.236 seconds
[2025-12-11T04:36:36.347+0000] {processor.py:161} INFO - Started process (PID=2403) to work on /home/airflow/.local/lib/python3.9/site-packages/airflow/example_dags/tutorial_taskflow_api.py
[2025-12-11T04:36:36.349+0000] {processor.py:830} INFO - Processing file /home/airflow/.local/lib/python3.9/site-packages/airflow/example_dags/tutorial_taskflow_api.py for tasks to queue
[2025-12-11T04:36:36.359+0000] {logging_mixin.py:188} INFO - [2025-12-11T04:36:36.359+0000] {dagbag.py:545} INFO - Filling up the DagBag from /home/airflow/.local/lib/python3.9/site-packages/airflow/example_dags/tutorial_taskflow_api.py
[2025-12-11T04:36:36.378+0000] {processor.py:840} INFO - DAG(s) 'tutorial_taskflow_api' retrieved from /home/airflow/.local/lib/python3.9/site-packages/airflow/example_dags/tutorial_taskflow_api.py
[2025-12-11T04:36:36.460+0000] {logging_mixin.py:188} INFO - [2025-12-11T04:36:36.460+0000] {dag.py:3096} INFO - Sync 1 DAGs
[2025-12-11T04:36:36.538+0000] {logging_mixin.py:188} INFO - [2025-12-11T04:36:36.537+0000] {dag.py:3954} INFO - Setting next_dagrun for tutorial_taskflow_api to None, run_after=None
[2025-12-11T04:36:36.679+0000] {processor.py:183} INFO - Processing /home/airflow/.local/lib/python3.9/site-packages/airflow/example_dags/tutorial_taskflow_api.py took 0.342 seconds
[2025-12-11T04:37:07.298+0000] {processor.py:161} INFO - Started process (PID=2470) to work on /home/airflow/.local/lib/python3.9/site-packages/airflow/example_dags/tutorial_taskflow_api.py
[2025-12-11T04:37:07.306+0000] {processor.py:830} INFO - Processing file /home/airflow/.local/lib/python3.9/site-packages/airflow/example_dags/tutorial_taskflow_api.py for tasks to queue
[2025-12-11T04:37:07.318+0000] {logging_mixin.py:188} INFO - [2025-12-11T04:37:07.318+0000] {dagbag.py:545} INFO - Filling up the DagBag from /home/airflow/.local/lib/python3.9/site-packages/airflow/example_dags/tutorial_taskflow_api.py
[2025-12-11T04:37:07.339+0000] {processor.py:840} INFO - DAG(s) 'tutorial_taskflow_api' retrieved from /home/airflow/.local/lib/python3.9/site-packages/airflow/example_dags/tutorial_taskflow_api.py
[2025-12-11T04:37:07.459+0000] {logging_mixin.py:188} INFO - [2025-12-11T04:37:07.459+0000] {dag.py:3096} INFO - Sync 1 DAGs
[2025-12-11T04:37:07.520+0000] {logging_mixin.py:188} INFO - [2025-12-11T04:37:07.519+0000] {dag.py:3954} INFO - Setting next_dagrun for tutorial_taskflow_api to None, run_after=None
[2025-12-11T04:37:07.602+0000] {processor.py:183} INFO - Processing /home/airflow/.local/lib/python3.9/site-packages/airflow/example_dags/tutorial_taskflow_api.py took 0.340 seconds
[2025-12-11T04:37:38.184+0000] {processor.py:161} INFO - Started process (PID=2537) to work on /home/airflow/.local/lib/python3.9/site-packages/airflow/example_dags/tutorial_taskflow_api.py
[2025-12-11T04:37:38.191+0000] {processor.py:830} INFO - Processing file /home/airflow/.local/lib/python3.9/site-packages/airflow/example_dags/tutorial_taskflow_api.py for tasks to queue
[2025-12-11T04:37:38.200+0000] {logging_mixin.py:188} INFO - [2025-12-11T04:37:38.200+0000] {dagbag.py:545} INFO - Filling up the DagBag from /home/airflow/.local/lib/python3.9/site-packages/airflow/example_dags/tutorial_taskflow_api.py
[2025-12-11T04:37:38.237+0000] {processor.py:840} INFO - DAG(s) 'tutorial_taskflow_api' retrieved from /home/airflow/.local/lib/python3.9/site-packages/airflow/example_dags/tutorial_taskflow_api.py
[2025-12-11T04:37:38.311+0000] {logging_mixin.py:188} INFO - [2025-12-11T04:37:38.310+0000] {dag.py:3096} INFO - Sync 1 DAGs
[2025-12-11T04:37:38.361+0000] {logging_mixin.py:188} INFO - [2025-12-11T04:37:38.360+0000] {dag.py:3954} INFO - Setting next_dagrun for tutorial_taskflow_api to None, run_after=None
[2025-12-11T04:37:38.585+0000] {processor.py:183} INFO - Processing /home/airflow/.local/lib/python3.9/site-packages/airflow/example_dags/tutorial_taskflow_api.py took 0.420 seconds
[2025-12-11T04:38:08.702+0000] {processor.py:161} INFO - Started process (PID=2595) to work on /home/airflow/.local/lib/python3.9/site-packages/airflow/example_dags/tutorial_taskflow_api.py
[2025-12-11T04:38:08.751+0000] {processor.py:830} INFO - Processing file /home/airflow/.local/lib/python3.9/site-packages/airflow/example_dags/tutorial_taskflow_api.py for tasks to queue
[2025-12-11T04:38:08.755+0000] {logging_mixin.py:188} INFO - [2025-12-11T04:38:08.755+0000] {dagbag.py:545} INFO - Filling up the DagBag from /home/airflow/.local/lib/python3.9/site-packages/airflow/example_dags/tutorial_taskflow_api.py
[2025-12-11T04:38:08.777+0000] {processor.py:840} INFO - DAG(s) 'tutorial_taskflow_api' retrieved from /home/airflow/.local/lib/python3.9/site-packages/airflow/example_dags/tutorial_taskflow_api.py
[2025-12-11T04:38:08.844+0000] {logging_mixin.py:188} INFO - [2025-12-11T04:38:08.844+0000] {dag.py:3096} INFO - Sync 1 DAGs
[2025-12-11T04:38:08.921+0000] {logging_mixin.py:188} INFO - [2025-12-11T04:38:08.921+0000] {dag.py:3954} INFO - Setting next_dagrun for tutorial_taskflow_api to None, run_after=None
[2025-12-11T04:38:09.100+0000] {processor.py:183} INFO - Processing /home/airflow/.local/lib/python3.9/site-packages/airflow/example_dags/tutorial_taskflow_api.py took 0.415 seconds
[2025-12-11T04:38:39.423+0000] {processor.py:161} INFO - Started process (PID=2662) to work on /home/airflow/.local/lib/python3.9/site-packages/airflow/example_dags/tutorial_taskflow_api.py
[2025-12-11T04:38:39.426+0000] {processor.py:830} INFO - Processing file /home/airflow/.local/lib/python3.9/site-packages/airflow/example_dags/tutorial_taskflow_api.py for tasks to queue
[2025-12-11T04:38:39.440+0000] {logging_mixin.py:188} INFO - [2025-12-11T04:38:39.439+0000] {dagbag.py:545} INFO - Filling up the DagBag from /home/airflow/.local/lib/python3.9/site-packages/airflow/example_dags/tutorial_taskflow_api.py
[2025-12-11T04:38:39.482+0000] {processor.py:840} INFO - DAG(s) 'tutorial_taskflow_api' retrieved from /home/airflow/.local/lib/python3.9/site-packages/airflow/example_dags/tutorial_taskflow_api.py
[2025-12-11T04:38:39.545+0000] {logging_mixin.py:188} INFO - [2025-12-11T04:38:39.545+0000] {dag.py:3096} INFO - Sync 1 DAGs
[2025-12-11T04:38:39.579+0000] {logging_mixin.py:188} INFO - [2025-12-11T04:38:39.578+0000] {dag.py:3954} INFO - Setting next_dagrun for tutorial_taskflow_api to None, run_after=None
[2025-12-11T04:38:39.627+0000] {processor.py:183} INFO - Processing /home/airflow/.local/lib/python3.9/site-packages/airflow/example_dags/tutorial_taskflow_api.py took 0.229 seconds
[2025-12-11T04:39:09.860+0000] {processor.py:161} INFO - Started process (PID=2729) to work on /home/airflow/.local/lib/python3.9/site-packages/airflow/example_dags/tutorial_taskflow_api.py
[2025-12-11T04:39:09.861+0000] {processor.py:830} INFO - Processing file /home/airflow/.local/lib/python3.9/site-packages/airflow/example_dags/tutorial_taskflow_api.py for tasks to queue
[2025-12-11T04:39:09.864+0000] {logging_mixin.py:188} INFO - [2025-12-11T04:39:09.863+0000] {dagbag.py:545} INFO - Filling up the DagBag from /home/airflow/.local/lib/python3.9/site-packages/airflow/example_dags/tutorial_taskflow_api.py
[2025-12-11T04:39:09.877+0000] {processor.py:840} INFO - DAG(s) 'tutorial_taskflow_api' retrieved from /home/airflow/.local/lib/python3.9/site-packages/airflow/example_dags/tutorial_taskflow_api.py
[2025-12-11T04:39:09.937+0000] {logging_mixin.py:188} INFO - [2025-12-11T04:39:09.929+0000] {dag.py:3096} INFO - Sync 1 DAGs
[2025-12-11T04:39:09.966+0000] {logging_mixin.py:188} INFO - [2025-12-11T04:39:09.966+0000] {dag.py:3954} INFO - Setting next_dagrun for tutorial_taskflow_api to None, run_after=None
[2025-12-11T04:39:10.010+0000] {processor.py:183} INFO - Processing /home/airflow/.local/lib/python3.9/site-packages/airflow/example_dags/tutorial_taskflow_api.py took 0.166 seconds
[2025-12-11T04:39:40.975+0000] {processor.py:161} INFO - Started process (PID=2795) to work on /home/airflow/.local/lib/python3.9/site-packages/airflow/example_dags/tutorial_taskflow_api.py
[2025-12-11T04:39:40.988+0000] {processor.py:830} INFO - Processing file /home/airflow/.local/lib/python3.9/site-packages/airflow/example_dags/tutorial_taskflow_api.py for tasks to queue
[2025-12-11T04:39:40.991+0000] {logging_mixin.py:188} INFO - [2025-12-11T04:39:40.990+0000] {dagbag.py:545} INFO - Filling up the DagBag from /home/airflow/.local/lib/python3.9/site-packages/airflow/example_dags/tutorial_taskflow_api.py
[2025-12-11T04:39:41.004+0000] {processor.py:840} INFO - DAG(s) 'tutorial_taskflow_api' retrieved from /home/airflow/.local/lib/python3.9/site-packages/airflow/example_dags/tutorial_taskflow_api.py
[2025-12-11T04:39:41.049+0000] {logging_mixin.py:188} INFO - [2025-12-11T04:39:41.048+0000] {dag.py:3096} INFO - Sync 1 DAGs
[2025-12-11T04:39:41.078+0000] {logging_mixin.py:188} INFO - [2025-12-11T04:39:41.078+0000] {dag.py:3954} INFO - Setting next_dagrun for tutorial_taskflow_api to None, run_after=None
[2025-12-11T04:39:41.528+0000] {processor.py:183} INFO - Processing /home/airflow/.local/lib/python3.9/site-packages/airflow/example_dags/tutorial_taskflow_api.py took 0.566 seconds
[2025-12-11T04:40:12.477+0000] {processor.py:161} INFO - Started process (PID=2862) to work on /home/airflow/.local/lib/python3.9/site-packages/airflow/example_dags/tutorial_taskflow_api.py
[2025-12-11T04:40:12.479+0000] {processor.py:830} INFO - Processing file /home/airflow/.local/lib/python3.9/site-packages/airflow/example_dags/tutorial_taskflow_api.py for tasks to queue
[2025-12-11T04:40:12.481+0000] {logging_mixin.py:188} INFO - [2025-12-11T04:40:12.481+0000] {dagbag.py:545} INFO - Filling up the DagBag from /home/airflow/.local/lib/python3.9/site-packages/airflow/example_dags/tutorial_taskflow_api.py
[2025-12-11T04:40:12.491+0000] {processor.py:840} INFO - DAG(s) 'tutorial_taskflow_api' retrieved from /home/airflow/.local/lib/python3.9/site-packages/airflow/example_dags/tutorial_taskflow_api.py
[2025-12-11T04:40:12.530+0000] {logging_mixin.py:188} INFO - [2025-12-11T04:40:12.529+0000] {dag.py:3096} INFO - Sync 1 DAGs
[2025-12-11T04:40:12.559+0000] {logging_mixin.py:188} INFO - [2025-12-11T04:40:12.558+0000] {dag.py:3954} INFO - Setting next_dagrun for tutorial_taskflow_api to None, run_after=None
[2025-12-11T04:40:13.083+0000] {processor.py:183} INFO - Processing /home/airflow/.local/lib/python3.9/site-packages/airflow/example_dags/tutorial_taskflow_api.py took 0.618 seconds
[2025-12-11T04:40:43.167+0000] {processor.py:161} INFO - Started process (PID=2929) to work on /home/airflow/.local/lib/python3.9/site-packages/airflow/example_dags/tutorial_taskflow_api.py
[2025-12-11T04:40:43.170+0000] {processor.py:830} INFO - Processing file /home/airflow/.local/lib/python3.9/site-packages/airflow/example_dags/tutorial_taskflow_api.py for tasks to queue
[2025-12-11T04:40:43.173+0000] {logging_mixin.py:188} INFO - [2025-12-11T04:40:43.173+0000] {dagbag.py:545} INFO - Filling up the DagBag from /home/airflow/.local/lib/python3.9/site-packages/airflow/example_dags/tutorial_taskflow_api.py
[2025-12-11T04:40:43.184+0000] {processor.py:840} INFO - DAG(s) 'tutorial_taskflow_api' retrieved from /home/airflow/.local/lib/python3.9/site-packages/airflow/example_dags/tutorial_taskflow_api.py
[2025-12-11T04:40:43.221+0000] {logging_mixin.py:188} INFO - [2025-12-11T04:40:43.221+0000] {dag.py:3096} INFO - Sync 1 DAGs
[2025-12-11T04:40:43.244+0000] {logging_mixin.py:188} INFO - [2025-12-11T04:40:43.243+0000] {dag.py:3954} INFO - Setting next_dagrun for tutorial_taskflow_api to None, run_after=None
[2025-12-11T04:40:43.677+0000] {processor.py:183} INFO - Processing /home/airflow/.local/lib/python3.9/site-packages/airflow/example_dags/tutorial_taskflow_api.py took 0.521 seconds
[2025-12-11T04:41:13.871+0000] {processor.py:161} INFO - Started process (PID=2996) to work on /home/airflow/.local/lib/python3.9/site-packages/airflow/example_dags/tutorial_taskflow_api.py
[2025-12-11T04:41:13.874+0000] {processor.py:830} INFO - Processing file /home/airflow/.local/lib/python3.9/site-packages/airflow/example_dags/tutorial_taskflow_api.py for tasks to queue
[2025-12-11T04:41:13.881+0000] {logging_mixin.py:188} INFO - [2025-12-11T04:41:13.880+0000] {dagbag.py:545} INFO - Filling up the DagBag from /home/airflow/.local/lib/python3.9/site-packages/airflow/example_dags/tutorial_taskflow_api.py
[2025-12-11T04:41:13.899+0000] {processor.py:840} INFO - DAG(s) 'tutorial_taskflow_api' retrieved from /home/airflow/.local/lib/python3.9/site-packages/airflow/example_dags/tutorial_taskflow_api.py
[2025-12-11T04:41:13.947+0000] {logging_mixin.py:188} INFO - [2025-12-11T04:41:13.947+0000] {dag.py:3096} INFO - Sync 1 DAGs
[2025-12-11T04:41:13.970+0000] {logging_mixin.py:188} INFO - [2025-12-11T04:41:13.970+0000] {dag.py:3954} INFO - Setting next_dagrun for tutorial_taskflow_api to None, run_after=None
[2025-12-11T04:41:13.999+0000] {processor.py:183} INFO - Processing /home/airflow/.local/lib/python3.9/site-packages/airflow/example_dags/tutorial_taskflow_api.py took 0.146 seconds
[2025-12-11T04:41:44.470+0000] {processor.py:161} INFO - Started process (PID=3063) to work on /home/airflow/.local/lib/python3.9/site-packages/airflow/example_dags/tutorial_taskflow_api.py
[2025-12-11T04:41:44.472+0000] {processor.py:830} INFO - Processing file /home/airflow/.local/lib/python3.9/site-packages/airflow/example_dags/tutorial_taskflow_api.py for tasks to queue
[2025-12-11T04:41:44.479+0000] {logging_mixin.py:188} INFO - [2025-12-11T04:41:44.478+0000] {dagbag.py:545} INFO - Filling up the DagBag from /home/airflow/.local/lib/python3.9/site-packages/airflow/example_dags/tutorial_taskflow_api.py
[2025-12-11T04:41:44.490+0000] {processor.py:840} INFO - DAG(s) 'tutorial_taskflow_api' retrieved from /home/airflow/.local/lib/python3.9/site-packages/airflow/example_dags/tutorial_taskflow_api.py
[2025-12-11T04:41:44.531+0000] {logging_mixin.py:188} INFO - [2025-12-11T04:41:44.530+0000] {dag.py:3096} INFO - Sync 1 DAGs
[2025-12-11T04:41:44.552+0000] {logging_mixin.py:188} INFO - [2025-12-11T04:41:44.552+0000] {dag.py:3954} INFO - Setting next_dagrun for tutorial_taskflow_api to None, run_after=None
[2025-12-11T04:41:44.588+0000] {processor.py:183} INFO - Processing /home/airflow/.local/lib/python3.9/site-packages/airflow/example_dags/tutorial_taskflow_api.py took 0.131 seconds
[2025-12-11T04:42:14.784+0000] {processor.py:161} INFO - Started process (PID=3131) to work on /home/airflow/.local/lib/python3.9/site-packages/airflow/example_dags/tutorial_taskflow_api.py
[2025-12-11T04:42:14.785+0000] {processor.py:830} INFO - Processing file /home/airflow/.local/lib/python3.9/site-packages/airflow/example_dags/tutorial_taskflow_api.py for tasks to queue
[2025-12-11T04:42:14.788+0000] {logging_mixin.py:188} INFO - [2025-12-11T04:42:14.787+0000] {dagbag.py:545} INFO - Filling up the DagBag from /home/airflow/.local/lib/python3.9/site-packages/airflow/example_dags/tutorial_taskflow_api.py
[2025-12-11T04:42:14.797+0000] {processor.py:840} INFO - DAG(s) 'tutorial_taskflow_api' retrieved from /home/airflow/.local/lib/python3.9/site-packages/airflow/example_dags/tutorial_taskflow_api.py
[2025-12-11T04:42:14.832+0000] {logging_mixin.py:188} INFO - [2025-12-11T04:42:14.831+0000] {dag.py:3096} INFO - Sync 1 DAGs
[2025-12-11T04:42:14.851+0000] {logging_mixin.py:188} INFO - [2025-12-11T04:42:14.850+0000] {dag.py:3954} INFO - Setting next_dagrun for tutorial_taskflow_api to None, run_after=None
[2025-12-11T04:42:14.884+0000] {processor.py:183} INFO - Processing /home/airflow/.local/lib/python3.9/site-packages/airflow/example_dags/tutorial_taskflow_api.py took 0.111 seconds
[2025-12-11T04:42:45.481+0000] {processor.py:161} INFO - Started process (PID=3198) to work on /home/airflow/.local/lib/python3.9/site-packages/airflow/example_dags/tutorial_taskflow_api.py
[2025-12-11T04:42:45.483+0000] {processor.py:830} INFO - Processing file /home/airflow/.local/lib/python3.9/site-packages/airflow/example_dags/tutorial_taskflow_api.py for tasks to queue
[2025-12-11T04:42:45.485+0000] {logging_mixin.py:188} INFO - [2025-12-11T04:42:45.485+0000] {dagbag.py:545} INFO - Filling up the DagBag from /home/airflow/.local/lib/python3.9/site-packages/airflow/example_dags/tutorial_taskflow_api.py
[2025-12-11T04:42:45.502+0000] {processor.py:840} INFO - DAG(s) 'tutorial_taskflow_api' retrieved from /home/airflow/.local/lib/python3.9/site-packages/airflow/example_dags/tutorial_taskflow_api.py
[2025-12-11T04:42:45.563+0000] {logging_mixin.py:188} INFO - [2025-12-11T04:42:45.562+0000] {dag.py:3096} INFO - Sync 1 DAGs
[2025-12-11T04:42:45.599+0000] {logging_mixin.py:188} INFO - [2025-12-11T04:42:45.599+0000] {dag.py:3954} INFO - Setting next_dagrun for tutorial_taskflow_api to None, run_after=None
[2025-12-11T04:42:45.658+0000] {processor.py:183} INFO - Processing /home/airflow/.local/lib/python3.9/site-packages/airflow/example_dags/tutorial_taskflow_api.py took 0.192 seconds
[2025-12-11T04:43:16.531+0000] {processor.py:161} INFO - Started process (PID=3265) to work on /home/airflow/.local/lib/python3.9/site-packages/airflow/example_dags/tutorial_taskflow_api.py
[2025-12-11T04:43:16.573+0000] {processor.py:830} INFO - Processing file /home/airflow/.local/lib/python3.9/site-packages/airflow/example_dags/tutorial_taskflow_api.py for tasks to queue
[2025-12-11T04:43:16.579+0000] {logging_mixin.py:188} INFO - [2025-12-11T04:43:16.578+0000] {dagbag.py:545} INFO - Filling up the DagBag from /home/airflow/.local/lib/python3.9/site-packages/airflow/example_dags/tutorial_taskflow_api.py
[2025-12-11T04:43:16.592+0000] {processor.py:840} INFO - DAG(s) 'tutorial_taskflow_api' retrieved from /home/airflow/.local/lib/python3.9/site-packages/airflow/example_dags/tutorial_taskflow_api.py
[2025-12-11T04:43:16.640+0000] {logging_mixin.py:188} INFO - [2025-12-11T04:43:16.640+0000] {dag.py:3096} INFO - Sync 1 DAGs
[2025-12-11T04:43:16.667+0000] {logging_mixin.py:188} INFO - [2025-12-11T04:43:16.666+0000] {dag.py:3954} INFO - Setting next_dagrun for tutorial_taskflow_api to None, run_after=None
[2025-12-11T04:43:16.735+0000] {processor.py:183} INFO - Processing /home/airflow/.local/lib/python3.9/site-packages/airflow/example_dags/tutorial_taskflow_api.py took 0.218 seconds
[2025-12-11T04:43:47.058+0000] {processor.py:161} INFO - Started process (PID=3332) to work on /home/airflow/.local/lib/python3.9/site-packages/airflow/example_dags/tutorial_taskflow_api.py
[2025-12-11T04:43:47.060+0000] {processor.py:830} INFO - Processing file /home/airflow/.local/lib/python3.9/site-packages/airflow/example_dags/tutorial_taskflow_api.py for tasks to queue
[2025-12-11T04:43:47.063+0000] {logging_mixin.py:188} INFO - [2025-12-11T04:43:47.062+0000] {dagbag.py:545} INFO - Filling up the DagBag from /home/airflow/.local/lib/python3.9/site-packages/airflow/example_dags/tutorial_taskflow_api.py
[2025-12-11T04:43:47.074+0000] {processor.py:840} INFO - DAG(s) 'tutorial_taskflow_api' retrieved from /home/airflow/.local/lib/python3.9/site-packages/airflow/example_dags/tutorial_taskflow_api.py
[2025-12-11T04:43:47.118+0000] {logging_mixin.py:188} INFO - [2025-12-11T04:43:47.117+0000] {dag.py:3096} INFO - Sync 1 DAGs
[2025-12-11T04:43:47.146+0000] {logging_mixin.py:188} INFO - [2025-12-11T04:43:47.145+0000] {dag.py:3954} INFO - Setting next_dagrun for tutorial_taskflow_api to None, run_after=None
[2025-12-11T04:43:47.178+0000] {processor.py:183} INFO - Processing /home/airflow/.local/lib/python3.9/site-packages/airflow/example_dags/tutorial_taskflow_api.py took 0.131 seconds
[2025-12-11T04:44:17.581+0000] {processor.py:161} INFO - Started process (PID=3399) to work on /home/airflow/.local/lib/python3.9/site-packages/airflow/example_dags/tutorial_taskflow_api.py
[2025-12-11T04:44:17.583+0000] {processor.py:830} INFO - Processing file /home/airflow/.local/lib/python3.9/site-packages/airflow/example_dags/tutorial_taskflow_api.py for tasks to queue
[2025-12-11T04:44:17.586+0000] {logging_mixin.py:188} INFO - [2025-12-11T04:44:17.586+0000] {dagbag.py:545} INFO - Filling up the DagBag from /home/airflow/.local/lib/python3.9/site-packages/airflow/example_dags/tutorial_taskflow_api.py
[2025-12-11T04:44:17.603+0000] {processor.py:840} INFO - DAG(s) 'tutorial_taskflow_api' retrieved from /home/airflow/.local/lib/python3.9/site-packages/airflow/example_dags/tutorial_taskflow_api.py
[2025-12-11T04:44:17.664+0000] {logging_mixin.py:188} INFO - [2025-12-11T04:44:17.664+0000] {dag.py:3096} INFO - Sync 1 DAGs
[2025-12-11T04:44:17.702+0000] {logging_mixin.py:188} INFO - [2025-12-11T04:44:17.702+0000] {dag.py:3954} INFO - Setting next_dagrun for tutorial_taskflow_api to None, run_after=None
[2025-12-11T04:44:17.777+0000] {processor.py:183} INFO - Processing /home/airflow/.local/lib/python3.9/site-packages/airflow/example_dags/tutorial_taskflow_api.py took 0.211 seconds
[2025-12-11T04:44:48.088+0000] {processor.py:161} INFO - Started process (PID=3466) to work on /home/airflow/.local/lib/python3.9/site-packages/airflow/example_dags/tutorial_taskflow_api.py
[2025-12-11T04:44:48.177+0000] {processor.py:830} INFO - Processing file /home/airflow/.local/lib/python3.9/site-packages/airflow/example_dags/tutorial_taskflow_api.py for tasks to queue
[2025-12-11T04:44:48.182+0000] {logging_mixin.py:188} INFO - [2025-12-11T04:44:48.181+0000] {dagbag.py:545} INFO - Filling up the DagBag from /home/airflow/.local/lib/python3.9/site-packages/airflow/example_dags/tutorial_taskflow_api.py
[2025-12-11T04:44:48.193+0000] {processor.py:840} INFO - DAG(s) 'tutorial_taskflow_api' retrieved from /home/airflow/.local/lib/python3.9/site-packages/airflow/example_dags/tutorial_taskflow_api.py
[2025-12-11T04:44:48.250+0000] {logging_mixin.py:188} INFO - [2025-12-11T04:44:48.249+0000] {dag.py:3096} INFO - Sync 1 DAGs
[2025-12-11T04:44:48.287+0000] {logging_mixin.py:188} INFO - [2025-12-11T04:44:48.287+0000] {dag.py:3954} INFO - Setting next_dagrun for tutorial_taskflow_api to None, run_after=None
[2025-12-11T04:44:48.348+0000] {processor.py:183} INFO - Processing /home/airflow/.local/lib/python3.9/site-packages/airflow/example_dags/tutorial_taskflow_api.py took 0.271 seconds
[2025-12-11T04:45:18.955+0000] {processor.py:161} INFO - Started process (PID=3534) to work on /home/airflow/.local/lib/python3.9/site-packages/airflow/example_dags/tutorial_taskflow_api.py
[2025-12-11T04:45:18.961+0000] {processor.py:830} INFO - Processing file /home/airflow/.local/lib/python3.9/site-packages/airflow/example_dags/tutorial_taskflow_api.py for tasks to queue
[2025-12-11T04:45:18.965+0000] {logging_mixin.py:188} INFO - [2025-12-11T04:45:18.965+0000] {dagbag.py:545} INFO - Filling up the DagBag from /home/airflow/.local/lib/python3.9/site-packages/airflow/example_dags/tutorial_taskflow_api.py
[2025-12-11T04:45:18.980+0000] {processor.py:840} INFO - DAG(s) 'tutorial_taskflow_api' retrieved from /home/airflow/.local/lib/python3.9/site-packages/airflow/example_dags/tutorial_taskflow_api.py
[2025-12-11T04:45:19.031+0000] {logging_mixin.py:188} INFO - [2025-12-11T04:45:19.030+0000] {dag.py:3096} INFO - Sync 1 DAGs
[2025-12-11T04:45:19.056+0000] {logging_mixin.py:188} INFO - [2025-12-11T04:45:19.055+0000] {dag.py:3954} INFO - Setting next_dagrun for tutorial_taskflow_api to None, run_after=None
[2025-12-11T04:45:19.141+0000] {processor.py:183} INFO - Processing /home/airflow/.local/lib/python3.9/site-packages/airflow/example_dags/tutorial_taskflow_api.py took 0.199 seconds
[2025-12-11T04:45:49.841+0000] {processor.py:161} INFO - Started process (PID=3609) to work on /home/airflow/.local/lib/python3.9/site-packages/airflow/example_dags/tutorial_taskflow_api.py
[2025-12-11T04:45:49.850+0000] {processor.py:830} INFO - Processing file /home/airflow/.local/lib/python3.9/site-packages/airflow/example_dags/tutorial_taskflow_api.py for tasks to queue
[2025-12-11T04:45:49.860+0000] {logging_mixin.py:188} INFO - [2025-12-11T04:45:49.859+0000] {dagbag.py:545} INFO - Filling up the DagBag from /home/airflow/.local/lib/python3.9/site-packages/airflow/example_dags/tutorial_taskflow_api.py
[2025-12-11T04:45:49.870+0000] {processor.py:840} INFO - DAG(s) 'tutorial_taskflow_api' retrieved from /home/airflow/.local/lib/python3.9/site-packages/airflow/example_dags/tutorial_taskflow_api.py
[2025-12-11T04:45:49.923+0000] {logging_mixin.py:188} INFO - [2025-12-11T04:45:49.923+0000] {dag.py:3096} INFO - Sync 1 DAGs
[2025-12-11T04:45:49.957+0000] {logging_mixin.py:188} INFO - [2025-12-11T04:45:49.957+0000] {dag.py:3954} INFO - Setting next_dagrun for tutorial_taskflow_api to None, run_after=None
[2025-12-11T04:45:49.997+0000] {processor.py:183} INFO - Processing /home/airflow/.local/lib/python3.9/site-packages/airflow/example_dags/tutorial_taskflow_api.py took 0.168 seconds
[2025-12-11T04:46:20.701+0000] {processor.py:161} INFO - Started process (PID=3676) to work on /home/airflow/.local/lib/python3.9/site-packages/airflow/example_dags/tutorial_taskflow_api.py
[2025-12-11T04:46:20.704+0000] {processor.py:830} INFO - Processing file /home/airflow/.local/lib/python3.9/site-packages/airflow/example_dags/tutorial_taskflow_api.py for tasks to queue
[2025-12-11T04:46:20.708+0000] {logging_mixin.py:188} INFO - [2025-12-11T04:46:20.708+0000] {dagbag.py:545} INFO - Filling up the DagBag from /home/airflow/.local/lib/python3.9/site-packages/airflow/example_dags/tutorial_taskflow_api.py
[2025-12-11T04:46:20.725+0000] {processor.py:840} INFO - DAG(s) 'tutorial_taskflow_api' retrieved from /home/airflow/.local/lib/python3.9/site-packages/airflow/example_dags/tutorial_taskflow_api.py
[2025-12-11T04:46:20.787+0000] {logging_mixin.py:188} INFO - [2025-12-11T04:46:20.787+0000] {dag.py:3096} INFO - Sync 1 DAGs
[2025-12-11T04:46:20.826+0000] {logging_mixin.py:188} INFO - [2025-12-11T04:46:20.825+0000] {dag.py:3954} INFO - Setting next_dagrun for tutorial_taskflow_api to None, run_after=None
[2025-12-11T04:46:20.899+0000] {processor.py:183} INFO - Processing /home/airflow/.local/lib/python3.9/site-packages/airflow/example_dags/tutorial_taskflow_api.py took 0.218 seconds
[2025-12-11T04:46:51.021+0000] {processor.py:161} INFO - Started process (PID=3743) to work on /home/airflow/.local/lib/python3.9/site-packages/airflow/example_dags/tutorial_taskflow_api.py
[2025-12-11T04:46:51.024+0000] {processor.py:830} INFO - Processing file /home/airflow/.local/lib/python3.9/site-packages/airflow/example_dags/tutorial_taskflow_api.py for tasks to queue
[2025-12-11T04:46:51.028+0000] {logging_mixin.py:188} INFO - [2025-12-11T04:46:51.028+0000] {dagbag.py:545} INFO - Filling up the DagBag from /home/airflow/.local/lib/python3.9/site-packages/airflow/example_dags/tutorial_taskflow_api.py
[2025-12-11T04:46:51.047+0000] {processor.py:840} INFO - DAG(s) 'tutorial_taskflow_api' retrieved from /home/airflow/.local/lib/python3.9/site-packages/airflow/example_dags/tutorial_taskflow_api.py
[2025-12-11T04:46:51.111+0000] {logging_mixin.py:188} INFO - [2025-12-11T04:46:51.111+0000] {dag.py:3096} INFO - Sync 1 DAGs
[2025-12-11T04:46:51.144+0000] {logging_mixin.py:188} INFO - [2025-12-11T04:46:51.144+0000] {dag.py:3954} INFO - Setting next_dagrun for tutorial_taskflow_api to None, run_after=None
[2025-12-11T04:46:51.200+0000] {processor.py:183} INFO - Processing /home/airflow/.local/lib/python3.9/site-packages/airflow/example_dags/tutorial_taskflow_api.py took 0.196 seconds
[2025-12-11T04:47:21.622+0000] {processor.py:161} INFO - Started process (PID=3810) to work on /home/airflow/.local/lib/python3.9/site-packages/airflow/example_dags/tutorial_taskflow_api.py
[2025-12-11T04:47:21.623+0000] {processor.py:830} INFO - Processing file /home/airflow/.local/lib/python3.9/site-packages/airflow/example_dags/tutorial_taskflow_api.py for tasks to queue
[2025-12-11T04:47:21.627+0000] {logging_mixin.py:188} INFO - [2025-12-11T04:47:21.626+0000] {dagbag.py:545} INFO - Filling up the DagBag from /home/airflow/.local/lib/python3.9/site-packages/airflow/example_dags/tutorial_taskflow_api.py
[2025-12-11T04:47:21.646+0000] {processor.py:840} INFO - DAG(s) 'tutorial_taskflow_api' retrieved from /home/airflow/.local/lib/python3.9/site-packages/airflow/example_dags/tutorial_taskflow_api.py
[2025-12-11T04:47:21.726+0000] {logging_mixin.py:188} INFO - [2025-12-11T04:47:21.725+0000] {dag.py:3096} INFO - Sync 1 DAGs
[2025-12-11T04:47:21.780+0000] {logging_mixin.py:188} INFO - [2025-12-11T04:47:21.779+0000] {dag.py:3954} INFO - Setting next_dagrun for tutorial_taskflow_api to None, run_after=None
[2025-12-11T04:47:21.840+0000] {processor.py:183} INFO - Processing /home/airflow/.local/lib/python3.9/site-packages/airflow/example_dags/tutorial_taskflow_api.py took 0.235 seconds
[2025-12-11T04:47:52.154+0000] {processor.py:161} INFO - Started process (PID=3877) to work on /home/airflow/.local/lib/python3.9/site-packages/airflow/example_dags/tutorial_taskflow_api.py
[2025-12-11T04:47:52.156+0000] {processor.py:830} INFO - Processing file /home/airflow/.local/lib/python3.9/site-packages/airflow/example_dags/tutorial_taskflow_api.py for tasks to queue
[2025-12-11T04:47:52.160+0000] {logging_mixin.py:188} INFO - [2025-12-11T04:47:52.160+0000] {dagbag.py:545} INFO - Filling up the DagBag from /home/airflow/.local/lib/python3.9/site-packages/airflow/example_dags/tutorial_taskflow_api.py
[2025-12-11T04:47:52.186+0000] {processor.py:840} INFO - DAG(s) 'tutorial_taskflow_api' retrieved from /home/airflow/.local/lib/python3.9/site-packages/airflow/example_dags/tutorial_taskflow_api.py
[2025-12-11T04:47:52.280+0000] {logging_mixin.py:188} INFO - [2025-12-11T04:47:52.279+0000] {dag.py:3096} INFO - Sync 1 DAGs
[2025-12-11T04:47:52.323+0000] {logging_mixin.py:188} INFO - [2025-12-11T04:47:52.322+0000] {dag.py:3954} INFO - Setting next_dagrun for tutorial_taskflow_api to None, run_after=None
[2025-12-11T04:47:52.378+0000] {processor.py:183} INFO - Processing /home/airflow/.local/lib/python3.9/site-packages/airflow/example_dags/tutorial_taskflow_api.py took 0.234 seconds
[2025-12-11T04:48:22.697+0000] {processor.py:161} INFO - Started process (PID=3944) to work on /home/airflow/.local/lib/python3.9/site-packages/airflow/example_dags/tutorial_taskflow_api.py
[2025-12-11T04:48:22.704+0000] {processor.py:830} INFO - Processing file /home/airflow/.local/lib/python3.9/site-packages/airflow/example_dags/tutorial_taskflow_api.py for tasks to queue
[2025-12-11T04:48:22.709+0000] {logging_mixin.py:188} INFO - [2025-12-11T04:48:22.708+0000] {dagbag.py:545} INFO - Filling up the DagBag from /home/airflow/.local/lib/python3.9/site-packages/airflow/example_dags/tutorial_taskflow_api.py
[2025-12-11T04:48:22.725+0000] {processor.py:840} INFO - DAG(s) 'tutorial_taskflow_api' retrieved from /home/airflow/.local/lib/python3.9/site-packages/airflow/example_dags/tutorial_taskflow_api.py
[2025-12-11T04:48:22.805+0000] {logging_mixin.py:188} INFO - [2025-12-11T04:48:22.805+0000] {dag.py:3096} INFO - Sync 1 DAGs
[2025-12-11T04:48:22.860+0000] {logging_mixin.py:188} INFO - [2025-12-11T04:48:22.860+0000] {dag.py:3954} INFO - Setting next_dagrun for tutorial_taskflow_api to None, run_after=None
[2025-12-11T04:48:22.923+0000] {processor.py:183} INFO - Processing /home/airflow/.local/lib/python3.9/site-packages/airflow/example_dags/tutorial_taskflow_api.py took 0.245 seconds
[2025-12-11T04:48:53.262+0000] {processor.py:161} INFO - Started process (PID=4007) to work on /home/airflow/.local/lib/python3.9/site-packages/airflow/example_dags/tutorial_taskflow_api.py
[2025-12-11T04:48:53.265+0000] {processor.py:830} INFO - Processing file /home/airflow/.local/lib/python3.9/site-packages/airflow/example_dags/tutorial_taskflow_api.py for tasks to queue
[2025-12-11T04:48:53.268+0000] {logging_mixin.py:188} INFO - [2025-12-11T04:48:53.267+0000] {dagbag.py:545} INFO - Filling up the DagBag from /home/airflow/.local/lib/python3.9/site-packages/airflow/example_dags/tutorial_taskflow_api.py
[2025-12-11T04:48:53.289+0000] {processor.py:840} INFO - DAG(s) 'tutorial_taskflow_api' retrieved from /home/airflow/.local/lib/python3.9/site-packages/airflow/example_dags/tutorial_taskflow_api.py
[2025-12-11T04:48:53.365+0000] {logging_mixin.py:188} INFO - [2025-12-11T04:48:53.364+0000] {dag.py:3096} INFO - Sync 1 DAGs
[2025-12-11T04:48:53.422+0000] {logging_mixin.py:188} INFO - [2025-12-11T04:48:53.422+0000] {dag.py:3954} INFO - Setting next_dagrun for tutorial_taskflow_api to None, run_after=None
[2025-12-11T04:48:53.517+0000] {processor.py:183} INFO - Processing /home/airflow/.local/lib/python3.9/site-packages/airflow/example_dags/tutorial_taskflow_api.py took 0.279 seconds
[2025-12-11T04:49:23.716+0000] {processor.py:161} INFO - Started process (PID=4074) to work on /home/airflow/.local/lib/python3.9/site-packages/airflow/example_dags/tutorial_taskflow_api.py
[2025-12-11T04:49:23.718+0000] {processor.py:830} INFO - Processing file /home/airflow/.local/lib/python3.9/site-packages/airflow/example_dags/tutorial_taskflow_api.py for tasks to queue
[2025-12-11T04:49:23.721+0000] {logging_mixin.py:188} INFO - [2025-12-11T04:49:23.720+0000] {dagbag.py:545} INFO - Filling up the DagBag from /home/airflow/.local/lib/python3.9/site-packages/airflow/example_dags/tutorial_taskflow_api.py
[2025-12-11T04:49:23.731+0000] {processor.py:840} INFO - DAG(s) 'tutorial_taskflow_api' retrieved from /home/airflow/.local/lib/python3.9/site-packages/airflow/example_dags/tutorial_taskflow_api.py
[2025-12-11T04:49:23.767+0000] {logging_mixin.py:188} INFO - [2025-12-11T04:49:23.767+0000] {dag.py:3096} INFO - Sync 1 DAGs
[2025-12-11T04:49:23.787+0000] {logging_mixin.py:188} INFO - [2025-12-11T04:49:23.787+0000] {dag.py:3954} INFO - Setting next_dagrun for tutorial_taskflow_api to None, run_after=None
[2025-12-11T04:49:23.815+0000] {processor.py:183} INFO - Processing /home/airflow/.local/lib/python3.9/site-packages/airflow/example_dags/tutorial_taskflow_api.py took 0.110 seconds
[2025-12-11T04:49:53.900+0000] {processor.py:161} INFO - Started process (PID=4139) to work on /home/airflow/.local/lib/python3.9/site-packages/airflow/example_dags/tutorial_taskflow_api.py
[2025-12-11T04:49:53.902+0000] {processor.py:830} INFO - Processing file /home/airflow/.local/lib/python3.9/site-packages/airflow/example_dags/tutorial_taskflow_api.py for tasks to queue
[2025-12-11T04:49:53.904+0000] {logging_mixin.py:188} INFO - [2025-12-11T04:49:53.904+0000] {dagbag.py:545} INFO - Filling up the DagBag from /home/airflow/.local/lib/python3.9/site-packages/airflow/example_dags/tutorial_taskflow_api.py
[2025-12-11T04:49:53.914+0000] {processor.py:840} INFO - DAG(s) 'tutorial_taskflow_api' retrieved from /home/airflow/.local/lib/python3.9/site-packages/airflow/example_dags/tutorial_taskflow_api.py
[2025-12-11T04:49:53.953+0000] {logging_mixin.py:188} INFO - [2025-12-11T04:49:53.952+0000] {dag.py:3096} INFO - Sync 1 DAGs
[2025-12-11T04:49:53.977+0000] {logging_mixin.py:188} INFO - [2025-12-11T04:49:53.975+0000] {dag.py:3954} INFO - Setting next_dagrun for tutorial_taskflow_api to None, run_after=None
[2025-12-11T04:49:54.005+0000] {processor.py:183} INFO - Processing /home/airflow/.local/lib/python3.9/site-packages/airflow/example_dags/tutorial_taskflow_api.py took 0.118 seconds
[2025-12-11T04:50:24.379+0000] {processor.py:161} INFO - Started process (PID=4202) to work on /home/airflow/.local/lib/python3.9/site-packages/airflow/example_dags/tutorial_taskflow_api.py
[2025-12-11T04:50:24.381+0000] {processor.py:830} INFO - Processing file /home/airflow/.local/lib/python3.9/site-packages/airflow/example_dags/tutorial_taskflow_api.py for tasks to queue
[2025-12-11T04:50:24.384+0000] {logging_mixin.py:188} INFO - [2025-12-11T04:50:24.383+0000] {dagbag.py:545} INFO - Filling up the DagBag from /home/airflow/.local/lib/python3.9/site-packages/airflow/example_dags/tutorial_taskflow_api.py
[2025-12-11T04:50:24.395+0000] {processor.py:840} INFO - DAG(s) 'tutorial_taskflow_api' retrieved from /home/airflow/.local/lib/python3.9/site-packages/airflow/example_dags/tutorial_taskflow_api.py
[2025-12-11T04:50:24.434+0000] {logging_mixin.py:188} INFO - [2025-12-11T04:50:24.433+0000] {dag.py:3096} INFO - Sync 1 DAGs
[2025-12-11T04:50:24.459+0000] {logging_mixin.py:188} INFO - [2025-12-11T04:50:24.459+0000] {dag.py:3954} INFO - Setting next_dagrun for tutorial_taskflow_api to None, run_after=None
[2025-12-11T04:50:24.489+0000] {processor.py:183} INFO - Processing /home/airflow/.local/lib/python3.9/site-packages/airflow/example_dags/tutorial_taskflow_api.py took 0.125 seconds
[2025-12-11T04:50:54.635+0000] {processor.py:161} INFO - Started process (PID=4268) to work on /home/airflow/.local/lib/python3.9/site-packages/airflow/example_dags/tutorial_taskflow_api.py
[2025-12-11T04:50:54.637+0000] {processor.py:830} INFO - Processing file /home/airflow/.local/lib/python3.9/site-packages/airflow/example_dags/tutorial_taskflow_api.py for tasks to queue
[2025-12-11T04:50:54.640+0000] {logging_mixin.py:188} INFO - [2025-12-11T04:50:54.640+0000] {dagbag.py:545} INFO - Filling up the DagBag from /home/airflow/.local/lib/python3.9/site-packages/airflow/example_dags/tutorial_taskflow_api.py
[2025-12-11T04:50:54.651+0000] {processor.py:840} INFO - DAG(s) 'tutorial_taskflow_api' retrieved from /home/airflow/.local/lib/python3.9/site-packages/airflow/example_dags/tutorial_taskflow_api.py
[2025-12-11T04:50:54.722+0000] {logging_mixin.py:188} INFO - [2025-12-11T04:50:54.721+0000] {dag.py:3096} INFO - Sync 1 DAGs
[2025-12-11T04:50:54.759+0000] {logging_mixin.py:188} INFO - [2025-12-11T04:50:54.759+0000] {dag.py:3954} INFO - Setting next_dagrun for tutorial_taskflow_api to None, run_after=None
[2025-12-11T04:50:54.789+0000] {processor.py:183} INFO - Processing /home/airflow/.local/lib/python3.9/site-packages/airflow/example_dags/tutorial_taskflow_api.py took 0.166 seconds
[2025-12-11T04:51:25.368+0000] {processor.py:161} INFO - Started process (PID=4336) to work on /home/airflow/.local/lib/python3.9/site-packages/airflow/example_dags/tutorial_taskflow_api.py
[2025-12-11T04:51:25.397+0000] {processor.py:830} INFO - Processing file /home/airflow/.local/lib/python3.9/site-packages/airflow/example_dags/tutorial_taskflow_api.py for tasks to queue
[2025-12-11T04:51:25.401+0000] {logging_mixin.py:188} INFO - [2025-12-11T04:51:25.400+0000] {dagbag.py:545} INFO - Filling up the DagBag from /home/airflow/.local/lib/python3.9/site-packages/airflow/example_dags/tutorial_taskflow_api.py
[2025-12-11T04:51:25.413+0000] {processor.py:840} INFO - DAG(s) 'tutorial_taskflow_api' retrieved from /home/airflow/.local/lib/python3.9/site-packages/airflow/example_dags/tutorial_taskflow_api.py
[2025-12-11T04:51:25.473+0000] {logging_mixin.py:188} INFO - [2025-12-11T04:51:25.472+0000] {dag.py:3096} INFO - Sync 1 DAGs
[2025-12-11T04:51:25.507+0000] {logging_mixin.py:188} INFO - [2025-12-11T04:51:25.506+0000] {dag.py:3954} INFO - Setting next_dagrun for tutorial_taskflow_api to None, run_after=None
[2025-12-11T04:51:25.597+0000] {processor.py:183} INFO - Processing /home/airflow/.local/lib/python3.9/site-packages/airflow/example_dags/tutorial_taskflow_api.py took 0.242 seconds
[2025-12-11T04:51:56.550+0000] {processor.py:161} INFO - Started process (PID=4403) to work on /home/airflow/.local/lib/python3.9/site-packages/airflow/example_dags/tutorial_taskflow_api.py
[2025-12-11T04:51:56.588+0000] {processor.py:830} INFO - Processing file /home/airflow/.local/lib/python3.9/site-packages/airflow/example_dags/tutorial_taskflow_api.py for tasks to queue
[2025-12-11T04:51:56.591+0000] {logging_mixin.py:188} INFO - [2025-12-11T04:51:56.591+0000] {dagbag.py:545} INFO - Filling up the DagBag from /home/airflow/.local/lib/python3.9/site-packages/airflow/example_dags/tutorial_taskflow_api.py
[2025-12-11T04:51:56.603+0000] {processor.py:840} INFO - DAG(s) 'tutorial_taskflow_api' retrieved from /home/airflow/.local/lib/python3.9/site-packages/airflow/example_dags/tutorial_taskflow_api.py
[2025-12-11T04:51:56.645+0000] {logging_mixin.py:188} INFO - [2025-12-11T04:51:56.644+0000] {dag.py:3096} INFO - Sync 1 DAGs
[2025-12-11T04:51:56.679+0000] {logging_mixin.py:188} INFO - [2025-12-11T04:51:56.669+0000] {dag.py:3954} INFO - Setting next_dagrun for tutorial_taskflow_api to None, run_after=None
[2025-12-11T04:51:56.727+0000] {processor.py:183} INFO - Processing /home/airflow/.local/lib/python3.9/site-packages/airflow/example_dags/tutorial_taskflow_api.py took 0.188 seconds
[2025-12-11T04:52:27.010+0000] {processor.py:161} INFO - Started process (PID=4469) to work on /home/airflow/.local/lib/python3.9/site-packages/airflow/example_dags/tutorial_taskflow_api.py
[2025-12-11T04:52:27.012+0000] {processor.py:830} INFO - Processing file /home/airflow/.local/lib/python3.9/site-packages/airflow/example_dags/tutorial_taskflow_api.py for tasks to queue
[2025-12-11T04:52:27.015+0000] {logging_mixin.py:188} INFO - [2025-12-11T04:52:27.015+0000] {dagbag.py:545} INFO - Filling up the DagBag from /home/airflow/.local/lib/python3.9/site-packages/airflow/example_dags/tutorial_taskflow_api.py
[2025-12-11T04:52:27.029+0000] {processor.py:840} INFO - DAG(s) 'tutorial_taskflow_api' retrieved from /home/airflow/.local/lib/python3.9/site-packages/airflow/example_dags/tutorial_taskflow_api.py
[2025-12-11T04:52:27.074+0000] {logging_mixin.py:188} INFO - [2025-12-11T04:52:27.073+0000] {dag.py:3096} INFO - Sync 1 DAGs
[2025-12-11T04:52:27.100+0000] {logging_mixin.py:188} INFO - [2025-12-11T04:52:27.099+0000] {dag.py:3954} INFO - Setting next_dagrun for tutorial_taskflow_api to None, run_after=None
[2025-12-11T04:52:27.346+0000] {processor.py:183} INFO - Processing /home/airflow/.local/lib/python3.9/site-packages/airflow/example_dags/tutorial_taskflow_api.py took 0.349 seconds
[2025-12-11T04:52:57.650+0000] {processor.py:161} INFO - Started process (PID=4537) to work on /home/airflow/.local/lib/python3.9/site-packages/airflow/example_dags/tutorial_taskflow_api.py
[2025-12-11T04:52:57.652+0000] {processor.py:830} INFO - Processing file /home/airflow/.local/lib/python3.9/site-packages/airflow/example_dags/tutorial_taskflow_api.py for tasks to queue
[2025-12-11T04:52:57.654+0000] {logging_mixin.py:188} INFO - [2025-12-11T04:52:57.654+0000] {dagbag.py:545} INFO - Filling up the DagBag from /home/airflow/.local/lib/python3.9/site-packages/airflow/example_dags/tutorial_taskflow_api.py
[2025-12-11T04:52:57.664+0000] {processor.py:840} INFO - DAG(s) 'tutorial_taskflow_api' retrieved from /home/airflow/.local/lib/python3.9/site-packages/airflow/example_dags/tutorial_taskflow_api.py
[2025-12-11T04:52:57.709+0000] {logging_mixin.py:188} INFO - [2025-12-11T04:52:57.709+0000] {dag.py:3096} INFO - Sync 1 DAGs
[2025-12-11T04:52:57.730+0000] {logging_mixin.py:188} INFO - [2025-12-11T04:52:57.730+0000] {dag.py:3954} INFO - Setting next_dagrun for tutorial_taskflow_api to None, run_after=None
[2025-12-11T04:52:57.758+0000] {processor.py:183} INFO - Processing /home/airflow/.local/lib/python3.9/site-packages/airflow/example_dags/tutorial_taskflow_api.py took 0.119 seconds
