[2025-12-11T04:18:57.737+0000] {processor.py:161} INFO - Started process (PID=118) to work on /home/airflow/.local/lib/python3.9/site-packages/airflow/example_dags/tutorial.py
[2025-12-11T04:18:57.819+0000] {processor.py:830} INFO - Processing file /home/airflow/.local/lib/python3.9/site-packages/airflow/example_dags/tutorial.py for tasks to queue
[2025-12-11T04:18:57.823+0000] {logging_mixin.py:188} INFO - [2025-12-11T04:18:57.822+0000] {dagbag.py:545} INFO - Filling up the DagBag from /home/airflow/.local/lib/python3.9/site-packages/airflow/example_dags/tutorial.py
[2025-12-11T04:18:57.906+0000] {processor.py:840} INFO - DAG(s) 'tutorial' retrieved from /home/airflow/.local/lib/python3.9/site-packages/airflow/example_dags/tutorial.py
[2025-12-11T04:18:58.076+0000] {logging_mixin.py:188} INFO - [2025-12-11T04:18:58.076+0000] {dag.py:3096} INFO - Sync 1 DAGs
[2025-12-11T04:18:58.163+0000] {logging_mixin.py:188} INFO - [2025-12-11T04:18:58.162+0000] {dag.py:3954} INFO - Setting next_dagrun for tutorial to 2025-12-10 00:00:00+00:00, run_after=2025-12-11 00:00:00+00:00
[2025-12-11T04:18:58.491+0000] {processor.py:183} INFO - Processing /home/airflow/.local/lib/python3.9/site-packages/airflow/example_dags/tutorial.py took 0.777 seconds
[2025-12-11T04:19:28.840+0000] {processor.py:161} INFO - Started process (PID=184) to work on /home/airflow/.local/lib/python3.9/site-packages/airflow/example_dags/tutorial.py
[2025-12-11T04:19:29.008+0000] {processor.py:830} INFO - Processing file /home/airflow/.local/lib/python3.9/site-packages/airflow/example_dags/tutorial.py for tasks to queue
[2025-12-11T04:19:29.020+0000] {logging_mixin.py:188} INFO - [2025-12-11T04:19:29.019+0000] {dagbag.py:545} INFO - Filling up the DagBag from /home/airflow/.local/lib/python3.9/site-packages/airflow/example_dags/tutorial.py
[2025-12-11T04:19:29.062+0000] {processor.py:840} INFO - DAG(s) 'tutorial' retrieved from /home/airflow/.local/lib/python3.9/site-packages/airflow/example_dags/tutorial.py
[2025-12-11T04:19:29.183+0000] {logging_mixin.py:188} INFO - [2025-12-11T04:19:29.182+0000] {dag.py:3096} INFO - Sync 1 DAGs
[2025-12-11T04:19:29.301+0000] {logging_mixin.py:188} INFO - [2025-12-11T04:19:29.300+0000] {dag.py:3954} INFO - Setting next_dagrun for tutorial to 2025-12-10 00:00:00+00:00, run_after=2025-12-11 00:00:00+00:00
[2025-12-11T04:19:29.681+0000] {processor.py:183} INFO - Processing /home/airflow/.local/lib/python3.9/site-packages/airflow/example_dags/tutorial.py took 0.884 seconds
[2025-12-11T04:20:00.226+0000] {processor.py:161} INFO - Started process (PID=243) to work on /home/airflow/.local/lib/python3.9/site-packages/airflow/example_dags/tutorial.py
[2025-12-11T04:20:00.227+0000] {processor.py:830} INFO - Processing file /home/airflow/.local/lib/python3.9/site-packages/airflow/example_dags/tutorial.py for tasks to queue
[2025-12-11T04:20:00.240+0000] {logging_mixin.py:188} INFO - [2025-12-11T04:20:00.239+0000] {dagbag.py:545} INFO - Filling up the DagBag from /home/airflow/.local/lib/python3.9/site-packages/airflow/example_dags/tutorial.py
[2025-12-11T04:20:00.249+0000] {processor.py:840} INFO - DAG(s) 'tutorial' retrieved from /home/airflow/.local/lib/python3.9/site-packages/airflow/example_dags/tutorial.py
[2025-12-11T04:20:00.322+0000] {logging_mixin.py:188} INFO - [2025-12-11T04:20:00.321+0000] {dag.py:3096} INFO - Sync 1 DAGs
[2025-12-11T04:20:00.397+0000] {logging_mixin.py:188} INFO - [2025-12-11T04:20:00.389+0000] {dag.py:3954} INFO - Setting next_dagrun for tutorial to 2025-12-10 00:00:00+00:00, run_after=2025-12-11 00:00:00+00:00
[2025-12-11T04:20:00.427+0000] {processor.py:183} INFO - Processing /home/airflow/.local/lib/python3.9/site-packages/airflow/example_dags/tutorial.py took 0.218 seconds
[2025-12-11T04:20:30.803+0000] {processor.py:161} INFO - Started process (PID=309) to work on /home/airflow/.local/lib/python3.9/site-packages/airflow/example_dags/tutorial.py
[2025-12-11T04:20:30.805+0000] {processor.py:830} INFO - Processing file /home/airflow/.local/lib/python3.9/site-packages/airflow/example_dags/tutorial.py for tasks to queue
[2025-12-11T04:20:30.809+0000] {logging_mixin.py:188} INFO - [2025-12-11T04:20:30.808+0000] {dagbag.py:545} INFO - Filling up the DagBag from /home/airflow/.local/lib/python3.9/site-packages/airflow/example_dags/tutorial.py
[2025-12-11T04:20:30.820+0000] {processor.py:840} INFO - DAG(s) 'tutorial' retrieved from /home/airflow/.local/lib/python3.9/site-packages/airflow/example_dags/tutorial.py
[2025-12-11T04:20:30.865+0000] {logging_mixin.py:188} INFO - [2025-12-11T04:20:30.864+0000] {dag.py:3096} INFO - Sync 1 DAGs
[2025-12-11T04:20:30.908+0000] {logging_mixin.py:188} INFO - [2025-12-11T04:20:30.907+0000] {dag.py:3954} INFO - Setting next_dagrun for tutorial to 2025-12-10 00:00:00+00:00, run_after=2025-12-11 00:00:00+00:00
[2025-12-11T04:20:30.968+0000] {processor.py:183} INFO - Processing /home/airflow/.local/lib/python3.9/site-packages/airflow/example_dags/tutorial.py took 0.177 seconds
[2025-12-11T04:21:01.198+0000] {processor.py:161} INFO - Started process (PID=375) to work on /home/airflow/.local/lib/python3.9/site-packages/airflow/example_dags/tutorial.py
[2025-12-11T04:21:01.200+0000] {processor.py:830} INFO - Processing file /home/airflow/.local/lib/python3.9/site-packages/airflow/example_dags/tutorial.py for tasks to queue
[2025-12-11T04:21:01.204+0000] {logging_mixin.py:188} INFO - [2025-12-11T04:21:01.203+0000] {dagbag.py:545} INFO - Filling up the DagBag from /home/airflow/.local/lib/python3.9/site-packages/airflow/example_dags/tutorial.py
[2025-12-11T04:21:01.212+0000] {processor.py:840} INFO - DAG(s) 'tutorial' retrieved from /home/airflow/.local/lib/python3.9/site-packages/airflow/example_dags/tutorial.py
[2025-12-11T04:21:01.247+0000] {logging_mixin.py:188} INFO - [2025-12-11T04:21:01.246+0000] {dag.py:3096} INFO - Sync 1 DAGs
[2025-12-11T04:21:01.280+0000] {logging_mixin.py:188} INFO - [2025-12-11T04:21:01.280+0000] {dag.py:3954} INFO - Setting next_dagrun for tutorial to 2025-12-10 00:00:00+00:00, run_after=2025-12-11 00:00:00+00:00
[2025-12-11T04:21:01.310+0000] {processor.py:183} INFO - Processing /home/airflow/.local/lib/python3.9/site-packages/airflow/example_dags/tutorial.py took 0.121 seconds
[2025-12-11T04:21:31.707+0000] {processor.py:161} INFO - Started process (PID=440) to work on /home/airflow/.local/lib/python3.9/site-packages/airflow/example_dags/tutorial.py
[2025-12-11T04:21:31.709+0000] {processor.py:830} INFO - Processing file /home/airflow/.local/lib/python3.9/site-packages/airflow/example_dags/tutorial.py for tasks to queue
[2025-12-11T04:21:31.712+0000] {logging_mixin.py:188} INFO - [2025-12-11T04:21:31.712+0000] {dagbag.py:545} INFO - Filling up the DagBag from /home/airflow/.local/lib/python3.9/site-packages/airflow/example_dags/tutorial.py
[2025-12-11T04:21:31.723+0000] {processor.py:840} INFO - DAG(s) 'tutorial' retrieved from /home/airflow/.local/lib/python3.9/site-packages/airflow/example_dags/tutorial.py
[2025-12-11T04:21:31.774+0000] {logging_mixin.py:188} INFO - [2025-12-11T04:21:31.773+0000] {dag.py:3096} INFO - Sync 1 DAGs
[2025-12-11T04:21:31.824+0000] {logging_mixin.py:188} INFO - [2025-12-11T04:21:31.823+0000] {dag.py:3954} INFO - Setting next_dagrun for tutorial to 2025-12-10 00:00:00+00:00, run_after=2025-12-11 00:00:00+00:00
[2025-12-11T04:21:31.858+0000] {processor.py:183} INFO - Processing /home/airflow/.local/lib/python3.9/site-packages/airflow/example_dags/tutorial.py took 0.162 seconds
[2025-12-11T04:22:02.662+0000] {processor.py:161} INFO - Started process (PID=506) to work on /home/airflow/.local/lib/python3.9/site-packages/airflow/example_dags/tutorial.py
[2025-12-11T04:22:02.722+0000] {processor.py:830} INFO - Processing file /home/airflow/.local/lib/python3.9/site-packages/airflow/example_dags/tutorial.py for tasks to queue
[2025-12-11T04:22:02.727+0000] {logging_mixin.py:188} INFO - [2025-12-11T04:22:02.727+0000] {dagbag.py:545} INFO - Filling up the DagBag from /home/airflow/.local/lib/python3.9/site-packages/airflow/example_dags/tutorial.py
[2025-12-11T04:22:02.736+0000] {processor.py:840} INFO - DAG(s) 'tutorial' retrieved from /home/airflow/.local/lib/python3.9/site-packages/airflow/example_dags/tutorial.py
[2025-12-11T04:22:02.771+0000] {logging_mixin.py:188} INFO - [2025-12-11T04:22:02.770+0000] {dag.py:3096} INFO - Sync 1 DAGs
[2025-12-11T04:22:02.805+0000] {logging_mixin.py:188} INFO - [2025-12-11T04:22:02.804+0000] {dag.py:3954} INFO - Setting next_dagrun for tutorial to 2025-12-10 00:00:00+00:00, run_after=2025-12-11 00:00:00+00:00
[2025-12-11T04:22:02.844+0000] {processor.py:183} INFO - Processing /home/airflow/.local/lib/python3.9/site-packages/airflow/example_dags/tutorial.py took 0.192 seconds
[2025-12-11T04:22:32.915+0000] {processor.py:161} INFO - Started process (PID=572) to work on /home/airflow/.local/lib/python3.9/site-packages/airflow/example_dags/tutorial.py
[2025-12-11T04:22:33.016+0000] {processor.py:830} INFO - Processing file /home/airflow/.local/lib/python3.9/site-packages/airflow/example_dags/tutorial.py for tasks to queue
[2025-12-11T04:22:33.021+0000] {logging_mixin.py:188} INFO - [2025-12-11T04:22:33.020+0000] {dagbag.py:545} INFO - Filling up the DagBag from /home/airflow/.local/lib/python3.9/site-packages/airflow/example_dags/tutorial.py
[2025-12-11T04:22:33.035+0000] {processor.py:840} INFO - DAG(s) 'tutorial' retrieved from /home/airflow/.local/lib/python3.9/site-packages/airflow/example_dags/tutorial.py
[2025-12-11T04:22:33.086+0000] {logging_mixin.py:188} INFO - [2025-12-11T04:22:33.086+0000] {dag.py:3096} INFO - Sync 1 DAGs
[2025-12-11T04:22:33.134+0000] {logging_mixin.py:188} INFO - [2025-12-11T04:22:33.133+0000] {dag.py:3954} INFO - Setting next_dagrun for tutorial to 2025-12-10 00:00:00+00:00, run_after=2025-12-11 00:00:00+00:00
[2025-12-11T04:22:33.167+0000] {processor.py:183} INFO - Processing /home/airflow/.local/lib/python3.9/site-packages/airflow/example_dags/tutorial.py took 0.264 seconds
[2025-12-11T04:23:04.121+0000] {processor.py:161} INFO - Started process (PID=638) to work on /home/airflow/.local/lib/python3.9/site-packages/airflow/example_dags/tutorial.py
[2025-12-11T04:23:04.161+0000] {processor.py:830} INFO - Processing file /home/airflow/.local/lib/python3.9/site-packages/airflow/example_dags/tutorial.py for tasks to queue
[2025-12-11T04:23:04.170+0000] {logging_mixin.py:188} INFO - [2025-12-11T04:23:04.168+0000] {dagbag.py:545} INFO - Filling up the DagBag from /home/airflow/.local/lib/python3.9/site-packages/airflow/example_dags/tutorial.py
[2025-12-11T04:23:04.194+0000] {processor.py:840} INFO - DAG(s) 'tutorial' retrieved from /home/airflow/.local/lib/python3.9/site-packages/airflow/example_dags/tutorial.py
[2025-12-11T04:23:04.245+0000] {logging_mixin.py:188} INFO - [2025-12-11T04:23:04.244+0000] {dag.py:3096} INFO - Sync 1 DAGs
[2025-12-11T04:23:04.288+0000] {logging_mixin.py:188} INFO - [2025-12-11T04:23:04.288+0000] {dag.py:3954} INFO - Setting next_dagrun for tutorial to 2025-12-10 00:00:00+00:00, run_after=2025-12-11 00:00:00+00:00
[2025-12-11T04:23:04.538+0000] {processor.py:183} INFO - Processing /home/airflow/.local/lib/python3.9/site-packages/airflow/example_dags/tutorial.py took 0.429 seconds
[2025-12-11T04:23:35.468+0000] {processor.py:161} INFO - Started process (PID=704) to work on /home/airflow/.local/lib/python3.9/site-packages/airflow/example_dags/tutorial.py
[2025-12-11T04:23:35.470+0000] {processor.py:830} INFO - Processing file /home/airflow/.local/lib/python3.9/site-packages/airflow/example_dags/tutorial.py for tasks to queue
[2025-12-11T04:23:35.474+0000] {logging_mixin.py:188} INFO - [2025-12-11T04:23:35.473+0000] {dagbag.py:545} INFO - Filling up the DagBag from /home/airflow/.local/lib/python3.9/site-packages/airflow/example_dags/tutorial.py
[2025-12-11T04:23:35.484+0000] {processor.py:840} INFO - DAG(s) 'tutorial' retrieved from /home/airflow/.local/lib/python3.9/site-packages/airflow/example_dags/tutorial.py
[2025-12-11T04:23:35.523+0000] {logging_mixin.py:188} INFO - [2025-12-11T04:23:35.523+0000] {dag.py:3096} INFO - Sync 1 DAGs
[2025-12-11T04:23:35.563+0000] {logging_mixin.py:188} INFO - [2025-12-11T04:23:35.563+0000] {dag.py:3954} INFO - Setting next_dagrun for tutorial to 2025-12-10 00:00:00+00:00, run_after=2025-12-11 00:00:00+00:00
[2025-12-11T04:23:35.593+0000] {processor.py:183} INFO - Processing /home/airflow/.local/lib/python3.9/site-packages/airflow/example_dags/tutorial.py took 0.137 seconds
[2025-12-11T04:24:06.063+0000] {processor.py:161} INFO - Started process (PID=777) to work on /home/airflow/.local/lib/python3.9/site-packages/airflow/example_dags/tutorial.py
[2025-12-11T04:24:06.064+0000] {processor.py:830} INFO - Processing file /home/airflow/.local/lib/python3.9/site-packages/airflow/example_dags/tutorial.py for tasks to queue
[2025-12-11T04:24:06.067+0000] {logging_mixin.py:188} INFO - [2025-12-11T04:24:06.067+0000] {dagbag.py:545} INFO - Filling up the DagBag from /home/airflow/.local/lib/python3.9/site-packages/airflow/example_dags/tutorial.py
[2025-12-11T04:24:06.078+0000] {processor.py:840} INFO - DAG(s) 'tutorial' retrieved from /home/airflow/.local/lib/python3.9/site-packages/airflow/example_dags/tutorial.py
[2025-12-11T04:24:06.117+0000] {logging_mixin.py:188} INFO - [2025-12-11T04:24:06.116+0000] {dag.py:3096} INFO - Sync 1 DAGs
[2025-12-11T04:24:06.158+0000] {logging_mixin.py:188} INFO - [2025-12-11T04:24:06.157+0000] {dag.py:3954} INFO - Setting next_dagrun for tutorial to 2025-12-10 00:00:00+00:00, run_after=2025-12-11 00:00:00+00:00
[2025-12-11T04:24:06.184+0000] {processor.py:183} INFO - Processing /home/airflow/.local/lib/python3.9/site-packages/airflow/example_dags/tutorial.py took 0.136 seconds
[2025-12-11T04:24:36.633+0000] {processor.py:161} INFO - Started process (PID=843) to work on /home/airflow/.local/lib/python3.9/site-packages/airflow/example_dags/tutorial.py
[2025-12-11T04:24:36.635+0000] {processor.py:830} INFO - Processing file /home/airflow/.local/lib/python3.9/site-packages/airflow/example_dags/tutorial.py for tasks to queue
[2025-12-11T04:24:36.641+0000] {logging_mixin.py:188} INFO - [2025-12-11T04:24:36.640+0000] {dagbag.py:545} INFO - Filling up the DagBag from /home/airflow/.local/lib/python3.9/site-packages/airflow/example_dags/tutorial.py
[2025-12-11T04:24:36.653+0000] {processor.py:840} INFO - DAG(s) 'tutorial' retrieved from /home/airflow/.local/lib/python3.9/site-packages/airflow/example_dags/tutorial.py
[2025-12-11T04:24:36.698+0000] {logging_mixin.py:188} INFO - [2025-12-11T04:24:36.698+0000] {dag.py:3096} INFO - Sync 1 DAGs
[2025-12-11T04:24:36.749+0000] {logging_mixin.py:188} INFO - [2025-12-11T04:24:36.748+0000] {dag.py:3954} INFO - Setting next_dagrun for tutorial to 2025-12-10 00:00:00+00:00, run_after=2025-12-11 00:00:00+00:00
[2025-12-11T04:24:36.805+0000] {processor.py:183} INFO - Processing /home/airflow/.local/lib/python3.9/site-packages/airflow/example_dags/tutorial.py took 0.187 seconds
[2025-12-11T04:25:07.429+0000] {processor.py:161} INFO - Started process (PID=908) to work on /home/airflow/.local/lib/python3.9/site-packages/airflow/example_dags/tutorial.py
[2025-12-11T04:25:07.430+0000] {processor.py:830} INFO - Processing file /home/airflow/.local/lib/python3.9/site-packages/airflow/example_dags/tutorial.py for tasks to queue
[2025-12-11T04:25:07.433+0000] {logging_mixin.py:188} INFO - [2025-12-11T04:25:07.433+0000] {dagbag.py:545} INFO - Filling up the DagBag from /home/airflow/.local/lib/python3.9/site-packages/airflow/example_dags/tutorial.py
[2025-12-11T04:25:07.442+0000] {processor.py:840} INFO - DAG(s) 'tutorial' retrieved from /home/airflow/.local/lib/python3.9/site-packages/airflow/example_dags/tutorial.py
[2025-12-11T04:25:07.485+0000] {logging_mixin.py:188} INFO - [2025-12-11T04:25:07.484+0000] {dag.py:3096} INFO - Sync 1 DAGs
[2025-12-11T04:25:07.537+0000] {logging_mixin.py:188} INFO - [2025-12-11T04:25:07.532+0000] {dag.py:3954} INFO - Setting next_dagrun for tutorial to 2025-12-10 00:00:00+00:00, run_after=2025-12-11 00:00:00+00:00
[2025-12-11T04:25:07.566+0000] {processor.py:183} INFO - Processing /home/airflow/.local/lib/python3.9/site-packages/airflow/example_dags/tutorial.py took 0.146 seconds
[2025-12-11T04:25:37.975+0000] {processor.py:161} INFO - Started process (PID=974) to work on /home/airflow/.local/lib/python3.9/site-packages/airflow/example_dags/tutorial.py
[2025-12-11T04:25:38.000+0000] {processor.py:830} INFO - Processing file /home/airflow/.local/lib/python3.9/site-packages/airflow/example_dags/tutorial.py for tasks to queue
[2025-12-11T04:25:38.003+0000] {logging_mixin.py:188} INFO - [2025-12-11T04:25:38.002+0000] {dagbag.py:545} INFO - Filling up the DagBag from /home/airflow/.local/lib/python3.9/site-packages/airflow/example_dags/tutorial.py
[2025-12-11T04:25:38.012+0000] {processor.py:840} INFO - DAG(s) 'tutorial' retrieved from /home/airflow/.local/lib/python3.9/site-packages/airflow/example_dags/tutorial.py
[2025-12-11T04:25:38.051+0000] {logging_mixin.py:188} INFO - [2025-12-11T04:25:38.050+0000] {dag.py:3096} INFO - Sync 1 DAGs
[2025-12-11T04:25:38.094+0000] {logging_mixin.py:188} INFO - [2025-12-11T04:25:38.094+0000] {dag.py:3954} INFO - Setting next_dagrun for tutorial to 2025-12-10 00:00:00+00:00, run_after=2025-12-11 00:00:00+00:00
[2025-12-11T04:25:38.119+0000] {processor.py:183} INFO - Processing /home/airflow/.local/lib/python3.9/site-packages/airflow/example_dags/tutorial.py took 0.155 seconds
[2025-12-11T04:26:08.426+0000] {processor.py:161} INFO - Started process (PID=1040) to work on /home/airflow/.local/lib/python3.9/site-packages/airflow/example_dags/tutorial.py
[2025-12-11T04:26:08.428+0000] {processor.py:830} INFO - Processing file /home/airflow/.local/lib/python3.9/site-packages/airflow/example_dags/tutorial.py for tasks to queue
[2025-12-11T04:26:08.431+0000] {logging_mixin.py:188} INFO - [2025-12-11T04:26:08.431+0000] {dagbag.py:545} INFO - Filling up the DagBag from /home/airflow/.local/lib/python3.9/site-packages/airflow/example_dags/tutorial.py
[2025-12-11T04:26:08.442+0000] {processor.py:840} INFO - DAG(s) 'tutorial' retrieved from /home/airflow/.local/lib/python3.9/site-packages/airflow/example_dags/tutorial.py
[2025-12-11T04:26:08.489+0000] {logging_mixin.py:188} INFO - [2025-12-11T04:26:08.489+0000] {dag.py:3096} INFO - Sync 1 DAGs
[2025-12-11T04:26:08.539+0000] {logging_mixin.py:188} INFO - [2025-12-11T04:26:08.539+0000] {dag.py:3954} INFO - Setting next_dagrun for tutorial to 2025-12-10 00:00:00+00:00, run_after=2025-12-11 00:00:00+00:00
[2025-12-11T04:26:08.575+0000] {processor.py:183} INFO - Processing /home/airflow/.local/lib/python3.9/site-packages/airflow/example_dags/tutorial.py took 0.161 seconds
[2025-12-11T04:26:39.029+0000] {processor.py:161} INFO - Started process (PID=1104) to work on /home/airflow/.local/lib/python3.9/site-packages/airflow/example_dags/tutorial.py
[2025-12-11T04:26:39.049+0000] {processor.py:830} INFO - Processing file /home/airflow/.local/lib/python3.9/site-packages/airflow/example_dags/tutorial.py for tasks to queue
[2025-12-11T04:26:39.062+0000] {logging_mixin.py:188} INFO - [2025-12-11T04:26:39.061+0000] {dagbag.py:545} INFO - Filling up the DagBag from /home/airflow/.local/lib/python3.9/site-packages/airflow/example_dags/tutorial.py
[2025-12-11T04:26:39.073+0000] {processor.py:840} INFO - DAG(s) 'tutorial' retrieved from /home/airflow/.local/lib/python3.9/site-packages/airflow/example_dags/tutorial.py
[2025-12-11T04:26:39.126+0000] {logging_mixin.py:188} INFO - [2025-12-11T04:26:39.125+0000] {dag.py:3096} INFO - Sync 1 DAGs
[2025-12-11T04:26:39.182+0000] {logging_mixin.py:188} INFO - [2025-12-11T04:26:39.182+0000] {dag.py:3954} INFO - Setting next_dagrun for tutorial to 2025-12-10 00:00:00+00:00, run_after=2025-12-11 00:00:00+00:00
[2025-12-11T04:26:39.217+0000] {processor.py:183} INFO - Processing /home/airflow/.local/lib/python3.9/site-packages/airflow/example_dags/tutorial.py took 0.206 seconds
[2025-12-11T04:27:09.422+0000] {processor.py:161} INFO - Started process (PID=1170) to work on /home/airflow/.local/lib/python3.9/site-packages/airflow/example_dags/tutorial.py
[2025-12-11T04:27:09.437+0000] {processor.py:830} INFO - Processing file /home/airflow/.local/lib/python3.9/site-packages/airflow/example_dags/tutorial.py for tasks to queue
[2025-12-11T04:27:09.440+0000] {logging_mixin.py:188} INFO - [2025-12-11T04:27:09.440+0000] {dagbag.py:545} INFO - Filling up the DagBag from /home/airflow/.local/lib/python3.9/site-packages/airflow/example_dags/tutorial.py
[2025-12-11T04:27:09.449+0000] {processor.py:840} INFO - DAG(s) 'tutorial' retrieved from /home/airflow/.local/lib/python3.9/site-packages/airflow/example_dags/tutorial.py
[2025-12-11T04:27:09.496+0000] {logging_mixin.py:188} INFO - [2025-12-11T04:27:09.496+0000] {dag.py:3096} INFO - Sync 1 DAGs
[2025-12-11T04:27:09.549+0000] {logging_mixin.py:188} INFO - [2025-12-11T04:27:09.548+0000] {dag.py:3954} INFO - Setting next_dagrun for tutorial to 2025-12-10 00:00:00+00:00, run_after=2025-12-11 00:00:00+00:00
[2025-12-11T04:27:09.595+0000] {processor.py:183} INFO - Processing /home/airflow/.local/lib/python3.9/site-packages/airflow/example_dags/tutorial.py took 0.183 seconds
[2025-12-11T04:27:39.668+0000] {processor.py:161} INFO - Started process (PID=1236) to work on /home/airflow/.local/lib/python3.9/site-packages/airflow/example_dags/tutorial.py
[2025-12-11T04:27:39.669+0000] {processor.py:830} INFO - Processing file /home/airflow/.local/lib/python3.9/site-packages/airflow/example_dags/tutorial.py for tasks to queue
[2025-12-11T04:27:39.673+0000] {logging_mixin.py:188} INFO - [2025-12-11T04:27:39.673+0000] {dagbag.py:545} INFO - Filling up the DagBag from /home/airflow/.local/lib/python3.9/site-packages/airflow/example_dags/tutorial.py
[2025-12-11T04:27:39.683+0000] {processor.py:840} INFO - DAG(s) 'tutorial' retrieved from /home/airflow/.local/lib/python3.9/site-packages/airflow/example_dags/tutorial.py
[2025-12-11T04:27:39.720+0000] {logging_mixin.py:188} INFO - [2025-12-11T04:27:39.720+0000] {dag.py:3096} INFO - Sync 1 DAGs
[2025-12-11T04:27:39.756+0000] {logging_mixin.py:188} INFO - [2025-12-11T04:27:39.755+0000] {dag.py:3954} INFO - Setting next_dagrun for tutorial to 2025-12-10 00:00:00+00:00, run_after=2025-12-11 00:00:00+00:00
[2025-12-11T04:27:39.783+0000] {processor.py:183} INFO - Processing /home/airflow/.local/lib/python3.9/site-packages/airflow/example_dags/tutorial.py took 0.126 seconds
[2025-12-11T04:28:09.846+0000] {processor.py:161} INFO - Started process (PID=1302) to work on /home/airflow/.local/lib/python3.9/site-packages/airflow/example_dags/tutorial.py
[2025-12-11T04:28:09.847+0000] {processor.py:830} INFO - Processing file /home/airflow/.local/lib/python3.9/site-packages/airflow/example_dags/tutorial.py for tasks to queue
[2025-12-11T04:28:09.850+0000] {logging_mixin.py:188} INFO - [2025-12-11T04:28:09.849+0000] {dagbag.py:545} INFO - Filling up the DagBag from /home/airflow/.local/lib/python3.9/site-packages/airflow/example_dags/tutorial.py
[2025-12-11T04:28:09.859+0000] {processor.py:840} INFO - DAG(s) 'tutorial' retrieved from /home/airflow/.local/lib/python3.9/site-packages/airflow/example_dags/tutorial.py
[2025-12-11T04:28:09.895+0000] {logging_mixin.py:188} INFO - [2025-12-11T04:28:09.894+0000] {dag.py:3096} INFO - Sync 1 DAGs
[2025-12-11T04:28:09.930+0000] {logging_mixin.py:188} INFO - [2025-12-11T04:28:09.930+0000] {dag.py:3954} INFO - Setting next_dagrun for tutorial to 2025-12-10 00:00:00+00:00, run_after=2025-12-11 00:00:00+00:00
[2025-12-11T04:28:09.958+0000] {processor.py:183} INFO - Processing /home/airflow/.local/lib/python3.9/site-packages/airflow/example_dags/tutorial.py took 0.122 seconds
[2025-12-11T04:28:40.078+0000] {processor.py:161} INFO - Started process (PID=1368) to work on /home/airflow/.local/lib/python3.9/site-packages/airflow/example_dags/tutorial.py
[2025-12-11T04:28:40.087+0000] {processor.py:830} INFO - Processing file /home/airflow/.local/lib/python3.9/site-packages/airflow/example_dags/tutorial.py for tasks to queue
[2025-12-11T04:28:40.090+0000] {logging_mixin.py:188} INFO - [2025-12-11T04:28:40.089+0000] {dagbag.py:545} INFO - Filling up the DagBag from /home/airflow/.local/lib/python3.9/site-packages/airflow/example_dags/tutorial.py
[2025-12-11T04:28:40.099+0000] {processor.py:840} INFO - DAG(s) 'tutorial' retrieved from /home/airflow/.local/lib/python3.9/site-packages/airflow/example_dags/tutorial.py
[2025-12-11T04:28:40.137+0000] {logging_mixin.py:188} INFO - [2025-12-11T04:28:40.137+0000] {dag.py:3096} INFO - Sync 1 DAGs
[2025-12-11T04:28:40.172+0000] {logging_mixin.py:188} INFO - [2025-12-11T04:28:40.172+0000] {dag.py:3954} INFO - Setting next_dagrun for tutorial to 2025-12-10 00:00:00+00:00, run_after=2025-12-11 00:00:00+00:00
[2025-12-11T04:28:40.198+0000] {processor.py:183} INFO - Processing /home/airflow/.local/lib/python3.9/site-packages/airflow/example_dags/tutorial.py took 0.133 seconds
[2025-12-11T04:29:10.679+0000] {processor.py:161} INFO - Started process (PID=1434) to work on /home/airflow/.local/lib/python3.9/site-packages/airflow/example_dags/tutorial.py
[2025-12-11T04:29:10.709+0000] {processor.py:830} INFO - Processing file /home/airflow/.local/lib/python3.9/site-packages/airflow/example_dags/tutorial.py for tasks to queue
[2025-12-11T04:29:10.712+0000] {logging_mixin.py:188} INFO - [2025-12-11T04:29:10.712+0000] {dagbag.py:545} INFO - Filling up the DagBag from /home/airflow/.local/lib/python3.9/site-packages/airflow/example_dags/tutorial.py
[2025-12-11T04:29:10.723+0000] {processor.py:840} INFO - DAG(s) 'tutorial' retrieved from /home/airflow/.local/lib/python3.9/site-packages/airflow/example_dags/tutorial.py
[2025-12-11T04:29:10.760+0000] {logging_mixin.py:188} INFO - [2025-12-11T04:29:10.760+0000] {dag.py:3096} INFO - Sync 1 DAGs
[2025-12-11T04:29:10.797+0000] {logging_mixin.py:188} INFO - [2025-12-11T04:29:10.797+0000] {dag.py:3954} INFO - Setting next_dagrun for tutorial to 2025-12-10 00:00:00+00:00, run_after=2025-12-11 00:00:00+00:00
[2025-12-11T04:29:10.831+0000] {processor.py:183} INFO - Processing /home/airflow/.local/lib/python3.9/site-packages/airflow/example_dags/tutorial.py took 0.160 seconds
[2025-12-11T04:29:41.431+0000] {processor.py:161} INFO - Started process (PID=1500) to work on /home/airflow/.local/lib/python3.9/site-packages/airflow/example_dags/tutorial.py
[2025-12-11T04:29:41.441+0000] {processor.py:830} INFO - Processing file /home/airflow/.local/lib/python3.9/site-packages/airflow/example_dags/tutorial.py for tasks to queue
[2025-12-11T04:29:41.444+0000] {logging_mixin.py:188} INFO - [2025-12-11T04:29:41.444+0000] {dagbag.py:545} INFO - Filling up the DagBag from /home/airflow/.local/lib/python3.9/site-packages/airflow/example_dags/tutorial.py
[2025-12-11T04:29:41.454+0000] {processor.py:840} INFO - DAG(s) 'tutorial' retrieved from /home/airflow/.local/lib/python3.9/site-packages/airflow/example_dags/tutorial.py
[2025-12-11T04:29:41.491+0000] {logging_mixin.py:188} INFO - [2025-12-11T04:29:41.491+0000] {dag.py:3096} INFO - Sync 1 DAGs
[2025-12-11T04:29:41.526+0000] {logging_mixin.py:188} INFO - [2025-12-11T04:29:41.526+0000] {dag.py:3954} INFO - Setting next_dagrun for tutorial to 2025-12-10 00:00:00+00:00, run_after=2025-12-11 00:00:00+00:00
[2025-12-11T04:29:41.551+0000] {processor.py:183} INFO - Processing /home/airflow/.local/lib/python3.9/site-packages/airflow/example_dags/tutorial.py took 0.130 seconds
[2025-12-11T04:30:11.678+0000] {processor.py:161} INFO - Started process (PID=1566) to work on /home/airflow/.local/lib/python3.9/site-packages/airflow/example_dags/tutorial.py
[2025-12-11T04:30:11.679+0000] {processor.py:830} INFO - Processing file /home/airflow/.local/lib/python3.9/site-packages/airflow/example_dags/tutorial.py for tasks to queue
[2025-12-11T04:30:11.682+0000] {logging_mixin.py:188} INFO - [2025-12-11T04:30:11.682+0000] {dagbag.py:545} INFO - Filling up the DagBag from /home/airflow/.local/lib/python3.9/site-packages/airflow/example_dags/tutorial.py
[2025-12-11T04:30:11.691+0000] {processor.py:840} INFO - DAG(s) 'tutorial' retrieved from /home/airflow/.local/lib/python3.9/site-packages/airflow/example_dags/tutorial.py
[2025-12-11T04:30:11.728+0000] {logging_mixin.py:188} INFO - [2025-12-11T04:30:11.728+0000] {dag.py:3096} INFO - Sync 1 DAGs
[2025-12-11T04:30:11.764+0000] {logging_mixin.py:188} INFO - [2025-12-11T04:30:11.763+0000] {dag.py:3954} INFO - Setting next_dagrun for tutorial to 2025-12-10 00:00:00+00:00, run_after=2025-12-11 00:00:00+00:00
[2025-12-11T04:30:11.788+0000] {processor.py:183} INFO - Processing /home/airflow/.local/lib/python3.9/site-packages/airflow/example_dags/tutorial.py took 0.121 seconds
[2025-12-11T04:30:42.025+0000] {processor.py:161} INFO - Started process (PID=1631) to work on /home/airflow/.local/lib/python3.9/site-packages/airflow/example_dags/tutorial.py
[2025-12-11T04:30:42.048+0000] {processor.py:830} INFO - Processing file /home/airflow/.local/lib/python3.9/site-packages/airflow/example_dags/tutorial.py for tasks to queue
[2025-12-11T04:30:42.052+0000] {logging_mixin.py:188} INFO - [2025-12-11T04:30:42.051+0000] {dagbag.py:545} INFO - Filling up the DagBag from /home/airflow/.local/lib/python3.9/site-packages/airflow/example_dags/tutorial.py
[2025-12-11T04:30:42.062+0000] {processor.py:840} INFO - DAG(s) 'tutorial' retrieved from /home/airflow/.local/lib/python3.9/site-packages/airflow/example_dags/tutorial.py
[2025-12-11T04:30:42.104+0000] {logging_mixin.py:188} INFO - [2025-12-11T04:30:42.103+0000] {dag.py:3096} INFO - Sync 1 DAGs
[2025-12-11T04:30:42.142+0000] {logging_mixin.py:188} INFO - [2025-12-11T04:30:42.142+0000] {dag.py:3954} INFO - Setting next_dagrun for tutorial to 2025-12-10 00:00:00+00:00, run_after=2025-12-11 00:00:00+00:00
[2025-12-11T04:30:42.420+0000] {processor.py:183} INFO - Processing /home/airflow/.local/lib/python3.9/site-packages/airflow/example_dags/tutorial.py took 0.407 seconds
[2025-12-11T04:31:12.900+0000] {processor.py:161} INFO - Started process (PID=1697) to work on /home/airflow/.local/lib/python3.9/site-packages/airflow/example_dags/tutorial.py
[2025-12-11T04:31:12.902+0000] {processor.py:830} INFO - Processing file /home/airflow/.local/lib/python3.9/site-packages/airflow/example_dags/tutorial.py for tasks to queue
[2025-12-11T04:31:12.905+0000] {logging_mixin.py:188} INFO - [2025-12-11T04:31:12.905+0000] {dagbag.py:545} INFO - Filling up the DagBag from /home/airflow/.local/lib/python3.9/site-packages/airflow/example_dags/tutorial.py
[2025-12-11T04:31:12.919+0000] {processor.py:840} INFO - DAG(s) 'tutorial' retrieved from /home/airflow/.local/lib/python3.9/site-packages/airflow/example_dags/tutorial.py
[2025-12-11T04:31:12.968+0000] {logging_mixin.py:188} INFO - [2025-12-11T04:31:12.967+0000] {dag.py:3096} INFO - Sync 1 DAGs
[2025-12-11T04:31:13.011+0000] {logging_mixin.py:188} INFO - [2025-12-11T04:31:13.010+0000] {dag.py:3954} INFO - Setting next_dagrun for tutorial to 2025-12-10 00:00:00+00:00, run_after=2025-12-11 00:00:00+00:00
[2025-12-11T04:31:13.046+0000] {processor.py:183} INFO - Processing /home/airflow/.local/lib/python3.9/site-packages/airflow/example_dags/tutorial.py took 0.159 seconds
[2025-12-11T04:31:43.387+0000] {processor.py:161} INFO - Started process (PID=1763) to work on /home/airflow/.local/lib/python3.9/site-packages/airflow/example_dags/tutorial.py
[2025-12-11T04:31:43.389+0000] {processor.py:830} INFO - Processing file /home/airflow/.local/lib/python3.9/site-packages/airflow/example_dags/tutorial.py for tasks to queue
[2025-12-11T04:31:43.392+0000] {logging_mixin.py:188} INFO - [2025-12-11T04:31:43.391+0000] {dagbag.py:545} INFO - Filling up the DagBag from /home/airflow/.local/lib/python3.9/site-packages/airflow/example_dags/tutorial.py
[2025-12-11T04:31:43.401+0000] {processor.py:840} INFO - DAG(s) 'tutorial' retrieved from /home/airflow/.local/lib/python3.9/site-packages/airflow/example_dags/tutorial.py
[2025-12-11T04:31:43.450+0000] {logging_mixin.py:188} INFO - [2025-12-11T04:31:43.449+0000] {dag.py:3096} INFO - Sync 1 DAGs
[2025-12-11T04:31:43.507+0000] {logging_mixin.py:188} INFO - [2025-12-11T04:31:43.507+0000] {dag.py:3954} INFO - Setting next_dagrun for tutorial to 2025-12-10 00:00:00+00:00, run_after=2025-12-11 00:00:00+00:00
[2025-12-11T04:31:43.541+0000] {processor.py:183} INFO - Processing /home/airflow/.local/lib/python3.9/site-packages/airflow/example_dags/tutorial.py took 0.164 seconds
[2025-12-11T04:32:13.848+0000] {processor.py:161} INFO - Started process (PID=1829) to work on /home/airflow/.local/lib/python3.9/site-packages/airflow/example_dags/tutorial.py
[2025-12-11T04:32:13.850+0000] {processor.py:830} INFO - Processing file /home/airflow/.local/lib/python3.9/site-packages/airflow/example_dags/tutorial.py for tasks to queue
[2025-12-11T04:32:13.852+0000] {logging_mixin.py:188} INFO - [2025-12-11T04:32:13.852+0000] {dagbag.py:545} INFO - Filling up the DagBag from /home/airflow/.local/lib/python3.9/site-packages/airflow/example_dags/tutorial.py
[2025-12-11T04:32:13.861+0000] {processor.py:840} INFO - DAG(s) 'tutorial' retrieved from /home/airflow/.local/lib/python3.9/site-packages/airflow/example_dags/tutorial.py
[2025-12-11T04:32:13.909+0000] {logging_mixin.py:188} INFO - [2025-12-11T04:32:13.908+0000] {dag.py:3096} INFO - Sync 1 DAGs
[2025-12-11T04:32:13.952+0000] {logging_mixin.py:188} INFO - [2025-12-11T04:32:13.952+0000] {dag.py:3954} INFO - Setting next_dagrun for tutorial to 2025-12-10 00:00:00+00:00, run_after=2025-12-11 00:00:00+00:00
[2025-12-11T04:32:13.996+0000] {processor.py:183} INFO - Processing /home/airflow/.local/lib/python3.9/site-packages/airflow/example_dags/tutorial.py took 0.159 seconds
[2025-12-11T04:32:44.797+0000] {processor.py:161} INFO - Started process (PID=1895) to work on /home/airflow/.local/lib/python3.9/site-packages/airflow/example_dags/tutorial.py
[2025-12-11T04:32:44.800+0000] {processor.py:830} INFO - Processing file /home/airflow/.local/lib/python3.9/site-packages/airflow/example_dags/tutorial.py for tasks to queue
[2025-12-11T04:32:44.803+0000] {logging_mixin.py:188} INFO - [2025-12-11T04:32:44.802+0000] {dagbag.py:545} INFO - Filling up the DagBag from /home/airflow/.local/lib/python3.9/site-packages/airflow/example_dags/tutorial.py
[2025-12-11T04:32:44.822+0000] {processor.py:840} INFO - DAG(s) 'tutorial' retrieved from /home/airflow/.local/lib/python3.9/site-packages/airflow/example_dags/tutorial.py
[2025-12-11T04:32:44.861+0000] {logging_mixin.py:188} INFO - [2025-12-11T04:32:44.860+0000] {dag.py:3096} INFO - Sync 1 DAGs
[2025-12-11T04:32:44.898+0000] {logging_mixin.py:188} INFO - [2025-12-11T04:32:44.898+0000] {dag.py:3954} INFO - Setting next_dagrun for tutorial to 2025-12-10 00:00:00+00:00, run_after=2025-12-11 00:00:00+00:00
[2025-12-11T04:32:44.928+0000] {processor.py:183} INFO - Processing /home/airflow/.local/lib/python3.9/site-packages/airflow/example_dags/tutorial.py took 0.149 seconds
[2025-12-11T04:33:15.337+0000] {processor.py:161} INFO - Started process (PID=1961) to work on /home/airflow/.local/lib/python3.9/site-packages/airflow/example_dags/tutorial.py
[2025-12-11T04:33:15.378+0000] {processor.py:830} INFO - Processing file /home/airflow/.local/lib/python3.9/site-packages/airflow/example_dags/tutorial.py for tasks to queue
[2025-12-11T04:33:15.381+0000] {logging_mixin.py:188} INFO - [2025-12-11T04:33:15.380+0000] {dagbag.py:545} INFO - Filling up the DagBag from /home/airflow/.local/lib/python3.9/site-packages/airflow/example_dags/tutorial.py
[2025-12-11T04:33:15.390+0000] {processor.py:840} INFO - DAG(s) 'tutorial' retrieved from /home/airflow/.local/lib/python3.9/site-packages/airflow/example_dags/tutorial.py
[2025-12-11T04:33:15.426+0000] {logging_mixin.py:188} INFO - [2025-12-11T04:33:15.426+0000] {dag.py:3096} INFO - Sync 1 DAGs
[2025-12-11T04:33:15.460+0000] {logging_mixin.py:188} INFO - [2025-12-11T04:33:15.460+0000] {dag.py:3954} INFO - Setting next_dagrun for tutorial to 2025-12-10 00:00:00+00:00, run_after=2025-12-11 00:00:00+00:00
[2025-12-11T04:33:15.717+0000] {processor.py:183} INFO - Processing /home/airflow/.local/lib/python3.9/site-packages/airflow/example_dags/tutorial.py took 0.392 seconds
[2025-12-11T04:33:46.484+0000] {processor.py:161} INFO - Started process (PID=2028) to work on /home/airflow/.local/lib/python3.9/site-packages/airflow/example_dags/tutorial.py
[2025-12-11T04:33:46.486+0000] {processor.py:830} INFO - Processing file /home/airflow/.local/lib/python3.9/site-packages/airflow/example_dags/tutorial.py for tasks to queue
[2025-12-11T04:33:46.499+0000] {logging_mixin.py:188} INFO - [2025-12-11T04:33:46.499+0000] {dagbag.py:545} INFO - Filling up the DagBag from /home/airflow/.local/lib/python3.9/site-packages/airflow/example_dags/tutorial.py
[2025-12-11T04:33:46.521+0000] {processor.py:840} INFO - DAG(s) 'tutorial' retrieved from /home/airflow/.local/lib/python3.9/site-packages/airflow/example_dags/tutorial.py
[2025-12-11T04:33:46.598+0000] {logging_mixin.py:188} INFO - [2025-12-11T04:33:46.598+0000] {dag.py:3096} INFO - Sync 1 DAGs
[2025-12-11T04:33:46.657+0000] {logging_mixin.py:188} INFO - [2025-12-11T04:33:46.657+0000] {dag.py:3954} INFO - Setting next_dagrun for tutorial to 2025-12-10 00:00:00+00:00, run_after=2025-12-11 00:00:00+00:00
[2025-12-11T04:33:46.917+0000] {processor.py:183} INFO - Processing /home/airflow/.local/lib/python3.9/site-packages/airflow/example_dags/tutorial.py took 0.450 seconds
[2025-12-11T04:34:17.130+0000] {processor.py:161} INFO - Started process (PID=2096) to work on /home/airflow/.local/lib/python3.9/site-packages/airflow/example_dags/tutorial.py
[2025-12-11T04:34:17.139+0000] {processor.py:830} INFO - Processing file /home/airflow/.local/lib/python3.9/site-packages/airflow/example_dags/tutorial.py for tasks to queue
[2025-12-11T04:34:17.142+0000] {logging_mixin.py:188} INFO - [2025-12-11T04:34:17.141+0000] {dagbag.py:545} INFO - Filling up the DagBag from /home/airflow/.local/lib/python3.9/site-packages/airflow/example_dags/tutorial.py
[2025-12-11T04:34:17.152+0000] {processor.py:840} INFO - DAG(s) 'tutorial' retrieved from /home/airflow/.local/lib/python3.9/site-packages/airflow/example_dags/tutorial.py
[2025-12-11T04:34:17.190+0000] {logging_mixin.py:188} INFO - [2025-12-11T04:34:17.190+0000] {dag.py:3096} INFO - Sync 1 DAGs
[2025-12-11T04:34:17.239+0000] {logging_mixin.py:188} INFO - [2025-12-11T04:34:17.238+0000] {dag.py:3954} INFO - Setting next_dagrun for tutorial to 2025-12-10 00:00:00+00:00, run_after=2025-12-11 00:00:00+00:00
[2025-12-11T04:34:17.306+0000] {processor.py:183} INFO - Processing /home/airflow/.local/lib/python3.9/site-packages/airflow/example_dags/tutorial.py took 0.187 seconds
[2025-12-11T04:34:47.465+0000] {processor.py:161} INFO - Started process (PID=2163) to work on /home/airflow/.local/lib/python3.9/site-packages/airflow/example_dags/tutorial.py
[2025-12-11T04:34:47.474+0000] {processor.py:830} INFO - Processing file /home/airflow/.local/lib/python3.9/site-packages/airflow/example_dags/tutorial.py for tasks to queue
[2025-12-11T04:34:47.477+0000] {logging_mixin.py:188} INFO - [2025-12-11T04:34:47.477+0000] {dagbag.py:545} INFO - Filling up the DagBag from /home/airflow/.local/lib/python3.9/site-packages/airflow/example_dags/tutorial.py
[2025-12-11T04:34:47.488+0000] {processor.py:840} INFO - DAG(s) 'tutorial' retrieved from /home/airflow/.local/lib/python3.9/site-packages/airflow/example_dags/tutorial.py
[2025-12-11T04:34:47.526+0000] {logging_mixin.py:188} INFO - [2025-12-11T04:34:47.526+0000] {dag.py:3096} INFO - Sync 1 DAGs
[2025-12-11T04:34:47.561+0000] {logging_mixin.py:188} INFO - [2025-12-11T04:34:47.561+0000] {dag.py:3954} INFO - Setting next_dagrun for tutorial to 2025-12-10 00:00:00+00:00, run_after=2025-12-11 00:00:00+00:00
[2025-12-11T04:34:47.587+0000] {processor.py:183} INFO - Processing /home/airflow/.local/lib/python3.9/site-packages/airflow/example_dags/tutorial.py took 0.133 seconds
[2025-12-11T04:35:18.226+0000] {processor.py:161} INFO - Started process (PID=2238) to work on /home/airflow/.local/lib/python3.9/site-packages/airflow/example_dags/tutorial.py
[2025-12-11T04:35:18.227+0000] {processor.py:830} INFO - Processing file /home/airflow/.local/lib/python3.9/site-packages/airflow/example_dags/tutorial.py for tasks to queue
[2025-12-11T04:35:18.230+0000] {logging_mixin.py:188} INFO - [2025-12-11T04:35:18.230+0000] {dagbag.py:545} INFO - Filling up the DagBag from /home/airflow/.local/lib/python3.9/site-packages/airflow/example_dags/tutorial.py
[2025-12-11T04:35:18.239+0000] {processor.py:840} INFO - DAG(s) 'tutorial' retrieved from /home/airflow/.local/lib/python3.9/site-packages/airflow/example_dags/tutorial.py
[2025-12-11T04:35:18.276+0000] {logging_mixin.py:188} INFO - [2025-12-11T04:35:18.275+0000] {dag.py:3096} INFO - Sync 1 DAGs
[2025-12-11T04:35:18.307+0000] {logging_mixin.py:188} INFO - [2025-12-11T04:35:18.306+0000] {dag.py:3954} INFO - Setting next_dagrun for tutorial to 2025-12-10 00:00:00+00:00, run_after=2025-12-11 00:00:00+00:00
[2025-12-11T04:35:18.329+0000] {processor.py:183} INFO - Processing /home/airflow/.local/lib/python3.9/site-packages/airflow/example_dags/tutorial.py took 0.120 seconds
[2025-12-11T04:35:49.877+0000] {processor.py:161} INFO - Started process (PID=2305) to work on /home/airflow/.local/lib/python3.9/site-packages/airflow/example_dags/tutorial.py
[2025-12-11T04:35:49.881+0000] {processor.py:830} INFO - Processing file /home/airflow/.local/lib/python3.9/site-packages/airflow/example_dags/tutorial.py for tasks to queue
[2025-12-11T04:35:49.885+0000] {logging_mixin.py:188} INFO - [2025-12-11T04:35:49.884+0000] {dagbag.py:545} INFO - Filling up the DagBag from /home/airflow/.local/lib/python3.9/site-packages/airflow/example_dags/tutorial.py
[2025-12-11T04:35:49.902+0000] {processor.py:840} INFO - DAG(s) 'tutorial' retrieved from /home/airflow/.local/lib/python3.9/site-packages/airflow/example_dags/tutorial.py
[2025-12-11T04:35:49.978+0000] {logging_mixin.py:188} INFO - [2025-12-11T04:35:49.978+0000] {dag.py:3096} INFO - Sync 1 DAGs
[2025-12-11T04:35:50.053+0000] {logging_mixin.py:188} INFO - [2025-12-11T04:35:50.052+0000] {dag.py:3954} INFO - Setting next_dagrun for tutorial to 2025-12-10 00:00:00+00:00, run_after=2025-12-11 00:00:00+00:00
[2025-12-11T04:35:50.113+0000] {processor.py:183} INFO - Processing /home/airflow/.local/lib/python3.9/site-packages/airflow/example_dags/tutorial.py took 0.256 seconds
[2025-12-11T04:36:20.878+0000] {processor.py:161} INFO - Started process (PID=2372) to work on /home/airflow/.local/lib/python3.9/site-packages/airflow/example_dags/tutorial.py
[2025-12-11T04:36:20.888+0000] {processor.py:830} INFO - Processing file /home/airflow/.local/lib/python3.9/site-packages/airflow/example_dags/tutorial.py for tasks to queue
[2025-12-11T04:36:20.899+0000] {logging_mixin.py:188} INFO - [2025-12-11T04:36:20.899+0000] {dagbag.py:545} INFO - Filling up the DagBag from /home/airflow/.local/lib/python3.9/site-packages/airflow/example_dags/tutorial.py
[2025-12-11T04:36:20.919+0000] {processor.py:840} INFO - DAG(s) 'tutorial' retrieved from /home/airflow/.local/lib/python3.9/site-packages/airflow/example_dags/tutorial.py
[2025-12-11T04:36:21.003+0000] {logging_mixin.py:188} INFO - [2025-12-11T04:36:21.002+0000] {dag.py:3096} INFO - Sync 1 DAGs
[2025-12-11T04:36:21.124+0000] {logging_mixin.py:188} INFO - [2025-12-11T04:36:21.124+0000] {dag.py:3954} INFO - Setting next_dagrun for tutorial to 2025-12-10 00:00:00+00:00, run_after=2025-12-11 00:00:00+00:00
[2025-12-11T04:36:21.266+0000] {processor.py:183} INFO - Processing /home/airflow/.local/lib/python3.9/site-packages/airflow/example_dags/tutorial.py took 0.421 seconds
[2025-12-11T04:36:51.828+0000] {processor.py:161} INFO - Started process (PID=2439) to work on /home/airflow/.local/lib/python3.9/site-packages/airflow/example_dags/tutorial.py
[2025-12-11T04:36:51.872+0000] {processor.py:830} INFO - Processing file /home/airflow/.local/lib/python3.9/site-packages/airflow/example_dags/tutorial.py for tasks to queue
[2025-12-11T04:36:51.879+0000] {logging_mixin.py:188} INFO - [2025-12-11T04:36:51.879+0000] {dagbag.py:545} INFO - Filling up the DagBag from /home/airflow/.local/lib/python3.9/site-packages/airflow/example_dags/tutorial.py
[2025-12-11T04:36:51.898+0000] {processor.py:840} INFO - DAG(s) 'tutorial' retrieved from /home/airflow/.local/lib/python3.9/site-packages/airflow/example_dags/tutorial.py
[2025-12-11T04:36:52.000+0000] {logging_mixin.py:188} INFO - [2025-12-11T04:36:51.999+0000] {dag.py:3096} INFO - Sync 1 DAGs
[2025-12-11T04:36:52.118+0000] {logging_mixin.py:188} INFO - [2025-12-11T04:36:52.117+0000] {dag.py:3954} INFO - Setting next_dagrun for tutorial to 2025-12-10 00:00:00+00:00, run_after=2025-12-11 00:00:00+00:00
[2025-12-11T04:36:52.203+0000] {processor.py:183} INFO - Processing /home/airflow/.local/lib/python3.9/site-packages/airflow/example_dags/tutorial.py took 0.385 seconds
[2025-12-11T04:37:22.561+0000] {processor.py:161} INFO - Started process (PID=2506) to work on /home/airflow/.local/lib/python3.9/site-packages/airflow/example_dags/tutorial.py
[2025-12-11T04:37:22.568+0000] {processor.py:830} INFO - Processing file /home/airflow/.local/lib/python3.9/site-packages/airflow/example_dags/tutorial.py for tasks to queue
[2025-12-11T04:37:22.575+0000] {logging_mixin.py:188} INFO - [2025-12-11T04:37:22.571+0000] {dagbag.py:545} INFO - Filling up the DagBag from /home/airflow/.local/lib/python3.9/site-packages/airflow/example_dags/tutorial.py
[2025-12-11T04:37:22.591+0000] {processor.py:840} INFO - DAG(s) 'tutorial' retrieved from /home/airflow/.local/lib/python3.9/site-packages/airflow/example_dags/tutorial.py
[2025-12-11T04:37:22.739+0000] {logging_mixin.py:188} INFO - [2025-12-11T04:37:22.738+0000] {dag.py:3096} INFO - Sync 1 DAGs
[2025-12-11T04:37:22.859+0000] {logging_mixin.py:188} INFO - [2025-12-11T04:37:22.858+0000] {dag.py:3954} INFO - Setting next_dagrun for tutorial to 2025-12-10 00:00:00+00:00, run_after=2025-12-11 00:00:00+00:00
[2025-12-11T04:37:23.001+0000] {processor.py:183} INFO - Processing /home/airflow/.local/lib/python3.9/site-packages/airflow/example_dags/tutorial.py took 0.458 seconds
[2025-12-11T04:37:53.701+0000] {processor.py:161} INFO - Started process (PID=2573) to work on /home/airflow/.local/lib/python3.9/site-packages/airflow/example_dags/tutorial.py
[2025-12-11T04:37:53.703+0000] {processor.py:830} INFO - Processing file /home/airflow/.local/lib/python3.9/site-packages/airflow/example_dags/tutorial.py for tasks to queue
[2025-12-11T04:37:53.719+0000] {logging_mixin.py:188} INFO - [2025-12-11T04:37:53.719+0000] {dagbag.py:545} INFO - Filling up the DagBag from /home/airflow/.local/lib/python3.9/site-packages/airflow/example_dags/tutorial.py
[2025-12-11T04:37:53.744+0000] {processor.py:840} INFO - DAG(s) 'tutorial' retrieved from /home/airflow/.local/lib/python3.9/site-packages/airflow/example_dags/tutorial.py
[2025-12-11T04:37:53.841+0000] {logging_mixin.py:188} INFO - [2025-12-11T04:37:53.839+0000] {dag.py:3096} INFO - Sync 1 DAGs
[2025-12-11T04:37:53.945+0000] {logging_mixin.py:188} INFO - [2025-12-11T04:37:53.945+0000] {dag.py:3954} INFO - Setting next_dagrun for tutorial to 2025-12-10 00:00:00+00:00, run_after=2025-12-11 00:00:00+00:00
[2025-12-11T04:37:54.020+0000] {processor.py:183} INFO - Processing /home/airflow/.local/lib/python3.9/site-packages/airflow/example_dags/tutorial.py took 0.353 seconds
[2025-12-11T04:38:24.428+0000] {processor.py:161} INFO - Started process (PID=2633) to work on /home/airflow/.local/lib/python3.9/site-packages/airflow/example_dags/tutorial.py
[2025-12-11T04:38:24.430+0000] {processor.py:830} INFO - Processing file /home/airflow/.local/lib/python3.9/site-packages/airflow/example_dags/tutorial.py for tasks to queue
[2025-12-11T04:38:24.432+0000] {logging_mixin.py:188} INFO - [2025-12-11T04:38:24.432+0000] {dagbag.py:545} INFO - Filling up the DagBag from /home/airflow/.local/lib/python3.9/site-packages/airflow/example_dags/tutorial.py
[2025-12-11T04:38:24.442+0000] {processor.py:840} INFO - DAG(s) 'tutorial' retrieved from /home/airflow/.local/lib/python3.9/site-packages/airflow/example_dags/tutorial.py
[2025-12-11T04:38:24.479+0000] {logging_mixin.py:188} INFO - [2025-12-11T04:38:24.478+0000] {dag.py:3096} INFO - Sync 1 DAGs
[2025-12-11T04:38:24.529+0000] {logging_mixin.py:188} INFO - [2025-12-11T04:38:24.528+0000] {dag.py:3954} INFO - Setting next_dagrun for tutorial to 2025-12-10 00:00:00+00:00, run_after=2025-12-11 00:00:00+00:00
[2025-12-11T04:38:24.584+0000] {processor.py:183} INFO - Processing /home/airflow/.local/lib/python3.9/site-packages/airflow/example_dags/tutorial.py took 0.166 seconds
[2025-12-11T04:38:54.687+0000] {processor.py:161} INFO - Started process (PID=2701) to work on /home/airflow/.local/lib/python3.9/site-packages/airflow/example_dags/tutorial.py
[2025-12-11T04:38:54.689+0000] {processor.py:830} INFO - Processing file /home/airflow/.local/lib/python3.9/site-packages/airflow/example_dags/tutorial.py for tasks to queue
[2025-12-11T04:38:54.691+0000] {logging_mixin.py:188} INFO - [2025-12-11T04:38:54.691+0000] {dagbag.py:545} INFO - Filling up the DagBag from /home/airflow/.local/lib/python3.9/site-packages/airflow/example_dags/tutorial.py
[2025-12-11T04:38:54.703+0000] {processor.py:840} INFO - DAG(s) 'tutorial' retrieved from /home/airflow/.local/lib/python3.9/site-packages/airflow/example_dags/tutorial.py
[2025-12-11T04:38:54.744+0000] {logging_mixin.py:188} INFO - [2025-12-11T04:38:54.744+0000] {dag.py:3096} INFO - Sync 1 DAGs
[2025-12-11T04:38:54.779+0000] {logging_mixin.py:188} INFO - [2025-12-11T04:38:54.779+0000] {dag.py:3954} INFO - Setting next_dagrun for tutorial to 2025-12-10 00:00:00+00:00, run_after=2025-12-11 00:00:00+00:00
[2025-12-11T04:38:54.804+0000] {processor.py:183} INFO - Processing /home/airflow/.local/lib/python3.9/site-packages/airflow/example_dags/tutorial.py took 0.131 seconds
[2025-12-11T04:39:27.180+0000] {processor.py:161} INFO - Started process (PID=2773) to work on /home/airflow/.local/lib/python3.9/site-packages/airflow/example_dags/tutorial.py
[2025-12-11T04:39:27.182+0000] {processor.py:830} INFO - Processing file /home/airflow/.local/lib/python3.9/site-packages/airflow/example_dags/tutorial.py for tasks to queue
[2025-12-11T04:39:27.199+0000] {logging_mixin.py:188} INFO - [2025-12-11T04:39:27.199+0000] {dagbag.py:545} INFO - Filling up the DagBag from /home/airflow/.local/lib/python3.9/site-packages/airflow/example_dags/tutorial.py
[2025-12-11T04:39:27.238+0000] {processor.py:840} INFO - DAG(s) 'tutorial' retrieved from /home/airflow/.local/lib/python3.9/site-packages/airflow/example_dags/tutorial.py
[2025-12-11T04:39:27.327+0000] {logging_mixin.py:188} INFO - [2025-12-11T04:39:27.326+0000] {dag.py:3096} INFO - Sync 1 DAGs
[2025-12-11T04:39:27.437+0000] {logging_mixin.py:188} INFO - [2025-12-11T04:39:27.437+0000] {dag.py:3954} INFO - Setting next_dagrun for tutorial to 2025-12-10 00:00:00+00:00, run_after=2025-12-11 00:00:00+00:00
[2025-12-11T04:39:27.542+0000] {processor.py:183} INFO - Processing /home/airflow/.local/lib/python3.9/site-packages/airflow/example_dags/tutorial.py took 0.381 seconds
[2025-12-11T04:39:58.429+0000] {processor.py:161} INFO - Started process (PID=2833) to work on /home/airflow/.local/lib/python3.9/site-packages/airflow/example_dags/tutorial.py
[2025-12-11T04:39:58.443+0000] {processor.py:830} INFO - Processing file /home/airflow/.local/lib/python3.9/site-packages/airflow/example_dags/tutorial.py for tasks to queue
[2025-12-11T04:39:58.445+0000] {logging_mixin.py:188} INFO - [2025-12-11T04:39:58.445+0000] {dagbag.py:545} INFO - Filling up the DagBag from /home/airflow/.local/lib/python3.9/site-packages/airflow/example_dags/tutorial.py
[2025-12-11T04:39:58.461+0000] {processor.py:840} INFO - DAG(s) 'tutorial' retrieved from /home/airflow/.local/lib/python3.9/site-packages/airflow/example_dags/tutorial.py
[2025-12-11T04:39:58.520+0000] {logging_mixin.py:188} INFO - [2025-12-11T04:39:58.520+0000] {dag.py:3096} INFO - Sync 1 DAGs
[2025-12-11T04:39:58.640+0000] {logging_mixin.py:188} INFO - [2025-12-11T04:39:58.640+0000] {dag.py:3954} INFO - Setting next_dagrun for tutorial to 2025-12-10 00:00:00+00:00, run_after=2025-12-11 00:00:00+00:00
[2025-12-11T04:39:58.739+0000] {processor.py:183} INFO - Processing /home/airflow/.local/lib/python3.9/site-packages/airflow/example_dags/tutorial.py took 0.321 seconds
[2025-12-11T04:40:29.481+0000] {processor.py:161} INFO - Started process (PID=2900) to work on /home/airflow/.local/lib/python3.9/site-packages/airflow/example_dags/tutorial.py
[2025-12-11T04:40:29.490+0000] {processor.py:830} INFO - Processing file /home/airflow/.local/lib/python3.9/site-packages/airflow/example_dags/tutorial.py for tasks to queue
[2025-12-11T04:40:29.499+0000] {logging_mixin.py:188} INFO - [2025-12-11T04:40:29.499+0000] {dagbag.py:545} INFO - Filling up the DagBag from /home/airflow/.local/lib/python3.9/site-packages/airflow/example_dags/tutorial.py
[2025-12-11T04:40:29.518+0000] {processor.py:840} INFO - DAG(s) 'tutorial' retrieved from /home/airflow/.local/lib/python3.9/site-packages/airflow/example_dags/tutorial.py
[2025-12-11T04:40:29.582+0000] {logging_mixin.py:188} INFO - [2025-12-11T04:40:29.581+0000] {dag.py:3096} INFO - Sync 1 DAGs
[2025-12-11T04:40:29.657+0000] {logging_mixin.py:188} INFO - [2025-12-11T04:40:29.657+0000] {dag.py:3954} INFO - Setting next_dagrun for tutorial to 2025-12-10 00:00:00+00:00, run_after=2025-12-11 00:00:00+00:00
[2025-12-11T04:40:29.708+0000] {processor.py:183} INFO - Processing /home/airflow/.local/lib/python3.9/site-packages/airflow/example_dags/tutorial.py took 0.242 seconds
[2025-12-11T04:41:00.142+0000] {processor.py:161} INFO - Started process (PID=2967) to work on /home/airflow/.local/lib/python3.9/site-packages/airflow/example_dags/tutorial.py
[2025-12-11T04:41:00.162+0000] {processor.py:830} INFO - Processing file /home/airflow/.local/lib/python3.9/site-packages/airflow/example_dags/tutorial.py for tasks to queue
[2025-12-11T04:41:00.179+0000] {logging_mixin.py:188} INFO - [2025-12-11T04:41:00.179+0000] {dagbag.py:545} INFO - Filling up the DagBag from /home/airflow/.local/lib/python3.9/site-packages/airflow/example_dags/tutorial.py
[2025-12-11T04:41:00.203+0000] {processor.py:840} INFO - DAG(s) 'tutorial' retrieved from /home/airflow/.local/lib/python3.9/site-packages/airflow/example_dags/tutorial.py
[2025-12-11T04:41:00.304+0000] {logging_mixin.py:188} INFO - [2025-12-11T04:41:00.303+0000] {dag.py:3096} INFO - Sync 1 DAGs
[2025-12-11T04:41:00.360+0000] {logging_mixin.py:188} INFO - [2025-12-11T04:41:00.360+0000] {dag.py:3954} INFO - Setting next_dagrun for tutorial to 2025-12-10 00:00:00+00:00, run_after=2025-12-11 00:00:00+00:00
[2025-12-11T04:41:00.618+0000] {processor.py:183} INFO - Processing /home/airflow/.local/lib/python3.9/site-packages/airflow/example_dags/tutorial.py took 0.495 seconds
[2025-12-11T04:41:31.221+0000] {processor.py:161} INFO - Started process (PID=3034) to work on /home/airflow/.local/lib/python3.9/site-packages/airflow/example_dags/tutorial.py
[2025-12-11T04:41:31.267+0000] {processor.py:830} INFO - Processing file /home/airflow/.local/lib/python3.9/site-packages/airflow/example_dags/tutorial.py for tasks to queue
[2025-12-11T04:41:31.271+0000] {logging_mixin.py:188} INFO - [2025-12-11T04:41:31.270+0000] {dagbag.py:545} INFO - Filling up the DagBag from /home/airflow/.local/lib/python3.9/site-packages/airflow/example_dags/tutorial.py
[2025-12-11T04:41:31.280+0000] {processor.py:840} INFO - DAG(s) 'tutorial' retrieved from /home/airflow/.local/lib/python3.9/site-packages/airflow/example_dags/tutorial.py
[2025-12-11T04:41:31.325+0000] {logging_mixin.py:188} INFO - [2025-12-11T04:41:31.324+0000] {dag.py:3096} INFO - Sync 1 DAGs
[2025-12-11T04:41:31.385+0000] {logging_mixin.py:188} INFO - [2025-12-11T04:41:31.385+0000] {dag.py:3954} INFO - Setting next_dagrun for tutorial to 2025-12-10 00:00:00+00:00, run_after=2025-12-11 00:00:00+00:00
[2025-12-11T04:41:31.439+0000] {processor.py:183} INFO - Processing /home/airflow/.local/lib/python3.9/site-packages/airflow/example_dags/tutorial.py took 0.239 seconds
[2025-12-11T04:42:02.868+0000] {processor.py:161} INFO - Started process (PID=3102) to work on /home/airflow/.local/lib/python3.9/site-packages/airflow/example_dags/tutorial.py
[2025-12-11T04:42:02.876+0000] {processor.py:830} INFO - Processing file /home/airflow/.local/lib/python3.9/site-packages/airflow/example_dags/tutorial.py for tasks to queue
[2025-12-11T04:42:02.879+0000] {logging_mixin.py:188} INFO - [2025-12-11T04:42:02.878+0000] {dagbag.py:545} INFO - Filling up the DagBag from /home/airflow/.local/lib/python3.9/site-packages/airflow/example_dags/tutorial.py
[2025-12-11T04:42:02.889+0000] {processor.py:840} INFO - DAG(s) 'tutorial' retrieved from /home/airflow/.local/lib/python3.9/site-packages/airflow/example_dags/tutorial.py
[2025-12-11T04:42:03.493+0000] {logging_mixin.py:188} INFO - [2025-12-11T04:42:03.492+0000] {dag.py:3096} INFO - Sync 1 DAGs
[2025-12-11T04:42:03.861+0000] {logging_mixin.py:188} INFO - [2025-12-11T04:42:03.860+0000] {dag.py:3954} INFO - Setting next_dagrun for tutorial to 2025-12-10 00:00:00+00:00, run_after=2025-12-11 00:00:00+00:00
[2025-12-11T04:42:04.087+0000] {processor.py:183} INFO - Processing /home/airflow/.local/lib/python3.9/site-packages/airflow/example_dags/tutorial.py took 1.230 seconds
[2025-12-11T04:42:34.501+0000] {processor.py:161} INFO - Started process (PID=3176) to work on /home/airflow/.local/lib/python3.9/site-packages/airflow/example_dags/tutorial.py
[2025-12-11T04:42:34.513+0000] {processor.py:830} INFO - Processing file /home/airflow/.local/lib/python3.9/site-packages/airflow/example_dags/tutorial.py for tasks to queue
[2025-12-11T04:42:34.521+0000] {logging_mixin.py:188} INFO - [2025-12-11T04:42:34.519+0000] {dagbag.py:545} INFO - Filling up the DagBag from /home/airflow/.local/lib/python3.9/site-packages/airflow/example_dags/tutorial.py
[2025-12-11T04:42:34.542+0000] {processor.py:840} INFO - DAG(s) 'tutorial' retrieved from /home/airflow/.local/lib/python3.9/site-packages/airflow/example_dags/tutorial.py
[2025-12-11T04:42:34.717+0000] {logging_mixin.py:188} INFO - [2025-12-11T04:42:34.701+0000] {dag.py:3096} INFO - Sync 1 DAGs
[2025-12-11T04:42:34.901+0000] {logging_mixin.py:188} INFO - [2025-12-11T04:42:34.900+0000] {dag.py:3954} INFO - Setting next_dagrun for tutorial to 2025-12-10 00:00:00+00:00, run_after=2025-12-11 00:00:00+00:00
[2025-12-11T04:42:35.020+0000] {processor.py:183} INFO - Processing /home/airflow/.local/lib/python3.9/site-packages/airflow/example_dags/tutorial.py took 0.557 seconds
[2025-12-11T04:43:05.688+0000] {processor.py:161} INFO - Started process (PID=3236) to work on /home/airflow/.local/lib/python3.9/site-packages/airflow/example_dags/tutorial.py
[2025-12-11T04:43:05.697+0000] {processor.py:830} INFO - Processing file /home/airflow/.local/lib/python3.9/site-packages/airflow/example_dags/tutorial.py for tasks to queue
[2025-12-11T04:43:05.702+0000] {logging_mixin.py:188} INFO - [2025-12-11T04:43:05.701+0000] {dagbag.py:545} INFO - Filling up the DagBag from /home/airflow/.local/lib/python3.9/site-packages/airflow/example_dags/tutorial.py
[2025-12-11T04:43:05.723+0000] {processor.py:840} INFO - DAG(s) 'tutorial' retrieved from /home/airflow/.local/lib/python3.9/site-packages/airflow/example_dags/tutorial.py
[2025-12-11T04:43:05.798+0000] {logging_mixin.py:188} INFO - [2025-12-11T04:43:05.797+0000] {dag.py:3096} INFO - Sync 1 DAGs
[2025-12-11T04:43:05.844+0000] {logging_mixin.py:188} INFO - [2025-12-11T04:43:05.844+0000] {dag.py:3954} INFO - Setting next_dagrun for tutorial to 2025-12-10 00:00:00+00:00, run_after=2025-12-11 00:00:00+00:00
[2025-12-11T04:43:05.884+0000] {processor.py:183} INFO - Processing /home/airflow/.local/lib/python3.9/site-packages/airflow/example_dags/tutorial.py took 0.212 seconds
[2025-12-11T04:43:36.361+0000] {processor.py:161} INFO - Started process (PID=3310) to work on /home/airflow/.local/lib/python3.9/site-packages/airflow/example_dags/tutorial.py
[2025-12-11T04:43:36.363+0000] {processor.py:830} INFO - Processing file /home/airflow/.local/lib/python3.9/site-packages/airflow/example_dags/tutorial.py for tasks to queue
[2025-12-11T04:43:36.379+0000] {logging_mixin.py:188} INFO - [2025-12-11T04:43:36.378+0000] {dagbag.py:545} INFO - Filling up the DagBag from /home/airflow/.local/lib/python3.9/site-packages/airflow/example_dags/tutorial.py
[2025-12-11T04:43:36.400+0000] {processor.py:840} INFO - DAG(s) 'tutorial' retrieved from /home/airflow/.local/lib/python3.9/site-packages/airflow/example_dags/tutorial.py
[2025-12-11T04:43:36.521+0000] {logging_mixin.py:188} INFO - [2025-12-11T04:43:36.520+0000] {dag.py:3096} INFO - Sync 1 DAGs
[2025-12-11T04:43:36.604+0000] {logging_mixin.py:188} INFO - [2025-12-11T04:43:36.603+0000] {dag.py:3954} INFO - Setting next_dagrun for tutorial to 2025-12-10 00:00:00+00:00, run_after=2025-12-11 00:00:00+00:00
[2025-12-11T04:43:36.678+0000] {processor.py:183} INFO - Processing /home/airflow/.local/lib/python3.9/site-packages/airflow/example_dags/tutorial.py took 0.350 seconds
[2025-12-11T04:44:07.382+0000] {processor.py:161} INFO - Started process (PID=3377) to work on /home/airflow/.local/lib/python3.9/site-packages/airflow/example_dags/tutorial.py
[2025-12-11T04:44:07.385+0000] {processor.py:830} INFO - Processing file /home/airflow/.local/lib/python3.9/site-packages/airflow/example_dags/tutorial.py for tasks to queue
[2025-12-11T04:44:07.388+0000] {logging_mixin.py:188} INFO - [2025-12-11T04:44:07.388+0000] {dagbag.py:545} INFO - Filling up the DagBag from /home/airflow/.local/lib/python3.9/site-packages/airflow/example_dags/tutorial.py
[2025-12-11T04:44:07.408+0000] {processor.py:840} INFO - DAG(s) 'tutorial' retrieved from /home/airflow/.local/lib/python3.9/site-packages/airflow/example_dags/tutorial.py
[2025-12-11T04:44:07.488+0000] {logging_mixin.py:188} INFO - [2025-12-11T04:44:07.487+0000] {dag.py:3096} INFO - Sync 1 DAGs
[2025-12-11T04:44:07.565+0000] {logging_mixin.py:188} INFO - [2025-12-11T04:44:07.565+0000] {dag.py:3954} INFO - Setting next_dagrun for tutorial to 2025-12-10 00:00:00+00:00, run_after=2025-12-11 00:00:00+00:00
[2025-12-11T04:44:07.628+0000] {processor.py:183} INFO - Processing /home/airflow/.local/lib/python3.9/site-packages/airflow/example_dags/tutorial.py took 0.266 seconds
[2025-12-11T04:44:38.481+0000] {processor.py:161} INFO - Started process (PID=3444) to work on /home/airflow/.local/lib/python3.9/site-packages/airflow/example_dags/tutorial.py
[2025-12-11T04:44:38.486+0000] {processor.py:830} INFO - Processing file /home/airflow/.local/lib/python3.9/site-packages/airflow/example_dags/tutorial.py for tasks to queue
[2025-12-11T04:44:38.499+0000] {logging_mixin.py:188} INFO - [2025-12-11T04:44:38.499+0000] {dagbag.py:545} INFO - Filling up the DagBag from /home/airflow/.local/lib/python3.9/site-packages/airflow/example_dags/tutorial.py
[2025-12-11T04:44:38.518+0000] {processor.py:840} INFO - DAG(s) 'tutorial' retrieved from /home/airflow/.local/lib/python3.9/site-packages/airflow/example_dags/tutorial.py
[2025-12-11T04:44:38.582+0000] {logging_mixin.py:188} INFO - [2025-12-11T04:44:38.581+0000] {dag.py:3096} INFO - Sync 1 DAGs
[2025-12-11T04:44:38.633+0000] {logging_mixin.py:188} INFO - [2025-12-11T04:44:38.632+0000] {dag.py:3954} INFO - Setting next_dagrun for tutorial to 2025-12-10 00:00:00+00:00, run_after=2025-12-11 00:00:00+00:00
[2025-12-11T04:44:38.667+0000] {processor.py:183} INFO - Processing /home/airflow/.local/lib/python3.9/site-packages/airflow/example_dags/tutorial.py took 0.205 seconds
[2025-12-11T04:45:08.938+0000] {processor.py:161} INFO - Started process (PID=3512) to work on /home/airflow/.local/lib/python3.9/site-packages/airflow/example_dags/tutorial.py
[2025-12-11T04:45:08.940+0000] {processor.py:830} INFO - Processing file /home/airflow/.local/lib/python3.9/site-packages/airflow/example_dags/tutorial.py for tasks to queue
[2025-12-11T04:45:08.943+0000] {logging_mixin.py:188} INFO - [2025-12-11T04:45:08.943+0000] {dagbag.py:545} INFO - Filling up the DagBag from /home/airflow/.local/lib/python3.9/site-packages/airflow/example_dags/tutorial.py
[2025-12-11T04:45:08.958+0000] {processor.py:840} INFO - DAG(s) 'tutorial' retrieved from /home/airflow/.local/lib/python3.9/site-packages/airflow/example_dags/tutorial.py
[2025-12-11T04:45:09.021+0000] {logging_mixin.py:188} INFO - [2025-12-11T04:45:09.020+0000] {dag.py:3096} INFO - Sync 1 DAGs
[2025-12-11T04:45:09.086+0000] {logging_mixin.py:188} INFO - [2025-12-11T04:45:09.086+0000] {dag.py:3954} INFO - Setting next_dagrun for tutorial to 2025-12-10 00:00:00+00:00, run_after=2025-12-11 00:00:00+00:00
[2025-12-11T04:45:09.126+0000] {processor.py:183} INFO - Processing /home/airflow/.local/lib/python3.9/site-packages/airflow/example_dags/tutorial.py took 0.204 seconds
[2025-12-11T04:45:39.250+0000] {processor.py:161} INFO - Started process (PID=3580) to work on /home/airflow/.local/lib/python3.9/site-packages/airflow/example_dags/tutorial.py
[2025-12-11T04:45:39.252+0000] {processor.py:830} INFO - Processing file /home/airflow/.local/lib/python3.9/site-packages/airflow/example_dags/tutorial.py for tasks to queue
[2025-12-11T04:45:39.256+0000] {logging_mixin.py:188} INFO - [2025-12-11T04:45:39.256+0000] {dagbag.py:545} INFO - Filling up the DagBag from /home/airflow/.local/lib/python3.9/site-packages/airflow/example_dags/tutorial.py
[2025-12-11T04:45:39.265+0000] {processor.py:840} INFO - DAG(s) 'tutorial' retrieved from /home/airflow/.local/lib/python3.9/site-packages/airflow/example_dags/tutorial.py
[2025-12-11T04:45:39.311+0000] {logging_mixin.py:188} INFO - [2025-12-11T04:45:39.310+0000] {dag.py:3096} INFO - Sync 1 DAGs
[2025-12-11T04:45:39.352+0000] {logging_mixin.py:188} INFO - [2025-12-11T04:45:39.351+0000] {dag.py:3954} INFO - Setting next_dagrun for tutorial to 2025-12-10 00:00:00+00:00, run_after=2025-12-11 00:00:00+00:00
[2025-12-11T04:45:39.383+0000] {processor.py:183} INFO - Processing /home/airflow/.local/lib/python3.9/site-packages/airflow/example_dags/tutorial.py took 0.143 seconds
[2025-12-11T04:46:09.718+0000] {processor.py:161} INFO - Started process (PID=3647) to work on /home/airflow/.local/lib/python3.9/site-packages/airflow/example_dags/tutorial.py
[2025-12-11T04:46:09.762+0000] {processor.py:830} INFO - Processing file /home/airflow/.local/lib/python3.9/site-packages/airflow/example_dags/tutorial.py for tasks to queue
[2025-12-11T04:46:09.768+0000] {logging_mixin.py:188} INFO - [2025-12-11T04:46:09.767+0000] {dagbag.py:545} INFO - Filling up the DagBag from /home/airflow/.local/lib/python3.9/site-packages/airflow/example_dags/tutorial.py
[2025-12-11T04:46:09.787+0000] {processor.py:840} INFO - DAG(s) 'tutorial' retrieved from /home/airflow/.local/lib/python3.9/site-packages/airflow/example_dags/tutorial.py
[2025-12-11T04:46:09.851+0000] {logging_mixin.py:188} INFO - [2025-12-11T04:46:09.851+0000] {dag.py:3096} INFO - Sync 1 DAGs
[2025-12-11T04:46:09.898+0000] {logging_mixin.py:188} INFO - [2025-12-11T04:46:09.898+0000] {dag.py:3954} INFO - Setting next_dagrun for tutorial to 2025-12-10 00:00:00+00:00, run_after=2025-12-11 00:00:00+00:00
[2025-12-11T04:46:09.990+0000] {processor.py:183} INFO - Processing /home/airflow/.local/lib/python3.9/site-packages/airflow/example_dags/tutorial.py took 0.287 seconds
[2025-12-11T04:46:40.143+0000] {processor.py:161} INFO - Started process (PID=3714) to work on /home/airflow/.local/lib/python3.9/site-packages/airflow/example_dags/tutorial.py
[2025-12-11T04:46:40.232+0000] {processor.py:830} INFO - Processing file /home/airflow/.local/lib/python3.9/site-packages/airflow/example_dags/tutorial.py for tasks to queue
[2025-12-11T04:46:40.237+0000] {logging_mixin.py:188} INFO - [2025-12-11T04:46:40.236+0000] {dagbag.py:545} INFO - Filling up the DagBag from /home/airflow/.local/lib/python3.9/site-packages/airflow/example_dags/tutorial.py
[2025-12-11T04:46:40.245+0000] {processor.py:840} INFO - DAG(s) 'tutorial' retrieved from /home/airflow/.local/lib/python3.9/site-packages/airflow/example_dags/tutorial.py
[2025-12-11T04:46:40.283+0000] {logging_mixin.py:188} INFO - [2025-12-11T04:46:40.282+0000] {dag.py:3096} INFO - Sync 1 DAGs
[2025-12-11T04:46:40.317+0000] {logging_mixin.py:188} INFO - [2025-12-11T04:46:40.316+0000] {dag.py:3954} INFO - Setting next_dagrun for tutorial to 2025-12-10 00:00:00+00:00, run_after=2025-12-11 00:00:00+00:00
[2025-12-11T04:46:40.476+0000] {processor.py:183} INFO - Processing /home/airflow/.local/lib/python3.9/site-packages/airflow/example_dags/tutorial.py took 0.344 seconds
[2025-12-11T04:47:10.641+0000] {processor.py:161} INFO - Started process (PID=3781) to work on /home/airflow/.local/lib/python3.9/site-packages/airflow/example_dags/tutorial.py
[2025-12-11T04:47:10.642+0000] {processor.py:830} INFO - Processing file /home/airflow/.local/lib/python3.9/site-packages/airflow/example_dags/tutorial.py for tasks to queue
[2025-12-11T04:47:10.645+0000] {logging_mixin.py:188} INFO - [2025-12-11T04:47:10.645+0000] {dagbag.py:545} INFO - Filling up the DagBag from /home/airflow/.local/lib/python3.9/site-packages/airflow/example_dags/tutorial.py
[2025-12-11T04:47:10.660+0000] {processor.py:840} INFO - DAG(s) 'tutorial' retrieved from /home/airflow/.local/lib/python3.9/site-packages/airflow/example_dags/tutorial.py
[2025-12-11T04:47:10.723+0000] {logging_mixin.py:188} INFO - [2025-12-11T04:47:10.722+0000] {dag.py:3096} INFO - Sync 1 DAGs
[2025-12-11T04:47:10.782+0000] {logging_mixin.py:188} INFO - [2025-12-11T04:47:10.781+0000] {dag.py:3954} INFO - Setting next_dagrun for tutorial to 2025-12-10 00:00:00+00:00, run_after=2025-12-11 00:00:00+00:00
[2025-12-11T04:47:10.830+0000] {processor.py:183} INFO - Processing /home/airflow/.local/lib/python3.9/site-packages/airflow/example_dags/tutorial.py took 0.204 seconds
[2025-12-11T04:47:41.492+0000] {processor.py:161} INFO - Started process (PID=3848) to work on /home/airflow/.local/lib/python3.9/site-packages/airflow/example_dags/tutorial.py
[2025-12-11T04:47:41.494+0000] {processor.py:830} INFO - Processing file /home/airflow/.local/lib/python3.9/site-packages/airflow/example_dags/tutorial.py for tasks to queue
[2025-12-11T04:47:41.498+0000] {logging_mixin.py:188} INFO - [2025-12-11T04:47:41.497+0000] {dagbag.py:545} INFO - Filling up the DagBag from /home/airflow/.local/lib/python3.9/site-packages/airflow/example_dags/tutorial.py
[2025-12-11T04:47:41.509+0000] {processor.py:840} INFO - DAG(s) 'tutorial' retrieved from /home/airflow/.local/lib/python3.9/site-packages/airflow/example_dags/tutorial.py
[2025-12-11T04:47:41.545+0000] {logging_mixin.py:188} INFO - [2025-12-11T04:47:41.545+0000] {dag.py:3096} INFO - Sync 1 DAGs
[2025-12-11T04:47:41.584+0000] {logging_mixin.py:188} INFO - [2025-12-11T04:47:41.584+0000] {dag.py:3954} INFO - Setting next_dagrun for tutorial to 2025-12-10 00:00:00+00:00, run_after=2025-12-11 00:00:00+00:00
[2025-12-11T04:47:41.632+0000] {processor.py:183} INFO - Processing /home/airflow/.local/lib/python3.9/site-packages/airflow/example_dags/tutorial.py took 0.150 seconds
[2025-12-11T04:48:11.966+0000] {processor.py:161} INFO - Started process (PID=3915) to work on /home/airflow/.local/lib/python3.9/site-packages/airflow/example_dags/tutorial.py
[2025-12-11T04:48:11.970+0000] {processor.py:830} INFO - Processing file /home/airflow/.local/lib/python3.9/site-packages/airflow/example_dags/tutorial.py for tasks to queue
[2025-12-11T04:48:11.974+0000] {logging_mixin.py:188} INFO - [2025-12-11T04:48:11.974+0000] {dagbag.py:545} INFO - Filling up the DagBag from /home/airflow/.local/lib/python3.9/site-packages/airflow/example_dags/tutorial.py
[2025-12-11T04:48:11.983+0000] {processor.py:840} INFO - DAG(s) 'tutorial' retrieved from /home/airflow/.local/lib/python3.9/site-packages/airflow/example_dags/tutorial.py
[2025-12-11T04:48:12.022+0000] {logging_mixin.py:188} INFO - [2025-12-11T04:48:12.021+0000] {dag.py:3096} INFO - Sync 1 DAGs
[2025-12-11T04:48:12.067+0000] {logging_mixin.py:188} INFO - [2025-12-11T04:48:12.067+0000] {dag.py:3954} INFO - Setting next_dagrun for tutorial to 2025-12-10 00:00:00+00:00, run_after=2025-12-11 00:00:00+00:00
[2025-12-11T04:48:12.098+0000] {processor.py:183} INFO - Processing /home/airflow/.local/lib/python3.9/site-packages/airflow/example_dags/tutorial.py took 0.145 seconds
[2025-12-11T04:48:42.189+0000] {processor.py:161} INFO - Started process (PID=3982) to work on /home/airflow/.local/lib/python3.9/site-packages/airflow/example_dags/tutorial.py
[2025-12-11T04:48:42.256+0000] {processor.py:830} INFO - Processing file /home/airflow/.local/lib/python3.9/site-packages/airflow/example_dags/tutorial.py for tasks to queue
[2025-12-11T04:48:42.259+0000] {logging_mixin.py:188} INFO - [2025-12-11T04:48:42.259+0000] {dagbag.py:545} INFO - Filling up the DagBag from /home/airflow/.local/lib/python3.9/site-packages/airflow/example_dags/tutorial.py
[2025-12-11T04:48:42.269+0000] {processor.py:840} INFO - DAG(s) 'tutorial' retrieved from /home/airflow/.local/lib/python3.9/site-packages/airflow/example_dags/tutorial.py
[2025-12-11T04:48:42.308+0000] {logging_mixin.py:188} INFO - [2025-12-11T04:48:42.308+0000] {dag.py:3096} INFO - Sync 1 DAGs
[2025-12-11T04:48:42.344+0000] {logging_mixin.py:188} INFO - [2025-12-11T04:48:42.344+0000] {dag.py:3954} INFO - Setting next_dagrun for tutorial to 2025-12-10 00:00:00+00:00, run_after=2025-12-11 00:00:00+00:00
[2025-12-11T04:48:42.546+0000] {processor.py:183} INFO - Processing /home/airflow/.local/lib/python3.9/site-packages/airflow/example_dags/tutorial.py took 0.368 seconds
[2025-12-11T04:49:12.942+0000] {processor.py:161} INFO - Started process (PID=4049) to work on /home/airflow/.local/lib/python3.9/site-packages/airflow/example_dags/tutorial.py
[2025-12-11T04:49:12.964+0000] {processor.py:830} INFO - Processing file /home/airflow/.local/lib/python3.9/site-packages/airflow/example_dags/tutorial.py for tasks to queue
[2025-12-11T04:49:12.967+0000] {logging_mixin.py:188} INFO - [2025-12-11T04:49:12.967+0000] {dagbag.py:545} INFO - Filling up the DagBag from /home/airflow/.local/lib/python3.9/site-packages/airflow/example_dags/tutorial.py
[2025-12-11T04:49:12.976+0000] {processor.py:840} INFO - DAG(s) 'tutorial' retrieved from /home/airflow/.local/lib/python3.9/site-packages/airflow/example_dags/tutorial.py
[2025-12-11T04:49:13.023+0000] {logging_mixin.py:188} INFO - [2025-12-11T04:49:13.022+0000] {dag.py:3096} INFO - Sync 1 DAGs
[2025-12-11T04:49:13.071+0000] {logging_mixin.py:188} INFO - [2025-12-11T04:49:13.071+0000] {dag.py:3954} INFO - Setting next_dagrun for tutorial to 2025-12-10 00:00:00+00:00, run_after=2025-12-11 00:00:00+00:00
[2025-12-11T04:49:13.110+0000] {processor.py:183} INFO - Processing /home/airflow/.local/lib/python3.9/site-packages/airflow/example_dags/tutorial.py took 0.181 seconds
[2025-12-11T04:49:44.024+0000] {processor.py:161} INFO - Started process (PID=4122) to work on /home/airflow/.local/lib/python3.9/site-packages/airflow/example_dags/tutorial.py
[2025-12-11T04:49:44.137+0000] {processor.py:830} INFO - Processing file /home/airflow/.local/lib/python3.9/site-packages/airflow/example_dags/tutorial.py for tasks to queue
[2025-12-11T04:49:44.141+0000] {logging_mixin.py:188} INFO - [2025-12-11T04:49:44.141+0000] {dagbag.py:545} INFO - Filling up the DagBag from /home/airflow/.local/lib/python3.9/site-packages/airflow/example_dags/tutorial.py
[2025-12-11T04:49:44.165+0000] {processor.py:840} INFO - DAG(s) 'tutorial' retrieved from /home/airflow/.local/lib/python3.9/site-packages/airflow/example_dags/tutorial.py
[2025-12-11T04:49:44.239+0000] {logging_mixin.py:188} INFO - [2025-12-11T04:49:44.238+0000] {dag.py:3096} INFO - Sync 1 DAGs
[2025-12-11T04:49:44.288+0000] {logging_mixin.py:188} INFO - [2025-12-11T04:49:44.288+0000] {dag.py:3954} INFO - Setting next_dagrun for tutorial to 2025-12-10 00:00:00+00:00, run_after=2025-12-11 00:00:00+00:00
[2025-12-11T04:49:44.422+0000] {processor.py:183} INFO - Processing /home/airflow/.local/lib/python3.9/site-packages/airflow/example_dags/tutorial.py took 0.423 seconds
[2025-12-11T04:50:15.124+0000] {processor.py:161} INFO - Started process (PID=4188) to work on /home/airflow/.local/lib/python3.9/site-packages/airflow/example_dags/tutorial.py
[2025-12-11T04:50:15.131+0000] {processor.py:830} INFO - Processing file /home/airflow/.local/lib/python3.9/site-packages/airflow/example_dags/tutorial.py for tasks to queue
[2025-12-11T04:50:15.140+0000] {logging_mixin.py:188} INFO - [2025-12-11T04:50:15.139+0000] {dagbag.py:545} INFO - Filling up the DagBag from /home/airflow/.local/lib/python3.9/site-packages/airflow/example_dags/tutorial.py
[2025-12-11T04:50:15.149+0000] {processor.py:840} INFO - DAG(s) 'tutorial' retrieved from /home/airflow/.local/lib/python3.9/site-packages/airflow/example_dags/tutorial.py
[2025-12-11T04:50:15.225+0000] {logging_mixin.py:188} INFO - [2025-12-11T04:50:15.224+0000] {dag.py:3096} INFO - Sync 1 DAGs
[2025-12-11T04:50:15.284+0000] {logging_mixin.py:188} INFO - [2025-12-11T04:50:15.284+0000] {dag.py:3954} INFO - Setting next_dagrun for tutorial to 2025-12-10 00:00:00+00:00, run_after=2025-12-11 00:00:00+00:00
[2025-12-11T04:50:15.463+0000] {processor.py:183} INFO - Processing /home/airflow/.local/lib/python3.9/site-packages/airflow/example_dags/tutorial.py took 0.359 seconds
[2025-12-11T04:50:46.180+0000] {processor.py:161} INFO - Started process (PID=4255) to work on /home/airflow/.local/lib/python3.9/site-packages/airflow/example_dags/tutorial.py
[2025-12-11T04:50:46.182+0000] {processor.py:830} INFO - Processing file /home/airflow/.local/lib/python3.9/site-packages/airflow/example_dags/tutorial.py for tasks to queue
[2025-12-11T04:50:46.186+0000] {logging_mixin.py:188} INFO - [2025-12-11T04:50:46.185+0000] {dagbag.py:545} INFO - Filling up the DagBag from /home/airflow/.local/lib/python3.9/site-packages/airflow/example_dags/tutorial.py
[2025-12-11T04:50:46.197+0000] {processor.py:840} INFO - DAG(s) 'tutorial' retrieved from /home/airflow/.local/lib/python3.9/site-packages/airflow/example_dags/tutorial.py
[2025-12-11T04:50:46.249+0000] {logging_mixin.py:188} INFO - [2025-12-11T04:50:46.248+0000] {dag.py:3096} INFO - Sync 1 DAGs
[2025-12-11T04:50:46.317+0000] {logging_mixin.py:188} INFO - [2025-12-11T04:50:46.317+0000] {dag.py:3954} INFO - Setting next_dagrun for tutorial to 2025-12-10 00:00:00+00:00, run_after=2025-12-11 00:00:00+00:00
[2025-12-11T04:50:46.359+0000] {processor.py:183} INFO - Processing /home/airflow/.local/lib/python3.9/site-packages/airflow/example_dags/tutorial.py took 0.197 seconds
[2025-12-11T04:51:16.460+0000] {processor.py:161} INFO - Started process (PID=4321) to work on /home/airflow/.local/lib/python3.9/site-packages/airflow/example_dags/tutorial.py
[2025-12-11T04:51:16.465+0000] {processor.py:830} INFO - Processing file /home/airflow/.local/lib/python3.9/site-packages/airflow/example_dags/tutorial.py for tasks to queue
[2025-12-11T04:51:16.470+0000] {logging_mixin.py:188} INFO - [2025-12-11T04:51:16.469+0000] {dagbag.py:545} INFO - Filling up the DagBag from /home/airflow/.local/lib/python3.9/site-packages/airflow/example_dags/tutorial.py
[2025-12-11T04:51:16.489+0000] {processor.py:840} INFO - DAG(s) 'tutorial' retrieved from /home/airflow/.local/lib/python3.9/site-packages/airflow/example_dags/tutorial.py
[2025-12-11T04:51:16.600+0000] {logging_mixin.py:188} INFO - [2025-12-11T04:51:16.599+0000] {dag.py:3096} INFO - Sync 1 DAGs
[2025-12-11T04:51:16.702+0000] {logging_mixin.py:188} INFO - [2025-12-11T04:51:16.702+0000] {dag.py:3954} INFO - Setting next_dagrun for tutorial to 2025-12-10 00:00:00+00:00, run_after=2025-12-11 00:00:00+00:00
[2025-12-11T04:51:16.763+0000] {processor.py:183} INFO - Processing /home/airflow/.local/lib/python3.9/site-packages/airflow/example_dags/tutorial.py took 0.334 seconds
[2025-12-11T04:51:47.006+0000] {processor.py:161} INFO - Started process (PID=4388) to work on /home/airflow/.local/lib/python3.9/site-packages/airflow/example_dags/tutorial.py
[2025-12-11T04:51:47.008+0000] {processor.py:830} INFO - Processing file /home/airflow/.local/lib/python3.9/site-packages/airflow/example_dags/tutorial.py for tasks to queue
[2025-12-11T04:51:47.018+0000] {logging_mixin.py:188} INFO - [2025-12-11T04:51:47.018+0000] {dagbag.py:545} INFO - Filling up the DagBag from /home/airflow/.local/lib/python3.9/site-packages/airflow/example_dags/tutorial.py
[2025-12-11T04:51:47.039+0000] {processor.py:840} INFO - DAG(s) 'tutorial' retrieved from /home/airflow/.local/lib/python3.9/site-packages/airflow/example_dags/tutorial.py
[2025-12-11T04:51:47.102+0000] {logging_mixin.py:188} INFO - [2025-12-11T04:51:47.102+0000] {dag.py:3096} INFO - Sync 1 DAGs
[2025-12-11T04:51:47.141+0000] {logging_mixin.py:188} INFO - [2025-12-11T04:51:47.141+0000] {dag.py:3954} INFO - Setting next_dagrun for tutorial to 2025-12-10 00:00:00+00:00, run_after=2025-12-11 00:00:00+00:00
[2025-12-11T04:51:47.167+0000] {processor.py:183} INFO - Processing /home/airflow/.local/lib/python3.9/site-packages/airflow/example_dags/tutorial.py took 0.182 seconds
[2025-12-11T04:52:17.501+0000] {processor.py:161} INFO - Started process (PID=4455) to work on /home/airflow/.local/lib/python3.9/site-packages/airflow/example_dags/tutorial.py
[2025-12-11T04:52:17.538+0000] {processor.py:830} INFO - Processing file /home/airflow/.local/lib/python3.9/site-packages/airflow/example_dags/tutorial.py for tasks to queue
[2025-12-11T04:52:17.542+0000] {logging_mixin.py:188} INFO - [2025-12-11T04:52:17.541+0000] {dagbag.py:545} INFO - Filling up the DagBag from /home/airflow/.local/lib/python3.9/site-packages/airflow/example_dags/tutorial.py
[2025-12-11T04:52:17.558+0000] {processor.py:840} INFO - DAG(s) 'tutorial' retrieved from /home/airflow/.local/lib/python3.9/site-packages/airflow/example_dags/tutorial.py
[2025-12-11T04:52:17.629+0000] {logging_mixin.py:188} INFO - [2025-12-11T04:52:17.628+0000] {dag.py:3096} INFO - Sync 1 DAGs
[2025-12-11T04:52:17.668+0000] {logging_mixin.py:188} INFO - [2025-12-11T04:52:17.668+0000] {dag.py:3954} INFO - Setting next_dagrun for tutorial to 2025-12-10 00:00:00+00:00, run_after=2025-12-11 00:00:00+00:00
[2025-12-11T04:52:17.757+0000] {processor.py:183} INFO - Processing /home/airflow/.local/lib/python3.9/site-packages/airflow/example_dags/tutorial.py took 0.279 seconds
[2025-12-11T04:52:48.286+0000] {processor.py:161} INFO - Started process (PID=4522) to work on /home/airflow/.local/lib/python3.9/site-packages/airflow/example_dags/tutorial.py
[2025-12-11T04:52:48.297+0000] {processor.py:830} INFO - Processing file /home/airflow/.local/lib/python3.9/site-packages/airflow/example_dags/tutorial.py for tasks to queue
[2025-12-11T04:52:48.300+0000] {logging_mixin.py:188} INFO - [2025-12-11T04:52:48.300+0000] {dagbag.py:545} INFO - Filling up the DagBag from /home/airflow/.local/lib/python3.9/site-packages/airflow/example_dags/tutorial.py
[2025-12-11T04:52:48.322+0000] {processor.py:840} INFO - DAG(s) 'tutorial' retrieved from /home/airflow/.local/lib/python3.9/site-packages/airflow/example_dags/tutorial.py
[2025-12-11T04:52:48.403+0000] {logging_mixin.py:188} INFO - [2025-12-11T04:52:48.403+0000] {dag.py:3096} INFO - Sync 1 DAGs
[2025-12-11T04:52:48.461+0000] {logging_mixin.py:188} INFO - [2025-12-11T04:52:48.460+0000] {dag.py:3954} INFO - Setting next_dagrun for tutorial to 2025-12-10 00:00:00+00:00, run_after=2025-12-11 00:00:00+00:00
[2025-12-11T04:52:48.520+0000] {processor.py:183} INFO - Processing /home/airflow/.local/lib/python3.9/site-packages/airflow/example_dags/tutorial.py took 0.255 seconds
