[2025-12-11T04:19:01.898+0000] {processor.py:161} INFO - Started process (PID=120) to work on /home/airflow/.local/lib/python3.9/site-packages/airflow/example_dags/tutorial_objectstorage.py
[2025-12-11T04:19:01.900+0000] {processor.py:830} INFO - Processing file /home/airflow/.local/lib/python3.9/site-packages/airflow/example_dags/tutorial_objectstorage.py for tasks to queue
[2025-12-11T04:19:01.903+0000] {logging_mixin.py:188} INFO - [2025-12-11T04:19:01.903+0000] {dagbag.py:545} INFO - Filling up the DagBag from /home/airflow/.local/lib/python3.9/site-packages/airflow/example_dags/tutorial_objectstorage.py
[2025-12-11T04:19:01.925+0000] {processor.py:840} INFO - DAG(s) 'tutorial_objectstorage' retrieved from /home/airflow/.local/lib/python3.9/site-packages/airflow/example_dags/tutorial_objectstorage.py
[2025-12-11T04:19:02.144+0000] {logging_mixin.py:188} INFO - [2025-12-11T04:19:02.144+0000] {dag.py:3096} INFO - Sync 1 DAGs
[2025-12-11T04:19:02.170+0000] {logging_mixin.py:188} INFO - [2025-12-11T04:19:02.169+0000] {dag.py:3954} INFO - Setting next_dagrun for tutorial_objectstorage to None, run_after=None
[2025-12-11T04:19:02.435+0000] {processor.py:183} INFO - Processing /home/airflow/.local/lib/python3.9/site-packages/airflow/example_dags/tutorial_objectstorage.py took 0.561 seconds
[2025-12-11T04:19:32.657+0000] {processor.py:161} INFO - Started process (PID=186) to work on /home/airflow/.local/lib/python3.9/site-packages/airflow/example_dags/tutorial_objectstorage.py
[2025-12-11T04:19:32.659+0000] {processor.py:830} INFO - Processing file /home/airflow/.local/lib/python3.9/site-packages/airflow/example_dags/tutorial_objectstorage.py for tasks to queue
[2025-12-11T04:19:32.662+0000] {logging_mixin.py:188} INFO - [2025-12-11T04:19:32.662+0000] {dagbag.py:545} INFO - Filling up the DagBag from /home/airflow/.local/lib/python3.9/site-packages/airflow/example_dags/tutorial_objectstorage.py
[2025-12-11T04:19:32.679+0000] {processor.py:840} INFO - DAG(s) 'tutorial_objectstorage' retrieved from /home/airflow/.local/lib/python3.9/site-packages/airflow/example_dags/tutorial_objectstorage.py
[2025-12-11T04:19:32.729+0000] {logging_mixin.py:188} INFO - [2025-12-11T04:19:32.729+0000] {dag.py:3096} INFO - Sync 1 DAGs
[2025-12-11T04:19:32.764+0000] {logging_mixin.py:188} INFO - [2025-12-11T04:19:32.763+0000] {dag.py:3954} INFO - Setting next_dagrun for tutorial_objectstorage to None, run_after=None
[2025-12-11T04:19:32.799+0000] {processor.py:183} INFO - Processing /home/airflow/.local/lib/python3.9/site-packages/airflow/example_dags/tutorial_objectstorage.py took 0.157 seconds
[2025-12-11T04:20:03.381+0000] {processor.py:161} INFO - Started process (PID=252) to work on /home/airflow/.local/lib/python3.9/site-packages/airflow/example_dags/tutorial_objectstorage.py
[2025-12-11T04:20:03.383+0000] {processor.py:830} INFO - Processing file /home/airflow/.local/lib/python3.9/site-packages/airflow/example_dags/tutorial_objectstorage.py for tasks to queue
[2025-12-11T04:20:03.398+0000] {logging_mixin.py:188} INFO - [2025-12-11T04:20:03.398+0000] {dagbag.py:545} INFO - Filling up the DagBag from /home/airflow/.local/lib/python3.9/site-packages/airflow/example_dags/tutorial_objectstorage.py
[2025-12-11T04:20:03.419+0000] {processor.py:840} INFO - DAG(s) 'tutorial_objectstorage' retrieved from /home/airflow/.local/lib/python3.9/site-packages/airflow/example_dags/tutorial_objectstorage.py
[2025-12-11T04:20:03.540+0000] {logging_mixin.py:188} INFO - [2025-12-11T04:20:03.540+0000] {dag.py:3096} INFO - Sync 1 DAGs
[2025-12-11T04:20:03.621+0000] {logging_mixin.py:188} INFO - [2025-12-11T04:20:03.620+0000] {dag.py:3954} INFO - Setting next_dagrun for tutorial_objectstorage to None, run_after=None
[2025-12-11T04:20:03.778+0000] {processor.py:183} INFO - Processing /home/airflow/.local/lib/python3.9/site-packages/airflow/example_dags/tutorial_objectstorage.py took 0.430 seconds
[2025-12-11T04:20:33.891+0000] {processor.py:161} INFO - Started process (PID=310) to work on /home/airflow/.local/lib/python3.9/site-packages/airflow/example_dags/tutorial_objectstorage.py
[2025-12-11T04:20:33.896+0000] {processor.py:830} INFO - Processing file /home/airflow/.local/lib/python3.9/site-packages/airflow/example_dags/tutorial_objectstorage.py for tasks to queue
[2025-12-11T04:20:33.899+0000] {logging_mixin.py:188} INFO - [2025-12-11T04:20:33.899+0000] {dagbag.py:545} INFO - Filling up the DagBag from /home/airflow/.local/lib/python3.9/site-packages/airflow/example_dags/tutorial_objectstorage.py
[2025-12-11T04:20:33.925+0000] {processor.py:840} INFO - DAG(s) 'tutorial_objectstorage' retrieved from /home/airflow/.local/lib/python3.9/site-packages/airflow/example_dags/tutorial_objectstorage.py
[2025-12-11T04:20:33.999+0000] {logging_mixin.py:188} INFO - [2025-12-11T04:20:33.999+0000] {dag.py:3096} INFO - Sync 1 DAGs
[2025-12-11T04:20:34.040+0000] {logging_mixin.py:188} INFO - [2025-12-11T04:20:34.039+0000] {dag.py:3954} INFO - Setting next_dagrun for tutorial_objectstorage to None, run_after=None
[2025-12-11T04:20:34.163+0000] {processor.py:183} INFO - Processing /home/airflow/.local/lib/python3.9/site-packages/airflow/example_dags/tutorial_objectstorage.py took 0.287 seconds
[2025-12-11T04:21:04.254+0000] {processor.py:161} INFO - Started process (PID=376) to work on /home/airflow/.local/lib/python3.9/site-packages/airflow/example_dags/tutorial_objectstorage.py
[2025-12-11T04:21:04.255+0000] {processor.py:830} INFO - Processing file /home/airflow/.local/lib/python3.9/site-packages/airflow/example_dags/tutorial_objectstorage.py for tasks to queue
[2025-12-11T04:21:04.258+0000] {logging_mixin.py:188} INFO - [2025-12-11T04:21:04.257+0000] {dagbag.py:545} INFO - Filling up the DagBag from /home/airflow/.local/lib/python3.9/site-packages/airflow/example_dags/tutorial_objectstorage.py
[2025-12-11T04:21:04.269+0000] {processor.py:840} INFO - DAG(s) 'tutorial_objectstorage' retrieved from /home/airflow/.local/lib/python3.9/site-packages/airflow/example_dags/tutorial_objectstorage.py
[2025-12-11T04:21:04.307+0000] {logging_mixin.py:188} INFO - [2025-12-11T04:21:04.306+0000] {dag.py:3096} INFO - Sync 1 DAGs
[2025-12-11T04:21:04.330+0000] {logging_mixin.py:188} INFO - [2025-12-11T04:21:04.330+0000] {dag.py:3954} INFO - Setting next_dagrun for tutorial_objectstorage to None, run_after=None
[2025-12-11T04:21:04.369+0000] {processor.py:183} INFO - Processing /home/airflow/.local/lib/python3.9/site-packages/airflow/example_dags/tutorial_objectstorage.py took 0.125 seconds
[2025-12-11T04:21:34.776+0000] {processor.py:161} INFO - Started process (PID=441) to work on /home/airflow/.local/lib/python3.9/site-packages/airflow/example_dags/tutorial_objectstorage.py
[2025-12-11T04:21:34.783+0000] {processor.py:830} INFO - Processing file /home/airflow/.local/lib/python3.9/site-packages/airflow/example_dags/tutorial_objectstorage.py for tasks to queue
[2025-12-11T04:21:34.790+0000] {logging_mixin.py:188} INFO - [2025-12-11T04:21:34.789+0000] {dagbag.py:545} INFO - Filling up the DagBag from /home/airflow/.local/lib/python3.9/site-packages/airflow/example_dags/tutorial_objectstorage.py
[2025-12-11T04:21:34.805+0000] {processor.py:840} INFO - DAG(s) 'tutorial_objectstorage' retrieved from /home/airflow/.local/lib/python3.9/site-packages/airflow/example_dags/tutorial_objectstorage.py
[2025-12-11T04:21:34.860+0000] {logging_mixin.py:188} INFO - [2025-12-11T04:21:34.859+0000] {dag.py:3096} INFO - Sync 1 DAGs
[2025-12-11T04:21:34.889+0000] {logging_mixin.py:188} INFO - [2025-12-11T04:21:34.888+0000] {dag.py:3954} INFO - Setting next_dagrun for tutorial_objectstorage to None, run_after=None
[2025-12-11T04:21:34.924+0000] {processor.py:183} INFO - Processing /home/airflow/.local/lib/python3.9/site-packages/airflow/example_dags/tutorial_objectstorage.py took 0.161 seconds
[2025-12-11T04:22:05.705+0000] {processor.py:161} INFO - Started process (PID=507) to work on /home/airflow/.local/lib/python3.9/site-packages/airflow/example_dags/tutorial_objectstorage.py
[2025-12-11T04:22:05.715+0000] {processor.py:830} INFO - Processing file /home/airflow/.local/lib/python3.9/site-packages/airflow/example_dags/tutorial_objectstorage.py for tasks to queue
[2025-12-11T04:22:05.717+0000] {logging_mixin.py:188} INFO - [2025-12-11T04:22:05.717+0000] {dagbag.py:545} INFO - Filling up the DagBag from /home/airflow/.local/lib/python3.9/site-packages/airflow/example_dags/tutorial_objectstorage.py
[2025-12-11T04:22:05.728+0000] {processor.py:840} INFO - DAG(s) 'tutorial_objectstorage' retrieved from /home/airflow/.local/lib/python3.9/site-packages/airflow/example_dags/tutorial_objectstorage.py
[2025-12-11T04:22:05.763+0000] {logging_mixin.py:188} INFO - [2025-12-11T04:22:05.762+0000] {dag.py:3096} INFO - Sync 1 DAGs
[2025-12-11T04:22:05.788+0000] {logging_mixin.py:188} INFO - [2025-12-11T04:22:05.787+0000] {dag.py:3954} INFO - Setting next_dagrun for tutorial_objectstorage to None, run_after=None
[2025-12-11T04:22:05.822+0000] {processor.py:183} INFO - Processing /home/airflow/.local/lib/python3.9/site-packages/airflow/example_dags/tutorial_objectstorage.py took 0.127 seconds
[2025-12-11T04:22:36.145+0000] {processor.py:161} INFO - Started process (PID=573) to work on /home/airflow/.local/lib/python3.9/site-packages/airflow/example_dags/tutorial_objectstorage.py
[2025-12-11T04:22:36.189+0000] {processor.py:830} INFO - Processing file /home/airflow/.local/lib/python3.9/site-packages/airflow/example_dags/tutorial_objectstorage.py for tasks to queue
[2025-12-11T04:22:36.192+0000] {logging_mixin.py:188} INFO - [2025-12-11T04:22:36.191+0000] {dagbag.py:545} INFO - Filling up the DagBag from /home/airflow/.local/lib/python3.9/site-packages/airflow/example_dags/tutorial_objectstorage.py
[2025-12-11T04:22:36.203+0000] {processor.py:840} INFO - DAG(s) 'tutorial_objectstorage' retrieved from /home/airflow/.local/lib/python3.9/site-packages/airflow/example_dags/tutorial_objectstorage.py
[2025-12-11T04:22:36.235+0000] {logging_mixin.py:188} INFO - [2025-12-11T04:22:36.235+0000] {dag.py:3096} INFO - Sync 1 DAGs
[2025-12-11T04:22:36.253+0000] {logging_mixin.py:188} INFO - [2025-12-11T04:22:36.253+0000] {dag.py:3954} INFO - Setting next_dagrun for tutorial_objectstorage to None, run_after=None
[2025-12-11T04:22:36.279+0000] {processor.py:183} INFO - Processing /home/airflow/.local/lib/python3.9/site-packages/airflow/example_dags/tutorial_objectstorage.py took 0.144 seconds
[2025-12-11T04:23:06.594+0000] {processor.py:161} INFO - Started process (PID=639) to work on /home/airflow/.local/lib/python3.9/site-packages/airflow/example_dags/tutorial_objectstorage.py
[2025-12-11T04:23:06.620+0000] {processor.py:830} INFO - Processing file /home/airflow/.local/lib/python3.9/site-packages/airflow/example_dags/tutorial_objectstorage.py for tasks to queue
[2025-12-11T04:23:06.624+0000] {logging_mixin.py:188} INFO - [2025-12-11T04:23:06.623+0000] {dagbag.py:545} INFO - Filling up the DagBag from /home/airflow/.local/lib/python3.9/site-packages/airflow/example_dags/tutorial_objectstorage.py
[2025-12-11T04:23:06.636+0000] {processor.py:840} INFO - DAG(s) 'tutorial_objectstorage' retrieved from /home/airflow/.local/lib/python3.9/site-packages/airflow/example_dags/tutorial_objectstorage.py
[2025-12-11T04:23:06.674+0000] {logging_mixin.py:188} INFO - [2025-12-11T04:23:06.674+0000] {dag.py:3096} INFO - Sync 1 DAGs
[2025-12-11T04:23:06.695+0000] {logging_mixin.py:188} INFO - [2025-12-11T04:23:06.694+0000] {dag.py:3954} INFO - Setting next_dagrun for tutorial_objectstorage to None, run_after=None
[2025-12-11T04:23:06.745+0000] {processor.py:183} INFO - Processing /home/airflow/.local/lib/python3.9/site-packages/airflow/example_dags/tutorial_objectstorage.py took 0.162 seconds
[2025-12-11T04:23:37.523+0000] {processor.py:161} INFO - Started process (PID=712) to work on /home/airflow/.local/lib/python3.9/site-packages/airflow/example_dags/tutorial_objectstorage.py
[2025-12-11T04:23:37.525+0000] {processor.py:830} INFO - Processing file /home/airflow/.local/lib/python3.9/site-packages/airflow/example_dags/tutorial_objectstorage.py for tasks to queue
[2025-12-11T04:23:37.527+0000] {logging_mixin.py:188} INFO - [2025-12-11T04:23:37.527+0000] {dagbag.py:545} INFO - Filling up the DagBag from /home/airflow/.local/lib/python3.9/site-packages/airflow/example_dags/tutorial_objectstorage.py
[2025-12-11T04:23:37.545+0000] {processor.py:840} INFO - DAG(s) 'tutorial_objectstorage' retrieved from /home/airflow/.local/lib/python3.9/site-packages/airflow/example_dags/tutorial_objectstorage.py
[2025-12-11T04:23:37.593+0000] {logging_mixin.py:188} INFO - [2025-12-11T04:23:37.592+0000] {dag.py:3096} INFO - Sync 1 DAGs
[2025-12-11T04:23:37.615+0000] {logging_mixin.py:188} INFO - [2025-12-11T04:23:37.614+0000] {dag.py:3954} INFO - Setting next_dagrun for tutorial_objectstorage to None, run_after=None
[2025-12-11T04:23:37.647+0000] {processor.py:183} INFO - Processing /home/airflow/.local/lib/python3.9/site-packages/airflow/example_dags/tutorial_objectstorage.py took 0.149 seconds
[2025-12-11T04:24:08.100+0000] {processor.py:161} INFO - Started process (PID=778) to work on /home/airflow/.local/lib/python3.9/site-packages/airflow/example_dags/tutorial_objectstorage.py
[2025-12-11T04:24:08.102+0000] {processor.py:830} INFO - Processing file /home/airflow/.local/lib/python3.9/site-packages/airflow/example_dags/tutorial_objectstorage.py for tasks to queue
[2025-12-11T04:24:08.105+0000] {logging_mixin.py:188} INFO - [2025-12-11T04:24:08.104+0000] {dagbag.py:545} INFO - Filling up the DagBag from /home/airflow/.local/lib/python3.9/site-packages/airflow/example_dags/tutorial_objectstorage.py
[2025-12-11T04:24:08.119+0000] {processor.py:840} INFO - DAG(s) 'tutorial_objectstorage' retrieved from /home/airflow/.local/lib/python3.9/site-packages/airflow/example_dags/tutorial_objectstorage.py
[2025-12-11T04:24:08.171+0000] {logging_mixin.py:188} INFO - [2025-12-11T04:24:08.170+0000] {dag.py:3096} INFO - Sync 1 DAGs
[2025-12-11T04:24:08.192+0000] {logging_mixin.py:188} INFO - [2025-12-11T04:24:08.192+0000] {dag.py:3954} INFO - Setting next_dagrun for tutorial_objectstorage to None, run_after=None
[2025-12-11T04:24:08.224+0000] {processor.py:183} INFO - Processing /home/airflow/.local/lib/python3.9/site-packages/airflow/example_dags/tutorial_objectstorage.py took 0.135 seconds
[2025-12-11T04:24:38.659+0000] {processor.py:161} INFO - Started process (PID=844) to work on /home/airflow/.local/lib/python3.9/site-packages/airflow/example_dags/tutorial_objectstorage.py
[2025-12-11T04:24:38.660+0000] {processor.py:830} INFO - Processing file /home/airflow/.local/lib/python3.9/site-packages/airflow/example_dags/tutorial_objectstorage.py for tasks to queue
[2025-12-11T04:24:38.663+0000] {logging_mixin.py:188} INFO - [2025-12-11T04:24:38.663+0000] {dagbag.py:545} INFO - Filling up the DagBag from /home/airflow/.local/lib/python3.9/site-packages/airflow/example_dags/tutorial_objectstorage.py
[2025-12-11T04:24:38.674+0000] {processor.py:840} INFO - DAG(s) 'tutorial_objectstorage' retrieved from /home/airflow/.local/lib/python3.9/site-packages/airflow/example_dags/tutorial_objectstorage.py
[2025-12-11T04:24:38.706+0000] {logging_mixin.py:188} INFO - [2025-12-11T04:24:38.706+0000] {dag.py:3096} INFO - Sync 1 DAGs
[2025-12-11T04:24:38.726+0000] {logging_mixin.py:188} INFO - [2025-12-11T04:24:38.726+0000] {dag.py:3954} INFO - Setting next_dagrun for tutorial_objectstorage to None, run_after=None
[2025-12-11T04:24:38.751+0000] {processor.py:183} INFO - Processing /home/airflow/.local/lib/python3.9/site-packages/airflow/example_dags/tutorial_objectstorage.py took 0.102 seconds
[2025-12-11T04:25:09.475+0000] {processor.py:161} INFO - Started process (PID=909) to work on /home/airflow/.local/lib/python3.9/site-packages/airflow/example_dags/tutorial_objectstorage.py
[2025-12-11T04:25:09.477+0000] {processor.py:830} INFO - Processing file /home/airflow/.local/lib/python3.9/site-packages/airflow/example_dags/tutorial_objectstorage.py for tasks to queue
[2025-12-11T04:25:09.480+0000] {logging_mixin.py:188} INFO - [2025-12-11T04:25:09.479+0000] {dagbag.py:545} INFO - Filling up the DagBag from /home/airflow/.local/lib/python3.9/site-packages/airflow/example_dags/tutorial_objectstorage.py
[2025-12-11T04:25:09.493+0000] {processor.py:840} INFO - DAG(s) 'tutorial_objectstorage' retrieved from /home/airflow/.local/lib/python3.9/site-packages/airflow/example_dags/tutorial_objectstorage.py
[2025-12-11T04:25:09.532+0000] {logging_mixin.py:188} INFO - [2025-12-11T04:25:09.531+0000] {dag.py:3096} INFO - Sync 1 DAGs
[2025-12-11T04:25:09.552+0000] {logging_mixin.py:188} INFO - [2025-12-11T04:25:09.551+0000] {dag.py:3954} INFO - Setting next_dagrun for tutorial_objectstorage to None, run_after=None
[2025-12-11T04:25:09.580+0000] {processor.py:183} INFO - Processing /home/airflow/.local/lib/python3.9/site-packages/airflow/example_dags/tutorial_objectstorage.py took 0.116 seconds
[2025-12-11T04:25:40.038+0000] {processor.py:161} INFO - Started process (PID=975) to work on /home/airflow/.local/lib/python3.9/site-packages/airflow/example_dags/tutorial_objectstorage.py
[2025-12-11T04:25:40.092+0000] {processor.py:830} INFO - Processing file /home/airflow/.local/lib/python3.9/site-packages/airflow/example_dags/tutorial_objectstorage.py for tasks to queue
[2025-12-11T04:25:40.099+0000] {logging_mixin.py:188} INFO - [2025-12-11T04:25:40.098+0000] {dagbag.py:545} INFO - Filling up the DagBag from /home/airflow/.local/lib/python3.9/site-packages/airflow/example_dags/tutorial_objectstorage.py
[2025-12-11T04:25:40.128+0000] {processor.py:840} INFO - DAG(s) 'tutorial_objectstorage' retrieved from /home/airflow/.local/lib/python3.9/site-packages/airflow/example_dags/tutorial_objectstorage.py
[2025-12-11T04:25:40.207+0000] {logging_mixin.py:188} INFO - [2025-12-11T04:25:40.207+0000] {dag.py:3096} INFO - Sync 1 DAGs
[2025-12-11T04:25:40.247+0000] {logging_mixin.py:188} INFO - [2025-12-11T04:25:40.247+0000] {dag.py:3954} INFO - Setting next_dagrun for tutorial_objectstorage to None, run_after=None
[2025-12-11T04:25:40.345+0000] {processor.py:183} INFO - Processing /home/airflow/.local/lib/python3.9/site-packages/airflow/example_dags/tutorial_objectstorage.py took 0.318 seconds
[2025-12-11T04:26:10.447+0000] {processor.py:161} INFO - Started process (PID=1041) to work on /home/airflow/.local/lib/python3.9/site-packages/airflow/example_dags/tutorial_objectstorage.py
[2025-12-11T04:26:10.449+0000] {processor.py:830} INFO - Processing file /home/airflow/.local/lib/python3.9/site-packages/airflow/example_dags/tutorial_objectstorage.py for tasks to queue
[2025-12-11T04:26:10.451+0000] {logging_mixin.py:188} INFO - [2025-12-11T04:26:10.451+0000] {dagbag.py:545} INFO - Filling up the DagBag from /home/airflow/.local/lib/python3.9/site-packages/airflow/example_dags/tutorial_objectstorage.py
[2025-12-11T04:26:10.465+0000] {processor.py:840} INFO - DAG(s) 'tutorial_objectstorage' retrieved from /home/airflow/.local/lib/python3.9/site-packages/airflow/example_dags/tutorial_objectstorage.py
[2025-12-11T04:26:10.503+0000] {logging_mixin.py:188} INFO - [2025-12-11T04:26:10.503+0000] {dag.py:3096} INFO - Sync 1 DAGs
[2025-12-11T04:26:10.527+0000] {logging_mixin.py:188} INFO - [2025-12-11T04:26:10.526+0000] {dag.py:3954} INFO - Setting next_dagrun for tutorial_objectstorage to None, run_after=None
[2025-12-11T04:26:10.565+0000] {processor.py:183} INFO - Processing /home/airflow/.local/lib/python3.9/site-packages/airflow/example_dags/tutorial_objectstorage.py took 0.129 seconds
[2025-12-11T04:26:40.872+0000] {processor.py:161} INFO - Started process (PID=1107) to work on /home/airflow/.local/lib/python3.9/site-packages/airflow/example_dags/tutorial_objectstorage.py
[2025-12-11T04:26:40.874+0000] {processor.py:830} INFO - Processing file /home/airflow/.local/lib/python3.9/site-packages/airflow/example_dags/tutorial_objectstorage.py for tasks to queue
[2025-12-11T04:26:40.877+0000] {logging_mixin.py:188} INFO - [2025-12-11T04:26:40.876+0000] {dagbag.py:545} INFO - Filling up the DagBag from /home/airflow/.local/lib/python3.9/site-packages/airflow/example_dags/tutorial_objectstorage.py
[2025-12-11T04:26:40.890+0000] {processor.py:840} INFO - DAG(s) 'tutorial_objectstorage' retrieved from /home/airflow/.local/lib/python3.9/site-packages/airflow/example_dags/tutorial_objectstorage.py
[2025-12-11T04:26:40.929+0000] {logging_mixin.py:188} INFO - [2025-12-11T04:26:40.929+0000] {dag.py:3096} INFO - Sync 1 DAGs
[2025-12-11T04:26:40.951+0000] {logging_mixin.py:188} INFO - [2025-12-11T04:26:40.950+0000] {dag.py:3954} INFO - Setting next_dagrun for tutorial_objectstorage to None, run_after=None
[2025-12-11T04:26:40.991+0000] {processor.py:183} INFO - Processing /home/airflow/.local/lib/python3.9/site-packages/airflow/example_dags/tutorial_objectstorage.py took 0.131 seconds
[2025-12-11T04:27:11.135+0000] {processor.py:161} INFO - Started process (PID=1173) to work on /home/airflow/.local/lib/python3.9/site-packages/airflow/example_dags/tutorial_objectstorage.py
[2025-12-11T04:27:11.137+0000] {processor.py:830} INFO - Processing file /home/airflow/.local/lib/python3.9/site-packages/airflow/example_dags/tutorial_objectstorage.py for tasks to queue
[2025-12-11T04:27:11.139+0000] {logging_mixin.py:188} INFO - [2025-12-11T04:27:11.139+0000] {dagbag.py:545} INFO - Filling up the DagBag from /home/airflow/.local/lib/python3.9/site-packages/airflow/example_dags/tutorial_objectstorage.py
[2025-12-11T04:27:11.151+0000] {processor.py:840} INFO - DAG(s) 'tutorial_objectstorage' retrieved from /home/airflow/.local/lib/python3.9/site-packages/airflow/example_dags/tutorial_objectstorage.py
[2025-12-11T04:27:11.188+0000] {logging_mixin.py:188} INFO - [2025-12-11T04:27:11.188+0000] {dag.py:3096} INFO - Sync 1 DAGs
[2025-12-11T04:27:11.211+0000] {logging_mixin.py:188} INFO - [2025-12-11T04:27:11.210+0000] {dag.py:3954} INFO - Setting next_dagrun for tutorial_objectstorage to None, run_after=None
[2025-12-11T04:27:11.240+0000] {processor.py:183} INFO - Processing /home/airflow/.local/lib/python3.9/site-packages/airflow/example_dags/tutorial_objectstorage.py took 0.116 seconds
[2025-12-11T04:27:41.699+0000] {processor.py:161} INFO - Started process (PID=1237) to work on /home/airflow/.local/lib/python3.9/site-packages/airflow/example_dags/tutorial_objectstorage.py
[2025-12-11T04:27:41.701+0000] {processor.py:830} INFO - Processing file /home/airflow/.local/lib/python3.9/site-packages/airflow/example_dags/tutorial_objectstorage.py for tasks to queue
[2025-12-11T04:27:41.703+0000] {logging_mixin.py:188} INFO - [2025-12-11T04:27:41.703+0000] {dagbag.py:545} INFO - Filling up the DagBag from /home/airflow/.local/lib/python3.9/site-packages/airflow/example_dags/tutorial_objectstorage.py
[2025-12-11T04:27:41.714+0000] {processor.py:840} INFO - DAG(s) 'tutorial_objectstorage' retrieved from /home/airflow/.local/lib/python3.9/site-packages/airflow/example_dags/tutorial_objectstorage.py
[2025-12-11T04:27:41.748+0000] {logging_mixin.py:188} INFO - [2025-12-11T04:27:41.747+0000] {dag.py:3096} INFO - Sync 1 DAGs
[2025-12-11T04:27:41.769+0000] {logging_mixin.py:188} INFO - [2025-12-11T04:27:41.768+0000] {dag.py:3954} INFO - Setting next_dagrun for tutorial_objectstorage to None, run_after=None
[2025-12-11T04:27:41.803+0000] {processor.py:183} INFO - Processing /home/airflow/.local/lib/python3.9/site-packages/airflow/example_dags/tutorial_objectstorage.py took 0.115 seconds
[2025-12-11T04:28:11.870+0000] {processor.py:161} INFO - Started process (PID=1303) to work on /home/airflow/.local/lib/python3.9/site-packages/airflow/example_dags/tutorial_objectstorage.py
[2025-12-11T04:28:11.872+0000] {processor.py:830} INFO - Processing file /home/airflow/.local/lib/python3.9/site-packages/airflow/example_dags/tutorial_objectstorage.py for tasks to queue
[2025-12-11T04:28:11.875+0000] {logging_mixin.py:188} INFO - [2025-12-11T04:28:11.874+0000] {dagbag.py:545} INFO - Filling up the DagBag from /home/airflow/.local/lib/python3.9/site-packages/airflow/example_dags/tutorial_objectstorage.py
[2025-12-11T04:28:11.887+0000] {processor.py:840} INFO - DAG(s) 'tutorial_objectstorage' retrieved from /home/airflow/.local/lib/python3.9/site-packages/airflow/example_dags/tutorial_objectstorage.py
[2025-12-11T04:28:11.923+0000] {logging_mixin.py:188} INFO - [2025-12-11T04:28:11.923+0000] {dag.py:3096} INFO - Sync 1 DAGs
[2025-12-11T04:28:11.944+0000] {logging_mixin.py:188} INFO - [2025-12-11T04:28:11.944+0000] {dag.py:3954} INFO - Setting next_dagrun for tutorial_objectstorage to None, run_after=None
[2025-12-11T04:28:11.985+0000] {processor.py:183} INFO - Processing /home/airflow/.local/lib/python3.9/site-packages/airflow/example_dags/tutorial_objectstorage.py took 0.125 seconds
[2025-12-11T04:28:42.173+0000] {processor.py:161} INFO - Started process (PID=1369) to work on /home/airflow/.local/lib/python3.9/site-packages/airflow/example_dags/tutorial_objectstorage.py
[2025-12-11T04:28:42.258+0000] {processor.py:830} INFO - Processing file /home/airflow/.local/lib/python3.9/site-packages/airflow/example_dags/tutorial_objectstorage.py for tasks to queue
[2025-12-11T04:28:42.261+0000] {logging_mixin.py:188} INFO - [2025-12-11T04:28:42.261+0000] {dagbag.py:545} INFO - Filling up the DagBag from /home/airflow/.local/lib/python3.9/site-packages/airflow/example_dags/tutorial_objectstorage.py
[2025-12-11T04:28:42.272+0000] {processor.py:840} INFO - DAG(s) 'tutorial_objectstorage' retrieved from /home/airflow/.local/lib/python3.9/site-packages/airflow/example_dags/tutorial_objectstorage.py
[2025-12-11T04:28:42.306+0000] {logging_mixin.py:188} INFO - [2025-12-11T04:28:42.306+0000] {dag.py:3096} INFO - Sync 1 DAGs
[2025-12-11T04:28:42.327+0000] {logging_mixin.py:188} INFO - [2025-12-11T04:28:42.327+0000] {dag.py:3954} INFO - Setting next_dagrun for tutorial_objectstorage to None, run_after=None
[2025-12-11T04:28:42.760+0000] {processor.py:183} INFO - Processing /home/airflow/.local/lib/python3.9/site-packages/airflow/example_dags/tutorial_objectstorage.py took 0.600 seconds
[2025-12-11T04:29:12.883+0000] {processor.py:161} INFO - Started process (PID=1435) to work on /home/airflow/.local/lib/python3.9/site-packages/airflow/example_dags/tutorial_objectstorage.py
[2025-12-11T04:29:12.894+0000] {processor.py:830} INFO - Processing file /home/airflow/.local/lib/python3.9/site-packages/airflow/example_dags/tutorial_objectstorage.py for tasks to queue
[2025-12-11T04:29:12.897+0000] {logging_mixin.py:188} INFO - [2025-12-11T04:29:12.896+0000] {dagbag.py:545} INFO - Filling up the DagBag from /home/airflow/.local/lib/python3.9/site-packages/airflow/example_dags/tutorial_objectstorage.py
[2025-12-11T04:29:12.910+0000] {processor.py:840} INFO - DAG(s) 'tutorial_objectstorage' retrieved from /home/airflow/.local/lib/python3.9/site-packages/airflow/example_dags/tutorial_objectstorage.py
[2025-12-11T04:29:12.954+0000] {logging_mixin.py:188} INFO - [2025-12-11T04:29:12.954+0000] {dag.py:3096} INFO - Sync 1 DAGs
[2025-12-11T04:29:12.978+0000] {logging_mixin.py:188} INFO - [2025-12-11T04:29:12.978+0000] {dag.py:3954} INFO - Setting next_dagrun for tutorial_objectstorage to None, run_after=None
[2025-12-11T04:29:13.019+0000] {processor.py:183} INFO - Processing /home/airflow/.local/lib/python3.9/site-packages/airflow/example_dags/tutorial_objectstorage.py took 0.147 seconds
[2025-12-11T04:29:43.563+0000] {processor.py:161} INFO - Started process (PID=1501) to work on /home/airflow/.local/lib/python3.9/site-packages/airflow/example_dags/tutorial_objectstorage.py
[2025-12-11T04:29:43.566+0000] {processor.py:830} INFO - Processing file /home/airflow/.local/lib/python3.9/site-packages/airflow/example_dags/tutorial_objectstorage.py for tasks to queue
[2025-12-11T04:29:43.569+0000] {logging_mixin.py:188} INFO - [2025-12-11T04:29:43.568+0000] {dagbag.py:545} INFO - Filling up the DagBag from /home/airflow/.local/lib/python3.9/site-packages/airflow/example_dags/tutorial_objectstorage.py
[2025-12-11T04:29:43.579+0000] {processor.py:840} INFO - DAG(s) 'tutorial_objectstorage' retrieved from /home/airflow/.local/lib/python3.9/site-packages/airflow/example_dags/tutorial_objectstorage.py
[2025-12-11T04:29:43.613+0000] {logging_mixin.py:188} INFO - [2025-12-11T04:29:43.613+0000] {dag.py:3096} INFO - Sync 1 DAGs
[2025-12-11T04:29:43.638+0000] {logging_mixin.py:188} INFO - [2025-12-11T04:29:43.638+0000] {dag.py:3954} INFO - Setting next_dagrun for tutorial_objectstorage to None, run_after=None
[2025-12-11T04:29:43.667+0000] {processor.py:183} INFO - Processing /home/airflow/.local/lib/python3.9/site-packages/airflow/example_dags/tutorial_objectstorage.py took 0.113 seconds
[2025-12-11T04:30:13.845+0000] {processor.py:161} INFO - Started process (PID=1567) to work on /home/airflow/.local/lib/python3.9/site-packages/airflow/example_dags/tutorial_objectstorage.py
[2025-12-11T04:30:13.847+0000] {processor.py:830} INFO - Processing file /home/airflow/.local/lib/python3.9/site-packages/airflow/example_dags/tutorial_objectstorage.py for tasks to queue
[2025-12-11T04:30:13.849+0000] {logging_mixin.py:188} INFO - [2025-12-11T04:30:13.849+0000] {dagbag.py:545} INFO - Filling up the DagBag from /home/airflow/.local/lib/python3.9/site-packages/airflow/example_dags/tutorial_objectstorage.py
[2025-12-11T04:30:13.861+0000] {processor.py:840} INFO - DAG(s) 'tutorial_objectstorage' retrieved from /home/airflow/.local/lib/python3.9/site-packages/airflow/example_dags/tutorial_objectstorage.py
[2025-12-11T04:30:13.899+0000] {logging_mixin.py:188} INFO - [2025-12-11T04:30:13.898+0000] {dag.py:3096} INFO - Sync 1 DAGs
[2025-12-11T04:30:13.919+0000] {logging_mixin.py:188} INFO - [2025-12-11T04:30:13.919+0000] {dag.py:3954} INFO - Setting next_dagrun for tutorial_objectstorage to None, run_after=None
[2025-12-11T04:30:13.948+0000] {processor.py:183} INFO - Processing /home/airflow/.local/lib/python3.9/site-packages/airflow/example_dags/tutorial_objectstorage.py took 0.113 seconds
[2025-12-11T04:30:44.049+0000] {processor.py:161} INFO - Started process (PID=1632) to work on /home/airflow/.local/lib/python3.9/site-packages/airflow/example_dags/tutorial_objectstorage.py
[2025-12-11T04:30:44.083+0000] {processor.py:830} INFO - Processing file /home/airflow/.local/lib/python3.9/site-packages/airflow/example_dags/tutorial_objectstorage.py for tasks to queue
[2025-12-11T04:30:44.086+0000] {logging_mixin.py:188} INFO - [2025-12-11T04:30:44.086+0000] {dagbag.py:545} INFO - Filling up the DagBag from /home/airflow/.local/lib/python3.9/site-packages/airflow/example_dags/tutorial_objectstorage.py
[2025-12-11T04:30:44.098+0000] {processor.py:840} INFO - DAG(s) 'tutorial_objectstorage' retrieved from /home/airflow/.local/lib/python3.9/site-packages/airflow/example_dags/tutorial_objectstorage.py
[2025-12-11T04:30:44.136+0000] {logging_mixin.py:188} INFO - [2025-12-11T04:30:44.136+0000] {dag.py:3096} INFO - Sync 1 DAGs
[2025-12-11T04:30:44.156+0000] {logging_mixin.py:188} INFO - [2025-12-11T04:30:44.155+0000] {dag.py:3954} INFO - Setting next_dagrun for tutorial_objectstorage to None, run_after=None
[2025-12-11T04:30:44.262+0000] {processor.py:183} INFO - Processing /home/airflow/.local/lib/python3.9/site-packages/airflow/example_dags/tutorial_objectstorage.py took 0.224 seconds
[2025-12-11T04:31:14.925+0000] {processor.py:161} INFO - Started process (PID=1698) to work on /home/airflow/.local/lib/python3.9/site-packages/airflow/example_dags/tutorial_objectstorage.py
[2025-12-11T04:31:14.927+0000] {processor.py:830} INFO - Processing file /home/airflow/.local/lib/python3.9/site-packages/airflow/example_dags/tutorial_objectstorage.py for tasks to queue
[2025-12-11T04:31:14.930+0000] {logging_mixin.py:188} INFO - [2025-12-11T04:31:14.929+0000] {dagbag.py:545} INFO - Filling up the DagBag from /home/airflow/.local/lib/python3.9/site-packages/airflow/example_dags/tutorial_objectstorage.py
[2025-12-11T04:31:14.942+0000] {processor.py:840} INFO - DAG(s) 'tutorial_objectstorage' retrieved from /home/airflow/.local/lib/python3.9/site-packages/airflow/example_dags/tutorial_objectstorage.py
[2025-12-11T04:31:14.989+0000] {logging_mixin.py:188} INFO - [2025-12-11T04:31:14.988+0000] {dag.py:3096} INFO - Sync 1 DAGs
[2025-12-11T04:31:15.017+0000] {logging_mixin.py:188} INFO - [2025-12-11T04:31:15.017+0000] {dag.py:3954} INFO - Setting next_dagrun for tutorial_objectstorage to None, run_after=None
[2025-12-11T04:31:15.048+0000] {processor.py:183} INFO - Processing /home/airflow/.local/lib/python3.9/site-packages/airflow/example_dags/tutorial_objectstorage.py took 0.134 seconds
[2025-12-11T04:31:45.425+0000] {processor.py:161} INFO - Started process (PID=1764) to work on /home/airflow/.local/lib/python3.9/site-packages/airflow/example_dags/tutorial_objectstorage.py
[2025-12-11T04:31:45.432+0000] {processor.py:830} INFO - Processing file /home/airflow/.local/lib/python3.9/site-packages/airflow/example_dags/tutorial_objectstorage.py for tasks to queue
[2025-12-11T04:31:45.435+0000] {logging_mixin.py:188} INFO - [2025-12-11T04:31:45.434+0000] {dagbag.py:545} INFO - Filling up the DagBag from /home/airflow/.local/lib/python3.9/site-packages/airflow/example_dags/tutorial_objectstorage.py
[2025-12-11T04:31:45.455+0000] {processor.py:840} INFO - DAG(s) 'tutorial_objectstorage' retrieved from /home/airflow/.local/lib/python3.9/site-packages/airflow/example_dags/tutorial_objectstorage.py
[2025-12-11T04:31:45.500+0000] {logging_mixin.py:188} INFO - [2025-12-11T04:31:45.499+0000] {dag.py:3096} INFO - Sync 1 DAGs
[2025-12-11T04:31:45.522+0000] {logging_mixin.py:188} INFO - [2025-12-11T04:31:45.522+0000] {dag.py:3954} INFO - Setting next_dagrun for tutorial_objectstorage to None, run_after=None
[2025-12-11T04:31:45.564+0000] {processor.py:183} INFO - Processing /home/airflow/.local/lib/python3.9/site-packages/airflow/example_dags/tutorial_objectstorage.py took 0.156 seconds
[2025-12-11T04:32:15.891+0000] {processor.py:161} INFO - Started process (PID=1830) to work on /home/airflow/.local/lib/python3.9/site-packages/airflow/example_dags/tutorial_objectstorage.py
[2025-12-11T04:32:15.892+0000] {processor.py:830} INFO - Processing file /home/airflow/.local/lib/python3.9/site-packages/airflow/example_dags/tutorial_objectstorage.py for tasks to queue
[2025-12-11T04:32:15.895+0000] {logging_mixin.py:188} INFO - [2025-12-11T04:32:15.894+0000] {dagbag.py:545} INFO - Filling up the DagBag from /home/airflow/.local/lib/python3.9/site-packages/airflow/example_dags/tutorial_objectstorage.py
[2025-12-11T04:32:15.905+0000] {processor.py:840} INFO - DAG(s) 'tutorial_objectstorage' retrieved from /home/airflow/.local/lib/python3.9/site-packages/airflow/example_dags/tutorial_objectstorage.py
[2025-12-11T04:32:15.941+0000] {logging_mixin.py:188} INFO - [2025-12-11T04:32:15.940+0000] {dag.py:3096} INFO - Sync 1 DAGs
[2025-12-11T04:32:15.962+0000] {logging_mixin.py:188} INFO - [2025-12-11T04:32:15.961+0000] {dag.py:3954} INFO - Setting next_dagrun for tutorial_objectstorage to None, run_after=None
[2025-12-11T04:32:15.992+0000] {processor.py:183} INFO - Processing /home/airflow/.local/lib/python3.9/site-packages/airflow/example_dags/tutorial_objectstorage.py took 0.110 seconds
[2025-12-11T04:32:46.860+0000] {processor.py:161} INFO - Started process (PID=1896) to work on /home/airflow/.local/lib/python3.9/site-packages/airflow/example_dags/tutorial_objectstorage.py
[2025-12-11T04:32:46.862+0000] {processor.py:830} INFO - Processing file /home/airflow/.local/lib/python3.9/site-packages/airflow/example_dags/tutorial_objectstorage.py for tasks to queue
[2025-12-11T04:32:46.865+0000] {logging_mixin.py:188} INFO - [2025-12-11T04:32:46.864+0000] {dagbag.py:545} INFO - Filling up the DagBag from /home/airflow/.local/lib/python3.9/site-packages/airflow/example_dags/tutorial_objectstorage.py
[2025-12-11T04:32:46.877+0000] {processor.py:840} INFO - DAG(s) 'tutorial_objectstorage' retrieved from /home/airflow/.local/lib/python3.9/site-packages/airflow/example_dags/tutorial_objectstorage.py
[2025-12-11T04:32:46.918+0000] {logging_mixin.py:188} INFO - [2025-12-11T04:32:46.918+0000] {dag.py:3096} INFO - Sync 1 DAGs
[2025-12-11T04:32:46.940+0000] {logging_mixin.py:188} INFO - [2025-12-11T04:32:46.939+0000] {dag.py:3954} INFO - Setting next_dagrun for tutorial_objectstorage to None, run_after=None
[2025-12-11T04:32:46.975+0000] {processor.py:183} INFO - Processing /home/airflow/.local/lib/python3.9/site-packages/airflow/example_dags/tutorial_objectstorage.py took 0.126 seconds
[2025-12-11T04:33:17.377+0000] {processor.py:161} INFO - Started process (PID=1962) to work on /home/airflow/.local/lib/python3.9/site-packages/airflow/example_dags/tutorial_objectstorage.py
[2025-12-11T04:33:17.420+0000] {processor.py:830} INFO - Processing file /home/airflow/.local/lib/python3.9/site-packages/airflow/example_dags/tutorial_objectstorage.py for tasks to queue
[2025-12-11T04:33:17.423+0000] {logging_mixin.py:188} INFO - [2025-12-11T04:33:17.422+0000] {dagbag.py:545} INFO - Filling up the DagBag from /home/airflow/.local/lib/python3.9/site-packages/airflow/example_dags/tutorial_objectstorage.py
[2025-12-11T04:33:17.439+0000] {processor.py:840} INFO - DAG(s) 'tutorial_objectstorage' retrieved from /home/airflow/.local/lib/python3.9/site-packages/airflow/example_dags/tutorial_objectstorage.py
[2025-12-11T04:33:17.490+0000] {logging_mixin.py:188} INFO - [2025-12-11T04:33:17.489+0000] {dag.py:3096} INFO - Sync 1 DAGs
[2025-12-11T04:33:17.533+0000] {logging_mixin.py:188} INFO - [2025-12-11T04:33:17.532+0000] {dag.py:3954} INFO - Setting next_dagrun for tutorial_objectstorage to None, run_after=None
[2025-12-11T04:33:17.638+0000] {processor.py:183} INFO - Processing /home/airflow/.local/lib/python3.9/site-packages/airflow/example_dags/tutorial_objectstorage.py took 0.274 seconds
[2025-12-11T04:33:47.765+0000] {processor.py:161} INFO - Started process (PID=2029) to work on /home/airflow/.local/lib/python3.9/site-packages/airflow/example_dags/tutorial_objectstorage.py
[2025-12-11T04:33:47.777+0000] {processor.py:830} INFO - Processing file /home/airflow/.local/lib/python3.9/site-packages/airflow/example_dags/tutorial_objectstorage.py for tasks to queue
[2025-12-11T04:33:47.779+0000] {logging_mixin.py:188} INFO - [2025-12-11T04:33:47.779+0000] {dagbag.py:545} INFO - Filling up the DagBag from /home/airflow/.local/lib/python3.9/site-packages/airflow/example_dags/tutorial_objectstorage.py
[2025-12-11T04:33:47.792+0000] {processor.py:840} INFO - DAG(s) 'tutorial_objectstorage' retrieved from /home/airflow/.local/lib/python3.9/site-packages/airflow/example_dags/tutorial_objectstorage.py
[2025-12-11T04:33:47.834+0000] {logging_mixin.py:188} INFO - [2025-12-11T04:33:47.833+0000] {dag.py:3096} INFO - Sync 1 DAGs
[2025-12-11T04:33:47.866+0000] {logging_mixin.py:188} INFO - [2025-12-11T04:33:47.866+0000] {dag.py:3954} INFO - Setting next_dagrun for tutorial_objectstorage to None, run_after=None
[2025-12-11T04:33:47.979+0000] {processor.py:183} INFO - Processing /home/airflow/.local/lib/python3.9/site-packages/airflow/example_dags/tutorial_objectstorage.py took 0.225 seconds
[2025-12-11T04:34:18.315+0000] {processor.py:161} INFO - Started process (PID=2097) to work on /home/airflow/.local/lib/python3.9/site-packages/airflow/example_dags/tutorial_objectstorage.py
[2025-12-11T04:34:18.322+0000] {processor.py:830} INFO - Processing file /home/airflow/.local/lib/python3.9/site-packages/airflow/example_dags/tutorial_objectstorage.py for tasks to queue
[2025-12-11T04:34:18.325+0000] {logging_mixin.py:188} INFO - [2025-12-11T04:34:18.324+0000] {dagbag.py:545} INFO - Filling up the DagBag from /home/airflow/.local/lib/python3.9/site-packages/airflow/example_dags/tutorial_objectstorage.py
[2025-12-11T04:34:18.337+0000] {processor.py:840} INFO - DAG(s) 'tutorial_objectstorage' retrieved from /home/airflow/.local/lib/python3.9/site-packages/airflow/example_dags/tutorial_objectstorage.py
[2025-12-11T04:34:18.370+0000] {logging_mixin.py:188} INFO - [2025-12-11T04:34:18.370+0000] {dag.py:3096} INFO - Sync 1 DAGs
[2025-12-11T04:34:18.390+0000] {logging_mixin.py:188} INFO - [2025-12-11T04:34:18.390+0000] {dag.py:3954} INFO - Setting next_dagrun for tutorial_objectstorage to None, run_after=None
[2025-12-11T04:34:18.419+0000] {processor.py:183} INFO - Processing /home/airflow/.local/lib/python3.9/site-packages/airflow/example_dags/tutorial_objectstorage.py took 0.115 seconds
[2025-12-11T04:34:48.485+0000] {processor.py:161} INFO - Started process (PID=2164) to work on /home/airflow/.local/lib/python3.9/site-packages/airflow/example_dags/tutorial_objectstorage.py
[2025-12-11T04:34:48.492+0000] {processor.py:830} INFO - Processing file /home/airflow/.local/lib/python3.9/site-packages/airflow/example_dags/tutorial_objectstorage.py for tasks to queue
[2025-12-11T04:34:48.494+0000] {logging_mixin.py:188} INFO - [2025-12-11T04:34:48.494+0000] {dagbag.py:545} INFO - Filling up the DagBag from /home/airflow/.local/lib/python3.9/site-packages/airflow/example_dags/tutorial_objectstorage.py
[2025-12-11T04:34:48.507+0000] {processor.py:840} INFO - DAG(s) 'tutorial_objectstorage' retrieved from /home/airflow/.local/lib/python3.9/site-packages/airflow/example_dags/tutorial_objectstorage.py
[2025-12-11T04:34:48.543+0000] {logging_mixin.py:188} INFO - [2025-12-11T04:34:48.543+0000] {dag.py:3096} INFO - Sync 1 DAGs
[2025-12-11T04:34:48.563+0000] {logging_mixin.py:188} INFO - [2025-12-11T04:34:48.563+0000] {dag.py:3954} INFO - Setting next_dagrun for tutorial_objectstorage to None, run_after=None
[2025-12-11T04:34:48.589+0000] {processor.py:183} INFO - Processing /home/airflow/.local/lib/python3.9/site-packages/airflow/example_dags/tutorial_objectstorage.py took 0.117 seconds
[2025-12-11T04:35:19.235+0000] {processor.py:161} INFO - Started process (PID=2239) to work on /home/airflow/.local/lib/python3.9/site-packages/airflow/example_dags/tutorial_objectstorage.py
[2025-12-11T04:35:19.237+0000] {processor.py:830} INFO - Processing file /home/airflow/.local/lib/python3.9/site-packages/airflow/example_dags/tutorial_objectstorage.py for tasks to queue
[2025-12-11T04:35:19.240+0000] {logging_mixin.py:188} INFO - [2025-12-11T04:35:19.239+0000] {dagbag.py:545} INFO - Filling up the DagBag from /home/airflow/.local/lib/python3.9/site-packages/airflow/example_dags/tutorial_objectstorage.py
[2025-12-11T04:35:19.251+0000] {processor.py:840} INFO - DAG(s) 'tutorial_objectstorage' retrieved from /home/airflow/.local/lib/python3.9/site-packages/airflow/example_dags/tutorial_objectstorage.py
[2025-12-11T04:35:19.287+0000] {logging_mixin.py:188} INFO - [2025-12-11T04:35:19.287+0000] {dag.py:3096} INFO - Sync 1 DAGs
[2025-12-11T04:35:19.310+0000] {logging_mixin.py:188} INFO - [2025-12-11T04:35:19.309+0000] {dag.py:3954} INFO - Setting next_dagrun for tutorial_objectstorage to None, run_after=None
[2025-12-11T04:35:19.342+0000] {processor.py:183} INFO - Processing /home/airflow/.local/lib/python3.9/site-packages/airflow/example_dags/tutorial_objectstorage.py took 0.117 seconds
[2025-12-11T04:35:50.170+0000] {processor.py:161} INFO - Started process (PID=2306) to work on /home/airflow/.local/lib/python3.9/site-packages/airflow/example_dags/tutorial_objectstorage.py
[2025-12-11T04:35:50.179+0000] {processor.py:830} INFO - Processing file /home/airflow/.local/lib/python3.9/site-packages/airflow/example_dags/tutorial_objectstorage.py for tasks to queue
[2025-12-11T04:35:50.182+0000] {logging_mixin.py:188} INFO - [2025-12-11T04:35:50.181+0000] {dagbag.py:545} INFO - Filling up the DagBag from /home/airflow/.local/lib/python3.9/site-packages/airflow/example_dags/tutorial_objectstorage.py
[2025-12-11T04:35:50.196+0000] {processor.py:840} INFO - DAG(s) 'tutorial_objectstorage' retrieved from /home/airflow/.local/lib/python3.9/site-packages/airflow/example_dags/tutorial_objectstorage.py
[2025-12-11T04:35:50.258+0000] {logging_mixin.py:188} INFO - [2025-12-11T04:35:50.258+0000] {dag.py:3096} INFO - Sync 1 DAGs
[2025-12-11T04:35:50.292+0000] {logging_mixin.py:188} INFO - [2025-12-11T04:35:50.291+0000] {dag.py:3954} INFO - Setting next_dagrun for tutorial_objectstorage to None, run_after=None
[2025-12-11T04:35:50.325+0000] {processor.py:183} INFO - Processing /home/airflow/.local/lib/python3.9/site-packages/airflow/example_dags/tutorial_objectstorage.py took 0.165 seconds
[2025-12-11T04:36:21.106+0000] {processor.py:161} INFO - Started process (PID=2373) to work on /home/airflow/.local/lib/python3.9/site-packages/airflow/example_dags/tutorial_objectstorage.py
[2025-12-11T04:36:21.129+0000] {processor.py:830} INFO - Processing file /home/airflow/.local/lib/python3.9/site-packages/airflow/example_dags/tutorial_objectstorage.py for tasks to queue
[2025-12-11T04:36:21.139+0000] {logging_mixin.py:188} INFO - [2025-12-11T04:36:21.139+0000] {dagbag.py:545} INFO - Filling up the DagBag from /home/airflow/.local/lib/python3.9/site-packages/airflow/example_dags/tutorial_objectstorage.py
[2025-12-11T04:36:21.168+0000] {processor.py:840} INFO - DAG(s) 'tutorial_objectstorage' retrieved from /home/airflow/.local/lib/python3.9/site-packages/airflow/example_dags/tutorial_objectstorage.py
[2025-12-11T04:36:21.241+0000] {logging_mixin.py:188} INFO - [2025-12-11T04:36:21.231+0000] {dag.py:3096} INFO - Sync 1 DAGs
[2025-12-11T04:36:21.304+0000] {logging_mixin.py:188} INFO - [2025-12-11T04:36:21.299+0000] {dag.py:3954} INFO - Setting next_dagrun for tutorial_objectstorage to None, run_after=None
[2025-12-11T04:36:21.364+0000] {processor.py:183} INFO - Processing /home/airflow/.local/lib/python3.9/site-packages/airflow/example_dags/tutorial_objectstorage.py took 0.280 seconds
[2025-12-11T04:36:52.239+0000] {processor.py:161} INFO - Started process (PID=2440) to work on /home/airflow/.local/lib/python3.9/site-packages/airflow/example_dags/tutorial_objectstorage.py
[2025-12-11T04:36:52.240+0000] {processor.py:830} INFO - Processing file /home/airflow/.local/lib/python3.9/site-packages/airflow/example_dags/tutorial_objectstorage.py for tasks to queue
[2025-12-11T04:36:52.243+0000] {logging_mixin.py:188} INFO - [2025-12-11T04:36:52.243+0000] {dagbag.py:545} INFO - Filling up the DagBag from /home/airflow/.local/lib/python3.9/site-packages/airflow/example_dags/tutorial_objectstorage.py
[2025-12-11T04:36:52.265+0000] {processor.py:840} INFO - DAG(s) 'tutorial_objectstorage' retrieved from /home/airflow/.local/lib/python3.9/site-packages/airflow/example_dags/tutorial_objectstorage.py
[2025-12-11T04:36:52.322+0000] {logging_mixin.py:188} INFO - [2025-12-11T04:36:52.321+0000] {dag.py:3096} INFO - Sync 1 DAGs
[2025-12-11T04:36:52.346+0000] {logging_mixin.py:188} INFO - [2025-12-11T04:36:52.346+0000] {dag.py:3954} INFO - Setting next_dagrun for tutorial_objectstorage to None, run_after=None
[2025-12-11T04:36:52.388+0000] {processor.py:183} INFO - Processing /home/airflow/.local/lib/python3.9/site-packages/airflow/example_dags/tutorial_objectstorage.py took 0.170 seconds
[2025-12-11T04:37:23.065+0000] {processor.py:161} INFO - Started process (PID=2507) to work on /home/airflow/.local/lib/python3.9/site-packages/airflow/example_dags/tutorial_objectstorage.py
[2025-12-11T04:37:23.081+0000] {processor.py:830} INFO - Processing file /home/airflow/.local/lib/python3.9/site-packages/airflow/example_dags/tutorial_objectstorage.py for tasks to queue
[2025-12-11T04:37:23.085+0000] {logging_mixin.py:188} INFO - [2025-12-11T04:37:23.084+0000] {dagbag.py:545} INFO - Filling up the DagBag from /home/airflow/.local/lib/python3.9/site-packages/airflow/example_dags/tutorial_objectstorage.py
[2025-12-11T04:37:23.118+0000] {processor.py:840} INFO - DAG(s) 'tutorial_objectstorage' retrieved from /home/airflow/.local/lib/python3.9/site-packages/airflow/example_dags/tutorial_objectstorage.py
[2025-12-11T04:37:23.169+0000] {logging_mixin.py:188} INFO - [2025-12-11T04:37:23.168+0000] {dag.py:3096} INFO - Sync 1 DAGs
[2025-12-11T04:37:23.205+0000] {logging_mixin.py:188} INFO - [2025-12-11T04:37:23.205+0000] {dag.py:3954} INFO - Setting next_dagrun for tutorial_objectstorage to None, run_after=None
[2025-12-11T04:37:23.387+0000] {processor.py:183} INFO - Processing /home/airflow/.local/lib/python3.9/site-packages/airflow/example_dags/tutorial_objectstorage.py took 0.364 seconds
[2025-12-11T04:37:53.803+0000] {processor.py:161} INFO - Started process (PID=2574) to work on /home/airflow/.local/lib/python3.9/site-packages/airflow/example_dags/tutorial_objectstorage.py
[2025-12-11T04:37:53.812+0000] {processor.py:830} INFO - Processing file /home/airflow/.local/lib/python3.9/site-packages/airflow/example_dags/tutorial_objectstorage.py for tasks to queue
[2025-12-11T04:37:53.823+0000] {logging_mixin.py:188} INFO - [2025-12-11T04:37:53.823+0000] {dagbag.py:545} INFO - Filling up the DagBag from /home/airflow/.local/lib/python3.9/site-packages/airflow/example_dags/tutorial_objectstorage.py
[2025-12-11T04:37:53.862+0000] {processor.py:840} INFO - DAG(s) 'tutorial_objectstorage' retrieved from /home/airflow/.local/lib/python3.9/site-packages/airflow/example_dags/tutorial_objectstorage.py
[2025-12-11T04:37:53.966+0000] {logging_mixin.py:188} INFO - [2025-12-11T04:37:53.965+0000] {dag.py:3096} INFO - Sync 1 DAGs
[2025-12-11T04:37:54.022+0000] {logging_mixin.py:188} INFO - [2025-12-11T04:37:54.021+0000] {dag.py:3954} INFO - Setting next_dagrun for tutorial_objectstorage to None, run_after=None
[2025-12-11T04:37:54.182+0000] {processor.py:183} INFO - Processing /home/airflow/.local/lib/python3.9/site-packages/airflow/example_dags/tutorial_objectstorage.py took 0.404 seconds
[2025-12-11T04:38:24.440+0000] {processor.py:161} INFO - Started process (PID=2634) to work on /home/airflow/.local/lib/python3.9/site-packages/airflow/example_dags/tutorial_objectstorage.py
[2025-12-11T04:38:24.442+0000] {processor.py:830} INFO - Processing file /home/airflow/.local/lib/python3.9/site-packages/airflow/example_dags/tutorial_objectstorage.py for tasks to queue
[2025-12-11T04:38:24.444+0000] {logging_mixin.py:188} INFO - [2025-12-11T04:38:24.444+0000] {dagbag.py:545} INFO - Filling up the DagBag from /home/airflow/.local/lib/python3.9/site-packages/airflow/example_dags/tutorial_objectstorage.py
[2025-12-11T04:38:24.457+0000] {processor.py:840} INFO - DAG(s) 'tutorial_objectstorage' retrieved from /home/airflow/.local/lib/python3.9/site-packages/airflow/example_dags/tutorial_objectstorage.py
[2025-12-11T04:38:24.497+0000] {logging_mixin.py:188} INFO - [2025-12-11T04:38:24.492+0000] {dag.py:3096} INFO - Sync 1 DAGs
[2025-12-11T04:38:24.524+0000] {logging_mixin.py:188} INFO - [2025-12-11T04:38:24.523+0000] {dag.py:3954} INFO - Setting next_dagrun for tutorial_objectstorage to None, run_after=None
[2025-12-11T04:38:24.559+0000] {processor.py:183} INFO - Processing /home/airflow/.local/lib/python3.9/site-packages/airflow/example_dags/tutorial_objectstorage.py took 0.128 seconds
[2025-12-11T04:38:54.612+0000] {processor.py:161} INFO - Started process (PID=2700) to work on /home/airflow/.local/lib/python3.9/site-packages/airflow/example_dags/tutorial_objectstorage.py
[2025-12-11T04:38:54.614+0000] {processor.py:830} INFO - Processing file /home/airflow/.local/lib/python3.9/site-packages/airflow/example_dags/tutorial_objectstorage.py for tasks to queue
[2025-12-11T04:38:54.617+0000] {logging_mixin.py:188} INFO - [2025-12-11T04:38:54.616+0000] {dagbag.py:545} INFO - Filling up the DagBag from /home/airflow/.local/lib/python3.9/site-packages/airflow/example_dags/tutorial_objectstorage.py
[2025-12-11T04:38:54.628+0000] {processor.py:840} INFO - DAG(s) 'tutorial_objectstorage' retrieved from /home/airflow/.local/lib/python3.9/site-packages/airflow/example_dags/tutorial_objectstorage.py
[2025-12-11T04:38:54.664+0000] {logging_mixin.py:188} INFO - [2025-12-11T04:38:54.664+0000] {dag.py:3096} INFO - Sync 1 DAGs
[2025-12-11T04:38:54.685+0000] {logging_mixin.py:188} INFO - [2025-12-11T04:38:54.684+0000] {dag.py:3954} INFO - Setting next_dagrun for tutorial_objectstorage to None, run_after=None
[2025-12-11T04:38:54.712+0000] {processor.py:183} INFO - Processing /home/airflow/.local/lib/python3.9/site-packages/airflow/example_dags/tutorial_objectstorage.py took 0.110 seconds
[2025-12-11T04:39:27.724+0000] {processor.py:161} INFO - Started process (PID=2774) to work on /home/airflow/.local/lib/python3.9/site-packages/airflow/example_dags/tutorial_objectstorage.py
[2025-12-11T04:39:27.732+0000] {processor.py:830} INFO - Processing file /home/airflow/.local/lib/python3.9/site-packages/airflow/example_dags/tutorial_objectstorage.py for tasks to queue
[2025-12-11T04:39:27.739+0000] {logging_mixin.py:188} INFO - [2025-12-11T04:39:27.739+0000] {dagbag.py:545} INFO - Filling up the DagBag from /home/airflow/.local/lib/python3.9/site-packages/airflow/example_dags/tutorial_objectstorage.py
[2025-12-11T04:39:27.782+0000] {processor.py:840} INFO - DAG(s) 'tutorial_objectstorage' retrieved from /home/airflow/.local/lib/python3.9/site-packages/airflow/example_dags/tutorial_objectstorage.py
[2025-12-11T04:39:27.898+0000] {logging_mixin.py:188} INFO - [2025-12-11T04:39:27.888+0000] {dag.py:3096} INFO - Sync 1 DAGs
[2025-12-11T04:39:27.964+0000] {logging_mixin.py:188} INFO - [2025-12-11T04:39:27.963+0000] {dag.py:3954} INFO - Setting next_dagrun for tutorial_objectstorage to None, run_after=None
[2025-12-11T04:39:28.284+0000] {processor.py:183} INFO - Processing /home/airflow/.local/lib/python3.9/site-packages/airflow/example_dags/tutorial_objectstorage.py took 0.600 seconds
[2025-12-11T04:39:58.805+0000] {processor.py:161} INFO - Started process (PID=2834) to work on /home/airflow/.local/lib/python3.9/site-packages/airflow/example_dags/tutorial_objectstorage.py
[2025-12-11T04:39:58.817+0000] {processor.py:830} INFO - Processing file /home/airflow/.local/lib/python3.9/site-packages/airflow/example_dags/tutorial_objectstorage.py for tasks to queue
[2025-12-11T04:39:58.820+0000] {logging_mixin.py:188} INFO - [2025-12-11T04:39:58.820+0000] {dagbag.py:545} INFO - Filling up the DagBag from /home/airflow/.local/lib/python3.9/site-packages/airflow/example_dags/tutorial_objectstorage.py
[2025-12-11T04:39:58.833+0000] {processor.py:840} INFO - DAG(s) 'tutorial_objectstorage' retrieved from /home/airflow/.local/lib/python3.9/site-packages/airflow/example_dags/tutorial_objectstorage.py
[2025-12-11T04:39:58.871+0000] {logging_mixin.py:188} INFO - [2025-12-11T04:39:58.871+0000] {dag.py:3096} INFO - Sync 1 DAGs
[2025-12-11T04:39:58.891+0000] {logging_mixin.py:188} INFO - [2025-12-11T04:39:58.890+0000] {dag.py:3954} INFO - Setting next_dagrun for tutorial_objectstorage to None, run_after=None
[2025-12-11T04:39:58.920+0000] {processor.py:183} INFO - Processing /home/airflow/.local/lib/python3.9/site-packages/airflow/example_dags/tutorial_objectstorage.py took 0.162 seconds
[2025-12-11T04:40:29.724+0000] {processor.py:161} INFO - Started process (PID=2901) to work on /home/airflow/.local/lib/python3.9/site-packages/airflow/example_dags/tutorial_objectstorage.py
[2025-12-11T04:40:29.766+0000] {processor.py:830} INFO - Processing file /home/airflow/.local/lib/python3.9/site-packages/airflow/example_dags/tutorial_objectstorage.py for tasks to queue
[2025-12-11T04:40:29.770+0000] {logging_mixin.py:188} INFO - [2025-12-11T04:40:29.769+0000] {dagbag.py:545} INFO - Filling up the DagBag from /home/airflow/.local/lib/python3.9/site-packages/airflow/example_dags/tutorial_objectstorage.py
[2025-12-11T04:40:29.783+0000] {processor.py:840} INFO - DAG(s) 'tutorial_objectstorage' retrieved from /home/airflow/.local/lib/python3.9/site-packages/airflow/example_dags/tutorial_objectstorage.py
[2025-12-11T04:40:29.827+0000] {logging_mixin.py:188} INFO - [2025-12-11T04:40:29.826+0000] {dag.py:3096} INFO - Sync 1 DAGs
[2025-12-11T04:40:29.852+0000] {logging_mixin.py:188} INFO - [2025-12-11T04:40:29.851+0000] {dag.py:3954} INFO - Setting next_dagrun for tutorial_objectstorage to None, run_after=None
[2025-12-11T04:40:30.061+0000] {processor.py:183} INFO - Processing /home/airflow/.local/lib/python3.9/site-packages/airflow/example_dags/tutorial_objectstorage.py took 0.357 seconds
[2025-12-11T04:41:00.664+0000] {processor.py:161} INFO - Started process (PID=2968) to work on /home/airflow/.local/lib/python3.9/site-packages/airflow/example_dags/tutorial_objectstorage.py
[2025-12-11T04:41:00.685+0000] {processor.py:830} INFO - Processing file /home/airflow/.local/lib/python3.9/site-packages/airflow/example_dags/tutorial_objectstorage.py for tasks to queue
[2025-12-11T04:41:00.689+0000] {logging_mixin.py:188} INFO - [2025-12-11T04:41:00.689+0000] {dagbag.py:545} INFO - Filling up the DagBag from /home/airflow/.local/lib/python3.9/site-packages/airflow/example_dags/tutorial_objectstorage.py
[2025-12-11T04:41:00.702+0000] {processor.py:840} INFO - DAG(s) 'tutorial_objectstorage' retrieved from /home/airflow/.local/lib/python3.9/site-packages/airflow/example_dags/tutorial_objectstorage.py
[2025-12-11T04:41:00.745+0000] {logging_mixin.py:188} INFO - [2025-12-11T04:41:00.744+0000] {dag.py:3096} INFO - Sync 1 DAGs
[2025-12-11T04:41:00.770+0000] {logging_mixin.py:188} INFO - [2025-12-11T04:41:00.770+0000] {dag.py:3954} INFO - Setting next_dagrun for tutorial_objectstorage to None, run_after=None
[2025-12-11T04:41:01.031+0000] {processor.py:183} INFO - Processing /home/airflow/.local/lib/python3.9/site-packages/airflow/example_dags/tutorial_objectstorage.py took 0.386 seconds
[2025-12-11T04:41:31.363+0000] {processor.py:161} INFO - Started process (PID=3035) to work on /home/airflow/.local/lib/python3.9/site-packages/airflow/example_dags/tutorial_objectstorage.py
[2025-12-11T04:41:31.373+0000] {processor.py:830} INFO - Processing file /home/airflow/.local/lib/python3.9/site-packages/airflow/example_dags/tutorial_objectstorage.py for tasks to queue
[2025-12-11T04:41:31.380+0000] {logging_mixin.py:188} INFO - [2025-12-11T04:41:31.379+0000] {dagbag.py:545} INFO - Filling up the DagBag from /home/airflow/.local/lib/python3.9/site-packages/airflow/example_dags/tutorial_objectstorage.py
[2025-12-11T04:41:31.402+0000] {processor.py:840} INFO - DAG(s) 'tutorial_objectstorage' retrieved from /home/airflow/.local/lib/python3.9/site-packages/airflow/example_dags/tutorial_objectstorage.py
[2025-12-11T04:41:31.465+0000] {logging_mixin.py:188} INFO - [2025-12-11T04:41:31.465+0000] {dag.py:3096} INFO - Sync 1 DAGs
[2025-12-11T04:41:31.492+0000] {logging_mixin.py:188} INFO - [2025-12-11T04:41:31.492+0000] {dag.py:3954} INFO - Setting next_dagrun for tutorial_objectstorage to None, run_after=None
[2025-12-11T04:41:31.523+0000] {processor.py:183} INFO - Processing /home/airflow/.local/lib/python3.9/site-packages/airflow/example_dags/tutorial_objectstorage.py took 0.178 seconds
[2025-12-11T04:42:03.908+0000] {processor.py:161} INFO - Started process (PID=3110) to work on /home/airflow/.local/lib/python3.9/site-packages/airflow/example_dags/tutorial_objectstorage.py
[2025-12-11T04:42:03.948+0000] {processor.py:830} INFO - Processing file /home/airflow/.local/lib/python3.9/site-packages/airflow/example_dags/tutorial_objectstorage.py for tasks to queue
[2025-12-11T04:42:03.951+0000] {logging_mixin.py:188} INFO - [2025-12-11T04:42:03.951+0000] {dagbag.py:545} INFO - Filling up the DagBag from /home/airflow/.local/lib/python3.9/site-packages/airflow/example_dags/tutorial_objectstorage.py
[2025-12-11T04:42:03.966+0000] {processor.py:840} INFO - DAG(s) 'tutorial_objectstorage' retrieved from /home/airflow/.local/lib/python3.9/site-packages/airflow/example_dags/tutorial_objectstorage.py
[2025-12-11T04:42:04.048+0000] {logging_mixin.py:188} INFO - [2025-12-11T04:42:04.047+0000] {dag.py:3096} INFO - Sync 1 DAGs
[2025-12-11T04:42:04.142+0000] {logging_mixin.py:188} INFO - [2025-12-11T04:42:04.141+0000] {dag.py:3954} INFO - Setting next_dagrun for tutorial_objectstorage to None, run_after=None
[2025-12-11T04:42:04.260+0000] {processor.py:183} INFO - Processing /home/airflow/.local/lib/python3.9/site-packages/airflow/example_dags/tutorial_objectstorage.py took 0.363 seconds
[2025-12-11T04:42:35.179+0000] {processor.py:161} INFO - Started process (PID=3177) to work on /home/airflow/.local/lib/python3.9/site-packages/airflow/example_dags/tutorial_objectstorage.py
[2025-12-11T04:42:35.181+0000] {processor.py:830} INFO - Processing file /home/airflow/.local/lib/python3.9/site-packages/airflow/example_dags/tutorial_objectstorage.py for tasks to queue
[2025-12-11T04:42:35.185+0000] {logging_mixin.py:188} INFO - [2025-12-11T04:42:35.184+0000] {dagbag.py:545} INFO - Filling up the DagBag from /home/airflow/.local/lib/python3.9/site-packages/airflow/example_dags/tutorial_objectstorage.py
[2025-12-11T04:42:35.219+0000] {processor.py:840} INFO - DAG(s) 'tutorial_objectstorage' retrieved from /home/airflow/.local/lib/python3.9/site-packages/airflow/example_dags/tutorial_objectstorage.py
[2025-12-11T04:42:35.317+0000] {logging_mixin.py:188} INFO - [2025-12-11T04:42:35.305+0000] {dag.py:3096} INFO - Sync 1 DAGs
[2025-12-11T04:42:35.359+0000] {logging_mixin.py:188} INFO - [2025-12-11T04:42:35.358+0000] {dag.py:3954} INFO - Setting next_dagrun for tutorial_objectstorage to None, run_after=None
[2025-12-11T04:42:35.444+0000] {processor.py:183} INFO - Processing /home/airflow/.local/lib/python3.9/site-packages/airflow/example_dags/tutorial_objectstorage.py took 0.307 seconds
[2025-12-11T04:43:05.932+0000] {processor.py:161} INFO - Started process (PID=3237) to work on /home/airflow/.local/lib/python3.9/site-packages/airflow/example_dags/tutorial_objectstorage.py
[2025-12-11T04:43:05.934+0000] {processor.py:830} INFO - Processing file /home/airflow/.local/lib/python3.9/site-packages/airflow/example_dags/tutorial_objectstorage.py for tasks to queue
[2025-12-11T04:43:05.938+0000] {logging_mixin.py:188} INFO - [2025-12-11T04:43:05.938+0000] {dagbag.py:545} INFO - Filling up the DagBag from /home/airflow/.local/lib/python3.9/site-packages/airflow/example_dags/tutorial_objectstorage.py
[2025-12-11T04:43:05.950+0000] {processor.py:840} INFO - DAG(s) 'tutorial_objectstorage' retrieved from /home/airflow/.local/lib/python3.9/site-packages/airflow/example_dags/tutorial_objectstorage.py
[2025-12-11T04:43:05.989+0000] {logging_mixin.py:188} INFO - [2025-12-11T04:43:05.989+0000] {dag.py:3096} INFO - Sync 1 DAGs
[2025-12-11T04:43:06.013+0000] {logging_mixin.py:188} INFO - [2025-12-11T04:43:06.013+0000] {dag.py:3954} INFO - Setting next_dagrun for tutorial_objectstorage to None, run_after=None
[2025-12-11T04:43:06.044+0000] {processor.py:183} INFO - Processing /home/airflow/.local/lib/python3.9/site-packages/airflow/example_dags/tutorial_objectstorage.py took 0.121 seconds
[2025-12-11T04:43:36.766+0000] {processor.py:161} INFO - Started process (PID=3311) to work on /home/airflow/.local/lib/python3.9/site-packages/airflow/example_dags/tutorial_objectstorage.py
[2025-12-11T04:43:36.777+0000] {processor.py:830} INFO - Processing file /home/airflow/.local/lib/python3.9/site-packages/airflow/example_dags/tutorial_objectstorage.py for tasks to queue
[2025-12-11T04:43:36.780+0000] {logging_mixin.py:188} INFO - [2025-12-11T04:43:36.780+0000] {dagbag.py:545} INFO - Filling up the DagBag from /home/airflow/.local/lib/python3.9/site-packages/airflow/example_dags/tutorial_objectstorage.py
[2025-12-11T04:43:36.801+0000] {processor.py:840} INFO - DAG(s) 'tutorial_objectstorage' retrieved from /home/airflow/.local/lib/python3.9/site-packages/airflow/example_dags/tutorial_objectstorage.py
[2025-12-11T04:43:36.883+0000] {logging_mixin.py:188} INFO - [2025-12-11T04:43:36.882+0000] {dag.py:3096} INFO - Sync 1 DAGs
[2025-12-11T04:43:36.927+0000] {logging_mixin.py:188} INFO - [2025-12-11T04:43:36.926+0000] {dag.py:3954} INFO - Setting next_dagrun for tutorial_objectstorage to None, run_after=None
[2025-12-11T04:43:37.005+0000] {processor.py:183} INFO - Processing /home/airflow/.local/lib/python3.9/site-packages/airflow/example_dags/tutorial_objectstorage.py took 0.248 seconds
[2025-12-11T04:44:07.692+0000] {processor.py:161} INFO - Started process (PID=3378) to work on /home/airflow/.local/lib/python3.9/site-packages/airflow/example_dags/tutorial_objectstorage.py
[2025-12-11T04:44:07.694+0000] {processor.py:830} INFO - Processing file /home/airflow/.local/lib/python3.9/site-packages/airflow/example_dags/tutorial_objectstorage.py for tasks to queue
[2025-12-11T04:44:07.698+0000] {logging_mixin.py:188} INFO - [2025-12-11T04:44:07.697+0000] {dagbag.py:545} INFO - Filling up the DagBag from /home/airflow/.local/lib/python3.9/site-packages/airflow/example_dags/tutorial_objectstorage.py
[2025-12-11T04:44:07.715+0000] {processor.py:840} INFO - DAG(s) 'tutorial_objectstorage' retrieved from /home/airflow/.local/lib/python3.9/site-packages/airflow/example_dags/tutorial_objectstorage.py
[2025-12-11T04:44:07.760+0000] {logging_mixin.py:188} INFO - [2025-12-11T04:44:07.760+0000] {dag.py:3096} INFO - Sync 1 DAGs
[2025-12-11T04:44:07.787+0000] {logging_mixin.py:188} INFO - [2025-12-11T04:44:07.787+0000] {dag.py:3954} INFO - Setting next_dagrun for tutorial_objectstorage to None, run_after=None
[2025-12-11T04:44:07.815+0000] {processor.py:183} INFO - Processing /home/airflow/.local/lib/python3.9/site-packages/airflow/example_dags/tutorial_objectstorage.py took 0.138 seconds
[2025-12-11T04:44:38.720+0000] {processor.py:161} INFO - Started process (PID=3445) to work on /home/airflow/.local/lib/python3.9/site-packages/airflow/example_dags/tutorial_objectstorage.py
[2025-12-11T04:44:38.724+0000] {processor.py:830} INFO - Processing file /home/airflow/.local/lib/python3.9/site-packages/airflow/example_dags/tutorial_objectstorage.py for tasks to queue
[2025-12-11T04:44:38.737+0000] {logging_mixin.py:188} INFO - [2025-12-11T04:44:38.727+0000] {dagbag.py:545} INFO - Filling up the DagBag from /home/airflow/.local/lib/python3.9/site-packages/airflow/example_dags/tutorial_objectstorage.py
[2025-12-11T04:44:38.759+0000] {processor.py:840} INFO - DAG(s) 'tutorial_objectstorage' retrieved from /home/airflow/.local/lib/python3.9/site-packages/airflow/example_dags/tutorial_objectstorage.py
[2025-12-11T04:44:38.818+0000] {logging_mixin.py:188} INFO - [2025-12-11T04:44:38.817+0000] {dag.py:3096} INFO - Sync 1 DAGs
[2025-12-11T04:44:38.844+0000] {logging_mixin.py:188} INFO - [2025-12-11T04:44:38.843+0000] {dag.py:3954} INFO - Setting next_dagrun for tutorial_objectstorage to None, run_after=None
[2025-12-11T04:44:38.886+0000] {processor.py:183} INFO - Processing /home/airflow/.local/lib/python3.9/site-packages/airflow/example_dags/tutorial_objectstorage.py took 0.186 seconds
[2025-12-11T04:45:09.142+0000] {processor.py:161} INFO - Started process (PID=3513) to work on /home/airflow/.local/lib/python3.9/site-packages/airflow/example_dags/tutorial_objectstorage.py
[2025-12-11T04:45:09.144+0000] {processor.py:830} INFO - Processing file /home/airflow/.local/lib/python3.9/site-packages/airflow/example_dags/tutorial_objectstorage.py for tasks to queue
[2025-12-11T04:45:09.146+0000] {logging_mixin.py:188} INFO - [2025-12-11T04:45:09.146+0000] {dagbag.py:545} INFO - Filling up the DagBag from /home/airflow/.local/lib/python3.9/site-packages/airflow/example_dags/tutorial_objectstorage.py
[2025-12-11T04:45:09.160+0000] {processor.py:840} INFO - DAG(s) 'tutorial_objectstorage' retrieved from /home/airflow/.local/lib/python3.9/site-packages/airflow/example_dags/tutorial_objectstorage.py
[2025-12-11T04:45:09.197+0000] {logging_mixin.py:188} INFO - [2025-12-11T04:45:09.195+0000] {dag.py:3096} INFO - Sync 1 DAGs
[2025-12-11T04:45:09.218+0000] {logging_mixin.py:188} INFO - [2025-12-11T04:45:09.218+0000] {dag.py:3954} INFO - Setting next_dagrun for tutorial_objectstorage to None, run_after=None
[2025-12-11T04:45:09.244+0000] {processor.py:183} INFO - Processing /home/airflow/.local/lib/python3.9/site-packages/airflow/example_dags/tutorial_objectstorage.py took 0.115 seconds
[2025-12-11T04:45:39.410+0000] {processor.py:161} INFO - Started process (PID=3581) to work on /home/airflow/.local/lib/python3.9/site-packages/airflow/example_dags/tutorial_objectstorage.py
[2025-12-11T04:45:39.411+0000] {processor.py:830} INFO - Processing file /home/airflow/.local/lib/python3.9/site-packages/airflow/example_dags/tutorial_objectstorage.py for tasks to queue
[2025-12-11T04:45:39.414+0000] {logging_mixin.py:188} INFO - [2025-12-11T04:45:39.413+0000] {dagbag.py:545} INFO - Filling up the DagBag from /home/airflow/.local/lib/python3.9/site-packages/airflow/example_dags/tutorial_objectstorage.py
[2025-12-11T04:45:39.427+0000] {processor.py:840} INFO - DAG(s) 'tutorial_objectstorage' retrieved from /home/airflow/.local/lib/python3.9/site-packages/airflow/example_dags/tutorial_objectstorage.py
[2025-12-11T04:45:39.470+0000] {logging_mixin.py:188} INFO - [2025-12-11T04:45:39.469+0000] {dag.py:3096} INFO - Sync 1 DAGs
[2025-12-11T04:45:39.497+0000] {logging_mixin.py:188} INFO - [2025-12-11T04:45:39.497+0000] {dag.py:3954} INFO - Setting next_dagrun for tutorial_objectstorage to None, run_after=None
[2025-12-11T04:45:39.527+0000] {processor.py:183} INFO - Processing /home/airflow/.local/lib/python3.9/site-packages/airflow/example_dags/tutorial_objectstorage.py took 0.128 seconds
[2025-12-11T04:46:10.038+0000] {processor.py:161} INFO - Started process (PID=3648) to work on /home/airflow/.local/lib/python3.9/site-packages/airflow/example_dags/tutorial_objectstorage.py
[2025-12-11T04:46:10.118+0000] {processor.py:830} INFO - Processing file /home/airflow/.local/lib/python3.9/site-packages/airflow/example_dags/tutorial_objectstorage.py for tasks to queue
[2025-12-11T04:46:10.121+0000] {logging_mixin.py:188} INFO - [2025-12-11T04:46:10.121+0000] {dagbag.py:545} INFO - Filling up the DagBag from /home/airflow/.local/lib/python3.9/site-packages/airflow/example_dags/tutorial_objectstorage.py
[2025-12-11T04:46:10.133+0000] {processor.py:840} INFO - DAG(s) 'tutorial_objectstorage' retrieved from /home/airflow/.local/lib/python3.9/site-packages/airflow/example_dags/tutorial_objectstorage.py
[2025-12-11T04:46:10.169+0000] {logging_mixin.py:188} INFO - [2025-12-11T04:46:10.169+0000] {dag.py:3096} INFO - Sync 1 DAGs
[2025-12-11T04:46:10.189+0000] {logging_mixin.py:188} INFO - [2025-12-11T04:46:10.189+0000] {dag.py:3954} INFO - Setting next_dagrun for tutorial_objectstorage to None, run_after=None
[2025-12-11T04:46:10.456+0000] {processor.py:183} INFO - Processing /home/airflow/.local/lib/python3.9/site-packages/airflow/example_dags/tutorial_objectstorage.py took 0.428 seconds
[2025-12-11T04:46:40.524+0000] {processor.py:161} INFO - Started process (PID=3715) to work on /home/airflow/.local/lib/python3.9/site-packages/airflow/example_dags/tutorial_objectstorage.py
[2025-12-11T04:46:40.531+0000] {processor.py:830} INFO - Processing file /home/airflow/.local/lib/python3.9/site-packages/airflow/example_dags/tutorial_objectstorage.py for tasks to queue
[2025-12-11T04:46:40.534+0000] {logging_mixin.py:188} INFO - [2025-12-11T04:46:40.533+0000] {dagbag.py:545} INFO - Filling up the DagBag from /home/airflow/.local/lib/python3.9/site-packages/airflow/example_dags/tutorial_objectstorage.py
[2025-12-11T04:46:40.545+0000] {processor.py:840} INFO - DAG(s) 'tutorial_objectstorage' retrieved from /home/airflow/.local/lib/python3.9/site-packages/airflow/example_dags/tutorial_objectstorage.py
[2025-12-11T04:46:40.584+0000] {logging_mixin.py:188} INFO - [2025-12-11T04:46:40.583+0000] {dag.py:3096} INFO - Sync 1 DAGs
[2025-12-11T04:46:40.604+0000] {logging_mixin.py:188} INFO - [2025-12-11T04:46:40.604+0000] {dag.py:3954} INFO - Setting next_dagrun for tutorial_objectstorage to None, run_after=None
[2025-12-11T04:46:40.697+0000] {processor.py:183} INFO - Processing /home/airflow/.local/lib/python3.9/site-packages/airflow/example_dags/tutorial_objectstorage.py took 0.183 seconds
[2025-12-11T04:47:11.863+0000] {processor.py:161} INFO - Started process (PID=3782) to work on /home/airflow/.local/lib/python3.9/site-packages/airflow/example_dags/tutorial_objectstorage.py
[2025-12-11T04:47:11.864+0000] {processor.py:830} INFO - Processing file /home/airflow/.local/lib/python3.9/site-packages/airflow/example_dags/tutorial_objectstorage.py for tasks to queue
[2025-12-11T04:47:11.867+0000] {logging_mixin.py:188} INFO - [2025-12-11T04:47:11.867+0000] {dagbag.py:545} INFO - Filling up the DagBag from /home/airflow/.local/lib/python3.9/site-packages/airflow/example_dags/tutorial_objectstorage.py
[2025-12-11T04:47:11.887+0000] {processor.py:840} INFO - DAG(s) 'tutorial_objectstorage' retrieved from /home/airflow/.local/lib/python3.9/site-packages/airflow/example_dags/tutorial_objectstorage.py
[2025-12-11T04:47:11.958+0000] {logging_mixin.py:188} INFO - [2025-12-11T04:47:11.957+0000] {dag.py:3096} INFO - Sync 1 DAGs
[2025-12-11T04:47:11.986+0000] {logging_mixin.py:188} INFO - [2025-12-11T04:47:11.985+0000] {dag.py:3954} INFO - Setting next_dagrun for tutorial_objectstorage to None, run_after=None
[2025-12-11T04:47:12.060+0000] {processor.py:183} INFO - Processing /home/airflow/.local/lib/python3.9/site-packages/airflow/example_dags/tutorial_objectstorage.py took 0.210 seconds
[2025-12-11T04:47:42.668+0000] {processor.py:161} INFO - Started process (PID=3849) to work on /home/airflow/.local/lib/python3.9/site-packages/airflow/example_dags/tutorial_objectstorage.py
[2025-12-11T04:47:42.670+0000] {processor.py:830} INFO - Processing file /home/airflow/.local/lib/python3.9/site-packages/airflow/example_dags/tutorial_objectstorage.py for tasks to queue
[2025-12-11T04:47:42.678+0000] {logging_mixin.py:188} INFO - [2025-12-11T04:47:42.677+0000] {dagbag.py:545} INFO - Filling up the DagBag from /home/airflow/.local/lib/python3.9/site-packages/airflow/example_dags/tutorial_objectstorage.py
[2025-12-11T04:47:42.689+0000] {processor.py:840} INFO - DAG(s) 'tutorial_objectstorage' retrieved from /home/airflow/.local/lib/python3.9/site-packages/airflow/example_dags/tutorial_objectstorage.py
[2025-12-11T04:47:42.733+0000] {logging_mixin.py:188} INFO - [2025-12-11T04:47:42.732+0000] {dag.py:3096} INFO - Sync 1 DAGs
[2025-12-11T04:47:42.757+0000] {logging_mixin.py:188} INFO - [2025-12-11T04:47:42.755+0000] {dag.py:3954} INFO - Setting next_dagrun for tutorial_objectstorage to None, run_after=None
[2025-12-11T04:47:42.788+0000] {processor.py:183} INFO - Processing /home/airflow/.local/lib/python3.9/site-packages/airflow/example_dags/tutorial_objectstorage.py took 0.130 seconds
[2025-12-11T04:48:13.132+0000] {processor.py:161} INFO - Started process (PID=3916) to work on /home/airflow/.local/lib/python3.9/site-packages/airflow/example_dags/tutorial_objectstorage.py
[2025-12-11T04:48:13.135+0000] {processor.py:830} INFO - Processing file /home/airflow/.local/lib/python3.9/site-packages/airflow/example_dags/tutorial_objectstorage.py for tasks to queue
[2025-12-11T04:48:13.139+0000] {logging_mixin.py:188} INFO - [2025-12-11T04:48:13.138+0000] {dagbag.py:545} INFO - Filling up the DagBag from /home/airflow/.local/lib/python3.9/site-packages/airflow/example_dags/tutorial_objectstorage.py
[2025-12-11T04:48:13.157+0000] {processor.py:840} INFO - DAG(s) 'tutorial_objectstorage' retrieved from /home/airflow/.local/lib/python3.9/site-packages/airflow/example_dags/tutorial_objectstorage.py
[2025-12-11T04:48:13.197+0000] {logging_mixin.py:188} INFO - [2025-12-11T04:48:13.197+0000] {dag.py:3096} INFO - Sync 1 DAGs
[2025-12-11T04:48:13.220+0000] {logging_mixin.py:188} INFO - [2025-12-11T04:48:13.219+0000] {dag.py:3954} INFO - Setting next_dagrun for tutorial_objectstorage to None, run_after=None
[2025-12-11T04:48:13.249+0000] {processor.py:183} INFO - Processing /home/airflow/.local/lib/python3.9/site-packages/airflow/example_dags/tutorial_objectstorage.py took 0.130 seconds
[2025-12-11T04:48:43.624+0000] {processor.py:161} INFO - Started process (PID=3983) to work on /home/airflow/.local/lib/python3.9/site-packages/airflow/example_dags/tutorial_objectstorage.py
[2025-12-11T04:48:43.633+0000] {processor.py:830} INFO - Processing file /home/airflow/.local/lib/python3.9/site-packages/airflow/example_dags/tutorial_objectstorage.py for tasks to queue
[2025-12-11T04:48:43.637+0000] {logging_mixin.py:188} INFO - [2025-12-11T04:48:43.636+0000] {dagbag.py:545} INFO - Filling up the DagBag from /home/airflow/.local/lib/python3.9/site-packages/airflow/example_dags/tutorial_objectstorage.py
[2025-12-11T04:48:43.651+0000] {processor.py:840} INFO - DAG(s) 'tutorial_objectstorage' retrieved from /home/airflow/.local/lib/python3.9/site-packages/airflow/example_dags/tutorial_objectstorage.py
[2025-12-11T04:48:43.698+0000] {logging_mixin.py:188} INFO - [2025-12-11T04:48:43.697+0000] {dag.py:3096} INFO - Sync 1 DAGs
[2025-12-11T04:48:43.722+0000] {logging_mixin.py:188} INFO - [2025-12-11T04:48:43.722+0000] {dag.py:3954} INFO - Setting next_dagrun for tutorial_objectstorage to None, run_after=None
[2025-12-11T04:48:44.010+0000] {processor.py:183} INFO - Processing /home/airflow/.local/lib/python3.9/site-packages/airflow/example_dags/tutorial_objectstorage.py took 0.399 seconds
[2025-12-11T04:49:14.167+0000] {processor.py:161} INFO - Started process (PID=4057) to work on /home/airflow/.local/lib/python3.9/site-packages/airflow/example_dags/tutorial_objectstorage.py
[2025-12-11T04:49:14.172+0000] {processor.py:830} INFO - Processing file /home/airflow/.local/lib/python3.9/site-packages/airflow/example_dags/tutorial_objectstorage.py for tasks to queue
[2025-12-11T04:49:14.179+0000] {logging_mixin.py:188} INFO - [2025-12-11T04:49:14.179+0000] {dagbag.py:545} INFO - Filling up the DagBag from /home/airflow/.local/lib/python3.9/site-packages/airflow/example_dags/tutorial_objectstorage.py
[2025-12-11T04:49:14.192+0000] {processor.py:840} INFO - DAG(s) 'tutorial_objectstorage' retrieved from /home/airflow/.local/lib/python3.9/site-packages/airflow/example_dags/tutorial_objectstorage.py
[2025-12-11T04:49:14.257+0000] {logging_mixin.py:188} INFO - [2025-12-11T04:49:14.249+0000] {dag.py:3096} INFO - Sync 1 DAGs
[2025-12-11T04:49:14.289+0000] {logging_mixin.py:188} INFO - [2025-12-11T04:49:14.289+0000] {dag.py:3954} INFO - Setting next_dagrun for tutorial_objectstorage to None, run_after=None
[2025-12-11T04:49:14.359+0000] {processor.py:183} INFO - Processing /home/airflow/.local/lib/python3.9/site-packages/airflow/example_dags/tutorial_objectstorage.py took 0.206 seconds
[2025-12-11T04:49:44.528+0000] {processor.py:161} INFO - Started process (PID=4123) to work on /home/airflow/.local/lib/python3.9/site-packages/airflow/example_dags/tutorial_objectstorage.py
[2025-12-11T04:49:44.613+0000] {processor.py:830} INFO - Processing file /home/airflow/.local/lib/python3.9/site-packages/airflow/example_dags/tutorial_objectstorage.py for tasks to queue
[2025-12-11T04:49:44.616+0000] {logging_mixin.py:188} INFO - [2025-12-11T04:49:44.615+0000] {dagbag.py:545} INFO - Filling up the DagBag from /home/airflow/.local/lib/python3.9/site-packages/airflow/example_dags/tutorial_objectstorage.py
[2025-12-11T04:49:44.629+0000] {processor.py:840} INFO - DAG(s) 'tutorial_objectstorage' retrieved from /home/airflow/.local/lib/python3.9/site-packages/airflow/example_dags/tutorial_objectstorage.py
[2025-12-11T04:49:44.684+0000] {logging_mixin.py:188} INFO - [2025-12-11T04:49:44.684+0000] {dag.py:3096} INFO - Sync 1 DAGs
[2025-12-11T04:49:44.705+0000] {logging_mixin.py:188} INFO - [2025-12-11T04:49:44.704+0000] {dag.py:3954} INFO - Setting next_dagrun for tutorial_objectstorage to None, run_after=None
[2025-12-11T04:49:45.290+0000] {processor.py:183} INFO - Processing /home/airflow/.local/lib/python3.9/site-packages/airflow/example_dags/tutorial_objectstorage.py took 0.772 seconds
[2025-12-11T04:50:15.533+0000] {processor.py:161} INFO - Started process (PID=4189) to work on /home/airflow/.local/lib/python3.9/site-packages/airflow/example_dags/tutorial_objectstorage.py
[2025-12-11T04:50:15.611+0000] {processor.py:830} INFO - Processing file /home/airflow/.local/lib/python3.9/site-packages/airflow/example_dags/tutorial_objectstorage.py for tasks to queue
[2025-12-11T04:50:15.614+0000] {logging_mixin.py:188} INFO - [2025-12-11T04:50:15.614+0000] {dagbag.py:545} INFO - Filling up the DagBag from /home/airflow/.local/lib/python3.9/site-packages/airflow/example_dags/tutorial_objectstorage.py
[2025-12-11T04:50:15.627+0000] {processor.py:840} INFO - DAG(s) 'tutorial_objectstorage' retrieved from /home/airflow/.local/lib/python3.9/site-packages/airflow/example_dags/tutorial_objectstorage.py
[2025-12-11T04:50:15.868+0000] {logging_mixin.py:188} INFO - [2025-12-11T04:50:15.867+0000] {dag.py:3096} INFO - Sync 1 DAGs
[2025-12-11T04:50:15.981+0000] {logging_mixin.py:188} INFO - [2025-12-11T04:50:15.981+0000] {dag.py:3954} INFO - Setting next_dagrun for tutorial_objectstorage to None, run_after=None
[2025-12-11T04:50:16.045+0000] {processor.py:183} INFO - Processing /home/airflow/.local/lib/python3.9/site-packages/airflow/example_dags/tutorial_objectstorage.py took 0.524 seconds
[2025-12-11T04:50:46.429+0000] {processor.py:161} INFO - Started process (PID=4256) to work on /home/airflow/.local/lib/python3.9/site-packages/airflow/example_dags/tutorial_objectstorage.py
[2025-12-11T04:50:46.431+0000] {processor.py:830} INFO - Processing file /home/airflow/.local/lib/python3.9/site-packages/airflow/example_dags/tutorial_objectstorage.py for tasks to queue
[2025-12-11T04:50:46.434+0000] {logging_mixin.py:188} INFO - [2025-12-11T04:50:46.434+0000] {dagbag.py:545} INFO - Filling up the DagBag from /home/airflow/.local/lib/python3.9/site-packages/airflow/example_dags/tutorial_objectstorage.py
[2025-12-11T04:50:46.447+0000] {processor.py:840} INFO - DAG(s) 'tutorial_objectstorage' retrieved from /home/airflow/.local/lib/python3.9/site-packages/airflow/example_dags/tutorial_objectstorage.py
[2025-12-11T04:50:46.489+0000] {logging_mixin.py:188} INFO - [2025-12-11T04:50:46.489+0000] {dag.py:3096} INFO - Sync 1 DAGs
[2025-12-11T04:50:46.512+0000] {logging_mixin.py:188} INFO - [2025-12-11T04:50:46.512+0000] {dag.py:3954} INFO - Setting next_dagrun for tutorial_objectstorage to None, run_after=None
[2025-12-11T04:50:46.540+0000] {processor.py:183} INFO - Processing /home/airflow/.local/lib/python3.9/site-packages/airflow/example_dags/tutorial_objectstorage.py took 0.123 seconds
[2025-12-11T04:51:16.846+0000] {processor.py:161} INFO - Started process (PID=4323) to work on /home/airflow/.local/lib/python3.9/site-packages/airflow/example_dags/tutorial_objectstorage.py
[2025-12-11T04:51:16.848+0000] {processor.py:830} INFO - Processing file /home/airflow/.local/lib/python3.9/site-packages/airflow/example_dags/tutorial_objectstorage.py for tasks to queue
[2025-12-11T04:51:16.859+0000] {logging_mixin.py:188} INFO - [2025-12-11T04:51:16.858+0000] {dagbag.py:545} INFO - Filling up the DagBag from /home/airflow/.local/lib/python3.9/site-packages/airflow/example_dags/tutorial_objectstorage.py
[2025-12-11T04:51:16.879+0000] {processor.py:840} INFO - DAG(s) 'tutorial_objectstorage' retrieved from /home/airflow/.local/lib/python3.9/site-packages/airflow/example_dags/tutorial_objectstorage.py
[2025-12-11T04:51:16.944+0000] {logging_mixin.py:188} INFO - [2025-12-11T04:51:16.943+0000] {dag.py:3096} INFO - Sync 1 DAGs
[2025-12-11T04:51:16.983+0000] {logging_mixin.py:188} INFO - [2025-12-11T04:51:16.982+0000] {dag.py:3954} INFO - Setting next_dagrun for tutorial_objectstorage to None, run_after=None
[2025-12-11T04:51:17.047+0000] {processor.py:183} INFO - Processing /home/airflow/.local/lib/python3.9/site-packages/airflow/example_dags/tutorial_objectstorage.py took 0.219 seconds
[2025-12-11T04:51:47.180+0000] {processor.py:161} INFO - Started process (PID=4389) to work on /home/airflow/.local/lib/python3.9/site-packages/airflow/example_dags/tutorial_objectstorage.py
[2025-12-11T04:51:47.182+0000] {processor.py:830} INFO - Processing file /home/airflow/.local/lib/python3.9/site-packages/airflow/example_dags/tutorial_objectstorage.py for tasks to queue
[2025-12-11T04:51:47.184+0000] {logging_mixin.py:188} INFO - [2025-12-11T04:51:47.184+0000] {dagbag.py:545} INFO - Filling up the DagBag from /home/airflow/.local/lib/python3.9/site-packages/airflow/example_dags/tutorial_objectstorage.py
[2025-12-11T04:51:47.195+0000] {processor.py:840} INFO - DAG(s) 'tutorial_objectstorage' retrieved from /home/airflow/.local/lib/python3.9/site-packages/airflow/example_dags/tutorial_objectstorage.py
[2025-12-11T04:51:47.228+0000] {logging_mixin.py:188} INFO - [2025-12-11T04:51:47.228+0000] {dag.py:3096} INFO - Sync 1 DAGs
[2025-12-11T04:51:47.248+0000] {logging_mixin.py:188} INFO - [2025-12-11T04:51:47.247+0000] {dag.py:3954} INFO - Setting next_dagrun for tutorial_objectstorage to None, run_after=None
[2025-12-11T04:51:47.281+0000] {processor.py:183} INFO - Processing /home/airflow/.local/lib/python3.9/site-packages/airflow/example_dags/tutorial_objectstorage.py took 0.111 seconds
[2025-12-11T04:52:17.811+0000] {processor.py:161} INFO - Started process (PID=4456) to work on /home/airflow/.local/lib/python3.9/site-packages/airflow/example_dags/tutorial_objectstorage.py
[2025-12-11T04:52:17.862+0000] {processor.py:830} INFO - Processing file /home/airflow/.local/lib/python3.9/site-packages/airflow/example_dags/tutorial_objectstorage.py for tasks to queue
[2025-12-11T04:52:17.866+0000] {logging_mixin.py:188} INFO - [2025-12-11T04:52:17.865+0000] {dagbag.py:545} INFO - Filling up the DagBag from /home/airflow/.local/lib/python3.9/site-packages/airflow/example_dags/tutorial_objectstorage.py
[2025-12-11T04:52:17.879+0000] {processor.py:840} INFO - DAG(s) 'tutorial_objectstorage' retrieved from /home/airflow/.local/lib/python3.9/site-packages/airflow/example_dags/tutorial_objectstorage.py
[2025-12-11T04:52:17.917+0000] {logging_mixin.py:188} INFO - [2025-12-11T04:52:17.917+0000] {dag.py:3096} INFO - Sync 1 DAGs
[2025-12-11T04:52:17.938+0000] {logging_mixin.py:188} INFO - [2025-12-11T04:52:17.938+0000] {dag.py:3954} INFO - Setting next_dagrun for tutorial_objectstorage to None, run_after=None
[2025-12-11T04:52:18.083+0000] {processor.py:183} INFO - Processing /home/airflow/.local/lib/python3.9/site-packages/airflow/example_dags/tutorial_objectstorage.py took 0.286 seconds
[2025-12-11T04:52:48.601+0000] {processor.py:161} INFO - Started process (PID=4523) to work on /home/airflow/.local/lib/python3.9/site-packages/airflow/example_dags/tutorial_objectstorage.py
[2025-12-11T04:52:48.603+0000] {processor.py:830} INFO - Processing file /home/airflow/.local/lib/python3.9/site-packages/airflow/example_dags/tutorial_objectstorage.py for tasks to queue
[2025-12-11T04:52:48.606+0000] {logging_mixin.py:188} INFO - [2025-12-11T04:52:48.605+0000] {dagbag.py:545} INFO - Filling up the DagBag from /home/airflow/.local/lib/python3.9/site-packages/airflow/example_dags/tutorial_objectstorage.py
[2025-12-11T04:52:48.626+0000] {processor.py:840} INFO - DAG(s) 'tutorial_objectstorage' retrieved from /home/airflow/.local/lib/python3.9/site-packages/airflow/example_dags/tutorial_objectstorage.py
[2025-12-11T04:52:48.669+0000] {logging_mixin.py:188} INFO - [2025-12-11T04:52:48.669+0000] {dag.py:3096} INFO - Sync 1 DAGs
[2025-12-11T04:52:48.691+0000] {logging_mixin.py:188} INFO - [2025-12-11T04:52:48.690+0000] {dag.py:3954} INFO - Setting next_dagrun for tutorial_objectstorage to None, run_after=None
[2025-12-11T04:52:48.720+0000] {processor.py:183} INFO - Processing /home/airflow/.local/lib/python3.9/site-packages/airflow/example_dags/tutorial_objectstorage.py took 0.137 seconds
