[2025-12-11T23:26:32.618+0000] {local_task_job_runner.py:120} INFO - ::group::Pre task execution logs
[2025-12-11T23:26:32.664+0000] {taskinstance.py:2076} INFO - Dependencies all met for dep_context=non-requeueable deps ti=<TaskInstance: ETL_toll_data.transform_data manual__2025-12-11T23:26:07+00:00 [queued]>
[2025-12-11T23:26:32.682+0000] {taskinstance.py:2076} INFO - Dependencies all met for dep_context=requeueable deps ti=<TaskInstance: ETL_toll_data.transform_data manual__2025-12-11T23:26:07+00:00 [queued]>
[2025-12-11T23:26:32.683+0000] {taskinstance.py:2306} INFO - Starting attempt 1 of 2
[2025-12-11T23:26:32.702+0000] {taskinstance.py:2330} INFO - Executing <Task(PythonOperator): transform_data> on 2025-12-11 23:26:07+00:00
[2025-12-11T23:26:32.718+0000] {standard_task_runner.py:63} INFO - Started process 1192 to run task
[2025-12-11T23:26:32.723+0000] {standard_task_runner.py:90} INFO - Running: ['***', 'tasks', 'run', 'ETL_toll_data', 'transform_data', 'manual__2025-12-11T23:26:07+00:00', '--job-id', '8', '--raw', '--subdir', 'DAGS_FOLDER/ETL_toll_data.py', '--cfg-path', '/tmp/tmpd36ruvju']
[2025-12-11T23:26:32.730+0000] {standard_task_runner.py:91} INFO - Job 8: Subtask transform_data
[2025-12-11T23:26:32.753+0000] {warnings.py:109} WARNING - /home/***/.local/lib/python3.9/site-packages/***/settings.py:195: DeprecationWarning: The sql_alchemy_conn option in [core] has been moved to the sql_alchemy_conn option in [database] - the old setting has been used, but please update your config.
  SQL_ALCHEMY_CONN = conf.get("database", "SQL_ALCHEMY_CONN")

[2025-12-11T23:26:32.826+0000] {task_command.py:426} INFO - Running <TaskInstance: ETL_toll_data.transform_data manual__2025-12-11T23:26:07+00:00 [running]> on host f96f3016bc2c
[2025-12-11T23:26:32.995+0000] {taskinstance.py:2648} INFO - Exporting env vars: AIRFLOW_CTX_DAG_EMAIL='hire.willie.conway@example.com' AIRFLOW_CTX_DAG_OWNER='willie conway' AIRFLOW_CTX_DAG_ID='ETL_toll_data' AIRFLOW_CTX_TASK_ID='transform_data' AIRFLOW_CTX_EXECUTION_DATE='2025-12-11T23:26:07+00:00' AIRFLOW_CTX_TRY_NUMBER='1' AIRFLOW_CTX_DAG_RUN_ID='manual__2025-12-11T23:26:07+00:00'
[2025-12-11T23:26:32.998+0000] {taskinstance.py:430} INFO - ::endgroup::
[2025-12-11T23:26:33.140+0000] {logging_mixin.py:188} INFO - Data transformation complete.
[2025-12-11T23:26:33.141+0000] {python.py:237} INFO - Done. Returned value was: None
[2025-12-11T23:26:33.142+0000] {taskinstance.py:441} INFO - ::group::Post task execution logs
[2025-12-11T23:26:33.163+0000] {taskinstance.py:1206} INFO - Marking task as SUCCESS. dag_id=ETL_toll_data, task_id=transform_data, run_id=manual__2025-12-11T23:26:07+00:00, execution_date=20251211T232607, start_date=20251211T232632, end_date=20251211T232633
[2025-12-11T23:26:33.217+0000] {local_task_job_runner.py:240} INFO - Task exited with return code 0
[2025-12-11T23:26:33.249+0000] {taskinstance.py:3498} INFO - 0 downstream tasks scheduled from follow-on schedule check
[2025-12-11T23:26:33.252+0000] {local_task_job_runner.py:222} INFO - ::endgroup::
