[2025-12-11T04:42:43.275+0000] {local_task_job_runner.py:120} INFO - ::group::Pre task execution logs
[2025-12-11T04:42:43.310+0000] {taskinstance.py:2076} INFO - Dependencies all met for dep_context=non-requeueable deps ti=<TaskInstance: ETL_toll_data.extract_data_from_tsv manual__2025-12-11T04:42:30+00:00 [queued]>
[2025-12-11T04:42:43.324+0000] {taskinstance.py:2076} INFO - Dependencies all met for dep_context=requeueable deps ti=<TaskInstance: ETL_toll_data.extract_data_from_tsv manual__2025-12-11T04:42:30+00:00 [queued]>
[2025-12-11T04:42:43.325+0000] {taskinstance.py:2306} INFO - Starting attempt 1 of 2
[2025-12-11T04:42:43.341+0000] {taskinstance.py:2330} INFO - Executing <Task(BashOperator): extract_data_from_tsv> on 2025-12-11 04:42:30+00:00
[2025-12-11T04:42:43.356+0000] {standard_task_runner.py:63} INFO - Started process 880 to run task
[2025-12-11T04:42:43.361+0000] {standard_task_runner.py:90} INFO - Running: ['***', 'tasks', 'run', 'ETL_toll_data', 'extract_data_from_tsv', 'manual__2025-12-11T04:42:30+00:00', '--job-id', '4', '--raw', '--subdir', 'DAGS_FOLDER/ETL_toll_data.py', '--cfg-path', '/tmp/tmpcrl08dbt']
[2025-12-11T04:42:43.366+0000] {standard_task_runner.py:91} INFO - Job 4: Subtask extract_data_from_tsv
[2025-12-11T04:42:43.390+0000] {warnings.py:109} WARNING - /home/***/.local/lib/python3.9/site-packages/***/settings.py:195: DeprecationWarning: The sql_alchemy_conn option in [core] has been moved to the sql_alchemy_conn option in [database] - the old setting has been used, but please update your config.
  SQL_ALCHEMY_CONN = conf.get("database", "SQL_ALCHEMY_CONN")

[2025-12-11T04:42:43.462+0000] {task_command.py:426} INFO - Running <TaskInstance: ETL_toll_data.extract_data_from_tsv manual__2025-12-11T04:42:30+00:00 [running]> on host 28ba122408b4
[2025-12-11T04:42:43.614+0000] {taskinstance.py:2648} INFO - Exporting env vars: AIRFLOW_CTX_DAG_EMAIL='hire.willie.conway@gmail.com' AIRFLOW_CTX_DAG_OWNER='willie conway' AIRFLOW_CTX_DAG_ID='ETL_toll_data' AIRFLOW_CTX_TASK_ID='extract_data_from_tsv' AIRFLOW_CTX_EXECUTION_DATE='2025-12-11T04:42:30+00:00' AIRFLOW_CTX_TRY_NUMBER='1' AIRFLOW_CTX_DAG_RUN_ID='manual__2025-12-11T04:42:30+00:00'
[2025-12-11T04:42:43.617+0000] {taskinstance.py:430} INFO - ::endgroup::
[2025-12-11T04:42:43.618+0000] {subprocess.py:63} INFO - Tmp dir root location: /tmp
[2025-12-11T04:42:43.619+0000] {subprocess.py:75} INFO - Running command: ['/usr/bin/bash', '-c', '\n    cd /home/project/***/dags/finalassignment &&\n    cut -f2,3,4 tollplaza-data.tsv > tsv_data.csv\n    ']
[2025-12-11T04:42:43.650+0000] {subprocess.py:86} INFO - Output:
[2025-12-11T04:42:43.659+0000] {subprocess.py:97} INFO - Command exited with return code 0
[2025-12-11T04:42:43.661+0000] {taskinstance.py:441} INFO - ::group::Post task execution logs
[2025-12-11T04:42:43.712+0000] {taskinstance.py:1206} INFO - Marking task as SUCCESS. dag_id=ETL_toll_data, task_id=extract_data_from_tsv, run_id=manual__2025-12-11T04:42:30+00:00, execution_date=20251211T044230, start_date=20251211T044243, end_date=20251211T044243
[2025-12-11T04:42:43.775+0000] {local_task_job_runner.py:240} INFO - Task exited with return code 0
[2025-12-11T04:42:43.837+0000] {taskinstance.py:3498} INFO - 1 downstream tasks scheduled from follow-on schedule check
[2025-12-11T04:42:44.118+0000] {local_task_job_runner.py:222} INFO - ::endgroup::
