[2025-12-11T22:52:33.554+0000] {processor.py:161} INFO - Started process (PID=149) to work on /home/airflow/.local/lib/python3.9/site-packages/airflow/example_dags/plugins/listener_plugin.py
[2025-12-11T22:52:33.556+0000] {processor.py:830} INFO - Processing file /home/airflow/.local/lib/python3.9/site-packages/airflow/example_dags/plugins/listener_plugin.py for tasks to queue
[2025-12-11T22:52:33.571+0000] {logging_mixin.py:188} INFO - [2025-12-11T22:52:33.570+0000] {dagbag.py:545} INFO - Filling up the DagBag from /home/airflow/.local/lib/python3.9/site-packages/airflow/example_dags/plugins/listener_plugin.py
[2025-12-11T22:52:33.591+0000] {processor.py:842} WARNING - No viable dags retrieved from /home/airflow/.local/lib/python3.9/site-packages/airflow/example_dags/plugins/listener_plugin.py
[2025-12-11T22:52:33.734+0000] {processor.py:183} INFO - Processing /home/airflow/.local/lib/python3.9/site-packages/airflow/example_dags/plugins/listener_plugin.py took 0.241 seconds
[2025-12-11T22:53:03.871+0000] {processor.py:161} INFO - Started process (PID=206) to work on /home/airflow/.local/lib/python3.9/site-packages/airflow/example_dags/plugins/listener_plugin.py
[2025-12-11T22:53:03.873+0000] {processor.py:830} INFO - Processing file /home/airflow/.local/lib/python3.9/site-packages/airflow/example_dags/plugins/listener_plugin.py for tasks to queue
[2025-12-11T22:53:03.892+0000] {logging_mixin.py:188} INFO - [2025-12-11T22:53:03.891+0000] {dagbag.py:545} INFO - Filling up the DagBag from /home/airflow/.local/lib/python3.9/site-packages/airflow/example_dags/plugins/listener_plugin.py
[2025-12-11T22:53:03.909+0000] {processor.py:842} WARNING - No viable dags retrieved from /home/airflow/.local/lib/python3.9/site-packages/airflow/example_dags/plugins/listener_plugin.py
[2025-12-11T22:53:03.971+0000] {processor.py:183} INFO - Processing /home/airflow/.local/lib/python3.9/site-packages/airflow/example_dags/plugins/listener_plugin.py took 0.121 seconds
[2025-12-11T22:53:34.716+0000] {processor.py:161} INFO - Started process (PID=272) to work on /home/airflow/.local/lib/python3.9/site-packages/airflow/example_dags/plugins/listener_plugin.py
[2025-12-11T22:53:34.773+0000] {processor.py:830} INFO - Processing file /home/airflow/.local/lib/python3.9/site-packages/airflow/example_dags/plugins/listener_plugin.py for tasks to queue
[2025-12-11T22:53:34.777+0000] {logging_mixin.py:188} INFO - [2025-12-11T22:53:34.776+0000] {dagbag.py:545} INFO - Filling up the DagBag from /home/airflow/.local/lib/python3.9/site-packages/airflow/example_dags/plugins/listener_plugin.py
[2025-12-11T22:53:34.792+0000] {processor.py:842} WARNING - No viable dags retrieved from /home/airflow/.local/lib/python3.9/site-packages/airflow/example_dags/plugins/listener_plugin.py
[2025-12-11T22:53:34.837+0000] {processor.py:183} INFO - Processing /home/airflow/.local/lib/python3.9/site-packages/airflow/example_dags/plugins/listener_plugin.py took 0.236 seconds
[2025-12-11T22:54:05.661+0000] {processor.py:161} INFO - Started process (PID=331) to work on /home/airflow/.local/lib/python3.9/site-packages/airflow/example_dags/plugins/listener_plugin.py
[2025-12-11T22:54:05.671+0000] {processor.py:830} INFO - Processing file /home/airflow/.local/lib/python3.9/site-packages/airflow/example_dags/plugins/listener_plugin.py for tasks to queue
[2025-12-11T22:54:05.674+0000] {logging_mixin.py:188} INFO - [2025-12-11T22:54:05.674+0000] {dagbag.py:545} INFO - Filling up the DagBag from /home/airflow/.local/lib/python3.9/site-packages/airflow/example_dags/plugins/listener_plugin.py
[2025-12-11T22:54:05.689+0000] {processor.py:842} WARNING - No viable dags retrieved from /home/airflow/.local/lib/python3.9/site-packages/airflow/example_dags/plugins/listener_plugin.py
[2025-12-11T22:54:05.753+0000] {processor.py:183} INFO - Processing /home/airflow/.local/lib/python3.9/site-packages/airflow/example_dags/plugins/listener_plugin.py took 0.117 seconds
[2025-12-11T22:54:35.948+0000] {processor.py:161} INFO - Started process (PID=397) to work on /home/airflow/.local/lib/python3.9/site-packages/airflow/example_dags/plugins/listener_plugin.py
[2025-12-11T22:54:35.950+0000] {processor.py:830} INFO - Processing file /home/airflow/.local/lib/python3.9/site-packages/airflow/example_dags/plugins/listener_plugin.py for tasks to queue
[2025-12-11T22:54:35.956+0000] {logging_mixin.py:188} INFO - [2025-12-11T22:54:35.955+0000] {dagbag.py:545} INFO - Filling up the DagBag from /home/airflow/.local/lib/python3.9/site-packages/airflow/example_dags/plugins/listener_plugin.py
[2025-12-11T22:54:35.961+0000] {processor.py:842} WARNING - No viable dags retrieved from /home/airflow/.local/lib/python3.9/site-packages/airflow/example_dags/plugins/listener_plugin.py
[2025-12-11T22:54:35.998+0000] {processor.py:183} INFO - Processing /home/airflow/.local/lib/python3.9/site-packages/airflow/example_dags/plugins/listener_plugin.py took 0.063 seconds
[2025-12-11T22:55:06.557+0000] {processor.py:161} INFO - Started process (PID=463) to work on /home/airflow/.local/lib/python3.9/site-packages/airflow/example_dags/plugins/listener_plugin.py
[2025-12-11T22:55:06.560+0000] {processor.py:830} INFO - Processing file /home/airflow/.local/lib/python3.9/site-packages/airflow/example_dags/plugins/listener_plugin.py for tasks to queue
[2025-12-11T22:55:06.564+0000] {logging_mixin.py:188} INFO - [2025-12-11T22:55:06.563+0000] {dagbag.py:545} INFO - Filling up the DagBag from /home/airflow/.local/lib/python3.9/site-packages/airflow/example_dags/plugins/listener_plugin.py
[2025-12-11T22:55:06.577+0000] {processor.py:842} WARNING - No viable dags retrieved from /home/airflow/.local/lib/python3.9/site-packages/airflow/example_dags/plugins/listener_plugin.py
[2025-12-11T22:55:06.653+0000] {processor.py:183} INFO - Processing /home/airflow/.local/lib/python3.9/site-packages/airflow/example_dags/plugins/listener_plugin.py took 0.116 seconds
[2025-12-11T22:55:37.715+0000] {processor.py:161} INFO - Started process (PID=529) to work on /home/airflow/.local/lib/python3.9/site-packages/airflow/example_dags/plugins/listener_plugin.py
[2025-12-11T22:55:37.717+0000] {processor.py:830} INFO - Processing file /home/airflow/.local/lib/python3.9/site-packages/airflow/example_dags/plugins/listener_plugin.py for tasks to queue
[2025-12-11T22:55:37.730+0000] {logging_mixin.py:188} INFO - [2025-12-11T22:55:37.729+0000] {dagbag.py:545} INFO - Filling up the DagBag from /home/airflow/.local/lib/python3.9/site-packages/airflow/example_dags/plugins/listener_plugin.py
[2025-12-11T22:55:37.736+0000] {processor.py:842} WARNING - No viable dags retrieved from /home/airflow/.local/lib/python3.9/site-packages/airflow/example_dags/plugins/listener_plugin.py
[2025-12-11T22:55:37.778+0000] {processor.py:183} INFO - Processing /home/airflow/.local/lib/python3.9/site-packages/airflow/example_dags/plugins/listener_plugin.py took 0.084 seconds
[2025-12-11T22:56:08.713+0000] {processor.py:161} INFO - Started process (PID=595) to work on /home/airflow/.local/lib/python3.9/site-packages/airflow/example_dags/plugins/listener_plugin.py
[2025-12-11T22:56:08.715+0000] {processor.py:830} INFO - Processing file /home/airflow/.local/lib/python3.9/site-packages/airflow/example_dags/plugins/listener_plugin.py for tasks to queue
[2025-12-11T22:56:08.717+0000] {logging_mixin.py:188} INFO - [2025-12-11T22:56:08.717+0000] {dagbag.py:545} INFO - Filling up the DagBag from /home/airflow/.local/lib/python3.9/site-packages/airflow/example_dags/plugins/listener_plugin.py
[2025-12-11T22:56:08.721+0000] {processor.py:842} WARNING - No viable dags retrieved from /home/airflow/.local/lib/python3.9/site-packages/airflow/example_dags/plugins/listener_plugin.py
[2025-12-11T22:56:08.759+0000] {processor.py:183} INFO - Processing /home/airflow/.local/lib/python3.9/site-packages/airflow/example_dags/plugins/listener_plugin.py took 0.063 seconds
[2025-12-11T22:56:39.278+0000] {processor.py:161} INFO - Started process (PID=661) to work on /home/airflow/.local/lib/python3.9/site-packages/airflow/example_dags/plugins/listener_plugin.py
[2025-12-11T22:56:39.286+0000] {processor.py:830} INFO - Processing file /home/airflow/.local/lib/python3.9/site-packages/airflow/example_dags/plugins/listener_plugin.py for tasks to queue
[2025-12-11T22:56:39.291+0000] {logging_mixin.py:188} INFO - [2025-12-11T22:56:39.290+0000] {dagbag.py:545} INFO - Filling up the DagBag from /home/airflow/.local/lib/python3.9/site-packages/airflow/example_dags/plugins/listener_plugin.py
[2025-12-11T22:56:39.295+0000] {processor.py:842} WARNING - No viable dags retrieved from /home/airflow/.local/lib/python3.9/site-packages/airflow/example_dags/plugins/listener_plugin.py
[2025-12-11T22:56:39.337+0000] {processor.py:183} INFO - Processing /home/airflow/.local/lib/python3.9/site-packages/airflow/example_dags/plugins/listener_plugin.py took 0.080 seconds
[2025-12-11T22:57:09.862+0000] {processor.py:161} INFO - Started process (PID=727) to work on /home/airflow/.local/lib/python3.9/site-packages/airflow/example_dags/plugins/listener_plugin.py
[2025-12-11T22:57:09.864+0000] {processor.py:830} INFO - Processing file /home/airflow/.local/lib/python3.9/site-packages/airflow/example_dags/plugins/listener_plugin.py for tasks to queue
[2025-12-11T22:57:09.867+0000] {logging_mixin.py:188} INFO - [2025-12-11T22:57:09.866+0000] {dagbag.py:545} INFO - Filling up the DagBag from /home/airflow/.local/lib/python3.9/site-packages/airflow/example_dags/plugins/listener_plugin.py
[2025-12-11T22:57:09.871+0000] {processor.py:842} WARNING - No viable dags retrieved from /home/airflow/.local/lib/python3.9/site-packages/airflow/example_dags/plugins/listener_plugin.py
[2025-12-11T22:57:09.899+0000] {processor.py:183} INFO - Processing /home/airflow/.local/lib/python3.9/site-packages/airflow/example_dags/plugins/listener_plugin.py took 0.047 seconds
[2025-12-11T22:57:40.673+0000] {processor.py:161} INFO - Started process (PID=793) to work on /home/airflow/.local/lib/python3.9/site-packages/airflow/example_dags/plugins/listener_plugin.py
[2025-12-11T22:57:40.676+0000] {processor.py:830} INFO - Processing file /home/airflow/.local/lib/python3.9/site-packages/airflow/example_dags/plugins/listener_plugin.py for tasks to queue
[2025-12-11T22:57:40.680+0000] {logging_mixin.py:188} INFO - [2025-12-11T22:57:40.679+0000] {dagbag.py:545} INFO - Filling up the DagBag from /home/airflow/.local/lib/python3.9/site-packages/airflow/example_dags/plugins/listener_plugin.py
[2025-12-11T22:57:40.686+0000] {processor.py:842} WARNING - No viable dags retrieved from /home/airflow/.local/lib/python3.9/site-packages/airflow/example_dags/plugins/listener_plugin.py
[2025-12-11T22:57:40.720+0000] {processor.py:183} INFO - Processing /home/airflow/.local/lib/python3.9/site-packages/airflow/example_dags/plugins/listener_plugin.py took 0.062 seconds
[2025-12-11T22:58:11.081+0000] {processor.py:161} INFO - Started process (PID=859) to work on /home/airflow/.local/lib/python3.9/site-packages/airflow/example_dags/plugins/listener_plugin.py
[2025-12-11T22:58:11.090+0000] {processor.py:830} INFO - Processing file /home/airflow/.local/lib/python3.9/site-packages/airflow/example_dags/plugins/listener_plugin.py for tasks to queue
[2025-12-11T22:58:11.094+0000] {logging_mixin.py:188} INFO - [2025-12-11T22:58:11.093+0000] {dagbag.py:545} INFO - Filling up the DagBag from /home/airflow/.local/lib/python3.9/site-packages/airflow/example_dags/plugins/listener_plugin.py
[2025-12-11T22:58:11.099+0000] {processor.py:842} WARNING - No viable dags retrieved from /home/airflow/.local/lib/python3.9/site-packages/airflow/example_dags/plugins/listener_plugin.py
[2025-12-11T22:58:11.142+0000] {processor.py:183} INFO - Processing /home/airflow/.local/lib/python3.9/site-packages/airflow/example_dags/plugins/listener_plugin.py took 0.071 seconds
[2025-12-11T22:58:42.759+0000] {processor.py:161} INFO - Started process (PID=925) to work on /home/airflow/.local/lib/python3.9/site-packages/airflow/example_dags/plugins/listener_plugin.py
[2025-12-11T22:58:42.764+0000] {processor.py:830} INFO - Processing file /home/airflow/.local/lib/python3.9/site-packages/airflow/example_dags/plugins/listener_plugin.py for tasks to queue
[2025-12-11T22:58:42.766+0000] {logging_mixin.py:188} INFO - [2025-12-11T22:58:42.766+0000] {dagbag.py:545} INFO - Filling up the DagBag from /home/airflow/.local/lib/python3.9/site-packages/airflow/example_dags/plugins/listener_plugin.py
[2025-12-11T22:58:42.771+0000] {processor.py:842} WARNING - No viable dags retrieved from /home/airflow/.local/lib/python3.9/site-packages/airflow/example_dags/plugins/listener_plugin.py
[2025-12-11T22:58:42.797+0000] {processor.py:183} INFO - Processing /home/airflow/.local/lib/python3.9/site-packages/airflow/example_dags/plugins/listener_plugin.py took 0.055 seconds
[2025-12-11T22:59:12.943+0000] {processor.py:161} INFO - Started process (PID=991) to work on /home/airflow/.local/lib/python3.9/site-packages/airflow/example_dags/plugins/listener_plugin.py
[2025-12-11T22:59:12.944+0000] {processor.py:830} INFO - Processing file /home/airflow/.local/lib/python3.9/site-packages/airflow/example_dags/plugins/listener_plugin.py for tasks to queue
[2025-12-11T22:59:12.947+0000] {logging_mixin.py:188} INFO - [2025-12-11T22:59:12.946+0000] {dagbag.py:545} INFO - Filling up the DagBag from /home/airflow/.local/lib/python3.9/site-packages/airflow/example_dags/plugins/listener_plugin.py
[2025-12-11T22:59:12.951+0000] {processor.py:842} WARNING - No viable dags retrieved from /home/airflow/.local/lib/python3.9/site-packages/airflow/example_dags/plugins/listener_plugin.py
[2025-12-11T22:59:12.977+0000] {processor.py:183} INFO - Processing /home/airflow/.local/lib/python3.9/site-packages/airflow/example_dags/plugins/listener_plugin.py took 0.044 seconds
[2025-12-11T22:59:43.739+0000] {processor.py:161} INFO - Started process (PID=1057) to work on /home/airflow/.local/lib/python3.9/site-packages/airflow/example_dags/plugins/listener_plugin.py
[2025-12-11T22:59:43.763+0000] {processor.py:830} INFO - Processing file /home/airflow/.local/lib/python3.9/site-packages/airflow/example_dags/plugins/listener_plugin.py for tasks to queue
[2025-12-11T22:59:43.767+0000] {logging_mixin.py:188} INFO - [2025-12-11T22:59:43.766+0000] {dagbag.py:545} INFO - Filling up the DagBag from /home/airflow/.local/lib/python3.9/site-packages/airflow/example_dags/plugins/listener_plugin.py
[2025-12-11T22:59:43.776+0000] {processor.py:842} WARNING - No viable dags retrieved from /home/airflow/.local/lib/python3.9/site-packages/airflow/example_dags/plugins/listener_plugin.py
[2025-12-11T22:59:43.807+0000] {processor.py:183} INFO - Processing /home/airflow/.local/lib/python3.9/site-packages/airflow/example_dags/plugins/listener_plugin.py took 0.086 seconds
[2025-12-11T23:00:14.020+0000] {processor.py:161} INFO - Started process (PID=1123) to work on /home/airflow/.local/lib/python3.9/site-packages/airflow/example_dags/plugins/listener_plugin.py
[2025-12-11T23:00:14.022+0000] {processor.py:830} INFO - Processing file /home/airflow/.local/lib/python3.9/site-packages/airflow/example_dags/plugins/listener_plugin.py for tasks to queue
[2025-12-11T23:00:14.024+0000] {logging_mixin.py:188} INFO - [2025-12-11T23:00:14.024+0000] {dagbag.py:545} INFO - Filling up the DagBag from /home/airflow/.local/lib/python3.9/site-packages/airflow/example_dags/plugins/listener_plugin.py
[2025-12-11T23:00:14.030+0000] {processor.py:842} WARNING - No viable dags retrieved from /home/airflow/.local/lib/python3.9/site-packages/airflow/example_dags/plugins/listener_plugin.py
[2025-12-11T23:00:14.055+0000] {processor.py:183} INFO - Processing /home/airflow/.local/lib/python3.9/site-packages/airflow/example_dags/plugins/listener_plugin.py took 0.046 seconds
[2025-12-11T23:00:44.299+0000] {processor.py:161} INFO - Started process (PID=1189) to work on /home/airflow/.local/lib/python3.9/site-packages/airflow/example_dags/plugins/listener_plugin.py
[2025-12-11T23:00:44.300+0000] {processor.py:830} INFO - Processing file /home/airflow/.local/lib/python3.9/site-packages/airflow/example_dags/plugins/listener_plugin.py for tasks to queue
[2025-12-11T23:00:44.310+0000] {logging_mixin.py:188} INFO - [2025-12-11T23:00:44.310+0000] {dagbag.py:545} INFO - Filling up the DagBag from /home/airflow/.local/lib/python3.9/site-packages/airflow/example_dags/plugins/listener_plugin.py
[2025-12-11T23:00:44.315+0000] {processor.py:842} WARNING - No viable dags retrieved from /home/airflow/.local/lib/python3.9/site-packages/airflow/example_dags/plugins/listener_plugin.py
[2025-12-11T23:00:44.353+0000] {processor.py:183} INFO - Processing /home/airflow/.local/lib/python3.9/site-packages/airflow/example_dags/plugins/listener_plugin.py took 0.074 seconds
[2025-12-11T23:01:14.597+0000] {processor.py:161} INFO - Started process (PID=1255) to work on /home/airflow/.local/lib/python3.9/site-packages/airflow/example_dags/plugins/listener_plugin.py
[2025-12-11T23:01:14.599+0000] {processor.py:830} INFO - Processing file /home/airflow/.local/lib/python3.9/site-packages/airflow/example_dags/plugins/listener_plugin.py for tasks to queue
[2025-12-11T23:01:14.601+0000] {logging_mixin.py:188} INFO - [2025-12-11T23:01:14.601+0000] {dagbag.py:545} INFO - Filling up the DagBag from /home/airflow/.local/lib/python3.9/site-packages/airflow/example_dags/plugins/listener_plugin.py
[2025-12-11T23:01:14.605+0000] {processor.py:842} WARNING - No viable dags retrieved from /home/airflow/.local/lib/python3.9/site-packages/airflow/example_dags/plugins/listener_plugin.py
[2025-12-11T23:01:14.631+0000] {processor.py:183} INFO - Processing /home/airflow/.local/lib/python3.9/site-packages/airflow/example_dags/plugins/listener_plugin.py took 0.043 seconds
[2025-12-11T23:01:45.116+0000] {processor.py:161} INFO - Started process (PID=1322) to work on /home/airflow/.local/lib/python3.9/site-packages/airflow/example_dags/plugins/listener_plugin.py
[2025-12-11T23:01:45.118+0000] {processor.py:830} INFO - Processing file /home/airflow/.local/lib/python3.9/site-packages/airflow/example_dags/plugins/listener_plugin.py for tasks to queue
[2025-12-11T23:01:45.122+0000] {logging_mixin.py:188} INFO - [2025-12-11T23:01:45.121+0000] {dagbag.py:545} INFO - Filling up the DagBag from /home/airflow/.local/lib/python3.9/site-packages/airflow/example_dags/plugins/listener_plugin.py
[2025-12-11T23:01:45.127+0000] {processor.py:842} WARNING - No viable dags retrieved from /home/airflow/.local/lib/python3.9/site-packages/airflow/example_dags/plugins/listener_plugin.py
[2025-12-11T23:01:45.161+0000] {processor.py:183} INFO - Processing /home/airflow/.local/lib/python3.9/site-packages/airflow/example_dags/plugins/listener_plugin.py took 0.064 seconds
[2025-12-11T23:02:15.677+0000] {processor.py:161} INFO - Started process (PID=1389) to work on /home/airflow/.local/lib/python3.9/site-packages/airflow/example_dags/plugins/listener_plugin.py
[2025-12-11T23:02:15.679+0000] {processor.py:830} INFO - Processing file /home/airflow/.local/lib/python3.9/site-packages/airflow/example_dags/plugins/listener_plugin.py for tasks to queue
[2025-12-11T23:02:15.692+0000] {logging_mixin.py:188} INFO - [2025-12-11T23:02:15.692+0000] {dagbag.py:545} INFO - Filling up the DagBag from /home/airflow/.local/lib/python3.9/site-packages/airflow/example_dags/plugins/listener_plugin.py
[2025-12-11T23:02:15.697+0000] {processor.py:842} WARNING - No viable dags retrieved from /home/airflow/.local/lib/python3.9/site-packages/airflow/example_dags/plugins/listener_plugin.py
[2025-12-11T23:02:15.739+0000] {processor.py:183} INFO - Processing /home/airflow/.local/lib/python3.9/site-packages/airflow/example_dags/plugins/listener_plugin.py took 0.083 seconds
[2025-12-11T23:02:47.191+0000] {processor.py:161} INFO - Started process (PID=1456) to work on /home/airflow/.local/lib/python3.9/site-packages/airflow/example_dags/plugins/listener_plugin.py
[2025-12-11T23:02:47.199+0000] {processor.py:830} INFO - Processing file /home/airflow/.local/lib/python3.9/site-packages/airflow/example_dags/plugins/listener_plugin.py for tasks to queue
[2025-12-11T23:02:47.202+0000] {logging_mixin.py:188} INFO - [2025-12-11T23:02:47.202+0000] {dagbag.py:545} INFO - Filling up the DagBag from /home/airflow/.local/lib/python3.9/site-packages/airflow/example_dags/plugins/listener_plugin.py
[2025-12-11T23:02:47.206+0000] {processor.py:842} WARNING - No viable dags retrieved from /home/airflow/.local/lib/python3.9/site-packages/airflow/example_dags/plugins/listener_plugin.py
[2025-12-11T23:02:47.230+0000] {processor.py:183} INFO - Processing /home/airflow/.local/lib/python3.9/site-packages/airflow/example_dags/plugins/listener_plugin.py took 0.051 seconds
[2025-12-11T23:03:18.913+0000] {processor.py:161} INFO - Started process (PID=1531) to work on /home/airflow/.local/lib/python3.9/site-packages/airflow/example_dags/plugins/listener_plugin.py
[2025-12-11T23:03:18.914+0000] {processor.py:830} INFO - Processing file /home/airflow/.local/lib/python3.9/site-packages/airflow/example_dags/plugins/listener_plugin.py for tasks to queue
[2025-12-11T23:03:18.917+0000] {logging_mixin.py:188} INFO - [2025-12-11T23:03:18.917+0000] {dagbag.py:545} INFO - Filling up the DagBag from /home/airflow/.local/lib/python3.9/site-packages/airflow/example_dags/plugins/listener_plugin.py
[2025-12-11T23:03:18.929+0000] {processor.py:842} WARNING - No viable dags retrieved from /home/airflow/.local/lib/python3.9/site-packages/airflow/example_dags/plugins/listener_plugin.py
[2025-12-11T23:03:18.991+0000] {processor.py:183} INFO - Processing /home/airflow/.local/lib/python3.9/site-packages/airflow/example_dags/plugins/listener_plugin.py took 0.097 seconds
[2025-12-11T23:03:50.090+0000] {processor.py:161} INFO - Started process (PID=1602) to work on /home/airflow/.local/lib/python3.9/site-packages/airflow/example_dags/plugins/listener_plugin.py
[2025-12-11T23:03:50.092+0000] {processor.py:830} INFO - Processing file /home/airflow/.local/lib/python3.9/site-packages/airflow/example_dags/plugins/listener_plugin.py for tasks to queue
[2025-12-11T23:03:50.096+0000] {logging_mixin.py:188} INFO - [2025-12-11T23:03:50.096+0000] {dagbag.py:545} INFO - Filling up the DagBag from /home/airflow/.local/lib/python3.9/site-packages/airflow/example_dags/plugins/listener_plugin.py
[2025-12-11T23:03:50.112+0000] {processor.py:842} WARNING - No viable dags retrieved from /home/airflow/.local/lib/python3.9/site-packages/airflow/example_dags/plugins/listener_plugin.py
[2025-12-11T23:03:50.158+0000] {processor.py:183} INFO - Processing /home/airflow/.local/lib/python3.9/site-packages/airflow/example_dags/plugins/listener_plugin.py took 0.105 seconds
[2025-12-11T23:04:21.536+0000] {processor.py:161} INFO - Started process (PID=1673) to work on /home/airflow/.local/lib/python3.9/site-packages/airflow/example_dags/plugins/listener_plugin.py
[2025-12-11T23:04:21.585+0000] {processor.py:830} INFO - Processing file /home/airflow/.local/lib/python3.9/site-packages/airflow/example_dags/plugins/listener_plugin.py for tasks to queue
[2025-12-11T23:04:21.591+0000] {logging_mixin.py:188} INFO - [2025-12-11T23:04:21.591+0000] {dagbag.py:545} INFO - Filling up the DagBag from /home/airflow/.local/lib/python3.9/site-packages/airflow/example_dags/plugins/listener_plugin.py
[2025-12-11T23:04:21.595+0000] {processor.py:842} WARNING - No viable dags retrieved from /home/airflow/.local/lib/python3.9/site-packages/airflow/example_dags/plugins/listener_plugin.py
[2025-12-11T23:04:21.637+0000] {processor.py:183} INFO - Processing /home/airflow/.local/lib/python3.9/site-packages/airflow/example_dags/plugins/listener_plugin.py took 0.125 seconds
[2025-12-11T23:04:52.394+0000] {processor.py:161} INFO - Started process (PID=1744) to work on /home/airflow/.local/lib/python3.9/site-packages/airflow/example_dags/plugins/listener_plugin.py
[2025-12-11T23:04:52.397+0000] {processor.py:830} INFO - Processing file /home/airflow/.local/lib/python3.9/site-packages/airflow/example_dags/plugins/listener_plugin.py for tasks to queue
[2025-12-11T23:04:52.399+0000] {logging_mixin.py:188} INFO - [2025-12-11T23:04:52.399+0000] {dagbag.py:545} INFO - Filling up the DagBag from /home/airflow/.local/lib/python3.9/site-packages/airflow/example_dags/plugins/listener_plugin.py
[2025-12-11T23:04:52.410+0000] {processor.py:842} WARNING - No viable dags retrieved from /home/airflow/.local/lib/python3.9/site-packages/airflow/example_dags/plugins/listener_plugin.py
[2025-12-11T23:04:52.441+0000] {processor.py:183} INFO - Processing /home/airflow/.local/lib/python3.9/site-packages/airflow/example_dags/plugins/listener_plugin.py took 0.066 seconds
[2025-12-11T23:05:22.701+0000] {processor.py:161} INFO - Started process (PID=1816) to work on /home/airflow/.local/lib/python3.9/site-packages/airflow/example_dags/plugins/listener_plugin.py
[2025-12-11T23:05:22.702+0000] {processor.py:830} INFO - Processing file /home/airflow/.local/lib/python3.9/site-packages/airflow/example_dags/plugins/listener_plugin.py for tasks to queue
[2025-12-11T23:05:22.705+0000] {logging_mixin.py:188} INFO - [2025-12-11T23:05:22.704+0000] {dagbag.py:545} INFO - Filling up the DagBag from /home/airflow/.local/lib/python3.9/site-packages/airflow/example_dags/plugins/listener_plugin.py
[2025-12-11T23:05:22.711+0000] {processor.py:842} WARNING - No viable dags retrieved from /home/airflow/.local/lib/python3.9/site-packages/airflow/example_dags/plugins/listener_plugin.py
[2025-12-11T23:05:22.741+0000] {processor.py:183} INFO - Processing /home/airflow/.local/lib/python3.9/site-packages/airflow/example_dags/plugins/listener_plugin.py took 0.051 seconds
[2025-12-11T23:05:53.786+0000] {processor.py:161} INFO - Started process (PID=1888) to work on /home/airflow/.local/lib/python3.9/site-packages/airflow/example_dags/plugins/listener_plugin.py
[2025-12-11T23:05:53.789+0000] {processor.py:830} INFO - Processing file /home/airflow/.local/lib/python3.9/site-packages/airflow/example_dags/plugins/listener_plugin.py for tasks to queue
[2025-12-11T23:05:53.793+0000] {logging_mixin.py:188} INFO - [2025-12-11T23:05:53.792+0000] {dagbag.py:545} INFO - Filling up the DagBag from /home/airflow/.local/lib/python3.9/site-packages/airflow/example_dags/plugins/listener_plugin.py
[2025-12-11T23:05:53.797+0000] {processor.py:842} WARNING - No viable dags retrieved from /home/airflow/.local/lib/python3.9/site-packages/airflow/example_dags/plugins/listener_plugin.py
[2025-12-11T23:05:53.824+0000] {processor.py:183} INFO - Processing /home/airflow/.local/lib/python3.9/site-packages/airflow/example_dags/plugins/listener_plugin.py took 0.050 seconds
[2025-12-11T23:06:24.140+0000] {processor.py:161} INFO - Started process (PID=1955) to work on /home/airflow/.local/lib/python3.9/site-packages/airflow/example_dags/plugins/listener_plugin.py
[2025-12-11T23:06:24.141+0000] {processor.py:830} INFO - Processing file /home/airflow/.local/lib/python3.9/site-packages/airflow/example_dags/plugins/listener_plugin.py for tasks to queue
[2025-12-11T23:06:24.151+0000] {logging_mixin.py:188} INFO - [2025-12-11T23:06:24.151+0000] {dagbag.py:545} INFO - Filling up the DagBag from /home/airflow/.local/lib/python3.9/site-packages/airflow/example_dags/plugins/listener_plugin.py
[2025-12-11T23:06:24.156+0000] {processor.py:842} WARNING - No viable dags retrieved from /home/airflow/.local/lib/python3.9/site-packages/airflow/example_dags/plugins/listener_plugin.py
[2025-12-11T23:06:24.181+0000] {processor.py:183} INFO - Processing /home/airflow/.local/lib/python3.9/site-packages/airflow/example_dags/plugins/listener_plugin.py took 0.060 seconds
[2025-12-11T23:06:55.275+0000] {processor.py:161} INFO - Started process (PID=2026) to work on /home/airflow/.local/lib/python3.9/site-packages/airflow/example_dags/plugins/listener_plugin.py
[2025-12-11T23:06:55.277+0000] {processor.py:830} INFO - Processing file /home/airflow/.local/lib/python3.9/site-packages/airflow/example_dags/plugins/listener_plugin.py for tasks to queue
[2025-12-11T23:06:55.290+0000] {logging_mixin.py:188} INFO - [2025-12-11T23:06:55.290+0000] {dagbag.py:545} INFO - Filling up the DagBag from /home/airflow/.local/lib/python3.9/site-packages/airflow/example_dags/plugins/listener_plugin.py
[2025-12-11T23:06:55.295+0000] {processor.py:842} WARNING - No viable dags retrieved from /home/airflow/.local/lib/python3.9/site-packages/airflow/example_dags/plugins/listener_plugin.py
[2025-12-11T23:06:55.355+0000] {processor.py:183} INFO - Processing /home/airflow/.local/lib/python3.9/site-packages/airflow/example_dags/plugins/listener_plugin.py took 0.105 seconds
[2025-12-11T23:07:26.731+0000] {processor.py:161} INFO - Started process (PID=2099) to work on /home/airflow/.local/lib/python3.9/site-packages/airflow/example_dags/plugins/listener_plugin.py
[2025-12-11T23:07:26.733+0000] {processor.py:830} INFO - Processing file /home/airflow/.local/lib/python3.9/site-packages/airflow/example_dags/plugins/listener_plugin.py for tasks to queue
[2025-12-11T23:07:26.736+0000] {logging_mixin.py:188} INFO - [2025-12-11T23:07:26.735+0000] {dagbag.py:545} INFO - Filling up the DagBag from /home/airflow/.local/lib/python3.9/site-packages/airflow/example_dags/plugins/listener_plugin.py
[2025-12-11T23:07:26.750+0000] {processor.py:842} WARNING - No viable dags retrieved from /home/airflow/.local/lib/python3.9/site-packages/airflow/example_dags/plugins/listener_plugin.py
[2025-12-11T23:07:26.781+0000] {processor.py:183} INFO - Processing /home/airflow/.local/lib/python3.9/site-packages/airflow/example_dags/plugins/listener_plugin.py took 0.086 seconds
[2025-12-11T23:07:57.504+0000] {processor.py:161} INFO - Started process (PID=2171) to work on /home/airflow/.local/lib/python3.9/site-packages/airflow/example_dags/plugins/listener_plugin.py
[2025-12-11T23:07:57.510+0000] {processor.py:830} INFO - Processing file /home/airflow/.local/lib/python3.9/site-packages/airflow/example_dags/plugins/listener_plugin.py for tasks to queue
[2025-12-11T23:07:57.514+0000] {logging_mixin.py:188} INFO - [2025-12-11T23:07:57.513+0000] {dagbag.py:545} INFO - Filling up the DagBag from /home/airflow/.local/lib/python3.9/site-packages/airflow/example_dags/plugins/listener_plugin.py
[2025-12-11T23:07:57.520+0000] {processor.py:842} WARNING - No viable dags retrieved from /home/airflow/.local/lib/python3.9/site-packages/airflow/example_dags/plugins/listener_plugin.py
[2025-12-11T23:07:57.554+0000] {processor.py:183} INFO - Processing /home/airflow/.local/lib/python3.9/site-packages/airflow/example_dags/plugins/listener_plugin.py took 0.064 seconds
[2025-12-11T23:08:29.466+0000] {processor.py:161} INFO - Started process (PID=2247) to work on /home/airflow/.local/lib/python3.9/site-packages/airflow/example_dags/plugins/listener_plugin.py
[2025-12-11T23:08:29.729+0000] {processor.py:830} INFO - Processing file /home/airflow/.local/lib/python3.9/site-packages/airflow/example_dags/plugins/listener_plugin.py for tasks to queue
[2025-12-11T23:08:29.733+0000] {logging_mixin.py:188} INFO - [2025-12-11T23:08:29.732+0000] {dagbag.py:545} INFO - Filling up the DagBag from /home/airflow/.local/lib/python3.9/site-packages/airflow/example_dags/plugins/listener_plugin.py
[2025-12-11T23:08:29.740+0000] {processor.py:842} WARNING - No viable dags retrieved from /home/airflow/.local/lib/python3.9/site-packages/airflow/example_dags/plugins/listener_plugin.py
[2025-12-11T23:08:29.772+0000] {processor.py:183} INFO - Processing /home/airflow/.local/lib/python3.9/site-packages/airflow/example_dags/plugins/listener_plugin.py took 0.317 seconds
[2025-12-11T23:09:00.154+0000] {processor.py:161} INFO - Started process (PID=2317) to work on /home/airflow/.local/lib/python3.9/site-packages/airflow/example_dags/plugins/listener_plugin.py
[2025-12-11T23:09:00.170+0000] {processor.py:830} INFO - Processing file /home/airflow/.local/lib/python3.9/site-packages/airflow/example_dags/plugins/listener_plugin.py for tasks to queue
[2025-12-11T23:09:00.174+0000] {logging_mixin.py:188} INFO - [2025-12-11T23:09:00.173+0000] {dagbag.py:545} INFO - Filling up the DagBag from /home/airflow/.local/lib/python3.9/site-packages/airflow/example_dags/plugins/listener_plugin.py
[2025-12-11T23:09:00.179+0000] {processor.py:842} WARNING - No viable dags retrieved from /home/airflow/.local/lib/python3.9/site-packages/airflow/example_dags/plugins/listener_plugin.py
[2025-12-11T23:09:00.237+0000] {processor.py:183} INFO - Processing /home/airflow/.local/lib/python3.9/site-packages/airflow/example_dags/plugins/listener_plugin.py took 0.103 seconds
[2025-12-11T23:09:30.534+0000] {processor.py:161} INFO - Started process (PID=2388) to work on /home/airflow/.local/lib/python3.9/site-packages/airflow/example_dags/plugins/listener_plugin.py
[2025-12-11T23:09:30.537+0000] {processor.py:830} INFO - Processing file /home/airflow/.local/lib/python3.9/site-packages/airflow/example_dags/plugins/listener_plugin.py for tasks to queue
[2025-12-11T23:09:30.539+0000] {logging_mixin.py:188} INFO - [2025-12-11T23:09:30.539+0000] {dagbag.py:545} INFO - Filling up the DagBag from /home/airflow/.local/lib/python3.9/site-packages/airflow/example_dags/plugins/listener_plugin.py
[2025-12-11T23:09:30.544+0000] {processor.py:842} WARNING - No viable dags retrieved from /home/airflow/.local/lib/python3.9/site-packages/airflow/example_dags/plugins/listener_plugin.py
[2025-12-11T23:09:30.572+0000] {processor.py:183} INFO - Processing /home/airflow/.local/lib/python3.9/site-packages/airflow/example_dags/plugins/listener_plugin.py took 0.052 seconds
[2025-12-11T23:10:01.576+0000] {processor.py:161} INFO - Started process (PID=2451) to work on /home/airflow/.local/lib/python3.9/site-packages/airflow/example_dags/plugins/listener_plugin.py
[2025-12-11T23:10:01.696+0000] {processor.py:830} INFO - Processing file /home/airflow/.local/lib/python3.9/site-packages/airflow/example_dags/plugins/listener_plugin.py for tasks to queue
[2025-12-11T23:10:01.700+0000] {logging_mixin.py:188} INFO - [2025-12-11T23:10:01.699+0000] {dagbag.py:545} INFO - Filling up the DagBag from /home/airflow/.local/lib/python3.9/site-packages/airflow/example_dags/plugins/listener_plugin.py
[2025-12-11T23:10:01.705+0000] {processor.py:842} WARNING - No viable dags retrieved from /home/airflow/.local/lib/python3.9/site-packages/airflow/example_dags/plugins/listener_plugin.py
[2025-12-11T23:10:01.733+0000] {processor.py:183} INFO - Processing /home/airflow/.local/lib/python3.9/site-packages/airflow/example_dags/plugins/listener_plugin.py took 0.168 seconds
[2025-12-11T23:10:32.098+0000] {processor.py:161} INFO - Started process (PID=2518) to work on /home/airflow/.local/lib/python3.9/site-packages/airflow/example_dags/plugins/listener_plugin.py
[2025-12-11T23:10:32.100+0000] {processor.py:830} INFO - Processing file /home/airflow/.local/lib/python3.9/site-packages/airflow/example_dags/plugins/listener_plugin.py for tasks to queue
[2025-12-11T23:10:32.102+0000] {logging_mixin.py:188} INFO - [2025-12-11T23:10:32.102+0000] {dagbag.py:545} INFO - Filling up the DagBag from /home/airflow/.local/lib/python3.9/site-packages/airflow/example_dags/plugins/listener_plugin.py
[2025-12-11T23:10:32.106+0000] {processor.py:842} WARNING - No viable dags retrieved from /home/airflow/.local/lib/python3.9/site-packages/airflow/example_dags/plugins/listener_plugin.py
[2025-12-11T23:10:32.134+0000] {processor.py:183} INFO - Processing /home/airflow/.local/lib/python3.9/site-packages/airflow/example_dags/plugins/listener_plugin.py took 0.049 seconds
[2025-12-11T23:11:02.246+0000] {processor.py:161} INFO - Started process (PID=2586) to work on /home/airflow/.local/lib/python3.9/site-packages/airflow/example_dags/plugins/listener_plugin.py
[2025-12-11T23:11:02.254+0000] {processor.py:830} INFO - Processing file /home/airflow/.local/lib/python3.9/site-packages/airflow/example_dags/plugins/listener_plugin.py for tasks to queue
[2025-12-11T23:11:02.257+0000] {logging_mixin.py:188} INFO - [2025-12-11T23:11:02.257+0000] {dagbag.py:545} INFO - Filling up the DagBag from /home/airflow/.local/lib/python3.9/site-packages/airflow/example_dags/plugins/listener_plugin.py
[2025-12-11T23:11:02.263+0000] {processor.py:842} WARNING - No viable dags retrieved from /home/airflow/.local/lib/python3.9/site-packages/airflow/example_dags/plugins/listener_plugin.py
[2025-12-11T23:11:02.290+0000] {processor.py:183} INFO - Processing /home/airflow/.local/lib/python3.9/site-packages/airflow/example_dags/plugins/listener_plugin.py took 0.055 seconds
[2025-12-11T23:11:32.876+0000] {processor.py:161} INFO - Started process (PID=2653) to work on /home/airflow/.local/lib/python3.9/site-packages/airflow/example_dags/plugins/listener_plugin.py
[2025-12-11T23:11:32.905+0000] {processor.py:830} INFO - Processing file /home/airflow/.local/lib/python3.9/site-packages/airflow/example_dags/plugins/listener_plugin.py for tasks to queue
[2025-12-11T23:11:32.909+0000] {logging_mixin.py:188} INFO - [2025-12-11T23:11:32.908+0000] {dagbag.py:545} INFO - Filling up the DagBag from /home/airflow/.local/lib/python3.9/site-packages/airflow/example_dags/plugins/listener_plugin.py
[2025-12-11T23:11:32.915+0000] {processor.py:842} WARNING - No viable dags retrieved from /home/airflow/.local/lib/python3.9/site-packages/airflow/example_dags/plugins/listener_plugin.py
[2025-12-11T23:11:32.945+0000] {processor.py:183} INFO - Processing /home/airflow/.local/lib/python3.9/site-packages/airflow/example_dags/plugins/listener_plugin.py took 0.103 seconds
[2025-12-11T23:12:03.191+0000] {processor.py:161} INFO - Started process (PID=2720) to work on /home/airflow/.local/lib/python3.9/site-packages/airflow/example_dags/plugins/listener_plugin.py
[2025-12-11T23:12:03.200+0000] {processor.py:830} INFO - Processing file /home/airflow/.local/lib/python3.9/site-packages/airflow/example_dags/plugins/listener_plugin.py for tasks to queue
[2025-12-11T23:12:03.203+0000] {logging_mixin.py:188} INFO - [2025-12-11T23:12:03.202+0000] {dagbag.py:545} INFO - Filling up the DagBag from /home/airflow/.local/lib/python3.9/site-packages/airflow/example_dags/plugins/listener_plugin.py
[2025-12-11T23:12:03.209+0000] {processor.py:842} WARNING - No viable dags retrieved from /home/airflow/.local/lib/python3.9/site-packages/airflow/example_dags/plugins/listener_plugin.py
[2025-12-11T23:12:03.251+0000] {processor.py:183} INFO - Processing /home/airflow/.local/lib/python3.9/site-packages/airflow/example_dags/plugins/listener_plugin.py took 0.080 seconds
[2025-12-11T23:12:40.056+0000] {processor.py:161} INFO - Started process (PID=2794) to work on /home/airflow/.local/lib/python3.9/site-packages/airflow/example_dags/plugins/listener_plugin.py
[2025-12-11T23:12:40.503+0000] {processor.py:830} INFO - Processing file /home/airflow/.local/lib/python3.9/site-packages/airflow/example_dags/plugins/listener_plugin.py for tasks to queue
[2025-12-11T23:12:40.506+0000] {logging_mixin.py:188} INFO - [2025-12-11T23:12:40.506+0000] {dagbag.py:545} INFO - Filling up the DagBag from /home/airflow/.local/lib/python3.9/site-packages/airflow/example_dags/plugins/listener_plugin.py
[2025-12-11T23:12:40.511+0000] {processor.py:842} WARNING - No viable dags retrieved from /home/airflow/.local/lib/python3.9/site-packages/airflow/example_dags/plugins/listener_plugin.py
[2025-12-11T23:12:40.537+0000] {processor.py:183} INFO - Processing /home/airflow/.local/lib/python3.9/site-packages/airflow/example_dags/plugins/listener_plugin.py took 0.492 seconds
[2025-12-11T23:13:11.267+0000] {processor.py:161} INFO - Started process (PID=2861) to work on /home/airflow/.local/lib/python3.9/site-packages/airflow/example_dags/plugins/listener_plugin.py
[2025-12-11T23:13:12.457+0000] {processor.py:830} INFO - Processing file /home/airflow/.local/lib/python3.9/site-packages/airflow/example_dags/plugins/listener_plugin.py for tasks to queue
[2025-12-11T23:13:12.461+0000] {logging_mixin.py:188} INFO - [2025-12-11T23:13:12.460+0000] {dagbag.py:545} INFO - Filling up the DagBag from /home/airflow/.local/lib/python3.9/site-packages/airflow/example_dags/plugins/listener_plugin.py
[2025-12-11T23:13:12.472+0000] {processor.py:842} WARNING - No viable dags retrieved from /home/airflow/.local/lib/python3.9/site-packages/airflow/example_dags/plugins/listener_plugin.py
[2025-12-11T23:13:12.512+0000] {processor.py:183} INFO - Processing /home/airflow/.local/lib/python3.9/site-packages/airflow/example_dags/plugins/listener_plugin.py took 1.255 seconds
[2025-12-11T23:13:43.466+0000] {processor.py:161} INFO - Started process (PID=2929) to work on /home/airflow/.local/lib/python3.9/site-packages/airflow/example_dags/plugins/listener_plugin.py
[2025-12-11T23:13:43.469+0000] {processor.py:830} INFO - Processing file /home/airflow/.local/lib/python3.9/site-packages/airflow/example_dags/plugins/listener_plugin.py for tasks to queue
[2025-12-11T23:13:43.472+0000] {logging_mixin.py:188} INFO - [2025-12-11T23:13:43.472+0000] {dagbag.py:545} INFO - Filling up the DagBag from /home/airflow/.local/lib/python3.9/site-packages/airflow/example_dags/plugins/listener_plugin.py
[2025-12-11T23:13:43.477+0000] {processor.py:842} WARNING - No viable dags retrieved from /home/airflow/.local/lib/python3.9/site-packages/airflow/example_dags/plugins/listener_plugin.py
[2025-12-11T23:13:43.509+0000] {processor.py:183} INFO - Processing /home/airflow/.local/lib/python3.9/site-packages/airflow/example_dags/plugins/listener_plugin.py took 0.054 seconds
[2025-12-11T23:14:13.735+0000] {processor.py:161} INFO - Started process (PID=2996) to work on /home/airflow/.local/lib/python3.9/site-packages/airflow/example_dags/plugins/listener_plugin.py
[2025-12-11T23:14:13.831+0000] {processor.py:830} INFO - Processing file /home/airflow/.local/lib/python3.9/site-packages/airflow/example_dags/plugins/listener_plugin.py for tasks to queue
[2025-12-11T23:14:13.833+0000] {logging_mixin.py:188} INFO - [2025-12-11T23:14:13.833+0000] {dagbag.py:545} INFO - Filling up the DagBag from /home/airflow/.local/lib/python3.9/site-packages/airflow/example_dags/plugins/listener_plugin.py
[2025-12-11T23:14:13.838+0000] {processor.py:842} WARNING - No viable dags retrieved from /home/airflow/.local/lib/python3.9/site-packages/airflow/example_dags/plugins/listener_plugin.py
[2025-12-11T23:14:13.864+0000] {processor.py:183} INFO - Processing /home/airflow/.local/lib/python3.9/site-packages/airflow/example_dags/plugins/listener_plugin.py took 0.140 seconds
[2025-12-11T23:14:44.441+0000] {processor.py:161} INFO - Started process (PID=3064) to work on /home/airflow/.local/lib/python3.9/site-packages/airflow/example_dags/plugins/listener_plugin.py
[2025-12-11T23:14:44.448+0000] {processor.py:830} INFO - Processing file /home/airflow/.local/lib/python3.9/site-packages/airflow/example_dags/plugins/listener_plugin.py for tasks to queue
[2025-12-11T23:14:44.451+0000] {logging_mixin.py:188} INFO - [2025-12-11T23:14:44.450+0000] {dagbag.py:545} INFO - Filling up the DagBag from /home/airflow/.local/lib/python3.9/site-packages/airflow/example_dags/plugins/listener_plugin.py
[2025-12-11T23:14:44.455+0000] {processor.py:842} WARNING - No viable dags retrieved from /home/airflow/.local/lib/python3.9/site-packages/airflow/example_dags/plugins/listener_plugin.py
[2025-12-11T23:14:44.478+0000] {processor.py:183} INFO - Processing /home/airflow/.local/lib/python3.9/site-packages/airflow/example_dags/plugins/listener_plugin.py took 0.048 seconds
[2025-12-11T23:15:16.219+0000] {processor.py:161} INFO - Started process (PID=3131) to work on /home/airflow/.local/lib/python3.9/site-packages/airflow/example_dags/plugins/listener_plugin.py
[2025-12-11T23:15:16.277+0000] {processor.py:830} INFO - Processing file /home/airflow/.local/lib/python3.9/site-packages/airflow/example_dags/plugins/listener_plugin.py for tasks to queue
[2025-12-11T23:15:16.280+0000] {logging_mixin.py:188} INFO - [2025-12-11T23:15:16.280+0000] {dagbag.py:545} INFO - Filling up the DagBag from /home/airflow/.local/lib/python3.9/site-packages/airflow/example_dags/plugins/listener_plugin.py
[2025-12-11T23:15:16.285+0000] {processor.py:842} WARNING - No viable dags retrieved from /home/airflow/.local/lib/python3.9/site-packages/airflow/example_dags/plugins/listener_plugin.py
[2025-12-11T23:15:16.309+0000] {processor.py:183} INFO - Processing /home/airflow/.local/lib/python3.9/site-packages/airflow/example_dags/plugins/listener_plugin.py took 0.102 seconds
[2025-12-11T23:15:46.412+0000] {processor.py:161} INFO - Started process (PID=3198) to work on /home/airflow/.local/lib/python3.9/site-packages/airflow/example_dags/plugins/listener_plugin.py
[2025-12-11T23:15:46.414+0000] {processor.py:830} INFO - Processing file /home/airflow/.local/lib/python3.9/site-packages/airflow/example_dags/plugins/listener_plugin.py for tasks to queue
[2025-12-11T23:15:46.417+0000] {logging_mixin.py:188} INFO - [2025-12-11T23:15:46.416+0000] {dagbag.py:545} INFO - Filling up the DagBag from /home/airflow/.local/lib/python3.9/site-packages/airflow/example_dags/plugins/listener_plugin.py
[2025-12-11T23:15:46.421+0000] {processor.py:842} WARNING - No viable dags retrieved from /home/airflow/.local/lib/python3.9/site-packages/airflow/example_dags/plugins/listener_plugin.py
[2025-12-11T23:15:46.444+0000] {processor.py:183} INFO - Processing /home/airflow/.local/lib/python3.9/site-packages/airflow/example_dags/plugins/listener_plugin.py took 0.045 seconds
[2025-12-11T23:16:17.307+0000] {processor.py:161} INFO - Started process (PID=3265) to work on /home/airflow/.local/lib/python3.9/site-packages/airflow/example_dags/plugins/listener_plugin.py
[2025-12-11T23:16:17.340+0000] {processor.py:830} INFO - Processing file /home/airflow/.local/lib/python3.9/site-packages/airflow/example_dags/plugins/listener_plugin.py for tasks to queue
[2025-12-11T23:16:17.343+0000] {logging_mixin.py:188} INFO - [2025-12-11T23:16:17.343+0000] {dagbag.py:545} INFO - Filling up the DagBag from /home/airflow/.local/lib/python3.9/site-packages/airflow/example_dags/plugins/listener_plugin.py
[2025-12-11T23:16:17.348+0000] {processor.py:842} WARNING - No viable dags retrieved from /home/airflow/.local/lib/python3.9/site-packages/airflow/example_dags/plugins/listener_plugin.py
[2025-12-11T23:16:17.373+0000] {processor.py:183} INFO - Processing /home/airflow/.local/lib/python3.9/site-packages/airflow/example_dags/plugins/listener_plugin.py took 0.077 seconds
[2025-12-11T23:16:48.260+0000] {processor.py:161} INFO - Started process (PID=3332) to work on /home/airflow/.local/lib/python3.9/site-packages/airflow/example_dags/plugins/listener_plugin.py
[2025-12-11T23:16:48.305+0000] {processor.py:830} INFO - Processing file /home/airflow/.local/lib/python3.9/site-packages/airflow/example_dags/plugins/listener_plugin.py for tasks to queue
[2025-12-11T23:16:48.309+0000] {logging_mixin.py:188} INFO - [2025-12-11T23:16:48.308+0000] {dagbag.py:545} INFO - Filling up the DagBag from /home/airflow/.local/lib/python3.9/site-packages/airflow/example_dags/plugins/listener_plugin.py
[2025-12-11T23:16:48.313+0000] {processor.py:842} WARNING - No viable dags retrieved from /home/airflow/.local/lib/python3.9/site-packages/airflow/example_dags/plugins/listener_plugin.py
[2025-12-11T23:16:48.339+0000] {processor.py:183} INFO - Processing /home/airflow/.local/lib/python3.9/site-packages/airflow/example_dags/plugins/listener_plugin.py took 0.092 seconds
[2025-12-11T23:17:18.897+0000] {processor.py:161} INFO - Started process (PID=3399) to work on /home/airflow/.local/lib/python3.9/site-packages/airflow/example_dags/plugins/listener_plugin.py
[2025-12-11T23:17:18.898+0000] {processor.py:830} INFO - Processing file /home/airflow/.local/lib/python3.9/site-packages/airflow/example_dags/plugins/listener_plugin.py for tasks to queue
[2025-12-11T23:17:18.901+0000] {logging_mixin.py:188} INFO - [2025-12-11T23:17:18.901+0000] {dagbag.py:545} INFO - Filling up the DagBag from /home/airflow/.local/lib/python3.9/site-packages/airflow/example_dags/plugins/listener_plugin.py
[2025-12-11T23:17:18.906+0000] {processor.py:842} WARNING - No viable dags retrieved from /home/airflow/.local/lib/python3.9/site-packages/airflow/example_dags/plugins/listener_plugin.py
[2025-12-11T23:17:18.932+0000] {processor.py:183} INFO - Processing /home/airflow/.local/lib/python3.9/site-packages/airflow/example_dags/plugins/listener_plugin.py took 0.047 seconds
[2025-12-11T23:17:49.175+0000] {processor.py:161} INFO - Started process (PID=3466) to work on /home/airflow/.local/lib/python3.9/site-packages/airflow/example_dags/plugins/listener_plugin.py
[2025-12-11T23:17:49.176+0000] {processor.py:830} INFO - Processing file /home/airflow/.local/lib/python3.9/site-packages/airflow/example_dags/plugins/listener_plugin.py for tasks to queue
[2025-12-11T23:17:49.180+0000] {logging_mixin.py:188} INFO - [2025-12-11T23:17:49.179+0000] {dagbag.py:545} INFO - Filling up the DagBag from /home/airflow/.local/lib/python3.9/site-packages/airflow/example_dags/plugins/listener_plugin.py
[2025-12-11T23:17:49.191+0000] {processor.py:842} WARNING - No viable dags retrieved from /home/airflow/.local/lib/python3.9/site-packages/airflow/example_dags/plugins/listener_plugin.py
[2025-12-11T23:17:49.254+0000] {processor.py:183} INFO - Processing /home/airflow/.local/lib/python3.9/site-packages/airflow/example_dags/plugins/listener_plugin.py took 0.098 seconds
[2025-12-11T23:18:20.169+0000] {processor.py:161} INFO - Started process (PID=3533) to work on /home/airflow/.local/lib/python3.9/site-packages/airflow/example_dags/plugins/listener_plugin.py
[2025-12-11T23:18:20.176+0000] {processor.py:830} INFO - Processing file /home/airflow/.local/lib/python3.9/site-packages/airflow/example_dags/plugins/listener_plugin.py for tasks to queue
[2025-12-11T23:18:20.180+0000] {logging_mixin.py:188} INFO - [2025-12-11T23:18:20.179+0000] {dagbag.py:545} INFO - Filling up the DagBag from /home/airflow/.local/lib/python3.9/site-packages/airflow/example_dags/plugins/listener_plugin.py
[2025-12-11T23:18:20.190+0000] {processor.py:842} WARNING - No viable dags retrieved from /home/airflow/.local/lib/python3.9/site-packages/airflow/example_dags/plugins/listener_plugin.py
[2025-12-11T23:18:20.222+0000] {processor.py:183} INFO - Processing /home/airflow/.local/lib/python3.9/site-packages/airflow/example_dags/plugins/listener_plugin.py took 0.072 seconds
[2025-12-11T23:18:50.957+0000] {processor.py:161} INFO - Started process (PID=3600) to work on /home/airflow/.local/lib/python3.9/site-packages/airflow/example_dags/plugins/listener_plugin.py
[2025-12-11T23:18:50.984+0000] {processor.py:830} INFO - Processing file /home/airflow/.local/lib/python3.9/site-packages/airflow/example_dags/plugins/listener_plugin.py for tasks to queue
[2025-12-11T23:18:50.991+0000] {logging_mixin.py:188} INFO - [2025-12-11T23:18:50.991+0000] {dagbag.py:545} INFO - Filling up the DagBag from /home/airflow/.local/lib/python3.9/site-packages/airflow/example_dags/plugins/listener_plugin.py
[2025-12-11T23:18:50.995+0000] {processor.py:842} WARNING - No viable dags retrieved from /home/airflow/.local/lib/python3.9/site-packages/airflow/example_dags/plugins/listener_plugin.py
[2025-12-11T23:18:51.039+0000] {processor.py:183} INFO - Processing /home/airflow/.local/lib/python3.9/site-packages/airflow/example_dags/plugins/listener_plugin.py took 0.101 seconds
[2025-12-11T23:19:21.935+0000] {processor.py:161} INFO - Started process (PID=3667) to work on /home/airflow/.local/lib/python3.9/site-packages/airflow/example_dags/plugins/listener_plugin.py
[2025-12-11T23:19:22.043+0000] {processor.py:830} INFO - Processing file /home/airflow/.local/lib/python3.9/site-packages/airflow/example_dags/plugins/listener_plugin.py for tasks to queue
[2025-12-11T23:19:22.047+0000] {logging_mixin.py:188} INFO - [2025-12-11T23:19:22.047+0000] {dagbag.py:545} INFO - Filling up the DagBag from /home/airflow/.local/lib/python3.9/site-packages/airflow/example_dags/plugins/listener_plugin.py
[2025-12-11T23:19:22.053+0000] {processor.py:842} WARNING - No viable dags retrieved from /home/airflow/.local/lib/python3.9/site-packages/airflow/example_dags/plugins/listener_plugin.py
[2025-12-11T23:19:22.100+0000] {processor.py:183} INFO - Processing /home/airflow/.local/lib/python3.9/site-packages/airflow/example_dags/plugins/listener_plugin.py took 0.179 seconds
[2025-12-11T23:19:52.232+0000] {processor.py:161} INFO - Started process (PID=3734) to work on /home/airflow/.local/lib/python3.9/site-packages/airflow/example_dags/plugins/listener_plugin.py
[2025-12-11T23:19:52.233+0000] {processor.py:830} INFO - Processing file /home/airflow/.local/lib/python3.9/site-packages/airflow/example_dags/plugins/listener_plugin.py for tasks to queue
[2025-12-11T23:19:52.237+0000] {logging_mixin.py:188} INFO - [2025-12-11T23:19:52.236+0000] {dagbag.py:545} INFO - Filling up the DagBag from /home/airflow/.local/lib/python3.9/site-packages/airflow/example_dags/plugins/listener_plugin.py
[2025-12-11T23:19:52.240+0000] {processor.py:842} WARNING - No viable dags retrieved from /home/airflow/.local/lib/python3.9/site-packages/airflow/example_dags/plugins/listener_plugin.py
[2025-12-11T23:19:52.299+0000] {processor.py:183} INFO - Processing /home/airflow/.local/lib/python3.9/site-packages/airflow/example_dags/plugins/listener_plugin.py took 0.106 seconds
[2025-12-11T23:20:22.444+0000] {processor.py:161} INFO - Started process (PID=3801) to work on /home/airflow/.local/lib/python3.9/site-packages/airflow/example_dags/plugins/listener_plugin.py
[2025-12-11T23:20:22.446+0000] {processor.py:830} INFO - Processing file /home/airflow/.local/lib/python3.9/site-packages/airflow/example_dags/plugins/listener_plugin.py for tasks to queue
[2025-12-11T23:20:22.449+0000] {logging_mixin.py:188} INFO - [2025-12-11T23:20:22.448+0000] {dagbag.py:545} INFO - Filling up the DagBag from /home/airflow/.local/lib/python3.9/site-packages/airflow/example_dags/plugins/listener_plugin.py
[2025-12-11T23:20:22.453+0000] {processor.py:842} WARNING - No viable dags retrieved from /home/airflow/.local/lib/python3.9/site-packages/airflow/example_dags/plugins/listener_plugin.py
[2025-12-11T23:20:22.483+0000] {processor.py:183} INFO - Processing /home/airflow/.local/lib/python3.9/site-packages/airflow/example_dags/plugins/listener_plugin.py took 0.049 seconds
[2025-12-11T23:20:52.630+0000] {processor.py:161} INFO - Started process (PID=3868) to work on /home/airflow/.local/lib/python3.9/site-packages/airflow/example_dags/plugins/listener_plugin.py
[2025-12-11T23:20:52.632+0000] {processor.py:830} INFO - Processing file /home/airflow/.local/lib/python3.9/site-packages/airflow/example_dags/plugins/listener_plugin.py for tasks to queue
[2025-12-11T23:20:52.635+0000] {logging_mixin.py:188} INFO - [2025-12-11T23:20:52.634+0000] {dagbag.py:545} INFO - Filling up the DagBag from /home/airflow/.local/lib/python3.9/site-packages/airflow/example_dags/plugins/listener_plugin.py
[2025-12-11T23:20:52.639+0000] {processor.py:842} WARNING - No viable dags retrieved from /home/airflow/.local/lib/python3.9/site-packages/airflow/example_dags/plugins/listener_plugin.py
[2025-12-11T23:20:52.668+0000] {processor.py:183} INFO - Processing /home/airflow/.local/lib/python3.9/site-packages/airflow/example_dags/plugins/listener_plugin.py took 0.051 seconds
[2025-12-11T23:21:23.052+0000] {processor.py:161} INFO - Started process (PID=3942) to work on /home/airflow/.local/lib/python3.9/site-packages/airflow/example_dags/plugins/listener_plugin.py
[2025-12-11T23:21:23.054+0000] {processor.py:830} INFO - Processing file /home/airflow/.local/lib/python3.9/site-packages/airflow/example_dags/plugins/listener_plugin.py for tasks to queue
[2025-12-11T23:21:23.071+0000] {logging_mixin.py:188} INFO - [2025-12-11T23:21:23.071+0000] {dagbag.py:545} INFO - Filling up the DagBag from /home/airflow/.local/lib/python3.9/site-packages/airflow/example_dags/plugins/listener_plugin.py
[2025-12-11T23:21:23.075+0000] {processor.py:842} WARNING - No viable dags retrieved from /home/airflow/.local/lib/python3.9/site-packages/airflow/example_dags/plugins/listener_plugin.py
[2025-12-11T23:21:23.120+0000] {processor.py:183} INFO - Processing /home/airflow/.local/lib/python3.9/site-packages/airflow/example_dags/plugins/listener_plugin.py took 0.086 seconds
[2025-12-11T23:21:53.400+0000] {processor.py:161} INFO - Started process (PID=4009) to work on /home/airflow/.local/lib/python3.9/site-packages/airflow/example_dags/plugins/listener_plugin.py
[2025-12-11T23:21:53.403+0000] {processor.py:830} INFO - Processing file /home/airflow/.local/lib/python3.9/site-packages/airflow/example_dags/plugins/listener_plugin.py for tasks to queue
[2025-12-11T23:21:53.406+0000] {logging_mixin.py:188} INFO - [2025-12-11T23:21:53.405+0000] {dagbag.py:545} INFO - Filling up the DagBag from /home/airflow/.local/lib/python3.9/site-packages/airflow/example_dags/plugins/listener_plugin.py
[2025-12-11T23:21:53.411+0000] {processor.py:842} WARNING - No viable dags retrieved from /home/airflow/.local/lib/python3.9/site-packages/airflow/example_dags/plugins/listener_plugin.py
[2025-12-11T23:21:53.440+0000] {processor.py:183} INFO - Processing /home/airflow/.local/lib/python3.9/site-packages/airflow/example_dags/plugins/listener_plugin.py took 0.057 seconds
[2025-12-11T23:22:23.797+0000] {processor.py:161} INFO - Started process (PID=4076) to work on /home/airflow/.local/lib/python3.9/site-packages/airflow/example_dags/plugins/listener_plugin.py
[2025-12-11T23:22:23.806+0000] {processor.py:830} INFO - Processing file /home/airflow/.local/lib/python3.9/site-packages/airflow/example_dags/plugins/listener_plugin.py for tasks to queue
[2025-12-11T23:22:23.813+0000] {logging_mixin.py:188} INFO - [2025-12-11T23:22:23.813+0000] {dagbag.py:545} INFO - Filling up the DagBag from /home/airflow/.local/lib/python3.9/site-packages/airflow/example_dags/plugins/listener_plugin.py
[2025-12-11T23:22:23.819+0000] {processor.py:842} WARNING - No viable dags retrieved from /home/airflow/.local/lib/python3.9/site-packages/airflow/example_dags/plugins/listener_plugin.py
[2025-12-11T23:22:23.900+0000] {processor.py:183} INFO - Processing /home/airflow/.local/lib/python3.9/site-packages/airflow/example_dags/plugins/listener_plugin.py took 0.129 seconds
[2025-12-11T23:22:54.712+0000] {processor.py:161} INFO - Started process (PID=4143) to work on /home/airflow/.local/lib/python3.9/site-packages/airflow/example_dags/plugins/listener_plugin.py
[2025-12-11T23:22:54.720+0000] {processor.py:830} INFO - Processing file /home/airflow/.local/lib/python3.9/site-packages/airflow/example_dags/plugins/listener_plugin.py for tasks to queue
[2025-12-11T23:22:54.732+0000] {logging_mixin.py:188} INFO - [2025-12-11T23:22:54.732+0000] {dagbag.py:545} INFO - Filling up the DagBag from /home/airflow/.local/lib/python3.9/site-packages/airflow/example_dags/plugins/listener_plugin.py
[2025-12-11T23:22:54.749+0000] {processor.py:842} WARNING - No viable dags retrieved from /home/airflow/.local/lib/python3.9/site-packages/airflow/example_dags/plugins/listener_plugin.py
[2025-12-11T23:22:54.830+0000] {processor.py:183} INFO - Processing /home/airflow/.local/lib/python3.9/site-packages/airflow/example_dags/plugins/listener_plugin.py took 0.154 seconds
[2025-12-11T23:23:25.675+0000] {processor.py:161} INFO - Started process (PID=4210) to work on /home/airflow/.local/lib/python3.9/site-packages/airflow/example_dags/plugins/listener_plugin.py
[2025-12-11T23:23:25.690+0000] {processor.py:830} INFO - Processing file /home/airflow/.local/lib/python3.9/site-packages/airflow/example_dags/plugins/listener_plugin.py for tasks to queue
[2025-12-11T23:23:25.693+0000] {logging_mixin.py:188} INFO - [2025-12-11T23:23:25.692+0000] {dagbag.py:545} INFO - Filling up the DagBag from /home/airflow/.local/lib/python3.9/site-packages/airflow/example_dags/plugins/listener_plugin.py
[2025-12-11T23:23:25.709+0000] {processor.py:842} WARNING - No viable dags retrieved from /home/airflow/.local/lib/python3.9/site-packages/airflow/example_dags/plugins/listener_plugin.py
[2025-12-11T23:23:25.773+0000] {processor.py:183} INFO - Processing /home/airflow/.local/lib/python3.9/site-packages/airflow/example_dags/plugins/listener_plugin.py took 0.121 seconds
[2025-12-11T23:23:56.193+0000] {processor.py:161} INFO - Started process (PID=4277) to work on /home/airflow/.local/lib/python3.9/site-packages/airflow/example_dags/plugins/listener_plugin.py
[2025-12-11T23:23:56.201+0000] {processor.py:830} INFO - Processing file /home/airflow/.local/lib/python3.9/site-packages/airflow/example_dags/plugins/listener_plugin.py for tasks to queue
[2025-12-11T23:23:56.212+0000] {logging_mixin.py:188} INFO - [2025-12-11T23:23:56.212+0000] {dagbag.py:545} INFO - Filling up the DagBag from /home/airflow/.local/lib/python3.9/site-packages/airflow/example_dags/plugins/listener_plugin.py
[2025-12-11T23:23:56.217+0000] {processor.py:842} WARNING - No viable dags retrieved from /home/airflow/.local/lib/python3.9/site-packages/airflow/example_dags/plugins/listener_plugin.py
[2025-12-11T23:23:56.276+0000] {processor.py:183} INFO - Processing /home/airflow/.local/lib/python3.9/site-packages/airflow/example_dags/plugins/listener_plugin.py took 0.105 seconds
[2025-12-11T23:24:27.130+0000] {processor.py:161} INFO - Started process (PID=4343) to work on /home/airflow/.local/lib/python3.9/site-packages/airflow/example_dags/plugins/listener_plugin.py
[2025-12-11T23:24:27.218+0000] {processor.py:830} INFO - Processing file /home/airflow/.local/lib/python3.9/site-packages/airflow/example_dags/plugins/listener_plugin.py for tasks to queue
[2025-12-11T23:24:27.225+0000] {logging_mixin.py:188} INFO - [2025-12-11T23:24:27.224+0000] {dagbag.py:545} INFO - Filling up the DagBag from /home/airflow/.local/lib/python3.9/site-packages/airflow/example_dags/plugins/listener_plugin.py
[2025-12-11T23:24:27.235+0000] {processor.py:842} WARNING - No viable dags retrieved from /home/airflow/.local/lib/python3.9/site-packages/airflow/example_dags/plugins/listener_plugin.py
[2025-12-11T23:24:27.310+0000] {processor.py:183} INFO - Processing /home/airflow/.local/lib/python3.9/site-packages/airflow/example_dags/plugins/listener_plugin.py took 0.221 seconds
[2025-12-11T23:24:58.014+0000] {processor.py:161} INFO - Started process (PID=4410) to work on /home/airflow/.local/lib/python3.9/site-packages/airflow/example_dags/plugins/listener_plugin.py
[2025-12-11T23:24:58.016+0000] {processor.py:830} INFO - Processing file /home/airflow/.local/lib/python3.9/site-packages/airflow/example_dags/plugins/listener_plugin.py for tasks to queue
[2025-12-11T23:24:58.032+0000] {logging_mixin.py:188} INFO - [2025-12-11T23:24:58.031+0000] {dagbag.py:545} INFO - Filling up the DagBag from /home/airflow/.local/lib/python3.9/site-packages/airflow/example_dags/plugins/listener_plugin.py
[2025-12-11T23:24:58.050+0000] {processor.py:842} WARNING - No viable dags retrieved from /home/airflow/.local/lib/python3.9/site-packages/airflow/example_dags/plugins/listener_plugin.py
[2025-12-11T23:24:58.098+0000] {processor.py:183} INFO - Processing /home/airflow/.local/lib/python3.9/site-packages/airflow/example_dags/plugins/listener_plugin.py took 0.119 seconds
[2025-12-11T23:25:28.975+0000] {processor.py:161} INFO - Started process (PID=4477) to work on /home/airflow/.local/lib/python3.9/site-packages/airflow/example_dags/plugins/listener_plugin.py
[2025-12-11T23:25:28.976+0000] {processor.py:830} INFO - Processing file /home/airflow/.local/lib/python3.9/site-packages/airflow/example_dags/plugins/listener_plugin.py for tasks to queue
[2025-12-11T23:25:28.979+0000] {logging_mixin.py:188} INFO - [2025-12-11T23:25:28.979+0000] {dagbag.py:545} INFO - Filling up the DagBag from /home/airflow/.local/lib/python3.9/site-packages/airflow/example_dags/plugins/listener_plugin.py
[2025-12-11T23:25:28.989+0000] {processor.py:842} WARNING - No viable dags retrieved from /home/airflow/.local/lib/python3.9/site-packages/airflow/example_dags/plugins/listener_plugin.py
[2025-12-11T23:25:29.018+0000] {processor.py:183} INFO - Processing /home/airflow/.local/lib/python3.9/site-packages/airflow/example_dags/plugins/listener_plugin.py took 0.063 seconds
[2025-12-11T23:25:59.740+0000] {processor.py:161} INFO - Started process (PID=4543) to work on /home/airflow/.local/lib/python3.9/site-packages/airflow/example_dags/plugins/listener_plugin.py
[2025-12-11T23:25:59.741+0000] {processor.py:830} INFO - Processing file /home/airflow/.local/lib/python3.9/site-packages/airflow/example_dags/plugins/listener_plugin.py for tasks to queue
[2025-12-11T23:25:59.744+0000] {logging_mixin.py:188} INFO - [2025-12-11T23:25:59.744+0000] {dagbag.py:545} INFO - Filling up the DagBag from /home/airflow/.local/lib/python3.9/site-packages/airflow/example_dags/plugins/listener_plugin.py
[2025-12-11T23:25:59.749+0000] {processor.py:842} WARNING - No viable dags retrieved from /home/airflow/.local/lib/python3.9/site-packages/airflow/example_dags/plugins/listener_plugin.py
[2025-12-11T23:25:59.778+0000] {processor.py:183} INFO - Processing /home/airflow/.local/lib/python3.9/site-packages/airflow/example_dags/plugins/listener_plugin.py took 0.051 seconds
[2025-12-11T23:26:31.155+0000] {processor.py:161} INFO - Started process (PID=4615) to work on /home/airflow/.local/lib/python3.9/site-packages/airflow/example_dags/plugins/listener_plugin.py
[2025-12-11T23:26:31.170+0000] {processor.py:830} INFO - Processing file /home/airflow/.local/lib/python3.9/site-packages/airflow/example_dags/plugins/listener_plugin.py for tasks to queue
[2025-12-11T23:26:31.173+0000] {logging_mixin.py:188} INFO - [2025-12-11T23:26:31.173+0000] {dagbag.py:545} INFO - Filling up the DagBag from /home/airflow/.local/lib/python3.9/site-packages/airflow/example_dags/plugins/listener_plugin.py
[2025-12-11T23:26:31.191+0000] {processor.py:842} WARNING - No viable dags retrieved from /home/airflow/.local/lib/python3.9/site-packages/airflow/example_dags/plugins/listener_plugin.py
[2025-12-11T23:26:31.274+0000] {processor.py:183} INFO - Processing /home/airflow/.local/lib/python3.9/site-packages/airflow/example_dags/plugins/listener_plugin.py took 0.144 seconds
[2025-12-11T23:27:02.035+0000] {processor.py:161} INFO - Started process (PID=4682) to work on /home/airflow/.local/lib/python3.9/site-packages/airflow/example_dags/plugins/listener_plugin.py
[2025-12-11T23:27:02.037+0000] {processor.py:830} INFO - Processing file /home/airflow/.local/lib/python3.9/site-packages/airflow/example_dags/plugins/listener_plugin.py for tasks to queue
[2025-12-11T23:27:02.041+0000] {logging_mixin.py:188} INFO - [2025-12-11T23:27:02.040+0000] {dagbag.py:545} INFO - Filling up the DagBag from /home/airflow/.local/lib/python3.9/site-packages/airflow/example_dags/plugins/listener_plugin.py
[2025-12-11T23:27:02.054+0000] {processor.py:842} WARNING - No viable dags retrieved from /home/airflow/.local/lib/python3.9/site-packages/airflow/example_dags/plugins/listener_plugin.py
[2025-12-11T23:27:02.095+0000] {processor.py:183} INFO - Processing /home/airflow/.local/lib/python3.9/site-packages/airflow/example_dags/plugins/listener_plugin.py took 0.083 seconds
[2025-12-11T23:27:32.811+0000] {processor.py:161} INFO - Started process (PID=4749) to work on /home/airflow/.local/lib/python3.9/site-packages/airflow/example_dags/plugins/listener_plugin.py
[2025-12-11T23:27:32.840+0000] {processor.py:830} INFO - Processing file /home/airflow/.local/lib/python3.9/site-packages/airflow/example_dags/plugins/listener_plugin.py for tasks to queue
[2025-12-11T23:27:32.843+0000] {logging_mixin.py:188} INFO - [2025-12-11T23:27:32.842+0000] {dagbag.py:545} INFO - Filling up the DagBag from /home/airflow/.local/lib/python3.9/site-packages/airflow/example_dags/plugins/listener_plugin.py
[2025-12-11T23:27:32.847+0000] {processor.py:842} WARNING - No viable dags retrieved from /home/airflow/.local/lib/python3.9/site-packages/airflow/example_dags/plugins/listener_plugin.py
[2025-12-11T23:27:32.870+0000] {processor.py:183} INFO - Processing /home/airflow/.local/lib/python3.9/site-packages/airflow/example_dags/plugins/listener_plugin.py took 0.081 seconds
[2025-12-11T23:28:02.998+0000] {processor.py:161} INFO - Started process (PID=4816) to work on /home/airflow/.local/lib/python3.9/site-packages/airflow/example_dags/plugins/listener_plugin.py
[2025-12-11T23:28:02.999+0000] {processor.py:830} INFO - Processing file /home/airflow/.local/lib/python3.9/site-packages/airflow/example_dags/plugins/listener_plugin.py for tasks to queue
[2025-12-11T23:28:03.002+0000] {logging_mixin.py:188} INFO - [2025-12-11T23:28:03.002+0000] {dagbag.py:545} INFO - Filling up the DagBag from /home/airflow/.local/lib/python3.9/site-packages/airflow/example_dags/plugins/listener_plugin.py
[2025-12-11T23:28:03.006+0000] {processor.py:842} WARNING - No viable dags retrieved from /home/airflow/.local/lib/python3.9/site-packages/airflow/example_dags/plugins/listener_plugin.py
[2025-12-11T23:28:03.029+0000] {processor.py:183} INFO - Processing /home/airflow/.local/lib/python3.9/site-packages/airflow/example_dags/plugins/listener_plugin.py took 0.044 seconds
[2025-12-11T23:28:33.272+0000] {processor.py:161} INFO - Started process (PID=4882) to work on /home/airflow/.local/lib/python3.9/site-packages/airflow/example_dags/plugins/listener_plugin.py
[2025-12-11T23:28:33.277+0000] {processor.py:830} INFO - Processing file /home/airflow/.local/lib/python3.9/site-packages/airflow/example_dags/plugins/listener_plugin.py for tasks to queue
[2025-12-11T23:28:33.281+0000] {logging_mixin.py:188} INFO - [2025-12-11T23:28:33.280+0000] {dagbag.py:545} INFO - Filling up the DagBag from /home/airflow/.local/lib/python3.9/site-packages/airflow/example_dags/plugins/listener_plugin.py
[2025-12-11T23:28:33.287+0000] {processor.py:842} WARNING - No viable dags retrieved from /home/airflow/.local/lib/python3.9/site-packages/airflow/example_dags/plugins/listener_plugin.py
[2025-12-11T23:28:33.321+0000] {processor.py:183} INFO - Processing /home/airflow/.local/lib/python3.9/site-packages/airflow/example_dags/plugins/listener_plugin.py took 0.063 seconds
[2025-12-11T23:29:04.119+0000] {processor.py:161} INFO - Started process (PID=4949) to work on /home/airflow/.local/lib/python3.9/site-packages/airflow/example_dags/plugins/listener_plugin.py
[2025-12-11T23:29:04.120+0000] {processor.py:830} INFO - Processing file /home/airflow/.local/lib/python3.9/site-packages/airflow/example_dags/plugins/listener_plugin.py for tasks to queue
[2025-12-11T23:29:04.131+0000] {logging_mixin.py:188} INFO - [2025-12-11T23:29:04.130+0000] {dagbag.py:545} INFO - Filling up the DagBag from /home/airflow/.local/lib/python3.9/site-packages/airflow/example_dags/plugins/listener_plugin.py
[2025-12-11T23:29:04.135+0000] {processor.py:842} WARNING - No viable dags retrieved from /home/airflow/.local/lib/python3.9/site-packages/airflow/example_dags/plugins/listener_plugin.py
[2025-12-11T23:29:04.176+0000] {processor.py:183} INFO - Processing /home/airflow/.local/lib/python3.9/site-packages/airflow/example_dags/plugins/listener_plugin.py took 0.075 seconds
[2025-12-11T23:29:34.360+0000] {processor.py:161} INFO - Started process (PID=5016) to work on /home/airflow/.local/lib/python3.9/site-packages/airflow/example_dags/plugins/listener_plugin.py
[2025-12-11T23:29:34.362+0000] {processor.py:830} INFO - Processing file /home/airflow/.local/lib/python3.9/site-packages/airflow/example_dags/plugins/listener_plugin.py for tasks to queue
[2025-12-11T23:29:34.365+0000] {logging_mixin.py:188} INFO - [2025-12-11T23:29:34.364+0000] {dagbag.py:545} INFO - Filling up the DagBag from /home/airflow/.local/lib/python3.9/site-packages/airflow/example_dags/plugins/listener_plugin.py
[2025-12-11T23:29:34.370+0000] {processor.py:842} WARNING - No viable dags retrieved from /home/airflow/.local/lib/python3.9/site-packages/airflow/example_dags/plugins/listener_plugin.py
[2025-12-11T23:29:34.416+0000] {processor.py:183} INFO - Processing /home/airflow/.local/lib/python3.9/site-packages/airflow/example_dags/plugins/listener_plugin.py took 0.066 seconds
[2025-12-11T23:30:04.638+0000] {processor.py:161} INFO - Started process (PID=5083) to work on /home/airflow/.local/lib/python3.9/site-packages/airflow/example_dags/plugins/listener_plugin.py
[2025-12-11T23:30:04.639+0000] {processor.py:830} INFO - Processing file /home/airflow/.local/lib/python3.9/site-packages/airflow/example_dags/plugins/listener_plugin.py for tasks to queue
[2025-12-11T23:30:04.643+0000] {logging_mixin.py:188} INFO - [2025-12-11T23:30:04.642+0000] {dagbag.py:545} INFO - Filling up the DagBag from /home/airflow/.local/lib/python3.9/site-packages/airflow/example_dags/plugins/listener_plugin.py
[2025-12-11T23:30:04.648+0000] {processor.py:842} WARNING - No viable dags retrieved from /home/airflow/.local/lib/python3.9/site-packages/airflow/example_dags/plugins/listener_plugin.py
[2025-12-11T23:30:04.681+0000] {processor.py:183} INFO - Processing /home/airflow/.local/lib/python3.9/site-packages/airflow/example_dags/plugins/listener_plugin.py took 0.060 seconds
[2025-12-11T23:30:35.633+0000] {processor.py:161} INFO - Started process (PID=5150) to work on /home/airflow/.local/lib/python3.9/site-packages/airflow/example_dags/plugins/listener_plugin.py
[2025-12-11T23:30:35.639+0000] {processor.py:830} INFO - Processing file /home/airflow/.local/lib/python3.9/site-packages/airflow/example_dags/plugins/listener_plugin.py for tasks to queue
[2025-12-11T23:30:35.645+0000] {logging_mixin.py:188} INFO - [2025-12-11T23:30:35.644+0000] {dagbag.py:545} INFO - Filling up the DagBag from /home/airflow/.local/lib/python3.9/site-packages/airflow/example_dags/plugins/listener_plugin.py
[2025-12-11T23:30:35.650+0000] {processor.py:842} WARNING - No viable dags retrieved from /home/airflow/.local/lib/python3.9/site-packages/airflow/example_dags/plugins/listener_plugin.py
[2025-12-11T23:30:35.680+0000] {processor.py:183} INFO - Processing /home/airflow/.local/lib/python3.9/site-packages/airflow/example_dags/plugins/listener_plugin.py took 0.060 seconds
[2025-12-11T23:31:05.775+0000] {processor.py:161} INFO - Started process (PID=5217) to work on /home/airflow/.local/lib/python3.9/site-packages/airflow/example_dags/plugins/listener_plugin.py
[2025-12-11T23:31:05.778+0000] {processor.py:830} INFO - Processing file /home/airflow/.local/lib/python3.9/site-packages/airflow/example_dags/plugins/listener_plugin.py for tasks to queue
[2025-12-11T23:31:05.780+0000] {logging_mixin.py:188} INFO - [2025-12-11T23:31:05.780+0000] {dagbag.py:545} INFO - Filling up the DagBag from /home/airflow/.local/lib/python3.9/site-packages/airflow/example_dags/plugins/listener_plugin.py
[2025-12-11T23:31:05.785+0000] {processor.py:842} WARNING - No viable dags retrieved from /home/airflow/.local/lib/python3.9/site-packages/airflow/example_dags/plugins/listener_plugin.py
[2025-12-11T23:31:05.812+0000] {processor.py:183} INFO - Processing /home/airflow/.local/lib/python3.9/site-packages/airflow/example_dags/plugins/listener_plugin.py took 0.049 seconds
[2025-12-11T23:31:36.561+0000] {processor.py:161} INFO - Started process (PID=5284) to work on /home/airflow/.local/lib/python3.9/site-packages/airflow/example_dags/plugins/listener_plugin.py
[2025-12-11T23:31:36.613+0000] {processor.py:830} INFO - Processing file /home/airflow/.local/lib/python3.9/site-packages/airflow/example_dags/plugins/listener_plugin.py for tasks to queue
[2025-12-11T23:31:36.617+0000] {logging_mixin.py:188} INFO - [2025-12-11T23:31:36.616+0000] {dagbag.py:545} INFO - Filling up the DagBag from /home/airflow/.local/lib/python3.9/site-packages/airflow/example_dags/plugins/listener_plugin.py
[2025-12-11T23:31:36.621+0000] {processor.py:842} WARNING - No viable dags retrieved from /home/airflow/.local/lib/python3.9/site-packages/airflow/example_dags/plugins/listener_plugin.py
[2025-12-11T23:31:36.646+0000] {processor.py:183} INFO - Processing /home/airflow/.local/lib/python3.9/site-packages/airflow/example_dags/plugins/listener_plugin.py took 0.097 seconds
[2025-12-11T23:32:07.356+0000] {processor.py:161} INFO - Started process (PID=5358) to work on /home/airflow/.local/lib/python3.9/site-packages/airflow/example_dags/plugins/listener_plugin.py
[2025-12-11T23:32:07.358+0000] {processor.py:830} INFO - Processing file /home/airflow/.local/lib/python3.9/site-packages/airflow/example_dags/plugins/listener_plugin.py for tasks to queue
[2025-12-11T23:32:07.360+0000] {logging_mixin.py:188} INFO - [2025-12-11T23:32:07.360+0000] {dagbag.py:545} INFO - Filling up the DagBag from /home/airflow/.local/lib/python3.9/site-packages/airflow/example_dags/plugins/listener_plugin.py
[2025-12-11T23:32:07.369+0000] {processor.py:842} WARNING - No viable dags retrieved from /home/airflow/.local/lib/python3.9/site-packages/airflow/example_dags/plugins/listener_plugin.py
[2025-12-11T23:32:07.403+0000] {processor.py:183} INFO - Processing /home/airflow/.local/lib/python3.9/site-packages/airflow/example_dags/plugins/listener_plugin.py took 0.064 seconds
[2025-12-11T23:32:38.329+0000] {processor.py:161} INFO - Started process (PID=5425) to work on /home/airflow/.local/lib/python3.9/site-packages/airflow/example_dags/plugins/listener_plugin.py
[2025-12-11T23:32:38.331+0000] {processor.py:830} INFO - Processing file /home/airflow/.local/lib/python3.9/site-packages/airflow/example_dags/plugins/listener_plugin.py for tasks to queue
[2025-12-11T23:32:38.334+0000] {logging_mixin.py:188} INFO - [2025-12-11T23:32:38.334+0000] {dagbag.py:545} INFO - Filling up the DagBag from /home/airflow/.local/lib/python3.9/site-packages/airflow/example_dags/plugins/listener_plugin.py
[2025-12-11T23:32:38.350+0000] {processor.py:842} WARNING - No viable dags retrieved from /home/airflow/.local/lib/python3.9/site-packages/airflow/example_dags/plugins/listener_plugin.py
[2025-12-11T23:32:38.413+0000] {processor.py:183} INFO - Processing /home/airflow/.local/lib/python3.9/site-packages/airflow/example_dags/plugins/listener_plugin.py took 0.117 seconds
[2025-12-11T23:33:08.932+0000] {processor.py:161} INFO - Started process (PID=5492) to work on /home/airflow/.local/lib/python3.9/site-packages/airflow/example_dags/plugins/listener_plugin.py
[2025-12-11T23:33:08.937+0000] {processor.py:830} INFO - Processing file /home/airflow/.local/lib/python3.9/site-packages/airflow/example_dags/plugins/listener_plugin.py for tasks to queue
[2025-12-11T23:33:08.953+0000] {logging_mixin.py:188} INFO - [2025-12-11T23:33:08.953+0000] {dagbag.py:545} INFO - Filling up the DagBag from /home/airflow/.local/lib/python3.9/site-packages/airflow/example_dags/plugins/listener_plugin.py
[2025-12-11T23:33:08.959+0000] {processor.py:842} WARNING - No viable dags retrieved from /home/airflow/.local/lib/python3.9/site-packages/airflow/example_dags/plugins/listener_plugin.py
[2025-12-11T23:33:09.023+0000] {processor.py:183} INFO - Processing /home/airflow/.local/lib/python3.9/site-packages/airflow/example_dags/plugins/listener_plugin.py took 0.113 seconds
[2025-12-11T23:33:39.756+0000] {processor.py:161} INFO - Started process (PID=5559) to work on /home/airflow/.local/lib/python3.9/site-packages/airflow/example_dags/plugins/listener_plugin.py
[2025-12-11T23:33:39.773+0000] {processor.py:830} INFO - Processing file /home/airflow/.local/lib/python3.9/site-packages/airflow/example_dags/plugins/listener_plugin.py for tasks to queue
[2025-12-11T23:33:39.778+0000] {logging_mixin.py:188} INFO - [2025-12-11T23:33:39.777+0000] {dagbag.py:545} INFO - Filling up the DagBag from /home/airflow/.local/lib/python3.9/site-packages/airflow/example_dags/plugins/listener_plugin.py
[2025-12-11T23:33:39.810+0000] {processor.py:842} WARNING - No viable dags retrieved from /home/airflow/.local/lib/python3.9/site-packages/airflow/example_dags/plugins/listener_plugin.py
[2025-12-11T23:33:39.899+0000] {processor.py:183} INFO - Processing /home/airflow/.local/lib/python3.9/site-packages/airflow/example_dags/plugins/listener_plugin.py took 0.183 seconds
[2025-12-11T23:34:10.709+0000] {processor.py:161} INFO - Started process (PID=5626) to work on /home/airflow/.local/lib/python3.9/site-packages/airflow/example_dags/plugins/listener_plugin.py
[2025-12-11T23:34:10.711+0000] {processor.py:830} INFO - Processing file /home/airflow/.local/lib/python3.9/site-packages/airflow/example_dags/plugins/listener_plugin.py for tasks to queue
[2025-12-11T23:34:10.714+0000] {logging_mixin.py:188} INFO - [2025-12-11T23:34:10.714+0000] {dagbag.py:545} INFO - Filling up the DagBag from /home/airflow/.local/lib/python3.9/site-packages/airflow/example_dags/plugins/listener_plugin.py
[2025-12-11T23:34:10.731+0000] {processor.py:842} WARNING - No viable dags retrieved from /home/airflow/.local/lib/python3.9/site-packages/airflow/example_dags/plugins/listener_plugin.py
[2025-12-11T23:34:10.790+0000] {processor.py:183} INFO - Processing /home/airflow/.local/lib/python3.9/site-packages/airflow/example_dags/plugins/listener_plugin.py took 0.135 seconds
[2025-12-11T23:34:41.425+0000] {processor.py:161} INFO - Started process (PID=5692) to work on /home/airflow/.local/lib/python3.9/site-packages/airflow/example_dags/plugins/listener_plugin.py
[2025-12-11T23:34:41.436+0000] {processor.py:830} INFO - Processing file /home/airflow/.local/lib/python3.9/site-packages/airflow/example_dags/plugins/listener_plugin.py for tasks to queue
[2025-12-11T23:34:41.439+0000] {logging_mixin.py:188} INFO - [2025-12-11T23:34:41.439+0000] {dagbag.py:545} INFO - Filling up the DagBag from /home/airflow/.local/lib/python3.9/site-packages/airflow/example_dags/plugins/listener_plugin.py
[2025-12-11T23:34:41.454+0000] {processor.py:842} WARNING - No viable dags retrieved from /home/airflow/.local/lib/python3.9/site-packages/airflow/example_dags/plugins/listener_plugin.py
[2025-12-11T23:34:41.503+0000] {processor.py:183} INFO - Processing /home/airflow/.local/lib/python3.9/site-packages/airflow/example_dags/plugins/listener_plugin.py took 0.102 seconds
[2025-12-11T23:35:12.429+0000] {processor.py:161} INFO - Started process (PID=5759) to work on /home/airflow/.local/lib/python3.9/site-packages/airflow/example_dags/plugins/listener_plugin.py
[2025-12-11T23:35:12.455+0000] {processor.py:830} INFO - Processing file /home/airflow/.local/lib/python3.9/site-packages/airflow/example_dags/plugins/listener_plugin.py for tasks to queue
[2025-12-11T23:35:12.463+0000] {logging_mixin.py:188} INFO - [2025-12-11T23:35:12.459+0000] {dagbag.py:545} INFO - Filling up the DagBag from /home/airflow/.local/lib/python3.9/site-packages/airflow/example_dags/plugins/listener_plugin.py
[2025-12-11T23:35:12.473+0000] {processor.py:842} WARNING - No viable dags retrieved from /home/airflow/.local/lib/python3.9/site-packages/airflow/example_dags/plugins/listener_plugin.py
[2025-12-11T23:35:12.517+0000] {processor.py:183} INFO - Processing /home/airflow/.local/lib/python3.9/site-packages/airflow/example_dags/plugins/listener_plugin.py took 0.102 seconds
[2025-12-11T23:35:42.709+0000] {processor.py:161} INFO - Started process (PID=5824) to work on /home/airflow/.local/lib/python3.9/site-packages/airflow/example_dags/plugins/listener_plugin.py
[2025-12-11T23:35:42.711+0000] {processor.py:830} INFO - Processing file /home/airflow/.local/lib/python3.9/site-packages/airflow/example_dags/plugins/listener_plugin.py for tasks to queue
[2025-12-11T23:35:42.714+0000] {logging_mixin.py:188} INFO - [2025-12-11T23:35:42.713+0000] {dagbag.py:545} INFO - Filling up the DagBag from /home/airflow/.local/lib/python3.9/site-packages/airflow/example_dags/plugins/listener_plugin.py
[2025-12-11T23:35:42.718+0000] {processor.py:842} WARNING - No viable dags retrieved from /home/airflow/.local/lib/python3.9/site-packages/airflow/example_dags/plugins/listener_plugin.py
[2025-12-11T23:35:42.745+0000] {processor.py:183} INFO - Processing /home/airflow/.local/lib/python3.9/site-packages/airflow/example_dags/plugins/listener_plugin.py took 0.048 seconds
[2025-12-11T23:36:13.259+0000] {processor.py:161} INFO - Started process (PID=5891) to work on /home/airflow/.local/lib/python3.9/site-packages/airflow/example_dags/plugins/listener_plugin.py
[2025-12-11T23:36:13.265+0000] {processor.py:830} INFO - Processing file /home/airflow/.local/lib/python3.9/site-packages/airflow/example_dags/plugins/listener_plugin.py for tasks to queue
[2025-12-11T23:36:13.275+0000] {logging_mixin.py:188} INFO - [2025-12-11T23:36:13.275+0000] {dagbag.py:545} INFO - Filling up the DagBag from /home/airflow/.local/lib/python3.9/site-packages/airflow/example_dags/plugins/listener_plugin.py
[2025-12-11T23:36:13.291+0000] {processor.py:842} WARNING - No viable dags retrieved from /home/airflow/.local/lib/python3.9/site-packages/airflow/example_dags/plugins/listener_plugin.py
[2025-12-11T23:36:13.378+0000] {processor.py:183} INFO - Processing /home/airflow/.local/lib/python3.9/site-packages/airflow/example_dags/plugins/listener_plugin.py took 0.141 seconds
[2025-12-11T23:36:44.337+0000] {processor.py:161} INFO - Started process (PID=5959) to work on /home/airflow/.local/lib/python3.9/site-packages/airflow/example_dags/plugins/listener_plugin.py
[2025-12-11T23:36:44.339+0000] {processor.py:830} INFO - Processing file /home/airflow/.local/lib/python3.9/site-packages/airflow/example_dags/plugins/listener_plugin.py for tasks to queue
[2025-12-11T23:36:44.341+0000] {logging_mixin.py:188} INFO - [2025-12-11T23:36:44.341+0000] {dagbag.py:545} INFO - Filling up the DagBag from /home/airflow/.local/lib/python3.9/site-packages/airflow/example_dags/plugins/listener_plugin.py
[2025-12-11T23:36:44.353+0000] {processor.py:842} WARNING - No viable dags retrieved from /home/airflow/.local/lib/python3.9/site-packages/airflow/example_dags/plugins/listener_plugin.py
[2025-12-11T23:36:44.397+0000] {processor.py:183} INFO - Processing /home/airflow/.local/lib/python3.9/site-packages/airflow/example_dags/plugins/listener_plugin.py took 0.080 seconds
[2025-12-11T23:37:14.489+0000] {processor.py:161} INFO - Started process (PID=6026) to work on /home/airflow/.local/lib/python3.9/site-packages/airflow/example_dags/plugins/listener_plugin.py
[2025-12-11T23:37:14.491+0000] {processor.py:830} INFO - Processing file /home/airflow/.local/lib/python3.9/site-packages/airflow/example_dags/plugins/listener_plugin.py for tasks to queue
[2025-12-11T23:37:14.494+0000] {logging_mixin.py:188} INFO - [2025-12-11T23:37:14.493+0000] {dagbag.py:545} INFO - Filling up the DagBag from /home/airflow/.local/lib/python3.9/site-packages/airflow/example_dags/plugins/listener_plugin.py
[2025-12-11T23:37:14.498+0000] {processor.py:842} WARNING - No viable dags retrieved from /home/airflow/.local/lib/python3.9/site-packages/airflow/example_dags/plugins/listener_plugin.py
[2025-12-11T23:37:14.523+0000] {processor.py:183} INFO - Processing /home/airflow/.local/lib/python3.9/site-packages/airflow/example_dags/plugins/listener_plugin.py took 0.045 seconds
[2025-12-11T23:37:44.801+0000] {processor.py:161} INFO - Started process (PID=6093) to work on /home/airflow/.local/lib/python3.9/site-packages/airflow/example_dags/plugins/listener_plugin.py
[2025-12-11T23:37:44.803+0000] {processor.py:830} INFO - Processing file /home/airflow/.local/lib/python3.9/site-packages/airflow/example_dags/plugins/listener_plugin.py for tasks to queue
[2025-12-11T23:37:44.806+0000] {logging_mixin.py:188} INFO - [2025-12-11T23:37:44.806+0000] {dagbag.py:545} INFO - Filling up the DagBag from /home/airflow/.local/lib/python3.9/site-packages/airflow/example_dags/plugins/listener_plugin.py
[2025-12-11T23:37:44.812+0000] {processor.py:842} WARNING - No viable dags retrieved from /home/airflow/.local/lib/python3.9/site-packages/airflow/example_dags/plugins/listener_plugin.py
[2025-12-11T23:37:44.840+0000] {processor.py:183} INFO - Processing /home/airflow/.local/lib/python3.9/site-packages/airflow/example_dags/plugins/listener_plugin.py took 0.051 seconds
[2025-12-11T23:38:15.520+0000] {processor.py:161} INFO - Started process (PID=6160) to work on /home/airflow/.local/lib/python3.9/site-packages/airflow/example_dags/plugins/listener_plugin.py
[2025-12-11T23:38:15.526+0000] {processor.py:830} INFO - Processing file /home/airflow/.local/lib/python3.9/site-packages/airflow/example_dags/plugins/listener_plugin.py for tasks to queue
[2025-12-11T23:38:15.530+0000] {logging_mixin.py:188} INFO - [2025-12-11T23:38:15.529+0000] {dagbag.py:545} INFO - Filling up the DagBag from /home/airflow/.local/lib/python3.9/site-packages/airflow/example_dags/plugins/listener_plugin.py
[2025-12-11T23:38:15.534+0000] {processor.py:842} WARNING - No viable dags retrieved from /home/airflow/.local/lib/python3.9/site-packages/airflow/example_dags/plugins/listener_plugin.py
[2025-12-11T23:38:15.560+0000] {processor.py:183} INFO - Processing /home/airflow/.local/lib/python3.9/site-packages/airflow/example_dags/plugins/listener_plugin.py took 0.053 seconds
[2025-12-11T23:38:46.551+0000] {processor.py:161} INFO - Started process (PID=6226) to work on /home/airflow/.local/lib/python3.9/site-packages/airflow/example_dags/plugins/listener_plugin.py
[2025-12-11T23:38:46.645+0000] {processor.py:830} INFO - Processing file /home/airflow/.local/lib/python3.9/site-packages/airflow/example_dags/plugins/listener_plugin.py for tasks to queue
[2025-12-11T23:38:46.684+0000] {logging_mixin.py:188} INFO - [2025-12-11T23:38:46.683+0000] {dagbag.py:545} INFO - Filling up the DagBag from /home/airflow/.local/lib/python3.9/site-packages/airflow/example_dags/plugins/listener_plugin.py
[2025-12-11T23:38:46.689+0000] {processor.py:842} WARNING - No viable dags retrieved from /home/airflow/.local/lib/python3.9/site-packages/airflow/example_dags/plugins/listener_plugin.py
[2025-12-11T23:38:46.730+0000] {processor.py:183} INFO - Processing /home/airflow/.local/lib/python3.9/site-packages/airflow/example_dags/plugins/listener_plugin.py took 0.201 seconds
[2025-12-11T23:39:18.061+0000] {processor.py:161} INFO - Started process (PID=6293) to work on /home/airflow/.local/lib/python3.9/site-packages/airflow/example_dags/plugins/listener_plugin.py
[2025-12-11T23:39:18.156+0000] {processor.py:830} INFO - Processing file /home/airflow/.local/lib/python3.9/site-packages/airflow/example_dags/plugins/listener_plugin.py for tasks to queue
[2025-12-11T23:39:18.159+0000] {logging_mixin.py:188} INFO - [2025-12-11T23:39:18.158+0000] {dagbag.py:545} INFO - Filling up the DagBag from /home/airflow/.local/lib/python3.9/site-packages/airflow/example_dags/plugins/listener_plugin.py
[2025-12-11T23:39:18.164+0000] {processor.py:842} WARNING - No viable dags retrieved from /home/airflow/.local/lib/python3.9/site-packages/airflow/example_dags/plugins/listener_plugin.py
[2025-12-11T23:39:18.190+0000] {processor.py:183} INFO - Processing /home/airflow/.local/lib/python3.9/site-packages/airflow/example_dags/plugins/listener_plugin.py took 0.141 seconds
[2025-12-11T23:39:49.379+0000] {processor.py:161} INFO - Started process (PID=6360) to work on /home/airflow/.local/lib/python3.9/site-packages/airflow/example_dags/plugins/listener_plugin.py
[2025-12-11T23:39:49.407+0000] {processor.py:830} INFO - Processing file /home/airflow/.local/lib/python3.9/site-packages/airflow/example_dags/plugins/listener_plugin.py for tasks to queue
[2025-12-11T23:39:49.410+0000] {logging_mixin.py:188} INFO - [2025-12-11T23:39:49.409+0000] {dagbag.py:545} INFO - Filling up the DagBag from /home/airflow/.local/lib/python3.9/site-packages/airflow/example_dags/plugins/listener_plugin.py
[2025-12-11T23:39:49.415+0000] {processor.py:842} WARNING - No viable dags retrieved from /home/airflow/.local/lib/python3.9/site-packages/airflow/example_dags/plugins/listener_plugin.py
[2025-12-11T23:39:49.444+0000] {processor.py:183} INFO - Processing /home/airflow/.local/lib/python3.9/site-packages/airflow/example_dags/plugins/listener_plugin.py took 0.076 seconds
[2025-12-11T23:40:19.533+0000] {processor.py:161} INFO - Started process (PID=6427) to work on /home/airflow/.local/lib/python3.9/site-packages/airflow/example_dags/plugins/listener_plugin.py
[2025-12-11T23:40:19.542+0000] {processor.py:830} INFO - Processing file /home/airflow/.local/lib/python3.9/site-packages/airflow/example_dags/plugins/listener_plugin.py for tasks to queue
[2025-12-11T23:40:19.545+0000] {logging_mixin.py:188} INFO - [2025-12-11T23:40:19.544+0000] {dagbag.py:545} INFO - Filling up the DagBag from /home/airflow/.local/lib/python3.9/site-packages/airflow/example_dags/plugins/listener_plugin.py
[2025-12-11T23:40:19.549+0000] {processor.py:842} WARNING - No viable dags retrieved from /home/airflow/.local/lib/python3.9/site-packages/airflow/example_dags/plugins/listener_plugin.py
[2025-12-11T23:40:19.575+0000] {processor.py:183} INFO - Processing /home/airflow/.local/lib/python3.9/site-packages/airflow/example_dags/plugins/listener_plugin.py took 0.052 seconds
[2025-12-11T23:40:50.479+0000] {processor.py:161} INFO - Started process (PID=6494) to work on /home/airflow/.local/lib/python3.9/site-packages/airflow/example_dags/plugins/listener_plugin.py
[2025-12-11T23:40:50.480+0000] {processor.py:830} INFO - Processing file /home/airflow/.local/lib/python3.9/site-packages/airflow/example_dags/plugins/listener_plugin.py for tasks to queue
[2025-12-11T23:40:50.483+0000] {logging_mixin.py:188} INFO - [2025-12-11T23:40:50.483+0000] {dagbag.py:545} INFO - Filling up the DagBag from /home/airflow/.local/lib/python3.9/site-packages/airflow/example_dags/plugins/listener_plugin.py
[2025-12-11T23:40:50.487+0000] {processor.py:842} WARNING - No viable dags retrieved from /home/airflow/.local/lib/python3.9/site-packages/airflow/example_dags/plugins/listener_plugin.py
[2025-12-11T23:40:50.513+0000] {processor.py:183} INFO - Processing /home/airflow/.local/lib/python3.9/site-packages/airflow/example_dags/plugins/listener_plugin.py took 0.049 seconds
[2025-12-11T23:41:20.932+0000] {processor.py:161} INFO - Started process (PID=6561) to work on /home/airflow/.local/lib/python3.9/site-packages/airflow/example_dags/plugins/listener_plugin.py
[2025-12-11T23:41:20.934+0000] {processor.py:830} INFO - Processing file /home/airflow/.local/lib/python3.9/site-packages/airflow/example_dags/plugins/listener_plugin.py for tasks to queue
[2025-12-11T23:41:20.937+0000] {logging_mixin.py:188} INFO - [2025-12-11T23:41:20.936+0000] {dagbag.py:545} INFO - Filling up the DagBag from /home/airflow/.local/lib/python3.9/site-packages/airflow/example_dags/plugins/listener_plugin.py
[2025-12-11T23:41:20.941+0000] {processor.py:842} WARNING - No viable dags retrieved from /home/airflow/.local/lib/python3.9/site-packages/airflow/example_dags/plugins/listener_plugin.py
[2025-12-11T23:41:20.967+0000] {processor.py:183} INFO - Processing /home/airflow/.local/lib/python3.9/site-packages/airflow/example_dags/plugins/listener_plugin.py took 0.047 seconds
[2025-12-11T23:41:51.163+0000] {processor.py:161} INFO - Started process (PID=6628) to work on /home/airflow/.local/lib/python3.9/site-packages/airflow/example_dags/plugins/listener_plugin.py
[2025-12-11T23:41:51.165+0000] {processor.py:830} INFO - Processing file /home/airflow/.local/lib/python3.9/site-packages/airflow/example_dags/plugins/listener_plugin.py for tasks to queue
[2025-12-11T23:41:51.167+0000] {logging_mixin.py:188} INFO - [2025-12-11T23:41:51.167+0000] {dagbag.py:545} INFO - Filling up the DagBag from /home/airflow/.local/lib/python3.9/site-packages/airflow/example_dags/plugins/listener_plugin.py
[2025-12-11T23:41:51.172+0000] {processor.py:842} WARNING - No viable dags retrieved from /home/airflow/.local/lib/python3.9/site-packages/airflow/example_dags/plugins/listener_plugin.py
[2025-12-11T23:41:51.212+0000] {processor.py:183} INFO - Processing /home/airflow/.local/lib/python3.9/site-packages/airflow/example_dags/plugins/listener_plugin.py took 0.059 seconds
[2025-12-11T23:42:21.497+0000] {processor.py:161} INFO - Started process (PID=6695) to work on /home/airflow/.local/lib/python3.9/site-packages/airflow/example_dags/plugins/listener_plugin.py
[2025-12-11T23:42:21.551+0000] {processor.py:830} INFO - Processing file /home/airflow/.local/lib/python3.9/site-packages/airflow/example_dags/plugins/listener_plugin.py for tasks to queue
[2025-12-11T23:42:21.554+0000] {logging_mixin.py:188} INFO - [2025-12-11T23:42:21.553+0000] {dagbag.py:545} INFO - Filling up the DagBag from /home/airflow/.local/lib/python3.9/site-packages/airflow/example_dags/plugins/listener_plugin.py
[2025-12-11T23:42:21.558+0000] {processor.py:842} WARNING - No viable dags retrieved from /home/airflow/.local/lib/python3.9/site-packages/airflow/example_dags/plugins/listener_plugin.py
[2025-12-11T23:42:21.584+0000] {processor.py:183} INFO - Processing /home/airflow/.local/lib/python3.9/site-packages/airflow/example_dags/plugins/listener_plugin.py took 0.101 seconds
