[2025-12-11T04:33:30.315+0000] {processor.py:161} INFO - Started process (PID=1988) to work on /home/project/airflow/dags/ETL_toll_data.py
[2025-12-11T04:33:30.319+0000] {processor.py:830} INFO - Processing file /home/project/airflow/dags/ETL_toll_data.py for tasks to queue
[2025-12-11T04:33:30.323+0000] {logging_mixin.py:188} INFO - [2025-12-11T04:33:30.322+0000] {dagbag.py:545} INFO - Filling up the DagBag from /home/project/airflow/dags/ETL_toll_data.py
[2025-12-11T04:33:30.347+0000] {processor.py:840} INFO - DAG(s) 'ETL_toll_data' retrieved from /home/project/airflow/dags/ETL_toll_data.py
[2025-12-11T04:33:30.545+0000] {logging_mixin.py:188} INFO - [2025-12-11T04:33:30.543+0000] {override.py:1829} INFO - Created Permission View: can edit on DAG:ETL_toll_data
[2025-12-11T04:33:30.561+0000] {logging_mixin.py:188} INFO - [2025-12-11T04:33:30.561+0000] {override.py:1829} INFO - Created Permission View: can delete on DAG:ETL_toll_data
[2025-12-11T04:33:30.573+0000] {logging_mixin.py:188} INFO - [2025-12-11T04:33:30.573+0000] {override.py:1829} INFO - Created Permission View: can read on DAG:ETL_toll_data
[2025-12-11T04:33:30.574+0000] {logging_mixin.py:188} INFO - [2025-12-11T04:33:30.574+0000] {dag.py:3096} INFO - Sync 1 DAGs
[2025-12-11T04:33:30.600+0000] {logging_mixin.py:188} INFO - [2025-12-11T04:33:30.599+0000] {dag.py:3118} INFO - Creating ORM DAG for ETL_toll_data
[2025-12-11T04:33:30.620+0000] {logging_mixin.py:188} INFO - [2025-12-11T04:33:30.620+0000] {dag.py:3954} INFO - Setting next_dagrun for ETL_toll_data to 2025-12-12 00:00:00+00:00, run_after=2025-12-13 00:00:00+00:00
[2025-12-11T04:33:31.040+0000] {processor.py:183} INFO - Processing /home/project/airflow/dags/ETL_toll_data.py took 0.739 seconds
[2025-12-11T04:34:01.116+0000] {processor.py:161} INFO - Started process (PID=2056) to work on /home/project/airflow/dags/ETL_toll_data.py
[2025-12-11T04:34:01.118+0000] {processor.py:830} INFO - Processing file /home/project/airflow/dags/ETL_toll_data.py for tasks to queue
[2025-12-11T04:34:01.121+0000] {logging_mixin.py:188} INFO - [2025-12-11T04:34:01.120+0000] {dagbag.py:545} INFO - Filling up the DagBag from /home/project/airflow/dags/ETL_toll_data.py
[2025-12-11T04:34:01.134+0000] {processor.py:840} INFO - DAG(s) 'ETL_toll_data' retrieved from /home/project/airflow/dags/ETL_toll_data.py
[2025-12-11T04:34:01.298+0000] {logging_mixin.py:188} INFO - [2025-12-11T04:34:01.298+0000] {dag.py:3096} INFO - Sync 1 DAGs
[2025-12-11T04:34:01.329+0000] {logging_mixin.py:188} INFO - [2025-12-11T04:34:01.329+0000] {dag.py:3954} INFO - Setting next_dagrun for ETL_toll_data to 2025-12-12 00:00:00+00:00, run_after=2025-12-13 00:00:00+00:00
[2025-12-11T04:34:01.363+0000] {processor.py:183} INFO - Processing /home/project/airflow/dags/ETL_toll_data.py took 0.257 seconds
[2025-12-11T04:34:31.512+0000] {processor.py:161} INFO - Started process (PID=2123) to work on /home/project/airflow/dags/ETL_toll_data.py
[2025-12-11T04:34:31.521+0000] {processor.py:830} INFO - Processing file /home/project/airflow/dags/ETL_toll_data.py for tasks to queue
[2025-12-11T04:34:31.524+0000] {logging_mixin.py:188} INFO - [2025-12-11T04:34:31.523+0000] {dagbag.py:545} INFO - Filling up the DagBag from /home/project/airflow/dags/ETL_toll_data.py
[2025-12-11T04:34:31.537+0000] {processor.py:840} INFO - DAG(s) 'ETL_toll_data' retrieved from /home/project/airflow/dags/ETL_toll_data.py
[2025-12-11T04:34:31.683+0000] {logging_mixin.py:188} INFO - [2025-12-11T04:34:31.682+0000] {dag.py:3096} INFO - Sync 1 DAGs
[2025-12-11T04:34:31.713+0000] {logging_mixin.py:188} INFO - [2025-12-11T04:34:31.713+0000] {dag.py:3954} INFO - Setting next_dagrun for ETL_toll_data to 2025-12-12 00:00:00+00:00, run_after=2025-12-13 00:00:00+00:00
[2025-12-11T04:34:31.739+0000] {processor.py:183} INFO - Processing /home/project/airflow/dags/ETL_toll_data.py took 0.237 seconds
[2025-12-11T04:35:01.810+0000] {processor.py:161} INFO - Started process (PID=2190) to work on /home/project/airflow/dags/ETL_toll_data.py
[2025-12-11T04:35:01.812+0000] {processor.py:830} INFO - Processing file /home/project/airflow/dags/ETL_toll_data.py for tasks to queue
[2025-12-11T04:35:01.815+0000] {logging_mixin.py:188} INFO - [2025-12-11T04:35:01.814+0000] {dagbag.py:545} INFO - Filling up the DagBag from /home/project/airflow/dags/ETL_toll_data.py
[2025-12-11T04:35:01.827+0000] {processor.py:840} INFO - DAG(s) 'ETL_toll_data' retrieved from /home/project/airflow/dags/ETL_toll_data.py
[2025-12-11T04:35:01.976+0000] {logging_mixin.py:188} INFO - [2025-12-11T04:35:01.975+0000] {dag.py:3096} INFO - Sync 1 DAGs
[2025-12-11T04:35:02.011+0000] {logging_mixin.py:188} INFO - [2025-12-11T04:35:02.010+0000] {dag.py:3954} INFO - Setting next_dagrun for ETL_toll_data to 2025-12-12 00:00:00+00:00, run_after=2025-12-13 00:00:00+00:00
[2025-12-11T04:35:02.041+0000] {processor.py:183} INFO - Processing /home/project/airflow/dags/ETL_toll_data.py took 0.241 seconds
[2025-12-11T04:35:32.599+0000] {processor.py:161} INFO - Started process (PID=2265) to work on /home/project/airflow/dags/ETL_toll_data.py
[2025-12-11T04:35:32.601+0000] {processor.py:830} INFO - Processing file /home/project/airflow/dags/ETL_toll_data.py for tasks to queue
[2025-12-11T04:35:32.604+0000] {logging_mixin.py:188} INFO - [2025-12-11T04:35:32.604+0000] {dagbag.py:545} INFO - Filling up the DagBag from /home/project/airflow/dags/ETL_toll_data.py
[2025-12-11T04:35:32.625+0000] {processor.py:840} INFO - DAG(s) 'ETL_toll_data' retrieved from /home/project/airflow/dags/ETL_toll_data.py
[2025-12-11T04:35:32.814+0000] {logging_mixin.py:188} INFO - [2025-12-11T04:35:32.813+0000] {dag.py:3096} INFO - Sync 1 DAGs
[2025-12-11T04:35:32.847+0000] {logging_mixin.py:188} INFO - [2025-12-11T04:35:32.846+0000] {dag.py:3954} INFO - Setting next_dagrun for ETL_toll_data to 2025-12-12 00:00:00+00:00, run_after=2025-12-13 00:00:00+00:00
[2025-12-11T04:35:32.877+0000] {processor.py:183} INFO - Processing /home/project/airflow/dags/ETL_toll_data.py took 0.293 seconds
[2025-12-11T04:36:03.277+0000] {processor.py:161} INFO - Started process (PID=2330) to work on /home/project/airflow/dags/ETL_toll_data.py
[2025-12-11T04:36:03.279+0000] {processor.py:830} INFO - Processing file /home/project/airflow/dags/ETL_toll_data.py for tasks to queue
[2025-12-11T04:36:03.282+0000] {logging_mixin.py:188} INFO - [2025-12-11T04:36:03.281+0000] {dagbag.py:545} INFO - Filling up the DagBag from /home/project/airflow/dags/ETL_toll_data.py
[2025-12-11T04:36:03.300+0000] {processor.py:840} INFO - DAG(s) 'ETL_toll_data' retrieved from /home/project/airflow/dags/ETL_toll_data.py
[2025-12-11T04:36:03.541+0000] {logging_mixin.py:188} INFO - [2025-12-11T04:36:03.540+0000] {dag.py:3096} INFO - Sync 1 DAGs
[2025-12-11T04:36:03.587+0000] {logging_mixin.py:188} INFO - [2025-12-11T04:36:03.586+0000] {dag.py:3954} INFO - Setting next_dagrun for ETL_toll_data to 2025-12-12 00:00:00+00:00, run_after=2025-12-13 00:00:00+00:00
[2025-12-11T04:36:03.629+0000] {processor.py:183} INFO - Processing /home/project/airflow/dags/ETL_toll_data.py took 0.375 seconds
[2025-12-11T04:36:33.701+0000] {processor.py:161} INFO - Started process (PID=2390) to work on /home/project/airflow/dags/ETL_toll_data.py
[2025-12-11T04:36:33.703+0000] {processor.py:830} INFO - Processing file /home/project/airflow/dags/ETL_toll_data.py for tasks to queue
[2025-12-11T04:36:33.705+0000] {logging_mixin.py:188} INFO - [2025-12-11T04:36:33.705+0000] {dagbag.py:545} INFO - Filling up the DagBag from /home/project/airflow/dags/ETL_toll_data.py
[2025-12-11T04:36:33.721+0000] {processor.py:840} INFO - DAG(s) 'ETL_toll_data' retrieved from /home/project/airflow/dags/ETL_toll_data.py
[2025-12-11T04:36:34.121+0000] {logging_mixin.py:188} INFO - [2025-12-11T04:36:34.121+0000] {dag.py:3096} INFO - Sync 1 DAGs
[2025-12-11T04:36:34.152+0000] {logging_mixin.py:188} INFO - [2025-12-11T04:36:34.152+0000] {dag.py:3954} INFO - Setting next_dagrun for ETL_toll_data to 2025-12-12 00:00:00+00:00, run_after=2025-12-13 00:00:00+00:00
[2025-12-11T04:36:34.178+0000] {processor.py:183} INFO - Processing /home/project/airflow/dags/ETL_toll_data.py took 0.487 seconds
[2025-12-11T04:37:04.590+0000] {processor.py:161} INFO - Started process (PID=2457) to work on /home/project/airflow/dags/ETL_toll_data.py
[2025-12-11T04:37:04.593+0000] {processor.py:830} INFO - Processing file /home/project/airflow/dags/ETL_toll_data.py for tasks to queue
[2025-12-11T04:37:04.596+0000] {logging_mixin.py:188} INFO - [2025-12-11T04:37:04.595+0000] {dagbag.py:545} INFO - Filling up the DagBag from /home/project/airflow/dags/ETL_toll_data.py
[2025-12-11T04:37:04.609+0000] {processor.py:840} INFO - DAG(s) 'ETL_toll_data' retrieved from /home/project/airflow/dags/ETL_toll_data.py
[2025-12-11T04:37:04.775+0000] {logging_mixin.py:188} INFO - [2025-12-11T04:37:04.775+0000] {dag.py:3096} INFO - Sync 1 DAGs
[2025-12-11T04:37:05.099+0000] {logging_mixin.py:188} INFO - [2025-12-11T04:37:05.098+0000] {dag.py:3954} INFO - Setting next_dagrun for ETL_toll_data to 2025-12-12 00:00:00+00:00, run_after=2025-12-13 00:00:00+00:00
[2025-12-11T04:37:05.123+0000] {processor.py:183} INFO - Processing /home/project/airflow/dags/ETL_toll_data.py took 0.542 seconds
[2025-12-11T04:37:35.926+0000] {processor.py:161} INFO - Started process (PID=2524) to work on /home/project/airflow/dags/ETL_toll_data.py
[2025-12-11T04:37:36.000+0000] {processor.py:830} INFO - Processing file /home/project/airflow/dags/ETL_toll_data.py for tasks to queue
[2025-12-11T04:37:36.004+0000] {logging_mixin.py:188} INFO - [2025-12-11T04:37:36.003+0000] {dagbag.py:545} INFO - Filling up the DagBag from /home/project/airflow/dags/ETL_toll_data.py
[2025-12-11T04:37:36.018+0000] {processor.py:840} INFO - DAG(s) 'ETL_toll_data' retrieved from /home/project/airflow/dags/ETL_toll_data.py
[2025-12-11T04:37:36.171+0000] {logging_mixin.py:188} INFO - [2025-12-11T04:37:36.171+0000] {dag.py:3096} INFO - Sync 1 DAGs
[2025-12-11T04:37:36.551+0000] {logging_mixin.py:188} INFO - [2025-12-11T04:37:36.551+0000] {dag.py:3954} INFO - Setting next_dagrun for ETL_toll_data to 2025-12-12 00:00:00+00:00, run_after=2025-12-13 00:00:00+00:00
[2025-12-11T04:37:36.585+0000] {processor.py:183} INFO - Processing /home/project/airflow/dags/ETL_toll_data.py took 0.669 seconds
[2025-12-11T04:38:06.904+0000] {processor.py:161} INFO - Started process (PID=2591) to work on /home/project/airflow/dags/ETL_toll_data.py
[2025-12-11T04:38:06.910+0000] {processor.py:830} INFO - Processing file /home/project/airflow/dags/ETL_toll_data.py for tasks to queue
[2025-12-11T04:38:06.913+0000] {logging_mixin.py:188} INFO - [2025-12-11T04:38:06.912+0000] {dagbag.py:545} INFO - Filling up the DagBag from /home/project/airflow/dags/ETL_toll_data.py
[2025-12-11T04:38:06.926+0000] {processor.py:840} INFO - DAG(s) 'ETL_toll_data' retrieved from /home/project/airflow/dags/ETL_toll_data.py
[2025-12-11T04:38:07.091+0000] {logging_mixin.py:188} INFO - [2025-12-11T04:38:07.091+0000] {dag.py:3096} INFO - Sync 1 DAGs
[2025-12-11T04:38:07.689+0000] {logging_mixin.py:188} INFO - [2025-12-11T04:38:07.689+0000] {dag.py:3954} INFO - Setting next_dagrun for ETL_toll_data to 2025-12-12 00:00:00+00:00, run_after=2025-12-13 00:00:00+00:00
[2025-12-11T04:38:07.720+0000] {processor.py:183} INFO - Processing /home/project/airflow/dags/ETL_toll_data.py took 0.828 seconds
[2025-12-11T04:38:37.842+0000] {processor.py:161} INFO - Started process (PID=2659) to work on /home/project/airflow/dags/ETL_toll_data.py
[2025-12-11T04:38:37.843+0000] {processor.py:830} INFO - Processing file /home/project/airflow/dags/ETL_toll_data.py for tasks to queue
[2025-12-11T04:38:37.846+0000] {logging_mixin.py:188} INFO - [2025-12-11T04:38:37.846+0000] {dagbag.py:545} INFO - Filling up the DagBag from /home/project/airflow/dags/ETL_toll_data.py
[2025-12-11T04:38:37.864+0000] {processor.py:840} INFO - DAG(s) 'ETL_toll_data' retrieved from /home/project/airflow/dags/ETL_toll_data.py
[2025-12-11T04:38:38.019+0000] {logging_mixin.py:188} INFO - [2025-12-11T04:38:38.018+0000] {dag.py:3096} INFO - Sync 1 DAGs
[2025-12-11T04:38:38.317+0000] {logging_mixin.py:188} INFO - [2025-12-11T04:38:38.317+0000] {dag.py:3954} INFO - Setting next_dagrun for ETL_toll_data to 2025-12-12 00:00:00+00:00, run_after=2025-12-13 00:00:00+00:00
[2025-12-11T04:38:38.366+0000] {processor.py:183} INFO - Processing /home/project/airflow/dags/ETL_toll_data.py took 0.538 seconds
[2025-12-11T04:39:09.197+0000] {processor.py:161} INFO - Started process (PID=2726) to work on /home/project/airflow/dags/ETL_toll_data.py
[2025-12-11T04:39:09.199+0000] {processor.py:830} INFO - Processing file /home/project/airflow/dags/ETL_toll_data.py for tasks to queue
[2025-12-11T04:39:09.202+0000] {logging_mixin.py:188} INFO - [2025-12-11T04:39:09.202+0000] {dagbag.py:545} INFO - Filling up the DagBag from /home/project/airflow/dags/ETL_toll_data.py
[2025-12-11T04:39:09.220+0000] {processor.py:840} INFO - DAG(s) 'ETL_toll_data' retrieved from /home/project/airflow/dags/ETL_toll_data.py
[2025-12-11T04:39:09.482+0000] {logging_mixin.py:188} INFO - [2025-12-11T04:39:09.481+0000] {dag.py:3096} INFO - Sync 1 DAGs
[2025-12-11T04:39:09.765+0000] {logging_mixin.py:188} INFO - [2025-12-11T04:39:09.765+0000] {dag.py:3954} INFO - Setting next_dagrun for ETL_toll_data to 2025-12-12 00:00:00+00:00, run_after=2025-12-13 00:00:00+00:00
[2025-12-11T04:39:09.789+0000] {processor.py:183} INFO - Processing /home/project/airflow/dags/ETL_toll_data.py took 0.606 seconds
[2025-12-11T04:39:39.975+0000] {processor.py:161} INFO - Started process (PID=2793) to work on /home/project/airflow/dags/ETL_toll_data.py
[2025-12-11T04:39:39.977+0000] {processor.py:830} INFO - Processing file /home/project/airflow/dags/ETL_toll_data.py for tasks to queue
[2025-12-11T04:39:39.981+0000] {logging_mixin.py:188} INFO - [2025-12-11T04:39:39.980+0000] {dagbag.py:545} INFO - Filling up the DagBag from /home/project/airflow/dags/ETL_toll_data.py
[2025-12-11T04:39:39.998+0000] {processor.py:840} INFO - DAG(s) 'ETL_toll_data' retrieved from /home/project/airflow/dags/ETL_toll_data.py
[2025-12-11T04:39:40.478+0000] {logging_mixin.py:188} INFO - [2025-12-11T04:39:40.477+0000] {dag.py:3096} INFO - Sync 1 DAGs
[2025-12-11T04:39:40.510+0000] {logging_mixin.py:188} INFO - [2025-12-11T04:39:40.510+0000] {dag.py:3954} INFO - Setting next_dagrun for ETL_toll_data to 2025-12-12 00:00:00+00:00, run_after=2025-12-13 00:00:00+00:00
[2025-12-11T04:39:40.919+0000] {processor.py:183} INFO - Processing /home/project/airflow/dags/ETL_toll_data.py took 0.955 seconds
[2025-12-11T04:40:11.037+0000] {processor.py:161} INFO - Started process (PID=2860) to work on /home/project/airflow/dags/ETL_toll_data.py
[2025-12-11T04:40:11.038+0000] {processor.py:830} INFO - Processing file /home/project/airflow/dags/ETL_toll_data.py for tasks to queue
[2025-12-11T04:40:11.042+0000] {logging_mixin.py:188} INFO - [2025-12-11T04:40:11.041+0000] {dagbag.py:545} INFO - Filling up the DagBag from /home/project/airflow/dags/ETL_toll_data.py
[2025-12-11T04:40:11.062+0000] {processor.py:840} INFO - DAG(s) 'ETL_toll_data' retrieved from /home/project/airflow/dags/ETL_toll_data.py
[2025-12-11T04:40:11.459+0000] {logging_mixin.py:188} INFO - [2025-12-11T04:40:11.459+0000] {dag.py:3096} INFO - Sync 1 DAGs
[2025-12-11T04:40:11.488+0000] {logging_mixin.py:188} INFO - [2025-12-11T04:40:11.488+0000] {dag.py:3954} INFO - Setting next_dagrun for ETL_toll_data to 2025-12-12 00:00:00+00:00, run_after=2025-12-13 00:00:00+00:00
[2025-12-11T04:40:11.511+0000] {processor.py:183} INFO - Processing /home/project/airflow/dags/ETL_toll_data.py took 0.488 seconds
[2025-12-11T04:40:41.602+0000] {processor.py:161} INFO - Started process (PID=2928) to work on /home/project/airflow/dags/ETL_toll_data.py
[2025-12-11T04:40:41.603+0000] {processor.py:830} INFO - Processing file /home/project/airflow/dags/ETL_toll_data.py for tasks to queue
[2025-12-11T04:40:41.607+0000] {logging_mixin.py:188} INFO - [2025-12-11T04:40:41.605+0000] {dagbag.py:545} INFO - Filling up the DagBag from /home/project/airflow/dags/ETL_toll_data.py
[2025-12-11T04:40:41.620+0000] {processor.py:840} INFO - DAG(s) 'ETL_toll_data' retrieved from /home/project/airflow/dags/ETL_toll_data.py
[2025-12-11T04:40:42.051+0000] {logging_mixin.py:188} INFO - [2025-12-11T04:40:42.051+0000] {dag.py:3096} INFO - Sync 1 DAGs
[2025-12-11T04:40:42.085+0000] {logging_mixin.py:188} INFO - [2025-12-11T04:40:42.084+0000] {dag.py:3954} INFO - Setting next_dagrun for ETL_toll_data to 2025-12-12 00:00:00+00:00, run_after=2025-12-13 00:00:00+00:00
[2025-12-11T04:40:42.111+0000] {processor.py:183} INFO - Processing /home/project/airflow/dags/ETL_toll_data.py took 0.522 seconds
[2025-12-11T04:41:12.293+0000] {processor.py:161} INFO - Started process (PID=2993) to work on /home/project/airflow/dags/ETL_toll_data.py
[2025-12-11T04:41:12.295+0000] {processor.py:830} INFO - Processing file /home/project/airflow/dags/ETL_toll_data.py for tasks to queue
[2025-12-11T04:41:12.299+0000] {logging_mixin.py:188} INFO - [2025-12-11T04:41:12.298+0000] {dagbag.py:545} INFO - Filling up the DagBag from /home/project/airflow/dags/ETL_toll_data.py
[2025-12-11T04:41:12.317+0000] {processor.py:840} INFO - DAG(s) 'ETL_toll_data' retrieved from /home/project/airflow/dags/ETL_toll_data.py
[2025-12-11T04:41:12.744+0000] {logging_mixin.py:188} INFO - [2025-12-11T04:41:12.744+0000] {dag.py:3096} INFO - Sync 1 DAGs
[2025-12-11T04:41:12.773+0000] {logging_mixin.py:188} INFO - [2025-12-11T04:41:12.773+0000] {dag.py:3954} INFO - Setting next_dagrun for ETL_toll_data to 2025-12-12 00:00:00+00:00, run_after=2025-12-13 00:00:00+00:00
[2025-12-11T04:41:12.802+0000] {processor.py:183} INFO - Processing /home/project/airflow/dags/ETL_toll_data.py took 0.520 seconds
[2025-12-11T04:41:42.900+0000] {processor.py:161} INFO - Started process (PID=3062) to work on /home/project/airflow/dags/ETL_toll_data.py
[2025-12-11T04:41:42.901+0000] {processor.py:830} INFO - Processing file /home/project/airflow/dags/ETL_toll_data.py for tasks to queue
[2025-12-11T04:41:42.904+0000] {logging_mixin.py:188} INFO - [2025-12-11T04:41:42.904+0000] {dagbag.py:545} INFO - Filling up the DagBag from /home/project/airflow/dags/ETL_toll_data.py
[2025-12-11T04:41:42.920+0000] {processor.py:840} INFO - DAG(s) 'ETL_toll_data' retrieved from /home/project/airflow/dags/ETL_toll_data.py
[2025-12-11T04:41:43.337+0000] {logging_mixin.py:188} INFO - [2025-12-11T04:41:43.336+0000] {dag.py:3096} INFO - Sync 1 DAGs
[2025-12-11T04:41:43.364+0000] {logging_mixin.py:188} INFO - [2025-12-11T04:41:43.363+0000] {dag.py:3954} INFO - Setting next_dagrun for ETL_toll_data to 2025-12-12 00:00:00+00:00, run_after=2025-12-13 00:00:00+00:00
[2025-12-11T04:41:43.415+0000] {processor.py:183} INFO - Processing /home/project/airflow/dags/ETL_toll_data.py took 0.527 seconds
[2025-12-11T04:42:13.510+0000] {processor.py:161} INFO - Started process (PID=3128) to work on /home/project/airflow/dags/ETL_toll_data.py
[2025-12-11T04:42:13.511+0000] {processor.py:830} INFO - Processing file /home/project/airflow/dags/ETL_toll_data.py for tasks to queue
[2025-12-11T04:42:13.514+0000] {logging_mixin.py:188} INFO - [2025-12-11T04:42:13.514+0000] {dagbag.py:545} INFO - Filling up the DagBag from /home/project/airflow/dags/ETL_toll_data.py
[2025-12-11T04:42:13.526+0000] {processor.py:840} INFO - DAG(s) 'ETL_toll_data' retrieved from /home/project/airflow/dags/ETL_toll_data.py
[2025-12-11T04:42:13.669+0000] {logging_mixin.py:188} INFO - [2025-12-11T04:42:13.669+0000] {dag.py:3096} INFO - Sync 1 DAGs
[2025-12-11T04:42:13.704+0000] {logging_mixin.py:188} INFO - [2025-12-11T04:42:13.703+0000] {dag.py:3954} INFO - Setting next_dagrun for ETL_toll_data to 2025-12-12 00:00:00+00:00, run_after=2025-12-13 00:00:00+00:00
[2025-12-11T04:42:13.731+0000] {processor.py:183} INFO - Processing /home/project/airflow/dags/ETL_toll_data.py took 0.231 seconds
[2025-12-11T04:42:44.116+0000] {processor.py:161} INFO - Started process (PID=3195) to work on /home/project/airflow/dags/ETL_toll_data.py
[2025-12-11T04:42:44.119+0000] {processor.py:830} INFO - Processing file /home/project/airflow/dags/ETL_toll_data.py for tasks to queue
[2025-12-11T04:42:44.123+0000] {logging_mixin.py:188} INFO - [2025-12-11T04:42:44.123+0000] {dagbag.py:545} INFO - Filling up the DagBag from /home/project/airflow/dags/ETL_toll_data.py
[2025-12-11T04:42:44.142+0000] {processor.py:840} INFO - DAG(s) 'ETL_toll_data' retrieved from /home/project/airflow/dags/ETL_toll_data.py
[2025-12-11T04:42:44.321+0000] {logging_mixin.py:188} INFO - [2025-12-11T04:42:44.320+0000] {dag.py:3096} INFO - Sync 1 DAGs
[2025-12-11T04:42:44.358+0000] {logging_mixin.py:188} INFO - [2025-12-11T04:42:44.357+0000] {dag.py:3954} INFO - Setting next_dagrun for ETL_toll_data to 2025-12-12 00:00:00+00:00, run_after=2025-12-13 00:00:00+00:00
[2025-12-11T04:42:44.403+0000] {processor.py:183} INFO - Processing /home/project/airflow/dags/ETL_toll_data.py took 0.299 seconds
[2025-12-11T04:43:15.156+0000] {processor.py:161} INFO - Started process (PID=3262) to work on /home/project/airflow/dags/ETL_toll_data.py
[2025-12-11T04:43:15.158+0000] {processor.py:830} INFO - Processing file /home/project/airflow/dags/ETL_toll_data.py for tasks to queue
[2025-12-11T04:43:15.161+0000] {logging_mixin.py:188} INFO - [2025-12-11T04:43:15.161+0000] {dagbag.py:545} INFO - Filling up the DagBag from /home/project/airflow/dags/ETL_toll_data.py
[2025-12-11T04:43:15.175+0000] {processor.py:840} INFO - DAG(s) 'ETL_toll_data' retrieved from /home/project/airflow/dags/ETL_toll_data.py
[2025-12-11T04:43:15.333+0000] {logging_mixin.py:188} INFO - [2025-12-11T04:43:15.333+0000] {dag.py:3096} INFO - Sync 1 DAGs
[2025-12-11T04:43:15.377+0000] {logging_mixin.py:188} INFO - [2025-12-11T04:43:15.377+0000] {dag.py:3954} INFO - Setting next_dagrun for ETL_toll_data to 2025-12-12 00:00:00+00:00, run_after=2025-12-13 00:00:00+00:00
[2025-12-11T04:43:15.437+0000] {processor.py:183} INFO - Processing /home/project/airflow/dags/ETL_toll_data.py took 0.291 seconds
[2025-12-11T04:43:45.721+0000] {processor.py:161} INFO - Started process (PID=3329) to work on /home/project/airflow/dags/ETL_toll_data.py
[2025-12-11T04:43:45.745+0000] {processor.py:830} INFO - Processing file /home/project/airflow/dags/ETL_toll_data.py for tasks to queue
[2025-12-11T04:43:45.748+0000] {logging_mixin.py:188} INFO - [2025-12-11T04:43:45.747+0000] {dagbag.py:545} INFO - Filling up the DagBag from /home/project/airflow/dags/ETL_toll_data.py
[2025-12-11T04:43:45.761+0000] {processor.py:840} INFO - DAG(s) 'ETL_toll_data' retrieved from /home/project/airflow/dags/ETL_toll_data.py
[2025-12-11T04:43:45.916+0000] {logging_mixin.py:188} INFO - [2025-12-11T04:43:45.916+0000] {dag.py:3096} INFO - Sync 1 DAGs
[2025-12-11T04:43:45.949+0000] {logging_mixin.py:188} INFO - [2025-12-11T04:43:45.948+0000] {dag.py:3954} INFO - Setting next_dagrun for ETL_toll_data to 2025-12-12 00:00:00+00:00, run_after=2025-12-13 00:00:00+00:00
[2025-12-11T04:43:45.991+0000] {processor.py:183} INFO - Processing /home/project/airflow/dags/ETL_toll_data.py took 0.280 seconds
[2025-12-11T04:44:16.120+0000] {processor.py:161} INFO - Started process (PID=3396) to work on /home/project/airflow/dags/ETL_toll_data.py
[2025-12-11T04:44:16.122+0000] {processor.py:830} INFO - Processing file /home/project/airflow/dags/ETL_toll_data.py for tasks to queue
[2025-12-11T04:44:16.125+0000] {logging_mixin.py:188} INFO - [2025-12-11T04:44:16.124+0000] {dagbag.py:545} INFO - Filling up the DagBag from /home/project/airflow/dags/ETL_toll_data.py
[2025-12-11T04:44:16.143+0000] {processor.py:840} INFO - DAG(s) 'ETL_toll_data' retrieved from /home/project/airflow/dags/ETL_toll_data.py
[2025-12-11T04:44:16.363+0000] {logging_mixin.py:188} INFO - [2025-12-11T04:44:16.362+0000] {dag.py:3096} INFO - Sync 1 DAGs
[2025-12-11T04:44:16.428+0000] {logging_mixin.py:188} INFO - [2025-12-11T04:44:16.427+0000] {dag.py:3954} INFO - Setting next_dagrun for ETL_toll_data to 2025-12-12 00:00:00+00:00, run_after=2025-12-13 00:00:00+00:00
[2025-12-11T04:44:16.497+0000] {processor.py:183} INFO - Processing /home/project/airflow/dags/ETL_toll_data.py took 0.389 seconds
[2025-12-11T04:44:46.661+0000] {processor.py:161} INFO - Started process (PID=3464) to work on /home/project/airflow/dags/ETL_toll_data.py
[2025-12-11T04:44:46.664+0000] {processor.py:830} INFO - Processing file /home/project/airflow/dags/ETL_toll_data.py for tasks to queue
[2025-12-11T04:44:46.667+0000] {logging_mixin.py:188} INFO - [2025-12-11T04:44:46.667+0000] {dagbag.py:545} INFO - Filling up the DagBag from /home/project/airflow/dags/ETL_toll_data.py
[2025-12-11T04:44:46.699+0000] {processor.py:840} INFO - DAG(s) 'ETL_toll_data' retrieved from /home/project/airflow/dags/ETL_toll_data.py
[2025-12-11T04:44:46.926+0000] {logging_mixin.py:188} INFO - [2025-12-11T04:44:46.926+0000] {dag.py:3096} INFO - Sync 1 DAGs
[2025-12-11T04:44:46.969+0000] {logging_mixin.py:188} INFO - [2025-12-11T04:44:46.968+0000] {dag.py:3954} INFO - Setting next_dagrun for ETL_toll_data to 2025-12-12 00:00:00+00:00, run_after=2025-12-13 00:00:00+00:00
[2025-12-11T04:44:47.010+0000] {processor.py:183} INFO - Processing /home/project/airflow/dags/ETL_toll_data.py took 0.365 seconds
[2025-12-11T04:45:17.587+0000] {processor.py:161} INFO - Started process (PID=3532) to work on /home/project/airflow/dags/ETL_toll_data.py
[2025-12-11T04:45:17.596+0000] {processor.py:830} INFO - Processing file /home/project/airflow/dags/ETL_toll_data.py for tasks to queue
[2025-12-11T04:45:17.599+0000] {logging_mixin.py:188} INFO - [2025-12-11T04:45:17.598+0000] {dagbag.py:545} INFO - Filling up the DagBag from /home/project/airflow/dags/ETL_toll_data.py
[2025-12-11T04:45:17.613+0000] {processor.py:840} INFO - DAG(s) 'ETL_toll_data' retrieved from /home/project/airflow/dags/ETL_toll_data.py
[2025-12-11T04:45:17.779+0000] {logging_mixin.py:188} INFO - [2025-12-11T04:45:17.779+0000] {dag.py:3096} INFO - Sync 1 DAGs
[2025-12-11T04:45:17.811+0000] {logging_mixin.py:188} INFO - [2025-12-11T04:45:17.811+0000] {dag.py:3954} INFO - Setting next_dagrun for ETL_toll_data to 2025-12-12 00:00:00+00:00, run_after=2025-12-13 00:00:00+00:00
[2025-12-11T04:45:17.861+0000] {processor.py:183} INFO - Processing /home/project/airflow/dags/ETL_toll_data.py took 0.284 seconds
[2025-12-11T04:45:48.103+0000] {processor.py:161} INFO - Started process (PID=3597) to work on /home/project/airflow/dags/ETL_toll_data.py
[2025-12-11T04:45:48.112+0000] {processor.py:830} INFO - Processing file /home/project/airflow/dags/ETL_toll_data.py for tasks to queue
[2025-12-11T04:45:48.119+0000] {logging_mixin.py:188} INFO - [2025-12-11T04:45:48.119+0000] {dagbag.py:545} INFO - Filling up the DagBag from /home/project/airflow/dags/ETL_toll_data.py
[2025-12-11T04:45:48.140+0000] {processor.py:840} INFO - DAG(s) 'ETL_toll_data' retrieved from /home/project/airflow/dags/ETL_toll_data.py
[2025-12-11T04:45:48.377+0000] {logging_mixin.py:188} INFO - [2025-12-11T04:45:48.368+0000] {dag.py:3096} INFO - Sync 1 DAGs
[2025-12-11T04:45:48.424+0000] {logging_mixin.py:188} INFO - [2025-12-11T04:45:48.424+0000] {dag.py:3954} INFO - Setting next_dagrun for ETL_toll_data to 2025-12-12 00:00:00+00:00, run_after=2025-12-13 00:00:00+00:00
[2025-12-11T04:45:48.465+0000] {processor.py:183} INFO - Processing /home/project/airflow/dags/ETL_toll_data.py took 0.380 seconds
[2025-12-11T04:46:18.620+0000] {processor.py:161} INFO - Started process (PID=3671) to work on /home/project/airflow/dags/ETL_toll_data.py
[2025-12-11T04:46:18.628+0000] {processor.py:830} INFO - Processing file /home/project/airflow/dags/ETL_toll_data.py for tasks to queue
[2025-12-11T04:46:18.631+0000] {logging_mixin.py:188} INFO - [2025-12-11T04:46:18.631+0000] {dagbag.py:545} INFO - Filling up the DagBag from /home/project/airflow/dags/ETL_toll_data.py
[2025-12-11T04:46:18.645+0000] {processor.py:840} INFO - DAG(s) 'ETL_toll_data' retrieved from /home/project/airflow/dags/ETL_toll_data.py
[2025-12-11T04:46:18.808+0000] {logging_mixin.py:188} INFO - [2025-12-11T04:46:18.807+0000] {dag.py:3096} INFO - Sync 1 DAGs
[2025-12-11T04:46:18.852+0000] {logging_mixin.py:188} INFO - [2025-12-11T04:46:18.851+0000] {dag.py:3954} INFO - Setting next_dagrun for ETL_toll_data to 2025-12-12 00:00:00+00:00, run_after=2025-12-13 00:00:00+00:00
[2025-12-11T04:46:18.917+0000] {processor.py:183} INFO - Processing /home/project/airflow/dags/ETL_toll_data.py took 0.311 seconds
[2025-12-11T04:46:49.156+0000] {processor.py:161} INFO - Started process (PID=3738) to work on /home/project/airflow/dags/ETL_toll_data.py
[2025-12-11T04:46:49.157+0000] {processor.py:830} INFO - Processing file /home/project/airflow/dags/ETL_toll_data.py for tasks to queue
[2025-12-11T04:46:49.160+0000] {logging_mixin.py:188} INFO - [2025-12-11T04:46:49.160+0000] {dagbag.py:545} INFO - Filling up the DagBag from /home/project/airflow/dags/ETL_toll_data.py
[2025-12-11T04:46:49.173+0000] {processor.py:840} INFO - DAG(s) 'ETL_toll_data' retrieved from /home/project/airflow/dags/ETL_toll_data.py
[2025-12-11T04:46:49.323+0000] {logging_mixin.py:188} INFO - [2025-12-11T04:46:49.323+0000] {dag.py:3096} INFO - Sync 1 DAGs
[2025-12-11T04:46:49.356+0000] {logging_mixin.py:188} INFO - [2025-12-11T04:46:49.356+0000] {dag.py:3954} INFO - Setting next_dagrun for ETL_toll_data to 2025-12-12 00:00:00+00:00, run_after=2025-12-13 00:00:00+00:00
[2025-12-11T04:46:49.384+0000] {processor.py:183} INFO - Processing /home/project/airflow/dags/ETL_toll_data.py took 0.239 seconds
[2025-12-11T04:47:19.720+0000] {processor.py:161} INFO - Started process (PID=3804) to work on /home/project/airflow/dags/ETL_toll_data.py
[2025-12-11T04:47:19.727+0000] {processor.py:830} INFO - Processing file /home/project/airflow/dags/ETL_toll_data.py for tasks to queue
[2025-12-11T04:47:19.730+0000] {logging_mixin.py:188} INFO - [2025-12-11T04:47:19.730+0000] {dagbag.py:545} INFO - Filling up the DagBag from /home/project/airflow/dags/ETL_toll_data.py
[2025-12-11T04:47:19.759+0000] {processor.py:840} INFO - DAG(s) 'ETL_toll_data' retrieved from /home/project/airflow/dags/ETL_toll_data.py
[2025-12-11T04:47:20.027+0000] {logging_mixin.py:188} INFO - [2025-12-11T04:47:20.026+0000] {dag.py:3096} INFO - Sync 1 DAGs
[2025-12-11T04:47:20.098+0000] {logging_mixin.py:188} INFO - [2025-12-11T04:47:20.098+0000] {dag.py:3954} INFO - Setting next_dagrun for ETL_toll_data to 2025-12-12 00:00:00+00:00, run_after=2025-12-13 00:00:00+00:00
[2025-12-11T04:47:20.149+0000] {processor.py:183} INFO - Processing /home/project/airflow/dags/ETL_toll_data.py took 0.450 seconds
[2025-12-11T04:47:50.508+0000] {processor.py:161} INFO - Started process (PID=3871) to work on /home/project/airflow/dags/ETL_toll_data.py
[2025-12-11T04:47:50.510+0000] {processor.py:830} INFO - Processing file /home/project/airflow/dags/ETL_toll_data.py for tasks to queue
[2025-12-11T04:47:50.513+0000] {logging_mixin.py:188} INFO - [2025-12-11T04:47:50.512+0000] {dagbag.py:545} INFO - Filling up the DagBag from /home/project/airflow/dags/ETL_toll_data.py
[2025-12-11T04:47:50.527+0000] {processor.py:840} INFO - DAG(s) 'ETL_toll_data' retrieved from /home/project/airflow/dags/ETL_toll_data.py
[2025-12-11T04:47:50.705+0000] {logging_mixin.py:188} INFO - [2025-12-11T04:47:50.704+0000] {dag.py:3096} INFO - Sync 1 DAGs
[2025-12-11T04:47:50.751+0000] {logging_mixin.py:188} INFO - [2025-12-11T04:47:50.751+0000] {dag.py:3954} INFO - Setting next_dagrun for ETL_toll_data to 2025-12-12 00:00:00+00:00, run_after=2025-12-13 00:00:00+00:00
[2025-12-11T04:47:50.781+0000] {processor.py:183} INFO - Processing /home/project/airflow/dags/ETL_toll_data.py took 0.284 seconds
[2025-12-11T04:48:21.322+0000] {processor.py:161} INFO - Started process (PID=3937) to work on /home/project/airflow/dags/ETL_toll_data.py
[2025-12-11T04:48:21.381+0000] {processor.py:830} INFO - Processing file /home/project/airflow/dags/ETL_toll_data.py for tasks to queue
[2025-12-11T04:48:21.385+0000] {logging_mixin.py:188} INFO - [2025-12-11T04:48:21.384+0000] {dagbag.py:545} INFO - Filling up the DagBag from /home/project/airflow/dags/ETL_toll_data.py
[2025-12-11T04:48:21.401+0000] {processor.py:840} INFO - DAG(s) 'ETL_toll_data' retrieved from /home/project/airflow/dags/ETL_toll_data.py
[2025-12-11T04:48:21.620+0000] {logging_mixin.py:188} INFO - [2025-12-11T04:48:21.620+0000] {dag.py:3096} INFO - Sync 1 DAGs
[2025-12-11T04:48:21.680+0000] {logging_mixin.py:188} INFO - [2025-12-11T04:48:21.679+0000] {dag.py:3954} INFO - Setting next_dagrun for ETL_toll_data to 2025-12-12 00:00:00+00:00, run_after=2025-12-13 00:00:00+00:00
[2025-12-11T04:48:21.715+0000] {processor.py:183} INFO - Processing /home/project/airflow/dags/ETL_toll_data.py took 0.408 seconds
[2025-12-11T04:48:52.265+0000] {processor.py:161} INFO - Started process (PID=4002) to work on /home/project/airflow/dags/ETL_toll_data.py
[2025-12-11T04:48:52.267+0000] {processor.py:830} INFO - Processing file /home/project/airflow/dags/ETL_toll_data.py for tasks to queue
[2025-12-11T04:48:52.283+0000] {logging_mixin.py:188} INFO - [2025-12-11T04:48:52.283+0000] {dagbag.py:545} INFO - Filling up the DagBag from /home/project/airflow/dags/ETL_toll_data.py
[2025-12-11T04:48:52.321+0000] {processor.py:840} INFO - DAG(s) 'ETL_toll_data' retrieved from /home/project/airflow/dags/ETL_toll_data.py
[2025-12-11T04:48:52.680+0000] {logging_mixin.py:188} INFO - [2025-12-11T04:48:52.669+0000] {dag.py:3096} INFO - Sync 1 DAGs
[2025-12-11T04:48:52.759+0000] {logging_mixin.py:188} INFO - [2025-12-11T04:48:52.758+0000] {dag.py:3954} INFO - Setting next_dagrun for ETL_toll_data to 2025-12-12 00:00:00+00:00, run_after=2025-12-13 00:00:00+00:00
[2025-12-11T04:48:52.861+0000] {processor.py:183} INFO - Processing /home/project/airflow/dags/ETL_toll_data.py took 0.613 seconds
[2025-12-11T04:49:22.981+0000] {processor.py:161} INFO - Started process (PID=4070) to work on /home/project/airflow/dags/ETL_toll_data.py
[2025-12-11T04:49:22.983+0000] {processor.py:830} INFO - Processing file /home/project/airflow/dags/ETL_toll_data.py for tasks to queue
[2025-12-11T04:49:22.986+0000] {logging_mixin.py:188} INFO - [2025-12-11T04:49:22.985+0000] {dagbag.py:545} INFO - Filling up the DagBag from /home/project/airflow/dags/ETL_toll_data.py
[2025-12-11T04:49:23.000+0000] {processor.py:840} INFO - DAG(s) 'ETL_toll_data' retrieved from /home/project/airflow/dags/ETL_toll_data.py
[2025-12-11T04:49:23.239+0000] {logging_mixin.py:188} INFO - [2025-12-11T04:49:23.238+0000] {dag.py:3096} INFO - Sync 1 DAGs
[2025-12-11T04:49:23.315+0000] {logging_mixin.py:188} INFO - [2025-12-11T04:49:23.314+0000] {dag.py:3954} INFO - Setting next_dagrun for ETL_toll_data to 2025-12-12 00:00:00+00:00, run_after=2025-12-13 00:00:00+00:00
[2025-12-11T04:49:23.355+0000] {processor.py:183} INFO - Processing /home/project/airflow/dags/ETL_toll_data.py took 0.389 seconds
[2025-12-11T04:49:53.412+0000] {processor.py:161} INFO - Started process (PID=4136) to work on /home/project/airflow/dags/ETL_toll_data.py
[2025-12-11T04:49:53.414+0000] {processor.py:830} INFO - Processing file /home/project/airflow/dags/ETL_toll_data.py for tasks to queue
[2025-12-11T04:49:53.416+0000] {logging_mixin.py:188} INFO - [2025-12-11T04:49:53.416+0000] {dagbag.py:545} INFO - Filling up the DagBag from /home/project/airflow/dags/ETL_toll_data.py
[2025-12-11T04:49:53.429+0000] {processor.py:840} INFO - DAG(s) 'ETL_toll_data' retrieved from /home/project/airflow/dags/ETL_toll_data.py
[2025-12-11T04:49:53.569+0000] {logging_mixin.py:188} INFO - [2025-12-11T04:49:53.568+0000] {dag.py:3096} INFO - Sync 1 DAGs
[2025-12-11T04:49:53.601+0000] {logging_mixin.py:188} INFO - [2025-12-11T04:49:53.601+0000] {dag.py:3954} INFO - Setting next_dagrun for ETL_toll_data to 2025-12-12 00:00:00+00:00, run_after=2025-12-13 00:00:00+00:00
[2025-12-11T04:49:53.627+0000] {processor.py:183} INFO - Processing /home/project/airflow/dags/ETL_toll_data.py took 0.225 seconds
[2025-12-11T04:50:24.363+0000] {processor.py:161} INFO - Started process (PID=4201) to work on /home/project/airflow/dags/ETL_toll_data.py
[2025-12-11T04:50:24.365+0000] {processor.py:830} INFO - Processing file /home/project/airflow/dags/ETL_toll_data.py for tasks to queue
[2025-12-11T04:50:24.368+0000] {logging_mixin.py:188} INFO - [2025-12-11T04:50:24.367+0000] {dagbag.py:545} INFO - Filling up the DagBag from /home/project/airflow/dags/ETL_toll_data.py
[2025-12-11T04:50:24.387+0000] {processor.py:840} INFO - DAG(s) 'ETL_toll_data' retrieved from /home/project/airflow/dags/ETL_toll_data.py
[2025-12-11T04:50:24.537+0000] {logging_mixin.py:188} INFO - [2025-12-11T04:50:24.536+0000] {dag.py:3096} INFO - Sync 1 DAGs
[2025-12-11T04:50:24.572+0000] {logging_mixin.py:188} INFO - [2025-12-11T04:50:24.572+0000] {dag.py:3954} INFO - Setting next_dagrun for ETL_toll_data to 2025-12-12 00:00:00+00:00, run_after=2025-12-13 00:00:00+00:00
[2025-12-11T04:50:24.602+0000] {processor.py:183} INFO - Processing /home/project/airflow/dags/ETL_toll_data.py took 0.250 seconds
[2025-12-11T04:50:54.719+0000] {processor.py:161} INFO - Started process (PID=4269) to work on /home/project/airflow/dags/ETL_toll_data.py
[2025-12-11T04:50:54.721+0000] {processor.py:830} INFO - Processing file /home/project/airflow/dags/ETL_toll_data.py for tasks to queue
[2025-12-11T04:50:54.723+0000] {logging_mixin.py:188} INFO - [2025-12-11T04:50:54.723+0000] {dagbag.py:545} INFO - Filling up the DagBag from /home/project/airflow/dags/ETL_toll_data.py
[2025-12-11T04:50:54.745+0000] {processor.py:840} INFO - DAG(s) 'ETL_toll_data' retrieved from /home/project/airflow/dags/ETL_toll_data.py
[2025-12-11T04:50:54.919+0000] {logging_mixin.py:188} INFO - [2025-12-11T04:50:54.918+0000] {dag.py:3096} INFO - Sync 1 DAGs
[2025-12-11T04:50:54.954+0000] {logging_mixin.py:188} INFO - [2025-12-11T04:50:54.953+0000] {dag.py:3954} INFO - Setting next_dagrun for ETL_toll_data to 2025-12-12 00:00:00+00:00, run_after=2025-12-13 00:00:00+00:00
[2025-12-11T04:50:54.983+0000] {processor.py:183} INFO - Processing /home/project/airflow/dags/ETL_toll_data.py took 0.286 seconds
[2025-12-11T04:51:25.345+0000] {processor.py:161} INFO - Started process (PID=4335) to work on /home/project/airflow/dags/ETL_toll_data.py
[2025-12-11T04:51:25.372+0000] {processor.py:830} INFO - Processing file /home/project/airflow/dags/ETL_toll_data.py for tasks to queue
[2025-12-11T04:51:25.376+0000] {logging_mixin.py:188} INFO - [2025-12-11T04:51:25.376+0000] {dagbag.py:545} INFO - Filling up the DagBag from /home/project/airflow/dags/ETL_toll_data.py
[2025-12-11T04:51:25.393+0000] {processor.py:840} INFO - DAG(s) 'ETL_toll_data' retrieved from /home/project/airflow/dags/ETL_toll_data.py
[2025-12-11T04:51:25.648+0000] {logging_mixin.py:188} INFO - [2025-12-11T04:51:25.647+0000] {dag.py:3096} INFO - Sync 1 DAGs
[2025-12-11T04:51:25.710+0000] {logging_mixin.py:188} INFO - [2025-12-11T04:51:25.710+0000] {dag.py:3954} INFO - Setting next_dagrun for ETL_toll_data to 2025-12-12 00:00:00+00:00, run_after=2025-12-13 00:00:00+00:00
[2025-12-11T04:51:25.769+0000] {processor.py:183} INFO - Processing /home/project/airflow/dags/ETL_toll_data.py took 0.440 seconds
[2025-12-11T04:51:56.537+0000] {processor.py:161} INFO - Started process (PID=4402) to work on /home/project/airflow/dags/ETL_toll_data.py
[2025-12-11T04:51:56.547+0000] {processor.py:830} INFO - Processing file /home/project/airflow/dags/ETL_toll_data.py for tasks to queue
[2025-12-11T04:51:56.550+0000] {logging_mixin.py:188} INFO - [2025-12-11T04:51:56.550+0000] {dagbag.py:545} INFO - Filling up the DagBag from /home/project/airflow/dags/ETL_toll_data.py
[2025-12-11T04:51:56.564+0000] {processor.py:840} INFO - DAG(s) 'ETL_toll_data' retrieved from /home/project/airflow/dags/ETL_toll_data.py
[2025-12-11T04:51:56.822+0000] {logging_mixin.py:188} INFO - [2025-12-11T04:51:56.821+0000] {dag.py:3096} INFO - Sync 1 DAGs
[2025-12-11T04:51:56.879+0000] {logging_mixin.py:188} INFO - [2025-12-11T04:51:56.879+0000] {dag.py:3954} INFO - Setting next_dagrun for ETL_toll_data to 2025-12-12 00:00:00+00:00, run_after=2025-12-13 00:00:00+00:00
[2025-12-11T04:51:56.959+0000] {processor.py:183} INFO - Processing /home/project/airflow/dags/ETL_toll_data.py took 0.433 seconds
[2025-12-11T04:52:27.048+0000] {processor.py:161} INFO - Started process (PID=4470) to work on /home/project/airflow/dags/ETL_toll_data.py
[2025-12-11T04:52:27.051+0000] {processor.py:830} INFO - Processing file /home/project/airflow/dags/ETL_toll_data.py for tasks to queue
[2025-12-11T04:52:27.054+0000] {logging_mixin.py:188} INFO - [2025-12-11T04:52:27.053+0000] {dagbag.py:545} INFO - Filling up the DagBag from /home/project/airflow/dags/ETL_toll_data.py
[2025-12-11T04:52:27.068+0000] {processor.py:840} INFO - DAG(s) 'ETL_toll_data' retrieved from /home/project/airflow/dags/ETL_toll_data.py
[2025-12-11T04:52:27.213+0000] {logging_mixin.py:188} INFO - [2025-12-11T04:52:27.212+0000] {dag.py:3096} INFO - Sync 1 DAGs
[2025-12-11T04:52:27.243+0000] {logging_mixin.py:188} INFO - [2025-12-11T04:52:27.242+0000] {dag.py:3954} INFO - Setting next_dagrun for ETL_toll_data to 2025-12-12 00:00:00+00:00, run_after=2025-12-13 00:00:00+00:00
[2025-12-11T04:52:27.380+0000] {processor.py:183} INFO - Processing /home/project/airflow/dags/ETL_toll_data.py took 0.346 seconds
[2025-12-11T04:52:57.634+0000] {processor.py:161} INFO - Started process (PID=4536) to work on /home/project/airflow/dags/ETL_toll_data.py
[2025-12-11T04:52:57.637+0000] {processor.py:830} INFO - Processing file /home/project/airflow/dags/ETL_toll_data.py for tasks to queue
[2025-12-11T04:52:57.640+0000] {logging_mixin.py:188} INFO - [2025-12-11T04:52:57.639+0000] {dagbag.py:545} INFO - Filling up the DagBag from /home/project/airflow/dags/ETL_toll_data.py
[2025-12-11T04:52:57.658+0000] {processor.py:840} INFO - DAG(s) 'ETL_toll_data' retrieved from /home/project/airflow/dags/ETL_toll_data.py
[2025-12-11T04:52:57.808+0000] {logging_mixin.py:188} INFO - [2025-12-11T04:52:57.808+0000] {dag.py:3096} INFO - Sync 1 DAGs
[2025-12-11T04:52:57.846+0000] {logging_mixin.py:188} INFO - [2025-12-11T04:52:57.845+0000] {dag.py:3954} INFO - Setting next_dagrun for ETL_toll_data to 2025-12-12 00:00:00+00:00, run_after=2025-12-13 00:00:00+00:00
[2025-12-11T04:52:57.879+0000] {processor.py:183} INFO - Processing /home/project/airflow/dags/ETL_toll_data.py took 0.256 seconds
